[    0.000000] Linux version 6.8.0-101-generic (buildd@lcy02-amd64-051) (x86_64-linux-gnu-gcc-13 (Ubuntu 13.3.0-6ubuntu2~24.04) 13.3.0, GNU ld (GNU Binutils for Ubuntu) 2.42) #101-Ubuntu SMP PREEMPT_DYNAMIC Mon Feb  9 10:15:05 UTC 2026 (Ubuntu 6.8.0-101.101-generic 6.8.12)
[    0.000000] Command line: console=ttyS0 panic=-1 no_console_suspend rdinit=/init phase3_client=weston-simple-shm phase3_runtime_seconds=35 phase3_suspend_delay_seconds=10 phase3_wake_seconds=5 phase3_pm_test=devices
[    0.000000] KERNEL supported cpus:
[    0.000000]   Intel GenuineIntel
[    0.000000]   AMD AuthenticAMD
[    0.000000]   Hygon HygonGenuine
[    0.000000]   Centaur CentaurHauls
[    0.000000]   zhaoxin   Shanghai  
[    0.000000] BIOS-provided physical RAM map:
[    0.000000] BIOS-e820: [mem 0x0000000000000000-0x000000000009fbff] usable
[    0.000000] BIOS-e820: [mem 0x000000000009fc00-0x000000000009ffff] reserved
[    0.000000] BIOS-e820: [mem 0x00000000000f0000-0x00000000000fffff] reserved
[    0.000000] BIOS-e820: [mem 0x0000000000100000-0x000000007ffddfff] usable
[    0.000000] BIOS-e820: [mem 0x000000007ffde000-0x000000007fffffff] reserved
[    0.000000] BIOS-e820: [mem 0x00000000b0000000-0x00000000bfffffff] reserved
[    0.000000] BIOS-e820: [mem 0x00000000fed1c000-0x00000000fed1ffff] reserved
[    0.000000] BIOS-e820: [mem 0x00000000feffc000-0x00000000feffffff] reserved
[    0.000000] BIOS-e820: [mem 0x00000000fffc0000-0x00000000ffffffff] reserved
[    0.000000] NX (Execute Disable) protection: active
[    0.000000] APIC: Static calls initialized
[    0.000000] SMBIOS 3.0.0 present.
[    0.000000] DMI: QEMU Standard PC (Q35 + ICH9, 2009), BIOS 1.16.3-debian-1.16.3-2 04/01/2014
[    0.000000] Hypervisor detected: KVM
[    0.000000] kvm-clock: Using msrs 4b564d01 and 4b564d00
[    0.000000] kvm-clock: using sched offset of 327655109 cycles
[    0.000002] clocksource: kvm-clock: mask: 0xffffffffffffffff max_cycles: 0x1cd42e4dffb, max_idle_ns: 881590591483 ns
[    0.000004] tsc: Detected 2803.200 MHz processor
[    0.000658] last_pfn = 0x7ffde max_arch_pfn = 0x400000000
[    0.000695] MTRR map: 4 entries (3 fixed + 1 variable; max 19), built from 8 variable MTRRs
[    0.000698] x86/PAT: Configuration [0-7]: WB  WC  UC- UC  WB  WP  UC- WT  
[    0.005256] found SMP MP-table at [mem 0x000f5470-0x000f547f]
[    0.005286] Using GB pages for direct mapping
[    0.005424] RAMDISK: [mem 0x75de5000-0x7ffcffff]
[    0.005439] ACPI: Early table checksum verification disabled
[    0.005443] ACPI: RSDP 0x00000000000F52B0 000014 (v00 BOCHS )
[    0.005448] ACPI: RSDT 0x000000007FFE2304 000038 (v01 BOCHS  BXPC     00000001 BXPC 00000001)
[    0.005455] ACPI: FACP 0x000000007FFE20FC 0000F4 (v03 BOCHS  BXPC     00000001 BXPC 00000001)
[    0.005461] ACPI: DSDT 0x000000007FFE0040 0020BC (v01 BOCHS  BXPC     00000001 BXPC 00000001)
[    0.005464] ACPI: FACS 0x000000007FFE0000 000040
[    0.005467] ACPI: APIC 0x000000007FFE21F0 000078 (v03 BOCHS  BXPC     00000001 BXPC 00000001)
[    0.005470] ACPI: HPET 0x000000007FFE2268 000038 (v01 BOCHS  BXPC     00000001 BXPC 00000001)
[    0.005473] ACPI: MCFG 0x000000007FFE22A0 00003C (v01 BOCHS  BXPC     00000001 BXPC 00000001)
[    0.005476] ACPI: WAET 0x000000007FFE22DC 000028 (v01 BOCHS  BXPC     00000001 BXPC 00000001)
[    0.005479] ACPI: Reserving FACP table memory at [mem 0x7ffe20fc-0x7ffe21ef]
[    0.005480] ACPI: Reserving DSDT table memory at [mem 0x7ffe0040-0x7ffe20fb]
[    0.005481] ACPI: Reserving FACS table memory at [mem 0x7ffe0000-0x7ffe003f]
[    0.005482] ACPI: Reserving APIC table memory at [mem 0x7ffe21f0-0x7ffe2267]
[    0.005483] ACPI: Reserving HPET table memory at [mem 0x7ffe2268-0x7ffe229f]
[    0.005483] ACPI: Reserving MCFG table memory at [mem 0x7ffe22a0-0x7ffe22db]
[    0.005484] ACPI: Reserving WAET table memory at [mem 0x7ffe22dc-0x7ffe2303]
[    0.005818] No NUMA configuration found
[    0.005819] Faking a node at [mem 0x0000000000000000-0x000000007ffddfff]
[    0.005826] NODE_DATA(0) allocated [mem 0x75dba000-0x75de4fff]
[    0.006015] Zone ranges:
[    0.006016]   DMA      [mem 0x0000000000001000-0x0000000000ffffff]
[    0.006018]   DMA32    [mem 0x0000000001000000-0x000000007ffddfff]
[    0.006020]   Normal   empty
[    0.006021]   Device   empty
[    0.006022] Movable zone start for each node
[    0.006025] Early memory node ranges
[    0.006025]   node   0: [mem 0x0000000000001000-0x000000000009efff]
[    0.006027]   node   0: [mem 0x0000000000100000-0x000000007ffddfff]
[    0.006028] Initmem setup node 0 [mem 0x0000000000001000-0x000000007ffddfff]
[    0.006238] On node 0, zone DMA: 1 pages in unavailable ranges
[    0.006252] On node 0, zone DMA: 97 pages in unavailable ranges
[    0.010603] On node 0, zone DMA32: 34 pages in unavailable ranges
[    0.010877] ACPI: PM-Timer IO Port: 0x608
[    0.010890] ACPI: LAPIC_NMI (acpi_id[0xff] dfl dfl lint[0x1])
[    0.010928] IOAPIC[0]: apic_id 0, version 17, address 0xfec00000, GSI 0-23
[    0.010931] ACPI: INT_SRC_OVR (bus 0 bus_irq 0 global_irq 2 dfl dfl)
[    0.010933] ACPI: INT_SRC_OVR (bus 0 bus_irq 5 global_irq 5 high level)
[    0.010934] ACPI: INT_SRC_OVR (bus 0 bus_irq 9 global_irq 9 high level)
[    0.010935] ACPI: INT_SRC_OVR (bus 0 bus_irq 10 global_irq 10 high level)
[    0.010937] ACPI: INT_SRC_OVR (bus 0 bus_irq 11 global_irq 11 high level)
[    0.010940] ACPI: Using ACPI (MADT) for SMP configuration information
[    0.010942] ACPI: HPET id: 0x8086a201 base: 0xfed00000
[    0.010946] TSC deadline timer available
[    0.010946] smpboot: Allowing 1 CPUs, 0 hotplug CPUs
[    0.010966] kvm-guest: APIC: eoi() replaced with kvm_guest_apic_eoi_write()
[    0.010991] PM: hibernation: Registered nosave memory: [mem 0x00000000-0x00000fff]
[    0.010993] PM: hibernation: Registered nosave memory: [mem 0x0009f000-0x000fffff]
[    0.010996] [mem 0xc0000000-0xfed1bfff] available for PCI devices
[    0.010997] Booting paravirtualized kernel on KVM
[    0.010999] clocksource: refined-jiffies: mask: 0xffffffff max_cycles: 0xffffffff, max_idle_ns: 1910969940391419 ns
[    0.011006] setup_percpu: NR_CPUS:8192 nr_cpumask_bits:1 nr_cpu_ids:1 nr_node_ids:1
[    0.011968] percpu: Embedded 86 pages/cpu s229376 r8192 d114688 u2097152
[    0.012011] kvm-guest: PV spinlocks disabled, single CPU
[    0.012014] Kernel command line: console=ttyS0 panic=-1 no_console_suspend rdinit=/init phase3_client=weston-simple-shm phase3_runtime_seconds=35 phase3_suspend_delay_seconds=10 phase3_wake_seconds=5 phase3_pm_test=devices
[    0.012163] Unknown kernel command line parameters "phase3_client=weston-simple-shm phase3_runtime_seconds=35 phase3_suspend_delay_seconds=10 phase3_wake_seconds=5 phase3_pm_test=devices", will be passed to user space.
[    0.012209] random: crng init done
[    0.012845] Dentry cache hash table entries: 262144 (order: 9, 2097152 bytes, linear)
[    0.013060] Inode-cache hash table entries: 131072 (order: 8, 1048576 bytes, linear)
[    0.013110] Fallback order for Node 0: 0 
[    0.013115] Built 1 zonelists, mobility grouping on.  Total pages: 515806
[    0.013117] Policy zone: DMA32
[    0.013123] mem auto-init: stack:all(zero), heap alloc:on, heap free:off
[    0.017433] Memory: 1840192K/2096624K available (22528K kernel code, 4439K rwdata, 14400K rodata, 4920K init, 4788K bss, 256172K reserved, 0K cma-reserved)
[    0.018178] SLUB: HWalign=64, Order=0-3, MinObjects=0, CPUs=1, Nodes=1
[    0.018209] ftrace: allocating 58250 entries in 228 pages
[    0.027433] ftrace: allocated 228 pages with 4 groups
[    0.028617] Dynamic Preempt: voluntary
[    0.028964] rcu: Preemptible hierarchical RCU implementation.
[    0.028966] rcu: 	RCU restricting CPUs from NR_CPUS=8192 to nr_cpu_ids=1.
[    0.028967] 	Trampoline variant of Tasks RCU enabled.
[    0.028967] 	Rude variant of Tasks RCU enabled.
[    0.028968] 	Tracing variant of Tasks RCU enabled.
[    0.028969] rcu: RCU calculated value of scheduler-enlistment delay is 100 jiffies.
[    0.028969] rcu: Adjusting geometry for rcu_fanout_leaf=16, nr_cpu_ids=1
[    0.028976] RCU Tasks: Setting shift to 0 and lim to 1 rcu_task_cb_adjust=1 rcu_task_cpu_ids=1.
[    0.028978] RCU Tasks Rude: Setting shift to 0 and lim to 1 rcu_task_cb_adjust=1 rcu_task_cpu_ids=1.
[    0.028979] RCU Tasks Trace: Setting shift to 0 and lim to 1 rcu_task_cb_adjust=1 rcu_task_cpu_ids=1.
[    0.031505] NR_IRQS: 524544, nr_irqs: 256, preallocated irqs: 16
[    0.031719] rcu: srcu_init: Setting srcu_struct sizes based on contention.
[    0.038366] Console: colour VGA+ 80x25
[    0.038398] printk: legacy console [ttyS0] enabled
[    0.095707] ACPI: Core revision 20230628
[    0.096120] clocksource: hpet: mask: 0xffffffff max_cycles: 0xffffffff, max_idle_ns: 19112604467 ns
[    0.096862] APIC: Switch to symmetric I/O mode setup
[    0.097397] x2apic enabled
[    0.097825] APIC: Switched APIC routing to: physical x2apic
[    0.099113] ..TIMER: vector=0x30 apic1=0 pin1=2 apic2=-1 pin2=-1
[    0.099569] clocksource: tsc-early: mask: 0xffffffffffffffff max_cycles: 0x28680fa287f, max_idle_ns: 440795281151 ns
[    0.100340] Calibrating delay loop (skipped) preset value.. 5606.40 BogoMIPS (lpj=2803200)
[    0.101460] x86/cpu: User Mode Instruction Prevention (UMIP) activated
[    0.102042] Last level iTLB entries: 4KB 0, 2MB 0, 4MB 0
[    0.102338] Last level dTLB entries: 4KB 0, 2MB 0, 4MB 0, 1GB 0
[    0.102794] Spectre V1 : Mitigation: usercopy/swapgs barriers and __user pointer sanitization
[    0.103343] Spectre V2 : Spectre BHI mitigation: SW BHB clearing on vm exit
[    0.104338] Spectre V2 : Spectre BHI mitigation: SW BHB clearing on syscall
[    0.104983] Spectre V2 : Mitigation: Enhanced / Automatic IBRS
[    0.105338] Spectre V2 : Spectre v2 / PBRSB-eIBRS: Retire a single CALL on VMEXIT
[    0.105845] Spectre V2 : mitigation: Enabling conditional Indirect Branch Prediction Barrier
[    0.106338] Speculative Store Bypass: Mitigation: Speculative Store Bypass disabled via prctl
[    0.106897] ITS: WARNING: ITS mitigation depends on retpoline and rethunk support
[    0.107338] ITS: Vulnerable
[    0.107549] x86/fpu: Supporting XSAVE feature 0x001: 'x87 floating point registers'
[    0.108337] x86/fpu: Supporting XSAVE feature 0x002: 'SSE registers'
[    0.108718] x86/fpu: Supporting XSAVE feature 0x004: 'AVX registers'
[    0.109100] x86/fpu: Supporting XSAVE feature 0x020: 'AVX-512 opmask'
[    0.109337] x86/fpu: Supporting XSAVE feature 0x040: 'AVX-512 Hi256'
[    0.109796] x86/fpu: Supporting XSAVE feature 0x080: 'AVX-512 ZMM_Hi256'
[    0.110338] x86/fpu: Supporting XSAVE feature 0x200: 'Protection Keys User registers'
[    0.110877] x86/fpu: xstate_offset[2]:  576, xstate_sizes[2]:  256
[    0.111338] x86/fpu: xstate_offset[5]:  832, xstate_sizes[5]:   64
[    0.111762] x86/fpu: xstate_offset[6]:  896, xstate_sizes[6]:  512
[    0.112338] x86/fpu: xstate_offset[7]: 1408, xstate_sizes[7]: 1024
[    0.112761] x86/fpu: xstate_offset[9]: 2432, xstate_sizes[9]:    8
[    0.113193] x86/fpu: Enabled xstate features 0x2e7, context size is 2440 bytes, using 'compacted' format.
[    0.137351] Freeing SMP alternatives memory: 48K
[    0.137696] pid_max: default: 32768 minimum: 301
[    0.138057] LSM: initializing lsm=lockdown,capability,landlock,yama,apparmor,integrity
[    0.138345] landlock: Up and running.
[    0.138598] Yama: becoming mindful.
[    0.138861] AppArmor: AppArmor initialized
[    0.139364] Mount-cache hash table entries: 4096 (order: 3, 32768 bytes, linear)
[    0.139866] Mountpoint-cache hash table entries: 4096 (order: 3, 32768 bytes, linear)
[    0.140543] smpboot: CPU0: 11th Gen Intel(R) Core(TM) i7-1165G7 @ 2.80GHz (family: 0x6, model: 0x8c, stepping: 0x1)
[    0.141337] Performance Events: Icelake events, full-width counters, Intel PMU driver.
[    0.141985] ... version:                2
[    0.142272] ... bit width:              48
[    0.142339] ... generic registers:      8
[    0.142617] ... value mask:             0000ffffffffffff
[    0.142995] ... max period:             00007fffffffffff
[    0.143340] ... fixed-purpose events:   3
[    0.143638] ... event mask:             00000007000000ff
[    0.144121] signal: max sigframe size: 3632
[    0.144387] rcu: Hierarchical SRCU implementation.
[    0.144730] rcu: 	Max phase no-delay instances is 400.
[    0.145303] smp: Bringing up secondary CPUs ...
[    0.145353] smp: Brought up 1 node, 1 CPU
[    0.145636] smpboot: Max logical packages: 1
[    0.145936] smpboot: Total of 1 processors activated (5606.40 BogoMIPS)
[    0.146533] devtmpfs: initialized
[    0.146799] x86/mm: Memory block size: 128MB
[    0.147430] clocksource: jiffies: mask: 0xffffffff max_cycles: 0xffffffff, max_idle_ns: 1911260446275000 ns
[    0.148187] futex hash table entries: 256 (order: 2, 16384 bytes, linear)
[    0.148392] pinctrl core: initialized pinctrl subsystem
[    0.148881] PM: RTC time: 14:41:13, date: 2026-03-08
[    0.149948] NET: Registered PF_NETLINK/PF_ROUTE protocol family
[    0.150440] DMA: preallocated 256 KiB GFP_KERNEL pool for atomic allocations
[    0.150979] DMA: preallocated 256 KiB GFP_KERNEL|GFP_DMA pool for atomic allocations
[    0.151359] DMA: preallocated 256 KiB GFP_KERNEL|GFP_DMA32 pool for atomic allocations
[    0.151937] audit: initializing netlink subsys (disabled)
[    0.152424] thermal_sys: Registered thermal governor 'fair_share'
[    0.152425] thermal_sys: Registered thermal governor 'bang_bang'
[    0.152853] thermal_sys: Registered thermal governor 'step_wise'
[    0.153264] thermal_sys: Registered thermal governor 'user_space'
[    0.153341] audit: type=2000 audit(1772980874.028:1): state=initialized audit_enabled=0 res=1
[    0.154341] thermal_sys: Registered thermal governor 'power_allocator'
[    0.154354] cpuidle: using governor ladder
[    0.155125] cpuidle: using governor menu
[    0.155428] acpiphp: ACPI Hot Plug PCI Controller Driver version: 0.5
[    0.156041] PCI: ECAM [mem 0xb0000000-0xbfffffff] (base 0xb0000000) for domain 0000 [bus 00-ff]
[    0.156342] PCI: ECAM [mem 0xb0000000-0xbfffffff] reserved as E820 entry
[    0.157059] PCI: Using configuration type 1 for base access
[    0.157523] kprobes: kprobe jump-optimization is enabled. All kprobes are optimized if possible.
[    0.192382] HugeTLB: registered 1.00 GiB page size, pre-allocated 0 pages
[    0.193203] HugeTLB: 16380 KiB vmemmap can be freed for a 1.00 GiB page
[    0.193341] HugeTLB: registered 2.00 MiB page size, pre-allocated 0 pages
[    0.194093] HugeTLB: 28 KiB vmemmap can be freed for a 2.00 MiB page
[    0.197135] ACPI: Added _OSI(Module Device)
[    0.197342] ACPI: Added _OSI(Processor Device)
[    0.197852] ACPI: Added _OSI(Processor Aggregator Device)
[    0.200048] ACPI: 1 ACPI AML tables successfully acquired and loaded
[    0.201410] ACPI: _OSC evaluation for CPUs failed, trying _PDC
[    0.202190] ACPI: Interpreter enabled
[    0.202354] ACPI: PM: (supports S0 S3 S4 S5)
[    0.202853] ACPI: Using IOAPIC for interrupt routing
[    0.203458] PCI: Using host bridge windows from ACPI; if necessary, use "pci=nocrs" and report a bug
[    0.204342] PCI: Using E820 reservations for host bridge windows
[    0.205165] ACPI: Enabled 2 GPEs in block 00 to 3F
[    0.207559] ACPI: PCI Root Bridge [PCI0] (domain 0000 [bus 00-ff])
[    0.208275] acpi PNP0A08:00: _OSC: OS supports [ExtendedConfig ASPM ClockPM Segments MSI EDR HPX-Type3]
[    0.208416] acpi PNP0A08:00: _OSC: platform does not support [PCIeHotplug LTR DPC]
[    0.209357] acpi PNP0A08:00: _OSC: OS now controls [SHPCHotplug PME AER PCIeCapability]
[    0.210451] PCI host bridge to bus 0000:00
[    0.210941] pci_bus 0000:00: root bus resource [io  0x0000-0x0cf7 window]
[    0.211343] pci_bus 0000:00: root bus resource [io  0x0d00-0xffff window]
[    0.212091] pci_bus 0000:00: root bus resource [mem 0x000a0000-0x000bffff window]
[    0.212343] pci_bus 0000:00: root bus resource [mem 0x80000000-0xafffffff window]
[    0.213212] pci_bus 0000:00: root bus resource [mem 0xc0000000-0xfebfffff window]
[    0.213342] pci_bus 0000:00: root bus resource [mem 0x100000000-0x8ffffffff window]
[    0.214233] pci_bus 0000:00: root bus resource [bus 00-ff]
[    0.214455] pci 0000:00:00.0: [8086:29c0] type 00 class 0x060000 conventional PCI endpoint
[    0.215937] pci 0000:00:01.0: [1af4:1000] type 00 class 0x020000 conventional PCI endpoint
[    0.217356] pci 0000:00:01.0: BAR 0 [io  0xc040-0xc05f]
[    0.218050] pci 0000:00:01.0: BAR 4 [mem 0xfe800000-0xfe803fff 64bit pref]
[    0.218352] pci 0000:00:01.0: ROM [mem 0xfeb00000-0xfeb7ffff pref]
[    0.219595] pci 0000:00:02.0: [1af4:1050] type 00 class 0x030000 conventional PCI endpoint
[    0.222314] pci 0000:00:02.0: BAR 0 [mem 0xfe000000-0xfe7fffff pref]
[    0.222362] pci 0000:00:02.0: BAR 2 [mem 0xfe804000-0xfe807fff 64bit pref]
[    0.223150] pci 0000:00:02.0: BAR 4 [mem 0xfeb94000-0xfeb94fff]
[    0.223355] pci 0000:00:02.0: ROM [mem 0xfeb80000-0xfeb8ffff pref]
[    0.224147] pci 0000:00:02.0: Video device with shadowed ROM at [mem 0x000c0000-0x000dffff]
[    0.225010] pci 0000:00:03.0: [1b36:000d] type 00 class 0x0c0330 PCIe Root Complex Integrated Endpoint
[    0.225921] pci 0000:00:03.0: BAR 0 [mem 0xfeb90000-0xfeb93fff 64bit]
[    0.236071] pci 0000:00:1f.0: [8086:2918] type 00 class 0x060100 conventional PCI endpoint
[    0.236669] pci 0000:00:1f.0: quirk: [io  0x0600-0x067f] claimed by ICH6 ACPI/GPIO/TCO
[    0.237529] pci 0000:00:1f.2: [8086:2922] type 00 class 0x010601 conventional PCI endpoint
[    0.238724] pci 0000:00:1f.2: BAR 4 [io  0xc060-0xc07f]
[    0.239108] pci 0000:00:1f.2: BAR 5 [mem 0xfeb95000-0xfeb95fff]
[    0.239625] pci 0000:00:1f.3: [8086:2930] type 00 class 0x0c0500 conventional PCI endpoint
[    0.240618] pci 0000:00:1f.3: BAR 4 [io  0x0700-0x073f]
[    0.241473] ACPI: PCI: Interrupt link LNKA configured for IRQ 10
[    0.241963] ACPI: PCI: Interrupt link LNKB configured for IRQ 10
[    0.242393] ACPI: PCI: Interrupt link LNKC configured for IRQ 11
[    0.242852] ACPI: PCI: Interrupt link LNKD configured for IRQ 11
[    0.243381] ACPI: PCI: Interrupt link LNKE configured for IRQ 10
[    0.243846] ACPI: PCI: Interrupt link LNKF configured for IRQ 10
[    0.244439] ACPI: PCI: Interrupt link LNKG configured for IRQ 11
[    0.245152] ACPI: PCI: Interrupt link LNKH configured for IRQ 11
[    0.245377] ACPI: PCI: Interrupt link GSIA configured for IRQ 16
[    0.246005] ACPI: PCI: Interrupt link GSIB configured for IRQ 17
[    0.246354] ACPI: PCI: Interrupt link GSIC configured for IRQ 18
[    0.247010] ACPI: PCI: Interrupt link GSID configured for IRQ 19
[    0.247354] ACPI: PCI: Interrupt link GSIE configured for IRQ 20
[    0.247891] ACPI: PCI: Interrupt link GSIF configured for IRQ 21
[    0.248350] ACPI: PCI: Interrupt link GSIG configured for IRQ 22
[    0.248791] ACPI: PCI: Interrupt link GSIH configured for IRQ 23
[    0.249546] iommu: Default domain type: Translated
[    0.249948] iommu: DMA domain TLB invalidation policy: lazy mode
[    0.250466] SCSI subsystem initialized
[    0.250894] ACPI: bus type USB registered
[    0.251289] usbcore: registered new interface driver usbfs
[    0.251345] usbcore: registered new interface driver hub
[    0.251789] usbcore: registered new device driver usb
[    0.252257] pps_core: LinuxPPS API ver. 1 registered
[    0.252339] pps_core: Software ver. 5.3.6 - Copyright 2005-2007 Rodolfo Giometti <giometti@linux.it>
[    0.252998] PTP clock support registered
[    0.253363] EDAC MC: Ver: 3.0.0
[    0.253950] NetLabel: Initializing
[    0.254271] NetLabel:  domain hash size = 128
[    0.254341] NetLabel:  protocols = UNLABELED CIPSOv4 CALIPSO
[    0.255007] NetLabel:  unlabeled traffic allowed by default
[    0.255403] mctp: management component transport protocol core
[    0.256156] NET: Registered PF_MCTP protocol family
[    0.256347] PCI: Using ACPI for IRQ routing
[    0.354671] pci 0000:00:02.0: vgaarb: setting as boot VGA device
[    0.355091] pci 0000:00:02.0: vgaarb: bridge control possible
[    0.355337] pci 0000:00:02.0: vgaarb: VGA device added: decodes=io+mem,owns=io+mem,locks=none
[    0.355340] vgaarb: loaded
[    0.355664] hpet0: at MMIO 0xfed00000, IRQs 2, 8, 0
[    0.356016] hpet0: 3 comparators, 64-bit 100.000000 MHz counter
[    0.360365] clocksource: Switched to clocksource kvm-clock
[    0.361189] VFS: Disk quotas dquot_6.6.0
[    0.361527] VFS: Dquot-cache hash table entries: 512 (order 0, 4096 bytes)
[    0.362095] AppArmor: AppArmor Filesystem Enabled
[    0.362472] pnp: PnP ACPI init
[    0.362818] system 00:05: [mem 0xb0000000-0xbfffffff window] has been reserved
[    0.363528] pnp: PnP ACPI: found 6 devices
[    0.369034] clocksource: acpi_pm: mask: 0xffffff max_cycles: 0xffffff, max_idle_ns: 2085701024 ns
[    0.369914] NET: Registered PF_INET protocol family
[    0.370712] IP idents hash table entries: 32768 (order: 6, 262144 bytes, linear)
[    0.383083] tcp_listen_portaddr_hash hash table entries: 1024 (order: 2, 16384 bytes, linear)
[    0.384036] Table-perturb hash table entries: 65536 (order: 6, 262144 bytes, linear)
[    0.384860] TCP established hash table entries: 16384 (order: 5, 131072 bytes, linear)
[    0.385713] TCP bind hash table entries: 16384 (order: 7, 524288 bytes, linear)
[    0.386557] TCP: Hash tables configured (established 16384 bind 16384)
[    0.387299] MPTCP token hash table entries: 2048 (order: 3, 49152 bytes, linear)
[    0.388102] UDP hash table entries: 1024 (order: 3, 32768 bytes, linear)
[    0.388810] UDP-Lite hash table entries: 1024 (order: 3, 32768 bytes, linear)
[    0.389617] NET: Registered PF_UNIX/PF_LOCAL protocol family
[    0.390236] NET: Registered PF_XDP protocol family
[    0.390798] pci_bus 0000:00: resource 4 [io  0x0000-0x0cf7 window]
[    0.391456] pci_bus 0000:00: resource 5 [io  0x0d00-0xffff window]
[    0.392109] pci_bus 0000:00: resource 6 [mem 0x000a0000-0x000bffff window]
[    0.392804] pci_bus 0000:00: resource 7 [mem 0x80000000-0xafffffff window]
[    0.393520] pci_bus 0000:00: resource 8 [mem 0xc0000000-0xfebfffff window]
[    0.394241] pci_bus 0000:00: resource 9 [mem 0x100000000-0x8ffffffff window]
[    0.395312] ACPI: \_SB_.GSIH: Enabled at IRQ 23
[    0.396392] PCI: CLS 0 bytes, default 64
[    0.396911] Trying to unpack rootfs image as initramfs...
[    0.398830] clocksource: tsc: mask: 0xffffffffffffffff max_cycles: 0x28680fa287f, max_idle_ns: 440795281151 ns
[    0.401903] Initialise system trusted keyrings
[    0.402229] Key type blacklist registered
[    0.402538] workingset: timestamp_bits=36 max_order=19 bucket_order=0
[    0.403719] zbud: loaded
[    0.404896] squashfs: version 4.0 (2009/01/31) Phillip Lougher
[    0.405383] fuse: init (API version 7.39)
[    0.406761] integrity: Platform Keyring initialized
[    0.407133] integrity: Machine keyring initialized
[    0.422675] Key type asymmetric registered
[    0.422993] Asymmetric key parser 'x509' registered
[    0.423308] Block layer SCSI generic (bsg) driver version 0.4 loaded (major 243)
[    0.424748] io scheduler mq-deadline registered
[    0.425158] shpchp: Standard Hot Plug PCI Controller Driver version: 0.4
[    0.426886] input: Power Button as /devices/LNXSYSTM:00/LNXPWRBN:00/input/input0
[    0.428661] ACPI: button: Power Button [PWRF]
[    0.429237] ACPI: \_SB_.GSIF: Enabled at IRQ 21
[    0.431265] ACPI: \_SB_.GSIG: Enabled at IRQ 22
[    0.434676] Serial: 8250/16550 driver, 32 ports, IRQ sharing enabled
[    0.480889] 00:03: ttyS0 at I/O 0x3f8 (irq = 4, base_baud = 115200) is a 16550A
[    0.484055] Linux agpgart interface v0.103
[    0.486181] loop: module loaded
[    0.486671] ACPI: bus type drm_connector registered
[    0.487171] tun: Universal TUN/TAP device driver, 1.6
[    0.489653] PPP generic driver version 2.4.2
[    0.490787] i8042: PNP: PS/2 Controller [PNP0303:KBD,PNP0f13:MOU] at 0x60,0x64 irq 1,12
[    0.492885] serio: i8042 KBD port at 0x60,0x64 irq 1
[    0.493210] serio: i8042 AUX port at 0x60,0x64 irq 12
[    0.494782] mousedev: PS/2 mouse device common for all mice
[    0.495350] input: AT Translated Set 2 keyboard as /devices/platform/i8042/serio0/input/input1
[    0.496103] rtc_cmos 00:04: RTC can wake from S4
[    0.497865] rtc_cmos 00:04: registered as rtc0
[    0.498246] rtc_cmos 00:04: setting system clock to 2026-03-08T14:41:13 UTC (1772980873)
[    0.499943] rtc_cmos 00:04: alarms up to one day, y3k, 242 bytes nvram, hpet irqs
[    0.500453] i2c_dev: i2c /dev entries driver
[    0.500774] device-mapper: core: CONFIG_IMA_DISABLE_HTABLE is disabled. Duplicate IMA measurements will not be recorded in the IMA log.
[    0.501579] device-mapper: uevent: version 1.0.3
[    0.503697] device-mapper: ioctl: 4.48.0-ioctl (2023-03-01) initialised: dm-devel@redhat.com
[    0.504323] intel_pstate: CPU model not supported
[    0.505646] ledtrig-cpu: registered to indicate activity on CPUs
[    0.506403] drop_monitor: Initializing network drop monitor service
[    0.507768] NET: Registered PF_INET6 protocol family
[    2.257952] Freeing initrd memory: 165804K
[    2.258510] Segment Routing with IPv6
[    2.258822] In-situ OAM (IOAM) with IPv6
[    2.259141] NET: Registered PF_PACKET protocol family
[    2.259526] Key type dns_resolver registered
[    2.259987] IPI shorthand broadcast: enabled
[    2.261255] sched_clock: Marking stable (2195001928, 65610710)->(2280495900, -19883262)
[    2.261980] registered taskstats version 1
[    2.262326] Loading compiled-in X.509 certificates
[    2.263149] Loaded X.509 cert 'Build time autogenerated kernel key: 7f71bdefc17a4d88631555bf9efbb1c93d6f5260'
[    2.264209] Loaded X.509 cert 'Canonical Ltd. Live Patch Signing 2025 Kmod: d541cef61dc7e793b7eb7e899970a2eef0b5dc8c'
[    2.265467] Loaded X.509 cert 'Canonical Ltd. Live Patch Signing: 14df34d1a87cf37625abec039ef2bf521249b969'
[    2.266533] Loaded X.509 cert 'Canonical Ltd. Kernel Module Signing: 88f752e560a1e0737e31163a466ad7b70a850c19'
[    2.267230] blacklist: Loading compiled-in revocation X.509 certificates
[    2.267709] Loaded X.509 cert 'Canonical Ltd. Secure Boot Signing: 61482aa2830d0ab2ad5af10b7250da9033ddcef0'
[    2.268397] Loaded X.509 cert 'Canonical Ltd. Secure Boot Signing (2017): 242ade75ac4a15e50d50c84b0d45ff3eae707a03'
[    2.269155] Loaded X.509 cert 'Canonical Ltd. Secure Boot Signing (ESM 2018): 365188c1d374d6b07c3c8f240f8ef722433d6a8b'
[    2.269924] Loaded X.509 cert 'Canonical Ltd. Secure Boot Signing (2019): c0746fd6c5da3ae827864651ad66ae47fe24b3e8'
[    2.270655] Loaded X.509 cert 'Canonical Ltd. Secure Boot Signing (2021 v1): a8d54bbb3825cfb94fa13c9f8a594a195c107b8d'
[    2.271416] Loaded X.509 cert 'Canonical Ltd. Secure Boot Signing (2021 v2): 4cf046892d6fd3c9a5b03f98d845f90851dc6a8c'
[    2.272195] Loaded X.509 cert 'Canonical Ltd. Secure Boot Signing (2021 v3): 100437bb6de6e469b581e61cd66bce3ef4ed53af'
[    2.272950] Loaded X.509 cert 'Canonical Ltd. Secure Boot Signing (Ubuntu Core 2019): c1d57b8f6b743f23ee41f4f7ee292f06eecadfb9'
[    2.277286] Key type .fscrypt registered
[    2.277725] Key type fscrypt-provisioning registered
[    2.278339] Key type encrypted registered
[    2.278657] AppArmor: AppArmor sha256 policy hashing enabled
[    2.279088] ima: No TPM chip found, activating TPM-bypass!
[    2.279483] Loading compiled-in module X.509 certificates
[    2.280337] Loaded X.509 cert 'Build time autogenerated kernel key: 7f71bdefc17a4d88631555bf9efbb1c93d6f5260'
[    2.281092] ima: Allocated hash algorithm: sha256
[    2.281426] ima: No architecture policies found
[    2.281752] evm: Initialising EVM extended attributes:
[    2.282109] evm: security.selinux
[    2.282339] evm: security.SMACK64
[    2.282569] evm: security.SMACK64EXEC
[    2.282826] evm: security.SMACK64TRANSMUTE
[    2.283116] evm: security.SMACK64MMAP
[    2.283389] evm: security.apparmor
[    2.283640] evm: security.ima
[    2.283870] evm: security.capability
[    2.284132] evm: HMAC attrs: 0x1
[    2.284734] PM:   Magic number: 2:200:687
[    2.287822] RAS: Correctable Errors collector initialized.
[    2.288362] clk: Disabling unused clocks
[    2.295144] Freeing unused decrypted memory: 2028K
[    2.295821] Freeing unused kernel image (initmem) memory: 4920K
[    2.296123] Write protecting the kernel read-only data: 38912k
[    2.296760] Freeing unused kernel image (rodata/data gap) memory: 1984K
[    2.306320] x86/mm: Checked W+X mappings: passed, no W+X pages found.
[    2.306676] Run /init as init process
[init-phase3] booted
[init-phase3] loading module=/lib/modules/6.8.0-101-generic/kernel/drivers/virtio/virtio_dma_buf.ko
[init-phase3] loading module=/lib/modules/6.8.0-101-generic/kernel/drivers/gpu/drm/virtio/virtio-gpu.ko
[    2.315799] [drm] pci: virtio-vga detected at 0000:00:02.0
[    2.316113] virtio-pci 0000:00:02.0: vgaarb: deactivate vga console
[    2.322661] Console: switching to colour dummy device 80x25
[    2.323083] [drm] features: -virgl +edid -resource_blob -host_visible
[    2.323084] [drm] features: -context_init
[    2.323980] [drm] number of scanouts: 1
[    2.324172] [drm] number of cap sets: 0
[    2.324641] [drm] Initialized virtio_gpu 0.1.0 0 for 0000:00:02.0 on minor 0
[    2.330516] fbcon: virtio_gpudrmfb (fb0) is primary device
[    2.333283] Console: switching to colour frame buffer device 160x50
[    2.336176] virtio-pci 0000:00:02.0: [drm] fb0: virtio_gpudrmfb frame buffer device
[init-phase3] loading module=/lib/modules/6.8.0-101-generic/kernel/drivers/hid/hid.ko
[    2.341216] hid: raw HID events driver (C) Jiri Kosina
[init-phase3] loading module=/lib/modules/6.8.0-101-generic/kernel/drivers/hid/hid-generic.ko
[init-phase3] loading module=/lib/modules/6.8.0-101-generic/kernel/drivers/hid/usbhid/usbhid.ko
[    2.344395] usbcore: registered new interface driver usbhid
[    2.344687] usbhid: USB HID core driver
[init-phase3] loading module=/lib/modules/6.8.0-101-generic/kernel/drivers/hid/usbhid/usbkbd.ko
[    2.346100] usbcore: registered new interface driver usbkbd
[init-phase3] loading module=/lib/modules/6.8.0-101-generic/kernel/drivers/hid/usbhid/usbmouse.ko
[    2.347488] usbcore: registered new interface driver usbmouse
[init-phase3] loading module=/lib/modules/6.8.0-101-generic/kernel/drivers/input/mouse/psmouse.ko
[    2.351101] input: VirtualPS/2 VMware VMMouse as /devices/platform/i8042/serio1/input/input4
[    2.351831] input: VirtualPS/2 VMware VMMouse as /devices/platform/i8042/serio1/input/input3
[init-phase3] loading module=/lib/modules/6.8.0-101-generic/kernel/drivers/usb/host/xhci-pci-renesas.ko
[init-phase3] loading module=/lib/modules/6.8.0-101-generic/kernel/drivers/usb/host/xhci-pci.ko
[    2.355113] xhci_hcd 0000:00:03.0: xHCI Host Controller
[    2.355374] xhci_hcd 0000:00:03.0: new USB bus registered, assigned bus number 1
[    2.355985] xhci_hcd 0000:00:03.0: hcc params 0x00087001 hci version 0x100 quirks 0x0000000000000010
[    2.356753] xhci_hcd 0000:00:03.0: xHCI Host Controller
[    2.357030] xhci_hcd 0000:00:03.0: new USB bus registered, assigned bus number 2
[    2.357376] xhci_hcd 0000:00:03.0: Host supports USB 3.0 SuperSpeed
[    2.357722] usb usb1: New USB device found, idVendor=1d6b, idProduct=0002, bcdDevice= 6.08
[    2.358112] usb usb1: New USB device strings: Mfr=3, Product=2, SerialNumber=1
[    2.358409] usb usb1: Product: xHCI Host Controller
[    2.358618] usb usb1: Manufacturer: Linux 6.8.0-101-generic xhci-hcd
[    2.358910] usb usb1: SerialNumber: 0000:00:03.0
[    2.359206] hub 1-0:1.0: USB hub found
[    2.359406] hub 1-0:1.0: 4 ports detected
[    2.359719] usb usb2: We don't know the algorithms for LPM for this host, disabling LPM.
[    2.360101] usb usb2: New USB device found, idVendor=1d6b, idProduct=0003, bcdDevice= 6.08
[    2.360437] usb usb2: New USB device strings: Mfr=3, Product=2, SerialNumber=1
[    2.360736] usb usb2: Product: xHCI Host Controller
[    2.360985] usb usb2: Manufacturer: Linux 6.8.0-101-generic xhci-hcd
[    2.361304] usb usb2: SerialNumber: 0000:00:03.0
[    2.361583] hub 2-0:1.0: USB hub found
[    2.361789] hub 2-0:1.0: 4 ports detected
Starting systemd-udevd version 255.4-1ubuntu8.8
total 0
drwxr-xr-x    2 root     root            80 Mar  8 14:41 by-path
crw-rw----    1 root     video     226,   0 Mar  8 14:41 card0
crw-rw----    1 root     root      226, 128 Mar  8 14:41 renderD128
total 0
drwxr-xr-x    2 root     root           100 Mar  8 14:41 by-path
crw-rw----    1 root     input      13,  64 Mar  8 14:41 event0
crw-rw----    1 root     input      13,  65 Mar  8 14:41 event1
crw-rw----    1 root     input      13,  66 Mar  8 14:41 event2
crw-rw----    1 root     input      13,  67 Mar  8 14:41 event3
crw-rw----    1 root     input      13,  63 Mar  8 14:41 mice
crw-rw----    1 root     input      13,  32 Mar  8 14:41 mouse0
crw-rw----    1 root     input      13,  33 Mar  8 14:41 mouse1
[init-phase3] seatd pid=123
[init-phase3] weston pid=124
[init-phase3] wayland ready
Date: 2026-03-08 UTC
[14:41:15.408] weston 13.0.0
               https://wayland.freedesktop.org
               Bug reports to: https://gitlab.freedesktop.org/wayland/weston/issues/
               Build: 13.0.0
[14:41:15.408] Command line: /usr/bin/weston --backend=drm --renderer=pixman --shell=kiosk-shell.so --socket=wayland-1 --continue-without-input --log=/var/log/weston.log
[14:41:15.408] OS: Linux, 6.8.0-101-generic, #101-Ubuntu SMP PREEMPT_DYNAMIC Mon Feb  9 10:15:05 UTC 2026, x86_64
[14:41:15.408] Flight recorder: enabled
[14:41:15.408] Using config file '/etc/xdg/weston/weston.ini'
[14:41:15.408] Output repaint window is 7 ms maximum.
[14:41:15.408] Loading module '/usr/lib/x86_64-linux-gnu/libweston-13/drm-backend.so'
[14:41:15.409] initializing drm backend
[14:41:15.409] Trying libseat launcher...
[14:41:15.409] [libseat/libseat.c:62] Seat opened with backend 'seatd'
[14:41:15.409] [libseat/backend/seatd.c:212] Enabling seat
[14:41:15.409] libseat: session control granted
[14:41:15.409] using /dev/dri/card0
[14:41:15.409] DRM: supports atomic modesetting
[14:41:15.409] DRM: does not support GBM modifiers
[14:41:15.409] DRM: does not support async page flipping
[14:41:15.409] DRM: supports picture aspect ratio
[14:41:15.409] Using Pixman renderer
[14:41:15.411] event0  - Power Button: is tagged by udev as: Keyboard
[14:41:15.411] event0  - Power Button: device is a keyboard
[14:41:15.411] event1  - AT Translated Set 2 keyboard: is tagged by udev as: Keyboard
[14:41:15.411] event1  - AT Translated Set 2 keyboard: device is a keyboard
[14:41:15.412] event3  - VirtualPS/2 VMware VMMouse: is tagged by udev as: Mouse
[14:41:15.412] event3  - VirtualPS/2 VMware VMMouse: device is a pointer
[14:41:15.412] event2  - VirtualPS/2 VMware VMMouse: is tagged by udev as: Mouse
[14:41:15.412] event2  - VirtualPS/2 VMware VMMouse: device is a pointer
[14:41:15.414] libinput: configuring device "Power Button".
[14:41:15.414] libinput: configuring device "AT Translated Set 2 keyboard".
[14:41:15.414] libinput: configuring device "VirtualPS/2 VMware VMMouse".
[14:41:15.414] libinput: configuring device "VirtualPS/2 VMware VMMouse".
[14:41:15.414] input device event2 has no enabled output associated (none named), skipping calibration for now.
[14:41:15.415] DRM: head 'Virtual-1' found, connector 36 is connected, EDID make 'RHT', model 'QEMU Monitor', serial ''
               Supported EOTF modes: SDR
[14:41:15.415] Registered plugin API 'weston_drm_output_api_v1' of size 40
[14:41:15.415] Registered plugin API 'weston_drm_virtual_output_api_v2' of size 48
[14:41:15.415] Color manager: no-op
[14:41:15.415] Output 'Virtual-1' attempts EOTF mode: SDR
[14:41:15.415] Output 'Virtual-1' using color profile: stock sRGB color profile
[14:41:15.421] DRM: output Virtual-1 uses shadow framebuffer.
[14:41:15.421] Output Virtual-1 (crtc 35) video modes:
               1280x800@75.0, preferred, current, 107.3 MHz
               5120x2160@50.0 64:27, 742.5 MHz
               4096x2160@50.0 256:135, 594.0 MHz
               3840x2160@60.0 16:9, 594.0 MHz
               3840x2160@59.9 16:9, 593.4 MHz
               3840x2160@50.0 16:9, 594.0 MHz
               1920x1440@60.0, 234.0 MHz
               2560x1080@50.0 64:27, 185.6 MHz
               1856x1392@60.0, 218.2 MHz
               1792x1344@60.0, 204.8 MHz
               2048x1152@60.0, 162.0 MHz
               1920x1200@59.9, 193.2 MHz
               1920x1080@60.0, 148.5 MHz
               1920x1080@50.0 16:9, 148.5 MHz
               1600x1200@60.0, 162.0 MHz
               1680x1050@60.0, 146.2 MHz
               1400x1050@60.0, 121.8 MHz
               1280x1024@60.0, 108.0 MHz
               1440x900@59.9, 106.5 MHz
               1280x960@60.0, 108.0 MHz
               1360x768@60.0, 85.5 MHz
               1280x768@59.9, 79.5 MHz
               1024x768@60.0, 65.0 MHz
               800x600@60.3, 40.0 MHz
               640x480@60.0 4:3, 25.2 MHz
               640x480@59.9, 25.2 MHz
[14:41:15.421] associating input device event0 with output Virtual-1 (none by udev)
[14:41:15.421] associating input device event1 with output Virtual-1 (none by udev)
[14:41:15.421] associating input device event3 with output Virtual-1 (none by udev)
[14:41:15.421] associating input device event2 with output Virtual-1 (none by udev)
[14:41:15.421] Output 'Virtual-1' enabled with head(s) Virtual-1
[14:41:15.421] Compositor capabilities:
               arbitrary surface rotation: yes
               screen capture uses y-flip: no
               cursor planes: yes
               arbitrary resolutions: no
               view mask clipping: yes
               explicit sync: no
               color operations: no
               presentation clock: CLOCK_MONOTONIC, id 1
               presentation clock resolution: 0.000000001 s
[14:41:15.421] Loading module '/usr/lib/x86_64-linux-gnu/weston/kiosk-shell.so'
[init-phase3] launching client=weston-simple-shm url=about:blank runtime=35 suspend_delay=10 wake=5 pm_test=devices no_suspend=
[init-phase3] app pid=126 client=weston-simple-shm
[init-phase3] scheduling suspend args=--delay-seconds 10 --wake-seconds 5 --pm-test devices
[    2.595752] usb 1-1: new high-speed USB device number 2 using xhci_hcd
[    2.722898] usb 1-1: New USB device found, idVendor=0627, idProduct=0001, bcdDevice= 0.00
[    2.723321] usb 1-1: New USB device strings: Mfr=1, Product=4, SerialNumber=11
[    2.723672] usb 1-1: Product: QEMU USB Keyboard
[    2.723891] usb 1-1: Manufacturer: QEMU
[    2.724093] usb 1-1: SerialNumber: 68284-0000:00:03.0-1
[    2.726188] input: QEMU QEMU USB Keyboard as /devices/pci0000:00/0000:00:03.0/usb1/1-1/1-1:1.0/0003:0627:0001.0001/input/input5
[    2.780701] hid-generic 0003:0627:0001.0001: input,hidraw0: USB HID v1.11 Keyboard [QEMU QEMU USB Keyboard] on usb-0000:00:03.0-1/input0
[    2.895628] usb 1-2: new high-speed USB device number 3 using xhci_hcd
[    3.022341] usb 1-2: New USB device found, idVendor=0627, idProduct=0001, bcdDevice= 0.00
[    3.022832] usb 1-2: New USB device strings: Mfr=1, Product=3, SerialNumber=10
[    3.023207] usb 1-2: Product: QEMU USB Tablet
[    3.023433] usb 1-2: Manufacturer: QEMU
[    3.023635] usb 1-2: SerialNumber: 28754-0000:00:03.0-2
[    3.024720] input: QEMU QEMU USB Tablet as /devices/pci0000:00/0000:00:03.0/usb1/1-2/1-2:1.0/0003:0627:0001.0002/input/input6
[    3.025347] hid-generic 0003:0627:0001.0002: input,hidraw1: USB HID v0.01 Mouse [QEMU QEMU USB Tablet] on usb-0000:00:03.0-2/input0
@@LOG kind=state wakealarm_seconds=5
@@LOG kind=state state=SUSPENDING cycle=1
[   12.535508] PM: suspend entry (s2idle)
[   12.535703] Filesystems sync: 0.000 seconds
[   12.541152] Freezing user space processes
[   12.542664] Freezing user space processes completed (elapsed 0.000 seconds)
[   12.542983] OOM killer disabled.
[   12.543137] Freezing remaining freezable tasks
[   12.544391] Freezing remaining freezable tasks completed (elapsed 0.001 seconds)
[   12.651342] PM: suspend debug: Waiting for 5 second(s).
[   17.656580] xhci_hcd 0000:00:03.0: xHC error in resume, USBSTS 0x401, Reinit
[   17.657256] usb usb1: root hub lost power or was reset
[   17.657670] usb usb2: root hub lost power or was reset
[   17.658179] [drm:virtio_gpu_dequeue_ctrl_func [virtio_gpu]] *ERROR* response 0x1203 (command 0x105)
[   17.659011] [drm:virtio_gpu_dequeue_ctrl_func [virtio_gpu]] *ERROR* response 0x1203 (command 0x104)
[   17.935717] usb 1-2: reset high-speed USB device number 3 using xhci_hcd
[   18.175687] usb 1-1: reset high-speed USB device number 2 using xhci_hcd
[   18.302176] OOM killer enabled.
[   18.302356] Restarting tasks ... done.
[   18.302591] random: crng reseeded on system resumption
[   18.304001] PM: suspend exit
@@LOG kind=state state=RESUMED cycle=1 sleep_ms=5769 resume_gap_ms=5769
@@METRIC name=sleep_duration value_ms=5769 cycle=1
@@METRIC name=suspend_resume_gap value_ms=5769 cycle=1
[init-phase3] runtime limit reached, terminating client=weston-simple-shm
Terminated
[init-phase3] client exited client=weston-simple-shm
