[    0.000000] Linux version 6.8.0-101-generic (buildd@lcy02-amd64-051) (x86_64-linux-gnu-gcc-13 (Ubuntu 13.3.0-6ubuntu2~24.04) 13.3.0, GNU ld (GNU Binutils for Ubuntu) 2.42) #101-Ubuntu SMP PREEMPT_DYNAMIC Mon Feb  9 10:15:05 UTC 2026 (Ubuntu 6.8.0-101.101-generic 6.8.12)
[    0.000000] Command line: console=ttyS0 panic=-1 no_console_suspend rdinit=/init phase3_client=weston-simple-shm phase3_runtime_seconds=35 phase3_suspend_delay_seconds=10 phase3_wake_seconds=5 phase3_pm_test=devices
[    0.000000] KERNEL supported cpus:
[    0.000000]   Intel GenuineIntel
[    0.000000]   AMD AuthenticAMD
[    0.000000]   Hygon HygonGenuine
[    0.000000]   Centaur CentaurHauls
[    0.000000]   zhaoxin   Shanghai  
[    0.000000] BIOS-provided physical RAM map:
[    0.000000] BIOS-e820: [mem 0x0000000000000000-0x000000000009fbff] usable
[    0.000000] BIOS-e820: [mem 0x000000000009fc00-0x000000000009ffff] reserved
[    0.000000] BIOS-e820: [mem 0x00000000000f0000-0x00000000000fffff] reserved
[    0.000000] BIOS-e820: [mem 0x0000000000100000-0x000000007ffddfff] usable
[    0.000000] BIOS-e820: [mem 0x000000007ffde000-0x000000007fffffff] reserved
[    0.000000] BIOS-e820: [mem 0x00000000b0000000-0x00000000bfffffff] reserved
[    0.000000] BIOS-e820: [mem 0x00000000fed1c000-0x00000000fed1ffff] reserved
[    0.000000] BIOS-e820: [mem 0x00000000feffc000-0x00000000feffffff] reserved
[    0.000000] BIOS-e820: [mem 0x00000000fffc0000-0x00000000ffffffff] reserved
[    0.000000] NX (Execute Disable) protection: active
[    0.000000] APIC: Static calls initialized
[    0.000000] SMBIOS 3.0.0 present.
[    0.000000] DMI: QEMU Standard PC (Q35 + ICH9, 2009), BIOS 1.16.3-debian-1.16.3-2 04/01/2014
[    0.000000] Hypervisor detected: KVM
[    0.000000] kvm-clock: Using msrs 4b564d01 and 4b564d00
[    0.000000] kvm-clock: using sched offset of 345460326 cycles
[    0.000002] clocksource: kvm-clock: mask: 0xffffffffffffffff max_cycles: 0x1cd42e4dffb, max_idle_ns: 881590591483 ns
[    0.000005] tsc: Detected 2803.200 MHz processor
[    0.000819] last_pfn = 0x7ffde max_arch_pfn = 0x400000000
[    0.000863] MTRR map: 4 entries (3 fixed + 1 variable; max 19), built from 8 variable MTRRs
[    0.000866] x86/PAT: Configuration [0-7]: WB  WC  UC- UC  WB  WP  UC- WT  
[    0.006228] found SMP MP-table at [mem 0x000f5470-0x000f547f]
[    0.006247] Using GB pages for direct mapping
[    0.006396] RAMDISK: [mem 0x75de5000-0x7ffcffff]
[    0.006407] ACPI: Early table checksum verification disabled
[    0.006411] ACPI: RSDP 0x00000000000F52B0 000014 (v00 BOCHS )
[    0.006416] ACPI: RSDT 0x000000007FFE2304 000038 (v01 BOCHS  BXPC     00000001 BXPC 00000001)
[    0.006421] ACPI: FACP 0x000000007FFE20FC 0000F4 (v03 BOCHS  BXPC     00000001 BXPC 00000001)
[    0.006426] ACPI: DSDT 0x000000007FFE0040 0020BC (v01 BOCHS  BXPC     00000001 BXPC 00000001)
[    0.006429] ACPI: FACS 0x000000007FFE0000 000040
[    0.006432] ACPI: APIC 0x000000007FFE21F0 000078 (v03 BOCHS  BXPC     00000001 BXPC 00000001)
[    0.006435] ACPI: HPET 0x000000007FFE2268 000038 (v01 BOCHS  BXPC     00000001 BXPC 00000001)
[    0.006438] ACPI: MCFG 0x000000007FFE22A0 00003C (v01 BOCHS  BXPC     00000001 BXPC 00000001)
[    0.006441] ACPI: WAET 0x000000007FFE22DC 000028 (v01 BOCHS  BXPC     00000001 BXPC 00000001)
[    0.006443] ACPI: Reserving FACP table memory at [mem 0x7ffe20fc-0x7ffe21ef]
[    0.006444] ACPI: Reserving DSDT table memory at [mem 0x7ffe0040-0x7ffe20fb]
[    0.006445] ACPI: Reserving FACS table memory at [mem 0x7ffe0000-0x7ffe003f]
[    0.006446] ACPI: Reserving APIC table memory at [mem 0x7ffe21f0-0x7ffe2267]
[    0.006447] ACPI: Reserving HPET table memory at [mem 0x7ffe2268-0x7ffe229f]
[    0.006447] ACPI: Reserving MCFG table memory at [mem 0x7ffe22a0-0x7ffe22db]
[    0.006448] ACPI: Reserving WAET table memory at [mem 0x7ffe22dc-0x7ffe2303]
[    0.006759] No NUMA configuration found
[    0.006761] Faking a node at [mem 0x0000000000000000-0x000000007ffddfff]
[    0.006767] NODE_DATA(0) allocated [mem 0x75dba000-0x75de4fff]
[    0.006899] Zone ranges:
[    0.006899]   DMA      [mem 0x0000000000001000-0x0000000000ffffff]
[    0.006901]   DMA32    [mem 0x0000000001000000-0x000000007ffddfff]
[    0.006903]   Normal   empty
[    0.006904]   Device   empty
[    0.006905] Movable zone start for each node
[    0.006906] Early memory node ranges
[    0.006907]   node   0: [mem 0x0000000000001000-0x000000000009efff]
[    0.006908]   node   0: [mem 0x0000000000100000-0x000000007ffddfff]
[    0.006909] Initmem setup node 0 [mem 0x0000000000001000-0x000000007ffddfff]
[    0.007140] On node 0, zone DMA: 1 pages in unavailable ranges
[    0.007152] On node 0, zone DMA: 97 pages in unavailable ranges
[    0.012335] On node 0, zone DMA32: 34 pages in unavailable ranges
[    0.012629] ACPI: PM-Timer IO Port: 0x608
[    0.012643] ACPI: LAPIC_NMI (acpi_id[0xff] dfl dfl lint[0x1])
[    0.012676] IOAPIC[0]: apic_id 0, version 17, address 0xfec00000, GSI 0-23
[    0.012679] ACPI: INT_SRC_OVR (bus 0 bus_irq 0 global_irq 2 dfl dfl)
[    0.012681] ACPI: INT_SRC_OVR (bus 0 bus_irq 5 global_irq 5 high level)
[    0.012682] ACPI: INT_SRC_OVR (bus 0 bus_irq 9 global_irq 9 high level)
[    0.012683] ACPI: INT_SRC_OVR (bus 0 bus_irq 10 global_irq 10 high level)
[    0.012684] ACPI: INT_SRC_OVR (bus 0 bus_irq 11 global_irq 11 high level)
[    0.012687] ACPI: Using ACPI (MADT) for SMP configuration information
[    0.012689] ACPI: HPET id: 0x8086a201 base: 0xfed00000
[    0.012692] TSC deadline timer available
[    0.012693] smpboot: Allowing 1 CPUs, 0 hotplug CPUs
[    0.012712] kvm-guest: APIC: eoi() replaced with kvm_guest_apic_eoi_write()
[    0.012735] PM: hibernation: Registered nosave memory: [mem 0x00000000-0x00000fff]
[    0.012736] PM: hibernation: Registered nosave memory: [mem 0x0009f000-0x000fffff]
[    0.012738] [mem 0xc0000000-0xfed1bfff] available for PCI devices
[    0.012740] Booting paravirtualized kernel on KVM
[    0.012741] clocksource: refined-jiffies: mask: 0xffffffff max_cycles: 0xffffffff, max_idle_ns: 1910969940391419 ns
[    0.012748] setup_percpu: NR_CPUS:8192 nr_cpumask_bits:1 nr_cpu_ids:1 nr_node_ids:1
[    0.013061] percpu: Embedded 86 pages/cpu s229376 r8192 d114688 u2097152
[    0.013099] kvm-guest: PV spinlocks disabled, single CPU
[    0.013101] Kernel command line: console=ttyS0 panic=-1 no_console_suspend rdinit=/init phase3_client=weston-simple-shm phase3_runtime_seconds=35 phase3_suspend_delay_seconds=10 phase3_wake_seconds=5 phase3_pm_test=devices
[    0.013195] Unknown kernel command line parameters "phase3_client=weston-simple-shm phase3_runtime_seconds=35 phase3_suspend_delay_seconds=10 phase3_wake_seconds=5 phase3_pm_test=devices", will be passed to user space.
[    0.013241] random: crng init done
[    0.013533] Dentry cache hash table entries: 262144 (order: 9, 2097152 bytes, linear)
[    0.013603] Inode-cache hash table entries: 131072 (order: 8, 1048576 bytes, linear)
[    0.013640] Fallback order for Node 0: 0 
[    0.013643] Built 1 zonelists, mobility grouping on.  Total pages: 515806
[    0.013644] Policy zone: DMA32
[    0.013649] mem auto-init: stack:all(zero), heap alloc:on, heap free:off
[    0.017657] Memory: 1840192K/2096624K available (22528K kernel code, 4439K rwdata, 14400K rodata, 4920K init, 4788K bss, 256172K reserved, 0K cma-reserved)
[    0.018571] SLUB: HWalign=64, Order=0-3, MinObjects=0, CPUs=1, Nodes=1
[    0.018600] ftrace: allocating 58250 entries in 228 pages
[    0.028033] ftrace: allocated 228 pages with 4 groups
[    0.029011] Dynamic Preempt: voluntary
[    0.029281] rcu: Preemptible hierarchical RCU implementation.
[    0.029283] rcu: 	RCU restricting CPUs from NR_CPUS=8192 to nr_cpu_ids=1.
[    0.029284] 	Trampoline variant of Tasks RCU enabled.
[    0.029285] 	Rude variant of Tasks RCU enabled.
[    0.029285] 	Tracing variant of Tasks RCU enabled.
[    0.029286] rcu: RCU calculated value of scheduler-enlistment delay is 100 jiffies.
[    0.029287] rcu: Adjusting geometry for rcu_fanout_leaf=16, nr_cpu_ids=1
[    0.029296] RCU Tasks: Setting shift to 0 and lim to 1 rcu_task_cb_adjust=1 rcu_task_cpu_ids=1.
[    0.029297] RCU Tasks Rude: Setting shift to 0 and lim to 1 rcu_task_cb_adjust=1 rcu_task_cpu_ids=1.
[    0.029299] RCU Tasks Trace: Setting shift to 0 and lim to 1 rcu_task_cb_adjust=1 rcu_task_cpu_ids=1.
[    0.032462] NR_IRQS: 524544, nr_irqs: 256, preallocated irqs: 16
[    0.032691] rcu: srcu_init: Setting srcu_struct sizes based on contention.
[    0.041244] Console: colour VGA+ 80x25
[    0.041285] printk: legacy console [ttyS0] enabled
[    0.114085] ACPI: Core revision 20230628
[    0.114595] clocksource: hpet: mask: 0xffffffff max_cycles: 0xffffffff, max_idle_ns: 19112604467 ns
[    0.115544] APIC: Switch to symmetric I/O mode setup
[    0.116293] x2apic enabled
[    0.116874] APIC: Switched APIC routing to: physical x2apic
[    0.118478] ..TIMER: vector=0x30 apic1=0 pin1=2 apic2=-1 pin2=-1
[    0.119321] clocksource: tsc-early: mask: 0xffffffffffffffff max_cycles: 0x28680fa287f, max_idle_ns: 440795281151 ns
[    0.120309] Calibrating delay loop (skipped) preset value.. 5606.40 BogoMIPS (lpj=2803200)
[    0.121465] x86/cpu: User Mode Instruction Prevention (UMIP) activated
[    0.122427] Last level iTLB entries: 4KB 0, 2MB 0, 4MB 0
[    0.122934] Last level dTLB entries: 4KB 0, 2MB 0, 4MB 0, 1GB 0
[    0.123315] Spectre V1 : Mitigation: usercopy/swapgs barriers and __user pointer sanitization
[    0.124310] Spectre V2 : Spectre BHI mitigation: SW BHB clearing on vm exit
[    0.125306] Spectre V2 : Spectre BHI mitigation: SW BHB clearing on syscall
[    0.125900] Spectre V2 : Mitigation: Enhanced / Automatic IBRS
[    0.126306] Spectre V2 : Spectre v2 / PBRSB-eIBRS: Retire a single CALL on VMEXIT
[    0.126964] Spectre V2 : mitigation: Enabling conditional Indirect Branch Prediction Barrier
[    0.127307] Speculative Store Bypass: Mitigation: Speculative Store Bypass disabled via prctl
[    0.128306] ITS: WARNING: ITS mitigation depends on retpoline and rethunk support
[    0.129306] ITS: Vulnerable
[    0.129584] x86/fpu: Supporting XSAVE feature 0x001: 'x87 floating point registers'
[    0.130306] x86/fpu: Supporting XSAVE feature 0x002: 'SSE registers'
[    0.130868] x86/fpu: Supporting XSAVE feature 0x004: 'AVX registers'
[    0.131306] x86/fpu: Supporting XSAVE feature 0x020: 'AVX-512 opmask'
[    0.131890] x86/fpu: Supporting XSAVE feature 0x040: 'AVX-512 Hi256'
[    0.132306] x86/fpu: Supporting XSAVE feature 0x080: 'AVX-512 ZMM_Hi256'
[    0.133306] x86/fpu: Supporting XSAVE feature 0x200: 'Protection Keys User registers'
[    0.133988] x86/fpu: xstate_offset[2]:  576, xstate_sizes[2]:  256
[    0.134306] x86/fpu: xstate_offset[5]:  832, xstate_sizes[5]:   64
[    0.134866] x86/fpu: xstate_offset[6]:  896, xstate_sizes[6]:  512
[    0.135306] x86/fpu: xstate_offset[7]: 1408, xstate_sizes[7]: 1024
[    0.135870] x86/fpu: xstate_offset[9]: 2432, xstate_sizes[9]:    8
[    0.136306] x86/fpu: Enabled xstate features 0x2e7, context size is 2440 bytes, using 'compacted' format.
[    0.167567] Freeing SMP alternatives memory: 48K
[    0.168019] pid_max: default: 32768 minimum: 301
[    0.168359] LSM: initializing lsm=lockdown,capability,landlock,yama,apparmor,integrity
[    0.169081] landlock: Up and running.
[    0.169306] Yama: becoming mindful.
[    0.169639] AppArmor: AppArmor initialized
[    0.170341] Mount-cache hash table entries: 4096 (order: 3, 32768 bytes, linear)
[    0.170998] Mountpoint-cache hash table entries: 4096 (order: 3, 32768 bytes, linear)
[    0.171571] smpboot: CPU0: 11th Gen Intel(R) Core(TM) i7-1165G7 @ 2.80GHz (family: 0x6, model: 0x8c, stepping: 0x1)
[    0.172625] Performance Events: Icelake events, full-width counters, Intel PMU driver.
[    0.173316] ... version:                2
[    0.173671] ... bit width:              48
[    0.174029] ... generic registers:      8
[    0.174308] ... value mask:             0000ffffffffffff
[    0.174770] ... max period:             00007fffffffffff
[    0.175250] ... fixed-purpose events:   3
[    0.175307] ... event mask:             00000007000000ff
[    0.175907] signal: max sigframe size: 3632
[    0.176363] rcu: Hierarchical SRCU implementation.
[    0.177230] rcu: 	Max phase no-delay instances is 400.
[    0.177693] smp: Bringing up secondary CPUs ...
[    0.178291] smp: Brought up 1 node, 1 CPU
[    0.178315] smpboot: Max logical packages: 1
[    0.178868] smpboot: Total of 1 processors activated (5606.40 BogoMIPS)
[    0.179532] devtmpfs: initialized
[    0.179867] x86/mm: Memory block size: 128MB
[    0.180644] clocksource: jiffies: mask: 0xffffffff max_cycles: 0xffffffff, max_idle_ns: 1911260446275000 ns
[    0.181313] futex hash table entries: 256 (order: 2, 16384 bytes, linear)
[    0.181971] pinctrl core: initialized pinctrl subsystem
[    0.182568] PM: RTC time: 14:51:43, date: 2026-03-08
[    0.184249] NET: Registered PF_NETLINK/PF_ROUTE protocol family
[    0.184479] DMA: preallocated 256 KiB GFP_KERNEL pool for atomic allocations
[    0.185221] DMA: preallocated 256 KiB GFP_KERNEL|GFP_DMA pool for atomic allocations
[    0.185325] DMA: preallocated 256 KiB GFP_KERNEL|GFP_DMA32 pool for atomic allocations
[    0.186022] audit: initializing netlink subsys (disabled)
[    0.186355] audit: type=2000 audit(1772981503.848:1): state=initialized audit_enabled=0 res=1
[    0.187501] thermal_sys: Registered thermal governor 'fair_share'
[    0.187504] thermal_sys: Registered thermal governor 'bang_bang'
[    0.188294] thermal_sys: Registered thermal governor 'step_wise'
[    0.188317] thermal_sys: Registered thermal governor 'user_space'
[    0.189097] thermal_sys: Registered thermal governor 'power_allocator'
[    0.189333] cpuidle: using governor ladder
[    0.190260] cpuidle: using governor menu
[    0.190390] acpiphp: ACPI Hot Plug PCI Controller Driver version: 0.5
[    0.191094] PCI: ECAM [mem 0xb0000000-0xbfffffff] (base 0xb0000000) for domain 0000 [bus 00-ff]
[    0.191312] PCI: ECAM [mem 0xb0000000-0xbfffffff] reserved as E820 entry
[    0.192012] PCI: Using configuration type 1 for base access
[    0.192459] kprobes: kprobe jump-optimization is enabled. All kprobes are optimized if possible.
[    0.232413] HugeTLB: registered 1.00 GiB page size, pre-allocated 0 pages
[    0.233264] HugeTLB: 16380 KiB vmemmap can be freed for a 1.00 GiB page
[    0.233310] HugeTLB: registered 2.00 MiB page size, pre-allocated 0 pages
[    0.233900] HugeTLB: 28 KiB vmemmap can be freed for a 2.00 MiB page
[    0.235681] ACPI: Added _OSI(Module Device)
[    0.236318] ACPI: Added _OSI(Processor Device)
[    0.236882] ACPI: Added _OSI(Processor Aggregator Device)
[    0.238415] ACPI: 1 ACPI AML tables successfully acquired and loaded
[    0.239870] ACPI: _OSC evaluation for CPUs failed, trying _PDC
[    0.240468] ACPI: Interpreter enabled
[    0.240910] ACPI: PM: (supports S0 S3 S4 S5)
[    0.241288] ACPI: Using IOAPIC for interrupt routing
[    0.241390] PCI: Using host bridge windows from ACPI; if necessary, use "pci=nocrs" and report a bug
[    0.242205] PCI: Using E820 reservations for host bridge windows
[    0.242398] ACPI: Enabled 2 GPEs in block 00 to 3F
[    0.244516] ACPI: PCI Root Bridge [PCI0] (domain 0000 [bus 00-ff])
[    0.245080] acpi PNP0A08:00: _OSC: OS supports [ExtendedConfig ASPM ClockPM Segments MSI EDR HPX-Type3]
[    0.245350] acpi PNP0A08:00: _OSC: platform does not support [PCIeHotplug LTR DPC]
[    0.246058] acpi PNP0A08:00: _OSC: OS now controls [SHPCHotplug PME AER PCIeCapability]
[    0.246445] PCI host bridge to bus 0000:00
[    0.246835] pci_bus 0000:00: root bus resource [io  0x0000-0x0cf7 window]
[    0.247308] pci_bus 0000:00: root bus resource [io  0x0d00-0xffff window]
[    0.247916] pci_bus 0000:00: root bus resource [mem 0x000a0000-0x000bffff window]
[    0.248308] pci_bus 0000:00: root bus resource [mem 0x80000000-0xafffffff window]
[    0.248954] pci_bus 0000:00: root bus resource [mem 0xc0000000-0xfebfffff window]
[    0.249307] pci_bus 0000:00: root bus resource [mem 0x100000000-0x8ffffffff window]
[    0.250024] pci_bus 0000:00: root bus resource [bus 00-ff]
[    0.250363] pci 0000:00:00.0: [8086:29c0] type 00 class 0x060000 conventional PCI endpoint
[    0.251509] pci 0000:00:01.0: [1af4:1000] type 00 class 0x020000 conventional PCI endpoint
[    0.252891] pci 0000:00:01.0: BAR 0 [io  0xc040-0xc05f]
[    0.253335] pci 0000:00:01.0: BAR 4 [mem 0xfe800000-0xfe803fff 64bit pref]
[    0.253955] pci 0000:00:01.0: ROM [mem 0xfeb00000-0xfeb7ffff pref]
[    0.254799] pci 0000:00:02.0: [1af4:1050] type 00 class 0x030000 conventional PCI endpoint
[    0.256321] pci 0000:00:02.0: BAR 0 [mem 0xfe000000-0xfe7fffff pref]
[    0.256914] pci 0000:00:02.0: BAR 2 [mem 0xfe804000-0xfe807fff 64bit pref]
[    0.257313] pci 0000:00:02.0: BAR 4 [mem 0xfeb94000-0xfeb94fff]
[    0.257854] pci 0000:00:02.0: ROM [mem 0xfeb80000-0xfeb8ffff pref]
[    0.258352] pci 0000:00:02.0: Video device with shadowed ROM at [mem 0x000c0000-0x000dffff]
[    0.259606] pci 0000:00:03.0: [1b36:000d] type 00 class 0x0c0330 PCIe Root Complex Integrated Endpoint
[    0.260941] pci 0000:00:03.0: BAR 0 [mem 0xfeb90000-0xfeb93fff 64bit]
[    0.270551] pci 0000:00:1f.0: [8086:2918] type 00 class 0x060100 conventional PCI endpoint
[    0.271598] pci 0000:00:1f.0: quirk: [io  0x0600-0x067f] claimed by ICH6 ACPI/GPIO/TCO
[    0.272520] pci 0000:00:1f.2: [8086:2922] type 00 class 0x010601 conventional PCI endpoint
[    0.273737] pci 0000:00:1f.2: BAR 4 [io  0xc060-0xc07f]
[    0.274244] pci 0000:00:1f.2: BAR 5 [mem 0xfeb95000-0xfeb95fff]
[    0.274609] pci 0000:00:1f.3: [8086:2930] type 00 class 0x0c0500 conventional PCI endpoint
[    0.275809] pci 0000:00:1f.3: BAR 4 [io  0x0700-0x073f]
[    0.276629] ACPI: PCI: Interrupt link LNKA configured for IRQ 10
[    0.277222] ACPI: PCI: Interrupt link LNKB configured for IRQ 10
[    0.277376] ACPI: PCI: Interrupt link LNKC configured for IRQ 11
[    0.278012] ACPI: PCI: Interrupt link LNKD configured for IRQ 11
[    0.278368] ACPI: PCI: Interrupt link LNKE configured for IRQ 10
[    0.278970] ACPI: PCI: Interrupt link LNKF configured for IRQ 10
[    0.279373] ACPI: PCI: Interrupt link LNKG configured for IRQ 11
[    0.279961] ACPI: PCI: Interrupt link LNKH configured for IRQ 11
[    0.280331] ACPI: PCI: Interrupt link GSIA configured for IRQ 16
[    0.280867] ACPI: PCI: Interrupt link GSIB configured for IRQ 17
[    0.281315] ACPI: PCI: Interrupt link GSIC configured for IRQ 18
[    0.282031] ACPI: PCI: Interrupt link GSID configured for IRQ 19
[    0.282318] ACPI: PCI: Interrupt link GSIE configured for IRQ 20
[    0.282890] ACPI: PCI: Interrupt link GSIF configured for IRQ 21
[    0.283315] ACPI: PCI: Interrupt link GSIG configured for IRQ 22
[    0.283858] ACPI: PCI: Interrupt link GSIH configured for IRQ 23
[    0.284642] iommu: Default domain type: Translated
[    0.285075] iommu: DMA domain TLB invalidation policy: lazy mode
[    0.285469] SCSI subsystem initialized
[    0.285853] ACPI: bus type USB registered
[    0.286248] usbcore: registered new interface driver usbfs
[    0.286317] usbcore: registered new interface driver hub
[    0.286806] usbcore: registered new device driver usb
[    0.287266] pps_core: LinuxPPS API ver. 1 registered
[    0.287307] pps_core: Software ver. 5.3.6 - Copyright 2005-2007 Rodolfo Giometti <giometti@linux.it>
[    0.288104] PTP clock support registered
[    0.288349] EDAC MC: Ver: 3.0.0
[    0.289026] NetLabel: Initializing
[    0.289308] NetLabel:  domain hash size = 128
[    0.289737] NetLabel:  protocols = UNLABELED CIPSOv4 CALIPSO
[    0.290287] NetLabel:  unlabeled traffic allowed by default
[    0.290363] mctp: management component transport protocol core
[    0.290893] NET: Registered PF_MCTP protocol family
[    0.291315] PCI: Using ACPI for IRQ routing
[    0.415866] pci 0000:00:02.0: vgaarb: setting as boot VGA device
[    0.416305] pci 0000:00:02.0: vgaarb: bridge control possible
[    0.416305] pci 0000:00:02.0: vgaarb: VGA device added: decodes=io+mem,owns=io+mem,locks=none
[    0.416309] vgaarb: loaded
[    0.416665] hpet0: at MMIO 0xfed00000, IRQs 2, 8, 0
[    0.417122] hpet0: 3 comparators, 64-bit 100.000000 MHz counter
[    0.420346] clocksource: Switched to clocksource kvm-clock
[    0.421345] VFS: Disk quotas dquot_6.6.0
[    0.421750] VFS: Dquot-cache hash table entries: 512 (order 0, 4096 bytes)
[    0.422462] AppArmor: AppArmor Filesystem Enabled
[    0.422915] pnp: PnP ACPI init
[    0.423330] system 00:05: [mem 0xb0000000-0xbfffffff window] has been reserved
[    0.424229] pnp: PnP ACPI: found 6 devices
[    0.429931] clocksource: acpi_pm: mask: 0xffffff max_cycles: 0xffffff, max_idle_ns: 2085701024 ns
[    0.430833] NET: Registered PF_INET protocol family
[    0.431533] IP idents hash table entries: 32768 (order: 6, 262144 bytes, linear)
[    0.444364] tcp_listen_portaddr_hash hash table entries: 1024 (order: 2, 16384 bytes, linear)
[    0.445217] Table-perturb hash table entries: 65536 (order: 6, 262144 bytes, linear)
[    0.445940] TCP established hash table entries: 16384 (order: 5, 131072 bytes, linear)
[    0.446711] TCP bind hash table entries: 16384 (order: 7, 524288 bytes, linear)
[    0.447423] TCP: Hash tables configured (established 16384 bind 16384)
[    0.448087] MPTCP token hash table entries: 2048 (order: 3, 49152 bytes, linear)
[    0.448785] UDP hash table entries: 1024 (order: 3, 32768 bytes, linear)
[    0.449391] UDP-Lite hash table entries: 1024 (order: 3, 32768 bytes, linear)
[    0.450096] NET: Registered PF_UNIX/PF_LOCAL protocol family
[    0.450636] NET: Registered PF_XDP protocol family
[    0.451089] pci_bus 0000:00: resource 4 [io  0x0000-0x0cf7 window]
[    0.451658] pci_bus 0000:00: resource 5 [io  0x0d00-0xffff window]
[    0.452211] pci_bus 0000:00: resource 6 [mem 0x000a0000-0x000bffff window]
[    0.452871] pci_bus 0000:00: resource 7 [mem 0x80000000-0xafffffff window]
[    0.453534] pci_bus 0000:00: resource 8 [mem 0xc0000000-0xfebfffff window]
[    0.454193] pci_bus 0000:00: resource 9 [mem 0x100000000-0x8ffffffff window]
[    0.455065] ACPI: \_SB_.GSIH: Enabled at IRQ 23
[    0.456026] PCI: CLS 0 bytes, default 64
[    0.456467] Trying to unpack rootfs image as initramfs...
[    0.457032] clocksource: tsc: mask: 0xffffffffffffffff max_cycles: 0x28680fa287f, max_idle_ns: 440795281151 ns
[    0.459948] Initialise system trusted keyrings
[    0.460370] Key type blacklist registered
[    0.461756] workingset: timestamp_bits=36 max_order=19 bucket_order=0
[    0.462408] zbud: loaded
[    0.463852] squashfs: version 4.0 (2009/01/31) Phillip Lougher
[    0.465831] fuse: init (API version 7.39)
[    0.466392] integrity: Platform Keyring initialized
[    0.466863] integrity: Machine keyring initialized
[    0.485695] Key type asymmetric registered
[    0.486164] Asymmetric key parser 'x509' registered
[    0.487675] Block layer SCSI generic (bsg) driver version 0.4 loaded (major 243)
[    0.489789] io scheduler mq-deadline registered
[    0.491752] shpchp: Standard Hot Plug PCI Controller Driver version: 0.4
[    0.492452] input: Power Button as /devices/LNXSYSTM:00/LNXPWRBN:00/input/input0
[    0.494727] ACPI: button: Power Button [PWRF]
[    0.496966] ACPI: \_SB_.GSIF: Enabled at IRQ 21
[    0.499423] ACPI: \_SB_.GSIG: Enabled at IRQ 22
[    0.502852] Serial: 8250/16550 driver, 32 ports, IRQ sharing enabled
[    0.549898] 00:03: ttyS0 at I/O 0x3f8 (irq = 4, base_baud = 115200) is a 16550A
[    0.554831] Linux agpgart interface v0.103
[    0.558681] loop: module loaded
[    0.559152] ACPI: bus type drm_connector registered
[    0.559768] tun: Universal TUN/TAP device driver, 1.6
[    0.562294] PPP generic driver version 2.4.2
[    0.563980] i8042: PNP: PS/2 Controller [PNP0303:KBD,PNP0f13:MOU] at 0x60,0x64 irq 1,12
[    0.566302] serio: i8042 KBD port at 0x60,0x64 irq 1
[    0.567767] serio: i8042 AUX port at 0x60,0x64 irq 12
[    0.568314] mousedev: PS/2 mouse device common for all mice
[    0.569900] input: AT Translated Set 2 keyboard as /devices/platform/i8042/serio0/input/input1
[    0.570891] rtc_cmos 00:04: RTC can wake from S4
[    0.572851] rtc_cmos 00:04: registered as rtc0
[    0.573375] rtc_cmos 00:04: setting system clock to 2026-03-08T14:51:43 UTC (1772981503)
[    0.575757] rtc_cmos 00:04: alarms up to one day, y3k, 242 bytes nvram, hpet irqs
[    0.576443] i2c_dev: i2c /dev entries driver
[    0.577841] device-mapper: core: CONFIG_IMA_DISABLE_HTABLE is disabled. Duplicate IMA measurements will not be recorded in the IMA log.
[    0.580662] device-mapper: uevent: version 1.0.3
[    0.581195] device-mapper: ioctl: 4.48.0-ioctl (2023-03-01) initialised: dm-devel@redhat.com
[    0.582095] intel_pstate: CPU model not supported
[    0.583700] ledtrig-cpu: registered to indicate activity on CPUs
[    0.584329] drop_monitor: Initializing network drop monitor service
[    0.586801] NET: Registered PF_INET6 protocol family
[    2.556097] Freeing initrd memory: 165804K
[    2.556745] Segment Routing with IPv6
[    2.557100] In-situ OAM (IOAM) with IPv6
[    2.557514] NET: Registered PF_PACKET protocol family
[    2.558014] Key type dns_resolver registered
[    2.558590] IPI shorthand broadcast: enabled
[    2.560251] sched_clock: Marking stable (2475002007, 84606500)->(2580452033, -20843526)
[    2.561164] registered taskstats version 1
[    2.561760] Loading compiled-in X.509 certificates
[    2.562773] Loaded X.509 cert 'Build time autogenerated kernel key: 7f71bdefc17a4d88631555bf9efbb1c93d6f5260'
[    2.564293] Loaded X.509 cert 'Canonical Ltd. Live Patch Signing 2025 Kmod: d541cef61dc7e793b7eb7e899970a2eef0b5dc8c'
[    2.565808] Loaded X.509 cert 'Canonical Ltd. Live Patch Signing: 14df34d1a87cf37625abec039ef2bf521249b969'
[    2.567182] Loaded X.509 cert 'Canonical Ltd. Kernel Module Signing: 88f752e560a1e0737e31163a466ad7b70a850c19'
[    2.568091] blacklist: Loading compiled-in revocation X.509 certificates
[    2.568783] Loaded X.509 cert 'Canonical Ltd. Secure Boot Signing: 61482aa2830d0ab2ad5af10b7250da9033ddcef0'
[    2.570177] Loaded X.509 cert 'Canonical Ltd. Secure Boot Signing (2017): 242ade75ac4a15e50d50c84b0d45ff3eae707a03'
[    2.571666] Loaded X.509 cert 'Canonical Ltd. Secure Boot Signing (ESM 2018): 365188c1d374d6b07c3c8f240f8ef722433d6a8b'
[    2.573143] Loaded X.509 cert 'Canonical Ltd. Secure Boot Signing (2019): c0746fd6c5da3ae827864651ad66ae47fe24b3e8'
[    2.574223] Loaded X.509 cert 'Canonical Ltd. Secure Boot Signing (2021 v1): a8d54bbb3825cfb94fa13c9f8a594a195c107b8d'
[    2.575205] Loaded X.509 cert 'Canonical Ltd. Secure Boot Signing (2021 v2): 4cf046892d6fd3c9a5b03f98d845f90851dc6a8c'
[    2.576175] Loaded X.509 cert 'Canonical Ltd. Secure Boot Signing (2021 v3): 100437bb6de6e469b581e61cd66bce3ef4ed53af'
[    2.577360] Loaded X.509 cert 'Canonical Ltd. Secure Boot Signing (Ubuntu Core 2019): c1d57b8f6b743f23ee41f4f7ee292f06eecadfb9'
[    2.582591] Key type .fscrypt registered
[    2.582989] Key type fscrypt-provisioning registered
[    2.583685] Key type encrypted registered
[    2.584060] AppArmor: AppArmor sha256 policy hashing enabled
[    2.584616] ima: No TPM chip found, activating TPM-bypass!
[    2.585125] Loading compiled-in module X.509 certificates
[    2.586247] Loaded X.509 cert 'Build time autogenerated kernel key: 7f71bdefc17a4d88631555bf9efbb1c93d6f5260'
[    2.587304] ima: Allocated hash algorithm: sha256
[    2.587764] ima: No architecture policies found
[    2.588190] evm: Initialising EVM extended attributes:
[    2.588664] evm: security.selinux
[    2.588968] evm: security.SMACK64
[    2.589333] evm: security.SMACK64EXEC
[    2.589741] evm: security.SMACK64TRANSMUTE
[    2.590123] evm: security.SMACK64MMAP
[    2.590471] evm: security.apparmor
[    2.590797] evm: security.ima
[    2.591070] evm: security.capability
[    2.591395] evm: HMAC attrs: 0x1
[    2.591967] PM:   Magic number: 2:406:889
[    2.592390] pci 0000:00:1f.2: hash matches
[    2.597139] RAS: Correctable Errors collector initialized.
[    2.598054] clk: Disabling unused clocks
[    2.607924] Freeing unused decrypted memory: 2028K
[    2.608737] Freeing unused kernel image (initmem) memory: 4920K
[    2.609124] Write protecting the kernel read-only data: 38912k
[    2.609915] Freeing unused kernel image (rodata/data gap) memory: 1984K
[    2.621764] x86/mm: Checked W+X mappings: passed, no W+X pages found.
[    2.622207] Run /init as init process
[init-phase3] booted
[init-phase3] loading module=/lib/modules/6.8.0-101-generic/kernel/drivers/virtio/virtio_dma_buf.ko
[init-phase3] loading module=/lib/modules/6.8.0-101-generic/kernel/drivers/gpu/drm/virtio/virtio-gpu.ko
[    2.632102] [drm] pci: virtio-vga detected at 0000:00:02.0
[    2.632509] virtio-pci 0000:00:02.0: vgaarb: deactivate vga console
[    2.639696] Console: switching to colour dummy device 80x25
[    2.640207] [drm] features: -virgl +edid -resource_blob -host_visible
[    2.640209] [drm] features: -context_init
[    2.641439] [drm] number of scanouts: 1
[    2.641715] [drm] number of cap sets: 0
[    2.642183] [drm] Initialized virtio_gpu 0.1.0 0 for 0000:00:02.0 on minor 0
[    2.644723] fbcon: virtio_gpudrmfb (fb0) is primary device
[    2.647857] Console: switching to colour frame buffer device 160x50
[    2.649954] virtio-pci 0000:00:02.0: [drm] fb0: virtio_gpudrmfb frame buffer device
[init-phase3] loading module=/lib/modules/6.8.0-101-generic/kernel/drivers/hid/hid.ko
[    2.656888] hid: raw HID events driver (C) Jiri Kosina
[init-phase3] loading module=/lib/modules/6.8.0-101-generic/kernel/drivers/hid/hid-generic.ko
[init-phase3] loading module=/lib/modules/6.8.0-101-generic/kernel/drivers/hid/usbhid/usbhid.ko
[    2.661282] usbcore: registered new interface driver usbhid
[    2.661766] usbhid: USB HID core driver
[init-phase3] loading module=/lib/modules/6.8.0-101-generic/kernel/drivers/hid/usbhid/usbkbd.ko
[    2.663538] usbcore: registered new interface driver usbkbd
[init-phase3] loading module=/lib/modules/6.8.0-101-generic/kernel/drivers/hid/usbhid/usbmouse.ko
[    2.666015] usbcore: registered new interface driver usbmouse
[init-phase3] loading module=/lib/modules/6.8.0-101-generic/kernel/drivers/input/mouse/psmouse.ko
[    2.670566] input: VirtualPS/2 VMware VMMouse as /devices/platform/i8042/serio1/input/input4
[init-phase3] loading module=/lib/modules/6.8.0-101-generic/kernel/drivers/usb/host/xhci-pci-renesas.ko[    2.672246] input: VirtualPS/2 VMware VMMouse as /devices/platform/i8042/serio1/input/input3

[init-phase3] loading module=/lib/modules/6.8.0-101-generic/kernel/drivers/usb/host/xhci-pci.ko
[    2.675835] xhci_hcd 0000:00:03.0: xHCI Host Controller
[    2.676175] xhci_hcd 0000:00:03.0: new USB bus registered, assigned bus number 1
[    2.676885] xhci_hcd 0000:00:03.0: hcc params 0x00087001 hci version 0x100 quirks 0x0000000000000010
[    2.678122] xhci_hcd 0000:00:03.0: xHCI Host Controller
[    2.678462] xhci_hcd 0000:00:03.0: new USB bus registered, assigned bus number 2
[    2.678969] xhci_hcd 0000:00:03.0: Host supports USB 3.0 SuperSpeed
[    2.679418] usb usb1: New USB device found, idVendor=1d6b, idProduct=0002, bcdDevice= 6.08
[    2.679966] usb usb1: New USB device strings: Mfr=3, Product=2, SerialNumber=1
[    2.680502] usb usb1: Product: xHCI Host Controller
[    2.680820] usb usb1: Manufacturer: Linux 6.8.0-101-generic xhci-hcd
[    2.681237] usb usb1: SerialNumber: 0000:00:03.0
[    2.681645] hub 1-0:1.0: USB hub found
[    2.681910] hub 1-0:1.0: 4 ports detected
[    2.682309] usb usb2: We don't know the algorithms for LPM for this host, disabling LPM.
[    2.682852] usb usb2: New USB device found, idVendor=1d6b, idProduct=0003, bcdDevice= 6.08
[    2.683390] usb usb2: New USB device strings: Mfr=3, Product=2, SerialNumber=1
[    2.683850] usb usb2: Product: xHCI Host Controller
[    2.684168] usb usb2: Manufacturer: Linux 6.8.0-101-generic xhci-hcd
[    2.684588] usb usb2: SerialNumber: 0000:00:03.0
[    2.684965] hub 2-0:1.0: USB hub found
[    2.685230] hub 2-0:1.0: 4 ports detected
Starting systemd-udevd version 255.4-1ubuntu8.8
total 0
drwxr-xr-x    2 root     root            80 Mar  8 14:51 by-path
crw-rw----    1 root     video     226,   0 Mar  8 14:51 card0
crw-rw----    1 root     root      226, 128 Mar  8 14:51 renderD128
total 0
drwxr-xr-x    2 root     root           100 Mar  8 14:51 by-path
crw-rw----    1 root     input      13,  64 Mar  8 14:51 event0
crw-rw----    1 root     input      13,  65 Mar  8 14:51 event1
crw-rw----    1 root     input      13,  66 Mar  8 14:51 event2
crw-rw----    1 root     input      13,  67 Mar  8 14:51 event3
crw-rw----    1 root     input      13,  63 Mar  8 14:51 mice
crw-rw----    1 root     input      13,  32 Mar  8 14:51 mouse0
crw-rw----    1 root     input      13,  33 Mar  8 14:51 mouse1
[init-phase3] seatd pid=123
[init-phase3] weston pid=124
[init-phase3] wayland ready
Date: 2026-03-08 UTC
[14:51:45.663] weston 13.0.0
               https://wayland.freedesktop.org
               Bug reports to: https://gitlab.freedesktop.org/wayland/weston/issues/
               Build: 13.0.0
[14:51:45.663] Command line: /usr/bin/weston --backend=drm --renderer=pixman --shell=kiosk-shell.so --socket=wayland-1 --continue-without-input --log=/var/log/weston.log
[14:51:45.663] OS: Linux, 6.8.0-101-generic, #101-Ubuntu SMP PREEMPT_DYNAMIC Mon Feb  9 10:15:05 UTC 2026, x86_64
[14:51:45.663] Flight recorder: enabled
[14:51:45.663] Using config file '/etc/xdg/weston/weston.ini'
[14:51:45.663] Output repaint window is 7 ms maximum.
[14:51:45.663] Loading module '/usr/lib/x86_64-linux-gnu/libweston-13/drm-backend.so'
[14:51:45.664] initializing drm backend
[14:51:45.664] Trying libseat launcher...
[14:51:45.664] [libseat/libseat.c:62] Seat opened with backend 'seatd'
[14:51:45.664] [libseat/backend/seatd.c:212] Enabling seat
[14:51:45.664] libseat: session control granted
[14:51:45.665] using /dev/dri/card0
[14:51:45.665] DRM: supports atomic modesetting
[14:51:45.665] DRM: does not support GBM modifiers
[14:51:45.665] DRM: does not support async page flipping
[14:51:45.665] DRM: supports picture aspect ratio
[14:51:45.665] Using Pixman renderer
[14:51:45.667] event0  - Power Button: is tagged by udev as: Keyboard
[14:51:45.667] event0  - Power Button: device is a keyboard
[14:51:45.668] event1  - AT Translated Set 2 keyboard: is tagged by udev as: Keyboard
[14:51:45.668] event1  - AT Translated Set 2 keyboard: device is a keyboard
[14:51:45.668] event3  - VirtualPS/2 VMware VMMouse: is tagged by udev as: Mouse
[14:51:45.668] event3  - VirtualPS/2 VMware VMMouse: device is a pointer
[14:51:45.669] event2  - VirtualPS/2 VMware VMMouse: is tagged by udev as: Mouse
[14:51:45.669] event2  - VirtualPS/2 VMware VMMouse: device is a pointer
[14:51:45.673] libinput: configuring device "Power Button".
[14:51:45.673] libinput: configuring device "AT Translated Set 2 keyboard".
[14:51:45.673] libinput: configuring device "VirtualPS/2 VMware VMMouse".
[14:51:45.673] libinput: configuring device "VirtualPS/2 VMware VMMouse".
[14:51:45.673] input device event2 has no enabled output associated (none named), skipping calibration for now.
[14:51:45.673] DRM: head 'Virtual-1' found, connector 36 is connected, EDID make 'RHT', model 'QEMU Monitor', serial ''
               Supported EOTF modes: SDR
[14:51:45.673] Registered plugin API 'weston_drm_output_api_v1' of size 40
[14:51:45.673] Registered plugin API 'weston_drm_virtual_output_api_v2' of size 48
[14:51:45.673] Color manager: no-op
[14:51:45.673] Output 'Virtual-1' attempts EOTF mode: SDR
[14:51:45.673] Output 'Virtual-1' using color profile: stock sRGB color profile
[14:51:45.675] DRM: output Virtual-1 uses shadow framebuffer.
[14:51:45.675] Output Virtual-1 (crtc 35) video modes:
               1280x800@75.0, preferred, current, 107.3 MHz
               5120x2160@50.0 64:27, 742.5 MHz
               4096x2160@50.0 256:135, 594.0 MHz
               3840x2160@60.0 16:9, 594.0 MHz
               3840x2160@59.9 16:9, 593.4 MHz
               3840x2160@50.0 16:9, 594.0 MHz
               1920x1440@60.0, 234.0 MHz
               2560x1080@50.0 64:27, 185.6 MHz
               1856x1392@60.0, 218.2 MHz
               1792x1344@60.0, 204.8 MHz
               2048x1152@60.0, 162.0 MHz
               1920x1200@59.9, 193.2 MHz
               1920x1080@60.0, 148.5 MHz
               1920x1080@50.0 16:9, 148.5 MHz
               1600x1200@60.0, 162.0 MHz
               1680x1050@60.0, 146.2 MHz
               1400x1050@60.0, 121.8 MHz
               1280x1024@60.0, 108.0 MHz
               1440x900@59.9, 106.5 MHz
               1280x960@60.0, 108.0 MHz
               1360x768@60.0, 85.5 MHz
               1280x768@59.9, 79.5 MHz
               1024x768@60.0, 65.0 MHz
               800x600@60.3, 40.0 MHz
               640x480@60.0 4:3, 25.2 MHz
               640x480@59.9, 25.2 MHz
[14:51:45.676] associating input device event0 with output Virtual-1 (none by udev)
[14:51:45.676] associating input device event1 with output Virtual-1 (none by udev)
[14:51:45.676] associating input device event3 with output Virtual-1 (none by udev)
[14:51:45.676] associating input device event2 with output Virtual-1 (none by udev)
[14:51:45.676] Output 'Virtual-1' enabled with head(s) Virtual-1
[14:51:45.676] Compositor capabilities:
               arbitrary surface rotation: yes
               screen capture uses y-flip: no
               cursor planes: yes
               arbitrary resolutions: no
               view mask clipping: yes
               explicit sync: no
               color operations: no
               presentation clock: CLOCK_MONOTONIC, id 1
               presentation clock resolution: 0.000000001 s
[14:51:45.676] Loading module '/usr/lib/x86_64-linux-gnu/weston/kiosk-shell.so'
[init-phase3] launching client=weston-simple-shm url=about:blank runtime=35 suspend_delay=10 wake=5 pm_test=devices no_suspend=
[init-phase3] app pid=126 client=weston-simple-shm
[init-phase3] scheduling suspend args=--delay-seconds 10 --wake-seconds 5 --pm-test devices
[    2.920647] usb 1-1: new high-speed USB device number 2 using xhci_hcd
[    3.048266] usb 1-1: New USB device found, idVendor=0627, idProduct=0001, bcdDevice= 0.00
[    3.048856] usb 1-1: New USB device strings: Mfr=1, Product=4, SerialNumber=11
[    3.049381] usb 1-1: Product: QEMU USB Keyboard
[    3.049954] usb 1-1: Manufacturer: QEMU
[    3.050421] usb 1-1: SerialNumber: 68284-0000:00:03.0-1
[    3.054405] input: QEMU QEMU USB Keyboard as /devices/pci0000:00/0000:00:03.0/usb1/1-1/1-1:1.0/0003:0627:0001.0001/input/input5
[    3.108784] hid-generic 0003:0627:0001.0001: input,hidraw0: USB HID v1.11 Keyboard [QEMU QEMU USB Keyboard] on usb-0000:00:03.0-1/input0
[    3.223645] usb 1-2: new high-speed USB device number 3 using xhci_hcd
[    3.350958] usb 1-2: New USB device found, idVendor=0627, idProduct=0001, bcdDevice= 0.00
[    3.351510] usb 1-2: New USB device strings: Mfr=1, Product=3, SerialNumber=10
[    3.351963] usb 1-2: Product: QEMU USB Tablet
[    3.352259] usb 1-2: Manufacturer: QEMU
[    3.352488] usb 1-2: SerialNumber: 28754-0000:00:03.0-2
[    3.355097] input: QEMU QEMU USB Tablet as /devices/pci0000:00/0000:00:03.0/usb1/1-2/1-2:1.0/0003:0627:0001.0002/input/input6
[    3.357938] hid-generic 0003:0627:0001.0002: input,hidraw1: USB HID v0.01 Mouse [QEMU QEMU USB Tablet] on usb-0000:00:03.0-2/input0
@@LOG kind=state wakealarm_seconds=5
@@LOG kind=state state=SUSPENDING cycle=1
[   12.878097] PM: suspend entry (s2idle)
[   12.878392] Filesystems sync: 0.000 seconds
[   12.883371] Freezing user space processes
[   12.886693] Freezing user space processes completed (elapsed 0.002 seconds)
[   12.887229] OOM killer disabled.
[   12.887452] Freezing remaining freezable tasks
[   12.888816] Freezing remaining freezable tasks completed (elapsed 0.001 seconds)
[   12.995278] PM: suspend debug: Waiting for 5 second(s).
[   18.014644] xhci_hcd 0000:00:03.0: xHC error in resume, USBSTS 0x401, Reinit
[   18.015103] usb usb1: root hub lost power or was reset
[   18.015429] usb usb2: root hub lost power or was reset
[   18.283751] usb 1-2: reset high-speed USB device number 3 using xhci_hcd
[   18.523743] usb 1-1: reset high-speed USB device number 2 using xhci_hcd
[   18.650357] OOM killer enabled.
[   18.650547] Restarting tasks ... done.
[   18.652363] random: crng reseeded on system resumption
[   18.654621] PM: suspend exit
@@LOG kind=state state=RESUMED cycle=1 sleep_ms=5779 resume_gap_ms=5779
@@METRIC name=sleep_duration value_ms=5779 cycle=1
@@METRIC name=suspend_resume_gap value_ms=5779 cycle=1
[init-phase3] runtime limit reached, terminating client=weston-simple-shm
Terminated
[init-phase3] client exited client=weston-simple-shm
