c[?7l[2J[0mSeaBIOS (version 1.16.3-debian-1.16.3-2)


iPXE (https://ipxe.org) 00:02.0 CA00 PCI2.10 PnP PMM+1EFCAA90+1EF0AA90 CA00
Press Ctrl-B to configure iPXE (PCI 00:02.0)...                                                                               


Booting from ROM..c[?7l[2J[    0.000000] Linux version 6.8.0-101-generic (buildd@lcy02-amd64-051) (x86_64-linux-gnu-gcc-13 (Ubuntu 13.3.0-6ubuntu2~24.04) 13.3.0, GNU ld (GNU Binutils for Ubuntu) 2.42) #101-Ubuntu SMP PREEMPT_DYNAMIC Mon Feb  9 10:15:05 UTC 2026 (Ubuntu 6.8.0-101.101-generic 6.8.12)
[    0.000000] Command line: console=ttyS0 panic=-1 no_console_suspend rdinit=/init sleepdemo.host=10.0.2.2 sleepdemo.port=5555 sleepdemo.idle=3 sleepdemo.reconnect_ms=7000 sleepdemo.pm_test=devices sleepdemo.max_suspend_cycles=1 sleepdemo.runtime=17 sleepdemo.wake=4
[    0.000000] KERNEL supported cpus:
[    0.000000]   Intel GenuineIntel
[    0.000000]   AMD AuthenticAMD
[    0.000000]   Hygon HygonGenuine
[    0.000000]   Centaur CentaurHauls
[    0.000000]   zhaoxin   Shanghai  
[    0.000000] BIOS-provided physical RAM map:
[    0.000000] BIOS-e820: [mem 0x0000000000000000-0x000000000009fbff] usable
[    0.000000] BIOS-e820: [mem 0x000000000009fc00-0x000000000009ffff] reserved
[    0.000000] BIOS-e820: [mem 0x00000000000f0000-0x00000000000fffff] reserved
[    0.000000] BIOS-e820: [mem 0x0000000000100000-0x000000001ffdefff] usable
[    0.000000] BIOS-e820: [mem 0x000000001ffdf000-0x000000001fffffff] reserved
[    0.000000] BIOS-e820: [mem 0x00000000b0000000-0x00000000bfffffff] reserved
[    0.000000] BIOS-e820: [mem 0x00000000fed1c000-0x00000000fed1ffff] reserved
[    0.000000] BIOS-e820: [mem 0x00000000feffc000-0x00000000feffffff] reserved
[    0.000000] BIOS-e820: [mem 0x00000000fffc0000-0x00000000ffffffff] reserved
[    0.000000] NX (Execute Disable) protection: active
[    0.000000] APIC: Static calls initialized
[    0.000000] SMBIOS 3.0.0 present.
[    0.000000] DMI: QEMU Standard PC (Q35 + ICH9, 2009), BIOS 1.16.3-debian-1.16.3-2 04/01/2014
[    0.000000] Hypervisor detected: KVM
[    0.000000] kvm-clock: Using msrs 4b564d01 and 4b564d00
[    0.000001] kvm-clock: using sched offset of 146852779 cycles
[    0.000003] clocksource: kvm-clock: mask: 0xffffffffffffffff max_cycles: 0x1cd42e4dffb, max_idle_ns: 881590591483 ns
[    0.000007] tsc: Detected 2803.200 MHz processor
[    0.000671] last_pfn = 0x1ffdf max_arch_pfn = 0x400000000
[    0.000711] MTRR map: 4 entries (3 fixed + 1 variable; max 19), built from 8 variable MTRRs
[    0.000715] x86/PAT: Configuration [0-7]: WB  WC  UC- UC  WB  WP  UC- WT  
[    0.004858] found SMP MP-table at [mem 0x000f5480-0x000f548f]
[    0.004874] Using GB pages for direct mapping
[    0.004951] RAMDISK: [mem 0x1fe67000-0x1ffcffff]
[    0.004954] ACPI: Early table checksum verification disabled
[    0.004957] ACPI: RSDP 0x00000000000F52C0 000014 (v00 BOCHS )
[    0.004961] ACPI: RSDT 0x000000001FFE230E 000038 (v01 BOCHS  BXPC     00000001 BXPC 00000001)
[    0.004965] ACPI: FACP 0x000000001FFE2106 0000F4 (v03 BOCHS  BXPC     00000001 BXPC 00000001)
[    0.004969] ACPI: DSDT 0x000000001FFE0040 0020C6 (v01 BOCHS  BXPC     00000001 BXPC 00000001)
[    0.004972] ACPI: FACS 0x000000001FFE0000 000040
[    0.004975] ACPI: APIC 0x000000001FFE21FA 000078 (v03 BOCHS  BXPC     00000001 BXPC 00000001)
[    0.004977] ACPI: HPET 0x000000001FFE2272 000038 (v01 BOCHS  BXPC     00000001 BXPC 00000001)
[    0.004979] ACPI: MCFG 0x000000001FFE22AA 00003C (v01 BOCHS  BXPC     00000001 BXPC 00000001)
[    0.004982] ACPI: WAET 0x000000001FFE22E6 000028 (v01 BOCHS  BXPC     00000001 BXPC 00000001)
[    0.004984] ACPI: Reserving FACP table memory at [mem 0x1ffe2106-0x1ffe21f9]
[    0.004985] ACPI: Reserving DSDT table memory at [mem 0x1ffe0040-0x1ffe2105]
[    0.004985] ACPI: Reserving FACS table memory at [mem 0x1ffe0000-0x1ffe003f]
[    0.004986] ACPI: Reserving APIC table memory at [mem 0x1ffe21fa-0x1ffe2271]
[    0.004987] ACPI: Reserving HPET table memory at [mem 0x1ffe2272-0x1ffe22a9]
[    0.004987] ACPI: Reserving MCFG table memory at [mem 0x1ffe22aa-0x1ffe22e5]
[    0.004988] ACPI: Reserving WAET table memory at [mem 0x1ffe22e6-0x1ffe230d]
[    0.005201] No NUMA configuration found
[    0.005202] Faking a node at [mem 0x0000000000000000-0x000000001ffdefff]
[    0.005206] NODE_DATA(0) allocated [mem 0x1fe3c000-0x1fe66fff]
[    0.005301] Zone ranges:
[    0.005301]   DMA      [mem 0x0000000000001000-0x0000000000ffffff]
[    0.005303]   DMA32    [mem 0x0000000001000000-0x000000001ffdefff]
[    0.005304]   Normal   empty
[    0.005305]   Device   empty
[    0.005306] Movable zone start for each node
[    0.005307] Early memory node ranges
[    0.005307]   node   0: [mem 0x0000000000001000-0x000000000009efff]
[    0.005308]   node   0: [mem 0x0000000000100000-0x000000001ffdefff]
[    0.005309] Initmem setup node 0 [mem 0x0000000000001000-0x000000001ffdefff]
[    0.005500] On node 0, zone DMA: 1 pages in unavailable ranges
[    0.005508] On node 0, zone DMA: 97 pages in unavailable ranges
[    0.006382] On node 0, zone DMA32: 33 pages in unavailable ranges
[    0.006579] ACPI: PM-Timer IO Port: 0x608
[    0.006587] ACPI: LAPIC_NMI (acpi_id[0xff] dfl dfl lint[0x1])
[    0.006619] IOAPIC[0]: apic_id 0, version 17, address 0xfec00000, GSI 0-23
[    0.006622] ACPI: INT_SRC_OVR (bus 0 bus_irq 0 global_irq 2 dfl dfl)
[    0.006624] ACPI: INT_SRC_OVR (bus 0 bus_irq 5 global_irq 5 high level)
[    0.006626] ACPI: INT_SRC_OVR (bus 0 bus_irq 9 global_irq 9 high level)
[    0.006627] ACPI: INT_SRC_OVR (bus 0 bus_irq 10 global_irq 10 high level)
[    0.006628] ACPI: INT_SRC_OVR (bus 0 bus_irq 11 global_irq 11 high level)
[    0.006631] ACPI: Using ACPI (MADT) for SMP configuration information
[    0.006634] ACPI: HPET id: 0x8086a201 base: 0xfed00000
[    0.006636] TSC deadline timer available
[    0.006651] smpboot: Allowing 1 CPUs, 0 hotplug CPUs
[    0.006667] kvm-guest: APIC: eoi() replaced with kvm_guest_apic_eoi_write()
[    0.006688] PM: hibernation: Registered nosave memory: [mem 0x00000000-0x00000fff]
[    0.006689] PM: hibernation: Registered nosave memory: [mem 0x0009f000-0x000fffff]
[    0.006691] [mem 0x20000000-0xafffffff] available for PCI devices
[    0.006692] Booting paravirtualized kernel on KVM
[    0.006693] clocksource: refined-jiffies: mask: 0xffffffff max_cycles: 0xffffffff, max_idle_ns: 1910969940391419 ns
[    0.006700] setup_percpu: NR_CPUS:8192 nr_cpumask_bits:1 nr_cpu_ids:1 nr_node_ids:1
[    0.007024] percpu: Embedded 86 pages/cpu s229376 r8192 d114688 u2097152
[    0.007060] kvm-guest: PV spinlocks disabled, single CPU
[    0.007061] Kernel command line: console=ttyS0 panic=-1 no_console_suspend rdinit=/init sleepdemo.host=10.0.2.2 sleepdemo.port=5555 sleepdemo.idle=3 sleepdemo.reconnect_ms=7000 sleepdemo.pm_test=devices sleepdemo.max_suspend_cycles=1 sleepdemo.runtime=17 sleepdemo.wake=4
[    0.007259] random: crng init done
[    0.007273] Dentry cache hash table entries: 65536 (order: 7, 524288 bytes, linear)
[    0.007283] Inode-cache hash table entries: 32768 (order: 6, 262144 bytes, linear)
[    0.007324] Fallback order for Node 0: 0 
[    0.007327] Built 1 zonelists, mobility grouping on.  Total pages: 128735
[    0.007329] Policy zone: DMA32
[    0.007339] mem auto-init: stack:all(zero), heap alloc:on, heap free:off
[    0.008735] Memory: 458576K/523764K available (22528K kernel code, 4439K rwdata, 14400K rodata, 4920K init, 4788K bss, 64928K reserved, 0K cma-reserved)
[    0.009389] SLUB: HWalign=64, Order=0-3, MinObjects=0, CPUs=1, Nodes=1
[    0.009411] ftrace: allocating 58250 entries in 228 pages
[    0.017541] ftrace: allocated 228 pages with 4 groups
[    0.018335] Dynamic Preempt: voluntary
[    0.018583] rcu: Preemptible hierarchical RCU implementation.
[    0.018584] rcu: 	RCU restricting CPUs from NR_CPUS=8192 to nr_cpu_ids=1.
[    0.018586] 	Trampoline variant of Tasks RCU enabled.
[    0.018586] 	Rude variant of Tasks RCU enabled.
[    0.018587] 	Tracing variant of Tasks RCU enabled.
[    0.018587] rcu: RCU calculated value of scheduler-enlistment delay is 100 jiffies.
[    0.018588] rcu: Adjusting geometry for rcu_fanout_leaf=16, nr_cpu_ids=1
[    0.018595] RCU Tasks: Setting shift to 0 and lim to 1 rcu_task_cb_adjust=1 rcu_task_cpu_ids=1.
[    0.018597] RCU Tasks Rude: Setting shift to 0 and lim to 1 rcu_task_cb_adjust=1 rcu_task_cpu_ids=1.
[    0.018598] RCU Tasks Trace: Setting shift to 0 and lim to 1 rcu_task_cb_adjust=1 rcu_task_cpu_ids=1.
[    0.021120] NR_IRQS: 524544, nr_irqs: 256, preallocated irqs: 16
[    0.021312] rcu: srcu_init: Setting srcu_struct sizes based on contention.
[    0.028376] Console: colour VGA+ 80x25
[    0.028418] printk: legacy console [ttyS0] enabled
[    0.082899] ACPI: Core revision 20230628
[    0.083255] clocksource: hpet: mask: 0xffffffff max_cycles: 0xffffffff, max_idle_ns: 19112604467 ns
[    0.083964] APIC: Switch to symmetric I/O mode setup
[    0.084501] x2apic enabled
[    0.084934] APIC: Switched APIC routing to: physical x2apic
[    0.086320] ..TIMER: vector=0x30 apic1=0 pin1=2 apic2=-1 pin2=-1
[    0.086806] clocksource: tsc-early: mask: 0xffffffffffffffff max_cycles: 0x28680fa287f, max_idle_ns: 440795281151 ns
[    0.087581] Calibrating delay loop (skipped) preset value.. 5606.40 BogoMIPS (lpj=2803200)
[    0.088701] x86/cpu: User Mode Instruction Prevention (UMIP) activated
[    0.089276] Last level iTLB entries: 4KB 0, 2MB 0, 4MB 0
[    0.089578] Last level dTLB entries: 4KB 0, 2MB 0, 4MB 0, 1GB 0
[    0.090016] Spectre V1 : Mitigation: usercopy/swapgs barriers and __user pointer sanitization
[    0.090582] Spectre V2 : Spectre BHI mitigation: SW BHB clearing on vm exit
[    0.091057] Spectre V2 : Spectre BHI mitigation: SW BHB clearing on syscall
[    0.091578] Spectre V2 : Mitigation: Enhanced / Automatic IBRS
[    0.091965] Spectre V2 : Spectre v2 / PBRSB-eIBRS: Retire a single CALL on VMEXIT
[    0.092579] Spectre V2 : mitigation: Enabling conditional Indirect Branch Prediction Barrier
[    0.093185] Speculative Store Bypass: Mitigation: Speculative Store Bypass disabled via prctl
[    0.093581] ITS: WARNING: ITS mitigation depends on retpoline and rethunk support
[    0.094578] ITS: Vulnerable
[    0.094794] x86/fpu: Supporting XSAVE feature 0x001: 'x87 floating point registers'
[    0.095326] x86/fpu: Supporting XSAVE feature 0x002: 'SSE registers'
[    0.095578] x86/fpu: Supporting XSAVE feature 0x004: 'AVX registers'
[    0.096015] x86/fpu: Supporting XSAVE feature 0x020: 'AVX-512 opmask'
[    0.096578] x86/fpu: Supporting XSAVE feature 0x040: 'AVX-512 Hi256'
[    0.097009] x86/fpu: Supporting XSAVE feature 0x080: 'AVX-512 ZMM_Hi256'
[    0.097578] x86/fpu: Supporting XSAVE feature 0x200: 'Protection Keys User registers'
[    0.098108] x86/fpu: xstate_offset[2]:  576, xstate_sizes[2]:  256
[    0.098578] x86/fpu: xstate_offset[5]:  832, xstate_sizes[5]:   64
[    0.098996] x86/fpu: xstate_offset[6]:  896, xstate_sizes[6]:  512
[    0.099431] x86/fpu: xstate_offset[7]: 1408, xstate_sizes[7]: 1024
[    0.099578] x86/fpu: xstate_offset[9]: 2432, xstate_sizes[9]:    8
[    0.100041] x86/fpu: Enabled xstate features 0x2e7, context size is 2440 bytes, using 'compacted' format.
[    0.124804] Freeing SMP alternatives memory: 48K
[    0.125151] pid_max: default: 32768 minimum: 301
[    0.125515] LSM: initializing lsm=lockdown,capability,landlock,yama,apparmor,integrity
[    0.125589] landlock: Up and running.
[    0.125847] Yama: becoming mindful.
[    0.126593] AppArmor: AppArmor initialized
[    0.126894] Mount-cache hash table entries: 1024 (order: 1, 8192 bytes, linear)
[    0.127396] Mountpoint-cache hash table entries: 1024 (order: 1, 8192 bytes, linear)
[    0.127826] smpboot: CPU0: 11th Gen Intel(R) Core(TM) i7-1165G7 @ 2.80GHz (family: 0x6, model: 0x8c, stepping: 0x1)
[    0.128619] Performance Events: Icelake events, full-width counters, Intel PMU driver.
[    0.129291] ... version:                2
[    0.129565] ... bit width:              48
[    0.129580] ... generic registers:      8
[    0.129855] ... value mask:             0000ffffffffffff
[    0.130226] ... max period:             00007fffffffffff
[    0.130579] ... fixed-purpose events:   3
[    0.130853] ... event mask:             00000007000000ff
[    0.131285] signal: max sigframe size: 3632
[    0.131603] rcu: Hierarchical SRCU implementation.
[    0.131930] rcu: 	Max phase no-delay instances is 400.
[    0.132510] smp: Bringing up secondary CPUs ...
[    0.132596] smp: Brought up 1 node, 1 CPU
[    0.132839] smpboot: Max logical packages: 1
[    0.133104] smpboot: Total of 1 processors activated (5606.40 BogoMIPS)
[    0.134026] devtmpfs: initialized
[    0.134310] x86/mm: Memory block size: 128MB
[    0.134928] clocksource: jiffies: mask: 0xffffffff max_cycles: 0xffffffff, max_idle_ns: 1911260446275000 ns
[    0.135584] futex hash table entries: 256 (order: 2, 16384 bytes, linear)
[    0.136105] pinctrl core: initialized pinctrl subsystem
[    0.136560] PM: RTC time: 03:07:20, date: 2026-03-08
[    0.137126] NET: Registered PF_NETLINK/PF_ROUTE protocol family
[    0.137568] DMA: preallocated 128 KiB GFP_KERNEL pool for atomic allocations
[    0.137594] DMA: preallocated 128 KiB GFP_KERNEL|GFP_DMA pool for atomic allocations
[    0.138070] DMA: preallocated 128 KiB GFP_KERNEL|GFP_DMA32 pool for atomic allocations
[    0.138557] audit: initializing netlink subsys (disabled)
[    0.138663] thermal_sys: Registered thermal governor 'fair_share'
[    0.138664] thermal_sys: Registered thermal governor 'bang_bang'
[    0.139035] thermal_sys: Registered thermal governor 'step_wise'
[    0.139394] thermal_sys: Registered thermal governor 'user_space'
[    0.139581] audit: type=2000 audit(1772939241.093:1): state=initialized audit_enabled=0 res=1
[    0.140560] thermal_sys: Registered thermal governor 'power_allocator'
[    0.140585] cpuidle: using governor ladder
[    0.141363] cpuidle: using governor menu
[    0.141658] acpiphp: ACPI Hot Plug PCI Controller Driver version: 0.5
[    0.142162] PCI: ECAM [mem 0xb0000000-0xbfffffff] (base 0xb0000000) for domain 0000 [bus 00-ff]
[    0.142581] PCI: ECAM [mem 0xb0000000-0xbfffffff] reserved as E820 entry
[    0.142997] PCI: Using configuration type 1 for base access
[    0.143415] kprobes: kprobe jump-optimization is enabled. All kprobes are optimized if possible.
[    0.170834] HugeTLB: registered 1.00 GiB page size, pre-allocated 0 pages
[    0.171296] HugeTLB: 16380 KiB vmemmap can be freed for a 1.00 GiB page
[    0.171580] HugeTLB: registered 2.00 MiB page size, pre-allocated 0 pages
[    0.172077] HugeTLB: 28 KiB vmemmap can be freed for a 2.00 MiB page
[    0.172690] ACPI: Added _OSI(Module Device)
[    0.172949] ACPI: Added _OSI(Processor Device)
[    0.173251] ACPI: Added _OSI(Processor Aggregator Device)
[    0.174417] ACPI: 1 ACPI AML tables successfully acquired and loaded
[    0.175213] ACPI: _OSC evaluation for CPUs failed, trying _PDC
[    0.175664] ACPI: Interpreter enabled
[    0.175927] ACPI: PM: (supports S0 S3 S4 S5)
[    0.176218] ACPI: Using IOAPIC for interrupt routing
[    0.176639] PCI: Using host bridge windows from ACPI; if necessary, use "pci=nocrs" and report a bug
[    0.177185] PCI: Using E820 reservations for host bridge windows
[    0.177626] ACPI: Enabled 2 GPEs in block 00 to 3F
[    0.179014] ACPI: PCI Root Bridge [PCI0] (domain 0000 [bus 00-ff])
[    0.179391] acpi PNP0A08:00: _OSC: OS supports [ExtendedConfig ASPM ClockPM Segments MSI EDR HPX-Type3]
[    0.179609] acpi PNP0A08:00: _OSC: platform does not support [PCIeHotplug LTR DPC]
[    0.180178] acpi PNP0A08:00: _OSC: OS now controls [SHPCHotplug PME AER PCIeCapability]
[    0.180709] PCI host bridge to bus 0000:00
[    0.180990] pci_bus 0000:00: root bus resource [io  0x0000-0x0cf7 window]
[    0.181415] pci_bus 0000:00: root bus resource [io  0x0d00-0xffff window]
[    0.181580] pci_bus 0000:00: root bus resource [mem 0x000a0000-0x000bffff window]
[    0.182039] pci_bus 0000:00: root bus resource [mem 0x20000000-0xafffffff window]
[    0.182485] pci_bus 0000:00: root bus resource [mem 0xc0000000-0xfebfffff window]
[    0.182579] pci_bus 0000:00: root bus resource [mem 0x100000000-0x8ffffffff window]
[    0.183034] pci_bus 0000:00: root bus resource [bus 00-ff]
[    0.183402] pci 0000:00:00.0: [8086:29c0] type 00 class 0x060000 conventional PCI endpoint
[    0.183865] pci 0000:00:01.0: [1234:1111] type 00 class 0x030000 conventional PCI endpoint
[    0.184927] pci 0000:00:01.0: BAR 0 [mem 0xfd000000-0xfdffffff pref]
[    0.185362] pci 0000:00:01.0: BAR 2 [mem 0xfeb90000-0xfeb90fff]
[    0.185598] pci 0000:00:01.0: ROM [mem 0xfeb80000-0xfeb8ffff pref]
[    0.186075] pci 0000:00:01.0: Video device with shadowed ROM at [mem 0x000c0000-0x000dffff]
[    0.186749] pci 0000:00:02.0: [1af4:1000] type 00 class 0x020000 conventional PCI endpoint
[    0.187786] pci 0000:00:02.0: BAR 0 [io  0xc040-0xc05f]
[    0.188126] pci 0000:00:02.0: BAR 4 [mem 0xfe000000-0xfe003fff 64bit pref]
[    0.188579] pci 0000:00:02.0: ROM [mem 0xfeb00000-0xfeb7ffff pref]
[    0.196010] pci 0000:00:1f.0: [8086:2918] type 00 class 0x060100 conventional PCI endpoint
[    0.196767] pci 0000:00:1f.0: quirk: [io  0x0600-0x067f] claimed by ICH6 ACPI/GPIO/TCO
[    0.197452] pci 0000:00:1f.2: [8086:2922] type 00 class 0x010601 conventional PCI endpoint
[    0.197995] pci 0000:00:1f.2: BAR 4 [io  0xc060-0xc07f]
[    0.198317] pci 0000:00:1f.2: BAR 5 [mem 0xfeb91000-0xfeb91fff]
[    0.198797] pci 0000:00:1f.3: [8086:2930] type 00 class 0x0c0500 conventional PCI endpoint
[    0.199919] pci 0000:00:1f.3: BAR 4 [io  0x0700-0x073f]
[    0.200554] ACPI: PCI: Interrupt link LNKA configured for IRQ 10
[    0.200633] ACPI: PCI: Interrupt link LNKB configured for IRQ 10
[    0.201087] ACPI: PCI: Interrupt link LNKC configured for IRQ 11
[    0.201517] ACPI: PCI: Interrupt link LNKD configured for IRQ 11
[    0.201619] ACPI: PCI: Interrupt link LNKE configured for IRQ 10
[    0.202018] ACPI: PCI: Interrupt link LNKF configured for IRQ 10
[    0.202443] ACPI: PCI: Interrupt link LNKG configured for IRQ 11
[    0.202619] ACPI: PCI: Interrupt link LNKH configured for IRQ 11
[    0.203014] ACPI: PCI: Interrupt link GSIA configured for IRQ 16
[    0.203427] ACPI: PCI: Interrupt link GSIB configured for IRQ 17
[    0.203587] ACPI: PCI: Interrupt link GSIC configured for IRQ 18
[    0.203951] ACPI: PCI: Interrupt link GSID configured for IRQ 19
[    0.204312] ACPI: PCI: Interrupt link GSIE configured for IRQ 20
[    0.204584] ACPI: PCI: Interrupt link GSIF configured for IRQ 21
[    0.204960] ACPI: PCI: Interrupt link GSIG configured for IRQ 22
[    0.205406] ACPI: PCI: Interrupt link GSIH configured for IRQ 23
[    0.206109] iommu: Default domain type: Translated
[    0.206459] iommu: DMA domain TLB invalidation policy: lazy mode
[    0.206772] SCSI subsystem initialized
[    0.207235] ACPI: bus type USB registered
[    0.207595] usbcore: registered new interface driver usbfs
[    0.207984] usbcore: registered new interface driver hub
[    0.208348] usbcore: registered new device driver usb
[    0.208595] pps_core: LinuxPPS API ver. 1 registered
[    0.208935] pps_core: Software ver. 5.3.6 - Copyright 2005-2007 Rodolfo Giometti <giometti@linux.it>
[    0.209561] PTP clock support registered
[    0.209615] EDAC MC: Ver: 3.0.0
[    0.210087] NetLabel: Initializing
[    0.210338] NetLabel:  domain hash size = 128
[    0.210580] NetLabel:  protocols = UNLABELED CIPSOv4 CALIPSO
[    0.211021] NetLabel:  unlabeled traffic allowed by default
[    0.211619] mctp: management component transport protocol core
[    0.212024] NET: Registered PF_MCTP protocol family
[    0.212376] PCI: Using ACPI for IRQ routing
[    0.305794] pci 0000:00:01.0: vgaarb: setting as boot VGA device
[    0.306196] pci 0000:00:01.0: vgaarb: bridge control possible
[    0.306541] pci 0000:00:01.0: vgaarb: VGA device added: decodes=io+mem,owns=io+mem,locks=none
[    0.306579] vgaarb: loaded
[    0.306837] hpet0: at MMIO 0xfed00000, IRQs 2, 8, 0
[    0.307154] hpet0: 3 comparators, 64-bit 100.000000 MHz counter
[    0.312608] clocksource: Switched to clocksource kvm-clock
[    0.313342] VFS: Disk quotas dquot_6.6.0
[    0.313609] VFS: Dquot-cache hash table entries: 512 (order 0, 4096 bytes)
[    0.314161] AppArmor: AppArmor Filesystem Enabled
[    0.314544] pnp: PnP ACPI init
[    0.315013] system 00:05: [mem 0xb0000000-0xbfffffff window] has been reserved
[    0.315679] pnp: PnP ACPI: found 6 devices
[    0.321076] clocksource: acpi_pm: mask: 0xffffff max_cycles: 0xffffff, max_idle_ns: 2085701024 ns
[    0.321945] NET: Registered PF_INET protocol family
[    0.322335] IP idents hash table entries: 8192 (order: 4, 65536 bytes, linear)
[    0.331989] tcp_listen_portaddr_hash hash table entries: 256 (order: 0, 4096 bytes, linear)
[    0.332576] Table-perturb hash table entries: 65536 (order: 6, 262144 bytes, linear)
[    0.333065] TCP established hash table entries: 4096 (order: 3, 32768 bytes, linear)
[    0.333571] TCP bind hash table entries: 4096 (order: 5, 131072 bytes, linear)
[    0.334044] TCP: Hash tables configured (established 4096 bind 4096)
[    0.334542] MPTCP token hash table entries: 512 (order: 1, 12288 bytes, linear)
[    0.335021] UDP hash table entries: 256 (order: 1, 8192 bytes, linear)
[    0.335481] UDP-Lite hash table entries: 256 (order: 1, 8192 bytes, linear)
[    0.336147] NET: Registered PF_UNIX/PF_LOCAL protocol family
[    0.336591] NET: Registered PF_XDP protocol family
[    0.336938] pci_bus 0000:00: resource 4 [io  0x0000-0x0cf7 window]
[    0.337373] pci_bus 0000:00: resource 5 [io  0x0d00-0xffff window]
[    0.337798] pci_bus 0000:00: resource 6 [mem 0x000a0000-0x000bffff window]
[    0.338270] pci_bus 0000:00: resource 7 [mem 0x20000000-0xafffffff window]
[    0.338744] pci_bus 0000:00: resource 8 [mem 0xc0000000-0xfebfffff window]
[    0.339221] pci_bus 0000:00: resource 9 [mem 0x100000000-0x8ffffffff window]
[    0.339707] PCI: CLS 0 bytes, default 64
[    0.340007] Trying to unpack rootfs image as initramfs...
[    0.341386] clocksource: tsc: mask: 0xffffffffffffffff max_cycles: 0x28680fa287f, max_idle_ns: 440795281151 ns
[    0.343644] Initialise system trusted keyrings
[    0.343945] Key type blacklist registered
[    0.344223] workingset: timestamp_bits=36 max_order=17 bucket_order=0
[    0.345335] zbud: loaded
[    0.345634] squashfs: version 4.0 (2009/01/31) Phillip Lougher
[    0.347296] fuse: init (API version 7.39)
[    0.347663] integrity: Platform Keyring initialized
[    0.348002] integrity: Machine keyring initialized
[    0.361307] Key type asymmetric registered
[    0.361602] Asymmetric key parser 'x509' registered
[    0.361918] Block layer SCSI generic (bsg) driver version 0.4 loaded (major 243)
[    0.364312] io scheduler mq-deadline registered
[    0.364717] shpchp: Standard Hot Plug PCI Controller Driver version: 0.4
[    0.365409] input: Power Button as /devices/LNXSYSTM:00/LNXPWRBN:00/input/input0
[    0.367115] Freeing initrd memory: 1444K
[    0.367420] ACPI: button: Power Button [PWRF]
[    0.367954] ACPI: \_SB_.GSIG: Enabled at IRQ 22
[    0.368868] Serial: 8250/16550 driver, 32 ports, IRQ sharing enabled
[    0.391541] 00:03: ttyS0 at I/O 0x3f8 (irq = 4, base_baud = 115200) is a 16550A
[    0.393200] Linux agpgart interface v0.103
[    0.394434] loop: module loaded
[    0.394766] ACPI: bus type drm_connector registered
[    0.395211] tun: Universal TUN/TAP device driver, 1.6
[    0.396108] PPP generic driver version 2.4.2
[    0.396501] i8042: PNP: PS/2 Controller [PNP0303:KBD,PNP0f13:MOU] at 0x60,0x64 irq 1,12
[    0.397508] serio: i8042 KBD port at 0x60,0x64 irq 1
[    0.397810] serio: i8042 AUX port at 0x60,0x64 irq 12
[    0.398159] mousedev: PS/2 mouse device common for all mice
[    0.398681] input: AT Translated Set 2 keyboard as /devices/platform/i8042/serio0/input/input1
[    0.399425] rtc_cmos 00:04: RTC can wake from S4
[    0.400093] rtc_cmos 00:04: registered as rtc0
[    0.400477] rtc_cmos 00:04: setting system clock to 2026-03-08T03:07:20 UTC (1772939240)
[    0.400993] rtc_cmos 00:04: alarms up to one day, y3k, 242 bytes nvram, hpet irqs
[    0.401495] i2c_dev: i2c /dev entries driver
[    0.401817] device-mapper: core: CONFIG_IMA_DISABLE_HTABLE is disabled. Duplicate IMA measurements will not be recorded in the IMA log.
[    0.402628] device-mapper: uevent: version 1.0.3
[    0.402930] device-mapper: ioctl: 4.48.0-ioctl (2023-03-01) initialised: dm-devel@redhat.com
[    0.403501] intel_pstate: CPU model not supported
[    0.403789] ledtrig-cpu: registered to indicate activity on CPUs
[    0.404183] drop_monitor: Initializing network drop monitor service
[    0.404648] NET: Registered PF_INET6 protocol family
[    0.405157] Segment Routing with IPv6
[    0.405420] In-situ OAM (IOAM) with IPv6
[    0.405707] NET: Registered PF_PACKET protocol family
[    0.406066] Key type dns_resolver registered
[    0.406655] IPI shorthand broadcast: enabled
[    0.408337] sched_clock: Marking stable (345004014, 63260356)->(417592072, -9327702)
[    0.408966] registered taskstats version 1
[    0.409330] Loading compiled-in X.509 certificates
[    0.410086] Loaded X.509 cert 'Build time autogenerated kernel key: 7f71bdefc17a4d88631555bf9efbb1c93d6f5260'
[    0.411116] Loaded X.509 cert 'Canonical Ltd. Live Patch Signing 2025 Kmod: d541cef61dc7e793b7eb7e899970a2eef0b5dc8c'
[    0.412109] Loaded X.509 cert 'Canonical Ltd. Live Patch Signing: 14df34d1a87cf37625abec039ef2bf521249b969'
[    0.413039] Loaded X.509 cert 'Canonical Ltd. Kernel Module Signing: 88f752e560a1e0737e31163a466ad7b70a850c19'
[    0.413760] blacklist: Loading compiled-in revocation X.509 certificates
[    0.414267] Loaded X.509 cert 'Canonical Ltd. Secure Boot Signing: 61482aa2830d0ab2ad5af10b7250da9033ddcef0'
[    0.414950] Loaded X.509 cert 'Canonical Ltd. Secure Boot Signing (2017): 242ade75ac4a15e50d50c84b0d45ff3eae707a03'
[    0.415735] Loaded X.509 cert 'Canonical Ltd. Secure Boot Signing (ESM 2018): 365188c1d374d6b07c3c8f240f8ef722433d6a8b'
[    0.416514] Loaded X.509 cert 'Canonical Ltd. Secure Boot Signing (2019): c0746fd6c5da3ae827864651ad66ae47fe24b3e8'
[    0.417139] Loaded X.509 cert 'Canonical Ltd. Secure Boot Signing (2021 v1): a8d54bbb3825cfb94fa13c9f8a594a195c107b8d'
[    0.417889] Loaded X.509 cert 'Canonical Ltd. Secure Boot Signing (2021 v2): 4cf046892d6fd3c9a5b03f98d845f90851dc6a8c'
[    0.418604] Loaded X.509 cert 'Canonical Ltd. Secure Boot Signing (2021 v3): 100437bb6de6e469b581e61cd66bce3ef4ed53af'
[    0.419278] Loaded X.509 cert 'Canonical Ltd. Secure Boot Signing (Ubuntu Core 2019): c1d57b8f6b743f23ee41f4f7ee292f06eecadfb9'
[    0.422133] Key type .fscrypt registered
[    0.422448] Key type fscrypt-provisioning registered
[    0.422996] Key type encrypted registered
[    0.423297] AppArmor: AppArmor sha256 policy hashing enabled
[    0.423695] ima: No TPM chip found, activating TPM-bypass!
[    0.424044] Loading compiled-in module X.509 certificates
[    0.424799] Loaded X.509 cert 'Build time autogenerated kernel key: 7f71bdefc17a4d88631555bf9efbb1c93d6f5260'
[    0.425494] ima: Allocated hash algorithm: sha256
[    0.425786] ima: No architecture policies found
[    0.426065] evm: Initialising EVM extended attributes:
[    0.426397] evm: security.selinux
[    0.426603] evm: security.SMACK64
[    0.426806] evm: security.SMACK64EXEC
[    0.427029] evm: security.SMACK64TRANSMUTE
[    0.427285] evm: security.SMACK64MMAP
[    0.427521] evm: security.apparmor
[    0.427728] evm: security.ima
[    0.427910] evm: security.capability
[    0.428130] evm: HMAC attrs: 0x1
[    0.428520] PM:   Magic number: 2:960:107
[    0.430815] RAS: Correctable Errors collector initialized.
[    0.431243] clk: Disabling unused clocks
[    0.437256] Freeing unused decrypted memory: 2028K
[    0.437854] Freeing unused kernel image (initmem) memory: 4920K
[    0.438105] Write protecting the kernel read-only data: 38912k
[    0.438665] Freeing unused kernel image (rodata/data gap) memory: 1984K
[    0.446515] x86/mm: Checked W+X mappings: passed, no W+X pages found.
[    0.446814] Run /init as init process
[init] booted
[init] launching sleepdemo host=10.0.2.2 port=5555 idle=3 pm_test=devices no_suspend=0 runtime=17 wake=4
@@LOG kind=state mono_ms=0 boot_ms=0 state=STARTING
@@LOG kind=state mono_ms=0 boot_ms=0 state=CONNECTING host=10.0.2.2 port=5555 connect_attempt=1
@@LOG kind=state mono_ms=1 boot_ms=1 state=CONNECTED host=10.0.2.2 port=5555 connect_attempt=1
[2J[Hsleepdemo stage-1 lab
=====================
connection: CONNECTED
host: 10.0.2.2:5555
uptime_s: 0.002
bytes_received: 0
packets_received: 0
suspend_cycles: 0
connect_attempts: 1
idle_seconds: 3
redraw_ms: 1000
pm_test: devices
no_suspend: false
last_network_age_ms: 0
last_sleep_ms: 0
last_resume_gap_ms: 0
last_redraw_latency_ms: 0
last_reconnect_latency_ms: 0

Recent metrics are also emitted as @@METRIC lines for parsing.
@@LOG kind=state mono_ms=4 boot_ms=4 state=DISCONNECTED reason=peer_closed reconnect_in_ms=7000
[2J[Hsleepdemo stage-1 lab
=====================
connection: DISCONNECTED
host: 10.0.2.2:5555
uptime_s: 1.001
bytes_received: 0
packets_received: 0
suspend_cycles: 0
connect_attempts: 1
idle_seconds: 3
redraw_ms: 1000
pm_test: devices
no_suspend: false
last_network_age_ms: 0
last_sleep_ms: 0
last_resume_gap_ms: 0
last_redraw_latency_ms: 0
last_reconnect_latency_ms: 0

Recent metrics are also emitted as @@METRIC lines for parsing.
@@LOG kind=state mono_ms=3000 boot_ms=3000 wakealarm_seconds=4
@@LOG kind=state mono_ms=3000 boot_ms=3000 state=SUSPENDING cycle=1
[    3.452123] PM: suspend entry (s2idle)
[    3.452361] Filesystems sync: 0.000 seconds
[    3.460682] Freezing user space processes
[    3.461983] Freezing user space processes completed (elapsed 0.001 seconds)
[    3.462397] OOM killer disabled.
[    3.462592] Freezing remaining freezable tasks
[    3.463915] Freezing remaining freezable tasks completed (elapsed 0.001 seconds)
[    3.465044] PM: suspend debug: Waiting for 5 second(s).
[    8.467285] OOM killer enabled.
[    8.467475] Restarting tasks ... done.
[    8.467844] random: crng reseeded on system resumption
[    8.474933] PM: suspend exit
@@LOG kind=state mono_ms=8024 boot_ms=8024 state=RESUMED cycle=1 sleep_ms=5024 resume_gap_ms=5024
@@METRIC name=sleep_duration value_ms=5024 cycle=1
@@METRIC name=suspend_resume_gap value_ms=5024 cycle=1
[2J[Hsleepdemo stage-1 lab
=====================
connection: DISCONNECTED
host: 10.0.2.2:5555
uptime_s: 8.025
bytes_received: 0
packets_received: 0
suspend_cycles: 1
connect_attempts: 1
idle_seconds: 3
redraw_ms: 1000
pm_test: devices
no_suspend: false
last_network_age_ms: 0
last_sleep_ms: 5024
last_resume_gap_ms: 5024
last_redraw_latency_ms: 0
last_reconnect_latency_ms: 0

Recent metrics are also emitted as @@METRIC lines for parsing.
@@METRIC name=resume_to_redraw value_ms=4 cycle=1
@@LOG kind=state mono_ms=8028 boot_ms=8028 state=CONNECTING host=10.0.2.2 port=5555 connect_attempt=2
@@LOG kind=state mono_ms=8029 boot_ms=8029 state=CONNECTED host=10.0.2.2 port=5555 connect_attempt=2
@@METRIC name=resume_to_reconnect value_ms=5 cycle=1
@@LOG kind=state mono_ms=8930 boot_ms=8930 state=DISCONNECTED reason=peer_closed reconnect_in_ms=7000
[2J[Hsleepdemo stage-1 lab
=====================
connection: DISCONNECTED
host: 10.0.2.2:5555
uptime_s: 9.001
bytes_received: 10
packets_received: 2
suspend_cycles: 1
connect_attempts: 2
idle_seconds: 3
redraw_ms: 1000
pm_test: devices
no_suspend: false
last_network_age_ms: 370
last_sleep_ms: 5024
last_resume_gap_ms: 5024
last_redraw_latency_ms: 4
last_reconnect_latency_ms: 5

Recent metrics are also emitted as @@METRIC lines for parsing.
@@LOG kind=state mono_ms=16001 boot_ms=16001 state=CONNECTING host=10.0.2.2 port=5555 connect_attempt=3
@@LOG kind=state mono_ms=16002 boot_ms=16002 state=CONNECTED host=10.0.2.2 port=5555 connect_attempt=3
[2J[Hsleepdemo stage-1 lab
=====================
connection: CONNECTED
host: 10.0.2.2:5555
uptime_s: 17.001
bytes_received: 10
packets_received: 2
suspend_cycles: 1
connect_attempts: 3
idle_seconds: 3
redraw_ms: 1000
pm_test: devices
no_suspend: false
last_network_age_ms: 8370
last_sleep_ms: 5024
last_resume_gap_ms: 5024
last_redraw_latency_ms: 4
last_reconnect_latency_ms: 5

Recent metrics are also emitted as @@METRIC lines for parsing.
@@LOG kind=state mono_ms=17004 boot_ms=17004 runtime_limit_reached=true
@@LOG kind=state mono_ms=17004 boot_ms=17004 state=EXITING
[init] sleepdemo exited status=0
[   17.457286] ACPI: PM: Preparing to enter system sleep state S5
[   17.457721] reboot: Power down
