[    0.000000] Linux version 6.8.0-101-generic (buildd@lcy02-amd64-051) (x86_64-linux-gnu-gcc-13 (Ubuntu 13.3.0-6ubuntu2~24.04) 13.3.0, GNU ld (GNU Binutils for Ubuntu) 2.42) #101-Ubuntu SMP PREEMPT_DYNAMIC Mon Feb  9 10:15:05 UTC 2026 (Ubuntu 6.8.0-101.101-generic 6.8.12)
[    0.000000] Command line: console=ttyS0 panic=-1 no_console_suspend rdinit=/init display_probe=1 display_unbind_fbcon=1 phase3_client=weston-simple-shm phase3_runtime_seconds=35 phase3_suspend_delay_seconds=10 phase3_wake_seconds=5 phase3_pm_test=devices
[    0.000000] KERNEL supported cpus:
[    0.000000]   Intel GenuineIntel
[    0.000000]   AMD AuthenticAMD
[    0.000000]   Hygon HygonGenuine
[    0.000000]   Centaur CentaurHauls
[    0.000000]   zhaoxin   Shanghai  
[    0.000000] BIOS-provided physical RAM map:
[    0.000000] BIOS-e820: [mem 0x0000000000000000-0x000000000009fbff] usable
[    0.000000] BIOS-e820: [mem 0x000000000009fc00-0x000000000009ffff] reserved
[    0.000000] BIOS-e820: [mem 0x00000000000f0000-0x00000000000fffff] reserved
[    0.000000] BIOS-e820: [mem 0x0000000000100000-0x000000007ffddfff] usable
[    0.000000] BIOS-e820: [mem 0x000000007ffde000-0x000000007fffffff] reserved
[    0.000000] BIOS-e820: [mem 0x00000000b0000000-0x00000000bfffffff] reserved
[    0.000000] BIOS-e820: [mem 0x00000000fed1c000-0x00000000fed1ffff] reserved
[    0.000000] BIOS-e820: [mem 0x00000000feffc000-0x00000000feffffff] reserved
[    0.000000] BIOS-e820: [mem 0x00000000fffc0000-0x00000000ffffffff] reserved
[    0.000000] NX (Execute Disable) protection: active
[    0.000000] APIC: Static calls initialized
[    0.000000] SMBIOS 3.0.0 present.
[    0.000000] DMI: QEMU Standard PC (Q35 + ICH9, 2009), BIOS 1.16.3-debian-1.16.3-2 04/01/2014
[    0.000000] Hypervisor detected: KVM
[    0.000000] kvm-clock: Using msrs 4b564d01 and 4b564d00
[    0.000000] kvm-clock: using sched offset of 291458595 cycles
[    0.000001] clocksource: kvm-clock: mask: 0xffffffffffffffff max_cycles: 0x1cd42e4dffb, max_idle_ns: 881590591483 ns
[    0.000004] tsc: Detected 2803.200 MHz processor
[    0.000612] last_pfn = 0x7ffde max_arch_pfn = 0x400000000
[    0.000651] MTRR map: 4 entries (3 fixed + 1 variable; max 19), built from 8 variable MTRRs
[    0.000655] x86/PAT: Configuration [0-7]: WB  WC  UC- UC  WB  WP  UC- WT  
[    0.004734] found SMP MP-table at [mem 0x000f5470-0x000f547f]
[    0.004747] Using GB pages for direct mapping
[    0.004831] RAMDISK: [mem 0x75de7000-0x7ffcffff]
[    0.004838] ACPI: Early table checksum verification disabled
[    0.004841] ACPI: RSDP 0x00000000000F52B0 000014 (v00 BOCHS )
[    0.004845] ACPI: RSDT 0x000000007FFE2304 000038 (v01 BOCHS  BXPC     00000001 BXPC 00000001)
[    0.004849] ACPI: FACP 0x000000007FFE20FC 0000F4 (v03 BOCHS  BXPC     00000001 BXPC 00000001)
[    0.004853] ACPI: DSDT 0x000000007FFE0040 0020BC (v01 BOCHS  BXPC     00000001 BXPC 00000001)
[    0.004856] ACPI: FACS 0x000000007FFE0000 000040
[    0.004858] ACPI: APIC 0x000000007FFE21F0 000078 (v03 BOCHS  BXPC     00000001 BXPC 00000001)
[    0.004860] ACPI: HPET 0x000000007FFE2268 000038 (v01 BOCHS  BXPC     00000001 BXPC 00000001)
[    0.004862] ACPI: MCFG 0x000000007FFE22A0 00003C (v01 BOCHS  BXPC     00000001 BXPC 00000001)
[    0.004865] ACPI: WAET 0x000000007FFE22DC 000028 (v01 BOCHS  BXPC     00000001 BXPC 00000001)
[    0.004866] ACPI: Reserving FACP table memory at [mem 0x7ffe20fc-0x7ffe21ef]
[    0.004867] ACPI: Reserving DSDT table memory at [mem 0x7ffe0040-0x7ffe20fb]
[    0.004868] ACPI: Reserving FACS table memory at [mem 0x7ffe0000-0x7ffe003f]
[    0.004869] ACPI: Reserving APIC table memory at [mem 0x7ffe21f0-0x7ffe2267]
[    0.004869] ACPI: Reserving HPET table memory at [mem 0x7ffe2268-0x7ffe229f]
[    0.004870] ACPI: Reserving MCFG table memory at [mem 0x7ffe22a0-0x7ffe22db]
[    0.004871] ACPI: Reserving WAET table memory at [mem 0x7ffe22dc-0x7ffe2303]
[    0.005099] No NUMA configuration found
[    0.005100] Faking a node at [mem 0x0000000000000000-0x000000007ffddfff]
[    0.005105] NODE_DATA(0) allocated [mem 0x75dbc000-0x75de6fff]
[    0.005210] Zone ranges:
[    0.005211]   DMA      [mem 0x0000000000001000-0x0000000000ffffff]
[    0.005212]   DMA32    [mem 0x0000000001000000-0x000000007ffddfff]
[    0.005214]   Normal   empty
[    0.005215]   Device   empty
[    0.005215] Movable zone start for each node
[    0.005216] Early memory node ranges
[    0.005217]   node   0: [mem 0x0000000000001000-0x000000000009efff]
[    0.005218]   node   0: [mem 0x0000000000100000-0x000000007ffddfff]
[    0.005219] Initmem setup node 0 [mem 0x0000000000001000-0x000000007ffddfff]
[    0.005417] On node 0, zone DMA: 1 pages in unavailable ranges
[    0.005426] On node 0, zone DMA: 97 pages in unavailable ranges
[    0.009779] On node 0, zone DMA32: 34 pages in unavailable ranges
[    0.010024] ACPI: PM-Timer IO Port: 0x608
[    0.010036] ACPI: LAPIC_NMI (acpi_id[0xff] dfl dfl lint[0x1])
[    0.010064] IOAPIC[0]: apic_id 0, version 17, address 0xfec00000, GSI 0-23
[    0.010067] ACPI: INT_SRC_OVR (bus 0 bus_irq 0 global_irq 2 dfl dfl)
[    0.010068] ACPI: INT_SRC_OVR (bus 0 bus_irq 5 global_irq 5 high level)
[    0.010069] ACPI: INT_SRC_OVR (bus 0 bus_irq 9 global_irq 9 high level)
[    0.010070] ACPI: INT_SRC_OVR (bus 0 bus_irq 10 global_irq 10 high level)
[    0.010071] ACPI: INT_SRC_OVR (bus 0 bus_irq 11 global_irq 11 high level)
[    0.010074] ACPI: Using ACPI (MADT) for SMP configuration information
[    0.010075] ACPI: HPET id: 0x8086a201 base: 0xfed00000
[    0.010079] TSC deadline timer available
[    0.010079] smpboot: Allowing 1 CPUs, 0 hotplug CPUs
[    0.010097] kvm-guest: APIC: eoi() replaced with kvm_guest_apic_eoi_write()
[    0.010119] PM: hibernation: Registered nosave memory: [mem 0x00000000-0x00000fff]
[    0.010120] PM: hibernation: Registered nosave memory: [mem 0x0009f000-0x000fffff]
[    0.010122] [mem 0xc0000000-0xfed1bfff] available for PCI devices
[    0.010123] Booting paravirtualized kernel on KVM
[    0.010125] clocksource: refined-jiffies: mask: 0xffffffff max_cycles: 0xffffffff, max_idle_ns: 1910969940391419 ns
[    0.010131] setup_percpu: NR_CPUS:8192 nr_cpumask_bits:1 nr_cpu_ids:1 nr_node_ids:1
[    0.010435] percpu: Embedded 86 pages/cpu s229376 r8192 d114688 u2097152
[    0.010465] kvm-guest: PV spinlocks disabled, single CPU
[    0.010466] Kernel command line: console=ttyS0 panic=-1 no_console_suspend rdinit=/init display_probe=1 display_unbind_fbcon=1 phase3_client=weston-simple-shm phase3_runtime_seconds=35 phase3_suspend_delay_seconds=10 phase3_wake_seconds=5 phase3_pm_test=devices
[    0.010554] Unknown kernel command line parameters "display_probe=1 display_unbind_fbcon=1 phase3_client=weston-simple-shm phase3_runtime_seconds=35 phase3_suspend_delay_seconds=10 phase3_wake_seconds=5 phase3_pm_test=devices", will be passed to user space.
[    0.010595] random: crng init done
[    0.010853] Dentry cache hash table entries: 262144 (order: 9, 2097152 bytes, linear)
[    0.010920] Inode-cache hash table entries: 131072 (order: 8, 1048576 bytes, linear)
[    0.010949] Fallback order for Node 0: 0 
[    0.010952] Built 1 zonelists, mobility grouping on.  Total pages: 515806
[    0.010953] Policy zone: DMA32
[    0.010957] mem auto-init: stack:all(zero), heap alloc:on, heap free:off
[    0.014272] Memory: 1840204K/2096624K available (22528K kernel code, 4439K rwdata, 14400K rodata, 4920K init, 4788K bss, 256160K reserved, 0K cma-reserved)
[    0.014867] SLUB: HWalign=64, Order=0-3, MinObjects=0, CPUs=1, Nodes=1
[    0.014884] ftrace: allocating 58250 entries in 228 pages
[    0.022295] ftrace: allocated 228 pages with 4 groups
[    0.023034] Dynamic Preempt: voluntary
[    0.023318] rcu: Preemptible hierarchical RCU implementation.
[    0.023319] rcu: 	RCU restricting CPUs from NR_CPUS=8192 to nr_cpu_ids=1.
[    0.023321] 	Trampoline variant of Tasks RCU enabled.
[    0.023321] 	Rude variant of Tasks RCU enabled.
[    0.023322] 	Tracing variant of Tasks RCU enabled.
[    0.023322] rcu: RCU calculated value of scheduler-enlistment delay is 100 jiffies.
[    0.023323] rcu: Adjusting geometry for rcu_fanout_leaf=16, nr_cpu_ids=1
[    0.023330] RCU Tasks: Setting shift to 0 and lim to 1 rcu_task_cb_adjust=1 rcu_task_cpu_ids=1.
[    0.023332] RCU Tasks Rude: Setting shift to 0 and lim to 1 rcu_task_cb_adjust=1 rcu_task_cpu_ids=1.
[    0.023333] RCU Tasks Trace: Setting shift to 0 and lim to 1 rcu_task_cb_adjust=1 rcu_task_cpu_ids=1.
[    0.025772] NR_IRQS: 524544, nr_irqs: 256, preallocated irqs: 16
[    0.025961] rcu: srcu_init: Setting srcu_struct sizes based on contention.
[    0.032665] Console: colour VGA+ 80x25
[    0.032700] printk: legacy console [ttyS0] enabled
[    0.085774] ACPI: Core revision 20230628
[    0.086171] clocksource: hpet: mask: 0xffffffff max_cycles: 0xffffffff, max_idle_ns: 19112604467 ns
[    0.086887] APIC: Switch to symmetric I/O mode setup
[    0.087443] x2apic enabled
[    0.087891] APIC: Switched APIC routing to: physical x2apic
[    0.088998] ..TIMER: vector=0x30 apic1=0 pin1=2 apic2=-1 pin2=-1
[    0.089394] clocksource: tsc-early: mask: 0xffffffffffffffff max_cycles: 0x28680fa287f, max_idle_ns: 440795281151 ns
[    0.090121] Calibrating delay loop (skipped) preset value.. 5606.40 BogoMIPS (lpj=2803200)
[    0.090842] x86/cpu: User Mode Instruction Prevention (UMIP) activated
[    0.091218] Last level iTLB entries: 4KB 0, 2MB 0, 4MB 0
[    0.091605] Last level dTLB entries: 4KB 0, 2MB 0, 4MB 0, 1GB 0
[    0.092126] Spectre V1 : Mitigation: usercopy/swapgs barriers and __user pointer sanitization
[    0.093123] Spectre V2 : Spectre BHI mitigation: SW BHB clearing on vm exit
[    0.093573] Spectre V2 : Spectre BHI mitigation: SW BHB clearing on syscall
[    0.094035] Spectre V2 : Mitigation: Enhanced / Automatic IBRS
[    0.094119] Spectre V2 : Spectre v2 / PBRSB-eIBRS: Retire a single CALL on VMEXIT
[    0.094625] Spectre V2 : mitigation: Enabling conditional Indirect Branch Prediction Barrier
[    0.095120] Speculative Store Bypass: Mitigation: Speculative Store Bypass disabled via prctl
[    0.096120] ITS: WARNING: ITS mitigation depends on retpoline and rethunk support
[    0.096614] ITS: Vulnerable
[    0.096820] x86/fpu: Supporting XSAVE feature 0x001: 'x87 floating point registers'
[    0.097119] x86/fpu: Supporting XSAVE feature 0x002: 'SSE registers'
[    0.097493] x86/fpu: Supporting XSAVE feature 0x004: 'AVX registers'
[    0.097895] x86/fpu: Supporting XSAVE feature 0x020: 'AVX-512 opmask'
[    0.098122] x86/fpu: Supporting XSAVE feature 0x040: 'AVX-512 Hi256'
[    0.098580] x86/fpu: Supporting XSAVE feature 0x080: 'AVX-512 ZMM_Hi256'
[    0.099119] x86/fpu: Supporting XSAVE feature 0x200: 'Protection Keys User registers'
[    0.099655] x86/fpu: xstate_offset[2]:  576, xstate_sizes[2]:  256
[    0.100119] x86/fpu: xstate_offset[5]:  832, xstate_sizes[5]:   64
[    0.100556] x86/fpu: xstate_offset[6]:  896, xstate_sizes[6]:  512
[    0.101119] x86/fpu: xstate_offset[7]: 1408, xstate_sizes[7]: 1024
[    0.101547] x86/fpu: xstate_offset[9]: 2432, xstate_sizes[9]:    8
[    0.102120] x86/fpu: Enabled xstate features 0x2e7, context size is 2440 bytes, using 'compacted' format.
[    0.126069] Freeing SMP alternatives memory: 48K
[    0.126121] pid_max: default: 32768 minimum: 301
[    0.126477] LSM: initializing lsm=lockdown,capability,landlock,yama,apparmor,integrity
[    0.127127] landlock: Up and running.
[    0.127374] Yama: becoming mindful.
[    0.127633] AppArmor: AppArmor initialized
[    0.127973] Mount-cache hash table entries: 4096 (order: 3, 32768 bytes, linear)
[    0.128122] Mountpoint-cache hash table entries: 4096 (order: 3, 32768 bytes, linear)
[    0.129339] smpboot: CPU0: 11th Gen Intel(R) Core(TM) i7-1165G7 @ 2.80GHz (family: 0x6, model: 0x8c, stepping: 0x1)
[    0.130119] Performance Events: Icelake events, full-width counters, Intel PMU driver.
[    0.130125] ... version:                2
[    0.130403] ... bit width:              48
[    0.130768] ... generic registers:      8
[    0.131068] ... value mask:             0000ffffffffffff
[    0.131122] ... max period:             00007fffffffffff
[    0.131487] ... fixed-purpose events:   3
[    0.131762] ... event mask:             00000007000000ff
[    0.132208] signal: max sigframe size: 3632
[    0.132506] rcu: Hierarchical SRCU implementation.
[    0.132842] rcu: 	Max phase no-delay instances is 400.
[    0.133338] smp: Bringing up secondary CPUs ...
[    0.133655] smp: Brought up 1 node, 1 CPU
[    0.133895] smpboot: Max logical packages: 1
[    0.134124] smpboot: Total of 1 processors activated (5606.40 BogoMIPS)
[    0.134705] devtmpfs: initialized
[    0.134938] x86/mm: Memory block size: 128MB
[    0.135377] clocksource: jiffies: mask: 0xffffffff max_cycles: 0xffffffff, max_idle_ns: 1911260446275000 ns
[    0.135989] futex hash table entries: 256 (order: 2, 16384 bytes, linear)
[    0.136201] pinctrl core: initialized pinctrl subsystem
[    0.136611] PM: RTC time: 03:55:44, date: 2026-03-08
[    0.137334] NET: Registered PF_NETLINK/PF_ROUTE protocol family
[    0.137845] DMA: preallocated 256 KiB GFP_KERNEL pool for atomic allocations
[    0.138140] DMA: preallocated 256 KiB GFP_KERNEL|GFP_DMA pool for atomic allocations
[    0.138615] DMA: preallocated 256 KiB GFP_KERNEL|GFP_DMA32 pool for atomic allocations
[    0.139116] audit: initializing netlink subsys (disabled)
[    0.139145] audit: type=2000 audit(1772942145.268:1): state=initialized audit_enabled=0 res=1
[    0.139739] thermal_sys: Registered thermal governor 'fair_share'
[    0.139740] thermal_sys: Registered thermal governor 'bang_bang'
[    0.140102] thermal_sys: Registered thermal governor 'step_wise'
[    0.140121] thermal_sys: Registered thermal governor 'user_space'
[    0.140522] thermal_sys: Registered thermal governor 'power_allocator'
[    0.140953] cpuidle: using governor ladder
[    0.141433] cpuidle: using governor menu
[    0.141794] acpiphp: ACPI Hot Plug PCI Controller Driver version: 0.5
[    0.142216] PCI: ECAM [mem 0xb0000000-0xbfffffff] (base 0xb0000000) for domain 0000 [bus 00-ff]
[    0.142828] PCI: ECAM [mem 0xb0000000-0xbfffffff] reserved as E820 entry
[    0.143127] PCI: Using configuration type 1 for base access
[    0.143609] kprobes: kprobe jump-optimization is enabled. All kprobes are optimized if possible.
[    0.171162] HugeTLB: registered 1.00 GiB page size, pre-allocated 0 pages
[    0.171606] HugeTLB: 16380 KiB vmemmap can be freed for a 1.00 GiB page
[    0.171998] HugeTLB: registered 2.00 MiB page size, pre-allocated 0 pages
[    0.172121] HugeTLB: 28 KiB vmemmap can be freed for a 2.00 MiB page
[    0.172852] ACPI: Added _OSI(Module Device)
[    0.173124] ACPI: Added _OSI(Processor Device)
[    0.173388] ACPI: Added _OSI(Processor Aggregator Device)
[    0.174503] ACPI: 1 ACPI AML tables successfully acquired and loaded
[    0.175571] ACPI: _OSC evaluation for CPUs failed, trying _PDC
[    0.176057] ACPI: Interpreter enabled
[    0.176129] ACPI: PM: (supports S0 S3 S4 S5)
[    0.176420] ACPI: Using IOAPIC for interrupt routing
[    0.176822] PCI: Using host bridge windows from ACPI; if necessary, use "pci=nocrs" and report a bug
[    0.177121] PCI: Using E820 reservations for host bridge windows
[    0.177593] ACPI: Enabled 2 GPEs in block 00 to 3F
[    0.179112] ACPI: PCI Root Bridge [PCI0] (domain 0000 [bus 00-ff])
[    0.179123] acpi PNP0A08:00: _OSC: OS supports [ExtendedConfig ASPM ClockPM Segments MSI EDR HPX-Type3]
[    0.179707] acpi PNP0A08:00: _OSC: platform does not support [PCIeHotplug LTR DPC]
[    0.180166] acpi PNP0A08:00: _OSC: OS now controls [SHPCHotplug PME AER PCIeCapability]
[    0.180798] PCI host bridge to bus 0000:00
[    0.181106] pci_bus 0000:00: root bus resource [io  0x0000-0x0cf7 window]
[    0.181121] pci_bus 0000:00: root bus resource [io  0x0d00-0xffff window]
[    0.181593] pci_bus 0000:00: root bus resource [mem 0x000a0000-0x000bffff window]
[    0.182121] pci_bus 0000:00: root bus resource [mem 0x80000000-0xafffffff window]
[    0.182631] pci_bus 0000:00: root bus resource [mem 0xc0000000-0xfebfffff window]
[    0.183120] pci_bus 0000:00: root bus resource [mem 0x100000000-0x8ffffffff window]
[    0.183647] pci_bus 0000:00: root bus resource [bus 00-ff]
[    0.184086] pci 0000:00:00.0: [8086:29c0] type 00 class 0x060000 conventional PCI endpoint
[    0.184467] pci 0000:00:01.0: [1af4:1000] type 00 class 0x020000 conventional PCI endpoint
[    0.185529] pci 0000:00:01.0: BAR 0 [io  0xc040-0xc05f]
[    0.185884] pci 0000:00:01.0: BAR 4 [mem 0xfe800000-0xfe803fff 64bit pref]
[    0.186124] pci 0000:00:01.0: ROM [mem 0xfeb00000-0xfeb7ffff pref]
[    0.186860] pci 0000:00:02.0: [1af4:1050] type 00 class 0x030000 conventional PCI endpoint
[    0.188135] pci 0000:00:02.0: BAR 0 [mem 0xfe000000-0xfe7fffff pref]
[    0.188588] pci 0000:00:02.0: BAR 2 [mem 0xfe804000-0xfe807fff 64bit pref]
[    0.189079] pci 0000:00:02.0: BAR 4 [mem 0xfeb94000-0xfeb94fff]
[    0.189130] pci 0000:00:02.0: ROM [mem 0xfeb80000-0xfeb8ffff pref]
[    0.189590] pci 0000:00:02.0: Video device with shadowed ROM at [mem 0x000c0000-0x000dffff]
[    0.190526] pci 0000:00:03.0: [1b36:000d] type 00 class 0x0c0330 PCIe Root Complex Integrated Endpoint
[    0.191609] pci 0000:00:03.0: BAR 0 [mem 0xfeb90000-0xfeb93fff 64bit]
[    0.198934] pci 0000:00:1f.0: [8086:2918] type 00 class 0x060100 conventional PCI endpoint
[    0.199305] pci 0000:00:1f.0: quirk: [io  0x0600-0x067f] claimed by ICH6 ACPI/GPIO/TCO
[    0.199942] pci 0000:00:1f.2: [8086:2922] type 00 class 0x010601 conventional PCI endpoint
[    0.200757] pci 0000:00:1f.2: BAR 4 [io  0xc060-0xc07f]
[    0.201126] pci 0000:00:1f.2: BAR 5 [mem 0xfeb95000-0xfeb95fff]
[    0.201779] pci 0000:00:1f.3: [8086:2930] type 00 class 0x0c0500 conventional PCI endpoint
[    0.202522] pci 0000:00:1f.3: BAR 4 [io  0x0700-0x073f]
[    0.203073] ACPI: PCI: Interrupt link LNKA configured for IRQ 10
[    0.203171] ACPI: PCI: Interrupt link LNKB configured for IRQ 10
[    0.203622] ACPI: PCI: Interrupt link LNKC configured for IRQ 11
[    0.204077] ACPI: PCI: Interrupt link LNKD configured for IRQ 11
[    0.204180] ACPI: PCI: Interrupt link LNKE configured for IRQ 10
[    0.204661] ACPI: PCI: Interrupt link LNKF configured for IRQ 10
[    0.205124] ACPI: PCI: Interrupt link LNKG configured for IRQ 11
[    0.205573] ACPI: PCI: Interrupt link LNKH configured for IRQ 11
[    0.205968] ACPI: PCI: Interrupt link GSIA configured for IRQ 16
[    0.206125] ACPI: PCI: Interrupt link GSIB configured for IRQ 17
[    0.206487] ACPI: PCI: Interrupt link GSIC configured for IRQ 18
[    0.206899] ACPI: PCI: Interrupt link GSID configured for IRQ 19
[    0.207125] ACPI: PCI: Interrupt link GSIE configured for IRQ 20
[    0.207550] ACPI: PCI: Interrupt link GSIF configured for IRQ 21
[    0.207961] ACPI: PCI: Interrupt link GSIG configured for IRQ 22
[    0.208125] ACPI: PCI: Interrupt link GSIH configured for IRQ 23
[    0.208767] iommu: Default domain type: Translated
[    0.209076] iommu: DMA domain TLB invalidation policy: lazy mode
[    0.209232] SCSI subsystem initialized
[    0.209523] ACPI: bus type USB registered
[    0.209817] usbcore: registered new interface driver usbfs
[    0.210125] usbcore: registered new interface driver hub
[    0.210485] usbcore: registered new device driver usb
[    0.210861] pps_core: LinuxPPS API ver. 1 registered
[    0.211120] pps_core: Software ver. 5.3.6 - Copyright 2005-2007 Rodolfo Giometti <giometti@linux.it>
[    0.211734] PTP clock support registered
[    0.212050] EDAC MC: Ver: 3.0.0
[    0.212383] NetLabel: Initializing
[    0.212596] NetLabel:  domain hash size = 128
[    0.212859] NetLabel:  protocols = UNLABELED CIPSOv4 CALIPSO
[    0.213133] NetLabel:  unlabeled traffic allowed by default
[    0.213560] mctp: management component transport protocol core
[    0.213906] NET: Registered PF_MCTP protocol family
[    0.214128] PCI: Using ACPI for IRQ routing
[    0.316215] pci 0000:00:02.0: vgaarb: setting as boot VGA device
[    0.316686] pci 0000:00:02.0: vgaarb: bridge control possible
[    0.317090] pci 0000:00:02.0: vgaarb: VGA device added: decodes=io+mem,owns=io+mem,locks=none
[    0.317126] vgaarb: loaded
[    0.317463] hpet0: at MMIO 0xfed00000, IRQs 2, 8, 0
[    0.317822] hpet0: 3 comparators, 64-bit 100.000000 MHz counter
[    0.321175] clocksource: Switched to clocksource kvm-clock
[    0.322049] VFS: Disk quotas dquot_6.6.0
[    0.322313] VFS: Dquot-cache hash table entries: 512 (order 0, 4096 bytes)
[    0.322856] AppArmor: AppArmor Filesystem Enabled
[    0.323226] pnp: PnP ACPI init
[    0.323563] system 00:05: [mem 0xb0000000-0xbfffffff window] has been reserved
[    0.324245] pnp: PnP ACPI: found 6 devices
[    0.329745] clocksource: acpi_pm: mask: 0xffffff max_cycles: 0xffffff, max_idle_ns: 2085701024 ns
[    0.330466] NET: Registered PF_INET protocol family
[    0.331051] IP idents hash table entries: 32768 (order: 6, 262144 bytes, linear)
[    0.341763] tcp_listen_portaddr_hash hash table entries: 1024 (order: 2, 16384 bytes, linear)
[    0.342399] Table-perturb hash table entries: 65536 (order: 6, 262144 bytes, linear)
[    0.342959] TCP established hash table entries: 16384 (order: 5, 131072 bytes, linear)
[    0.343712] TCP bind hash table entries: 16384 (order: 7, 524288 bytes, linear)
[    0.344296] TCP: Hash tables configured (established 16384 bind 16384)
[    0.344789] MPTCP token hash table entries: 2048 (order: 3, 49152 bytes, linear)
[    0.345352] UDP hash table entries: 1024 (order: 3, 32768 bytes, linear)
[    0.345841] UDP-Lite hash table entries: 1024 (order: 3, 32768 bytes, linear)
[    0.346386] NET: Registered PF_UNIX/PF_LOCAL protocol family
[    0.346796] NET: Registered PF_XDP protocol family
[    0.347160] pci_bus 0000:00: resource 4 [io  0x0000-0x0cf7 window]
[    0.347577] pci_bus 0000:00: resource 5 [io  0x0d00-0xffff window]
[    0.348000] pci_bus 0000:00: resource 6 [mem 0x000a0000-0x000bffff window]
[    0.348476] pci_bus 0000:00: resource 7 [mem 0x80000000-0xafffffff window]
[    0.348954] pci_bus 0000:00: resource 8 [mem 0xc0000000-0xfebfffff window]
[    0.349426] pci_bus 0000:00: resource 9 [mem 0x100000000-0x8ffffffff window]
[    0.350099] ACPI: \_SB_.GSIH: Enabled at IRQ 23
[    0.350844] PCI: CLS 0 bytes, default 64
[    0.351312] Trying to unpack rootfs image as initramfs...
[    0.352260] clocksource: tsc: mask: 0xffffffffffffffff max_cycles: 0x28680fa287f, max_idle_ns: 440795281151 ns
[    0.353357] Initialise system trusted keyrings
[    0.353747] Key type blacklist registered
[    0.355191] workingset: timestamp_bits=36 max_order=19 bucket_order=0
[    0.355836] zbud: loaded
[    0.357310] squashfs: version 4.0 (2009/01/31) Phillip Lougher
[    0.359360] fuse: init (API version 7.39)
[    0.359909] integrity: Platform Keyring initialized
[    0.360307] integrity: Machine keyring initialized
[    0.375168] Key type asymmetric registered
[    0.375453] Asymmetric key parser 'x509' registered
[    0.375766] Block layer SCSI generic (bsg) driver version 0.4 loaded (major 243)
[    0.377228] io scheduler mq-deadline registered
[    0.378234] shpchp: Standard Hot Plug PCI Controller Driver version: 0.4
[    0.378776] input: Power Button as /devices/LNXSYSTM:00/LNXPWRBN:00/input/input0
[    0.380300] ACPI: button: Power Button [PWRF]
[    0.381396] ACPI: \_SB_.GSIF: Enabled at IRQ 21
[    0.384593] ACPI: \_SB_.GSIG: Enabled at IRQ 22
[    0.386866] Serial: 8250/16550 driver, 32 ports, IRQ sharing enabled
[    0.434288] 00:03: ttyS0 at I/O 0x3f8 (irq = 4, base_baud = 115200) is a 16550A
[    0.438346] Linux agpgart interface v0.103
[    0.440488] loop: module loaded
[    0.440857] ACPI: bus type drm_connector registered
[    0.442319] tun: Universal TUN/TAP device driver, 1.6
[    0.448231] PPP generic driver version 2.4.2
[    0.448652] i8042: PNP: PS/2 Controller [PNP0303:KBD,PNP0f13:MOU] at 0x60,0x64 irq 1,12
[    0.450705] serio: i8042 KBD port at 0x60,0x64 irq 1
[    0.451061] serio: i8042 AUX port at 0x60,0x64 irq 12
[    0.452283] mousedev: PS/2 mouse device common for all mice
[    0.453355] input: AT Translated Set 2 keyboard as /devices/platform/i8042/serio0/input/input1
[    0.454134] rtc_cmos 00:04: RTC can wake from S4
[    0.455561] rtc_cmos 00:04: registered as rtc0
[    0.455916] rtc_cmos 00:04: setting system clock to 2026-03-08T03:55:44 UTC (1772942144)
[    0.458232] rtc_cmos 00:04: alarms up to one day, y3k, 242 bytes nvram, hpet irqs
[    0.458775] i2c_dev: i2c /dev entries driver
[    0.460216] device-mapper: core: CONFIG_IMA_DISABLE_HTABLE is disabled. Duplicate IMA measurements will not be recorded in the IMA log.
[    0.461083] device-mapper: uevent: version 1.0.3
[    0.462294] device-mapper: ioctl: 4.48.0-ioctl (2023-03-01) initialised: dm-devel@redhat.com
[    0.462881] intel_pstate: CPU model not supported
[    0.465170] ledtrig-cpu: registered to indicate activity on CPUs
[    0.465664] drop_monitor: Initializing network drop monitor service
[    0.467273] NET: Registered PF_INET6 protocol family
[    1.876692] Freeing initrd memory: 165796K
[    1.877178] Segment Routing with IPv6
[    1.877445] In-situ OAM (IOAM) with IPv6
[    1.877737] NET: Registered PF_PACKET protocol family
[    1.878111] Key type dns_resolver registered
[    1.878513] IPI shorthand broadcast: enabled
[    1.879692] sched_clock: Marking stable (1818001726, 61152587)->(1890884028, -11729715)
[    1.880351] registered taskstats version 1
[    1.880691] Loading compiled-in X.509 certificates
[    1.881516] Loaded X.509 cert 'Build time autogenerated kernel key: 7f71bdefc17a4d88631555bf9efbb1c93d6f5260'
[    1.882639] Loaded X.509 cert 'Canonical Ltd. Live Patch Signing 2025 Kmod: d541cef61dc7e793b7eb7e899970a2eef0b5dc8c'
[    1.883724] Loaded X.509 cert 'Canonical Ltd. Live Patch Signing: 14df34d1a87cf37625abec039ef2bf521249b969'
[    1.884741] Loaded X.509 cert 'Canonical Ltd. Kernel Module Signing: 88f752e560a1e0737e31163a466ad7b70a850c19'
[    1.885421] blacklist: Loading compiled-in revocation X.509 certificates
[    1.885883] Loaded X.509 cert 'Canonical Ltd. Secure Boot Signing: 61482aa2830d0ab2ad5af10b7250da9033ddcef0'
[    1.886581] Loaded X.509 cert 'Canonical Ltd. Secure Boot Signing (2017): 242ade75ac4a15e50d50c84b0d45ff3eae707a03'
[    1.887293] Loaded X.509 cert 'Canonical Ltd. Secure Boot Signing (ESM 2018): 365188c1d374d6b07c3c8f240f8ef722433d6a8b'
[    1.887936] Loaded X.509 cert 'Canonical Ltd. Secure Boot Signing (2019): c0746fd6c5da3ae827864651ad66ae47fe24b3e8'
[    1.888586] Loaded X.509 cert 'Canonical Ltd. Secure Boot Signing (2021 v1): a8d54bbb3825cfb94fa13c9f8a594a195c107b8d'
[    1.889243] Loaded X.509 cert 'Canonical Ltd. Secure Boot Signing (2021 v2): 4cf046892d6fd3c9a5b03f98d845f90851dc6a8c'
[    1.889876] Loaded X.509 cert 'Canonical Ltd. Secure Boot Signing (2021 v3): 100437bb6de6e469b581e61cd66bce3ef4ed53af'
[    1.890573] Loaded X.509 cert 'Canonical Ltd. Secure Boot Signing (Ubuntu Core 2019): c1d57b8f6b743f23ee41f4f7ee292f06eecadfb9'
[    1.893046] Key type .fscrypt registered
[    1.893312] Key type fscrypt-provisioning registered
[    1.893820] Key type encrypted registered
[    1.894115] AppArmor: AppArmor sha256 policy hashing enabled
[    1.894489] ima: No TPM chip found, activating TPM-bypass!
[    1.894825] Loading compiled-in module X.509 certificates
[    1.895572] Loaded X.509 cert 'Build time autogenerated kernel key: 7f71bdefc17a4d88631555bf9efbb1c93d6f5260'
[    1.896205] ima: Allocated hash algorithm: sha256
[    1.896491] ima: No architecture policies found
[    1.896767] evm: Initialising EVM extended attributes:
[    1.897091] evm: security.selinux
[    1.897293] evm: security.SMACK64
[    1.897491] evm: security.SMACK64EXEC
[    1.897709] evm: security.SMACK64TRANSMUTE
[    1.897955] evm: security.SMACK64MMAP
[    1.898213] evm: security.apparmor
[    1.898444] evm: security.ima
[    1.898647] evm: security.capability
[    1.898890] evm: HMAC attrs: 0x1
[    1.899269] PM:   Magic number: 2:787:916
[    1.899532] tty ptmx: hash matches
[    1.902098] RAS: Correctable Errors collector initialized.
[    1.902514] clk: Disabling unused clocks
[    1.908984] Freeing unused decrypted memory: 2028K
[    1.909623] Freeing unused kernel image (initmem) memory: 4920K
[    1.909906] Write protecting the kernel read-only data: 38912k
[    1.910508] Freeing unused kernel image (rodata/data gap) memory: 1984K
[    1.918975] x86/mm: Checked W+X mappings: passed, no W+X pages found.
[    1.919274] Run /init as init process
[init-phase3] booted
[init-phase3] loading module=/lib/modules/6.8.0-101-generic/kernel/drivers/virtio/virtio_dma_buf.ko
[init-phase3] loading module=/lib/modules/6.8.0-101-generic/kernel/drivers/gpu/drm/virtio/virtio-gpu.ko
[    1.925800] [drm] pci: virtio-vga detected at 0000:00:02.0
[    1.926087] virtio-pci 0000:00:02.0: vgaarb: deactivate vga console
[    1.930777] Console: switching to colour dummy device 80x25
[    1.931126] [drm] features: -virgl +edid -resource_blob -host_visible
[    1.931128] [drm] features: -context_init
[    1.931884] [drm] number of scanouts: 1
[    1.932080] [drm] number of cap sets: 0
[    1.932454] [drm] Initialized virtio_gpu 0.1.0 0 for 0000:00:02.0 on minor 0
[    1.934544] fbcon: virtio_gpudrmfb (fb0) is primary device
[    1.936977] Console: switching to colour frame buffer device 160x50
[    1.937983] virtio-pci 0000:00:02.0: [drm] fb0: virtio_gpudrmfb frame buffer device
[init-phase3] loading module=/lib/modules/6.8.0-101-generic/kernel/drivers/hid/hid.ko
[    1.943514] hid: raw HID events driver (C) Jiri Kosina
[init-phase3] loading module=/lib/modules/6.8.0-101-generic/kernel/drivers/hid/hid-generic.ko
[init-phase3] loading module=/lib/modules/6.8.0-101-generic/kernel/drivers/hid/usbhid/usbhid.ko
[    1.946387] usbcore: registered new interface driver usbhid
[    1.946671] usbhid: USB HID core driver
[init-phase3] loading module=/lib/modules/6.8.0-101-generic/kernel/drivers/hid/usbhid/usbkbd.ko
[    1.947966] usbcore: registered new interface driver usbkbd
[init-phase3] loading module=/lib/modules/6.8.0-101-generic/kernel/drivers/hid/usbhid/usbmouse.ko
[    1.949411] usbcore: registered new interface driver usbmouse
[init-phase3] loading module=/lib/modules/6.8.0-101-generic/kernel/drivers/input/mouse/psmouse.ko
[    1.952552] input: VirtualPS/2 VMware VMMouse as /devices/platform/i8042/serio1/input/input4
[    1.953042] input: VirtualPS/2 VMware VMMouse as /devices/platform/i8042/serio1/input/input3
[init-phase3] loading module=/lib/modules/6.8.0-101-generic/kernel/drivers/usb/host/xhci-pci-renesas.ko
[init-phase3] loading module=/lib/modules/6.8.0-101-generic/kernel/drivers/usb/host/xhci-pci.ko
[    1.956284] xhci_hcd 0000:00:03.0: xHCI Host Controller
[    1.956653] xhci_hcd 0000:00:03.0: new USB bus registered, assigned bus number 1
[    1.957244] xhci_hcd 0000:00:03.0: hcc params 0x00087001 hci version 0x100 quirks 0x0000000000000010
[    1.957974] xhci_hcd 0000:00:03.0: xHCI Host Controller
[    1.958232] xhci_hcd 0000:00:03.0: new USB bus registered, assigned bus number 2
[    1.958575] xhci_hcd 0000:00:03.0: Host supports USB 3.0 SuperSpeed
[    1.958906] usb usb1: New USB device found, idVendor=1d6b, idProduct=0002, bcdDevice= 6.08
[    1.959307] usb usb1: New USB device strings: Mfr=3, Product=2, SerialNumber=1
[    1.959639] usb usb1: Product: xHCI Host Controller
[    1.959866] usb usb1: Manufacturer: Linux 6.8.0-101-generic xhci-hcd
[    1.960209] usb usb1: SerialNumber: 0000:00:03.0
[    1.960815] hub 1-0:1.0: USB hub found
[    1.961071] hub 1-0:1.0: 4 ports detected
[    1.961452] usb usb2: We don't know the algorithms for LPM for this host, disabling LPM.
[    1.961844] usb usb2: New USB device found, idVendor=1d6b, idProduct=0003, bcdDevice= 6.08
[    1.962245] usb usb2: New USB device strings: Mfr=3, Product=2, SerialNumber=1
[    1.962578] usb usb2: Product: xHCI Host Controller
[    1.962804] usb usb2: Manufacturer: Linux 6.8.0-101-generic xhci-hcd
[    1.963113] usb usb2: SerialNumber: 0000:00:03.0
[    1.963474] hub 2-0:1.0: USB hub found
[    1.963677] hub 2-0:1.0: 4 ports detected
Starting systemd-udevd version 255.4-1ubuntu8.8
total 0
drwxr-xr-x    2 root     root            80 Mar  8 03:55 by-path
crw-rw----    1 root     video     226,   0 Mar  8 03:55 card0
crw-rw----    1 root     root      226, 128 Mar  8 03:55 renderD128
total 0
drwxr-xr-x    2 root     root           100 Mar  8 03:55 by-path
crw-rw----    1 root     input      13,  64 Mar  8 03:55 event0
crw-rw----    1 root     input      13,  65 Mar  8 03:55 event1
crw-rw----    1 root     input      13,  66 Mar  8 03:55 event2
crw-rw----    1 root     input      13,  67 Mar  8 03:55 event3
crw-rw----    1 root     input      13,  63 Mar  8 03:55 mice
crw-rw----    1 root     input      13,  32 Mar  8 03:55 mouse0
crw-rw----    1 root     input      13,  33 Mar  8 03:55 mouse1
[init-phase3] seatd pid=121
[init-phase3] weston pid=122
[init-phase3] wayland ready
Date: 2026-03-08 UTC
[03:55:46.051] weston 13.0.0
               https://wayland.freedesktop.org
               Bug reports to: https://gitlab.freedesktop.org/wayland/weston/issues/
               Build: 13.0.0
[03:55:46.051] Command line: /usr/bin/weston --backend=drm --renderer=pixman --shell=kiosk-shell.so --socket=wayland-1 --continue-without-input --log=/var/log/weston.log
[03:55:46.051] OS: Linux, 6.8.0-101-generic, #101-Ubuntu SMP PREEMPT_DYNAMIC Mon Feb  9 10:15:05 UTC 2026, x86_64
[03:55:46.051] Flight recorder: enabled
[03:55:46.051] Using config file '/etc/xdg/weston/weston.ini'
[03:55:46.051] Output repaint window is 7 ms maximum.
[03:55:46.051] Loading module '/usr/lib/x86_64-linux-gnu/libweston-13/drm-backend.so'
[03:55:46.052] initializing drm backend
[03:55:46.052] Trying libseat launcher...
[03:55:46.052] [libseat/libseat.c:62] Seat opened with backend 'seatd'
[03:55:46.052] [libseat/backend/seatd.c:212] Enabling seat
[03:55:46.052] libseat: session control granted
[03:55:46.052] using /dev/dri/card0
[03:55:46.052] DRM: supports atomic modesetting
[03:55:46.052] DRM: does not support GBM modifiers
[03:55:46.052] DRM: does not support async page flipping
[03:55:46.052] DRM: supports picture aspect ratio
[03:55:46.052] Using Pixman renderer
[03:55:46.054] event0  - Power Button: is tagged by udev as: Keyboard
[03:55:46.054] event0  - Power Button: device is a keyboard
[03:55:46.055] event1  - AT Translated Set 2 keyboard: is tagged by udev as: Keyboard
[03:55:46.055] event1  - AT Translated Set 2 keyboard: device is a keyboard
[03:55:46.055] event3  - VirtualPS/2 VMware VMMouse: is tagged by udev as: Mouse
[03:55:46.055] event3  - VirtualPS/2 VMware VMMouse: device is a pointer
[03:55:46.056] event2  - VirtualPS/2 VMware VMMouse: is tagged by udev as: Mouse
[03:55:46.056] event2  - VirtualPS/2 VMware VMMouse: device is a pointer
[03:55:46.058] libinput: configuring device "Power Button".
[03:55:46.058] libinput: configuring device "AT Translated Set 2 keyboard".
[03:55:46.058] libinput: configuring device "VirtualPS/2 VMware VMMouse".
[03:55:46.058] libinput: configuring device "VirtualPS/2 VMware VMMouse".
[03:55:46.058] input device event2 has no enabled output associated (none named), skipping calibration for now.
[03:55:46.058] DRM: head 'Virtual-1' found, connector 36 is connected, EDID make 'RHT', model 'QEMU Monitor', serial ''
               Supported EOTF modes: SDR
[03:55:46.058] Registered plugin API 'weston_drm_output_api_v1' of size 40
[03:55:46.058] Registered plugin API 'weston_drm_virtual_output_api_v2' of size 48
[03:55:46.058] Color manager: no-op
[03:55:46.058] Output 'Virtual-1' attempts EOTF mode: SDR
[03:55:46.058] Output 'Virtual-1' using color profile: stock sRGB color profile
[03:55:46.060] DRM: output Virtual-1 uses shadow framebuffer.
[03:55:46.060] Output Virtual-1 (crtc 35) video modes:
               1280x800@75.0, preferred, current, 107.3 MHz
               5120x2160@50.0 64:27, 742.5 MHz
               4096x2160@50.0 256:135, 594.0 MHz
               3840x2160@60.0 16:9, 594.0 MHz
               3840x2160@59.9 16:9, 593.4 MHz
               3840x2160@50.0 16:9, 594.0 MHz
               1920x1440@60.0, 234.0 MHz
               2560x1080@50.0 64:27, 185.6 MHz
               1856x1392@60.0, 218.2 MHz
               1792x1344@60.0, 204.8 MHz
               2048x1152@60.0, 162.0 MHz
               1920x1200@59.9, 193.2 MHz
               1920x1080@60.0, 148.5 MHz
               1920x1080@50.0 16:9, 148.5 MHz
               1600x1200@60.0, 162.0 MHz
               1680x1050@60.0, 146.2 MHz
               1400x1050@60.0, 121.8 MHz
               1280x1024@60.0, 108.0 MHz
               1440x900@59.9, 106.5 MHz
               1280x960@60.0, 108.0 MHz
               1360x768@60.0, 85.5 MHz
               1280x768@59.9, 79.5 MHz
               1024x768@60.0, 65.0 MHz
               800x600@60.3, 40.0 MHz
               640x480@60.0 4:3, 25.2 MHz
               640x480@59.9, 25.2 MHz
[03:55:46.060] associating input device event0 with output Virtual-1 (none by udev)
[03:55:46.060] associating input device event1 with output Virtual-1 (none by udev)
[03:55:46.060] associating input device event3 with output Virtual-1 (none by udev)
[03:55:46.060] associating input device event2 with output Virtual-1 (none by udev)
[03:55:46.060] Output 'Virtual-1' enabled with head(s) Virtual-1
[03:55:46.060] Compositor capabilities:
               arbitrary surface rotation: yes
               screen capture uses y-flip: no
               cursor planes: yes
               arbitrary resolutions: no
               view mask clipping: yes
               explicit sync: no
               color operations: no
               presentation clock: CLOCK_MONOTONIC, id 1
               presentation clock resolution: 0.000000001 s
[03:55:46.060] Loading module '/usr/lib/x86_64-linux-gnu/weston/kiosk-shell.so'
[    2.132776] Console: switching to colour dummy device 80x25
[init-phase3] unbound vtcon0 framebuffer console
[init-phase3] display_probe pid=130
[init-phase3] launching client=weston-simple-shm url=about:blank runtime=35 suspend_delay=10 wake=5 pm_test=devices no_suspend=
[init-phase3] app pid=138 client=weston-simple-shm
[init-phase3] scheduling suspend args=--delay-seconds 10 --wake-seconds 5 --pm-test devices
[    2.201212] usb 1-1: new high-speed USB device number 2 using xhci_hcd
[    2.328421] usb 1-1: New USB device found, idVendor=0627, idProduct=0001, bcdDevice= 0.00
[    2.328832] usb 1-1: New USB device strings: Mfr=1, Product=4, SerialNumber=11
[    2.329188] usb 1-1: Product: QEMU USB Keyboard
[    2.329405] usb 1-1: Manufacturer: QEMU
[    2.329662] usb 1-1: SerialNumber: 68284-0000:00:03.0-1
[    2.332669] input: QEMU QEMU USB Keyboard as /devices/pci0000:00/0000:00:03.0/usb1/1-1/1-1:1.0/0003:0627:0001.0001/input/input5
[    2.385343] hid-generic 0003:0627:0001.0001: input,hidraw0: USB HID v1.11 Keyboard [QEMU QEMU USB Keyboard] on usb-0000:00:03.0-1/input0
[    2.502479] usb 1-2: new high-speed USB device number 3 using xhci_hcd
[    2.630405] usb 1-2: New USB device found, idVendor=0627, idProduct=0001, bcdDevice= 0.00
[    2.630835] usb 1-2: New USB device strings: Mfr=1, Product=3, SerialNumber=10
[    2.631179] usb 1-2: Product: QEMU USB Tablet
[    2.631385] usb 1-2: Manufacturer: QEMU
[    2.631570] usb 1-2: SerialNumber: 28754-0000:00:03.0-2
[    2.633423] input: QEMU QEMU USB Tablet as /devices/pci0000:00/0000:00:03.0/usb1/1-2/1-2:1.0/0003:0627:0001.0002/input/input6
[    2.634179] hid-generic 0003:0627:0001.0002: input,hidraw1: USB HID v0.01 Mouse [QEMU QEMU USB Tablet] on usb-0000:00:03.0-2/input0
@@LOG kind=state wakealarm_seconds=5
@@LOG kind=state state=SUSPENDING cycle=1
[   12.140740] PM: suspend entry (s2idle)
[   12.140947] Filesystems sync: 0.000 seconds
[   12.142302] Freezing user space processes
[   12.143726] Freezing user space processes completed (elapsed 0.001 seconds)
[   12.144179] OOM killer disabled.
[   12.144383] Freezing remaining freezable tasks
[   12.145737] Freezing remaining freezable tasks completed (elapsed 0.001 seconds)
[   12.252775] PM: suspend debug: Waiting for 5 second(s).
[   17.256613] xhci_hcd 0000:00:03.0: xHC error in resume, USBSTS 0x401, Reinit
[   17.257002] usb usb1: root hub lost power or was reset
[   17.257268] usb usb2: root hub lost power or was reset
[   17.525266] usb 1-2: reset high-speed USB device number 3 using xhci_hcd
[   17.765325] usb 1-1: reset high-speed USB device number 2 using xhci_hcd
[   17.891760] OOM killer enabled.
[   17.891962] Restarting tasks ... done.
[   17.895444] random: crng reseeded on system resumption
[   17.896181] PM: suspend exit
@@LOG kind=state state=RESUMED cycle=1 sleep_ms=5757 resume_gap_ms=5757
@@METRIC name=sleep_duration value_ms=5757 cycle=1
@@METRIC name=suspend_resume_gap value_ms=5757 cycle=1
[init-phase3] runtime limit reached, terminating client=weston-simple-shm
Terminated
@@DISPLAY sample=1 uptime_s=2.07 fb0=virtio_gpudrmfb_ proc_fb=0_virtio_gpudrmfb_ vt=vtcon0nameM_frame_buffer_device_bind0__vtcon1nameM_dummy_device_bind1__ drm=card0-Virtual-1statusconnected_enabledenabled_dpmsOn__
@@DISPLAY sample=2 uptime_s=3.08 fb0=virtio_gpudrmfb_ proc_fb=0_virtio_gpudrmfb_ vt=vtcon0nameM_frame_buffer_device_bind0__vtcon1nameM_dummy_device_bind1__ drm=card0-Virtual-1statusconnected_enabledenabled_dpmsOn__
@@DISPLAY sample=3 uptime_s=4.10 fb0=virtio_gpudrmfb_ proc_fb=0_virtio_gpudrmfb_ vt=vtcon0nameM_frame_buffer_device_bind0__vtcon1nameM_dummy_device_bind1__ drm=card0-Virtual-1statusconnected_enabledenabled_dpmsOn__
@@DISPLAY sample=4 uptime_s=5.12 fb0=virtio_gpudrmfb_ proc_fb=0_virtio_gpudrmfb_ vt=vtcon0nameM_frame_buffer_device_bind0__vtcon1nameM_dummy_device_bind1__ drm=card0-Virtual-1statusconnected_enabledenabled_dpmsOn__
@@DISPLAY sample=5 uptime_s=6.14 fb0=virtio_gpudrmfb_ proc_fb=0_virtio_gpudrmfb_ vt=vtcon0nameM_frame_buffer_device_bind0__vtcon1nameM_dummy_device_bind1__ drm=card0-Virtual-1statusconnected_enabledenabled_dpmsOn__
@@DISPLAY sample=6 uptime_s=7.15 fb0=virtio_gpudrmfb_ proc_fb=0_virtio_gpudrmfb_ vt=vtcon0nameM_frame_buffer_device_bind0__vtcon1nameM_dummy_device_bind1__ drm=card0-Virtual-1statusconnected_enabledenabled_dpmsOn__
@@DISPLAY sample=7 uptime_s=8.17 fb0=virtio_gpudrmfb_ proc_fb=0_virtio_gpudrmfb_ vt=vtcon0nameM_frame_buffer_device_bind0__vtcon1nameM_dummy_device_bind1__ drm=card0-Virtual-1statusconnected_enabledenabled_dpmsOn__
@@DISPLAY sample=8 uptime_s=9.18 fb0=virtio_gpudrmfb_ proc_fb=0_virtio_gpudrmfb_ vt=vtcon0nameM_frame_buffer_device_bind0__vtcon1nameM_dummy_device_bind1__ drm=card0-Virtual-1statusconnected_enabledenabled_dpmsOn__
@@DISPLAY sample=9 uptime_s=10.20 fb0=virtio_gpudrmfb_ proc_fb=0_virtio_gpudrmfb_ vt=vtcon0nameM_frame_buffer_device_bind0__vtcon1nameM_dummy_device_bind1__ drm=card0-Virtual-1statusconnected_enabledenabled_dpmsOn__
@@DISPLAY sample=10 uptime_s=11.22 fb0=virtio_gpudrmfb_ proc_fb=0_virtio_gpudrmfb_ vt=vtcon0nameM_frame_buffer_device_bind0__vtcon1nameM_dummy_device_bind1__ drm=card0-Virtual-1statusconnected_enabledenabled_dpmsOn__
@@DISPLAY sample=11 uptime_s=17.83 fb0=virtio_gpudrmfb_ proc_fb=0_virtio_gpudrmfb_ vt=vtcon0nameM_frame_buffer_device_bind0__vtcon1nameM_dummy_device_bind1__ drm=card0-Virtual-1statusconnected_enabledenabled_dpmsOn__
@@DISPLAY sample=12 uptime_s=18.85 fb0=virtio_gpudrmfb_ proc_fb=0_virtio_gpudrmfb_ vt=vtcon0nameM_frame_buffer_device_bind0__vtcon1nameM_dummy_device_bind1__ drm=card0-Virtual-1statusconnected_enabledenabled_dpmsOn__
@@DISPLAY sample=13 uptime_s=19.86 fb0=virtio_gpudrmfb_ proc_fb=0_virtio_gpudrmfb_ vt=vtcon0nameM_frame_buffer_device_bind0__vtcon1nameM_dummy_device_bind1__ drm=card0-Virtual-1statusconnected_enabledenabled_dpmsOn__
@@DISPLAY sample=14 uptime_s=20.87 fb0=virtio_gpudrmfb_ proc_fb=0_virtio_gpudrmfb_ vt=vtcon0nameM_frame_buffer_device_bind0__vtcon1nameM_dummy_device_bind1__ drm=card0-Virtual-1statusconnected_enabledenabled_dpmsOn__
@@DISPLAY sample=15 uptime_s=21.88 fb0=virtio_gpudrmfb_ proc_fb=0_virtio_gpudrmfb_ vt=vtcon0nameM_frame_buffer_device_bind0__vtcon1nameM_dummy_device_bind1__ drm=card0-Virtual-1statusconnected_enabledenabled_dpmsOn__
@@DISPLAY sample=16 uptime_s=22.89 fb0=virtio_gpudrmfb_ proc_fb=0_virtio_gpudrmfb_ vt=vtcon0nameM_frame_buffer_device_bind0__vtcon1nameM_dummy_device_bind1__ drm=card0-Virtual-1statusconnected_enabledenabled_dpmsOn__
@@DISPLAY sample=17 uptime_s=23.91 fb0=virtio_gpudrmfb_ proc_fb=0_virtio_gpudrmfb_ vt=vtcon0nameM_frame_buffer_device_bind0__vtcon1nameM_dummy_device_bind1__ drm=card0-Virtual-1statusconnected_enabledenabled_dpmsOn__
@@DISPLAY sample=18 uptime_s=24.92 fb0=virtio_gpudrmfb_ proc_fb=0_virtio_gpudrmfb_ vt=vtcon0nameM_frame_buffer_device_bind0__vtcon1nameM_dummy_device_bind1__ drm=card0-Virtual-1statusconnected_enabledenabled_dpmsOn__
@@DISPLAY sample=19 uptime_s=25.93 fb0=virtio_gpudrmfb_ proc_fb=0_virtio_gpudrmfb_ vt=vtcon0nameM_frame_buffer_device_bind0__vtcon1nameM_dummy_device_bind1__ drm=card0-Virtual-1statusconnected_enabledenabled_dpmsOn__
@@DISPLAY sample=20 uptime_s=26.94 fb0=virtio_gpudrmfb_ proc_fb=0_virtio_gpudrmfb_ vt=vtcon0nameM_frame_buffer_device_bind0__vtcon1nameM_dummy_device_bind1__ drm=card0-Virtual-1statusconnected_enabledenabled_dpmsOn__
@@DISPLAY sample=21 uptime_s=27.95 fb0=virtio_gpudrmfb_ proc_fb=0_virtio_gpudrmfb_ vt=vtcon0nameM_frame_buffer_device_bind0__vtcon1nameM_dummy_device_bind1__ drm=card0-Virtual-1statusconnected_enabledenabled_dpmsOn__
@@DISPLAY sample=22 uptime_s=28.96 fb0=virtio_gpudrmfb_ proc_fb=0_virtio_gpudrmfb_ vt=vtcon0nameM_frame_buffer_device_bind0__vtcon1nameM_dummy_device_bind1__ drm=card0-Virtual-1statusconnected_enabledenabled_dpmsOn__
@@DISPLAY sample=23 uptime_s=29.97 fb0=virtio_gpudrmfb_ proc_fb=0_virtio_gpudrmfb_ vt=vtcon0nameM_frame_buffer_device_bind0__vtcon1nameM_dummy_device_bind1__ drm=card0-Virtual-1statusconnected_enabledenabled_dpmsOn__
@@DISPLAY sample=24 uptime_s=30.98 fb0=virtio_gpudrmfb_ proc_fb=0_virtio_gpudrmfb_ vt=vtcon0nameM_frame_buffer_device_bind0__vtcon1nameM_dummy_device_bind1__ drm=card0-Virtual-1statusconnected_enabledenabled_dpmsOn__
@@DISPLAY sample=25 uptime_s=32.00 fb0=virtio_gpudrmfb_ proc_fb=0_virtio_gpudrmfb_ vt=vtcon0nameM_frame_buffer_device_bind0__vtcon1nameM_dummy_device_bind1__ drm=card0-Virtual-1statusconnected_enabledenabled_dpmsOn__
@@DISPLAY sample=26 uptime_s=33.01 fb0=virtio_gpudrmfb_ proc_fb=0_virtio_gpudrmfb_ vt=vtcon0nameM_frame_buffer_device_bind0__vtcon1nameM_dummy_device_bind1__ drm=card0-Virtual-1statusconnected_enabledenabled_dpmsOn__
@@DISPLAY sample=27 uptime_s=34.02 fb0=virtio_gpudrmfb_ proc_fb=0_virtio_gpudrmfb_ vt=vtcon0nameM_frame_buffer_device_bind0__vtcon1nameM_dummy_device_bind1__ drm=card0-Virtual-1statusconnected_enabledenabled_dpmsOn__
@@DISPLAY sample=28 uptime_s=35.03 fb0=virtio_gpudrmfb_ proc_fb=0_virtio_gpudrmfb_ vt=vtcon0nameM_frame_buffer_device_bind0__vtcon1nameM_dummy_device_bind1__ drm=card0-Virtual-1statusconnected_enabledenabled_dpmsOn__
@@DISPLAY sample=29 uptime_s=36.04 fb0=virtio_gpudrmfb_ proc_fb=0_virtio_gpudrmfb_ vt=vtcon0nameM_frame_buffer_device_bind0__vtcon1nameM_dummy_device_bind1__ drm=card0-Virtual-1statusconnected_enabledenabled_dpmsOn__
@@DISPLAY sample=30 uptime_s=37.05 fb0=virtio_gpudrmfb_ proc_fb=0_virtio_gpudrmfb_ vt=vtcon0nameM_frame_buffer_device_bind0__vtcon1nameM_dummy_device_bind1__ drm=card0-Virtual-1statusconnected_enabledenabled_dpmsOn__
[init-phase3] client exited client=weston-simple-shm
[   37.177203] ACPI: PM: Preparing to enter system sleep state S5
[   37.177545] reboot: Power down
