[    0.000000] Linux version 6.8.0-101-generic (buildd@lcy02-amd64-051) (x86_64-linux-gnu-gcc-13 (Ubuntu 13.3.0-6ubuntu2~24.04) 13.3.0, GNU ld (GNU Binutils for Ubuntu) 2.42) #101-Ubuntu SMP PREEMPT_DYNAMIC Mon Feb  9 10:15:05 UTC 2026 (Ubuntu 6.8.0-101.101-generic 6.8.12)
[    0.000000] Command line: console=ttyS0 panic=-1 no_console_suspend rdinit=/init phase2_idle_seconds=5 phase2_max_suspend_cycles=1 phase2_wake_seconds=5 phase2_pm_test=devices phase2_runtime_seconds=20
[    0.000000] KERNEL supported cpus:
[    0.000000]   Intel GenuineIntel
[    0.000000]   AMD AuthenticAMD
[    0.000000]   Hygon HygonGenuine
[    0.000000]   Centaur CentaurHauls
[    0.000000]   zhaoxin   Shanghai  
[    0.000000] BIOS-provided physical RAM map:
[    0.000000] BIOS-e820: [mem 0x0000000000000000-0x000000000009fbff] usable
[    0.000000] BIOS-e820: [mem 0x000000000009fc00-0x000000000009ffff] reserved
[    0.000000] BIOS-e820: [mem 0x00000000000f0000-0x00000000000fffff] reserved
[    0.000000] BIOS-e820: [mem 0x0000000000100000-0x000000003ffddfff] usable
[    0.000000] BIOS-e820: [mem 0x000000003ffde000-0x000000003fffffff] reserved
[    0.000000] BIOS-e820: [mem 0x00000000b0000000-0x00000000bfffffff] reserved
[    0.000000] BIOS-e820: [mem 0x00000000fed1c000-0x00000000fed1ffff] reserved
[    0.000000] BIOS-e820: [mem 0x00000000feffc000-0x00000000feffffff] reserved
[    0.000000] BIOS-e820: [mem 0x00000000fffc0000-0x00000000ffffffff] reserved
[    0.000000] NX (Execute Disable) protection: active
[    0.000000] APIC: Static calls initialized
[    0.000000] SMBIOS 3.0.0 present.
[    0.000000] DMI: QEMU Standard PC (Q35 + ICH9, 2009), BIOS 1.16.3-debian-1.16.3-2 04/01/2014
[    0.000000] Hypervisor detected: KVM
[    0.000000] kvm-clock: Using msrs 4b564d01 and 4b564d00
[    0.000000] kvm-clock: using sched offset of 250230053 cycles
[    0.000001] clocksource: kvm-clock: mask: 0xffffffffffffffff max_cycles: 0x1cd42e4dffb, max_idle_ns: 881590591483 ns
[    0.000004] tsc: Detected 2803.200 MHz processor
[    0.000594] last_pfn = 0x3ffde max_arch_pfn = 0x400000000
[    0.000628] MTRR map: 4 entries (3 fixed + 1 variable; max 19), built from 8 variable MTRRs
[    0.000631] x86/PAT: Configuration [0-7]: WB  WC  UC- UC  WB  WP  UC- WT  
[    0.004431] found SMP MP-table at [mem 0x000f5470-0x000f547f]
[    0.004442] Using GB pages for direct mapping
[    0.004483] RAMDISK: [mem 0x3ed27000-0x3ffcffff]
[    0.004487] ACPI: Early table checksum verification disabled
[    0.004490] ACPI: RSDP 0x00000000000F52B0 000014 (v00 BOCHS )
[    0.004493] ACPI: RSDT 0x000000003FFE2304 000038 (v01 BOCHS  BXPC     00000001 BXPC 00000001)
[    0.004497] ACPI: FACP 0x000000003FFE20FC 0000F4 (v03 BOCHS  BXPC     00000001 BXPC 00000001)
[    0.004500] ACPI: DSDT 0x000000003FFE0040 0020BC (v01 BOCHS  BXPC     00000001 BXPC 00000001)
[    0.004503] ACPI: FACS 0x000000003FFE0000 000040
[    0.004504] ACPI: APIC 0x000000003FFE21F0 000078 (v03 BOCHS  BXPC     00000001 BXPC 00000001)
[    0.004506] ACPI: HPET 0x000000003FFE2268 000038 (v01 BOCHS  BXPC     00000001 BXPC 00000001)
[    0.004508] ACPI: MCFG 0x000000003FFE22A0 00003C (v01 BOCHS  BXPC     00000001 BXPC 00000001)
[    0.004510] ACPI: WAET 0x000000003FFE22DC 000028 (v01 BOCHS  BXPC     00000001 BXPC 00000001)
[    0.004512] ACPI: Reserving FACP table memory at [mem 0x3ffe20fc-0x3ffe21ef]
[    0.004513] ACPI: Reserving DSDT table memory at [mem 0x3ffe0040-0x3ffe20fb]
[    0.004513] ACPI: Reserving FACS table memory at [mem 0x3ffe0000-0x3ffe003f]
[    0.004514] ACPI: Reserving APIC table memory at [mem 0x3ffe21f0-0x3ffe2267]
[    0.004515] ACPI: Reserving HPET table memory at [mem 0x3ffe2268-0x3ffe229f]
[    0.004515] ACPI: Reserving MCFG table memory at [mem 0x3ffe22a0-0x3ffe22db]
[    0.004516] ACPI: Reserving WAET table memory at [mem 0x3ffe22dc-0x3ffe2303]
[    0.004711] No NUMA configuration found
[    0.004712] Faking a node at [mem 0x0000000000000000-0x000000003ffddfff]
[    0.004716] NODE_DATA(0) allocated [mem 0x3ecfc000-0x3ed26fff]
[    0.004808] Zone ranges:
[    0.004809]   DMA      [mem 0x0000000000001000-0x0000000000ffffff]
[    0.004810]   DMA32    [mem 0x0000000001000000-0x000000003ffddfff]
[    0.004811]   Normal   empty
[    0.004812]   Device   empty
[    0.004812] Movable zone start for each node
[    0.004813] Early memory node ranges
[    0.004814]   node   0: [mem 0x0000000000001000-0x000000000009efff]
[    0.004815]   node   0: [mem 0x0000000000100000-0x000000003ffddfff]
[    0.004816] Initmem setup node 0 [mem 0x0000000000001000-0x000000003ffddfff]
[    0.004999] On node 0, zone DMA: 1 pages in unavailable ranges
[    0.005008] On node 0, zone DMA: 97 pages in unavailable ranges
[    0.007015] On node 0, zone DMA32: 34 pages in unavailable ranges
[    0.007232] ACPI: PM-Timer IO Port: 0x608
[    0.007243] ACPI: LAPIC_NMI (acpi_id[0xff] dfl dfl lint[0x1])
[    0.007274] IOAPIC[0]: apic_id 0, version 17, address 0xfec00000, GSI 0-23
[    0.007276] ACPI: INT_SRC_OVR (bus 0 bus_irq 0 global_irq 2 dfl dfl)
[    0.007278] ACPI: INT_SRC_OVR (bus 0 bus_irq 5 global_irq 5 high level)
[    0.007278] ACPI: INT_SRC_OVR (bus 0 bus_irq 9 global_irq 9 high level)
[    0.007279] ACPI: INT_SRC_OVR (bus 0 bus_irq 10 global_irq 10 high level)
[    0.007280] ACPI: INT_SRC_OVR (bus 0 bus_irq 11 global_irq 11 high level)
[    0.007282] ACPI: Using ACPI (MADT) for SMP configuration information
[    0.007283] ACPI: HPET id: 0x8086a201 base: 0xfed00000
[    0.007287] TSC deadline timer available
[    0.007288] smpboot: Allowing 1 CPUs, 0 hotplug CPUs
[    0.007308] kvm-guest: APIC: eoi() replaced with kvm_guest_apic_eoi_write()
[    0.007330] PM: hibernation: Registered nosave memory: [mem 0x00000000-0x00000fff]
[    0.007331] PM: hibernation: Registered nosave memory: [mem 0x0009f000-0x000fffff]
[    0.007333] [mem 0x40000000-0xafffffff] available for PCI devices
[    0.007334] Booting paravirtualized kernel on KVM
[    0.007335] clocksource: refined-jiffies: mask: 0xffffffff max_cycles: 0xffffffff, max_idle_ns: 1910969940391419 ns
[    0.007341] setup_percpu: NR_CPUS:8192 nr_cpumask_bits:1 nr_cpu_ids:1 nr_node_ids:1
[    0.007625] percpu: Embedded 86 pages/cpu s229376 r8192 d114688 u2097152
[    0.007658] kvm-guest: PV spinlocks disabled, single CPU
[    0.007659] Kernel command line: console=ttyS0 panic=-1 no_console_suspend rdinit=/init phase2_idle_seconds=5 phase2_max_suspend_cycles=1 phase2_wake_seconds=5 phase2_pm_test=devices phase2_runtime_seconds=20
[    0.007731] Unknown kernel command line parameters "phase2_idle_seconds=5 phase2_max_suspend_cycles=1 phase2_wake_seconds=5 phase2_pm_test=devices phase2_runtime_seconds=20", will be passed to user space.
[    0.007774] random: crng init done
[    0.007801] Dentry cache hash table entries: 131072 (order: 8, 1048576 bytes, linear)
[    0.007832] Inode-cache hash table entries: 65536 (order: 7, 524288 bytes, linear)
[    0.007860] Fallback order for Node 0: 0 
[    0.007862] Built 1 zonelists, mobility grouping on.  Total pages: 257758
[    0.007863] Policy zone: DMA32
[    0.007867] mem auto-init: stack:all(zero), heap alloc:on, heap free:off
[    0.009454] Memory: 956236K/1048048K available (22528K kernel code, 4439K rwdata, 14400K rodata, 4920K init, 4788K bss, 91552K reserved, 0K cma-reserved)
[    0.010059] SLUB: HWalign=64, Order=0-3, MinObjects=0, CPUs=1, Nodes=1
[    0.010078] ftrace: allocating 58250 entries in 228 pages
[    0.018070] ftrace: allocated 228 pages with 4 groups
[    0.018831] Dynamic Preempt: voluntary
[    0.019066] rcu: Preemptible hierarchical RCU implementation.
[    0.019068] rcu: 	RCU restricting CPUs from NR_CPUS=8192 to nr_cpu_ids=1.
[    0.019069] 	Trampoline variant of Tasks RCU enabled.
[    0.019069] 	Rude variant of Tasks RCU enabled.
[    0.019070] 	Tracing variant of Tasks RCU enabled.
[    0.019070] rcu: RCU calculated value of scheduler-enlistment delay is 100 jiffies.
[    0.019071] rcu: Adjusting geometry for rcu_fanout_leaf=16, nr_cpu_ids=1
[    0.019078] RCU Tasks: Setting shift to 0 and lim to 1 rcu_task_cb_adjust=1 rcu_task_cpu_ids=1.
[    0.019079] RCU Tasks Rude: Setting shift to 0 and lim to 1 rcu_task_cb_adjust=1 rcu_task_cpu_ids=1.
[    0.019080] RCU Tasks Trace: Setting shift to 0 and lim to 1 rcu_task_cb_adjust=1 rcu_task_cpu_ids=1.
[    0.021599] NR_IRQS: 524544, nr_irqs: 256, preallocated irqs: 16
[    0.021791] rcu: srcu_init: Setting srcu_struct sizes based on contention.
[    0.028255] Console: colour VGA+ 80x25
[    0.028303] printk: legacy console [ttyS0] enabled
[    0.079521] ACPI: Core revision 20230628
[    0.079961] clocksource: hpet: mask: 0xffffffff max_cycles: 0xffffffff, max_idle_ns: 19112604467 ns
[    0.080736] APIC: Switch to symmetric I/O mode setup
[    0.081268] x2apic enabled
[    0.081691] APIC: Switched APIC routing to: physical x2apic
[    0.082921] ..TIMER: vector=0x30 apic1=0 pin1=2 apic2=-1 pin2=-1
[    0.083384] clocksource: tsc-early: mask: 0xffffffffffffffff max_cycles: 0x28680fa287f, max_idle_ns: 440795281151 ns
[    0.084170] Calibrating delay loop (skipped) preset value.. 5606.40 BogoMIPS (lpj=2803200)
[    0.085291] x86/cpu: User Mode Instruction Prevention (UMIP) activated
[    0.085862] Last level iTLB entries: 4KB 0, 2MB 0, 4MB 0
[    0.086169] Last level dTLB entries: 4KB 0, 2MB 0, 4MB 0, 1GB 0
[    0.086606] Spectre V1 : Mitigation: usercopy/swapgs barriers and __user pointer sanitization
[    0.087171] Spectre V2 : Spectre BHI mitigation: SW BHB clearing on vm exit
[    0.087634] Spectre V2 : Spectre BHI mitigation: SW BHB clearing on syscall
[    0.088168] Spectre V2 : Mitigation: Enhanced / Automatic IBRS
[    0.088505] Spectre V2 : Spectre v2 / PBRSB-eIBRS: Retire a single CALL on VMEXIT
[    0.088988] Spectre V2 : mitigation: Enabling conditional Indirect Branch Prediction Barrier
[    0.089169] Speculative Store Bypass: Mitigation: Speculative Store Bypass disabled via prctl
[    0.089700] ITS: WARNING: ITS mitigation depends on retpoline and rethunk support
[    0.090168] ITS: Vulnerable
[    0.090369] x86/fpu: Supporting XSAVE feature 0x001: 'x87 floating point registers'
[    0.091168] x86/fpu: Supporting XSAVE feature 0x002: 'SSE registers'
[    0.091640] x86/fpu: Supporting XSAVE feature 0x004: 'AVX registers'
[    0.092169] x86/fpu: Supporting XSAVE feature 0x020: 'AVX-512 opmask'
[    0.092608] x86/fpu: Supporting XSAVE feature 0x040: 'AVX-512 Hi256'
[    0.093046] x86/fpu: Supporting XSAVE feature 0x080: 'AVX-512 ZMM_Hi256'
[    0.093168] x86/fpu: Supporting XSAVE feature 0x200: 'Protection Keys User registers'
[    0.093673] x86/fpu: xstate_offset[2]:  576, xstate_sizes[2]:  256
[    0.094168] x86/fpu: xstate_offset[5]:  832, xstate_sizes[5]:   64
[    0.094566] x86/fpu: xstate_offset[6]:  896, xstate_sizes[6]:  512
[    0.095168] x86/fpu: xstate_offset[7]: 1408, xstate_sizes[7]: 1024
[    0.095539] x86/fpu: xstate_offset[9]: 2432, xstate_sizes[9]:    8
[    0.095936] x86/fpu: Enabled xstate features 0x2e7, context size is 2440 bytes, using 'compacted' format.
[    0.119516] Freeing SMP alternatives memory: 48K
[    0.119850] pid_max: default: 32768 minimum: 301
[    0.120168] LSM: initializing lsm=lockdown,capability,landlock,yama,apparmor,integrity
[    0.120177] landlock: Up and running.
[    0.120432] Yama: becoming mindful.
[    0.121188] AppArmor: AppArmor initialized
[    0.121496] Mount-cache hash table entries: 2048 (order: 2, 16384 bytes, linear)
[    0.121988] Mountpoint-cache hash table entries: 2048 (order: 2, 16384 bytes, linear)
[    0.122362] smpboot: CPU0: 11th Gen Intel(R) Core(TM) i7-1165G7 @ 2.80GHz (family: 0x6, model: 0x8c, stepping: 0x1)
[    0.123196] Performance Events: Icelake events, full-width counters, Intel PMU driver.
[    0.123741] ... version:                2
[    0.123992] ... bit width:              48
[    0.124170] ... generic registers:      8
[    0.124419] ... value mask:             0000ffffffffffff
[    0.124744] ... max period:             00007fffffffffff
[    0.125116] ... fixed-purpose events:   3
[    0.125169] ... event mask:             00000007000000ff
[    0.125550] signal: max sigframe size: 3632
[    0.125845] rcu: Hierarchical SRCU implementation.
[    0.126170] rcu: 	Max phase no-delay instances is 400.
[    0.126799] smp: Bringing up secondary CPUs ...
[    0.127142] smp: Brought up 1 node, 1 CPU
[    0.127174] smpboot: Max logical packages: 1
[    0.127472] smpboot: Total of 1 processors activated (5606.40 BogoMIPS)
[    0.128085] devtmpfs: initialized
[    0.128195] x86/mm: Memory block size: 128MB
[    0.128723] clocksource: jiffies: mask: 0xffffffff max_cycles: 0xffffffff, max_idle_ns: 1911260446275000 ns
[    0.129173] futex hash table entries: 256 (order: 2, 16384 bytes, linear)
[    0.129747] pinctrl core: initialized pinctrl subsystem
[    0.130240] PM: RTC time: 03:00:39, date: 2026-03-08
[    0.131131] NET: Registered PF_NETLINK/PF_ROUTE protocol family
[    0.131255] DMA: preallocated 128 KiB GFP_KERNEL pool for atomic allocations
[    0.131754] DMA: preallocated 128 KiB GFP_KERNEL|GFP_DMA pool for atomic allocations
[    0.132179] DMA: preallocated 128 KiB GFP_KERNEL|GFP_DMA32 pool for atomic allocations
[    0.132732] audit: initializing netlink subsys (disabled)
[    0.133209] thermal_sys: Registered thermal governor 'fair_share'
[    0.133210] thermal_sys: Registered thermal governor 'bang_bang'
[    0.133652] thermal_sys: Registered thermal governor 'step_wise'
[    0.134064] thermal_sys: Registered thermal governor 'user_space'
[    0.134172] audit: type=2000 audit(1772938840.329:1): state=initialized audit_enabled=0 res=1
[    0.135171] thermal_sys: Registered thermal governor 'power_allocator'
[    0.135180] cpuidle: using governor ladder
[    0.135914] cpuidle: using governor menu
[    0.136226] acpiphp: ACPI Hot Plug PCI Controller Driver version: 0.5
[    0.136769] PCI: ECAM [mem 0xb0000000-0xbfffffff] (base 0xb0000000) for domain 0000 [bus 00-ff]
[    0.137171] PCI: ECAM [mem 0xb0000000-0xbfffffff] reserved as E820 entry
[    0.137632] PCI: Using configuration type 1 for base access
[    0.138114] kprobes: kprobe jump-optimization is enabled. All kprobes are optimized if possible.
[    0.166067] HugeTLB: registered 1.00 GiB page size, pre-allocated 0 pages
[    0.166170] HugeTLB: 16380 KiB vmemmap can be freed for a 1.00 GiB page
[    0.166601] HugeTLB: registered 2.00 MiB page size, pre-allocated 0 pages
[    0.167014] HugeTLB: 28 KiB vmemmap can be freed for a 2.00 MiB page
[    0.167657] ACPI: Added _OSI(Module Device)
[    0.167965] ACPI: Added _OSI(Processor Device)
[    0.168172] ACPI: Added _OSI(Processor Aggregator Device)
[    0.169431] ACPI: 1 ACPI AML tables successfully acquired and loaded
[    0.170572] ACPI: _OSC evaluation for CPUs failed, trying _PDC
[    0.171071] ACPI: Interpreter enabled
[    0.171179] ACPI: PM: (supports S0 S3 S4 S5)
[    0.171473] ACPI: Using IOAPIC for interrupt routing
[    0.171881] PCI: Using host bridge windows from ACPI; if necessary, use "pci=nocrs" and report a bug
[    0.172170] PCI: Using E820 reservations for host bridge windows
[    0.172708] ACPI: Enabled 2 GPEs in block 00 to 3F
[    0.174326] ACPI: PCI Root Bridge [PCI0] (domain 0000 [bus 00-ff])
[    0.174752] acpi PNP0A08:00: _OSC: OS supports [ExtendedConfig ASPM ClockPM Segments MSI EDR HPX-Type3]
[    0.175204] acpi PNP0A08:00: _OSC: platform does not support [PCIeHotplug LTR DPC]
[    0.175715] acpi PNP0A08:00: _OSC: OS now controls [SHPCHotplug PME AER PCIeCapability]
[    0.176257] PCI host bridge to bus 0000:00
[    0.176506] pci_bus 0000:00: root bus resource [io  0x0000-0x0cf7 window]
[    0.176912] pci_bus 0000:00: root bus resource [io  0x0d00-0xffff window]
[    0.177170] pci_bus 0000:00: root bus resource [mem 0x000a0000-0x000bffff window]
[    0.177618] pci_bus 0000:00: root bus resource [mem 0x40000000-0xafffffff window]
[    0.178090] pci_bus 0000:00: root bus resource [mem 0xc0000000-0xfebfffff window]
[    0.178169] pci_bus 0000:00: root bus resource [mem 0x100000000-0x8ffffffff window]
[    0.178698] pci_bus 0000:00: root bus resource [bus 00-ff]
[    0.179108] pci 0000:00:00.0: [8086:29c0] type 00 class 0x060000 conventional PCI endpoint
[    0.179465] pci 0000:00:01.0: [1af4:1000] type 00 class 0x020000 conventional PCI endpoint
[    0.180533] pci 0000:00:01.0: BAR 0 [io  0xc040-0xc05f]
[    0.180877] pci 0000:00:01.0: BAR 4 [mem 0xfe800000-0xfe803fff 64bit pref]
[    0.181174] pci 0000:00:01.0: ROM [mem 0xfeb00000-0xfeb7ffff pref]
[    0.181963] pci 0000:00:02.0: [1af4:1050] type 00 class 0x030000 conventional PCI endpoint
[    0.183180] pci 0000:00:02.0: BAR 0 [mem 0xfe000000-0xfe7fffff pref]
[    0.183613] pci 0000:00:02.0: BAR 2 [mem 0xfe804000-0xfe807fff 64bit pref]
[    0.184026] pci 0000:00:02.0: BAR 4 [mem 0xfeb94000-0xfeb94fff]
[    0.184178] pci 0000:00:02.0: ROM [mem 0xfeb80000-0xfeb8ffff pref]
[    0.184628] pci 0000:00:02.0: Video device with shadowed ROM at [mem 0x000c0000-0x000dffff]
[    0.185512] pci 0000:00:03.0: [1b36:000d] type 00 class 0x0c0330 PCIe Root Complex Integrated Endpoint
[    0.186496] pci 0000:00:03.0: BAR 0 [mem 0xfeb90000-0xfeb93fff 64bit]
[    0.193440] pci 0000:00:1f.0: [8086:2918] type 00 class 0x060100 conventional PCI endpoint
[    0.194140] pci 0000:00:1f.0: quirk: [io  0x0600-0x067f] claimed by ICH6 ACPI/GPIO/TCO
[    0.194288] pci 0000:00:1f.2: [8086:2922] type 00 class 0x010601 conventional PCI endpoint
[    0.195192] pci 0000:00:1f.2: BAR 4 [io  0xc060-0xc07f]
[    0.195540] pci 0000:00:1f.2: BAR 5 [mem 0xfeb95000-0xfeb95fff]
[    0.196073] pci 0000:00:1f.3: [8086:2930] type 00 class 0x0c0500 conventional PCI endpoint
[    0.196480] pci 0000:00:1f.3: BAR 4 [io  0x0700-0x073f]
[    0.197009] ACPI: PCI: Interrupt link LNKA configured for IRQ 10
[    0.197250] ACPI: PCI: Interrupt link LNKB configured for IRQ 10
[    0.197826] ACPI: PCI: Interrupt link LNKC configured for IRQ 11
[    0.198224] ACPI: PCI: Interrupt link LNKD configured for IRQ 11
[    0.198713] ACPI: PCI: Interrupt link LNKE configured for IRQ 10
[    0.199172] ACPI: PCI: Interrupt link LNKF configured for IRQ 10
[    0.199654] ACPI: PCI: Interrupt link LNKG configured for IRQ 11
[    0.200112] ACPI: PCI: Interrupt link LNKH configured for IRQ 11
[    0.200188] ACPI: PCI: Interrupt link GSIA configured for IRQ 16
[    0.200668] ACPI: PCI: Interrupt link GSIB configured for IRQ 17
[    0.201085] ACPI: PCI: Interrupt link GSIC configured for IRQ 18
[    0.201175] ACPI: PCI: Interrupt link GSID configured for IRQ 19
[    0.201542] ACPI: PCI: Interrupt link GSIE configured for IRQ 20
[    0.201930] ACPI: PCI: Interrupt link GSIF configured for IRQ 21
[    0.202175] ACPI: PCI: Interrupt link GSIG configured for IRQ 22
[    0.202592] ACPI: PCI: Interrupt link GSIH configured for IRQ 23
[    0.203269] iommu: Default domain type: Translated
[    0.203578] iommu: DMA domain TLB invalidation policy: lazy mode
[    0.204072] SCSI subsystem initialized
[    0.204199] ACPI: bus type USB registered
[    0.204451] usbcore: registered new interface driver usbfs
[    0.204812] usbcore: registered new interface driver hub
[    0.205135] usbcore: registered new device driver usb
[    0.205180] pps_core: LinuxPPS API ver. 1 registered
[    0.205521] pps_core: Software ver. 5.3.6 - Copyright 2005-2007 Rodolfo Giometti <giometti@linux.it>
[    0.206083] PTP clock support registered
[    0.206200] EDAC MC: Ver: 3.0.0
[    0.206673] NetLabel: Initializing
[    0.206913] NetLabel:  domain hash size = 128
[    0.207170] NetLabel:  protocols = UNLABELED CIPSOv4 CALIPSO
[    0.207528] NetLabel:  unlabeled traffic allowed by default
[    0.207890] mctp: management component transport protocol core
[    0.208170] NET: Registered PF_MCTP protocol family
[    0.208469] PCI: Using ACPI for IRQ routing
[    0.298488] pci 0000:00:02.0: vgaarb: setting as boot VGA device
[    0.298921] pci 0000:00:02.0: vgaarb: bridge control possible
[    0.299168] pci 0000:00:02.0: vgaarb: VGA device added: decodes=io+mem,owns=io+mem,locks=none
[    0.299171] vgaarb: loaded
[    0.299453] hpet0: at MMIO 0xfed00000, IRQs 2, 8, 0
[    0.299767] hpet0: 3 comparators, 64-bit 100.000000 MHz counter
[    0.302189] clocksource: Switched to clocksource kvm-clock
[    0.302905] VFS: Disk quotas dquot_6.6.0
[    0.303188] VFS: Dquot-cache hash table entries: 512 (order 0, 4096 bytes)
[    0.303746] AppArmor: AppArmor Filesystem Enabled
[    0.304131] pnp: PnP ACPI init
[    0.304462] system 00:05: [mem 0xb0000000-0xbfffffff window] has been reserved
[    0.305097] pnp: PnP ACPI: found 6 devices
[    0.310520] clocksource: acpi_pm: mask: 0xffffff max_cycles: 0xffffff, max_idle_ns: 2085701024 ns
[    0.311194] NET: Registered PF_INET protocol family
[    0.311559] IP idents hash table entries: 16384 (order: 5, 131072 bytes, linear)
[    0.321442] tcp_listen_portaddr_hash hash table entries: 512 (order: 1, 8192 bytes, linear)
[    0.321989] Table-perturb hash table entries: 65536 (order: 6, 262144 bytes, linear)
[    0.322499] TCP established hash table entries: 8192 (order: 4, 65536 bytes, linear)
[    0.322985] TCP bind hash table entries: 8192 (order: 6, 262144 bytes, linear)
[    0.323472] TCP: Hash tables configured (established 8192 bind 8192)
[    0.323941] MPTCP token hash table entries: 1024 (order: 2, 24576 bytes, linear)
[    0.324444] UDP hash table entries: 512 (order: 2, 16384 bytes, linear)
[    0.324842] UDP-Lite hash table entries: 512 (order: 2, 16384 bytes, linear)
[    0.325356] NET: Registered PF_UNIX/PF_LOCAL protocol family
[    0.325769] NET: Registered PF_XDP protocol family
[    0.326108] pci_bus 0000:00: resource 4 [io  0x0000-0x0cf7 window]
[    0.326508] pci_bus 0000:00: resource 5 [io  0x0d00-0xffff window]
[    0.326879] pci_bus 0000:00: resource 6 [mem 0x000a0000-0x000bffff window]
[    0.327420] pci_bus 0000:00: resource 7 [mem 0x40000000-0xafffffff window]
[    0.327966] pci_bus 0000:00: resource 8 [mem 0xc0000000-0xfebfffff window]
[    0.328404] pci_bus 0000:00: resource 9 [mem 0x100000000-0x8ffffffff window]
[    0.329018] ACPI: \_SB_.GSIH: Enabled at IRQ 23
[    0.329714] PCI: CLS 0 bytes, default 64
[    0.330024] Trying to unpack rootfs image as initramfs...
[    0.331421] clocksource: tsc: mask: 0xffffffffffffffff max_cycles: 0x28680fa287f, max_idle_ns: 440795281151 ns
[    0.332312] Initialise system trusted keyrings
[    0.333384] Key type blacklist registered
[    0.333713] workingset: timestamp_bits=36 max_order=18 bucket_order=0
[    0.334204] zbud: loaded
[    0.335596] squashfs: version 4.0 (2009/01/31) Phillip Lougher
[    0.336410] fuse: init (API version 7.39)
[    0.337433] integrity: Platform Keyring initialized
[    0.337737] integrity: Machine keyring initialized
[    0.350384] Key type asymmetric registered
[    0.350646] Asymmetric key parser 'x509' registered
[    0.350954] Block layer SCSI generic (bsg) driver version 0.4 loaded (major 243)
[    0.352534] io scheduler mq-deadline registered
[    0.352896] shpchp: Standard Hot Plug PCI Controller Driver version: 0.4
[    0.354443] input: Power Button as /devices/LNXSYSTM:00/LNXPWRBN:00/input/input0
[    0.355491] ACPI: button: Power Button [PWRF]
[    0.356010] ACPI: \_SB_.GSIF: Enabled at IRQ 21
[    0.357914] ACPI: \_SB_.GSIG: Enabled at IRQ 22
[    0.361431] Serial: 8250/16550 driver, 32 ports, IRQ sharing enabled
[    0.406514] 00:03: ttyS0 at I/O 0x3f8 (irq = 4, base_baud = 115200) is a 16550A
[    0.409318] Linux agpgart interface v0.103
[    0.411627] loop: module loaded
[    0.412497] ACPI: bus type drm_connector registered
[    0.413086] tun: Universal TUN/TAP device driver, 1.6
[    0.415441] PPP generic driver version 2.4.2
[    0.416458] i8042: PNP: PS/2 Controller [PNP0303:KBD,PNP0f13:MOU] at 0x60,0x64 irq 1,12
[    0.418478] serio: i8042 KBD port at 0x60,0x64 irq 1
[    0.418789] serio: i8042 AUX port at 0x60,0x64 irq 12
[    0.419154] mousedev: PS/2 mouse device common for all mice
[    0.420550] input: AT Translated Set 2 keyboard as /devices/platform/i8042/serio0/input/input1
[    0.421213] rtc_cmos 00:04: RTC can wake from S4
[    0.421839] rtc_cmos 00:04: registered as rtc0
[    0.422194] rtc_cmos 00:04: setting system clock to 2026-03-08T03:00:39 UTC (1772938839)
[    0.424416] rtc_cmos 00:04: alarms up to one day, y3k, 242 bytes nvram, hpet irqs
[    0.424873] i2c_dev: i2c /dev entries driver
[    0.425148] device-mapper: core: CONFIG_IMA_DISABLE_HTABLE is disabled. Duplicate IMA measurements will not be recorded in the IMA log.
[    0.427563] device-mapper: uevent: version 1.0.3
[    0.427899] device-mapper: ioctl: 4.48.0-ioctl (2023-03-01) initialised: dm-devel@redhat.com
[    0.428444] intel_pstate: CPU model not supported
[    0.429382] ledtrig-cpu: registered to indicate activity on CPUs
[    0.429791] drop_monitor: Initializing network drop monitor service
[    0.430251] NET: Registered PF_INET6 protocol family
[    0.555306] Freeing initrd memory: 19108K
[    0.555710] Segment Routing with IPv6
[    0.555953] In-situ OAM (IOAM) with IPv6
[    0.556239] NET: Registered PF_PACKET protocol family
[    0.556647] Key type dns_resolver registered
[    0.557080] IPI shorthand broadcast: enabled
[    0.558309] sched_clock: Marking stable (498022033, 59370482)->(568523604, -11131089)
[    0.558853] registered taskstats version 1
[    0.559170] Loading compiled-in X.509 certificates
[    0.559909] Loaded X.509 cert 'Build time autogenerated kernel key: 7f71bdefc17a4d88631555bf9efbb1c93d6f5260'
[    0.561215] Loaded X.509 cert 'Canonical Ltd. Live Patch Signing 2025 Kmod: d541cef61dc7e793b7eb7e899970a2eef0b5dc8c'
[    0.562207] Loaded X.509 cert 'Canonical Ltd. Live Patch Signing: 14df34d1a87cf37625abec039ef2bf521249b969'
[    0.563129] Loaded X.509 cert 'Canonical Ltd. Kernel Module Signing: 88f752e560a1e0737e31163a466ad7b70a850c19'
[    0.563760] blacklist: Loading compiled-in revocation X.509 certificates
[    0.564214] Loaded X.509 cert 'Canonical Ltd. Secure Boot Signing: 61482aa2830d0ab2ad5af10b7250da9033ddcef0'
[    0.564817] Loaded X.509 cert 'Canonical Ltd. Secure Boot Signing (2017): 242ade75ac4a15e50d50c84b0d45ff3eae707a03'
[    0.565529] Loaded X.509 cert 'Canonical Ltd. Secure Boot Signing (ESM 2018): 365188c1d374d6b07c3c8f240f8ef722433d6a8b'
[    0.566336] Loaded X.509 cert 'Canonical Ltd. Secure Boot Signing (2019): c0746fd6c5da3ae827864651ad66ae47fe24b3e8'
[    0.567063] Loaded X.509 cert 'Canonical Ltd. Secure Boot Signing (2021 v1): a8d54bbb3825cfb94fa13c9f8a594a195c107b8d'
[    0.567820] Loaded X.509 cert 'Canonical Ltd. Secure Boot Signing (2021 v2): 4cf046892d6fd3c9a5b03f98d845f90851dc6a8c'
[    0.568562] Loaded X.509 cert 'Canonical Ltd. Secure Boot Signing (2021 v3): 100437bb6de6e469b581e61cd66bce3ef4ed53af'
[    0.569292] Loaded X.509 cert 'Canonical Ltd. Secure Boot Signing (Ubuntu Core 2019): c1d57b8f6b743f23ee41f4f7ee292f06eecadfb9'
[    0.571980] Key type .fscrypt registered
[    0.572272] Key type fscrypt-provisioning registered
[    0.572819] Key type encrypted registered
[    0.573102] AppArmor: AppArmor sha256 policy hashing enabled
[    0.573473] ima: No TPM chip found, activating TPM-bypass!
[    0.573809] Loading compiled-in module X.509 certificates
[    0.574489] Loaded X.509 cert 'Build time autogenerated kernel key: 7f71bdefc17a4d88631555bf9efbb1c93d6f5260'
[    0.575084] ima: Allocated hash algorithm: sha256
[    0.575421] ima: No architecture policies found
[    0.575701] evm: Initialising EVM extended attributes:
[    0.576012] evm: security.selinux
[    0.576235] evm: security.SMACK64
[    0.576471] evm: security.SMACK64EXEC
[    0.576726] evm: security.SMACK64TRANSMUTE
[    0.577010] evm: security.SMACK64MMAP
[    0.577269] evm: security.apparmor
[    0.577508] evm: security.ima
[    0.577716] evm: security.capability
[    0.577966] evm: HMAC attrs: 0x1
[    0.578366] PM:   Magic number: 2:857:6
[    0.580513] RAS: Correctable Errors collector initialized.
[    0.580949] clk: Disabling unused clocks
[    0.586949] Freeing unused decrypted memory: 2028K
[    0.587629] Freeing unused kernel image (initmem) memory: 4920K
[    0.587878] Write protecting the kernel read-only data: 38912k
[    0.588454] Freeing unused kernel image (rodata/data gap) memory: 1984K
[    0.596576] x86/mm: Checked W+X mappings: passed, no W+X pages found.
[    0.596857] Run /init as init process
[init-phase2] booted
[init-phase2] loading module=/lib/modules/6.8.0-101-generic/kernel/drivers/virtio/virtio_dma_buf.ko
[init-phase2] loading module=/lib/modules/6.8.0-101-generic/kernel/drivers/gpu/drm/virtio/virtio-gpu.ko
[    0.603134] [drm] pci: virtio-vga detected at 0000:00:02.0
[    0.603414] virtio-pci 0000:00:02.0: vgaarb: deactivate vga console
[    0.607925] Console: switching to colour dummy device 80x25
[    0.608257] [drm] features: -virgl +edid -resource_blob -host_visible
[    0.608257] [drm] features: -context_init
[    0.609008] [drm] number of scanouts: 1
[    0.609183] [drm] number of cap sets: 0
[    0.609520] [drm] Initialized virtio_gpu 0.1.0 0 for 0000:00:02.0 on minor 0
[    0.611444] fbcon: virtio_gpudrmfb (fb0) is primary device
[    0.611875] Console: switching to colour frame buffer device 160x50
[    0.614632] virtio-pci 0000:00:02.0: [drm] fb0: virtio_gpudrmfb frame buffer device
[init-phase2] loading module=/lib/modules/6.8.0-101-generic/kernel/drivers/hid/hid.ko
[    0.619362] hid: raw HID events driver (C) Jiri Kosina
[init-phase2] loading module=/lib/modules/6.8.0-101-generic/kernel/drivers/hid/hid-generic.ko
[init-phase2] loading module=/lib/modules/6.8.0-101-generic/kernel/drivers/hid/usbhid/usbhid.ko
[    0.621926] usbcore: registered new interface driver usbhid
[    0.622170] usbhid: USB HID core driver
[init-phase2] loading module=/lib/modules/6.8.0-101-generic/kernel/drivers/hid/usbhid/usbkbd.ko
[    0.623351] usbcore: registered new interface driver usbkbd
[init-phase2] loading module=/lib/modules/6.8.0-101-generic/kernel/drivers/hid/usbhid/usbmouse.ko
[    0.624681] usbcore: registered new interface driver usbmouse
[init-phase2] loading module=/lib/modules/6.8.0-101-generic/kernel/drivers/input/mouse/psmouse.ko
[    0.627986] input: VirtualPS/2 VMware VMMouse as /devices/platform/i8042/serio1/input/input4
[    0.628480] input: VirtualPS/2 VMware VMMouse as /devices/platform/i8042/serio1/input/input3
[init-phase2] loading module=/lib/modules/6.8.0-101-generic/kernel/drivers/usb/host/xhci-pci-renesas.ko
[init-phase2] loading module=/lib/modules/6.8.0-101-generic/kernel/drivers/usb/host/xhci-pci.ko
[    0.631247] xhci_hcd 0000:00:03.0: xHCI Host Controller
[    0.631501] xhci_hcd 0000:00:03.0: new USB bus registered, assigned bus number 1
[    0.631943] xhci_hcd 0000:00:03.0: hcc params 0x00087001 hci version 0x100 quirks 0x0000000000000010
[    0.632656] xhci_hcd 0000:00:03.0: xHCI Host Controller
[    0.632909] xhci_hcd 0000:00:03.0: new USB bus registered, assigned bus number 2
[    0.633272] xhci_hcd 0000:00:03.0: Host supports USB 3.0 SuperSpeed
[    0.633579] usb usb1: New USB device found, idVendor=1d6b, idProduct=0002, bcdDevice= 6.08
[    0.633916] usb usb1: New USB device strings: Mfr=3, Product=2, SerialNumber=1
[    0.634254] usb usb1: Product: xHCI Host Controller
[    0.634517] usb usb1: Manufacturer: Linux 6.8.0-101-generic xhci-hcd
[    0.634845] usb usb1: SerialNumber: 0000:00:03.0
[    0.635133] hub 1-0:1.0: USB hub found
[    0.635323] hub 1-0:1.0: 4 ports detected
[    0.635593] usb usb2: We don't know the algorithms for LPM for this host, disabling LPM.
[    0.635933] usb usb2: New USB device found, idVendor=1d6b, idProduct=0003, bcdDevice= 6.08
[    0.636303] usb usb2: New USB device strings: Mfr=3, Product=2, SerialNumber=1
[    0.636605] usb usb2: Product: xHCI Host Controller
[    0.636809] usb usb2: Manufacturer: Linux 6.8.0-101-generic xhci-hcd
[    0.637070] usb usb2: SerialNumber: 0000:00:03.0
[    0.637306] hub 2-0:1.0: USB hub found
[    0.637484] hub 2-0:1.0: 4 ports detected
Starting systemd-udevd version 255.4-1ubuntu8.8
total 0
drwxr-xr-x    2 root     root            80 Mar  8 03:00 by-path
crw-rw----    1 root     video     226,   0 Mar  8 03:00 card0
crw-rw----    1 root     root      226, 128 Mar  8 03:00 renderD128
total 0
drwxr-xr-x    2 root     root           100 Mar  8 03:00 by-path
crw-rw----    1 root     input      13,  64 Mar  8 03:00 event0
crw-rw----    1 root     input      13,  65 Mar  8 03:00 event1
crw-rw----    1 root     input      13,  66 Mar  8 03:00 event2
crw-rw----    1 root     input      13,  67 Mar  8 03:00 event3
crw-rw----    1 root     input      13,  63 Mar  8 03:00 mice
crw-rw----    1 root     input      13,  32 Mar  8 03:00 mouse0
crw-rw----    1 root     input      13,  33 Mar  8 03:00 mouse1
[init-phase2] seatd pid=121
[init-phase2] weston pid=122
[init-phase2] wayland ready
Date: 2026-03-08 UTC
[03:00:39.752] weston 13.0.0
               https://wayland.freedesktop.org
               Bug reports to: https://gitlab.freedesktop.org/wayland/weston/issues/
               Build: 13.0.0
[03:00:39.752] Command line: /usr/bin/weston --backend=drm --renderer=pixman --shell=kiosk-shell.so --socket=wayland-1 --continue-without-input --log=/var/log/weston.log
[03:00:39.752] OS: Linux, 6.8.0-101-generic, #101-Ubuntu SMP PREEMPT_DYNAMIC Mon Feb  9 10:15:05 UTC 2026, x86_64
[03:00:39.752] Flight recorder: enabled
[03:00:39.752] Using config file '/etc/xdg/weston/weston.ini'
[03:00:39.752] Output repaint window is 7 ms maximum.
[03:00:39.752] Loading module '/usr/lib/x86_64-linux-gnu/libweston-13/drm-backend.so'
[03:00:39.752] initializing drm backend
[03:00:39.752] Trying libseat launcher...
[03:00:39.752] [libseat/libseat.c:62] Seat opened with backend 'seatd'
[03:00:39.752] [libseat/backend/seatd.c:212] Enabling seat
[03:00:39.752] libseat: session control granted
[03:00:39.753] using /dev/dri/card0
[03:00:39.753] DRM: supports atomic modesetting
[03:00:39.753] DRM: does not support GBM modifiers
[03:00:39.753] DRM: does not support async page flipping
[03:00:39.753] DRM: supports picture aspect ratio
[03:00:39.753] Using Pixman renderer
[03:00:39.754] event0  - Power Button: is tagged by udev as: Keyboard
[03:00:39.754] event0  - Power Button: device is a keyboard
[03:00:39.755] event1  - AT Translated Set 2 keyboard: is tagged by udev as: Keyboard
[03:00:39.755] event1  - AT Translated Set 2 keyboard: device is a keyboard
[03:00:39.755] event3  - VirtualPS/2 VMware VMMouse: is tagged by udev as: Mouse
[03:00:39.755] event3  - VirtualPS/2 VMware VMMouse: device is a pointer
[03:00:39.756] event2  - VirtualPS/2 VMware VMMouse: is tagged by udev as: Mouse
[03:00:39.756] event2  - VirtualPS/2 VMware VMMouse: device is a pointer
[03:00:39.758] libinput: configuring device "Power Button".
[03:00:39.758] libinput: configuring device "AT Translated Set 2 keyboard".
[03:00:39.758] libinput: configuring device "VirtualPS/2 VMware VMMouse".
[03:00:39.758] libinput: configuring device "VirtualPS/2 VMware VMMouse".
[03:00:39.758] input device event2 has no enabled output associated (none named), skipping calibration for now.
[03:00:39.758] DRM: head 'Virtual-1' found, connector 36 is connected, EDID make 'RHT', model 'QEMU Monitor', serial ''
               Supported EOTF modes: SDR
[03:00:39.758] Registered plugin API 'weston_drm_output_api_v1' of size 40
[03:00:39.758] Registered plugin API 'weston_drm_virtual_output_api_v2' of size 48
[03:00:39.758] Color manager: no-op
[03:00:39.758] Output 'Virtual-1' attempts EOTF mode: SDR
[03:00:39.758] Output 'Virtual-1' using color profile: stock sRGB color profile
[03:00:39.760] DRM: output Virtual-1 uses shadow framebuffer.
[03:00:39.760] Output Virtual-1 (crtc 35) video modes:
               1280x800@75.0, preferred, current, 107.3 MHz
               5120x2160@50.0 64:27, 742.5 MHz
               4096x2160@50.0 256:135, 594.0 MHz
               3840x2160@60.0 16:9, 594.0 MHz
               3840x2160@59.9 16:9, 593.4 MHz
               3840x2160@50.0 16:9, 594.0 MHz
               1920x1440@60.0, 234.0 MHz
               2560x1080@50.0 64:27, 185.6 MHz
               1856x1392@60.0, 218.2 MHz
               1792x1344@60.0, 204.8 MHz
               2048x1152@60.0, 162.0 MHz
               1920x1200@59.9, 193.2 MHz
               1920x1080@60.0, 148.5 MHz
               1920x1080@50.0 16:9, 148.5 MHz
               1600x1200@60.0, 162.0 MHz
               1680x1050@60.0, 146.2 MHz
               1400x1050@60.0, 121.8 MHz
               1280x1024@60.0, 108.0 MHz
               1440x900@59.9, 106.5 MHz
               1280x960@60.0, 108.0 MHz
               1360x768@60.0, 85.5 MHz
               1280x768@59.9, 79.5 MHz
               1024x768@60.0, 65.0 MHz
               800x600@60.3, 40.0 MHz
               640x480@60.0 4:3, 25.2 MHz
               640x480@59.9, 25.2 MHz
[03:00:39.760] associating input device event0 with output Virtual-1 (none by udev)
[03:00:39.760] associating input device event1 with output Virtual-1 (none by udev)
[03:00:39.760] associating input device event3 with output Virtual-1 (none by udev)
[03:00:39.760] associating input device event2 with output Virtual-1 (none by udev)
[03:00:39.760] Output 'Virtual-1' enabled with head(s) Virtual-1
[03:00:39.760] Compositor capabilities:
               arbitrary surface rotation: yes
               screen capture uses y-flip: no
               cursor planes: yes
               arbitrary resolutions: no
               view mask clipping: yes
               explicit sync: no
               color operations: no
               presentation clock: CLOCK_MONOTONIC, id 1
               presentation clock resolution: 0.000000001 s
[03:00:39.760] Loading module '/usr/lib/x86_64-linux-gnu/weston/kiosk-shell.so'
[init-phase2] launching client=/usr/bin/weston-simple-shm args= --idle-seconds 5 --max-suspend-cycles 1 --wake-seconds 5 --pm-test devices --runtime-seconds 20
[    0.875422] usb 1-1: new high-speed USB device number 2 using xhci_hcd
[    1.002148] usb 1-1: New USB device found, idVendor=0627, idProduct=0001, bcdDevice= 0.00
[    1.002609] usb 1-1: New USB device strings: Mfr=1, Product=4, SerialNumber=11
[    1.002992] usb 1-1: Product: QEMU USB Keyboard
[    1.003244] usb 1-1: Manufacturer: QEMU
[    1.003456] usb 1-1: SerialNumber: 68284-0000:00:03.0-1
[    1.004630] input: QEMU QEMU USB Keyboard as /devices/pci0000:00/0000:00:03.0/usb1/1-1/1-1:1.0/0003:0627:0001.0001/input/input5
[    1.057539] hid-generic 0003:0627:0001.0001: input,hidraw0: USB HID v1.11 Keyboard [QEMU QEMU USB Keyboard] on usb-0000:00:03.0-1/input0
[    1.172393] usb 1-2: new high-speed USB device number 3 using xhci_hcd
[    1.298915] usb 1-2: New USB device found, idVendor=0627, idProduct=0001, bcdDevice= 0.00
[    1.299531] usb 1-2: New USB device strings: Mfr=1, Product=3, SerialNumber=10
[    1.300008] usb 1-2: Product: QEMU USB Tablet
[    1.300318] usb 1-2: Manufacturer: QEMU
[    1.300581] usb 1-2: SerialNumber: 28754-0000:00:03.0-2
[    1.303358] input: QEMU QEMU USB Tablet as /devices/pci0000:00/0000:00:03.0/usb1/1-2/1-2:1.0/0003:0627:0001.0002/input/input6
[    1.305511] hid-generic 0003:0627:0001.0002: input,hidraw1: USB HID v0.01 Mouse [QEMU QEMU USB Tablet] on usb-0000:00:03.0-2/input0
