[    0.000000] Linux version 6.8.0-101-generic (buildd@lcy02-amd64-051) (x86_64-linux-gnu-gcc-13 (Ubuntu 13.3.0-6ubuntu2~24.04) 13.3.0, GNU ld (GNU Binutils for Ubuntu) 2.42) #101-Ubuntu SMP PREEMPT_DYNAMIC Mon Feb  9 10:15:05 UTC 2026 (Ubuntu 6.8.0-101.101-generic 6.8.12)
[    0.000000] Command line: console=ttyS0 panic=-1 no_console_suspend rdinit=/init phase3_client=weston-simple-shm phase3_runtime_seconds=35 phase3_suspend_delay_seconds=10 phase3_wake_seconds=5 phase3_pm_test=devices
[    0.000000] KERNEL supported cpus:
[    0.000000]   Intel GenuineIntel
[    0.000000]   AMD AuthenticAMD
[    0.000000]   Hygon HygonGenuine
[    0.000000]   Centaur CentaurHauls
[    0.000000]   zhaoxin   Shanghai  
[    0.000000] BIOS-provided physical RAM map:
[    0.000000] BIOS-e820: [mem 0x0000000000000000-0x000000000009fbff] usable
[    0.000000] BIOS-e820: [mem 0x000000000009fc00-0x000000000009ffff] reserved
[    0.000000] BIOS-e820: [mem 0x00000000000f0000-0x00000000000fffff] reserved
[    0.000000] BIOS-e820: [mem 0x0000000000100000-0x000000007ffddfff] usable
[    0.000000] BIOS-e820: [mem 0x000000007ffde000-0x000000007fffffff] reserved
[    0.000000] BIOS-e820: [mem 0x00000000b0000000-0x00000000bfffffff] reserved
[    0.000000] BIOS-e820: [mem 0x00000000fed1c000-0x00000000fed1ffff] reserved
[    0.000000] BIOS-e820: [mem 0x00000000feffc000-0x00000000feffffff] reserved
[    0.000000] BIOS-e820: [mem 0x00000000fffc0000-0x00000000ffffffff] reserved
[    0.000000] NX (Execute Disable) protection: active
[    0.000000] APIC: Static calls initialized
[    0.000000] SMBIOS 3.0.0 present.
[    0.000000] DMI: QEMU Standard PC (Q35 + ICH9, 2009), BIOS 1.16.3-debian-1.16.3-2 04/01/2014
[    0.000000] Hypervisor detected: KVM
[    0.000000] kvm-clock: Using msrs 4b564d01 and 4b564d00
[    0.000000] kvm-clock: using sched offset of 275921302 cycles
[    0.000002] clocksource: kvm-clock: mask: 0xffffffffffffffff max_cycles: 0x1cd42e4dffb, max_idle_ns: 881590591483 ns
[    0.000004] tsc: Detected 2803.200 MHz processor
[    0.000627] last_pfn = 0x7ffde max_arch_pfn = 0x400000000
[    0.000662] MTRR map: 4 entries (3 fixed + 1 variable; max 19), built from 8 variable MTRRs
[    0.000664] x86/PAT: Configuration [0-7]: WB  WC  UC- UC  WB  WP  UC- WT  
[    0.004278] found SMP MP-table at [mem 0x000f5470-0x000f547f]
[    0.004288] Using GB pages for direct mapping
[    0.004353] RAMDISK: [mem 0x75de7000-0x7ffcffff]
[    0.004357] ACPI: Early table checksum verification disabled
[    0.004360] ACPI: RSDP 0x00000000000F52B0 000014 (v00 BOCHS )
[    0.004363] ACPI: RSDT 0x000000007FFE2304 000038 (v01 BOCHS  BXPC     00000001 BXPC 00000001)
[    0.004367] ACPI: FACP 0x000000007FFE20FC 0000F4 (v03 BOCHS  BXPC     00000001 BXPC 00000001)
[    0.004371] ACPI: DSDT 0x000000007FFE0040 0020BC (v01 BOCHS  BXPC     00000001 BXPC 00000001)
[    0.004373] ACPI: FACS 0x000000007FFE0000 000040
[    0.004375] ACPI: APIC 0x000000007FFE21F0 000078 (v03 BOCHS  BXPC     00000001 BXPC 00000001)
[    0.004377] ACPI: HPET 0x000000007FFE2268 000038 (v01 BOCHS  BXPC     00000001 BXPC 00000001)
[    0.004379] ACPI: MCFG 0x000000007FFE22A0 00003C (v01 BOCHS  BXPC     00000001 BXPC 00000001)
[    0.004381] ACPI: WAET 0x000000007FFE22DC 000028 (v01 BOCHS  BXPC     00000001 BXPC 00000001)
[    0.004383] ACPI: Reserving FACP table memory at [mem 0x7ffe20fc-0x7ffe21ef]
[    0.004384] ACPI: Reserving DSDT table memory at [mem 0x7ffe0040-0x7ffe20fb]
[    0.004384] ACPI: Reserving FACS table memory at [mem 0x7ffe0000-0x7ffe003f]
[    0.004385] ACPI: Reserving APIC table memory at [mem 0x7ffe21f0-0x7ffe2267]
[    0.004385] ACPI: Reserving HPET table memory at [mem 0x7ffe2268-0x7ffe229f]
[    0.004386] ACPI: Reserving MCFG table memory at [mem 0x7ffe22a0-0x7ffe22db]
[    0.004386] ACPI: Reserving WAET table memory at [mem 0x7ffe22dc-0x7ffe2303]
[    0.004587] No NUMA configuration found
[    0.004587] Faking a node at [mem 0x0000000000000000-0x000000007ffddfff]
[    0.004592] NODE_DATA(0) allocated [mem 0x75dbc000-0x75de6fff]
[    0.004684] Zone ranges:
[    0.004685]   DMA      [mem 0x0000000000001000-0x0000000000ffffff]
[    0.004686]   DMA32    [mem 0x0000000001000000-0x000000007ffddfff]
[    0.004687]   Normal   empty
[    0.004688]   Device   empty
[    0.004688] Movable zone start for each node
[    0.004689] Early memory node ranges
[    0.004690]   node   0: [mem 0x0000000000001000-0x000000000009efff]
[    0.004691]   node   0: [mem 0x0000000000100000-0x000000007ffddfff]
[    0.004692] Initmem setup node 0 [mem 0x0000000000001000-0x000000007ffddfff]
[    0.004891] On node 0, zone DMA: 1 pages in unavailable ranges
[    0.004900] On node 0, zone DMA: 97 pages in unavailable ranges
[    0.008886] On node 0, zone DMA32: 34 pages in unavailable ranges
[    0.009105] ACPI: PM-Timer IO Port: 0x608
[    0.009114] ACPI: LAPIC_NMI (acpi_id[0xff] dfl dfl lint[0x1])
[    0.009144] IOAPIC[0]: apic_id 0, version 17, address 0xfec00000, GSI 0-23
[    0.009146] ACPI: INT_SRC_OVR (bus 0 bus_irq 0 global_irq 2 dfl dfl)
[    0.009147] ACPI: INT_SRC_OVR (bus 0 bus_irq 5 global_irq 5 high level)
[    0.009148] ACPI: INT_SRC_OVR (bus 0 bus_irq 9 global_irq 9 high level)
[    0.009149] ACPI: INT_SRC_OVR (bus 0 bus_irq 10 global_irq 10 high level)
[    0.009150] ACPI: INT_SRC_OVR (bus 0 bus_irq 11 global_irq 11 high level)
[    0.009152] ACPI: Using ACPI (MADT) for SMP configuration information
[    0.009153] ACPI: HPET id: 0x8086a201 base: 0xfed00000
[    0.009156] TSC deadline timer available
[    0.009157] smpboot: Allowing 1 CPUs, 0 hotplug CPUs
[    0.009171] kvm-guest: APIC: eoi() replaced with kvm_guest_apic_eoi_write()
[    0.009191] PM: hibernation: Registered nosave memory: [mem 0x00000000-0x00000fff]
[    0.009192] PM: hibernation: Registered nosave memory: [mem 0x0009f000-0x000fffff]
[    0.009193] [mem 0xc0000000-0xfed1bfff] available for PCI devices
[    0.009194] Booting paravirtualized kernel on KVM
[    0.009195] clocksource: refined-jiffies: mask: 0xffffffff max_cycles: 0xffffffff, max_idle_ns: 1910969940391419 ns
[    0.009201] setup_percpu: NR_CPUS:8192 nr_cpumask_bits:1 nr_cpu_ids:1 nr_node_ids:1
[    0.009486] percpu: Embedded 86 pages/cpu s229376 r8192 d114688 u2097152
[    0.009516] kvm-guest: PV spinlocks disabled, single CPU
[    0.009517] Kernel command line: console=ttyS0 panic=-1 no_console_suspend rdinit=/init phase3_client=weston-simple-shm phase3_runtime_seconds=35 phase3_suspend_delay_seconds=10 phase3_wake_seconds=5 phase3_pm_test=devices
[    0.009600] Unknown kernel command line parameters "phase3_client=weston-simple-shm phase3_runtime_seconds=35 phase3_suspend_delay_seconds=10 phase3_wake_seconds=5 phase3_pm_test=devices", will be passed to user space.
[    0.009643] random: crng init done
[    0.009897] Dentry cache hash table entries: 262144 (order: 9, 2097152 bytes, linear)
[    0.009961] Inode-cache hash table entries: 131072 (order: 8, 1048576 bytes, linear)
[    0.010052] Fallback order for Node 0: 0 
[    0.010055] Built 1 zonelists, mobility grouping on.  Total pages: 515806
[    0.010057] Policy zone: DMA32
[    0.010062] mem auto-init: stack:all(zero), heap alloc:on, heap free:off
[    0.013252] Memory: 1840200K/2096624K available (22528K kernel code, 4439K rwdata, 14400K rodata, 4920K init, 4788K bss, 256164K reserved, 0K cma-reserved)
[    0.013852] SLUB: HWalign=64, Order=0-3, MinObjects=0, CPUs=1, Nodes=1
[    0.013869] ftrace: allocating 58250 entries in 228 pages
[    0.021052] ftrace: allocated 228 pages with 4 groups
[    0.021761] Dynamic Preempt: voluntary
[    0.021981] rcu: Preemptible hierarchical RCU implementation.
[    0.021982] rcu: 	RCU restricting CPUs from NR_CPUS=8192 to nr_cpu_ids=1.
[    0.021983] 	Trampoline variant of Tasks RCU enabled.
[    0.021983] 	Rude variant of Tasks RCU enabled.
[    0.021984] 	Tracing variant of Tasks RCU enabled.
[    0.021984] rcu: RCU calculated value of scheduler-enlistment delay is 100 jiffies.
[    0.021985] rcu: Adjusting geometry for rcu_fanout_leaf=16, nr_cpu_ids=1
[    0.021992] RCU Tasks: Setting shift to 0 and lim to 1 rcu_task_cb_adjust=1 rcu_task_cpu_ids=1.
[    0.021994] RCU Tasks Rude: Setting shift to 0 and lim to 1 rcu_task_cb_adjust=1 rcu_task_cpu_ids=1.
[    0.021995] RCU Tasks Trace: Setting shift to 0 and lim to 1 rcu_task_cb_adjust=1 rcu_task_cpu_ids=1.
[    0.024344] NR_IRQS: 524544, nr_irqs: 256, preallocated irqs: 16
[    0.024529] rcu: srcu_init: Setting srcu_struct sizes based on contention.
[    0.030673] Console: colour VGA+ 80x25
[    0.030702] printk: legacy console [ttyS0] enabled
[    0.080937] ACPI: Core revision 20230628
[    0.081286] clocksource: hpet: mask: 0xffffffff max_cycles: 0xffffffff, max_idle_ns: 19112604467 ns
[    0.081982] APIC: Switch to symmetric I/O mode setup
[    0.082503] x2apic enabled
[    0.082881] APIC: Switched APIC routing to: physical x2apic
[    0.084085] ..TIMER: vector=0x30 apic1=0 pin1=2 apic2=-1 pin2=-1
[    0.084536] clocksource: tsc-early: mask: 0xffffffffffffffff max_cycles: 0x28680fa287f, max_idle_ns: 440795281151 ns
[    0.085381] Calibrating delay loop (skipped) preset value.. 5606.40 BogoMIPS (lpj=2803200)
[    0.086507] x86/cpu: User Mode Instruction Prevention (UMIP) activated
[    0.087068] Last level iTLB entries: 4KB 0, 2MB 0, 4MB 0
[    0.087379] Last level dTLB entries: 4KB 0, 2MB 0, 4MB 0, 1GB 0
[    0.087780] Spectre V1 : Mitigation: usercopy/swapgs barriers and __user pointer sanitization
[    0.088383] Spectre V2 : Spectre BHI mitigation: SW BHB clearing on vm exit
[    0.088803] Spectre V2 : Spectre BHI mitigation: SW BHB clearing on syscall
[    0.089260] Spectre V2 : Mitigation: Enhanced / Automatic IBRS
[    0.089379] Spectre V2 : Spectre v2 / PBRSB-eIBRS: Retire a single CALL on VMEXIT
[    0.089850] Spectre V2 : mitigation: Enabling conditional Indirect Branch Prediction Barrier
[    0.090380] Speculative Store Bypass: Mitigation: Speculative Store Bypass disabled via prctl
[    0.090954] ITS: WARNING: ITS mitigation depends on retpoline and rethunk support
[    0.091379] ITS: Vulnerable
[    0.091595] x86/fpu: Supporting XSAVE feature 0x001: 'x87 floating point registers'
[    0.092379] x86/fpu: Supporting XSAVE feature 0x002: 'SSE registers'
[    0.092820] x86/fpu: Supporting XSAVE feature 0x004: 'AVX registers'
[    0.093250] x86/fpu: Supporting XSAVE feature 0x020: 'AVX-512 opmask'
[    0.093379] x86/fpu: Supporting XSAVE feature 0x040: 'AVX-512 Hi256'
[    0.093763] x86/fpu: Supporting XSAVE feature 0x080: 'AVX-512 ZMM_Hi256'
[    0.094379] x86/fpu: Supporting XSAVE feature 0x200: 'Protection Keys User registers'
[    0.094867] x86/fpu: xstate_offset[2]:  576, xstate_sizes[2]:  256
[    0.095379] x86/fpu: xstate_offset[5]:  832, xstate_sizes[5]:   64
[    0.095848] x86/fpu: xstate_offset[6]:  896, xstate_sizes[6]:  512
[    0.096277] x86/fpu: xstate_offset[7]: 1408, xstate_sizes[7]: 1024
[    0.096380] x86/fpu: xstate_offset[9]: 2432, xstate_sizes[9]:    8
[    0.096763] x86/fpu: Enabled xstate features 0x2e7, context size is 2440 bytes, using 'compacted' format.
[    0.120486] Freeing SMP alternatives memory: 48K
[    0.120835] pid_max: default: 32768 minimum: 301
[    0.121193] LSM: initializing lsm=lockdown,capability,landlock,yama,apparmor,integrity
[    0.121389] landlock: Up and running.
[    0.121642] Yama: becoming mindful.
[    0.121901] AppArmor: AppArmor initialized
[    0.122406] Mount-cache hash table entries: 4096 (order: 3, 32768 bytes, linear)
[    0.122878] Mountpoint-cache hash table entries: 4096 (order: 3, 32768 bytes, linear)
[    0.123572] smpboot: CPU0: 11th Gen Intel(R) Core(TM) i7-1165G7 @ 2.80GHz (family: 0x6, model: 0x8c, stepping: 0x1)
[    0.124378] Performance Events: Icelake events, full-width counters, Intel PMU driver.
[    0.124382] ... version:                2
[    0.124624] ... bit width:              48
[    0.124875] ... generic registers:      8
[    0.125117] ... value mask:             0000ffffffffffff
[    0.125380] ... max period:             00007fffffffffff
[    0.125697] ... fixed-purpose events:   3
[    0.125943] ... event mask:             00000007000000ff
[    0.126325] signal: max sigframe size: 3632
[    0.126405] rcu: Hierarchical SRCU implementation.
[    0.126779] rcu: 	Max phase no-delay instances is 400.
[    0.127344] smp: Bringing up secondary CPUs ...
[    0.127392] smp: Brought up 1 node, 1 CPU
[    0.127671] smpboot: Max logical packages: 1
[    0.127964] smpboot: Total of 1 processors activated (5606.40 BogoMIPS)
[    0.128536] devtmpfs: initialized
[    0.128769] x86/mm: Memory block size: 128MB
[    0.129266] clocksource: jiffies: mask: 0xffffffff max_cycles: 0xffffffff, max_idle_ns: 1911260446275000 ns
[    0.129385] futex hash table entries: 256 (order: 2, 16384 bytes, linear)
[    0.129844] pinctrl core: initialized pinctrl subsystem
[    0.130257] PM: RTC time: 02:50:24, date: 2026-03-08
[    0.130955] NET: Registered PF_NETLINK/PF_ROUTE protocol family
[    0.131433] DMA: preallocated 256 KiB GFP_KERNEL pool for atomic allocations
[    0.131898] DMA: preallocated 256 KiB GFP_KERNEL|GFP_DMA pool for atomic allocations
[    0.132372] DMA: preallocated 256 KiB GFP_KERNEL|GFP_DMA32 pool for atomic allocations
[    0.132388] audit: initializing netlink subsys (disabled)
[    0.132793] thermal_sys: Registered thermal governor 'fair_share'
[    0.132793] thermal_sys: Registered thermal governor 'bang_bang'
[    0.133163] thermal_sys: Registered thermal governor 'step_wise'
[    0.133381] thermal_sys: Registered thermal governor 'user_space'
[    0.133739] thermal_sys: Registered thermal governor 'power_allocator'
[    0.134111] audit: type=2000 audit(1772938224.736:1): state=initialized audit_enabled=0 res=1
[    0.134891] cpuidle: using governor ladder
[    0.135141] cpuidle: using governor menu
[    0.135429] acpiphp: ACPI Hot Plug PCI Controller Driver version: 0.5
[    0.136027] PCI: ECAM [mem 0xb0000000-0xbfffffff] (base 0xb0000000) for domain 0000 [bus 00-ff]
[    0.136382] PCI: ECAM [mem 0xb0000000-0xbfffffff] reserved as E820 entry
[    0.136876] PCI: Using configuration type 1 for base access
[    0.137364] kprobes: kprobe jump-optimization is enabled. All kprobes are optimized if possible.
[    0.163405] HugeTLB: registered 1.00 GiB page size, pre-allocated 0 pages
[    0.163823] HugeTLB: 16380 KiB vmemmap can be freed for a 1.00 GiB page
[    0.164240] HugeTLB: registered 2.00 MiB page size, pre-allocated 0 pages
[    0.164380] HugeTLB: 28 KiB vmemmap can be freed for a 2.00 MiB page
[    0.165499] ACPI: Added _OSI(Module Device)
[    0.165771] ACPI: Added _OSI(Processor Device)
[    0.166055] ACPI: Added _OSI(Processor Aggregator Device)
[    0.167234] ACPI: 1 ACPI AML tables successfully acquired and loaded
[    0.168052] ACPI: _OSC evaluation for CPUs failed, trying _PDC
[    0.168453] ACPI: Interpreter enabled
[    0.168682] ACPI: PM: (supports S0 S3 S4 S5)
[    0.168938] ACPI: Using IOAPIC for interrupt routing
[    0.169285] PCI: Using host bridge windows from ACPI; if necessary, use "pci=nocrs" and report a bug
[    0.169380] PCI: Using E820 reservations for host bridge windows
[    0.169789] ACPI: Enabled 2 GPEs in block 00 to 3F
[    0.171170] ACPI: PCI Root Bridge [PCI0] (domain 0000 [bus 00-ff])
[    0.171383] acpi PNP0A08:00: _OSC: OS supports [ExtendedConfig ASPM ClockPM Segments MSI EDR HPX-Type3]
[    0.171978] acpi PNP0A08:00: _OSC: platform does not support [PCIeHotplug LTR DPC]
[    0.172419] acpi PNP0A08:00: _OSC: OS now controls [SHPCHotplug PME AER PCIeCapability]
[    0.172986] PCI host bridge to bus 0000:00
[    0.173235] pci_bus 0000:00: root bus resource [io  0x0000-0x0cf7 window]
[    0.173380] pci_bus 0000:00: root bus resource [io  0x0d00-0xffff window]
[    0.173786] pci_bus 0000:00: root bus resource [mem 0x000a0000-0x000bffff window]
[    0.174231] pci_bus 0000:00: root bus resource [mem 0x80000000-0xafffffff window]
[    0.174380] pci_bus 0000:00: root bus resource [mem 0xc0000000-0xfebfffff window]
[    0.174825] pci_bus 0000:00: root bus resource [mem 0x100000000-0x8ffffffff window]
[    0.175285] pci_bus 0000:00: root bus resource [bus 00-ff]
[    0.175418] pci 0000:00:00.0: [8086:29c0] type 00 class 0x060000 conventional PCI endpoint
[    0.176255] pci 0000:00:01.0: [1af4:1000] type 00 class 0x020000 conventional PCI endpoint
[    0.177060] pci 0000:00:01.0: BAR 0 [io  0xc040-0xc05f]
[    0.177399] pci 0000:00:01.0: BAR 4 [mem 0xfe800000-0xfe803fff 64bit pref]
[    0.177872] pci 0000:00:01.0: ROM [mem 0xfeb00000-0xfeb7ffff pref]
[    0.178620] pci 0000:00:02.0: [1af4:1050] type 00 class 0x030000 conventional PCI endpoint
[    0.179952] pci 0000:00:02.0: BAR 0 [mem 0xfe000000-0xfe7fffff pref]
[    0.180357] pci 0000:00:02.0: BAR 2 [mem 0xfe804000-0xfe807fff 64bit pref]
[    0.180385] pci 0000:00:02.0: BAR 4 [mem 0xfeb94000-0xfeb94fff]
[    0.180766] pci 0000:00:02.0: ROM [mem 0xfeb80000-0xfeb8ffff pref]
[    0.181163] pci 0000:00:02.0: Video device with shadowed ROM at [mem 0x000c0000-0x000dffff]
[    0.181678] pci 0000:00:03.0: [1b36:000d] type 00 class 0x0c0330 PCIe Root Complex Integrated Endpoint
[    0.182637] pci 0000:00:03.0: BAR 0 [mem 0xfeb90000-0xfeb93fff 64bit]
[    0.189875] pci 0000:00:1f.0: [8086:2918] type 00 class 0x060100 conventional PCI endpoint
[    0.190560] pci 0000:00:1f.0: quirk: [io  0x0600-0x067f] claimed by ICH6 ACPI/GPIO/TCO
[    0.191150] pci 0000:00:1f.2: [8086:2922] type 00 class 0x010601 conventional PCI endpoint
[    0.191862] pci 0000:00:1f.2: BAR 4 [io  0xc060-0xc07f]
[    0.192187] pci 0000:00:1f.2: BAR 5 [mem 0xfeb95000-0xfeb95fff]
[    0.192557] pci 0000:00:1f.3: [8086:2930] type 00 class 0x0c0500 conventional PCI endpoint
[    0.193388] pci 0000:00:1f.3: BAR 4 [io  0x0700-0x073f]
[    0.193905] ACPI: PCI: Interrupt link LNKA configured for IRQ 10
[    0.194311] ACPI: PCI: Interrupt link LNKB configured for IRQ 10
[    0.194436] ACPI: PCI: Interrupt link LNKC configured for IRQ 11
[    0.194847] ACPI: PCI: Interrupt link LNKD configured for IRQ 11
[    0.195250] ACPI: PCI: Interrupt link LNKE configured for IRQ 10
[    0.195421] ACPI: PCI: Interrupt link LNKF configured for IRQ 10
[    0.195824] ACPI: PCI: Interrupt link LNKG configured for IRQ 11
[    0.196252] ACPI: PCI: Interrupt link LNKH configured for IRQ 11
[    0.196399] ACPI: PCI: Interrupt link GSIA configured for IRQ 16
[    0.196782] ACPI: PCI: Interrupt link GSIB configured for IRQ 17
[    0.197150] ACPI: PCI: Interrupt link GSIC configured for IRQ 18
[    0.197384] ACPI: PCI: Interrupt link GSID configured for IRQ 19
[    0.197752] ACPI: PCI: Interrupt link GSIE configured for IRQ 20
[    0.198117] ACPI: PCI: Interrupt link GSIF configured for IRQ 21
[    0.198384] ACPI: PCI: Interrupt link GSIG configured for IRQ 22
[    0.198751] ACPI: PCI: Interrupt link GSIH configured for IRQ 23
[    0.199281] iommu: Default domain type: Translated
[    0.199380] iommu: DMA domain TLB invalidation policy: lazy mode
[    0.199841] SCSI subsystem initialized
[    0.200101] ACPI: bus type USB registered
[    0.200355] usbcore: registered new interface driver usbfs
[    0.200384] usbcore: registered new interface driver hub
[    0.200706] usbcore: registered new device driver usb
[    0.201023] pps_core: LinuxPPS API ver. 1 registered
[    0.201327] pps_core: Software ver. 5.3.6 - Copyright 2005-2007 Rodolfo Giometti <giometti@linux.it>
[    0.201382] PTP clock support registered
[    0.201648] EDAC MC: Ver: 3.0.0
[    0.202094] NetLabel: Initializing
[    0.202305] NetLabel:  domain hash size = 128
[    0.202380] NetLabel:  protocols = UNLABELED CIPSOv4 CALIPSO
[    0.202799] NetLabel:  unlabeled traffic allowed by default
[    0.203193] mctp: management component transport protocol core
[    0.203381] NET: Registered PF_MCTP protocol family
[    0.203719] PCI: Using ACPI for IRQ routing
[    0.291529] pci 0000:00:02.0: vgaarb: setting as boot VGA device
[    0.291900] pci 0000:00:02.0: vgaarb: bridge control possible
[    0.292264] pci 0000:00:02.0: vgaarb: VGA device added: decodes=io+mem,owns=io+mem,locks=none
[    0.292380] vgaarb: loaded
[    0.292622] hpet0: at MMIO 0xfed00000, IRQs 2, 8, 0
[    0.292948] hpet0: 3 comparators, 64-bit 100.000000 MHz counter
[    0.297402] clocksource: Switched to clocksource kvm-clock
[    0.298224] VFS: Disk quotas dquot_6.6.0
[    0.298509] VFS: Dquot-cache hash table entries: 512 (order 0, 4096 bytes)
[    0.299068] AppArmor: AppArmor Filesystem Enabled
[    0.299401] pnp: PnP ACPI init
[    0.299716] system 00:05: [mem 0xb0000000-0xbfffffff window] has been reserved
[    0.300367] pnp: PnP ACPI: found 6 devices
[    0.305780] clocksource: acpi_pm: mask: 0xffffff max_cycles: 0xffffff, max_idle_ns: 2085701024 ns
[    0.306426] NET: Registered PF_INET protocol family
[    0.307000] IP idents hash table entries: 32768 (order: 6, 262144 bytes, linear)
[    0.316949] tcp_listen_portaddr_hash hash table entries: 1024 (order: 2, 16384 bytes, linear)
[    0.317568] Table-perturb hash table entries: 65536 (order: 6, 262144 bytes, linear)
[    0.318095] TCP established hash table entries: 16384 (order: 5, 131072 bytes, linear)
[    0.318671] TCP bind hash table entries: 16384 (order: 7, 524288 bytes, linear)
[    0.319237] TCP: Hash tables configured (established 16384 bind 16384)
[    0.319717] MPTCP token hash table entries: 2048 (order: 3, 49152 bytes, linear)
[    0.320187] UDP hash table entries: 1024 (order: 3, 32768 bytes, linear)
[    0.320588] UDP-Lite hash table entries: 1024 (order: 3, 32768 bytes, linear)
[    0.321144] NET: Registered PF_UNIX/PF_LOCAL protocol family
[    0.321533] NET: Registered PF_XDP protocol family
[    0.321886] pci_bus 0000:00: resource 4 [io  0x0000-0x0cf7 window]
[    0.322261] pci_bus 0000:00: resource 5 [io  0x0d00-0xffff window]
[    0.322627] pci_bus 0000:00: resource 6 [mem 0x000a0000-0x000bffff window]
[    0.323064] pci_bus 0000:00: resource 7 [mem 0x80000000-0xafffffff window]
[    0.323471] pci_bus 0000:00: resource 8 [mem 0xc0000000-0xfebfffff window]
[    0.323902] pci_bus 0000:00: resource 9 [mem 0x100000000-0x8ffffffff window]
[    0.324542] ACPI: \_SB_.GSIH: Enabled at IRQ 23
[    0.325232] PCI: CLS 0 bytes, default 64
[    0.325536] Trying to unpack rootfs image as initramfs...
[    0.325933] clocksource: tsc: mask: 0xffffffffffffffff max_cycles: 0x28680fa287f, max_idle_ns: 440795281151 ns
[    0.327993] Initialise system trusted keyrings
[    0.328340] Key type blacklist registered
[    0.329874] workingset: timestamp_bits=36 max_order=19 bucket_order=0
[    0.330332] zbud: loaded
[    0.331965] squashfs: version 4.0 (2009/01/31) Phillip Lougher
[    0.332375] fuse: init (API version 7.39)
[    0.332680] integrity: Platform Keyring initialized
[    0.333004] integrity: Machine keyring initialized
[    0.345904] Key type asymmetric registered
[    0.346164] Asymmetric key parser 'x509' registered
[    0.346469] Block layer SCSI generic (bsg) driver version 0.4 loaded (major 243)
[    0.347882] io scheduler mq-deadline registered
[    0.348943] shpchp: Standard Hot Plug PCI Controller Driver version: 0.4
[    0.349417] input: Power Button as /devices/LNXSYSTM:00/LNXPWRBN:00/input/input0
[    0.350918] ACPI: button: Power Button [PWRF]
[    0.351461] ACPI: \_SB_.GSIF: Enabled at IRQ 21
[    0.353382] ACPI: \_SB_.GSIG: Enabled at IRQ 22
[    0.355928] Serial: 8250/16550 driver, 32 ports, IRQ sharing enabled
[    0.401141] 00:03: ttyS0 at I/O 0x3f8 (irq = 4, base_baud = 115200) is a 16550A
[    0.403436] Linux agpgart interface v0.103
[    0.405325] loop: module loaded
[    0.405933] ACPI: bus type drm_connector registered
[    0.406329] tun: Universal TUN/TAP device driver, 1.6
[    0.408390] PPP generic driver version 2.4.2
[    0.408985] i8042: PNP: PS/2 Controller [PNP0303:KBD,PNP0f13:MOU] at 0x60,0x64 irq 1,12
[    0.411060] serio: i8042 KBD port at 0x60,0x64 irq 1
[    0.411409] serio: i8042 AUX port at 0x60,0x64 irq 12
[    0.412929] mousedev: PS/2 mouse device common for all mice
[    0.413459] input: AT Translated Set 2 keyboard as /devices/platform/i8042/serio0/input/input1
[    0.414200] rtc_cmos 00:04: RTC can wake from S4
[    0.415898] rtc_cmos 00:04: registered as rtc0
[    0.416259] rtc_cmos 00:04: setting system clock to 2026-03-08T02:50:24 UTC (1772938224)
[    0.416865] rtc_cmos 00:04: alarms up to one day, y3k, 242 bytes nvram, hpet irqs
[    0.418972] i2c_dev: i2c /dev entries driver
[    0.419287] device-mapper: core: CONFIG_IMA_DISABLE_HTABLE is disabled. Duplicate IMA measurements will not be recorded in the IMA log.
[    0.420971] device-mapper: uevent: version 1.0.3
[    0.421319] device-mapper: ioctl: 4.48.0-ioctl (2023-03-01) initialised: dm-devel@redhat.com
[    0.421892] intel_pstate: CPU model not supported
[    0.422916] ledtrig-cpu: registered to indicate activity on CPUs
[    0.423380] drop_monitor: Initializing network drop monitor service
[    0.424907] NET: Registered PF_INET6 protocol family
[    1.739280] Freeing initrd memory: 165796K
[    1.739743] Segment Routing with IPv6
[    1.740019] In-situ OAM (IOAM) with IPv6
[    1.740318] NET: Registered PF_PACKET protocol family
[    1.740694] Key type dns_resolver registered
[    1.741130] IPI shorthand broadcast: enabled
[    1.742289] sched_clock: Marking stable (1684001734, 57845318)->(1753512858, -11665806)
[    1.742865] registered taskstats version 1
[    1.743160] Loading compiled-in X.509 certificates
[    1.743833] Loaded X.509 cert 'Build time autogenerated kernel key: 7f71bdefc17a4d88631555bf9efbb1c93d6f5260'
[    1.744969] Loaded X.509 cert 'Canonical Ltd. Live Patch Signing 2025 Kmod: d541cef61dc7e793b7eb7e899970a2eef0b5dc8c'
[    1.745945] Loaded X.509 cert 'Canonical Ltd. Live Patch Signing: 14df34d1a87cf37625abec039ef2bf521249b969'
[    1.746874] Loaded X.509 cert 'Canonical Ltd. Kernel Module Signing: 88f752e560a1e0737e31163a466ad7b70a850c19'
[    1.747485] blacklist: Loading compiled-in revocation X.509 certificates
[    1.747931] Loaded X.509 cert 'Canonical Ltd. Secure Boot Signing: 61482aa2830d0ab2ad5af10b7250da9033ddcef0'
[    1.748606] Loaded X.509 cert 'Canonical Ltd. Secure Boot Signing (2017): 242ade75ac4a15e50d50c84b0d45ff3eae707a03'
[    1.749261] Loaded X.509 cert 'Canonical Ltd. Secure Boot Signing (ESM 2018): 365188c1d374d6b07c3c8f240f8ef722433d6a8b'
[    1.749937] Loaded X.509 cert 'Canonical Ltd. Secure Boot Signing (2019): c0746fd6c5da3ae827864651ad66ae47fe24b3e8'
[    1.750564] Loaded X.509 cert 'Canonical Ltd. Secure Boot Signing (2021 v1): a8d54bbb3825cfb94fa13c9f8a594a195c107b8d'
[    1.751236] Loaded X.509 cert 'Canonical Ltd. Secure Boot Signing (2021 v2): 4cf046892d6fd3c9a5b03f98d845f90851dc6a8c'
[    1.751903] Loaded X.509 cert 'Canonical Ltd. Secure Boot Signing (2021 v3): 100437bb6de6e469b581e61cd66bce3ef4ed53af'
[    1.752547] Loaded X.509 cert 'Canonical Ltd. Secure Boot Signing (Ubuntu Core 2019): c1d57b8f6b743f23ee41f4f7ee292f06eecadfb9'
[    1.755079] Key type .fscrypt registered
[    1.755333] Key type fscrypt-provisioning registered
[    1.755794] Key type encrypted registered
[    1.756055] AppArmor: AppArmor sha256 policy hashing enabled
[    1.756401] ima: No TPM chip found, activating TPM-bypass!
[    1.756743] Loading compiled-in module X.509 certificates
[    1.757400] Loaded X.509 cert 'Build time autogenerated kernel key: 7f71bdefc17a4d88631555bf9efbb1c93d6f5260'
[    1.758025] ima: Allocated hash algorithm: sha256
[    1.758316] ima: No architecture policies found
[    1.758621] evm: Initialising EVM extended attributes:
[    1.758990] evm: security.selinux
[    1.759220] evm: security.SMACK64
[    1.759450] evm: security.SMACK64EXEC
[    1.759707] evm: security.SMACK64TRANSMUTE
[    1.759966] evm: security.SMACK64MMAP
[    1.760194] evm: security.apparmor
[    1.760401] evm: security.ima
[    1.760582] evm: security.capability
[    1.760822] evm: HMAC attrs: 0x1
[    1.761224] PM:   Magic number: 2:578:813
[    1.763643] RAS: Correctable Errors collector initialized.
[    1.764058] clk: Disabling unused clocks
[    1.769752] Freeing unused decrypted memory: 2028K
[    1.770419] Freeing unused kernel image (initmem) memory: 4920K
[    1.770713] Write protecting the kernel read-only data: 38912k
[    1.771277] Freeing unused kernel image (rodata/data gap) memory: 1984K
[    1.778946] x86/mm: Checked W+X mappings: passed, no W+X pages found.
[    1.779229] Run /init as init process
[init-phase3] booted
[init-phase3] loading module=/lib/modules/6.8.0-101-generic/kernel/drivers/virtio/virtio_dma_buf.ko
[init-phase3] loading module=/lib/modules/6.8.0-101-generic/kernel/drivers/gpu/drm/virtio/virtio-gpu.ko
[    1.785420] [drm] pci: virtio-vga detected at 0000:00:02.0
[    1.785679] virtio-pci 0000:00:02.0: vgaarb: deactivate vga console
[    1.790344] Console: switching to colour dummy device 80x25
[    1.790743] [drm] features: -virgl +edid -resource_blob -host_visible
[    1.790744] [drm] features: -context_init
[    1.791518] [drm] number of scanouts: 1
[    1.791688] [drm] number of cap sets: 0
[    1.791997] [drm] Initialized virtio_gpu 0.1.0 0 for 0000:00:02.0 on minor 0
[    1.793736] fbcon: virtio_gpudrmfb (fb0) is primary device
[    1.795562] Console: switching to colour frame buffer device 160x50
[    1.796464] virtio-pci 0000:00:02.0: [drm] fb0: virtio_gpudrmfb frame buffer device
[init-phase3] loading module=/lib/modules/6.8.0-101-generic/kernel/drivers/hid/hid.ko
[    1.800861] hid: raw HID events driver (C) Jiri Kosina
[init-phase3] loading module=/lib/modules/6.8.0-101-generic/kernel/drivers/hid/hid-generic.ko
[init-phase3] loading module=/lib/modules/6.8.0-101-generic/kernel/drivers/hid/usbhid/usbhid.ko
[    1.803616] usbcore: registered new interface driver usbhid
[    1.803884] usbhid: USB HID core driver
[init-phase3] loading module=/lib/modules/6.8.0-101-generic/kernel/drivers/hid/usbhid/usbkbd.ko
[    1.805006] usbcore: registered new interface driver usbkbd
[init-phase3] loading module=/lib/modules/6.8.0-101-generic/kernel/drivers/hid/usbhid/usbmouse.ko
[    1.806180] usbcore: registered new interface driver usbmouse
[init-phase3] loading module=/lib/modules/6.8.0-101-generic/kernel/drivers/input/mouse/psmouse.ko
[    1.809079] input: VirtualPS/2 VMware VMMouse as /devices/platform/i8042/serio1/input/input4
[    1.809543] input: VirtualPS/2 VMware VMMouse as /devices/platform/i8042/serio1/input/input3
[init-phase3] loading module=/lib/modules/6.8.0-101-generic/kernel/drivers/usb/host/xhci-pci-renesas.ko
[init-phase3] loading module=/lib/modules/6.8.0-101-generic/kernel/drivers/usb/host/xhci-pci.ko
[    1.812485] xhci_hcd 0000:00:03.0: xHCI Host Controller
[    1.812755] xhci_hcd 0000:00:03.0: new USB bus registered, assigned bus number 1
[    1.813283] xhci_hcd 0000:00:03.0: hcc params 0x00087001 hci version 0x100 quirks 0x0000000000000010
[    1.814039] xhci_hcd 0000:00:03.0: xHCI Host Controller
[    1.814294] xhci_hcd 0000:00:03.0: new USB bus registered, assigned bus number 2
[    1.814647] xhci_hcd 0000:00:03.0: Host supports USB 3.0 SuperSpeed
[    1.814999] usb usb1: New USB device found, idVendor=1d6b, idProduct=0002, bcdDevice= 6.08
[    1.815391] usb usb1: New USB device strings: Mfr=3, Product=2, SerialNumber=1
[    1.815759] usb usb1: Product: xHCI Host Controller
[    1.815968] usb usb1: Manufacturer: Linux 6.8.0-101-generic xhci-hcd
[    1.816229] usb usb1: SerialNumber: 0000:00:03.0
[    1.816478] hub 1-0:1.0: USB hub found
[    1.816652] hub 1-0:1.0: 4 ports detected
[    1.816957] usb usb2: We don't know the algorithms for LPM for this host, disabling LPM.
[    1.817296] usb usb2: New USB device found, idVendor=1d6b, idProduct=0003, bcdDevice= 6.08
[    1.817630] usb usb2: New USB device strings: Mfr=3, Product=2, SerialNumber=1
[    1.817955] usb usb2: Product: xHCI Host Controller
[    1.818160] usb usb2: Manufacturer: Linux 6.8.0-101-generic xhci-hcd
[    1.818422] usb usb2: SerialNumber: 0000:00:03.0
[    1.818662] hub 2-0:1.0: USB hub found
[    1.818868] hub 2-0:1.0: 4 ports detected
Starting systemd-udevd version 255.4-1ubuntu8.8
total 0
drwxr-xr-x    2 root     root            80 Mar  8 02:50 by-path
crw-rw----    1 root     video     226,   0 Mar  8 02:50 card0
crw-rw----    1 root     root      226, 128 Mar  8 02:50 renderD128
total 0
drwxr-xr-x    2 root     root           100 Mar  8 02:50 by-path
crw-rw----    1 root     input      13,  64 Mar  8 02:50 event0
crw-rw----    1 root     input      13,  65 Mar  8 02:50 event1
crw-rw----    1 root     input      13,  66 Mar  8 02:50 event2
crw-rw----    1 root     input      13,  67 Mar  8 02:50 event3
crw-rw----    1 root     input      13,  63 Mar  8 02:50 mice
crw-rw----    1 root     input      13,  32 Mar  8 02:50 mouse0
crw-rw----    1 root     input      13,  33 Mar  8 02:50 mouse1
[init-phase3] seatd pid=121
[init-phase3] weston pid=122
[init-phase3] wayland ready
Date: 2026-03-08 UTC
[02:50:25.941] weston 13.0.0
               https://wayland.freedesktop.org
               Bug reports to: https://gitlab.freedesktop.org/wayland/weston/issues/
               Build: 13.0.0
[02:50:25.941] Command line: /usr/bin/weston --backend=drm --renderer=pixman --shell=kiosk-shell.so --socket=wayland-1 --continue-without-input --log=/var/log/weston.log
[02:50:25.941] OS: Linux, 6.8.0-101-generic, #101-Ubuntu SMP PREEMPT_DYNAMIC Mon Feb  9 10:15:05 UTC 2026, x86_64
[02:50:25.941] Flight recorder: enabled
[02:50:25.941] Using config file '/etc/xdg/weston/weston.ini'
[02:50:25.941] Output repaint window is 7 ms maximum.
[02:50:25.941] Loading module '/usr/lib/x86_64-linux-gnu/libweston-13/drm-backend.so'
[02:50:25.942] initializing drm backend
[02:50:25.942] Trying libseat launcher...
[02:50:25.942] [libseat/libseat.c:62] Seat opened with backend 'seatd'
[02:50:25.942] [libseat/backend/seatd.c:212] Enabling seat
[02:50:25.942] libseat: session control granted
[02:50:25.942] using /dev/dri/card0
[02:50:25.942] DRM: supports atomic modesetting
[02:50:25.942] DRM: does not support GBM modifiers
[02:50:25.942] DRM: does not support async page flipping
[02:50:25.942] DRM: supports picture aspect ratio
[02:50:25.942] Using Pixman renderer
[02:50:25.944] event0  - Power Button: is tagged by udev as: Keyboard
[02:50:25.944] event0  - Power Button: device is a keyboard
[02:50:25.944] event1  - AT Translated Set 2 keyboard: is tagged by udev as: Keyboard
[02:50:25.944] event1  - AT Translated Set 2 keyboard: device is a keyboard
[02:50:25.945] event3  - VirtualPS/2 VMware VMMouse: is tagged by udev as: Mouse
[02:50:25.945] event3  - VirtualPS/2 VMware VMMouse: device is a pointer
[02:50:25.945] event2  - VirtualPS/2 VMware VMMouse: is tagged by udev as: Mouse
[02:50:25.945] event2  - VirtualPS/2 VMware VMMouse: device is a pointer
[02:50:25.947] libinput: configuring device "Power Button".
[02:50:25.948] libinput: configuring device "AT Translated Set 2 keyboard".
[02:50:25.948] libinput: configuring device "VirtualPS/2 VMware VMMouse".
[02:50:25.948] libinput: configuring device "VirtualPS/2 VMware VMMouse".
[02:50:25.948] input device event2 has no enabled output associated (none named), skipping calibration for now.
[02:50:25.948] DRM: head 'Virtual-1' found, connector 36 is connected, EDID make 'RHT', model 'QEMU Monitor', serial ''
               Supported EOTF modes: SDR
[02:50:25.948] Registered plugin API 'weston_drm_output_api_v1' of size 40
[02:50:25.948] Registered plugin API 'weston_drm_virtual_output_api_v2' of size 48
[02:50:25.948] Color manager: no-op
[02:50:25.948] Output 'Virtual-1' attempts EOTF mode: SDR
[02:50:25.948] Output 'Virtual-1' using color profile: stock sRGB color profile
[02:50:25.950] DRM: output Virtual-1 uses shadow framebuffer.
[02:50:25.950] Output Virtual-1 (crtc 35) video modes:
               1280x800@75.0, preferred, current, 107.3 MHz
               5120x2160@50.0 64:27, 742.5 MHz
               4096x2160@50.0 256:135, 594.0 MHz
               3840x2160@60.0 16:9, 594.0 MHz
               3840x2160@59.9 16:9, 593.4 MHz
               3840x2160@50.0 16:9, 594.0 MHz
               1920x1440@60.0, 234.0 MHz
               2560x1080@50.0 64:27, 185.6 MHz
               1856x1392@60.0, 218.2 MHz
               1792x1344@60.0, 204.8 MHz
               2048x1152@60.0, 162.0 MHz
               1920x1200@59.9, 193.2 MHz
               1920x1080@60.0, 148.5 MHz
               1920x1080@50.0 16:9, 148.5 MHz
               1600x1200@60.0, 162.0 MHz
               1680x1050@60.0, 146.2 MHz
               1400x1050@60.0, 121.8 MHz
               1280x1024@60.0, 108.0 MHz
               1440x900@59.9, 106.5 MHz
               1280x960@60.0, 108.0 MHz
               1360x768@60.0, 85.5 MHz
               1280x768@59.9, 79.5 MHz
               1024x768@60.0, 65.0 MHz
               800x600@60.3, 40.0 MHz
               640x480@60.0 4:3, 25.2 MHz
               640x480@59.9, 25.2 MHz
[02:50:25.950] associating input device event0 with output Virtual-1 (none by udev)
[02:50:25.950] associating input device event1 with output Virtual-1 (none by udev)
[02:50:25.950] associating input device event3 with output Virtual-1 (none by udev)
[02:50:25.950] associating input device event2 with output Virtual-1 (none by udev)
[02:50:25.950] Output 'Virtual-1' enabled with head(s) Virtual-1
[02:50:25.950] Compositor capabilities:
               arbitrary surface rotation: yes
               screen capture uses y-flip: no
               cursor planes: yes
               arbitrary resolutions: no
               view mask clipping: yes
               explicit sync: no
               color operations: no
               presentation clock: CLOCK_MONOTONIC, id 1
               presentation clock resolution: 0.000000001 s
[02:50:25.950] Loading module '/usr/lib/x86_64-linux-gnu/weston/kiosk-shell.so'
[init-phase3] launching client=weston-simple-shm url=about:blank runtime=35 suspend_delay=10 wake=5 pm_test=devices no_suspend=
[init-phase3] app pid=126 client=weston-simple-shm
[init-phase3] scheduling suspend args=--delay-seconds 10 --wake-seconds 5 --pm-test devices
[    2.053866] usb 1-1: new high-speed USB device number 2 using xhci_hcd
[    2.182367] usb 1-1: New USB device found, idVendor=0627, idProduct=0001, bcdDevice= 0.00
[    2.182961] usb 1-1: New USB device strings: Mfr=1, Product=4, SerialNumber=11
[    2.183454] usb 1-1: Product: QEMU USB Keyboard
[    2.183777] usb 1-1: Manufacturer: QEMU
[    2.184049] usb 1-1: SerialNumber: 68284-0000:00:03.0-1
[    2.187398] input: QEMU QEMU USB Keyboard as /devices/pci0000:00/0000:00:03.0/usb1/1-1/1-1:1.0/0003:0627:0001.0001/input/input5
[    2.242522] hid-generic 0003:0627:0001.0001: input,hidraw0: USB HID v1.11 Keyboard [QEMU QEMU USB Keyboard] on usb-0000:00:03.0-1/input0
[    2.358955] usb 1-2: new high-speed USB device number 3 using xhci_hcd
[    2.487139] usb 1-2: New USB device found, idVendor=0627, idProduct=0001, bcdDevice= 0.00
[    2.487624] usb 1-2: New USB device strings: Mfr=1, Product=3, SerialNumber=10
[    2.488046] usb 1-2: Product: QEMU USB Tablet
[    2.488298] usb 1-2: Manufacturer: QEMU
[    2.488520] usb 1-2: SerialNumber: 28754-0000:00:03.0-2
[    2.491351] input: QEMU QEMU USB Tablet as /devices/pci0000:00/0000:00:03.0/usb1/1-2/1-2:1.0/0003:0627:0001.0002/input/input6
[    2.492271] hid-generic 0003:0627:0001.0002: input,hidraw1: USB HID v0.01 Mouse [QEMU QEMU USB Tablet] on usb-0000:00:03.0-2/input0
@@LOG kind=state wakealarm_seconds=5
@@LOG kind=state state=SUSPENDING cycle=1
[   11.992393] PM: suspend entry (s2idle)
[   11.992586] Filesystems sync: 0.000 seconds
[   11.997973] Freezing user space processes
[   11.998881] Freezing user space processes completed (elapsed 0.000 seconds)
[   11.999215] OOM killer disabled.
[   11.999372] Freezing remaining freezable tasks
[   12.000608] Freezing remaining freezable tasks completed (elapsed 0.001 seconds)
[   12.108622] PM: suspend debug: Waiting for 5 second(s).
[   17.112071] xhci_hcd 0000:00:03.0: xHC error in resume, USBSTS 0x401, Reinit
[   17.112425] usb usb1: root hub lost power or was reset
[   17.112670] usb usb2: root hub lost power or was reset
[   17.377003] usb 1-2: reset high-speed USB device number 3 using xhci_hcd
[   17.619007] usb 1-1: reset high-speed USB device number 2 using xhci_hcd
[   17.747169] OOM killer enabled.
[   17.747701] Restarting tasks ... done.
[   17.752886] random: crng reseeded on system resumption
[   17.755871] PM: suspend exit
@@LOG kind=state state=RESUMED cycle=1 sleep_ms=5764 resume_gap_ms=5764
@@METRIC name=sleep_duration value_ms=5764 cycle=1
@@METRIC name=suspend_resume_gap value_ms=5764 cycle=1
[init-phase3] runtime limit reached, terminating client=weston-simple-shm
Terminated
[init-phase3] client exited client=weston-simple-shm
[   37.001087] ACPI: PM: Preparing to enter system sleep state S5
[   37.002224] reboot: Power down
