[    0.000000] Linux version 6.8.0-101-generic (buildd@lcy02-amd64-051) (x86_64-linux-gnu-gcc-13 (Ubuntu 13.3.0-6ubuntu2~24.04) 13.3.0, GNU ld (GNU Binutils for Ubuntu) 2.42) #101-Ubuntu SMP PREEMPT_DYNAMIC Mon Feb  9 10:15:05 UTC 2026 (Ubuntu 6.8.0-101.101-generic 6.8.12)
[    0.000000] Command line: console=ttyS0 panic=-1 no_console_suspend rdinit=/init
[    0.000000] KERNEL supported cpus:
[    0.000000]   Intel GenuineIntel
[    0.000000]   AMD AuthenticAMD
[    0.000000]   Hygon HygonGenuine
[    0.000000]   Centaur CentaurHauls
[    0.000000]   zhaoxin   Shanghai  
[    0.000000] BIOS-provided physical RAM map:
[    0.000000] BIOS-e820: [mem 0x0000000000000000-0x000000000009fbff] usable
[    0.000000] BIOS-e820: [mem 0x000000000009fc00-0x000000000009ffff] reserved
[    0.000000] BIOS-e820: [mem 0x00000000000f0000-0x00000000000fffff] reserved
[    0.000000] BIOS-e820: [mem 0x0000000000100000-0x000000003ffddfff] usable
[    0.000000] BIOS-e820: [mem 0x000000003ffde000-0x000000003fffffff] reserved
[    0.000000] BIOS-e820: [mem 0x00000000b0000000-0x00000000bfffffff] reserved
[    0.000000] BIOS-e820: [mem 0x00000000fed1c000-0x00000000fed1ffff] reserved
[    0.000000] BIOS-e820: [mem 0x00000000feffc000-0x00000000feffffff] reserved
[    0.000000] BIOS-e820: [mem 0x00000000fffc0000-0x00000000ffffffff] reserved
[    0.000000] NX (Execute Disable) protection: active
[    0.000000] APIC: Static calls initialized
[    0.000000] SMBIOS 3.0.0 present.
[    0.000000] DMI: QEMU Standard PC (Q35 + ICH9, 2009), BIOS 1.16.3-debian-1.16.3-2 04/01/2014
[    0.000000] Hypervisor detected: KVM
[    0.000000] kvm-clock: Using msrs 4b564d01 and 4b564d00
[    0.000000] kvm-clock: using sched offset of 267385748 cycles
[    0.000002] clocksource: kvm-clock: mask: 0xffffffffffffffff max_cycles: 0x1cd42e4dffb, max_idle_ns: 881590591483 ns
[    0.000004] tsc: Detected 2803.200 MHz processor
[    0.000652] last_pfn = 0x3ffde max_arch_pfn = 0x400000000
[    0.000688] MTRR map: 4 entries (3 fixed + 1 variable; max 19), built from 8 variable MTRRs
[    0.000691] x86/PAT: Configuration [0-7]: WB  WC  UC- UC  WB  WP  UC- WT  
[    0.004720] found SMP MP-table at [mem 0x000f5470-0x000f547f]
[    0.004735] Using GB pages for direct mapping
[    0.004834] RAMDISK: [mem 0x3ed25000-0x3ffcffff]
[    0.004842] ACPI: Early table checksum verification disabled
[    0.004845] ACPI: RSDP 0x00000000000F52B0 000014 (v00 BOCHS )
[    0.004849] ACPI: RSDT 0x000000003FFE2304 000038 (v01 BOCHS  BXPC     00000001 BXPC 00000001)
[    0.004854] ACPI: FACP 0x000000003FFE20FC 0000F4 (v03 BOCHS  BXPC     00000001 BXPC 00000001)
[    0.004859] ACPI: DSDT 0x000000003FFE0040 0020BC (v01 BOCHS  BXPC     00000001 BXPC 00000001)
[    0.004861] ACPI: FACS 0x000000003FFE0000 000040
[    0.004863] ACPI: APIC 0x000000003FFE21F0 000078 (v03 BOCHS  BXPC     00000001 BXPC 00000001)
[    0.004866] ACPI: HPET 0x000000003FFE2268 000038 (v01 BOCHS  BXPC     00000001 BXPC 00000001)
[    0.004868] ACPI: MCFG 0x000000003FFE22A0 00003C (v01 BOCHS  BXPC     00000001 BXPC 00000001)
[    0.004870] ACPI: WAET 0x000000003FFE22DC 000028 (v01 BOCHS  BXPC     00000001 BXPC 00000001)
[    0.004872] ACPI: Reserving FACP table memory at [mem 0x3ffe20fc-0x3ffe21ef]
[    0.004873] ACPI: Reserving DSDT table memory at [mem 0x3ffe0040-0x3ffe20fb]
[    0.004874] ACPI: Reserving FACS table memory at [mem 0x3ffe0000-0x3ffe003f]
[    0.004874] ACPI: Reserving APIC table memory at [mem 0x3ffe21f0-0x3ffe2267]
[    0.004875] ACPI: Reserving HPET table memory at [mem 0x3ffe2268-0x3ffe229f]
[    0.004875] ACPI: Reserving MCFG table memory at [mem 0x3ffe22a0-0x3ffe22db]
[    0.004876] ACPI: Reserving WAET table memory at [mem 0x3ffe22dc-0x3ffe2303]
[    0.005129] No NUMA configuration found
[    0.005130] Faking a node at [mem 0x0000000000000000-0x000000003ffddfff]
[    0.005135] NODE_DATA(0) allocated [mem 0x3ecfa000-0x3ed24fff]
[    0.005244] Zone ranges:
[    0.005245]   DMA      [mem 0x0000000000001000-0x0000000000ffffff]
[    0.005246]   DMA32    [mem 0x0000000001000000-0x000000003ffddfff]
[    0.005247]   Normal   empty
[    0.005248]   Device   empty
[    0.005249] Movable zone start for each node
[    0.005250] Early memory node ranges
[    0.005250]   node   0: [mem 0x0000000000001000-0x000000000009efff]
[    0.005252]   node   0: [mem 0x0000000000100000-0x000000003ffddfff]
[    0.005253] Initmem setup node 0 [mem 0x0000000000001000-0x000000003ffddfff]
[    0.005474] On node 0, zone DMA: 1 pages in unavailable ranges
[    0.005484] On node 0, zone DMA: 97 pages in unavailable ranges
[    0.007659] On node 0, zone DMA32: 34 pages in unavailable ranges
[    0.007937] ACPI: PM-Timer IO Port: 0x608
[    0.007949] ACPI: LAPIC_NMI (acpi_id[0xff] dfl dfl lint[0x1])
[    0.007976] IOAPIC[0]: apic_id 0, version 17, address 0xfec00000, GSI 0-23
[    0.007979] ACPI: INT_SRC_OVR (bus 0 bus_irq 0 global_irq 2 dfl dfl)
[    0.007980] ACPI: INT_SRC_OVR (bus 0 bus_irq 5 global_irq 5 high level)
[    0.007981] ACPI: INT_SRC_OVR (bus 0 bus_irq 9 global_irq 9 high level)
[    0.007982] ACPI: INT_SRC_OVR (bus 0 bus_irq 10 global_irq 10 high level)
[    0.007983] ACPI: INT_SRC_OVR (bus 0 bus_irq 11 global_irq 11 high level)
[    0.007986] ACPI: Using ACPI (MADT) for SMP configuration information
[    0.007987] ACPI: HPET id: 0x8086a201 base: 0xfed00000
[    0.007990] TSC deadline timer available
[    0.007991] smpboot: Allowing 1 CPUs, 0 hotplug CPUs
[    0.008007] kvm-guest: APIC: eoi() replaced with kvm_guest_apic_eoi_write()
[    0.008028] PM: hibernation: Registered nosave memory: [mem 0x00000000-0x00000fff]
[    0.008029] PM: hibernation: Registered nosave memory: [mem 0x0009f000-0x000fffff]
[    0.008031] [mem 0x40000000-0xafffffff] available for PCI devices
[    0.008032] Booting paravirtualized kernel on KVM
[    0.008033] clocksource: refined-jiffies: mask: 0xffffffff max_cycles: 0xffffffff, max_idle_ns: 1910969940391419 ns
[    0.008039] setup_percpu: NR_CPUS:8192 nr_cpumask_bits:1 nr_cpu_ids:1 nr_node_ids:1
[    0.008328] percpu: Embedded 86 pages/cpu s229376 r8192 d114688 u2097152
[    0.008361] kvm-guest: PV spinlocks disabled, single CPU
[    0.008362] Kernel command line: console=ttyS0 panic=-1 no_console_suspend rdinit=/init
[    0.008429] random: crng init done
[    0.008458] Dentry cache hash table entries: 131072 (order: 8, 1048576 bytes, linear)
[    0.008491] Inode-cache hash table entries: 65536 (order: 7, 524288 bytes, linear)
[    0.008522] Fallback order for Node 0: 0 
[    0.008524] Built 1 zonelists, mobility grouping on.  Total pages: 257758
[    0.008525] Policy zone: DMA32
[    0.008530] mem auto-init: stack:all(zero), heap alloc:on, heap free:off
[    0.010393] Memory: 956232K/1048048K available (22528K kernel code, 4439K rwdata, 14400K rodata, 4920K init, 4788K bss, 91556K reserved, 0K cma-reserved)
[    0.011055] SLUB: HWalign=64, Order=0-3, MinObjects=0, CPUs=1, Nodes=1
[    0.011086] ftrace: allocating 58250 entries in 228 pages
[    0.020130] ftrace: allocated 228 pages with 4 groups
[    0.020947] Dynamic Preempt: voluntary
[    0.021234] rcu: Preemptible hierarchical RCU implementation.
[    0.021235] rcu: 	RCU restricting CPUs from NR_CPUS=8192 to nr_cpu_ids=1.
[    0.021237] 	Trampoline variant of Tasks RCU enabled.
[    0.021238] 	Rude variant of Tasks RCU enabled.
[    0.021238] 	Tracing variant of Tasks RCU enabled.
[    0.021238] rcu: RCU calculated value of scheduler-enlistment delay is 100 jiffies.
[    0.021239] rcu: Adjusting geometry for rcu_fanout_leaf=16, nr_cpu_ids=1
[    0.021248] RCU Tasks: Setting shift to 0 and lim to 1 rcu_task_cb_adjust=1 rcu_task_cpu_ids=1.
[    0.021249] RCU Tasks Rude: Setting shift to 0 and lim to 1 rcu_task_cb_adjust=1 rcu_task_cpu_ids=1.
[    0.021250] RCU Tasks Trace: Setting shift to 0 and lim to 1 rcu_task_cb_adjust=1 rcu_task_cpu_ids=1.
[    0.024550] NR_IRQS: 524544, nr_irqs: 256, preallocated irqs: 16
[    0.024774] rcu: srcu_init: Setting srcu_struct sizes based on contention.
[    0.033006] Console: colour VGA+ 80x25
[    0.033051] printk: legacy console [ttyS0] enabled
[    0.095759] ACPI: Core revision 20230628
[    0.096137] clocksource: hpet: mask: 0xffffffff max_cycles: 0xffffffff, max_idle_ns: 19112604467 ns
[    0.097012] APIC: Switch to symmetric I/O mode setup
[    0.097773] x2apic enabled
[    0.098420] APIC: Switched APIC routing to: physical x2apic
[    0.100149] ..TIMER: vector=0x30 apic1=0 pin1=2 apic2=-1 pin2=-1
[    0.100796] clocksource: tsc-early: mask: 0xffffffffffffffff max_cycles: 0x28680fa287f, max_idle_ns: 440795281151 ns
[    0.101635] Calibrating delay loop (skipped) preset value.. 5606.40 BogoMIPS (lpj=2803200)
[    0.102757] x86/cpu: User Mode Instruction Prevention (UMIP) activated
[    0.103333] Last level iTLB entries: 4KB 0, 2MB 0, 4MB 0
[    0.103632] Last level dTLB entries: 4KB 0, 2MB 0, 4MB 0, 1GB 0
[    0.104062] Spectre V1 : Mitigation: usercopy/swapgs barriers and __user pointer sanitization
[    0.104634] Spectre V2 : Spectre BHI mitigation: SW BHB clearing on vm exit
[    0.105633] Spectre V2 : Spectre BHI mitigation: SW BHB clearing on syscall
[    0.106340] Spectre V2 : Mitigation: Enhanced / Automatic IBRS
[    0.106635] Spectre V2 : Spectre v2 / PBRSB-eIBRS: Retire a single CALL on VMEXIT
[    0.107638] Spectre V2 : mitigation: Enabling conditional Indirect Branch Prediction Barrier
[    0.108634] Speculative Store Bypass: Mitigation: Speculative Store Bypass disabled via prctl
[    0.109466] ITS: WARNING: ITS mitigation depends on retpoline and rethunk support
[    0.109633] ITS: Vulnerable
[    0.109925] x86/fpu: Supporting XSAVE feature 0x001: 'x87 floating point registers'
[    0.110633] x86/fpu: Supporting XSAVE feature 0x002: 'SSE registers'
[    0.111075] x86/fpu: Supporting XSAVE feature 0x004: 'AVX registers'
[    0.111632] x86/fpu: Supporting XSAVE feature 0x020: 'AVX-512 opmask'
[    0.112069] x86/fpu: Supporting XSAVE feature 0x040: 'AVX-512 Hi256'
[    0.112632] x86/fpu: Supporting XSAVE feature 0x080: 'AVX-512 ZMM_Hi256'
[    0.113099] x86/fpu: Supporting XSAVE feature 0x200: 'Protection Keys User registers'
[    0.113636] x86/fpu: xstate_offset[2]:  576, xstate_sizes[2]:  256
[    0.114633] x86/fpu: xstate_offset[5]:  832, xstate_sizes[5]:   64
[    0.115257] x86/fpu: xstate_offset[6]:  896, xstate_sizes[6]:  512
[    0.115633] x86/fpu: xstate_offset[7]: 1408, xstate_sizes[7]: 1024
[    0.116633] x86/fpu: xstate_offset[9]: 2432, xstate_sizes[9]:    8
[    0.117262] x86/fpu: Enabled xstate features 0x2e7, context size is 2440 bytes, using 'compacted' format.
[    0.145609] Freeing SMP alternatives memory: 48K
[    0.145633] pid_max: default: 32768 minimum: 301
[    0.145992] LSM: initializing lsm=lockdown,capability,landlock,yama,apparmor,integrity
[    0.146652] landlock: Up and running.
[    0.146987] Yama: becoming mindful.
[    0.147682] AppArmor: AppArmor initialized
[    0.148154] Mount-cache hash table entries: 2048 (order: 2, 16384 bytes, linear)
[    0.148635] Mountpoint-cache hash table entries: 2048 (order: 2, 16384 bytes, linear)
[    0.149959] smpboot: CPU0: 11th Gen Intel(R) Core(TM) i7-1165G7 @ 2.80GHz (family: 0x6, model: 0x8c, stepping: 0x1)
[    0.150976] Performance Events: Icelake events, full-width counters, Intel PMU driver.
[    0.151584] ... version:                2
[    0.151633] ... bit width:              48
[    0.151912] ... generic registers:      8
[    0.152186] ... value mask:             0000ffffffffffff
[    0.152545] ... max period:             00007fffffffffff
[    0.152632] ... fixed-purpose events:   3
[    0.152873] ... event mask:             00000007000000ff
[    0.153249] signal: max sigframe size: 3632
[    0.153557] rcu: Hierarchical SRCU implementation.
[    0.153633] rcu: 	Max phase no-delay instances is 400.
[    0.154198] smp: Bringing up secondary CPUs ...
[    0.154654] smp: Brought up 1 node, 1 CPU
[    0.155031] smpboot: Max logical packages: 1
[    0.155467] smpboot: Total of 1 processors activated (5606.40 BogoMIPS)
[    0.155917] devtmpfs: initialized
[    0.156305] x86/mm: Memory block size: 128MB
[    0.156958] clocksource: jiffies: mask: 0xffffffff max_cycles: 0xffffffff, max_idle_ns: 1911260446275000 ns
[    0.157641] futex hash table entries: 256 (order: 2, 16384 bytes, linear)
[    0.158246] pinctrl core: initialized pinctrl subsystem
[    0.158720] PM: RTC time: 22:35:46, date: 2026-03-07
[    0.159667] NET: Registered PF_NETLINK/PF_ROUTE protocol family
[    0.160150] DMA: preallocated 128 KiB GFP_KERNEL pool for atomic allocations
[    0.160639] DMA: preallocated 128 KiB GFP_KERNEL|GFP_DMA pool for atomic allocations
[    0.161179] DMA: preallocated 128 KiB GFP_KERNEL|GFP_DMA32 pool for atomic allocations
[    0.161658] audit: initializing netlink subsys (disabled)
[    0.162296] audit: type=2000 audit(1772922946.768:1): state=initialized audit_enabled=0 res=1
[    0.162767] thermal_sys: Registered thermal governor 'fair_share'
[    0.162769] thermal_sys: Registered thermal governor 'bang_bang'
[    0.163387] thermal_sys: Registered thermal governor 'step_wise'
[    0.163635] thermal_sys: Registered thermal governor 'user_space'
[    0.164258] thermal_sys: Registered thermal governor 'power_allocator'
[    0.164653] cpuidle: using governor ladder
[    0.165393] cpuidle: using governor menu
[    0.165688] acpiphp: ACPI Hot Plug PCI Controller Driver version: 0.5
[    0.166227] PCI: ECAM [mem 0xb0000000-0xbfffffff] (base 0xb0000000) for domain 0000 [bus 00-ff]
[    0.166634] PCI: ECAM [mem 0xb0000000-0xbfffffff] reserved as E820 entry
[    0.167110] PCI: Using configuration type 1 for base access
[    0.167578] kprobes: kprobe jump-optimization is enabled. All kprobes are optimized if possible.
[    0.197682] HugeTLB: registered 1.00 GiB page size, pre-allocated 0 pages
[    0.198190] HugeTLB: 16380 KiB vmemmap can be freed for a 1.00 GiB page
[    0.198633] HugeTLB: registered 2.00 MiB page size, pre-allocated 0 pages
[    0.199103] HugeTLB: 28 KiB vmemmap can be freed for a 2.00 MiB page
[    0.201555] ACPI: Added _OSI(Module Device)
[    0.201638] ACPI: Added _OSI(Processor Device)
[    0.202093] ACPI: Added _OSI(Processor Aggregator Device)
[    0.204121] ACPI: 1 ACPI AML tables successfully acquired and loaded
[    0.205395] ACPI: _OSC evaluation for CPUs failed, trying _PDC
[    0.205717] ACPI: Interpreter enabled
[    0.205979] ACPI: PM: (supports S0 S3 S4 S5)
[    0.206278] ACPI: Using IOAPIC for interrupt routing
[    0.206679] PCI: Using host bridge windows from ACPI; if necessary, use "pci=nocrs" and report a bug
[    0.207301] PCI: Using E820 reservations for host bridge windows
[    0.207696] ACPI: Enabled 2 GPEs in block 00 to 3F
[    0.209724] ACPI: PCI Root Bridge [PCI0] (domain 0000 [bus 00-ff])
[    0.210380] acpi PNP0A08:00: _OSC: OS supports [ExtendedConfig ASPM ClockPM Segments MSI EDR HPX-Type3]
[    0.210694] acpi PNP0A08:00: _OSC: platform does not support [PCIeHotplug LTR DPC]
[    0.211555] acpi PNP0A08:00: _OSC: OS now controls [SHPCHotplug PME AER PCIeCapability]
[    0.211821] PCI host bridge to bus 0000:00
[    0.212105] pci_bus 0000:00: root bus resource [io  0x0000-0x0cf7 window]
[    0.212592] pci_bus 0000:00: root bus resource [io  0x0d00-0xffff window]
[    0.212633] pci_bus 0000:00: root bus resource [mem 0x000a0000-0x000bffff window]
[    0.213159] pci_bus 0000:00: root bus resource [mem 0x40000000-0xafffffff window]
[    0.213633] pci_bus 0000:00: root bus resource [mem 0xc0000000-0xfebfffff window]
[    0.214146] pci_bus 0000:00: root bus resource [mem 0x100000000-0x8ffffffff window]
[    0.214633] pci_bus 0000:00: root bus resource [bus 00-ff]
[    0.215189] pci 0000:00:00.0: [8086:29c0] type 00 class 0x060000 conventional PCI endpoint
[    0.216134] pci 0000:00:01.0: [1af4:1000] type 00 class 0x020000 conventional PCI endpoint
[    0.217645] pci 0000:00:01.0: BAR 0 [io  0xc040-0xc05f]
[    0.218186] pci 0000:00:01.0: BAR 4 [mem 0xfe800000-0xfe803fff 64bit pref]
[    0.218638] pci 0000:00:01.0: ROM [mem 0xfeb00000-0xfeb7ffff pref]
[    0.219437] pci 0000:00:02.0: [1af4:1050] type 00 class 0x030000 conventional PCI endpoint
[    0.220644] pci 0000:00:02.0: BAR 0 [mem 0xfe000000-0xfe7fffff pref]
[    0.221098] pci 0000:00:02.0: BAR 2 [mem 0xfe804000-0xfe807fff 64bit pref]
[    0.221638] pci 0000:00:02.0: BAR 4 [mem 0xfeb94000-0xfeb94fff]
[    0.222079] pci 0000:00:02.0: ROM [mem 0xfeb80000-0xfeb8ffff pref]
[    0.222540] pci 0000:00:02.0: Video device with shadowed ROM at [mem 0x000c0000-0x000dffff]
[    0.223008] pci 0000:00:03.0: [1b36:000d] type 00 class 0x0c0330 PCIe Root Complex Integrated Endpoint
[    0.223992] pci 0000:00:03.0: BAR 0 [mem 0xfeb90000-0xfeb93fff 64bit]
[    0.232474] pci 0000:00:1f.0: [8086:2918] type 00 class 0x060100 conventional PCI endpoint
[    0.232867] pci 0000:00:1f.0: quirk: [io  0x0600-0x067f] claimed by ICH6 ACPI/GPIO/TCO
[    0.233597] pci 0000:00:1f.2: [8086:2922] type 00 class 0x010601 conventional PCI endpoint
[    0.234219] pci 0000:00:1f.2: BAR 4 [io  0xc060-0xc07f]
[    0.234590] pci 0000:00:1f.2: BAR 5 [mem 0xfeb95000-0xfeb95fff]
[    0.234834] pci 0000:00:1f.3: [8086:2930] type 00 class 0x0c0500 conventional PCI endpoint
[    0.235769] pci 0000:00:1f.3: BAR 4 [io  0x0700-0x073f]
[    0.236566] ACPI: PCI: Interrupt link LNKA configured for IRQ 10
[    0.236733] ACPI: PCI: Interrupt link LNKB configured for IRQ 10
[    0.237448] ACPI: PCI: Interrupt link LNKC configured for IRQ 11
[    0.237721] ACPI: PCI: Interrupt link LNKD configured for IRQ 11
[    0.238403] ACPI: PCI: Interrupt link LNKE configured for IRQ 10
[    0.238722] ACPI: PCI: Interrupt link LNKF configured for IRQ 10
[    0.239340] ACPI: PCI: Interrupt link LNKG configured for IRQ 11
[    0.239689] ACPI: PCI: Interrupt link LNKH configured for IRQ 11
[    0.240116] ACPI: PCI: Interrupt link GSIA configured for IRQ 16
[    0.240540] ACPI: PCI: Interrupt link GSIB configured for IRQ 17
[    0.240638] ACPI: PCI: Interrupt link GSIC configured for IRQ 18
[    0.241056] ACPI: PCI: Interrupt link GSID configured for IRQ 19
[    0.241478] ACPI: PCI: Interrupt link GSIE configured for IRQ 20
[    0.241638] ACPI: PCI: Interrupt link GSIF configured for IRQ 21
[    0.242157] ACPI: PCI: Interrupt link GSIG configured for IRQ 22
[    0.242653] ACPI: PCI: Interrupt link GSIH configured for IRQ 23
[    0.243646] iommu: Default domain type: Translated
[    0.244149] iommu: DMA domain TLB invalidation policy: lazy mode
[    0.244800] SCSI subsystem initialized
[    0.245237] ACPI: bus type USB registered
[    0.245655] usbcore: registered new interface driver usbfs
[    0.246148] usbcore: registered new interface driver hub
[    0.246545] usbcore: registered new device driver usb
[    0.246652] pps_core: LinuxPPS API ver. 1 registered
[    0.246994] pps_core: Software ver. 5.3.6 - Copyright 2005-2007 Rodolfo Giometti <giometti@linux.it>
[    0.247618] PTP clock support registered
[    0.247676] EDAC MC: Ver: 3.0.0
[    0.248176] NetLabel: Initializing
[    0.248420] NetLabel:  domain hash size = 128
[    0.248633] NetLabel:  protocols = UNLABELED CIPSOv4 CALIPSO
[    0.249076] NetLabel:  unlabeled traffic allowed by default
[    0.249660] mctp: management component transport protocol core
[    0.250225] NET: Registered PF_MCTP protocol family
[    0.250640] PCI: Using ACPI for IRQ routing
[    0.353220] pci 0000:00:02.0: vgaarb: setting as boot VGA device
[    0.353631] pci 0000:00:02.0: vgaarb: bridge control possible
[    0.353631] pci 0000:00:02.0: vgaarb: VGA device added: decodes=io+mem,owns=io+mem,locks=none
[    0.353634] vgaarb: loaded
[    0.353924] hpet0: at MMIO 0xfed00000, IRQs 2, 8, 0
[    0.354286] hpet0: 3 comparators, 64-bit 100.000000 MHz counter
[    0.358669] clocksource: Switched to clocksource kvm-clock
[    0.359926] VFS: Disk quotas dquot_6.6.0
[    0.360363] VFS: Dquot-cache hash table entries: 512 (order 0, 4096 bytes)
[    0.360993] AppArmor: AppArmor Filesystem Enabled
[    0.361381] pnp: PnP ACPI init
[    0.361736] system 00:05: [mem 0xb0000000-0xbfffffff window] has been reserved
[    0.362654] pnp: PnP ACPI: found 6 devices
[    0.368197] clocksource: acpi_pm: mask: 0xffffff max_cycles: 0xffffff, max_idle_ns: 2085701024 ns
[    0.369341] NET: Registered PF_INET protocol family
[    0.369819] IP idents hash table entries: 16384 (order: 5, 131072 bytes, linear)
[    0.381299] tcp_listen_portaddr_hash hash table entries: 512 (order: 1, 8192 bytes, linear)
[    0.382150] Table-perturb hash table entries: 65536 (order: 6, 262144 bytes, linear)
[    0.382738] TCP established hash table entries: 8192 (order: 4, 65536 bytes, linear)
[    0.383331] TCP bind hash table entries: 8192 (order: 6, 262144 bytes, linear)
[    0.383879] TCP: Hash tables configured (established 8192 bind 8192)
[    0.384458] MPTCP token hash table entries: 1024 (order: 2, 24576 bytes, linear)
[    0.385017] UDP hash table entries: 512 (order: 2, 16384 bytes, linear)
[    0.385517] UDP-Lite hash table entries: 512 (order: 2, 16384 bytes, linear)
[    0.386085] NET: Registered PF_UNIX/PF_LOCAL protocol family
[    0.386522] NET: Registered PF_XDP protocol family
[    0.386901] pci_bus 0000:00: resource 4 [io  0x0000-0x0cf7 window]
[    0.387388] pci_bus 0000:00: resource 5 [io  0x0d00-0xffff window]
[    0.387861] pci_bus 0000:00: resource 6 [mem 0x000a0000-0x000bffff window]
[    0.388390] pci_bus 0000:00: resource 7 [mem 0x40000000-0xafffffff window]
[    0.388936] pci_bus 0000:00: resource 8 [mem 0xc0000000-0xfebfffff window]
[    0.389530] pci_bus 0000:00: resource 9 [mem 0x100000000-0x8ffffffff window]
[    0.390416] ACPI: \_SB_.GSIH: Enabled at IRQ 23
[    0.391238] PCI: CLS 0 bytes, default 64
[    0.391621] Trying to unpack rootfs image as initramfs...
[    0.392895] clocksource: tsc: mask: 0xffffffffffffffff max_cycles: 0x28680fa287f, max_idle_ns: 440795281151 ns
[    0.395048] Initialise system trusted keyrings
[    0.395415] Key type blacklist registered
[    0.395755] workingset: timestamp_bits=36 max_order=18 bucket_order=0
[    0.396899] zbud: loaded
[    0.397998] squashfs: version 4.0 (2009/01/31) Phillip Lougher
[    0.398939] fuse: init (API version 7.39)
[    0.399959] integrity: Platform Keyring initialized
[    0.400349] integrity: Machine keyring initialized
[    0.416945] Key type asymmetric registered
[    0.417302] Asymmetric key parser 'x509' registered
[    0.417693] Block layer SCSI generic (bsg) driver version 0.4 loaded (major 243)
[    0.419975] io scheduler mq-deadline registered
[    0.420466] shpchp: Standard Hot Plug PCI Controller Driver version: 0.4
[    0.422062] input: Power Button as /devices/LNXSYSTM:00/LNXPWRBN:00/input/input0
[    0.423987] ACPI: button: Power Button [PWRF]
[    0.424684] ACPI: \_SB_.GSIF: Enabled at IRQ 21
[    0.428068] ACPI: \_SB_.GSIG: Enabled at IRQ 22
[    0.430439] Serial: 8250/16550 driver, 32 ports, IRQ sharing enabled
[    0.477033] 00:03: ttyS0 at I/O 0x3f8 (irq = 4, base_baud = 115200) is a 16550A
[    0.481612] Linux agpgart interface v0.103
[    0.484229] loop: module loaded
[    0.486005] ACPI: bus type drm_connector registered
[    0.486570] tun: Universal TUN/TAP device driver, 1.6
[    0.488527] PPP generic driver version 2.4.2
[    0.490091] i8042: PNP: PS/2 Controller [PNP0303:KBD,PNP0f13:MOU] at 0x60,0x64 irq 1,12
[    0.492175] serio: i8042 KBD port at 0x60,0x64 irq 1
[    0.492600] serio: i8042 AUX port at 0x60,0x64 irq 12
[    0.495152] mousedev: PS/2 mouse device common for all mice
[    0.495800] input: AT Translated Set 2 keyboard as /devices/platform/i8042/serio0/input/input1
[    0.496645] rtc_cmos 00:04: RTC can wake from S4
[    0.498023] rtc_cmos 00:04: registered as rtc0
[    0.498635] rtc_cmos 00:04: setting system clock to 2026-03-07T22:35:46 UTC (1772922946)
[    0.500962] rtc_cmos 00:04: alarms up to one day, y3k, 242 bytes nvram, hpet irqs
[    0.501586] i2c_dev: i2c /dev entries driver
[    0.503076] device-mapper: core: CONFIG_IMA_DISABLE_HTABLE is disabled. Duplicate IMA measurements will not be recorded in the IMA log.
[    0.505938] device-mapper: uevent: version 1.0.3
[    0.506372] device-mapper: ioctl: 4.48.0-ioctl (2023-03-01) initialised: dm-devel@redhat.com
[    0.507091] intel_pstate: CPU model not supported
[    0.508023] ledtrig-cpu: registered to indicate activity on CPUs
[    0.508595] drop_monitor: Initializing network drop monitor service
[    0.511116] NET: Registered PF_INET6 protocol family
[    0.685817] Freeing initrd memory: 19116K
[    0.686445] Segment Routing with IPv6
[    0.686781] In-situ OAM (IOAM) with IPv6
[    0.687177] NET: Registered PF_PACKET protocol family
[    0.687683] Key type dns_resolver registered
[    0.688197] IPI shorthand broadcast: enabled
[    0.689773] sched_clock: Marking stable (616002308, 72848885)->(704386121, -15534928)
[    0.690633] registered taskstats version 1
[    0.691254] Loading compiled-in X.509 certificates
[    0.692328] Loaded X.509 cert 'Build time autogenerated kernel key: 7f71bdefc17a4d88631555bf9efbb1c93d6f5260'
[    0.693659] Loaded X.509 cert 'Canonical Ltd. Live Patch Signing 2025 Kmod: d541cef61dc7e793b7eb7e899970a2eef0b5dc8c'
[    0.695561] Loaded X.509 cert 'Canonical Ltd. Live Patch Signing: 14df34d1a87cf37625abec039ef2bf521249b969'
[    0.696904] Loaded X.509 cert 'Canonical Ltd. Kernel Module Signing: 88f752e560a1e0737e31163a466ad7b70a850c19'
[    0.698032] blacklist: Loading compiled-in revocation X.509 certificates
[    0.698683] Loaded X.509 cert 'Canonical Ltd. Secure Boot Signing: 61482aa2830d0ab2ad5af10b7250da9033ddcef0'
[    0.699608] Loaded X.509 cert 'Canonical Ltd. Secure Boot Signing (2017): 242ade75ac4a15e50d50c84b0d45ff3eae707a03'
[    0.700533] Loaded X.509 cert 'Canonical Ltd. Secure Boot Signing (ESM 2018): 365188c1d374d6b07c3c8f240f8ef722433d6a8b'
[    0.701485] Loaded X.509 cert 'Canonical Ltd. Secure Boot Signing (2019): c0746fd6c5da3ae827864651ad66ae47fe24b3e8'
[    0.702495] Loaded X.509 cert 'Canonical Ltd. Secure Boot Signing (2021 v1): a8d54bbb3825cfb94fa13c9f8a594a195c107b8d'
[    0.703449] Loaded X.509 cert 'Canonical Ltd. Secure Boot Signing (2021 v2): 4cf046892d6fd3c9a5b03f98d845f90851dc6a8c'
[    0.704465] Loaded X.509 cert 'Canonical Ltd. Secure Boot Signing (2021 v3): 100437bb6de6e469b581e61cd66bce3ef4ed53af'
[    0.705515] Loaded X.509 cert 'Canonical Ltd. Secure Boot Signing (Ubuntu Core 2019): c1d57b8f6b743f23ee41f4f7ee292f06eecadfb9'
[    0.709085] Key type .fscrypt registered
[    0.709487] Key type fscrypt-provisioning registered
[    0.710217] Key type encrypted registered
[    0.710591] AppArmor: AppArmor sha256 policy hashing enabled
[    0.711114] ima: No TPM chip found, activating TPM-bypass!
[    0.711620] Loading compiled-in module X.509 certificates
[    0.712754] Loaded X.509 cert 'Build time autogenerated kernel key: 7f71bdefc17a4d88631555bf9efbb1c93d6f5260'
[    0.713660] ima: Allocated hash algorithm: sha256
[    0.714098] ima: No architecture policies found
[    0.714528] evm: Initialising EVM extended attributes:
[    0.714987] evm: security.selinux
[    0.715324] evm: security.SMACK64
[    0.715616] evm: security.SMACK64EXEC
[    0.715943] evm: security.SMACK64TRANSMUTE
[    0.716307] evm: security.SMACK64MMAP
[    0.716629] evm: security.apparmor
[    0.716931] evm: security.ima
[    0.717194] evm: security.capability
[    0.717579] evm: HMAC attrs: 0x1
[    0.718142] PM:   Magic number: 2:870:602
[    0.718544] acpi PNP0C0F:0e: hash matches
[    0.721664] RAS: Correctable Errors collector initialized.
[    0.722242] clk: Disabling unused clocks
[    0.730696] Freeing unused decrypted memory: 2028K
[    0.731767] Freeing unused kernel image (initmem) memory: 4920K
[    0.732165] Write protecting the kernel read-only data: 38912k
[    0.732981] Freeing unused kernel image (rodata/data gap) memory: 1984K
[    0.745817] x86/mm: Checked W+X mappings: passed, no W+X pages found.
[    0.746445] Run /init as init process
[init-phase2] booted
[init-phase2] loading module=/lib/modules/6.8.0-101-generic/kernel/drivers/virtio/virtio_dma_buf.ko
[init-phase2] loading module=/lib/modules/6.8.0-101-generic/kernel/drivers/gpu/drm/virtio/virtio-gpu.ko
[    0.755091] [drm] pci: virtio-vga detected at 0000:00:02.0
[    0.755490] virtio-pci 0000:00:02.0: vgaarb: deactivate vga console
[    0.762387] Console: switching to colour dummy device 80x25
[    0.763119] [drm] features: -virgl +edid -resource_blob -host_visible
[    0.763121] [drm] features: -context_init
[    0.764250] [drm] number of scanouts: 1
[    0.764512] [drm] number of cap sets: 0
[    0.765020] [drm] Initialized virtio_gpu 0.1.0 0 for 0000:00:02.0 on minor 0
[    0.767405] fbcon: virtio_gpudrmfb (fb0) is primary device
[    0.770178] Console: switching to colour frame buffer device 160x50
[    0.772085] virtio-pci 0000:00:02.0: [drm] fb0: virtio_gpudrmfb frame buffer device
[init-phase2] loading module=/lib/modules/6.8.0-101-generic/kernel/drivers/hid/hid.ko
[    0.778151] hid: raw HID events driver (C) Jiri Kosina
[init-phase2] loading module=/lib/modules/6.8.0-101-generic/kernel/drivers/hid/hid-generic.ko
[init-phase2] loading module=/lib/modules/6.8.0-101-generic/kernel/drivers/hid/usbhid/usbhid.ko
[    0.782300] usbcore: registered new interface driver usbhid
[    0.782660] usbhid: USB HID core driver
[init-phase2] loading module=/lib/modules/6.8.0-101-generic/kernel/drivers/hid/usbhid/usbkbd.ko
[    0.784492] usbcore: registered new interface driver usbkbd
[init-phase2] loading module=/lib/modules/6.8.0-101-generic/kernel/drivers/hid/usbhid/usbmouse.ko
[    0.786715] usbcore: registered new interface driver usbmouse
[init-phase2] loading module=/lib/modules/6.8.0-101-generic/kernel/drivers/input/mouse/psmouse.ko
[    0.791401] input: VirtualPS/2 VMware VMMouse as /devices/platform/i8042/serio1/input/input4
[init-phase2] loading module=/lib/modules/6.8.0-101-generic/kernel/drivers/usb/host/xhci-pci.ko[    0.793292] input: VirtualPS/2 VMware VMMouse as /devices/platform/i8042/serio1/input/input3

[    0.794990] xhci_pci: Unknown symbol renesas_xhci_check_request_fw (err -2)
[    0.798607] xhci_pci: Unknown symbol renesas_xhci_check_request_fw (err -2)
insmod: can't insert '/lib/modules/6.8.0-101-generic/kernel/drivers/usb/host/xhci-pci.ko': unknown symbol in module, or unknown parameter
Starting systemd-udevd version 255.4-1ubuntu8.8
total 0
drwxr-xr-x    2 root     root            80 Mar  7 22:35 by-path
crw-rw----    1 root     video     226,   0 Mar  7 22:35 card0
crw-rw----    1 root     root      226, 128 Mar  7 22:35 renderD128
total 0
drwxr-xr-x    2 root     root           100 Mar  7 22:35 by-path
crw-rw----    1 root     input      13,  64 Mar  7 22:35 event0
crw-rw----    1 root     input      13,  65 Mar  7 22:35 event1
crw-rw----    1 root     input      13,  66 Mar  7 22:35 event2
crw-rw----    1 root     input      13,  67 Mar  7 22:35 event3
crw-rw----    1 root     input      13,  63 Mar  7 22:35 mice
crw-rw----    1 root     input      13,  32 Mar  7 22:35 mouse0
crw-rw----    1 root     input      13,  33 Mar  7 22:35 mouse1
[init-phase2] evdev_probe pid=119
[init-phase2] seatd pid=121
[init-phase2] weston pid=122
@@EVDEV open path=/dev/input/event3 name=VirtualPS/2 VMware VMMouse
@@EVDEV open path=/dev/input/event2 name=VirtualPS/2 VMware VMMouse
@@EVDEV open path=/dev/input/event1 name=AT Translated Set 2 keyboard
@@EVDEV open path=/dev/input/event0 name=Power Button
[init-phase2] wayland ready
Date: 2026-03-07 UTC
[22:35:46.865] weston 13.0.0
               https://wayland.freedesktop.org
               Bug reports to: https://gitlab.freedesktop.org/wayland/weston/issues/
               Build: 13.0.0
[22:35:46.865] Command line: /usr/bin/weston --backend=drm --renderer=pixman --shell=kiosk-shell.so --socket=wayland-1 --continue-without-input --log=/var/log/weston.log
[22:35:46.865] OS: Linux, 6.8.0-101-generic, #101-Ubuntu SMP PREEMPT_DYNAMIC Mon Feb  9 10:15:05 UTC 2026, x86_64
[22:35:46.865] Flight recorder: enabled
[22:35:46.865] Using config file '/etc/xdg/weston/weston.ini'
[22:35:46.865] Output repaint window is 7 ms maximum.
[22:35:46.865] Loading module '/usr/lib/x86_64-linux-gnu/libweston-13/drm-backend.so'
[22:35:46.866] initializing drm backend
[22:35:46.866] Trying libseat launcher...
[22:35:46.866] [libseat/libseat.c:62] Seat opened with backend 'seatd'
[22:35:46.866] [libseat/backend/seatd.c:212] Enabling seat
[22:35:46.866] libseat: session control granted
[22:35:46.866] using /dev/dri/card0
[22:35:46.866] DRM: supports atomic modesetting
[22:35:46.866] DRM: does not support GBM modifiers
[22:35:46.866] DRM: does not support async page flipping
[22:35:46.866] DRM: supports picture aspect ratio
[22:35:46.866] Using Pixman renderer
[22:35:46.869] event0  - Power Button: is tagged by udev as: Keyboard
[22:35:46.869] event0  - Power Button: device is a keyboard
[22:35:46.869] event1  - AT Translated Set 2 keyboard: is tagged by udev as: Keyboard
[22:35:46.869] event1  - AT Translated Set 2 keyboard: device is a keyboard
[22:35:46.870] event3  - VirtualPS/2 VMware VMMouse: is tagged by udev as: Mouse
[22:35:46.870] event3  - VirtualPS/2 VMware VMMouse: device is a pointer
[22:35:46.871] event2  - VirtualPS/2 VMware VMMouse: is tagged by udev as: Mouse
[22:35:46.871] event2  - VirtualPS/2 VMware VMMouse: device is a pointer
[22:35:46.874] libinput: configuring device "Power Button".
[22:35:46.874] libinput: configuring device "AT Translated Set 2 keyboard".
[22:35:46.874] libinput: configuring device "VirtualPS/2 VMware VMMouse".
[22:35:46.874] libinput: configuring device "VirtualPS/2 VMware VMMouse".
[22:35:46.874] input device event2 has no enabled output associated (none named), skipping calibration for now.
[22:35:46.874] DRM: head 'Virtual-1' found, connector 36 is connected, EDID make 'RHT', model 'QEMU Monitor', serial ''
               Supported EOTF modes: SDR
[22:35:46.875] Registered plugin API 'weston_drm_output_api_v1' of size 40
[22:35:46.875] Registered plugin API 'weston_drm_virtual_output_api_v2' of size 48
[22:35:46.875] Color manager: no-op
[22:35:46.875] Output 'Virtual-1' attempts EOTF mode: SDR
[22:35:46.875] Output 'Virtual-1' using color profile: stock sRGB color profile
[22:35:46.877] DRM: output Virtual-1 uses shadow framebuffer.
[22:35:46.877] Output Virtual-1 (crtc 35) video modes:
               1280x800@75.0, preferred, current, 107.3 MHz
               5120x2160@50.0 64:27, 742.5 MHz
               4096x2160@50.0 256:135, 594.0 MHz
               3840x2160@60.0 16:9, 594.0 MHz
               3840x2160@59.9 16:9, 593.4 MHz
               3840x2160@50.0 16:9, 594.0 MHz
               1920x1440@60.0, 234.0 MHz
               2560x1080@50.0 64:27, 185.6 MHz
               1856x1392@60.0, 218.2 MHz
               1792x1344@60.0, 204.8 MHz
               2048x1152@60.0, 162.0 MHz
               1920x1200@59.9, 193.2 MHz
               1920x1080@60.0, 148.5 MHz
               1920x1080@50.0 16:9, 148.5 MHz
               1600x1200@60.0, 162.0 MHz
               1680x1050@60.0, 146.2 MHz
               1400x1050@60.0, 121.8 MHz
               1280x1024@60.0, 108.0 MHz
               1440x900@59.9, 106.5 MHz
               1280x960@60.0, 108.0 MHz
               1360x768@60.0, 85.5 MHz
               1280x768@59.9, 79.5 MHz
               1024x768@60.0, 65.0 MHz
               800x600@60.3, 40.0 MHz
               640x480@60.0 4:3, 25.2 MHz
               640x480@59.9, 25.2 MHz
[22:35:46.877] associating input device event0 with output Virtual-1 (none by udev)
[22:35:46.877] associating input device event1 with output Virtual-1 (none by udev)
[22:35:46.877] associating input device event3 with output Virtual-1 (none by udev)
[22:35:46.877] associating input device event2 with output Virtual-1 (none by udev)
[22:35:46.877] Output 'Virtual-1' enabled with head(s) Virtual-1
[22:35:46.877] Compositor capabilities:
               arbitrary surface rotation: yes
               screen capture uses y-flip: no
               cursor planes: yes
               arbitrary resolutions: no
               view mask clipping: yes
               explicit sync: no
               color operations: no
               presentation clock: CLOCK_MONOTONIC, id 1
               presentation clock resolution: 0.000000001 s
[22:35:46.877] Loading module '/usr/lib/x86_64-linux-gnu/weston/kiosk-shell.so'
[init-phase2] launching client=/bin/wl_sleepdemo
@@LOG kind=state global name=1 interface=wl_compositor version=5
@@LOG kind=state global name=2 interface=wl_subcompositor version=1
@@LOG kind=state global name=3 interface=wp_viewporter version=1
@@LOG kind=state global name=4 interface=zxdg_output_manager_v1 version=2
@@LOG kind=state global name=5 interface=wp_presentation version=1
@@LOG kind=state global name=6 interface=wp_single_pixel_buffer_manager_v1 version=1
@@LOG kind=state global name=7 interface=wp_tearing_control_manager_v1 version=1
@@LOG kind=state global name=8 interface=zwp_relative_pointer_manager_v1 version=1
@@LOG kind=state global name=9 interface=zwp_pointer_constraints_v1 version=1
@@LOG kind=state global name=10 interface=zwp_input_timestamps_manager_v1 version=1
@@LOG kind=state global name=11 interface=weston_capture_v1 version=1
@@LOG kind=state global name=12 interface=wl_data_device_manager version=3
@@LOG kind=state global name=13 interface=wl_shm version=1
@@LOG kind=state global name=14 interface=wl_seat version=7
@@LOG kind=state global name=15 interface=weston_content_protection version=1
@@LOG kind=state global name=16 interface=wl_output version=4
@@LOG kind=state global name=17 interface=xdg_wm_base version=5
@@LOG kind=state seat-listener-added
@@LOG kind=state keyboard-bound-fallback
@@LOG kind=state pointer-bound-fallback
@@LOG kind=state socket-hup
@@LOG kind=state socket-hup
@@LOG kind=state socket-hup
@@LOG kind=state socket-hup
@@LOG kind=state socket-hup
@@LOG kind=state socket-hup
@@LOG kind=state socket-hup
@@LOG kind=state socket-hup
@@LOG kind=state socket-hup
@@LOG kind=state socket-hup
@@LOG kind=state socket-hup
@@LOG kind=state socket-hup
@@LOG kind=state socket-hup
@@LOG kind=state socket-hup
@@LOG kind=state socket-hup
@@LOG kind=state socket-hup
@@LOG kind=state socket-hup
@@LOG kind=state socket-hup
@@LOG kind=state socket-hup
@@LOG kind=state socket-hup
@@LOG kind=state socket-hup
@@LOG kind=state socket-hup
@@LOG kind=state socket-hup
@@LOG kind=state socket-hup
@@LOG kind=state socket-hup
@@LOG kind=state socket-hup
@@LOG kind=state socket-hup
@@LOG kind=state socket-hup
@@LOG kind=state socket-hup
@@LOG kind=state socket-hup
@@LOG kind=state socket-hup
@@LOG kind=state socket-hup
@@LOG kind=state socket-hup
@@LOG kind=state socket-hup
@@LOG kind=state socket-hup
@@LOG kind=state socket-hup
@@LOG kind=state socket-hup
@@LOG kind=state socket-hup
@@LOG kind=state socket-hup
@@LOG kind=state socket-hup
@@LOG kind=state socket-hup
@@LOG kind=state socket-hup
@@LOG kind=state socket-hup
@@LOG kind=state socket-hup
@@LOG kind=state socket-hup
@@LOG kind=state socket-hup
@@LOG kind=state socket-hup
@@LOG kind=state socket-hup
@@LOG kind=state socket-hup
@@LOG kind=state socket-hup
@@LOG kind=state socket-hup
@@LOG kind=state socket-hup
