[    0.000000] Linux version 6.8.0-101-generic (buildd@lcy02-amd64-051) (x86_64-linux-gnu-gcc-13 (Ubuntu 13.3.0-6ubuntu2~24.04) 13.3.0, GNU ld (GNU Binutils for Ubuntu) 2.42) #101-Ubuntu SMP PREEMPT_DYNAMIC Mon Feb  9 10:15:05 UTC 2026 (Ubuntu 6.8.0-101.101-generic 6.8.12)
[    0.000000] Command line: console=ttyS0 panic=-1 no_console_suspend rdinit=/init phase3_runtime_seconds=35 phase3_url=data:text/html;base64,PCFkb2N0eXBlIGh0bWw+PGh0bWw+PGJvZHkgc3R5bGU9Im1hcmdpbjowO2JhY2tncm91bmQ6d2hpdGU7Zm9udC1mYW1pbHk6RGVqYVZ1IFNhbnMsIHNhbnMtc2VyaWYiPjxpbnB1dCBpZD0iaSIgYXV0b2ZvY3VzIHN0eWxlPSJkaXNwbGF5OmJsb2NrO3dpZHRoOjk1dnc7aGVpZ2h0OjEyMHB4O2ZvbnQtc2l6ZTo3MnB4O21hcmdpbjoyMHB4IGF1dG8iIHZhbHVlPSIiPjxidXR0b24gaWQ9ImIiIG9uY2xpY2s9ImRvY3VtZW50LmJvZHkuc3R5bGUuYmFja2dyb3VuZD0nbGltZSc7ZG9jdW1lbnQuZ2V0RWxlbWVudEJ5SWQoJ3MnKS50ZXh0Q29udGVudD0nY2xpY2tlZCciIHN0eWxlPSJkaXNwbGF5OmJsb2NrO2ZvbnQtc2l6ZTo2NHB4O21hcmdpbjoyMHB4IGF1dG8iPkNMSUNLPC9idXR0b24+PGRpdiBpZD0icyIgc3R5bGU9ImZvbnQtc2l6ZTo3MnB4O3RleHQtYWxpZ246Y2VudGVyIj5pZGxlPC9kaXY+PC9ib2R5PjwvaHRtbD4=
[    0.000000] KERNEL supported cpus:
[    0.000000]   Intel GenuineIntel
[    0.000000]   AMD AuthenticAMD
[    0.000000]   Hygon HygonGenuine
[    0.000000]   Centaur CentaurHauls
[    0.000000]   zhaoxin   Shanghai  
[    0.000000] BIOS-provided physical RAM map:
[    0.000000] BIOS-e820: [mem 0x0000000000000000-0x000000000009fbff] usable
[    0.000000] BIOS-e820: [mem 0x000000000009fc00-0x000000000009ffff] reserved
[    0.000000] BIOS-e820: [mem 0x00000000000f0000-0x00000000000fffff] reserved
[    0.000000] BIOS-e820: [mem 0x0000000000100000-0x000000007ffddfff] usable
[    0.000000] BIOS-e820: [mem 0x000000007ffde000-0x000000007fffffff] reserved
[    0.000000] BIOS-e820: [mem 0x00000000b0000000-0x00000000bfffffff] reserved
[    0.000000] BIOS-e820: [mem 0x00000000fed1c000-0x00000000fed1ffff] reserved
[    0.000000] BIOS-e820: [mem 0x00000000feffc000-0x00000000feffffff] reserved
[    0.000000] BIOS-e820: [mem 0x00000000fffc0000-0x00000000ffffffff] reserved
[    0.000000] NX (Execute Disable) protection: active
[    0.000000] APIC: Static calls initialized
[    0.000000] SMBIOS 3.0.0 present.
[    0.000000] DMI: QEMU Standard PC (Q35 + ICH9, 2009), BIOS 1.16.3-debian-1.16.3-2 04/01/2014
[    0.000000] Hypervisor detected: KVM
[    0.000000] kvm-clock: Using msrs 4b564d01 and 4b564d00
[    0.000000] kvm-clock: using sched offset of 275995245 cycles
[    0.000002] clocksource: kvm-clock: mask: 0xffffffffffffffff max_cycles: 0x1cd42e4dffb, max_idle_ns: 881590591483 ns
[    0.000004] tsc: Detected 2803.200 MHz processor
[    0.000613] last_pfn = 0x7ffde max_arch_pfn = 0x400000000
[    0.000648] MTRR map: 4 entries (3 fixed + 1 variable; max 19), built from 8 variable MTRRs
[    0.000651] x86/PAT: Configuration [0-7]: WB  WC  UC- UC  WB  WP  UC- WT  
[    0.004463] found SMP MP-table at [mem 0x000f5470-0x000f547f]
[    0.004474] Using GB pages for direct mapping
[    0.004524] RAMDISK: [mem 0x75deb000-0x7ffcffff]
[    0.004529] ACPI: Early table checksum verification disabled
[    0.004531] ACPI: RSDP 0x00000000000F52B0 000014 (v00 BOCHS )
[    0.004535] ACPI: RSDT 0x000000007FFE2304 000038 (v01 BOCHS  BXPC     00000001 BXPC 00000001)
[    0.004539] ACPI: FACP 0x000000007FFE20FC 0000F4 (v03 BOCHS  BXPC     00000001 BXPC 00000001)
[    0.004543] ACPI: DSDT 0x000000007FFE0040 0020BC (v01 BOCHS  BXPC     00000001 BXPC 00000001)
[    0.004545] ACPI: FACS 0x000000007FFE0000 000040
[    0.004547] ACPI: APIC 0x000000007FFE21F0 000078 (v03 BOCHS  BXPC     00000001 BXPC 00000001)
[    0.004549] ACPI: HPET 0x000000007FFE2268 000038 (v01 BOCHS  BXPC     00000001 BXPC 00000001)
[    0.004551] ACPI: MCFG 0x000000007FFE22A0 00003C (v01 BOCHS  BXPC     00000001 BXPC 00000001)
[    0.004553] ACPI: WAET 0x000000007FFE22DC 000028 (v01 BOCHS  BXPC     00000001 BXPC 00000001)
[    0.004555] ACPI: Reserving FACP table memory at [mem 0x7ffe20fc-0x7ffe21ef]
[    0.004556] ACPI: Reserving DSDT table memory at [mem 0x7ffe0040-0x7ffe20fb]
[    0.004556] ACPI: Reserving FACS table memory at [mem 0x7ffe0000-0x7ffe003f]
[    0.004557] ACPI: Reserving APIC table memory at [mem 0x7ffe21f0-0x7ffe2267]
[    0.004557] ACPI: Reserving HPET table memory at [mem 0x7ffe2268-0x7ffe229f]
[    0.004558] ACPI: Reserving MCFG table memory at [mem 0x7ffe22a0-0x7ffe22db]
[    0.004558] ACPI: Reserving WAET table memory at [mem 0x7ffe22dc-0x7ffe2303]
[    0.004757] No NUMA configuration found
[    0.004758] Faking a node at [mem 0x0000000000000000-0x000000007ffddfff]
[    0.004762] NODE_DATA(0) allocated [mem 0x75dc0000-0x75deafff]
[    0.004858] Zone ranges:
[    0.004859]   DMA      [mem 0x0000000000001000-0x0000000000ffffff]
[    0.004860]   DMA32    [mem 0x0000000001000000-0x000000007ffddfff]
[    0.004861]   Normal   empty
[    0.004862]   Device   empty
[    0.004863] Movable zone start for each node
[    0.004864] Early memory node ranges
[    0.004864]   node   0: [mem 0x0000000000001000-0x000000000009efff]
[    0.004865]   node   0: [mem 0x0000000000100000-0x000000007ffddfff]
[    0.004866] Initmem setup node 0 [mem 0x0000000000001000-0x000000007ffddfff]
[    0.005048] On node 0, zone DMA: 1 pages in unavailable ranges
[    0.005056] On node 0, zone DMA: 97 pages in unavailable ranges
[    0.009109] On node 0, zone DMA32: 34 pages in unavailable ranges
[    0.009358] ACPI: PM-Timer IO Port: 0x608
[    0.009370] ACPI: LAPIC_NMI (acpi_id[0xff] dfl dfl lint[0x1])
[    0.009402] IOAPIC[0]: apic_id 0, version 17, address 0xfec00000, GSI 0-23
[    0.009404] ACPI: INT_SRC_OVR (bus 0 bus_irq 0 global_irq 2 dfl dfl)
[    0.009405] ACPI: INT_SRC_OVR (bus 0 bus_irq 5 global_irq 5 high level)
[    0.009406] ACPI: INT_SRC_OVR (bus 0 bus_irq 9 global_irq 9 high level)
[    0.009407] ACPI: INT_SRC_OVR (bus 0 bus_irq 10 global_irq 10 high level)
[    0.009408] ACPI: INT_SRC_OVR (bus 0 bus_irq 11 global_irq 11 high level)
[    0.009410] ACPI: Using ACPI (MADT) for SMP configuration information
[    0.009412] ACPI: HPET id: 0x8086a201 base: 0xfed00000
[    0.009416] TSC deadline timer available
[    0.009417] smpboot: Allowing 1 CPUs, 0 hotplug CPUs
[    0.009436] kvm-guest: APIC: eoi() replaced with kvm_guest_apic_eoi_write()
[    0.009460] PM: hibernation: Registered nosave memory: [mem 0x00000000-0x00000fff]
[    0.009461] PM: hibernation: Registered nosave memory: [mem 0x0009f000-0x000fffff]
[    0.009463] [mem 0xc0000000-0xfed1bfff] available for PCI devices
[    0.009464] Booting paravirtualized kernel on KVM
[    0.009465] clocksource: refined-jiffies: mask: 0xffffffff max_cycles: 0xffffffff, max_idle_ns: 1910969940391419 ns
[    0.009472] setup_percpu: NR_CPUS:8192 nr_cpumask_bits:1 nr_cpu_ids:1 nr_node_ids:1
[    0.009753] percpu: Embedded 86 pages/cpu s229376 r8192 d114688 u2097152
[    0.009786] kvm-guest: PV spinlocks disabled, single CPU
[    0.009787] Kernel command line: console=ttyS0 panic=-1 no_console_suspend rdinit=/init phase3_runtime_seconds=35 phase3_url=data:text/html;base64,PCFkb2N0eXBlIGh0bWw+PGh0bWw+PGJvZHkgc3R5bGU9Im1hcmdpbjowO2JhY2tncm91bmQ6d2hpdGU7Zm9udC1mYW1pbHk6RGVqYVZ1IFNhbnMsIHNhbnMtc2VyaWYiPjxpbnB1dCBpZD0iaSIgYXV0b2ZvY3VzIHN0eWxlPSJkaXNwbGF5OmJsb2NrO3dpZHRoOjk1dnc7aGVpZ2h0OjEyMHB4O2ZvbnQtc2l6ZTo3MnB4O21hcmdpbjoyMHB4IGF1dG8iIHZhbHVlPSIiPjxidXR0b24gaWQ9ImIiIG9uY2xpY2s9ImRvY3VtZW50LmJvZHkuc3R5bGUuYmFja2dyb3VuZD0nbGltZSc7ZG9jdW1lbnQuZ2V0RWxlbWVudEJ5SWQoJ3MnKS50ZXh0Q29udGVudD0nY2xpY2tlZCciIHN0eWxlPSJkaXNwbGF5OmJsb2NrO2ZvbnQtc2l6ZTo2NHB4O21hcmdpbjoyMHB4IGF1dG8iPkNMSUNLPC9idXR0b24+PGRpdiBpZD0icyIgc3R5bGU9ImZvbnQtc2l6ZTo3MnB4O3RleHQtYWxpZ246Y2VudGVyIj5pZGxlPC9kaXY+PC9ib2R5PjwvaHRtbD4=
[    0.009833] Unknown kernel command line parameters "phase3_runtime_seconds=35 phase3_url=data:text/html;base64,PCFkb2N0eXBlIGh0bWw+PGh0bWw+PGJvZHkgc3R5bGU9Im1hcmdpbjowO2JhY2tncm91bmQ6d2hpdGU7Zm9udC1mYW1pbHk6RGVqYVZ1IFNhbnMsIHNhbnMtc2VyaWYiPjxpbnB1dCBpZD0iaSIgYXV0b2ZvY3VzIHN0eWxlPSJkaXNwbGF5OmJsb2NrO3dpZHRoOjk1dnc7aGVpZ2h0OjEyMHB4O2ZvbnQtc2l6ZTo3MnB4O21hcmdpbjoyMHB4IGF1dG8iIHZhbHVlPSIiPjxidXR0b24gaWQ9ImIiIG9uY2xpY2s9ImRvY3VtZW50LmJvZHkuc3R5bGUuYmFja2dyb3VuZD0nbGltZSc7ZG9jdW1lbnQuZ2V0RWxlbWVudEJ5SWQoJ3MnKS50ZXh0Q29udGVudD0nY2xpY2tlZCciIHN0eWxlPSJkaXNwbGF5OmJsb2NrO2ZvbnQtc2l6ZTo2NHB4O21hcmdpbjoyMHB4IGF1dG8iPkNMSUNLPC9idXR0b24+PGRpdiBpZD0icyIgc3R5bGU9ImZvbnQtc2l6ZTo3MnB4O3RleHQtYWxpZ246Y2VudGVyIj5pZGxlPC9kaXY+PC9ib2R5PjwvaHRtbD4=", will be passed to user space.
[    0.009876] random: crng init done
[    0.010130] Dentry cache hash table entries: 262144 (order: 9, 2097152 bytes, linear)
[    0.010203] Inode-cache hash table entries: 131072 (order: 8, 1048576 bytes, linear)
[    0.010236] Fallback order for Node 0: 0 
[    0.010238] Built 1 zonelists, mobility grouping on.  Total pages: 515806
[    0.010239] Policy zone: DMA32
[    0.010243] mem auto-init: stack:all(zero), heap alloc:on, heap free:off
[    0.014152] Memory: 1840216K/2096624K available (22528K kernel code, 4439K rwdata, 14400K rodata, 4920K init, 4788K bss, 256148K reserved, 0K cma-reserved)
[    0.014807] SLUB: HWalign=64, Order=0-3, MinObjects=0, CPUs=1, Nodes=1
[    0.014836] ftrace: allocating 58250 entries in 228 pages
[    0.022064] ftrace: allocated 228 pages with 4 groups
[    0.022764] Dynamic Preempt: voluntary
[    0.022981] rcu: Preemptible hierarchical RCU implementation.
[    0.022983] rcu: 	RCU restricting CPUs from NR_CPUS=8192 to nr_cpu_ids=1.
[    0.022984] 	Trampoline variant of Tasks RCU enabled.
[    0.022984] 	Rude variant of Tasks RCU enabled.
[    0.022984] 	Tracing variant of Tasks RCU enabled.
[    0.022985] rcu: RCU calculated value of scheduler-enlistment delay is 100 jiffies.
[    0.022985] rcu: Adjusting geometry for rcu_fanout_leaf=16, nr_cpu_ids=1
[    0.022992] RCU Tasks: Setting shift to 0 and lim to 1 rcu_task_cb_adjust=1 rcu_task_cpu_ids=1.
[    0.022993] RCU Tasks Rude: Setting shift to 0 and lim to 1 rcu_task_cb_adjust=1 rcu_task_cpu_ids=1.
[    0.022994] RCU Tasks Trace: Setting shift to 0 and lim to 1 rcu_task_cb_adjust=1 rcu_task_cpu_ids=1.
[    0.025305] NR_IRQS: 524544, nr_irqs: 256, preallocated irqs: 16
[    0.025512] rcu: srcu_init: Setting srcu_struct sizes based on contention.
[    0.031703] Console: colour VGA+ 80x25
[    0.031731] printk: legacy console [ttyS0] enabled
[    0.092824] ACPI: Core revision 20230628
[    0.093186] clocksource: hpet: mask: 0xffffffff max_cycles: 0xffffffff, max_idle_ns: 19112604467 ns
[    0.093839] APIC: Switch to symmetric I/O mode setup
[    0.094326] x2apic enabled
[    0.094709] APIC: Switched APIC routing to: physical x2apic
[    0.095847] ..TIMER: vector=0x30 apic1=0 pin1=2 apic2=-1 pin2=-1
[    0.096306] clocksource: tsc-early: mask: 0xffffffffffffffff max_cycles: 0x28680fa287f, max_idle_ns: 440795281151 ns
[    0.096987] Calibrating delay loop (skipped) preset value.. 5606.40 BogoMIPS (lpj=2803200)
[    0.097659] x86/cpu: User Mode Instruction Prevention (UMIP) activated
[    0.098072] Last level iTLB entries: 4KB 0, 2MB 0, 4MB 0
[    0.098454] Last level dTLB entries: 4KB 0, 2MB 0, 4MB 0, 1GB 0
[    0.098990] Spectre V1 : Mitigation: usercopy/swapgs barriers and __user pointer sanitization
[    0.099615] Spectre V2 : Spectre BHI mitigation: SW BHB clearing on vm exit
[    0.099985] Spectre V2 : Spectre BHI mitigation: SW BHB clearing on syscall
[    0.100449] Spectre V2 : Mitigation: Enhanced / Automatic IBRS
[    0.100985] Spectre V2 : Spectre v2 / PBRSB-eIBRS: Retire a single CALL on VMEXIT
[    0.101480] Spectre V2 : mitigation: Enabling conditional Indirect Branch Prediction Barrier
[    0.101986] Speculative Store Bypass: Mitigation: Speculative Store Bypass disabled via prctl
[    0.102518] ITS: WARNING: ITS mitigation depends on retpoline and rethunk support
[    0.102985] ITS: Vulnerable
[    0.103197] x86/fpu: Supporting XSAVE feature 0x001: 'x87 floating point registers'
[    0.103719] x86/fpu: Supporting XSAVE feature 0x002: 'SSE registers'
[    0.103985] x86/fpu: Supporting XSAVE feature 0x004: 'AVX registers'
[    0.104427] x86/fpu: Supporting XSAVE feature 0x020: 'AVX-512 opmask'
[    0.104984] x86/fpu: Supporting XSAVE feature 0x040: 'AVX-512 Hi256'
[    0.105429] x86/fpu: Supporting XSAVE feature 0x080: 'AVX-512 ZMM_Hi256'
[    0.105985] x86/fpu: Supporting XSAVE feature 0x200: 'Protection Keys User registers'
[    0.106498] x86/fpu: xstate_offset[2]:  576, xstate_sizes[2]:  256
[    0.106984] x86/fpu: xstate_offset[5]:  832, xstate_sizes[5]:   64
[    0.107384] x86/fpu: xstate_offset[6]:  896, xstate_sizes[6]:  512
[    0.107755] x86/fpu: xstate_offset[7]: 1408, xstate_sizes[7]: 1024
[    0.107984] x86/fpu: xstate_offset[9]: 2432, xstate_sizes[9]:    8
[    0.108404] x86/fpu: Enabled xstate features 0x2e7, context size is 2440 bytes, using 'compacted' format.
[    0.131441] Freeing SMP alternatives memory: 48K
[    0.131756] pid_max: default: 32768 minimum: 301
[    0.132032] LSM: initializing lsm=lockdown,capability,landlock,yama,apparmor,integrity
[    0.132607] landlock: Up and running.
[    0.132985] Yama: becoming mindful.
[    0.133247] AppArmor: AppArmor initialized
[    0.133558] Mount-cache hash table entries: 4096 (order: 3, 32768 bytes, linear)
[    0.133987] Mountpoint-cache hash table entries: 4096 (order: 3, 32768 bytes, linear)
[    0.134736] smpboot: CPU0: 11th Gen Intel(R) Core(TM) i7-1165G7 @ 2.80GHz (family: 0x6, model: 0x8c, stepping: 0x1)
[    0.135003] Performance Events: Icelake events, full-width counters, Intel PMU driver.
[    0.135612] ... version:                2
[    0.135888] ... bit width:              48
[    0.135986] ... generic registers:      8
[    0.136288] ... value mask:             0000ffffffffffff
[    0.136750] ... max period:             00007fffffffffff
[    0.136986] ... fixed-purpose events:   3
[    0.137279] ... event mask:             00000007000000ff
[    0.137711] signal: max sigframe size: 3632
[    0.138019] rcu: Hierarchical SRCU implementation.
[    0.138364] rcu: 	Max phase no-delay instances is 400.
[    0.138939] smp: Bringing up secondary CPUs ...
[    0.138999] smp: Brought up 1 node, 1 CPU
[    0.139280] smpboot: Max logical packages: 1
[    0.139584] smpboot: Total of 1 processors activated (5606.40 BogoMIPS)
[    0.140172] devtmpfs: initialized
[    0.140449] x86/mm: Memory block size: 128MB
[    0.141090] clocksource: jiffies: mask: 0xffffffff max_cycles: 0xffffffff, max_idle_ns: 1911260446275000 ns
[    0.141813] futex hash table entries: 256 (order: 2, 16384 bytes, linear)
[    0.142035] pinctrl core: initialized pinctrl subsystem
[    0.142525] PM: RTC time: 02:14:41, date: 2026-03-08
[    0.143782] NET: Registered PF_NETLINK/PF_ROUTE protocol family
[    0.144071] DMA: preallocated 256 KiB GFP_KERNEL pool for atomic allocations
[    0.144581] DMA: preallocated 256 KiB GFP_KERNEL|GFP_DMA pool for atomic allocations
[    0.145001] DMA: preallocated 256 KiB GFP_KERNEL|GFP_DMA32 pool for atomic allocations
[    0.145556] audit: initializing netlink subsys (disabled)
[    0.146026] audit: type=2000 audit(1772936081.911:1): state=initialized audit_enabled=0 res=1
[    0.146643] thermal_sys: Registered thermal governor 'fair_share'
[    0.146644] thermal_sys: Registered thermal governor 'bang_bang'
[    0.146987] thermal_sys: Registered thermal governor 'step_wise'
[    0.147365] thermal_sys: Registered thermal governor 'user_space'
[    0.147726] thermal_sys: Registered thermal governor 'power_allocator'
[    0.147994] cpuidle: using governor ladder
[    0.148636] cpuidle: using governor menu
[    0.148950] acpiphp: ACPI Hot Plug PCI Controller Driver version: 0.5
[    0.149082] PCI: ECAM [mem 0xb0000000-0xbfffffff] (base 0xb0000000) for domain 0000 [bus 00-ff]
[    0.149700] PCI: ECAM [mem 0xb0000000-0xbfffffff] reserved as E820 entry
[    0.149993] PCI: Using configuration type 1 for base access
[    0.150789] kprobes: kprobe jump-optimization is enabled. All kprobes are optimized if possible.
[    0.179830] HugeTLB: registered 1.00 GiB page size, pre-allocated 0 pages
[    0.179986] HugeTLB: 16380 KiB vmemmap can be freed for a 1.00 GiB page
[    0.180389] HugeTLB: registered 2.00 MiB page size, pre-allocated 0 pages
[    0.180834] HugeTLB: 28 KiB vmemmap can be freed for a 2.00 MiB page
[    0.181242] ACPI: Added _OSI(Module Device)
[    0.181579] ACPI: Added _OSI(Processor Device)
[    0.181883] ACPI: Added _OSI(Processor Aggregator Device)
[    0.182734] ACPI: 1 ACPI AML tables successfully acquired and loaded
[    0.183680] ACPI: _OSC evaluation for CPUs failed, trying _PDC
[    0.184059] ACPI: Interpreter enabled
[    0.184290] ACPI: PM: (supports S0 S3 S4 S5)
[    0.184551] ACPI: Using IOAPIC for interrupt routing
[    0.184926] PCI: Using host bridge windows from ACPI; if necessary, use "pci=nocrs" and report a bug
[    0.184985] PCI: Using E820 reservations for host bridge windows
[    0.185416] ACPI: Enabled 2 GPEs in block 00 to 3F
[    0.186775] ACPI: PCI Root Bridge [PCI0] (domain 0000 [bus 00-ff])
[    0.186988] acpi PNP0A08:00: _OSC: OS supports [ExtendedConfig ASPM ClockPM Segments MSI EDR HPX-Type3]
[    0.187573] acpi PNP0A08:00: _OSC: platform does not support [PCIeHotplug LTR DPC]
[    0.188025] acpi PNP0A08:00: _OSC: OS now controls [SHPCHotplug PME AER PCIeCapability]
[    0.188582] PCI host bridge to bus 0000:00
[    0.188836] pci_bus 0000:00: root bus resource [io  0x0000-0x0cf7 window]
[    0.188986] pci_bus 0000:00: root bus resource [io  0x0d00-0xffff window]
[    0.189386] pci_bus 0000:00: root bus resource [mem 0x000a0000-0x000bffff window]
[    0.189829] pci_bus 0000:00: root bus resource [mem 0x80000000-0xafffffff window]
[    0.189985] pci_bus 0000:00: root bus resource [mem 0xc0000000-0xfebfffff window]
[    0.190556] pci_bus 0000:00: root bus resource [mem 0x100000000-0x8ffffffff window]
[    0.190986] pci_bus 0000:00: root bus resource [bus 00-ff]
[    0.191352] pci 0000:00:00.0: [8086:29c0] type 00 class 0x060000 conventional PCI endpoint
[    0.192260] pci 0000:00:01.0: [1af4:1000] type 00 class 0x020000 conventional PCI endpoint
[    0.193391] pci 0000:00:01.0: BAR 0 [io  0xc040-0xc05f]
[    0.193804] pci 0000:00:01.0: BAR 4 [mem 0xfe800000-0xfe803fff 64bit pref]
[    0.193991] pci 0000:00:01.0: ROM [mem 0xfeb00000-0xfeb7ffff pref]
[    0.194748] pci 0000:00:02.0: [1af4:1050] type 00 class 0x030000 conventional PCI endpoint
[    0.196001] pci 0000:00:02.0: BAR 0 [mem 0xfe000000-0xfe7fffff pref]
[    0.196676] pci 0000:00:02.0: BAR 2 [mem 0xfe804000-0xfe807fff 64bit pref]
[    0.196993] pci 0000:00:02.0: BAR 4 [mem 0xfeb94000-0xfeb94fff]
[    0.197501] pci 0000:00:02.0: ROM [mem 0xfeb80000-0xfeb8ffff pref]
[    0.197987] pci 0000:00:02.0: Video device with shadowed ROM at [mem 0x000c0000-0x000dffff]
[    0.198938] pci 0000:00:03.0: [1b36:000d] type 00 class 0x0c0330 PCIe Root Complex Integrated Endpoint
[    0.199459] pci 0000:00:03.0: BAR 0 [mem 0xfeb90000-0xfeb93fff 64bit]
[    0.208851] pci 0000:00:1f.0: [8086:2918] type 00 class 0x060100 conventional PCI endpoint
[    0.209787] pci 0000:00:1f.0: quirk: [io  0x0600-0x067f] claimed by ICH6 ACPI/GPIO/TCO
[    0.210172] pci 0000:00:1f.2: [8086:2922] type 00 class 0x010601 conventional PCI endpoint
[    0.212005] pci 0000:00:1f.2: BAR 4 [io  0xc060-0xc07f]
[    0.212378] pci 0000:00:1f.2: BAR 5 [mem 0xfeb95000-0xfeb95fff]
[    0.213190] pci 0000:00:1f.3: [8086:2930] type 00 class 0x0c0500 conventional PCI endpoint
[    0.214456] pci 0000:00:1f.3: BAR 4 [io  0x0700-0x073f]
[    0.215506] ACPI: PCI: Interrupt link LNKA configured for IRQ 10
[    0.215963] ACPI: PCI: Interrupt link LNKB configured for IRQ 10
[    0.216076] ACPI: PCI: Interrupt link LNKC configured for IRQ 11
[    0.216658] ACPI: PCI: Interrupt link LNKD configured for IRQ 11
[    0.217033] ACPI: PCI: Interrupt link LNKE configured for IRQ 10
[    0.217500] ACPI: PCI: Interrupt link LNKF configured for IRQ 10
[    0.217951] ACPI: PCI: Interrupt link LNKG configured for IRQ 11
[    0.218033] ACPI: PCI: Interrupt link LNKH configured for IRQ 11
[    0.218460] ACPI: PCI: Interrupt link GSIA configured for IRQ 16
[    0.218877] ACPI: PCI: Interrupt link GSIB configured for IRQ 17
[    0.218990] ACPI: PCI: Interrupt link GSIC configured for IRQ 18
[    0.219402] ACPI: PCI: Interrupt link GSID configured for IRQ 19
[    0.219801] ACPI: PCI: Interrupt link GSIE configured for IRQ 20
[    0.219992] ACPI: PCI: Interrupt link GSIF configured for IRQ 21
[    0.220425] ACPI: PCI: Interrupt link GSIG configured for IRQ 22
[    0.220784] ACPI: PCI: Interrupt link GSIH configured for IRQ 23
[    0.221229] iommu: Default domain type: Translated
[    0.221567] iommu: DMA domain TLB invalidation policy: lazy mode
[    0.222091] SCSI subsystem initialized
[    0.222395] ACPI: bus type USB registered
[    0.222680] usbcore: registered new interface driver usbfs
[    0.222989] usbcore: registered new interface driver hub
[    0.223384] usbcore: registered new device driver usb
[    0.223745] pps_core: LinuxPPS API ver. 1 registered
[    0.223986] pps_core: Software ver. 5.3.6 - Copyright 2005-2007 Rodolfo Giometti <giometti@linux.it>
[    0.224618] PTP clock support registered
[    0.224954] EDAC MC: Ver: 3.0.0
[    0.225301] NetLabel: Initializing
[    0.225542] NetLabel:  domain hash size = 128
[    0.225848] NetLabel:  protocols = UNLABELED CIPSOv4 CALIPSO
[    0.225996] NetLabel:  unlabeled traffic allowed by default
[    0.226409] mctp: management component transport protocol core
[    0.226812] NET: Registered PF_MCTP protocol family
[    0.226990] PCI: Using ACPI for IRQ routing
[    0.317637] pci 0000:00:02.0: vgaarb: setting as boot VGA device
[    0.317984] pci 0000:00:02.0: vgaarb: bridge control possible
[    0.317984] pci 0000:00:02.0: vgaarb: VGA device added: decodes=io+mem,owns=io+mem,locks=none
[    0.317987] vgaarb: loaded
[    0.318278] hpet0: at MMIO 0xfed00000, IRQs 2, 8, 0
[    0.318584] hpet0: 3 comparators, 64-bit 100.000000 MHz counter
[    0.321009] clocksource: Switched to clocksource kvm-clock
[    0.321853] VFS: Disk quotas dquot_6.6.0
[    0.322135] VFS: Dquot-cache hash table entries: 512 (order 0, 4096 bytes)
[    0.322714] AppArmor: AppArmor Filesystem Enabled
[    0.323049] pnp: PnP ACPI init
[    0.323372] system 00:05: [mem 0xb0000000-0xbfffffff window] has been reserved
[    0.324023] pnp: PnP ACPI: found 6 devices
[    0.329441] clocksource: acpi_pm: mask: 0xffffff max_cycles: 0xffffff, max_idle_ns: 2085701024 ns
[    0.330091] NET: Registered PF_INET protocol family
[    0.330646] IP idents hash table entries: 32768 (order: 6, 262144 bytes, linear)
[    0.340324] tcp_listen_portaddr_hash hash table entries: 1024 (order: 2, 16384 bytes, linear)
[    0.340879] Table-perturb hash table entries: 65536 (order: 6, 262144 bytes, linear)
[    0.341373] TCP established hash table entries: 16384 (order: 5, 131072 bytes, linear)
[    0.341879] TCP bind hash table entries: 16384 (order: 7, 524288 bytes, linear)
[    0.342361] TCP: Hash tables configured (established 16384 bind 16384)
[    0.342779] MPTCP token hash table entries: 2048 (order: 3, 49152 bytes, linear)
[    0.343233] UDP hash table entries: 1024 (order: 3, 32768 bytes, linear)
[    0.343677] UDP-Lite hash table entries: 1024 (order: 3, 32768 bytes, linear)
[    0.344196] NET: Registered PF_UNIX/PF_LOCAL protocol family
[    0.344553] NET: Registered PF_XDP protocol family
[    0.344847] pci_bus 0000:00: resource 4 [io  0x0000-0x0cf7 window]
[    0.345218] pci_bus 0000:00: resource 5 [io  0x0d00-0xffff window]
[    0.345588] pci_bus 0000:00: resource 6 [mem 0x000a0000-0x000bffff window]
[    0.345997] pci_bus 0000:00: resource 7 [mem 0x80000000-0xafffffff window]
[    0.346407] pci_bus 0000:00: resource 8 [mem 0xc0000000-0xfebfffff window]
[    0.346818] pci_bus 0000:00: resource 9 [mem 0x100000000-0x8ffffffff window]
[    0.347414] ACPI: \_SB_.GSIH: Enabled at IRQ 23
[    0.348067] PCI: CLS 0 bytes, default 64
[    0.348379] Trying to unpack rootfs image as initramfs...
[    0.348758] clocksource: tsc: mask: 0xffffffffffffffff max_cycles: 0x28680fa287f, max_idle_ns: 440795281151 ns
[    0.350765] Initialise system trusted keyrings
[    0.351089] Key type blacklist registered
[    0.352498] workingset: timestamp_bits=36 max_order=19 bucket_order=0
[    0.352947] zbud: loaded
[    0.354626] squashfs: version 4.0 (2009/01/31) Phillip Lougher
[    0.355092] fuse: init (API version 7.39)
[    0.355424] integrity: Platform Keyring initialized
[    0.355721] integrity: Machine keyring initialized
[    0.368466] Key type asymmetric registered
[    0.368724] Asymmetric key parser 'x509' registered
[    0.369029] Block layer SCSI generic (bsg) driver version 0.4 loaded (major 243)
[    0.370526] io scheduler mq-deadline registered
[    0.370880] shpchp: Standard Hot Plug PCI Controller Driver version: 0.4
[    0.371375] input: Power Button as /devices/LNXSYSTM:00/LNXPWRBN:00/input/input0
[    0.373600] ACPI: button: Power Button [PWRF]
[    0.374117] ACPI: \_SB_.GSIF: Enabled at IRQ 21
[    0.376010] ACPI: \_SB_.GSIG: Enabled at IRQ 22
[    0.378016] Serial: 8250/16550 driver, 32 ports, IRQ sharing enabled
[    0.423569] 00:03: ttyS0 at I/O 0x3f8 (irq = 4, base_baud = 115200) is a 16550A
[    0.426140] Linux agpgart interface v0.103
[    0.427969] loop: module loaded
[    0.428308] ACPI: bus type drm_connector registered
[    0.429621] tun: Universal TUN/TAP device driver, 1.6
[    0.431575] PPP generic driver version 2.4.2
[    0.431955] i8042: PNP: PS/2 Controller [PNP0303:KBD,PNP0f13:MOU] at 0x60,0x64 irq 1,12
[    0.433949] serio: i8042 KBD port at 0x60,0x64 irq 1
[    0.434309] serio: i8042 AUX port at 0x60,0x64 irq 12
[    0.435527] mousedev: PS/2 mouse device common for all mice
[    0.436644] input: AT Translated Set 2 keyboard as /devices/platform/i8042/serio0/input/input1
[    0.437305] rtc_cmos 00:04: RTC can wake from S4
[    0.438540] rtc_cmos 00:04: registered as rtc0
[    0.438848] rtc_cmos 00:04: setting system clock to 2026-03-08T02:14:41 UTC (1772936081)
[    0.439406] rtc_cmos 00:04: alarms up to one day, y3k, 242 bytes nvram, hpet irqs
[    0.441574] i2c_dev: i2c /dev entries driver
[    0.441891] device-mapper: core: CONFIG_IMA_DISABLE_HTABLE is disabled. Duplicate IMA measurements will not be recorded in the IMA log.
[    0.443582] device-mapper: uevent: version 1.0.3
[    0.444476] device-mapper: ioctl: 4.48.0-ioctl (2023-03-01) initialised: dm-devel@redhat.com
[    0.445059] intel_pstate: CPU model not supported
[    0.446599] ledtrig-cpu: registered to indicate activity on CPUs
[    0.447067] drop_monitor: Initializing network drop monitor service
[    0.448564] NET: Registered PF_INET6 protocol family
[    1.783737] Freeing initrd memory: 165780K
[    1.784195] Segment Routing with IPv6
[    1.784440] In-situ OAM (IOAM) with IPv6
[    1.784707] NET: Registered PF_PACKET protocol family
[    1.785030] Key type dns_resolver registered
[    1.785428] IPI shorthand broadcast: enabled
[    1.786579] sched_clock: Marking stable (1718001169, 68458609)->(1802447693, -15987915)
[    1.787208] registered taskstats version 1
[    1.787601] Loading compiled-in X.509 certificates
[    1.788263] Loaded X.509 cert 'Build time autogenerated kernel key: 7f71bdefc17a4d88631555bf9efbb1c93d6f5260'
[    1.789196] Loaded X.509 cert 'Canonical Ltd. Live Patch Signing 2025 Kmod: d541cef61dc7e793b7eb7e899970a2eef0b5dc8c'
[    1.790241] Loaded X.509 cert 'Canonical Ltd. Live Patch Signing: 14df34d1a87cf37625abec039ef2bf521249b969'
[    1.791305] Loaded X.509 cert 'Canonical Ltd. Kernel Module Signing: 88f752e560a1e0737e31163a466ad7b70a850c19'
[    1.791988] blacklist: Loading compiled-in revocation X.509 certificates
[    1.792432] Loaded X.509 cert 'Canonical Ltd. Secure Boot Signing: 61482aa2830d0ab2ad5af10b7250da9033ddcef0'
[    1.793025] Loaded X.509 cert 'Canonical Ltd. Secure Boot Signing (2017): 242ade75ac4a15e50d50c84b0d45ff3eae707a03'
[    1.793676] Loaded X.509 cert 'Canonical Ltd. Secure Boot Signing (ESM 2018): 365188c1d374d6b07c3c8f240f8ef722433d6a8b'
[    1.794374] Loaded X.509 cert 'Canonical Ltd. Secure Boot Signing (2019): c0746fd6c5da3ae827864651ad66ae47fe24b3e8'
[    1.795107] Loaded X.509 cert 'Canonical Ltd. Secure Boot Signing (2021 v1): a8d54bbb3825cfb94fa13c9f8a594a195c107b8d'
[    1.795849] Loaded X.509 cert 'Canonical Ltd. Secure Boot Signing (2021 v2): 4cf046892d6fd3c9a5b03f98d845f90851dc6a8c'
[    1.796623] Loaded X.509 cert 'Canonical Ltd. Secure Boot Signing (2021 v3): 100437bb6de6e469b581e61cd66bce3ef4ed53af'
[    1.797361] Loaded X.509 cert 'Canonical Ltd. Secure Boot Signing (Ubuntu Core 2019): c1d57b8f6b743f23ee41f4f7ee292f06eecadfb9'
[    1.800152] Key type .fscrypt registered
[    1.800444] Key type fscrypt-provisioning registered
[    1.800978] Key type encrypted registered
[    1.801308] AppArmor: AppArmor sha256 policy hashing enabled
[    1.801725] ima: No TPM chip found, activating TPM-bypass!
[    1.802100] Loading compiled-in module X.509 certificates
[    1.802784] Loaded X.509 cert 'Build time autogenerated kernel key: 7f71bdefc17a4d88631555bf9efbb1c93d6f5260'
[    1.803421] ima: Allocated hash algorithm: sha256
[    1.803774] ima: No architecture policies found
[    1.804090] evm: Initialising EVM extended attributes:
[    1.804433] evm: security.selinux
[    1.804636] evm: security.SMACK64
[    1.804836] evm: security.SMACK64EXEC
[    1.805057] evm: security.SMACK64TRANSMUTE
[    1.805334] evm: security.SMACK64MMAP
[    1.805557] evm: security.apparmor
[    1.805763] evm: security.ima
[    1.805943] evm: security.capability
[    1.806162] evm: HMAC attrs: 0x1
[    1.806569] PM:   Magic number: 2:957:206
[    1.808928] RAS: Correctable Errors collector initialized.
[    1.809330] clk: Disabling unused clocks
[    1.815362] Freeing unused decrypted memory: 2028K
[    1.815944] Freeing unused kernel image (initmem) memory: 4920K
[    1.816228] Write protecting the kernel read-only data: 38912k
[    1.816770] Freeing unused kernel image (rodata/data gap) memory: 1984K
[    1.824989] x86/mm: Checked W+X mappings: passed, no W+X pages found.
[    1.825312] Run /init as init process
[init-phase3] booted
[init-phase3] loading module=/lib/modules/6.8.0-101-generic/kernel/drivers/virtio/virtio_dma_buf.ko
[init-phase3] loading module=/lib/modules/6.8.0-101-generic/kernel/drivers/gpu/drm/virtio/virtio-gpu.ko
[    1.831608] [drm] pci: virtio-vga detected at 0000:00:02.0
[    1.831863] virtio-pci 0000:00:02.0: vgaarb: deactivate vga console
[    1.836447] Console: switching to colour dummy device 80x25
[    1.836779] [drm] features: -virgl +edid -resource_blob -host_visible
[    1.836780] [drm] features: -context_init
[    1.837631] [drm] number of scanouts: 1
[    1.837822] [drm] number of cap sets: 0
[    1.838171] [drm] Initialized virtio_gpu 0.1.0 0 for 0000:00:02.0 on minor 0
[    1.840035] fbcon: virtio_gpudrmfb (fb0) is primary device
[    1.842308] Console: switching to colour frame buffer device 160x50
[    1.844122] virtio-pci 0000:00:02.0: [drm] fb0: virtio_gpudrmfb frame buffer device
[init-phase3] loading module=/lib/modules/6.8.0-101-generic/kernel/drivers/hid/hid.ko
[    1.849660] hid: raw HID events driver (C) Jiri Kosina
[init-phase3] loading module=/lib/modules/6.8.0-101-generic/kernel/drivers/hid/hid-generic.ko
[init-phase3] loading module=/lib/modules/6.8.0-101-generic/kernel/drivers/hid/usbhid/usbhid.ko
[    1.852828] usbcore: registered new interface driver usbhid
[    1.853158] usbhid: USB HID core driver
[init-phase3] loading module=/lib/modules/6.8.0-101-generic/kernel/drivers/hid/usbhid/usbkbd.ko
[    1.854584] usbcore: registered new interface driver usbkbd
[init-phase3] loading module=/lib/modules/6.8.0-101-generic/kernel/drivers/hid/usbhid/usbmouse.ko
[    1.855966] usbcore: registered new interface driver usbmouse
[init-phase3] loading module=/lib/modules/6.8.0-101-generic/kernel/drivers/input/mouse/psmouse.ko
[    1.859244] input: VirtualPS/2 VMware VMMouse as /devices/platform/i8042/serio1/input/input4
[init-phase3] loading module=/lib/modules/6.8.0-101-generic/kernel/drivers/usb/host/xhci-pci-renesas.ko
[    1.860395] input: VirtualPS/2 VMware VMMouse as /devices/platform/i8042/serio1/input/input3
[init-phase3] loading module=/lib/modules/6.8.0-101-generic/kernel/drivers/usb/host/xhci-pci.ko
[    1.862705] xhci_hcd 0000:00:03.0: xHCI Host Controller
[    1.862969] xhci_hcd 0000:00:03.0: new USB bus registered, assigned bus number 1
[    1.863484] xhci_hcd 0000:00:03.0: hcc params 0x00087001 hci version 0x100 quirks 0x0000000000000010
[    1.864134] xhci_hcd 0000:00:03.0: xHCI Host Controller
[    1.864394] xhci_hcd 0000:00:03.0: new USB bus registered, assigned bus number 2
[    1.864747] xhci_hcd 0000:00:03.0: Host supports USB 3.0 SuperSpeed
[    1.865081] usb usb1: New USB device found, idVendor=1d6b, idProduct=0002, bcdDevice= 6.08
[    1.865482] usb usb1: New USB device strings: Mfr=3, Product=2, SerialNumber=1
[    1.865827] usb usb1: Product: xHCI Host Controller
[    1.866059] usb usb1: Manufacturer: Linux 6.8.0-101-generic xhci-hcd
[    1.866361] usb usb1: SerialNumber: 0000:00:03.0
[    1.866610] hub 1-0:1.0: USB hub found
[    1.866784] hub 1-0:1.0: 4 ports detected
[    1.867051] usb usb2: We don't know the algorithms for LPM for this host, disabling LPM.
[    1.867445] usb usb2: New USB device found, idVendor=1d6b, idProduct=0003, bcdDevice= 6.08
[    1.867833] usb usb2: New USB device strings: Mfr=3, Product=2, SerialNumber=1
[    1.868177] usb usb2: Product: xHCI Host Controller
[    1.868381] usb usb2: Manufacturer: Linux 6.8.0-101-generic xhci-hcd
[    1.868678] usb usb2: SerialNumber: 0000:00:03.0
[    1.868906] hub 2-0:1.0: USB hub found
[    1.869077] hub 2-0:1.0: 4 ports detected
Starting systemd-udevd version 255.4-1ubuntu8.8
total 0
drwxr-xr-x    2 root     root            80 Mar  8 02:14 by-path
crw-rw----    1 root     video     226,   0 Mar  8 02:14 card0
crw-rw----    1 root     root      226, 128 Mar  8 02:14 renderD128
total 0
drwxr-xr-x    2 root     root           100 Mar  8 02:14 by-path
crw-rw----    1 root     input      13,  64 Mar  8 02:14 event0
crw-rw----    1 root     input      13,  65 Mar  8 02:14 event1
crw-rw----    1 root     input      13,  66 Mar  8 02:14 event2
crw-rw----    1 root     input      13,  67 Mar  8 02:14 event3
crw-rw----    1 root     input      13,  63 Mar  8 02:14 mice
crw-rw----    1 root     input      13,  32 Mar  8 02:14 mouse0
crw-rw----    1 root     input      13,  33 Mar  8 02:14 mouse1
[init-phase3] seatd pid=122
[init-phase3] weston pid=123
[init-phase3] wayland ready
Date: 2026-03-08 UTC
[02:14:42.969] weston 13.0.0
               https://wayland.freedesktop.org
               Bug reports to: https://gitlab.freedesktop.org/wayland/weston/issues/
               Build: 13.0.0
[02:14:42.969] Command line: /usr/bin/weston --backend=drm --renderer=pixman --shell=kiosk-shell.so --socket=wayland-1 --continue-without-input --log=/var/log/weston.log
[02:14:42.969] OS: Linux, 6.8.0-101-generic, #101-Ubuntu SMP PREEMPT_DYNAMIC Mon Feb  9 10:15:05 UTC 2026, x86_64
[02:14:42.969] Flight recorder: enabled
[02:14:42.970] Using config file '/etc/xdg/weston/weston.ini'
[02:14:42.970] Output repaint window is 7 ms maximum.
[02:14:42.970] Loading module '/usr/lib/x86_64-linux-gnu/libweston-13/drm-backend.so'
[02:14:42.970] initializing drm backend
[02:14:42.970] Trying libseat launcher...
[02:14:42.970] [libseat/libseat.c:62] Seat opened with backend 'seatd'
[02:14:42.970] [libseat/backend/seatd.c:212] Enabling seat
[02:14:42.970] libseat: session control granted
[02:14:42.971] using /dev/dri/card0
[02:14:42.971] DRM: supports atomic modesetting
[02:14:42.971] DRM: does not support GBM modifiers
[02:14:42.971] DRM: does not support async page flipping
[02:14:42.971] DRM: supports picture aspect ratio
[02:14:42.971] Using Pixman renderer
[02:14:42.972] event0  - Power Button: is tagged by udev as: Keyboard
[02:14:42.972] event0  - Power Button: device is a keyboard
[02:14:42.973] event1  - AT Translated Set 2 keyboard: is tagged by udev as: Keyboard
[02:14:42.973] event1  - AT Translated Set 2 keyboard: device is a keyboard
[02:14:42.973] event3  - VirtualPS/2 VMware VMMouse: is tagged by udev as: Mouse
[02:14:42.973] event3  - VirtualPS/2 VMware VMMouse: device is a pointer
[02:14:42.974] event2  - VirtualPS/2 VMware VMMouse: is tagged by udev as: Mouse
[02:14:42.974] event2  - VirtualPS/2 VMware VMMouse: device is a pointer
[02:14:42.976] libinput: configuring device "Power Button".
[02:14:42.976] libinput: configuring device "AT Translated Set 2 keyboard".
[02:14:42.976] libinput: configuring device "VirtualPS/2 VMware VMMouse".
[02:14:42.976] libinput: configuring device "VirtualPS/2 VMware VMMouse".
[02:14:42.976] input device event2 has no enabled output associated (none named), skipping calibration for now.
[02:14:42.976] DRM: head 'Virtual-1' found, connector 36 is connected, EDID make 'RHT', model 'QEMU Monitor', serial ''
               Supported EOTF modes: SDR
[02:14:42.976] Registered plugin API 'weston_drm_output_api_v1' of size 40
[02:14:42.976] Registered plugin API 'weston_drm_virtual_output_api_v2' of size 48
[02:14:42.976] Color manager: no-op
[02:14:42.976] Output 'Virtual-1' attempts EOTF mode: SDR
[02:14:42.976] Output 'Virtual-1' using color profile: stock sRGB color profile
[02:14:42.978] DRM: output Virtual-1 uses shadow framebuffer.
[02:14:42.978] Output Virtual-1 (crtc 35) video modes:
               1280x800@75.0, preferred, current, 107.3 MHz
               5120x2160@50.0 64:27, 742.5 MHz
               4096x2160@50.0 256:135, 594.0 MHz
               3840x2160@60.0 16:9, 594.0 MHz
               3840x2160@59.9 16:9, 593.4 MHz
               3840x2160@50.0 16:9, 594.0 MHz
               1920x1440@60.0, 234.0 MHz
               2560x1080@50.0 64:27, 185.6 MHz
               1856x1392@60.0, 218.2 MHz
               1792x1344@60.0, 204.8 MHz
               2048x1152@60.0, 162.0 MHz
               1920x1200@59.9, 193.2 MHz
               1920x1080@60.0, 148.5 MHz
               1920x1080@50.0 16:9, 148.5 MHz
               1600x1200@60.0, 162.0 MHz
               1680x1050@60.0, 146.2 MHz
               1400x1050@60.0, 121.8 MHz
               1280x1024@60.0, 108.0 MHz
               1440x900@59.9, 106.5 MHz
               1280x960@60.0, 108.0 MHz
               1360x768@60.0, 85.5 MHz
               1280x768@59.9, 79.5 MHz
               1024x768@60.0, 65.0 MHz
               800x600@60.3, 40.0 MHz
               640x480@60.0 4:3, 25.2 MHz
               640x480@59.9, 25.2 MHz
[02:14:42.978] associating input device event0 with output Virtual-1 (none by udev)
[02:14:42.978] associating input device event1 with output Virtual-1 (none by udev)
[02:14:42.978] associating input device event3 with output Virtual-1 (none by udev)
[02:14:42.978] associating input device event2 with output Virtual-1 (none by udev)
[02:14:42.978] Output 'Virtual-1' enabled with head(s) Virtual-1
[02:14:42.978] Compositor capabilities:
               arbitrary surface rotation: yes
               screen capture uses y-flip: no
               cursor planes: yes
               arbitrary resolutions: no
               view mask clipping: yes
               explicit sync: no
               color operations: no
               presentation clock: CLOCK_MONOTONIC, id 1
               presentation clock resolution: 0.000000001 s
[02:14:42.978] Loading module '/usr/lib/x86_64-linux-gnu/weston/kiosk-shell.so'
[init-phase3] launching chromium url=data:text/html;base64,PCFkb2N0eXBlIGh0bWw+PGh0bWw+PGJvZHkgc3R5bGU9Im1hcmdpbjowO2JhY2tncm91bmQ6d2hpdGU7Zm9udC1mYW1pbHk6RGVqYVZ1IFNhbnMsIHNhbnMtc2VyaWYiPjxpbnB1dCBpZD0iaSIgYXV0b2ZvY3VzIHN0eWxlPSJkaXNwbGF5OmJsb2NrO3dpZHRoOjk1dnc7aGVpZ2h0OjEyMHB4O2ZvbnQtc2l6ZTo3MnB4O21hcmdpbjoyMHB4IGF1dG8iIHZhbHVlPSIiPjxidXR0b24gaWQ9ImIiIG9uY2xpY2s9ImRvY3VtZW50LmJvZHkuc3R5bGUuYmFja2dyb3VuZD0nbGltZSc7ZG9jdW1lbnQuZ2V0RWxlbWVudEJ5SWQoJ3MnKS50ZXh0Q29udGVudD0nY2xpY2tlZCciIHN0eWxlPSJkaXNwbGF5OmJsb2NrO2ZvbnQtc2l6ZTo2NHB4O21hcmdpbjoyMHB4IGF1dG8iPkNMSUNLPC9idXR0b24+PGRpdiBpZD0icyIgc3R5bGU9ImZvbnQtc2l6ZTo3MnB4O3RleHQtYWxpZ246Y2VudGVyIj5pZGxlPC9kaXY+PC9ib2R5PjwvaHRtbD4= runtime=35
[init-phase3] chromium pid=127
[    2.106478] usb 1-1: new high-speed USB device number 2 using xhci_hcd
[    2.238824] usb 1-1: New USB device found, idVendor=0627, idProduct=0001, bcdDevice= 0.00
[    2.239230] usb 1-1: New USB device strings: Mfr=1, Product=4, SerialNumber=11
[    2.239538] usb 1-1: Product: QEMU USB Keyboard
[    2.239729] usb 1-1: Manufacturer: QEMU
[    2.239893] usb 1-1: SerialNumber: 68284-0000:00:03.0-1
[    2.269653] input: QEMU QEMU USB Keyboard as /devices/pci0000:00/0000:00:03.0/usb1/1-1/1-1:1.0/0003:0627:0001.0001/input/input5
[    2.330566] hid-generic 0003:0627:0001.0001: input,hidraw0: USB HID v1.11 Keyboard [QEMU QEMU USB Keyboard] on usb-0000:00:03.0-1/input0
[    2.452527] usb 1-2: new high-speed USB device number 3 using xhci_hcd
[    2.581273] usb 1-2: New USB device found, idVendor=0627, idProduct=0001, bcdDevice= 0.00
[    2.582683] usb 1-2: New USB device strings: Mfr=1, Product=3, SerialNumber=10
[    2.583828] usb 1-2: Product: QEMU USB Tablet
[    2.584494] usb 1-2: Manufacturer: QEMU
[    2.585062] usb 1-2: SerialNumber: 28754-0000:00:03.0-2
[    2.588296] input: QEMU QEMU USB Tablet as /devices/pci0000:00/0000:00:03.0/usb1/1-2/1-2:1.0/0003:0627:0001.0002/input/input6
[    2.590330] hid-generic 0003:0627:0001.0002: input,hidraw1: USB HID v0.01 Mouse [QEMU QEMU USB Tablet] on usb-0000:00:03.0-2/input0
MESA-LOADER: failed to open dri: /usr/lib/x86_64-linux-gnu/gbm/dri_gbm.so: cannot open shared object file: No such file or directory (search paths /usr/lib/x86_64-linux-gnu/gbm, suffix _gbm)
[127:145:0308/021443.153927:ERROR:dbus/bus.cc:405] Failed to connect to the bus: Failed to connect to socket /run/dbus/system_bus_socket: No such file or directory
[127:145:0308/021443.158063:ERROR:dbus/bus.cc:405] Failed to connect to the bus: Could not parse server address: Unknown address type (examples of valid types are "tcp" and on UNIX "unix")
[127:145:0308/021443.158086:ERROR:dbus/bus.cc:405] Failed to connect to the bus: Failed to connect to socket /run/dbus/system_bus_socket: No such file or directory
[127:145:0308/021443.158094:ERROR:dbus/bus.cc:405] Failed to connect to the bus: Failed to connect to socket /run/dbus/system_bus_socket: No such file or directory
MESA-LOADER: failed to open dri: /usr/lib/x86_64-linux-gnu/gbm/dri_gbm.so: cannot open shared object file: No such file or directory (search paths /usr/lib/x86_64-linux-gnu/gbm, suffix _gbm)
[159:159:0308/021443.166874:ERROR:media/gpu/vaapi/vaapi_wrapper.cc:1626] vaInitialize failed: unknown libva error
[127:145:0308/021443.187395:ERROR:dbus/bus.cc:405] Failed to connect to the bus: Could not parse server address: Unknown address type (examples of valid types are "tcp" and on UNIX "unix")

(process:127): GLib-GIO-CRITICAL **: 02:14:43.201: g_settings_schema_source_lookup: assertion 'source != NULL' failed
[127:145:0308/021443.204378:ERROR:dbus/bus.cc:405] Failed to connect to the bus: Could not parse server address: Unknown address type (examples of valid types are "tcp" and on UNIX "unix")
[127:145:0308/021443.204402:ERROR:dbus/bus.cc:405] Failed to connect to the bus: Could not parse server address: Unknown address type (examples of valid types are "tcp" and on UNIX "unix")
[127:127:0308/021443.259492:ERROR:dbus/object_proxy.cc:572] Failed to call method: org.freedesktop.DBus.NameHasOwner: object_path= /org/freedesktop/DBus: unknown error type: 
[127:145:0308/021443.259680:ERROR:dbus/bus.cc:405] Failed to connect to the bus: Could not parse server address: Unknown address type (examples of valid types are "tcp" and on UNIX "unix")
[127:127:0308/021443.264756:ERROR:dbus/object_proxy.cc:572] Failed to call method: org.freedesktop.DBus.NameHasOwner: object_path= /org/freedesktop/DBus: unknown error type: 
[127:127:0308/021443.267152:ERROR:dbus/object_proxy.cc:572] Failed to call method: org.freedesktop.DBus.NameHasOwner: object_path= /org/freedesktop/DBus: unknown error type: 
[127:127:0308/021443.267644:ERROR:dbus/object_proxy.cc:572] Failed to call method: org.freedesktop.DBus.NameHasOwner: object_path= /org/freedesktop/DBus: unknown error type: 
[127:145:0308/021443.267639:ERROR:dbus/bus.cc:405] Failed to connect to the bus: Could not parse server address: Unknown address type (examples of valid types are "tcp" and on UNIX "unix")
[127:145:0308/021443.274831:ERROR:dbus/bus.cc:405] Failed to connect to the bus: Failed to connect to socket /run/dbus/system_bus_socket: No such file or directory
[127:145:0308/021443.274860:ERROR:dbus/bus.cc:405] Failed to connect to the bus: Failed to connect to socket /run/dbus/system_bus_socket: No such file or directory
[127:127:0308/021443.274878:ERROR:dbus/object_proxy.cc:572] Failed to call method: org.freedesktop.DBus.NameHasOwner: object_path= /org/freedesktop/DBus: unknown error type: 
[127:127:0308/021443.279978:ERROR:dbus/object_proxy.cc:572] Failed to call method: org.freedesktop.DBus.NameHasOwner: object_path= /org/freedesktop/DBus: unknown error type: 
[127:127:0308/021443.280874:ERROR:dbus/object_proxy.cc:572] Failed to call method: org.freedesktop.DBus.Properties.GetAll: object_path= /org/freedesktop/UPower/devices/DisplayDevice: unknown error type: 
[127:145:0308/021443.281161:ERROR:dbus/bus.cc:405] Failed to connect to the bus: Could not parse server address: Unknown address type (examples of valid types are "tcp" and on UNIX "unix")
[127:127:0308/021443.283880:ERROR:dbus/object_proxy.cc:572] Failed to call method: org.freedesktop.DBus.NameHasOwner: object_path= /org/freedesktop/DBus: unknown error type: 
[127:145:0308/021443.284409:ERROR:dbus/bus.cc:405] Failed to connect to the bus: Could not parse server address: Unknown address type (examples of valid types are "tcp" and on UNIX "unix")
[127:127:0308/021443.285908:ERROR:dbus/object_proxy.cc:572] Failed to call method: org.freedesktop.DBus.NameHasOwner: object_path= /org/freedesktop/DBus: unknown error type: 
[127:145:0308/021443.286677:ERROR:dbus/bus.cc:405] Failed to connect to the bus: Could not parse server address: Unknown address type (examples of valid types are "tcp" and on UNIX "unix")
[127:127:0308/021443.288494:ERROR:dbus/object_proxy.cc:572] Failed to call method: org.freedesktop.DBus.NameHasOwner: object_path= /org/freedesktop/DBus: unknown error type: 
[init-phase3] runtime limit reached, terminating chromium
[init-phase3] chromium exited
[   37.078103] ACPI: PM: Preparing to enter system sleep state S5
[   37.078434] reboot: Power down
