[    0.000000] Linux version 6.8.0-101-generic (buildd@lcy02-amd64-051) (x86_64-linux-gnu-gcc-13 (Ubuntu 13.3.0-6ubuntu2~24.04) 13.3.0, GNU ld (GNU Binutils for Ubuntu) 2.42) #101-Ubuntu SMP PREEMPT_DYNAMIC Mon Feb  9 10:15:05 UTC 2026 (Ubuntu 6.8.0-101.101-generic 6.8.12)
[    0.000000] Command line: console=ttyS0 panic=-1 no_console_suspend rdinit=/init phase3_runtime_seconds=14 phase3_fb_capture=1 phase3_fb_capture_pre_delay_seconds=6 phase3_url=data:text/html;base64,PCFkb2N0eXBlIGh0bWw+CjxodG1sPgogIDxib2R5IHN0eWxlPSJtYXJnaW46MDtiYWNrZ3JvdW5kOndoaXRlO2ZvbnQtZmFtaWx5OkRlamFWdSBTYW5zLCBzYW5zLXNlcmlmIj4KICAgIDxpbnB1dCBpZD0iaSIgYXV0b2ZvY3VzIHN0eWxlPSJkaXNwbGF5OmJsb2NrO3dpZHRoOjk1dnc7aGVpZ2h0OjEyMHB4O2ZvbnQtc2l6ZTo3MnB4O21hcmdpbjoyMHB4IGF1dG8iIHZhbHVlPSIiPgogICAgPGJ1dHRvbiBpZD0iYiIgb25jbGljaz0iZG9jdW1lbnQuYm9keS5zdHlsZS5iYWNrZ3JvdW5kPSdsaW1lJztkb2N1bWVudC5nZXRFbGVtZW50QnlJZCgncycpLnRleHRDb250ZW50PSdjbGlja2VkJyIgc3R5bGU9ImRpc3BsYXk6YmxvY2s7Zm9udC1zaXplOjY0cHg7bWFyZ2luOjIwcHggYXV0byI+Q0xJQ0s8L2J1dHRvbj4KICAgIDxkaXYgaWQ9InMiIHN0eWxlPSJmb250LXNpemU6NzJweDt0ZXh0LWFsaWduOmNlbnRlciI+aWRsZTwvZGl2PgogIDwvYm9keT4KPC9odG1sPgo=
[    0.000000] KERNEL supported cpus:
[    0.000000]   Intel GenuineIntel
[    0.000000]   AMD AuthenticAMD
[    0.000000]   Hygon HygonGenuine
[    0.000000]   Centaur CentaurHauls
[    0.000000]   zhaoxin   Shanghai  
[    0.000000] BIOS-provided physical RAM map:
[    0.000000] BIOS-e820: [mem 0x0000000000000000-0x000000000009fbff] usable
[    0.000000] BIOS-e820: [mem 0x000000000009fc00-0x000000000009ffff] reserved
[    0.000000] BIOS-e820: [mem 0x00000000000f0000-0x00000000000fffff] reserved
[    0.000000] BIOS-e820: [mem 0x0000000000100000-0x000000007ffddfff] usable
[    0.000000] BIOS-e820: [mem 0x000000007ffde000-0x000000007fffffff] reserved
[    0.000000] BIOS-e820: [mem 0x00000000b0000000-0x00000000bfffffff] reserved
[    0.000000] BIOS-e820: [mem 0x00000000fed1c000-0x00000000fed1ffff] reserved
[    0.000000] BIOS-e820: [mem 0x00000000feffc000-0x00000000feffffff] reserved
[    0.000000] BIOS-e820: [mem 0x00000000fffc0000-0x00000000ffffffff] reserved
[    0.000000] NX (Execute Disable) protection: active
[    0.000000] APIC: Static calls initialized
[    0.000000] SMBIOS 3.0.0 present.
[    0.000000] DMI: QEMU Standard PC (Q35 + ICH9, 2009), BIOS 1.16.3-debian-1.16.3-2 04/01/2014
[    0.000000] Hypervisor detected: KVM
[    0.000000] kvm-clock: Using msrs 4b564d01 and 4b564d00
[    0.000001] kvm-clock: using sched offset of 287290321 cycles
[    0.000003] clocksource: kvm-clock: mask: 0xffffffffffffffff max_cycles: 0x1cd42e4dffb, max_idle_ns: 881590591483 ns
[    0.000005] tsc: Detected 2803.200 MHz processor
[    0.000595] last_pfn = 0x7ffde max_arch_pfn = 0x400000000
[    0.000632] MTRR map: 4 entries (3 fixed + 1 variable; max 19), built from 8 variable MTRRs
[    0.000635] x86/PAT: Configuration [0-7]: WB  WC  UC- UC  WB  WP  UC- WT  
[    0.004603] found SMP MP-table at [mem 0x000f5470-0x000f547f]
[    0.004615] Using GB pages for direct mapping
[    0.004694] RAMDISK: [mem 0x75de8000-0x7ffcffff]
[    0.004701] ACPI: Early table checksum verification disabled
[    0.004703] ACPI: RSDP 0x00000000000F52B0 000014 (v00 BOCHS )
[    0.004707] ACPI: RSDT 0x000000007FFE2304 000038 (v01 BOCHS  BXPC     00000001 BXPC 00000001)
[    0.004711] ACPI: FACP 0x000000007FFE20FC 0000F4 (v03 BOCHS  BXPC     00000001 BXPC 00000001)
[    0.004715] ACPI: DSDT 0x000000007FFE0040 0020BC (v01 BOCHS  BXPC     00000001 BXPC 00000001)
[    0.004717] ACPI: FACS 0x000000007FFE0000 000040
[    0.004719] ACPI: APIC 0x000000007FFE21F0 000078 (v03 BOCHS  BXPC     00000001 BXPC 00000001)
[    0.004721] ACPI: HPET 0x000000007FFE2268 000038 (v01 BOCHS  BXPC     00000001 BXPC 00000001)
[    0.004723] ACPI: MCFG 0x000000007FFE22A0 00003C (v01 BOCHS  BXPC     00000001 BXPC 00000001)
[    0.004725] ACPI: WAET 0x000000007FFE22DC 000028 (v01 BOCHS  BXPC     00000001 BXPC 00000001)
[    0.004726] ACPI: Reserving FACP table memory at [mem 0x7ffe20fc-0x7ffe21ef]
[    0.004727] ACPI: Reserving DSDT table memory at [mem 0x7ffe0040-0x7ffe20fb]
[    0.004728] ACPI: Reserving FACS table memory at [mem 0x7ffe0000-0x7ffe003f]
[    0.004728] ACPI: Reserving APIC table memory at [mem 0x7ffe21f0-0x7ffe2267]
[    0.004729] ACPI: Reserving HPET table memory at [mem 0x7ffe2268-0x7ffe229f]
[    0.004730] ACPI: Reserving MCFG table memory at [mem 0x7ffe22a0-0x7ffe22db]
[    0.004730] ACPI: Reserving WAET table memory at [mem 0x7ffe22dc-0x7ffe2303]
[    0.004933] No NUMA configuration found
[    0.004934] Faking a node at [mem 0x0000000000000000-0x000000007ffddfff]
[    0.004939] NODE_DATA(0) allocated [mem 0x75dbd000-0x75de7fff]
[    0.005036] Zone ranges:
[    0.005036]   DMA      [mem 0x0000000000001000-0x0000000000ffffff]
[    0.005038]   DMA32    [mem 0x0000000001000000-0x000000007ffddfff]
[    0.005039]   Normal   empty
[    0.005039]   Device   empty
[    0.005040] Movable zone start for each node
[    0.005041] Early memory node ranges
[    0.005041]   node   0: [mem 0x0000000000001000-0x000000000009efff]
[    0.005042]   node   0: [mem 0x0000000000100000-0x000000007ffddfff]
[    0.005043] Initmem setup node 0 [mem 0x0000000000001000-0x000000007ffddfff]
[    0.005230] On node 0, zone DMA: 1 pages in unavailable ranges
[    0.005238] On node 0, zone DMA: 97 pages in unavailable ranges
[    0.009584] On node 0, zone DMA32: 34 pages in unavailable ranges
[    0.009808] ACPI: PM-Timer IO Port: 0x608
[    0.009819] ACPI: LAPIC_NMI (acpi_id[0xff] dfl dfl lint[0x1])
[    0.009848] IOAPIC[0]: apic_id 0, version 17, address 0xfec00000, GSI 0-23
[    0.009850] ACPI: INT_SRC_OVR (bus 0 bus_irq 0 global_irq 2 dfl dfl)
[    0.009851] ACPI: INT_SRC_OVR (bus 0 bus_irq 5 global_irq 5 high level)
[    0.009852] ACPI: INT_SRC_OVR (bus 0 bus_irq 9 global_irq 9 high level)
[    0.009852] ACPI: INT_SRC_OVR (bus 0 bus_irq 10 global_irq 10 high level)
[    0.009853] ACPI: INT_SRC_OVR (bus 0 bus_irq 11 global_irq 11 high level)
[    0.009856] ACPI: Using ACPI (MADT) for SMP configuration information
[    0.009857] ACPI: HPET id: 0x8086a201 base: 0xfed00000
[    0.009860] TSC deadline timer available
[    0.009861] smpboot: Allowing 1 CPUs, 0 hotplug CPUs
[    0.009876] kvm-guest: APIC: eoi() replaced with kvm_guest_apic_eoi_write()
[    0.009896] PM: hibernation: Registered nosave memory: [mem 0x00000000-0x00000fff]
[    0.009897] PM: hibernation: Registered nosave memory: [mem 0x0009f000-0x000fffff]
[    0.009898] [mem 0xc0000000-0xfed1bfff] available for PCI devices
[    0.009899] Booting paravirtualized kernel on KVM
[    0.009901] clocksource: refined-jiffies: mask: 0xffffffff max_cycles: 0xffffffff, max_idle_ns: 1910969940391419 ns
[    0.009908] setup_percpu: NR_CPUS:8192 nr_cpumask_bits:1 nr_cpu_ids:1 nr_node_ids:1
[    0.010213] percpu: Embedded 86 pages/cpu s229376 r8192 d114688 u2097152
[    0.010247] kvm-guest: PV spinlocks disabled, single CPU
[    0.010248] Kernel command line: console=ttyS0 panic=-1 no_console_suspend rdinit=/init phase3_runtime_seconds=14 phase3_fb_capture=1 phase3_fb_capture_pre_delay_seconds=6 phase3_url=data:text/html;base64,PCFkb2N0eXBlIGh0bWw+CjxodG1sPgogIDxib2R5IHN0eWxlPSJtYXJnaW46MDtiYWNrZ3JvdW5kOndoaXRlO2ZvbnQtZmFtaWx5OkRlamFWdSBTYW5zLCBzYW5zLXNlcmlmIj4KICAgIDxpbnB1dCBpZD0iaSIgYXV0b2ZvY3VzIHN0eWxlPSJkaXNwbGF5OmJsb2NrO3dpZHRoOjk1dnc7aGVpZ2h0OjEyMHB4O2ZvbnQtc2l6ZTo3MnB4O21hcmdpbjoyMHB4IGF1dG8iIHZhbHVlPSIiPgogICAgPGJ1dHRvbiBpZD0iYiIgb25jbGljaz0iZG9jdW1lbnQuYm9keS5zdHlsZS5iYWNrZ3JvdW5kPSdsaW1lJztkb2N1bWVudC5nZXRFbGVtZW50QnlJZCgncycpLnRleHRDb250ZW50PSdjbGlja2VkJyIgc3R5bGU9ImRpc3BsYXk6YmxvY2s7Zm9udC1zaXplOjY0cHg7bWFyZ2luOjIwcHggYXV0byI+Q0xJQ0s8L2J1dHRvbj4KICAgIDxkaXYgaWQ9InMiIHN0eWxlPSJmb250LXNpemU6NzJweDt0ZXh0LWFsaWduOmNlbnRlciI+aWRsZTwvZGl2PgogIDwvYm9keT4KPC9odG1sPgo=
[    0.010326] Unknown kernel command line parameters "phase3_runtime_seconds=14 phase3_fb_capture=1 phase3_fb_capture_pre_delay_seconds=6 phase3_url=data:text/html;base64,PCFkb2N0eXBlIGh0bWw+CjxodG1sPgogIDxib2R5IHN0eWxlPSJtYXJnaW46MDtiYWNrZ3JvdW5kOndoaXRlO2ZvbnQtZmFtaWx5OkRlamFWdSBTYW5zLCBzYW5zLXNlcmlmIj4KICAgIDxpbnB1dCBpZD0iaSIgYXV0b2ZvY3VzIHN0eWxlPSJkaXNwbGF5OmJsb2NrO3dpZHRoOjk1dnc7aGVpZ2h0OjEyMHB4O2ZvbnQtc2l6ZTo3MnB4O21hcmdpbjoyMHB4IGF1dG8iIHZhbHVlPSIiPgogICAgPGJ1dHRvbiBpZD0iYiIgb25jbGljaz0iZG9jdW1lbnQuYm9keS5zdHlsZS5iYWNrZ3JvdW5kPSdsaW1lJztkb2N1bWVudC5nZXRFbGVtZW50QnlJZCgncycpLnRleHRDb250ZW50PSdjbGlja2VkJyIgc3R5bGU9ImRpc3BsYXk6YmxvY2s7Zm9udC1zaXplOjY0cHg7bWFyZ2luOjIwcHggYXV0byI+Q0xJQ0s8L2J1dHRvbj4KICAgIDxkaXYgaWQ9InMiIHN0eWxlPSJmb250LXNpemU6NzJweDt0ZXh0LWFsaWduOmNlbnRlciI+aWRsZTwvZGl2PgogIDwvYm9keT4KPC9odG1sPgo=", will be passed to user space.
[    0.010370] random: crng init done
[    0.010647] Dentry cache hash table entries: 262144 (order: 9, 2097152 bytes, linear)
[    0.010711] Inode-cache hash table entries: 131072 (order: 8, 1048576 bytes, linear)
[    0.010741] Fallback order for Node 0: 0 
[    0.010744] Built 1 zonelists, mobility grouping on.  Total pages: 515806
[    0.010745] Policy zone: DMA32
[    0.010749] mem auto-init: stack:all(zero), heap alloc:on, heap free:off
[    0.014401] Memory: 1840204K/2096624K available (22528K kernel code, 4439K rwdata, 14400K rodata, 4920K init, 4788K bss, 256160K reserved, 0K cma-reserved)
[    0.015033] SLUB: HWalign=64, Order=0-3, MinObjects=0, CPUs=1, Nodes=1
[    0.015052] ftrace: allocating 58250 entries in 228 pages
[    0.022625] ftrace: allocated 228 pages with 4 groups
[    0.023546] Dynamic Preempt: voluntary
[    0.023816] rcu: Preemptible hierarchical RCU implementation.
[    0.023818] rcu: 	RCU restricting CPUs from NR_CPUS=8192 to nr_cpu_ids=1.
[    0.023819] 	Trampoline variant of Tasks RCU enabled.
[    0.023819] 	Rude variant of Tasks RCU enabled.
[    0.023820] 	Tracing variant of Tasks RCU enabled.
[    0.023820] rcu: RCU calculated value of scheduler-enlistment delay is 100 jiffies.
[    0.023821] rcu: Adjusting geometry for rcu_fanout_leaf=16, nr_cpu_ids=1
[    0.023828] RCU Tasks: Setting shift to 0 and lim to 1 rcu_task_cb_adjust=1 rcu_task_cpu_ids=1.
[    0.023830] RCU Tasks Rude: Setting shift to 0 and lim to 1 rcu_task_cb_adjust=1 rcu_task_cpu_ids=1.
[    0.023831] RCU Tasks Trace: Setting shift to 0 and lim to 1 rcu_task_cb_adjust=1 rcu_task_cpu_ids=1.
[    0.026344] NR_IRQS: 524544, nr_irqs: 256, preallocated irqs: 16
[    0.026537] rcu: srcu_init: Setting srcu_struct sizes based on contention.
[    0.033142] Console: colour VGA+ 80x25
[    0.033171] printk: legacy console [ttyS0] enabled
[    0.097629] ACPI: Core revision 20230628
[    0.098041] clocksource: hpet: mask: 0xffffffff max_cycles: 0xffffffff, max_idle_ns: 19112604467 ns
[    0.098786] APIC: Switch to symmetric I/O mode setup
[    0.099313] x2apic enabled
[    0.099754] APIC: Switched APIC routing to: physical x2apic
[    0.100967] ..TIMER: vector=0x30 apic1=0 pin1=2 apic2=-1 pin2=-1
[    0.101369] clocksource: tsc-early: mask: 0xffffffffffffffff max_cycles: 0x28680fa287f, max_idle_ns: 440795281151 ns
[    0.102134] Calibrating delay loop (skipped) preset value.. 5606.40 BogoMIPS (lpj=2803200)
[    0.103251] x86/cpu: User Mode Instruction Prevention (UMIP) activated
[    0.103820] Last level iTLB entries: 4KB 0, 2MB 0, 4MB 0
[    0.104132] Last level dTLB entries: 4KB 0, 2MB 0, 4MB 0, 1GB 0
[    0.104581] Spectre V1 : Mitigation: usercopy/swapgs barriers and __user pointer sanitization
[    0.105136] Spectre V2 : Spectre BHI mitigation: SW BHB clearing on vm exit
[    0.105596] Spectre V2 : Spectre BHI mitigation: SW BHB clearing on syscall
[    0.106132] Spectre V2 : Mitigation: Enhanced / Automatic IBRS
[    0.106519] Spectre V2 : Spectre v2 / PBRSB-eIBRS: Retire a single CALL on VMEXIT
[    0.107133] Spectre V2 : mitigation: Enabling conditional Indirect Branch Prediction Barrier
[    0.107687] Speculative Store Bypass: Mitigation: Speculative Store Bypass disabled via prctl
[    0.108133] ITS: WARNING: ITS mitigation depends on retpoline and rethunk support
[    0.108625] ITS: Vulnerable
[    0.108838] x86/fpu: Supporting XSAVE feature 0x001: 'x87 floating point registers'
[    0.109132] x86/fpu: Supporting XSAVE feature 0x002: 'SSE registers'
[    0.109582] x86/fpu: Supporting XSAVE feature 0x004: 'AVX registers'
[    0.110132] x86/fpu: Supporting XSAVE feature 0x020: 'AVX-512 opmask'
[    0.110596] x86/fpu: Supporting XSAVE feature 0x040: 'AVX-512 Hi256'
[    0.111132] x86/fpu: Supporting XSAVE feature 0x080: 'AVX-512 ZMM_Hi256'
[    0.111595] x86/fpu: Supporting XSAVE feature 0x200: 'Protection Keys User registers'
[    0.112132] x86/fpu: xstate_offset[2]:  576, xstate_sizes[2]:  256
[    0.112560] x86/fpu: xstate_offset[5]:  832, xstate_sizes[5]:   64
[    0.113132] x86/fpu: xstate_offset[6]:  896, xstate_sizes[6]:  512
[    0.113553] x86/fpu: xstate_offset[7]: 1408, xstate_sizes[7]: 1024
[    0.114132] x86/fpu: xstate_offset[9]: 2432, xstate_sizes[9]:    8
[    0.114555] x86/fpu: Enabled xstate features 0x2e7, context size is 2440 bytes, using 'compacted' format.
[    0.138212] Freeing SMP alternatives memory: 48K
[    0.138559] pid_max: default: 32768 minimum: 301
[    0.138927] LSM: initializing lsm=lockdown,capability,landlock,yama,apparmor,integrity
[    0.139141] landlock: Up and running.
[    0.139391] Yama: becoming mindful.
[    0.139647] AppArmor: AppArmor initialized
[    0.140156] Mount-cache hash table entries: 4096 (order: 3, 32768 bytes, linear)
[    0.140594] Mountpoint-cache hash table entries: 4096 (order: 3, 32768 bytes, linear)
[    0.141346] smpboot: CPU0: 11th Gen Intel(R) Core(TM) i7-1165G7 @ 2.80GHz (family: 0x6, model: 0x8c, stepping: 0x1)
[    0.142136] Performance Events: Icelake events, full-width counters, Intel PMU driver.
[    0.142707] ... version:                2
[    0.142984] ... bit width:              48
[    0.143133] ... generic registers:      8
[    0.143411] ... value mask:             0000ffffffffffff
[    0.143784] ... max period:             00007fffffffffff
[    0.144133] ... fixed-purpose events:   3
[    0.144432] ... event mask:             00000007000000ff
[    0.144820] signal: max sigframe size: 3632
[    0.145105] rcu: Hierarchical SRCU implementation.
[    0.145133] rcu: 	Max phase no-delay instances is 400.
[    0.145647] smp: Bringing up secondary CPUs ...
[    0.145933] smp: Brought up 1 node, 1 CPU
[    0.146137] smpboot: Max logical packages: 1
[    0.146399] smpboot: Total of 1 processors activated (5606.40 BogoMIPS)
[    0.146985] devtmpfs: initialized
[    0.147160] x86/mm: Memory block size: 128MB
[    0.147662] clocksource: jiffies: mask: 0xffffffff max_cycles: 0xffffffff, max_idle_ns: 1911260446275000 ns
[    0.148136] futex hash table entries: 256 (order: 2, 16384 bytes, linear)
[    0.148643] pinctrl core: initialized pinctrl subsystem
[    0.149058] PM: RTC time: 04:18:32, date: 2026-03-08
[    0.149808] NET: Registered PF_NETLINK/PF_ROUTE protocol family
[    0.150271] DMA: preallocated 256 KiB GFP_KERNEL pool for atomic allocations
[    0.150792] DMA: preallocated 256 KiB GFP_KERNEL|GFP_DMA pool for atomic allocations
[    0.151150] DMA: preallocated 256 KiB GFP_KERNEL|GFP_DMA32 pool for atomic allocations
[    0.151698] audit: initializing netlink subsys (disabled)
[    0.152200] thermal_sys: Registered thermal governor 'fair_share'
[    0.152201] thermal_sys: Registered thermal governor 'bang_bang'
[    0.152570] thermal_sys: Registered thermal governor 'step_wise'
[    0.152953] thermal_sys: Registered thermal governor 'user_space'
[    0.153135] audit: type=2000 audit(1772943512.871:1): state=initialized audit_enabled=0 res=1
[    0.154080] thermal_sys: Registered thermal governor 'power_allocator'
[    0.154089] cpuidle: using governor ladder
[    0.154412] cpuidle: using governor menu
[    0.154752] acpiphp: ACPI Hot Plug PCI Controller Driver version: 0.5
[    0.155228] PCI: ECAM [mem 0xb0000000-0xbfffffff] (base 0xb0000000) for domain 0000 [bus 00-ff]
[    0.155847] PCI: ECAM [mem 0xb0000000-0xbfffffff] reserved as E820 entry
[    0.156141] PCI: Using configuration type 1 for base access
[    0.156629] kprobes: kprobe jump-optimization is enabled. All kprobes are optimized if possible.
[    0.185175] HugeTLB: registered 1.00 GiB page size, pre-allocated 0 pages
[    0.185684] HugeTLB: 16380 KiB vmemmap can be freed for a 1.00 GiB page
[    0.186134] HugeTLB: registered 2.00 MiB page size, pre-allocated 0 pages
[    0.186598] HugeTLB: 28 KiB vmemmap can be freed for a 2.00 MiB page
[    0.187272] ACPI: Added _OSI(Module Device)
[    0.187531] ACPI: Added _OSI(Processor Device)
[    0.187800] ACPI: Added _OSI(Processor Aggregator Device)
[    0.188886] ACPI: 1 ACPI AML tables successfully acquired and loaded
[    0.189988] ACPI: _OSC evaluation for CPUs failed, trying _PDC
[    0.190223] ACPI: Interpreter enabled
[    0.190495] ACPI: PM: (supports S0 S3 S4 S5)
[    0.190811] ACPI: Using IOAPIC for interrupt routing
[    0.191195] PCI: Using host bridge windows from ACPI; if necessary, use "pci=nocrs" and report a bug
[    0.191851] PCI: Using E820 reservations for host bridge windows
[    0.192199] ACPI: Enabled 2 GPEs in block 00 to 3F
[    0.193798] ACPI: PCI Root Bridge [PCI0] (domain 0000 [bus 00-ff])
[    0.194136] acpi PNP0A08:00: _OSC: OS supports [ExtendedConfig ASPM ClockPM Segments MSI EDR HPX-Type3]
[    0.194825] acpi PNP0A08:00: _OSC: platform does not support [PCIeHotplug LTR DPC]
[    0.195173] acpi PNP0A08:00: _OSC: OS now controls [SHPCHotplug PME AER PCIeCapability]
[    0.195813] PCI host bridge to bus 0000:00
[    0.196104] pci_bus 0000:00: root bus resource [io  0x0000-0x0cf7 window]
[    0.196133] pci_bus 0000:00: root bus resource [io  0x0d00-0xffff window]
[    0.196616] pci_bus 0000:00: root bus resource [mem 0x000a0000-0x000bffff window]
[    0.197133] pci_bus 0000:00: root bus resource [mem 0x80000000-0xafffffff window]
[    0.197663] pci_bus 0000:00: root bus resource [mem 0xc0000000-0xfebfffff window]
[    0.198134] pci_bus 0000:00: root bus resource [mem 0x100000000-0x8ffffffff window]
[    0.198659] pci_bus 0000:00: root bus resource [bus 00-ff]
[    0.199068] pci 0000:00:00.0: [8086:29c0] type 00 class 0x060000 conventional PCI endpoint
[    0.199465] pci 0000:00:01.0: [1af4:1000] type 00 class 0x020000 conventional PCI endpoint
[    0.200537] pci 0000:00:01.0: BAR 0 [io  0xc040-0xc05f]
[    0.200904] pci 0000:00:01.0: BAR 4 [mem 0xfe800000-0xfe803fff 64bit pref]
[    0.201137] pci 0000:00:01.0: ROM [mem 0xfeb00000-0xfeb7ffff pref]
[    0.201893] pci 0000:00:02.0: [1af4:1050] type 00 class 0x030000 conventional PCI endpoint
[    0.203151] pci 0000:00:02.0: BAR 0 [mem 0xfe000000-0xfe7fffff pref]
[    0.203625] pci 0000:00:02.0: BAR 2 [mem 0xfe804000-0xfe807fff 64bit pref]
[    0.204107] pci 0000:00:02.0: BAR 4 [mem 0xfeb94000-0xfeb94fff]
[    0.204142] pci 0000:00:02.0: ROM [mem 0xfeb80000-0xfeb8ffff pref]
[    0.204624] pci 0000:00:02.0: Video device with shadowed ROM at [mem 0x000c0000-0x000dffff]
[    0.205515] pci 0000:00:03.0: [1b36:000d] type 00 class 0x0c0330 PCIe Root Complex Integrated Endpoint
[    0.206885] pci 0000:00:03.0: BAR 0 [mem 0xfeb90000-0xfeb93fff 64bit]
[    0.213973] pci 0000:00:1f.0: [8086:2918] type 00 class 0x060100 conventional PCI endpoint
[    0.214319] pci 0000:00:1f.0: quirk: [io  0x0600-0x067f] claimed by ICH6 ACPI/GPIO/TCO
[    0.214955] pci 0000:00:1f.2: [8086:2922] type 00 class 0x010601 conventional PCI endpoint
[    0.215977] pci 0000:00:1f.2: BAR 4 [io  0xc060-0xc07f]
[    0.216140] pci 0000:00:1f.2: BAR 5 [mem 0xfeb95000-0xfeb95fff]
[    0.216810] pci 0000:00:1f.3: [8086:2930] type 00 class 0x0c0500 conventional PCI endpoint
[    0.217516] pci 0000:00:1f.3: BAR 4 [io  0x0700-0x073f]
[    0.218150] ACPI: PCI: Interrupt link LNKA configured for IRQ 10
[    0.218630] ACPI: PCI: Interrupt link LNKB configured for IRQ 10
[    0.219089] ACPI: PCI: Interrupt link LNKC configured for IRQ 11
[    0.219179] ACPI: PCI: Interrupt link LNKD configured for IRQ 11
[    0.219645] ACPI: PCI: Interrupt link LNKE configured for IRQ 10
[    0.220103] ACPI: PCI: Interrupt link LNKF configured for IRQ 10
[    0.220182] ACPI: PCI: Interrupt link LNKG configured for IRQ 11
[    0.220653] ACPI: PCI: Interrupt link LNKH configured for IRQ 11
[    0.221109] ACPI: PCI: Interrupt link GSIA configured for IRQ 16
[    0.221139] ACPI: PCI: Interrupt link GSIB configured for IRQ 17
[    0.221563] ACPI: PCI: Interrupt link GSIC configured for IRQ 18
[    0.221979] ACPI: PCI: Interrupt link GSID configured for IRQ 19
[    0.222138] ACPI: PCI: Interrupt link GSIE configured for IRQ 20
[    0.222543] ACPI: PCI: Interrupt link GSIF configured for IRQ 21
[    0.222913] ACPI: PCI: Interrupt link GSIG configured for IRQ 22
[    0.223137] ACPI: PCI: Interrupt link GSIH configured for IRQ 23
[    0.223704] iommu: Default domain type: Translated
[    0.224005] iommu: DMA domain TLB invalidation policy: lazy mode
[    0.224235] SCSI subsystem initialized
[    0.224528] ACPI: bus type USB registered
[    0.224818] usbcore: registered new interface driver usbfs
[    0.225136] usbcore: registered new interface driver hub
[    0.225459] usbcore: registered new device driver usb
[    0.225832] pps_core: LinuxPPS API ver. 1 registered
[    0.226133] pps_core: Software ver. 5.3.6 - Copyright 2005-2007 Rodolfo Giometti <giometti@linux.it>
[    0.226833] PTP clock support registered
[    0.227170] EDAC MC: Ver: 3.0.0
[    0.227667] NetLabel: Initializing
[    0.227913] NetLabel:  domain hash size = 128
[    0.228133] NetLabel:  protocols = UNLABELED CIPSOv4 CALIPSO
[    0.228532] NetLabel:  unlabeled traffic allowed by default
[    0.228934] mctp: management component transport protocol core
[    0.229133] NET: Registered PF_MCTP protocol family
[    0.229442] PCI: Using ACPI for IRQ routing
[    0.321234] pci 0000:00:02.0: vgaarb: setting as boot VGA device
[    0.321699] pci 0000:00:02.0: vgaarb: bridge control possible
[    0.322090] pci 0000:00:02.0: vgaarb: VGA device added: decodes=io+mem,owns=io+mem,locks=none
[    0.322134] vgaarb: loaded
[    0.322417] hpet0: at MMIO 0xfed00000, IRQs 2, 8, 0
[    0.322807] hpet0: 3 comparators, 64-bit 100.000000 MHz counter
[    0.327164] clocksource: Switched to clocksource kvm-clock
[    0.327969] VFS: Disk quotas dquot_6.6.0
[    0.328254] VFS: Dquot-cache hash table entries: 512 (order 0, 4096 bytes)
[    0.328817] AppArmor: AppArmor Filesystem Enabled
[    0.329156] pnp: PnP ACPI init
[    0.329474] system 00:05: [mem 0xb0000000-0xbfffffff window] has been reserved
[    0.330157] pnp: PnP ACPI: found 6 devices
[    0.335619] clocksource: acpi_pm: mask: 0xffffff max_cycles: 0xffffff, max_idle_ns: 2085701024 ns
[    0.336284] NET: Registered PF_INET protocol family
[    0.336852] IP idents hash table entries: 32768 (order: 6, 262144 bytes, linear)
[    0.346641] tcp_listen_portaddr_hash hash table entries: 1024 (order: 2, 16384 bytes, linear)
[    0.347246] Table-perturb hash table entries: 65536 (order: 6, 262144 bytes, linear)
[    0.347760] TCP established hash table entries: 16384 (order: 5, 131072 bytes, linear)
[    0.348286] TCP bind hash table entries: 16384 (order: 7, 524288 bytes, linear)
[    0.348793] TCP: Hash tables configured (established 16384 bind 16384)
[    0.349249] MPTCP token hash table entries: 2048 (order: 3, 49152 bytes, linear)
[    0.349735] UDP hash table entries: 1024 (order: 3, 32768 bytes, linear)
[    0.350136] UDP-Lite hash table entries: 1024 (order: 3, 32768 bytes, linear)
[    0.350616] NET: Registered PF_UNIX/PF_LOCAL protocol family
[    0.350959] NET: Registered PF_XDP protocol family
[    0.351253] pci_bus 0000:00: resource 4 [io  0x0000-0x0cf7 window]
[    0.351649] pci_bus 0000:00: resource 5 [io  0x0d00-0xffff window]
[    0.352020] pci_bus 0000:00: resource 6 [mem 0x000a0000-0x000bffff window]
[    0.352442] pci_bus 0000:00: resource 7 [mem 0x80000000-0xafffffff window]
[    0.352917] pci_bus 0000:00: resource 8 [mem 0xc0000000-0xfebfffff window]
[    0.353384] pci_bus 0000:00: resource 9 [mem 0x100000000-0x8ffffffff window]
[    0.354114] ACPI: \_SB_.GSIH: Enabled at IRQ 23
[    0.354861] PCI: CLS 0 bytes, default 64
[    0.355202] Trying to unpack rootfs image as initramfs...
[    0.356643] clocksource: tsc: mask: 0xffffffffffffffff max_cycles: 0x28680fa287f, max_idle_ns: 440795281151 ns
[    0.357813] Initialise system trusted keyrings
[    0.358149] Key type blacklist registered
[    0.359758] workingset: timestamp_bits=36 max_order=19 bucket_order=0
[    0.360229] zbud: loaded
[    0.361759] squashfs: version 4.0 (2009/01/31) Phillip Lougher
[    0.362241] fuse: init (API version 7.39)
[    0.363720] integrity: Platform Keyring initialized
[    0.364065] integrity: Machine keyring initialized
[    0.377703] Key type asymmetric registered
[    0.378013] Asymmetric key parser 'x509' registered
[    0.378367] Block layer SCSI generic (bsg) driver version 0.4 loaded (major 243)
[    0.379699] io scheduler mq-deadline registered
[    0.380680] shpchp: Standard Hot Plug PCI Controller Driver version: 0.4
[    0.381251] input: Power Button as /devices/LNXSYSTM:00/LNXPWRBN:00/input/input0
[    0.383678] ACPI: button: Power Button [PWRF]
[    0.384259] ACPI: \_SB_.GSIF: Enabled at IRQ 21
[    0.386395] ACPI: \_SB_.GSIG: Enabled at IRQ 22
[    0.389616] Serial: 8250/16550 driver, 32 ports, IRQ sharing enabled
[    0.434807] 00:03: ttyS0 at I/O 0x3f8 (irq = 4, base_baud = 115200) is a 16550A
[    0.438953] Linux agpgart interface v0.103
[    0.441270] loop: module loaded
[    0.442770] ACPI: bus type drm_connector registered
[    0.443235] tun: Universal TUN/TAP device driver, 1.6
[    0.445298] PPP generic driver version 2.4.2
[    0.446740] i8042: PNP: PS/2 Controller [PNP0303:KBD,PNP0f13:MOU] at 0x60,0x64 irq 1,12
[    0.448755] serio: i8042 KBD port at 0x60,0x64 irq 1
[    0.449115] serio: i8042 AUX port at 0x60,0x64 irq 12
[    0.449551] mousedev: PS/2 mouse device common for all mice
[    0.450875] input: AT Translated Set 2 keyboard as /devices/platform/i8042/serio0/input/input1
[    0.451543] rtc_cmos 00:04: RTC can wake from S4
[    0.452648] rtc_cmos 00:04: registered as rtc0
[    0.453008] rtc_cmos 00:04: setting system clock to 2026-03-08T04:18:32 UTC (1772943512)
[    0.453608] rtc_cmos 00:04: alarms up to one day, y3k, 242 bytes nvram, hpet irqs
[    0.455661] i2c_dev: i2c /dev entries driver
[    0.455946] device-mapper: core: CONFIG_IMA_DISABLE_HTABLE is disabled. Duplicate IMA measurements will not be recorded in the IMA log.
[    0.458700] device-mapper: uevent: version 1.0.3
[    0.459068] device-mapper: ioctl: 4.48.0-ioctl (2023-03-01) initialised: dm-devel@redhat.com
[    0.459683] intel_pstate: CPU model not supported
[    0.460678] ledtrig-cpu: registered to indicate activity on CPUs
[    0.461164] drop_monitor: Initializing network drop monitor service
[    0.462688] NET: Registered PF_INET6 protocol family
[    1.829091] Freeing initrd memory: 165792K
[    1.829597] Segment Routing with IPv6
[    1.829838] In-situ OAM (IOAM) with IPv6
[    1.830102] NET: Registered PF_PACKET protocol family
[    1.830434] Key type dns_resolver registered
[    1.830863] IPI shorthand broadcast: enabled
[    1.831937] sched_clock: Marking stable (1759001621, 72589061)->(1842572426, -10981744)
[    1.832535] registered taskstats version 1
[    1.832896] Loading compiled-in X.509 certificates
[    1.833583] Loaded X.509 cert 'Build time autogenerated kernel key: 7f71bdefc17a4d88631555bf9efbb1c93d6f5260'
[    1.834635] Loaded X.509 cert 'Canonical Ltd. Live Patch Signing 2025 Kmod: d541cef61dc7e793b7eb7e899970a2eef0b5dc8c'
[    1.835623] Loaded X.509 cert 'Canonical Ltd. Live Patch Signing: 14df34d1a87cf37625abec039ef2bf521249b969'
[    1.836635] Loaded X.509 cert 'Canonical Ltd. Kernel Module Signing: 88f752e560a1e0737e31163a466ad7b70a850c19'
[    1.837317] blacklist: Loading compiled-in revocation X.509 certificates
[    1.837786] Loaded X.509 cert 'Canonical Ltd. Secure Boot Signing: 61482aa2830d0ab2ad5af10b7250da9033ddcef0'
[    1.838389] Loaded X.509 cert 'Canonical Ltd. Secure Boot Signing (2017): 242ade75ac4a15e50d50c84b0d45ff3eae707a03'
[    1.839111] Loaded X.509 cert 'Canonical Ltd. Secure Boot Signing (ESM 2018): 365188c1d374d6b07c3c8f240f8ef722433d6a8b'
[    1.839830] Loaded X.509 cert 'Canonical Ltd. Secure Boot Signing (2019): c0746fd6c5da3ae827864651ad66ae47fe24b3e8'
[    1.840476] Loaded X.509 cert 'Canonical Ltd. Secure Boot Signing (2021 v1): a8d54bbb3825cfb94fa13c9f8a594a195c107b8d'
[    1.841170] Loaded X.509 cert 'Canonical Ltd. Secure Boot Signing (2021 v2): 4cf046892d6fd3c9a5b03f98d845f90851dc6a8c'
[    1.841843] Loaded X.509 cert 'Canonical Ltd. Secure Boot Signing (2021 v3): 100437bb6de6e469b581e61cd66bce3ef4ed53af'
[    1.842487] Loaded X.509 cert 'Canonical Ltd. Secure Boot Signing (Ubuntu Core 2019): c1d57b8f6b743f23ee41f4f7ee292f06eecadfb9'
[    1.845016] Key type .fscrypt registered
[    1.845285] Key type fscrypt-provisioning registered
[    1.845840] Key type encrypted registered
[    1.846100] AppArmor: AppArmor sha256 policy hashing enabled
[    1.846458] ima: No TPM chip found, activating TPM-bypass!
[    1.846832] Loading compiled-in module X.509 certificates
[    1.847630] Loaded X.509 cert 'Build time autogenerated kernel key: 7f71bdefc17a4d88631555bf9efbb1c93d6f5260'
[    1.848227] ima: Allocated hash algorithm: sha256
[    1.848526] ima: No architecture policies found
[    1.848841] evm: Initialising EVM extended attributes:
[    1.849153] evm: security.selinux
[    1.849356] evm: security.SMACK64
[    1.849605] evm: security.SMACK64EXEC
[    1.849844] evm: security.SMACK64TRANSMUTE
[    1.850092] evm: security.SMACK64MMAP
[    1.850314] evm: security.apparmor
[    1.850530] evm: security.ima
[    1.850729] evm: security.capability
[    1.850951] evm: HMAC attrs: 0x1
[    1.851317] PM:   Magic number: 2:275:312
[    1.853810] RAS: Correctable Errors collector initialized.
[    1.854220] clk: Disabling unused clocks
[    1.860392] Freeing unused decrypted memory: 2028K
[    1.861009] Freeing unused kernel image (initmem) memory: 4920K
[    1.861269] Write protecting the kernel read-only data: 38912k
[    1.861912] Freeing unused kernel image (rodata/data gap) memory: 1984K
[    1.870765] x86/mm: Checked W+X mappings: passed, no W+X pages found.
[    1.871070] Run /init as init process
[init-phase3] booted
[init-phase3] loading module=/lib/modules/6.8.0-101-generic/kernel/drivers/virtio/virtio_dma_buf.ko
[init-phase3] loading module=/lib/modules/6.8.0-101-generic/kernel/drivers/gpu/drm/virtio/virtio-gpu.ko
[    1.877754] [drm] pci: virtio-vga detected at 0000:00:02.0
[    1.878042] virtio-pci 0000:00:02.0: vgaarb: deactivate vga console
[    1.882789] Console: switching to colour dummy device 80x25
[    1.883188] [drm] features: -virgl +edid -resource_blob -host_visible
[    1.883189] [drm] features: -context_init
[    1.884010] [drm] number of scanouts: 1
[    1.884175] [drm] number of cap sets: 0
[    1.884621] [drm] Initialized virtio_gpu 0.1.0 0 for 0000:00:02.0 on minor 0
[    1.886719] fbcon: virtio_gpudrmfb (fb0) is primary device
[    1.889083] Console: switching to colour frame buffer device 160x50
[    1.890642] virtio-pci 0000:00:02.0: [drm] fb0: virtio_gpudrmfb frame buffer device
[init-phase3] loading module=/lib/modules/6.8.0-101-generic/kernel/drivers/hid/hid.ko
[    1.895696] hid: raw HID events driver (C) Jiri Kosina
[init-phase3] loading module=/lib/modules/6.8.0-101-generic/kernel/drivers/hid/hid-generic.ko
[init-phase3] loading module=/lib/modules/6.8.0-101-generic/kernel/drivers/hid/usbhid/usbhid.ko
[    1.898718] usbcore: registered new interface driver usbhid
[    1.899023] usbhid: USB HID core driver
[init-phase3] loading module=/lib/modules/6.8.0-101-generic/kernel/drivers/hid/usbhid/usbkbd.ko
[    1.900440] usbcore: registered new interface driver usbkbd
[init-phase3] loading module=/lib/modules/6.8.0-101-generic/kernel/drivers/hid/usbhid/usbmouse.ko
[    1.901788] usbcore: registered new interface driver usbmouse
[init-phase3] loading module=/lib/modules/6.8.0-101-generic/kernel/drivers/input/mouse/psmouse.ko
[    1.904846] input: VirtualPS/2 VMware VMMouse as /devices/platform/i8042/serio1/input/input4
[init-phase3] loading module=/lib/modules/6.8.0-101-generic/kernel/drivers/usb/host/xhci-pci-renesas.ko
[    1.906098] input: VirtualPS/2 VMware VMMouse as /devices/platform/i8042/serio1/input/input3
[init-phase3] loading module=/lib/modules/6.8.0-101-generic/kernel/drivers/usb/host/xhci-pci.ko
[    1.908573] xhci_hcd 0000:00:03.0: xHCI Host Controller
[    1.908837] xhci_hcd 0000:00:03.0: new USB bus registered, assigned bus number 1
[    1.909297] xhci_hcd 0000:00:03.0: hcc params 0x00087001 hci version 0x100 quirks 0x0000000000000010
[    1.909992] xhci_hcd 0000:00:03.0: xHCI Host Controller
[    1.910214] xhci_hcd 0000:00:03.0: new USB bus registered, assigned bus number 2
[    1.910528] xhci_hcd 0000:00:03.0: Host supports USB 3.0 SuperSpeed
[    1.910891] usb usb1: New USB device found, idVendor=1d6b, idProduct=0002, bcdDevice= 6.08
[    1.911302] usb usb1: New USB device strings: Mfr=3, Product=2, SerialNumber=1
[    1.911670] usb usb1: Product: xHCI Host Controller
[    1.911891] usb usb1: Manufacturer: Linux 6.8.0-101-generic xhci-hcd
[    1.912193] usb usb1: SerialNumber: 0000:00:03.0
[    1.912503] hub 1-0:1.0: USB hub found
[    1.912696] hub 1-0:1.0: 4 ports detected
[    1.912970] usb usb2: We don't know the algorithms for LPM for this host, disabling LPM.
[    1.913307] usb usb2: New USB device found, idVendor=1d6b, idProduct=0003, bcdDevice= 6.08
[    1.913666] usb usb2: New USB device strings: Mfr=3, Product=2, SerialNumber=1
[    1.913976] usb usb2: Product: xHCI Host Controller
[    1.914216] usb usb2: Manufacturer: Linux 6.8.0-101-generic xhci-hcd
[    1.914520] usb usb2: SerialNumber: 0000:00:03.0
[    1.914792] hub 2-0:1.0: USB hub found
[    1.914990] hub 2-0:1.0: 4 ports detected
Starting systemd-udevd version 255.4-1ubuntu8.8
total 0
drwxr-xr-x    2 root     root            80 Mar  8 04:18 by-path
crw-rw----    1 root     video     226,   0 Mar  8 04:18 card0
crw-rw----    1 root     root      226, 128 Mar  8 04:18 renderD128
total 0
drwxr-xr-x    2 root     root           100 Mar  8 04:18 by-path
crw-rw----    1 root     input      13,  64 Mar  8 04:18 event0
crw-rw----    1 root     input      13,  65 Mar  8 04:18 event1
crw-rw----    1 root     input      13,  66 Mar  8 04:18 event2
crw-rw----    1 root     input      13,  67 Mar  8 04:18 event3
crw-rw----    1 root     input      13,  63 Mar  8 04:18 mice
crw-rw----    1 root     input      13,  32 Mar  8 04:18 mouse0
crw-rw----    1 root     input      13,  33 Mar  8 04:18 mouse1
[init-phase3] seatd pid=121
[init-phase3] weston pid=122
[init-phase3] wayland ready
Date: 2026-03-08 UTC
[04:18:34.003] weston 13.0.0
               https://wayland.freedesktop.org
               Bug reports to: https://gitlab.freedesktop.org/wayland/weston/issues/
               Build: 13.0.0
[04:18:34.004] Command line: /usr/bin/weston --backend=drm --renderer=pixman --shell=kiosk-shell.so --socket=wayland-1 --continue-without-input --log=/var/log/weston.log
[04:18:34.004] OS: Linux, 6.8.0-101-generic, #101-Ubuntu SMP PREEMPT_DYNAMIC Mon Feb  9 10:15:05 UTC 2026, x86_64
[04:18:34.004] Flight recorder: enabled
[04:18:34.004] Using config file '/etc/xdg/weston/weston.ini'
[04:18:34.004] Output repaint window is 7 ms maximum.
[04:18:34.004] Loading module '/usr/lib/x86_64-linux-gnu/libweston-13/drm-backend.so'
[04:18:34.004] initializing drm backend
[04:18:34.004] Trying libseat launcher...
[04:18:34.004] [libseat/libseat.c:62] Seat opened with backend 'seatd'
[04:18:34.004] [libseat/backend/seatd.c:212] Enabling seat
[04:18:34.004] libseat: session control granted
[04:18:34.005] using /dev/dri/card0
[04:18:34.005] DRM: supports atomic modesetting
[04:18:34.005] DRM: does not support GBM modifiers
[04:18:34.005] DRM: does not support async page flipping
[04:18:34.005] DRM: supports picture aspect ratio
[04:18:34.005] Using Pixman renderer
[04:18:34.006] event0  - Power Button: is tagged by udev as: Keyboard
[04:18:34.006] event0  - Power Button: device is a keyboard
[04:18:34.007] event1  - AT Translated Set 2 keyboard: is tagged by udev as: Keyboard
[04:18:34.007] event1  - AT Translated Set 2 keyboard: device is a keyboard
[04:18:34.007] event3  - VirtualPS/2 VMware VMMouse: is tagged by udev as: Mouse
[04:18:34.007] event3  - VirtualPS/2 VMware VMMouse: device is a pointer
[04:18:34.008] event2  - VirtualPS/2 VMware VMMouse: is tagged by udev as: Mouse
[04:18:34.008] event2  - VirtualPS/2 VMware VMMouse: device is a pointer
[04:18:34.010] libinput: configuring device "Power Button".
[04:18:34.010] libinput: configuring device "AT Translated Set 2 keyboard".
[04:18:34.010] libinput: configuring device "VirtualPS/2 VMware VMMouse".
[04:18:34.010] libinput: configuring device "VirtualPS/2 VMware VMMouse".
[04:18:34.010] input device event2 has no enabled output associated (none named), skipping calibration for now.
[04:18:34.011] DRM: head 'Virtual-1' found, connector 36 is connected, EDID make 'RHT', model 'QEMU Monitor', serial ''
               Supported EOTF modes: SDR
[04:18:34.011] Registered plugin API 'weston_drm_output_api_v1' of size 40
[04:18:34.011] Registered plugin API 'weston_drm_virtual_output_api_v2' of size 48
[04:18:34.011] Color manager: no-op
[04:18:34.011] Output 'Virtual-1' attempts EOTF mode: SDR
[04:18:34.011] Output 'Virtual-1' using color profile: stock sRGB color profile
[04:18:34.012] DRM: output Virtual-1 uses shadow framebuffer.
[04:18:34.012] Output Virtual-1 (crtc 35) video modes:
               1280x800@75.0, preferred, current, 107.3 MHz
               5120x2160@50.0 64:27, 742.5 MHz
               4096x2160@50.0 256:135, 594.0 MHz
               3840x2160@60.0 16:9, 594.0 MHz
               3840x2160@59.9 16:9, 593.4 MHz
               3840x2160@50.0 16:9, 594.0 MHz
               1920x1440@60.0, 234.0 MHz
               2560x1080@50.0 64:27, 185.6 MHz
               1856x1392@60.0, 218.2 MHz
               1792x1344@60.0, 204.8 MHz
               2048x1152@60.0, 162.0 MHz
               1920x1200@59.9, 193.2 MHz
               1920x1080@60.0, 148.5 MHz
               1920x1080@50.0 16:9, 148.5 MHz
               1600x1200@60.0, 162.0 MHz
               1680x1050@60.0, 146.2 MHz
               1400x1050@60.0, 121.8 MHz
               1280x1024@60.0, 108.0 MHz
               1440x900@59.9, 106.5 MHz
               1280x960@60.0, 108.0 MHz
               1360x768@60.0, 85.5 MHz
               1280x768@59.9, 79.5 MHz
               1024x768@60.0, 65.0 MHz
               800x600@60.3, 40.0 MHz
               640x480@60.0 4:3, 25.2 MHz
               640x480@59.9, 25.2 MHz
[04:18:34.012] associating input device event0 with output Virtual-1 (none by udev)
[04:18:34.012] associating input device event1 with output Virtual-1 (none by udev)
[04:18:34.012] associating input device event3 with output Virtual-1 (none by udev)
[04:18:34.012] associating input device event2 with output Virtual-1 (none by udev)
[04:18:34.013] Output 'Virtual-1' enabled with head(s) Virtual-1
[04:18:34.013] Compositor capabilities:
               arbitrary surface rotation: yes
               screen capture uses y-flip: no
               cursor planes: yes
               arbitrary resolutions: no
               view mask clipping: yes
               explicit sync: no
               color operations: no
               presentation clock: CLOCK_MONOTONIC, id 1
               presentation clock resolution: 0.000000001 s
[04:18:34.013] Loading module '/usr/lib/x86_64-linux-gnu/weston/kiosk-shell.so'
[init-phase3] launching client=chromium url=data:text/html;base64,PCFkb2N0eXBlIGh0bWw+CjxodG1sPgogIDxib2R5IHN0eWxlPSJtYXJnaW46MDtiYWNrZ3JvdW5kOndoaXRlO2ZvbnQtZmFtaWx5OkRlamFWdSBTYW5zLCBzYW5zLXNlcmlmIj4KICAgIDxpbnB1dCBpZD0iaSIgYXV0b2ZvY3VzIHN0eWxlPSJkaXNwbGF5OmJsb2NrO3dpZHRoOjk1dnc7aGVpZ2h0OjEyMHB4O2ZvbnQtc2l6ZTo3MnB4O21hcmdpbjoyMHB4IGF1dG8iIHZhbHVlPSIiPgogICAgPGJ1dHRvbiBpZD0iYiIgb25jbGljaz0iZG9jdW1lbnQuYm9keS5zdHlsZS5iYWNrZ3JvdW5kPSdsaW1lJztkb2N1bWVudC5nZXRFbGVtZW50QnlJZCgncycpLnRleHRDb250ZW50PSdjbGlja2VkJyIgc3R5bGU9ImRpc3BsYXk6YmxvY2s7Zm9udC1zaXplOjY0cHg7bWFyZ2luOjIwcHggYXV0byI+Q0xJQ0s8L2J1dHRvbj4KICAgIDxkaXYgaWQ9InMiIHN0eWxlPSJmb250LXNpemU6NzJweDt0ZXh0LWFsaWduOmNlbnRlciI+aWRsZTwvZGl2PgogIDwvYm9keT4KPC9odG1sPgo= runtime=14 suspend_delay= wake= pm_test= no_suspend=
[init-phase3] app pid=125 client=chromium
[    2.153631] usb 1-1: new high-speed USB device number 2 using xhci_hcd
[    2.283860] usb 1-1: New USB device found, idVendor=0627, idProduct=0001, bcdDevice= 0.00
[    2.284279] usb 1-1: New USB device strings: Mfr=1, Product=4, SerialNumber=11
[    2.284645] usb 1-1: Product: QEMU USB Keyboard
[    2.284844] usb 1-1: Manufacturer: QEMU
[    2.285013] usb 1-1: SerialNumber: 68284-0000:00:03.0-1
[    2.299098] input: QEMU QEMU USB Keyboard as /devices/pci0000:00/0000:00:03.0/usb1/1-1/1-1:1.0/0003:0627:0001.0001/input/input5
[    2.368845] hid-generic 0003:0627:0001.0001: input,hidraw0: USB HID v1.11 Keyboard [QEMU QEMU USB Keyboard] on usb-0000:00:03.0-1/input0
[    2.490640] usb 1-2: new high-speed USB device number 3 using xhci_hcd
[    2.616876] usb 1-2: New USB device found, idVendor=0627, idProduct=0001, bcdDevice= 0.00
[    2.617284] usb 1-2: New USB device strings: Mfr=1, Product=3, SerialNumber=10
[    2.617652] usb 1-2: Product: QEMU USB Tablet
[    2.617861] usb 1-2: Manufacturer: QEMU
[    2.618049] usb 1-2: SerialNumber: 28754-0000:00:03.0-2
[    2.619061] input: QEMU QEMU USB Tablet as /devices/pci0000:00/0000:00:03.0/usb1/1-2/1-2:1.0/0003:0627:0001.0002/input/input6
[    2.619682] hid-generic 0003:0627:0001.0002: input,hidraw1: USB HID v0.01 Mouse [QEMU QEMU USB Tablet] on usb-0000:00:03.0-2/input0
MESA-LOADER: failed to open dri: /usr/lib/x86_64-linux-gnu/gbm/dri_gbm.so: cannot open shared object file: No such file or directory (search paths /usr/lib/x86_64-linux-gnu/gbm, suffix _gbm)
[125:144:0308/041834.185096:ERROR:dbus/bus.cc:405] Failed to connect to the bus: Failed to connect to socket /run/dbus/system_bus_socket: No such file or directory
[125:144:0308/041834.185112:ERROR:dbus/bus.cc:405] Failed to connect to the bus: Could not parse server address: Unknown address type (examples of valid types are "tcp" and on UNIX "unix")
[125:144:0308/041834.185121:ERROR:dbus/bus.cc:405] Failed to connect to the bus: Failed to connect to socket /run/dbus/system_bus_socket: No such file or directory
[125:144:0308/041834.185130:ERROR:dbus/bus.cc:405] Failed to connect to the bus: Failed to connect to socket /run/dbus/system_bus_socket: No such file or directory
MESA-LOADER: failed to open dri: /usr/lib/x86_64-linux-gnu/gbm/dri_gbm.so: cannot open shared object file: No such file or directory (search paths /usr/lib/x86_64-linux-gnu/gbm, suffix _gbm)
[160:160:0308/041834.191922:ERROR:media/gpu/vaapi/vaapi_wrapper.cc:1626] vaInitialize failed: unknown libva error
[125:144:0308/041834.214111:ERROR:dbus/bus.cc:405] Failed to connect to the bus: Could not parse server address: Unknown address type (examples of valid types are "tcp" and on UNIX "unix")

(process:125): GLib-GIO-CRITICAL **: 04:18:34.227: g_settings_schema_source_lookup: assertion 'source != NULL' failed
[125:144:0308/041834.232442:ERROR:dbus/bus.cc:405] Failed to connect to the bus: Could not parse server address: Unknown address type (examples of valid types are "tcp" and on UNIX "unix")
[125:144:0308/041834.232457:ERROR:dbus/bus.cc:405] Failed to connect to the bus: Could not parse server address: Unknown address type (examples of valid types are "tcp" and on UNIX "unix")
[125:125:0308/041834.293704:ERROR:dbus/object_proxy.cc:572] Failed to call method: org.freedesktop.DBus.NameHasOwner: object_path= /org/freedesktop/DBus: unknown error type: 
[125:144:0308/041834.293750:ERROR:dbus/bus.cc:405] Failed to connect to the bus: Could not parse server address: Unknown address type (examples of valid types are "tcp" and on UNIX "unix")
[125:125:0308/041834.298293:ERROR:dbus/object_proxy.cc:572] Failed to call method: org.freedesktop.DBus.NameHasOwner: object_path= /org/freedesktop/DBus: unknown error type: 
[125:125:0308/041834.301186:ERROR:dbus/object_proxy.cc:572] Failed to call method: org.freedesktop.DBus.NameHasOwner: object_path= /org/freedesktop/DBus: unknown error type: 
[125:144:0308/041834.301233:ERROR:dbus/bus.cc:405] Failed to connect to the bus: Could not parse server address: Unknown address type (examples of valid types are "tcp" and on UNIX "unix")
[125:125:0308/041834.301244:ERROR:dbus/object_proxy.cc:572] Failed to call method: org.freedesktop.DBus.NameHasOwner: object_path= /org/freedesktop/DBus: unknown error type: 
[125:144:0308/041834.309758:ERROR:dbus/bus.cc:405] Failed to connect to the bus: Failed to connect to socket /run/dbus/system_bus_socket: No such file or directory
[125:144:0308/041834.309901:ERROR:dbus/bus.cc:405] Failed to connect to the bus: Failed to connect to socket /run/dbus/system_bus_socket: No such file or directory
[125:125:0308/041834.309826:ERROR:dbus/object_proxy.cc:572] Failed to call method: org.freedesktop.DBus.NameHasOwner: object_path= /org/freedesktop/DBus: unknown error type: 
[125:125:0308/041834.314002:ERROR:dbus/object_proxy.cc:572] Failed to call method: org.freedesktop.DBus.NameHasOwner: object_path= /org/freedesktop/DBus: unknown error type: 
[125:144:0308/041834.314337:ERROR:dbus/bus.cc:405] Failed to connect to the bus: Could not parse server address: Unknown address type (examples of valid types are "tcp" and on UNIX "unix")
[125:125:0308/041834.315500:ERROR:dbus/object_proxy.cc:572] Failed to call method: org.freedesktop.DBus.Properties.GetAll: object_path= /org/freedesktop/UPower/devices/DisplayDevice: unknown error type: 
[125:125:0308/041834.318252:ERROR:dbus/object_proxy.cc:572] Failed to call method: org.freedesktop.DBus.NameHasOwner: object_path= /org/freedesktop/DBus: unknown error type: 
[125:144:0308/041834.318328:ERROR:dbus/bus.cc:405] Failed to connect to the bus: Could not parse server address: Unknown address type (examples of valid types are "tcp" and on UNIX "unix")
[125:125:0308/041834.319341:ERROR:dbus/object_proxy.cc:572] Failed to call method: org.freedesktop.DBus.NameHasOwner: object_path= /org/freedesktop/DBus: unknown error type: 
[125:144:0308/041834.319388:ERROR:dbus/bus.cc:405] Failed to connect to the bus: Could not parse server address: Unknown address type (examples of valid types are "tcp" and on UNIX "unix")
[125:125:0308/041834.319780:ERROR:dbus/object_proxy.cc:572] Failed to call method: org.freedesktop.DBus.NameHasOwner: object_path= /org/freedesktop/DBus: unknown error type: 
[init-phase3] fb-capture tag=pre delay=6
@@FBSHOT tag=pre name=virtio_gpudrmfb_ proc_fb=0_virtio_gpudrmfb_ virtual_width=1280 virtual_height=800 visible_width=1280 visible_height=800 bpp=32 stride=5120 total_bytes=4096000 raw_size=4096000 gzip_size=5824 sha256_raw=2acef41c4128716e648faccbc5c40a24d53862c57037cd362f31c83fad2237cb mode=U:1280x800p-0 compression=gzip
@@FBSHOT_BEGIN tag=pre
H4sIAAAAAAAAA+3cWY7jOBIA0L7/UXzKwcwggYRbYiwkJdn5HpAfNrcgKanMgF3//AMAAAAAAAAA
AAB8otfr9a+/nX0f9T8qj9qvjH/1/Fe6O7adazuzd6v2v9O+0sb+jfvt9lF5vgAAAMBfNMqn7Rqj
ckaP3lsZ/9NzBHfGtzO3tqLfnf2tamP/zvvt9ldp//T7GwAAAHaR/+u3+Stmv1s3ar9j3Z+a/7vL
X9q/qP3T9woAAAB2ic7E0e/rqr+9W5n/y8SfMRPTaH2OcpXR+o3iiMo642ftyMs8JX9Uub6r1/97
nc7YUR+VOXY9ef+ybeX/AAAA+Msq3++pfr8mk9+qjBWN0dHN/1Xzg5322Vii8aP+IzvzR5nrI9P3
TO7vKMbq+lav70wd+9ePr1MHAAAAvt0od3V2Ro/O/9n8xa78Y8Zs/i+zPtnXlRi/Jf+3a5xof7Jr
NbO/2fc7908mvmj8rCfuX3VM+T8AAAD4v1F+ZFT3rP6V+b9MeaVNNv/X6fuoTnVe8n+5cbJ1O2u1
8vqeuX8i37h/1fryfwAAAPxFs/mtu/N/q/IPd+f/MnXl//rjZOvK/9XaP23/VtcHAACAbzCbX/uW
/F82rtX5mkr8T8//dcqvmP9IZ6266/v0/N837F91fAAAAPgrfs7Fv/+65b9fn7Udnc1nx58942fi
i2I/ytVkcoC71yea45nqHlbbZ/evs/7V+R2Ns+L6694/mdeV+X3b/p3FFt0DAAAAAAAAAAAAAAAA
AAAAAAAAAAAAAAAAAAAAAAAAAAAAAAAAAAAAAAAAAAAAAAAAAAAAAAAAAAAAAAAAAAAAAAAAAAAA
AAAAAAAAAAAAAAAAAAAAAAAAAAAAAAAAAAAAAAAAAAAAAAAAAAAAAAAAAAAAAAAAAAAAAAAAAAAA
AAAAAAAAAAAAAAAAAAAAAAAAAAAAAAAAAAAAAAAAAAAAAAAAAAAAAAAAAAAAAAAAAAAAAAAAAAAA
AAAAAAAAAAAA/Nvr9frf39F773+ZNqP27226MVb6i+p0Y3qKmXX9dLNzj66jVdftqP3u/rPtR2vQ
Hb8bX/bZMVO+69l0Nkanz258u9tnn/9n5d3xs/++ZP/96V7/1fXNXJ8Vd6zPKJZsfNF8Rv10dPc3
O/5sfAAAcLXos/fR68z5LnNmXBlfpe1sTE/yDXOYseK66uQzZvv//f6O+Cvtz/oYxXfl+nVeZ+YV
vZeNsbM+2b678e1s/z7v6uvq2Jn5rH4dxV29/lbeH1evT+f5def6ZMe/8/kGAABPMns+OHtvJoZs
WbbOFZ/bq+femfK/avX5OXs9V+qe3T8rzraj+LLtf94/qlM5S6+ILxozE3913G583f2vxvOk9u9z
f1+HqLwjew1mymev/0o8R3NfcX0cxb5zfar3453r8wnPNwAAuNroXBZ9Jo7Odu+fl2fii8oysXXK
3+sejR+dbbPngqheFMNZ3e75Kju/KN4V63sW82g+mdjO3quc77J1K+1n4++0r/R/xfk4c810+unW
qbS9cv6ZZ8Cu8c/u8ah8NE43nlH96l501rNyve54Puxen+r9fdX6HPmE5xsAANwhOndkzm6Z9itj
Oxq785k80//R69Wf/1fGefb+3eevszGOYsjE043taKzR+KM97/Y/E/vq+LLllfWZje93/aNnyO65
VmTWqjNO9PzN3t/dZ3B2/Wf3PxPbaP5Rv51nWfX5ld2Lo9dPX59of6M57l6f7HpE5ZXrd8X9DQAA
d1hx7ojadz8Xj2KIzhBR+9n+V33en4lxVF5Zn+jsONrnbEzVM19lrat7sft8t/p8P9N/1H5Ufrb/
V5yPK/fmFf1U+t89/6Py1c+n6rqN7t9RfNHzJfN+tXz2+h/NJ9M+c308ZX1G9/ed6zMyu7/Z+Xfj
AwCAu1TPFe/lZ2eTFZ+HK2fQTgyr+u/Ocya+qM5M/LN7l+lzdu1n4o3im12TSvvOWu+Ir9L/7vWL
6q+Y66rzenauK+d/VF69Z2bGX7n/3X1e+WzPlM+s98y/VU9Zn+r+XrU+2fij8qufbwAAcIfu+bjz
eXhFnuOsrPOZfLb/mbKZ2Dr9j9Zn9Vmmcz7s1u3Euzt/sep8342/0/7n/Uz/V5yPu/dUpu7Ks/rs
/lf6HZVX75mZ8XffPzMxzPRbiX/18+zp61Pd36vWJxv/z/uZ/q94vgEAwB1WnTt2nUez8a3+TD96
PXt+q57tR7rrU5l7ZZzse7PnwUzZyOx5Lxp/tv2q/rP9zpzvZ9YvG18l/qif2eu72u6O+Xfvi0z7
2Wftjhiq8195/VdjzYyXcdX6ZNo+bX2e/nwDAICr/XxuPfvs2z1Tv7cf9VWJ8yi+UUxndTPlUewz
c4vqZvvqxlc5/2TXL4qtcn1lx589d3WvjRX9Z++Pq+KrXh+Z8bvxZe+r7Nplru3q+mfa75z/aM+6
z6Xs+NH1kb1+snFE8b3HOnv9ZOfXeY6dlXVcuT7RuE9en+r+ZsefjQ8AAHiGT/9c/+nx//ZNcwEA
AADgGT495/TJ8We+rwEAAAAAXbO/n7vbp8f/X98wBwAAAAAAAAAAAAAAAAAAAAAAAAAAAAAAAAAA
AAAAAAAAAAAAAAAAAAAAAAAAAAAAAAAAAAAAAAAAAAAAAAAAAAAAAAAAAAAAAAAAAAAAAAAAAAAA
AAAAAAAAAAAAAAAAAAAAAAAAAAAAAAAAAAAAAAAAAAAAAAAAAAAAAAAAAAAAAAAAAAAAAAAAAAAA
AAAAAAAAAAAAAAAAAAAAAAAAAAAAAAAAAAAAAAAAAAAAAAAAAAAAAAAAAAAAAAAAAAAAAAAAAAAA
AAAAAAAAAAAAAAAAAAAAAAAAAAAAAAAAAAAAAAAAAAAAAAAAAAAAAAAAAAAAAAAAAAAAAAAAAAAA
AACAp3m9Xod/u8bKxHKX3fPvyOzPqHxUHwAAAIC/IZMzWj1Gt84uv8d+Wn5stD9Rfu89J/jEHCcA
AAAAez0l/3enozV4ilX5vyu+4wkAAADA80T5vxW/P41yT1HfmToz39+L4sqOP5r/qtjk/wAAAACo
mPn/47L/v9zM738r+a+Z/Fo2N3l1/m3V/szkIAEAAAD4XCu+Xzbq7+y9KI5OfN3c1qjdqvXp5t+q
8+3sDwAAAADfS/6vlv+Lynbm/0b9d8oBAAAA+H7yf/J/AAAAAHyvq/N/2TxfJz75v37+L4prthwA
AACA6/3kbN7/ojqV8qN6URxHZdHraPzsGmTLMuPPfv8u0+eq8eX/AAAAAHg6OSgAAAAA+B6rfv8L
AAAAADzTzG9/AQAAAAAAAAAAAAAAAAAAAAAAAAAAAAAAAAAAAAAAAAAAAAAAAAAAAAAAAAAAAAAA
AAAAAAAAAAAAAAAAAAAAAAAAAAAAAAAAAAAAAAAAAJ7i9XoN/wAAAACAzyX/BwAAAAAAAAAAAAAA
AAAAAAAAAAAAAAAAAAAAAAAAAAAAAAAAAAAAAAAAAAAAAAAAAAAAAAAAAAAAAAAAAAAAAAAAAAAA
AAAAAAAAAAAAAAAAAAAAAAAAAAAAAAAAAAAAAAAAAAAAAAAAAAAAAAAAAAAAAAAAAAAAAAAAAAAA
AAAAAAAAAAAAAAAAAAAAAAAAAAAAAAAAAAAAAAAAAAAAAAAAAAAAAAAAAAAAAAAAAAAAAAAAAAAA
AAAAAAAAAAAAAAAAAAAAAAAAAAAAAAAAAAAAAAAAAAAAAAAAAAAAAAAAAAAAAAAAAAAAAAAAAAAA
AAAAAAAAAAAAAAAAAAAAAAAAAAAAAAAAAAAAAAAAAAAAAAAAAAAAAAAAAAAAAAAAAAAAAAAAAAAA
AAAAAAAAAAAAAAAAAAAAAAAAAAAAAAAAAAAAAAAAAAAAAAAAAAAAAAAAAAAAAAAAAAAAAAAAAAAA
AAAAAAAAAAAAAAAAAAAAAAAAAAAAAAAAAAAAAAAAAAAAAAAAAAAAAAAAAAAAAAAAAAAAAAAAAAAA
AAAAAAAAAAAAAAAAAAAAAAAAAAAAAAAAAAAAAAAAAAAAAAAAAAAAAAAAAAAAAAAAAAAAAAAAAAAA
AAAAAAAAAAAAAAAAAAAAAAAAAAAAAAAAAAAAAAAAAAAAAAAAAAAAAAAAAAAAAAAAAAAAAAAAAAAA
AAAAAAAAAAAAAAAAAAAAAAAAAAAAAAAAAAAAAAAAAAAAAAAAAAAAAAAAAAAAAAAAAAAAAAAAAAAA
AAAAAAAAAAAAAAAAAAAAAAAAAAAAAAAAAAAAAAAAAAAAAAAAAAAAAAAAAAAAAAAAAAAAAAAAAAAA
AAAAAAAAAAAAAAAAAAAAAAAAAAAAAAAAAAAAAAAAAAAAAAAAAAAAAAAAAAAAAAAAAAAAAAAAAAAA
AAAAAAAAAAAAAAAAAAAAAAAAAAAAAAAAAAAAAAAAAAAAAAAAAAAAAAAAAAAAAAAAAAAAAAAAAAAA
AAAAAAAAAAAAAAAAAAAAAAAAAAAAAAAAAAAAAAAAAAAAAAAAAAAAAAAAAAAAAAAAAAAAAAAAAAAA
AAAAAAAAAAAAAAAAAAAAAAAAAAAAAAAAAAAAAAAAAAAAAAAAAAAAAAAAAAAAAAAAAAAAAAAAAAAA
AAAAAAAAAAAAAAAAAAAAAAAAAAAAAAAAAAAAAAAAAAAAAAAAAAAAAAAAAAAAAAAAAAAAAAAAAAAA
AAAAAAAAAAAAAAAAAAAAAAAAAAAAAAAAAAAAAAAAAAAAAAAAAAAAAAAAAAAAAAAAAAAAAAAAAAAA
AAAAAAAAAAAAAAAAAAAAAAAAAAAAAAAAAAAAAAAAAAAAAAAAAAAAAAAAAAAAAAAAAAAAAAAAAAAA
AAAAAAAAAAAAAAAAAAAAAAAAAAAAAAAAAAAAAAAAAAAAAAAAAAAAAAAAAAAAAAAAAAAAAAAAAAAA
AAAAAAAAAAAAAAAAAAAAAAAAAAAAAAAAAAAAAAAAAAAAAAAAAAAAAAAAAAAAAAAAAAAAAAAAAAAA
AAAAAAAAAAAAAAAAAAAAAAAAAAAAAAAAAAAAAAAAAAAAAAAAAAAAAAAAAAAAAAAAAAAAAAAAAAAA
AAAAAAAAAAAAAAAAAAAAAAAAAAAAAAAAAAAAAAAAAAAAAAAAAAAAAAAAAAAAAAAAAAAAAAAAAAAA
AAAAAAAAAAAAAAAAAAAAAAAAAAAAAAAAAAAAAAAAAAAAAAAAAAAAAAAAAAAAAAAAAAAAAAAAAAAA
AAAAAAAAAAAAAAAAAAAAAAAAAAAAAAAAAAAAAAAAAAAAAAAAAAAAAAAAAAAAAAAAAAAAAAAAAAAA
AAAAAAAAAAAAAAAAAAAAAAAAAAAAAAAAAAAAAAAAAAAAAAAAAAAAAAAAAAAAAAAAAAAAAAAAAAAA
AAAAAAAAAAAAAAAAAAAAAAAAAAAAAAAAAAAAAAAAAAAAAAAAAAAAAAAAAAAAAAAAAAAAAAAAAAAA
AAAAAAAAAAAAAAAAAAAAAAAAAAAAAAAAAAAAAAAAAAAAAAAAAAAAAAAAAAAAAAAAAAAAAAAAAAAA
AAAAAAAAAAAAAAAAAAAAAAAAAAAAAAAAAAAAAAAAAAAAAAAAAAAAAAAAAAAAAAAAAAAAAAAAAAAA
AAAAAAAAAAAAAAAAAAAAAAAAAAAAAAAAAAAAAAAAAAAAAAAAAAAAAAAAAAAAAAAAAAAAAAAAAAAA
AAAAAAAAAAAAAAAAAAAAAAAAAAAAAAAAAAAAAAAAAAAAAAAAAAAAAAAAAAAAAAAAAAAAAAAAAAAA
AAAAAAAAAAAAAAAAAAAAAAAAAAAAAAAAAAAAAAAAAAAAAAAAAAAAAAAAAAAAAAAAAAAAAAAAAAAA
AAAAAAAAAAAAAAAAAAAAAAAAAAAAAAAAAAAAAAAAAAAAAAAAAAAAAAAAAAAAAAAAAAAAAAAAAAAA
AAAAAAAAAAAAAAAAAAAAAAAAAAAAAAAAAAAAAAAAAAAAAAAAAAAAAAAAAAAAAAAAAAAAAAAAAAAA
AAAAAAAAAAAAAAAAAAAAAAAAAAAAAAAAAAAAAAAAAAAAAAAAAAAAAAAAAAAAAAAAAAAAAAAAAAAA
AAAAAAAAAAAAAAAAAAAAAAAAAAAAAAAAAAAAAAAAAAAAAAAAAAAAAAAAAAAAAAAAAAAAAAAAAAAA
AAAAAAAAAAAAAAAAAAAAAAAAAAAAAAAAAAAAAAAAAAAAAAAAAAAAAAAAAAAAAAAAAAAAAAAAAAAA
AAAAAAAAAAAAAAAAAAAAAAAAAAAAAAAAAAAAAAAAAAAAAAAAAAAAAAAAAAAAAAAAAAAAAAAAAAAA
AAAAAAAAAAAAAAAAAAAAAAAAAAAAAAAAAAAAAAAAAAAAAAAAAAAAAAAAAAAAAAAAAAAAAAAAAAAA
AAAAAAAAAAAAAAAAAAAAAAAAAAAAAAAAAAAAAAAAAAAAAAAAAAAAAAAAAAAAAAAAAAAAAAAAAAAA
AAAAAAAAAAAAAAAAAAAAAAAAAAAAAAAAAAAAAAAAAAAAAAAAAAAAAAAAAAAAAAAAAAAAAAAAAAAA
AAAAAAAAAAAAAAAAAAAAAAAAAAAAAAAAAAAAAAAAAAAAAAAAAAAAAAAAAAAAAAAAAAAAAAAAAAAA
AAAAAAAAAAAAAAAAAAAAAAAAAAAAAAAAAAAAAAAAAAAAAAAAAAAAAAAAAAAAAAAAAAAAAAAAAAAA
AAAAAAAAAAAAAAAAAAAAAAAAAAAAAAAAAAAAAAAAAAAAAAAAAAAAAAAAAAAAAAAAAAAAAAAAAAAA
AAAAAAAAAAAAAAAAAAAAAAAAAAAAAAAAAAAAAAAAAAAAAAAAAAAAAAAAAAAAAAAAAAAAAAAAAAAA
AAAAAAAAAAAAAAAAAAAAAAAAAAAAAAAAAAAAAAAAAAAAAAAAAAAAAAAAAAAAAAAAAAAAAAAAAAAA
AAAAAAAAAAAAAAAAAAAAAAAAAAAAAAAAAAAAAAAAAAAAAAAAAAAAAAAAAAAAAAAAAAAAAAAAAAAA
AAAAAAAAAAAAAAAAAAAAAAAAAAAAAAAAAAAAAAAAAAAAAAAAAAAAAAAAAAAAAAAAAAAAAAAAAAAA
AAAAAAAAAAAAAAAAAAAAAAAAAAAAAAAAAAAAAAAAAAAAAAAAAAAAAAAAAAAAAAAAAAAAAAAAAAAA
AAAAAAAAAAAAAAAAAAAAAAAAAAAAAAAAAAAAAAAAAAAAAAAAAAAAAAAAAAAAAAAAAAAAAAAAAAAA
AAAAAAAAAAAAAAAAAAAAAAAAAAAAAAAAAAAAAAAAAAAAAAAAAAAAAAAAAAAAAAAAAAAAAAAAAAAA
AAAAAAAAAAAAAAAAAAAAAAAAAAAAAAAAAAAAAAAAAAAAAAAAAAAAAAAAAAAAAAAAAAAAAAAAAAAA
AAAAAAAAAAAAAAAAAAAAAAAAAAAAAAAAAAAAAAAAAAAAAAAAAAAAAAAAAAAAAAAAAAAAAAAAAAAA
AAAAAAAAAAAAAAAAAAAAAAAAAAAAAAAAAAAAAAAAAAAAAAAAAAAAAAAAAAAAAAAAAAAAAAAAAAAA
AAAAAAAAAAAAAAAAAAAAAAAAAAAAAAAAAAAAAAAAAAAAAAAAAAAAAAAAAAAAAAAAAAAAAAAAAAAA
AAAAAAAAAAAAAAAAAAAAAAAAAAAAAAAAAAAAAAAAAAAAAAAAAAAAAAAAAAAAAAAAAAAAAAAAAAAA
AAAAAAAAAAAAAAAAAAAAAAAAAAAAAAAAAAAAAAAAAAAAAAAAAAAAAAAAAAAAAAAAAAAAAAAAAAAA
AAAAAAAAAAAAAAAAAAAAAAAAAAAAAAAAAAAAAAAAAAAAAAAAAAAAAAAAAAAAAAAAAAAAAAAAAEDG
fwA5fWpzAIA+AA==
@@FBSHOT_END tag=pre
[init-phase3] runtime limit reached, terminating client=chromium
[init-phase3] client exited client=chromium
[   22.194037] ACPI: PM: Preparing to enter system sleep state S5
[   22.194380] reboot: Power down
