[    0.000000] Linux version 6.8.0-101-generic (buildd@lcy02-amd64-051) (x86_64-linux-gnu-gcc-13 (Ubuntu 13.3.0-6ubuntu2~24.04) 13.3.0, GNU ld (GNU Binutils for Ubuntu) 2.42) #101-Ubuntu SMP PREEMPT_DYNAMIC Mon Feb  9 10:15:05 UTC 2026 (Ubuntu 6.8.0-101.101-generic 6.8.12)
[    0.000000] Command line: console=ttyS0 panic=-1 no_console_suspend rdinit=/init
[    0.000000] KERNEL supported cpus:
[    0.000000]   Intel GenuineIntel
[    0.000000]   AMD AuthenticAMD
[    0.000000]   Hygon HygonGenuine
[    0.000000]   Centaur CentaurHauls
[    0.000000]   zhaoxin   Shanghai  
[    0.000000] BIOS-provided physical RAM map:
[    0.000000] BIOS-e820: [mem 0x0000000000000000-0x000000000009fbff] usable
[    0.000000] BIOS-e820: [mem 0x000000000009fc00-0x000000000009ffff] reserved
[    0.000000] BIOS-e820: [mem 0x00000000000f0000-0x00000000000fffff] reserved
[    0.000000] BIOS-e820: [mem 0x0000000000100000-0x000000003ffddfff] usable
[    0.000000] BIOS-e820: [mem 0x000000003ffde000-0x000000003fffffff] reserved
[    0.000000] BIOS-e820: [mem 0x00000000b0000000-0x00000000bfffffff] reserved
[    0.000000] BIOS-e820: [mem 0x00000000fed1c000-0x00000000fed1ffff] reserved
[    0.000000] BIOS-e820: [mem 0x00000000feffc000-0x00000000feffffff] reserved
[    0.000000] BIOS-e820: [mem 0x00000000fffc0000-0x00000000ffffffff] reserved
[    0.000000] NX (Execute Disable) protection: active
[    0.000000] APIC: Static calls initialized
[    0.000000] SMBIOS 3.0.0 present.
[    0.000000] DMI: QEMU Standard PC (Q35 + ICH9, 2009), BIOS 1.16.3-debian-1.16.3-2 04/01/2014
[    0.000000] Hypervisor detected: KVM
[    0.000000] kvm-clock: Using msrs 4b564d01 and 4b564d00
[    0.000000] kvm-clock: using sched offset of 247773623 cycles
[    0.000001] clocksource: kvm-clock: mask: 0xffffffffffffffff max_cycles: 0x1cd42e4dffb, max_idle_ns: 881590591483 ns
[    0.000004] tsc: Detected 2803.200 MHz processor
[    0.000614] last_pfn = 0x3ffde max_arch_pfn = 0x400000000
[    0.000647] MTRR map: 4 entries (3 fixed + 1 variable; max 19), built from 8 variable MTRRs
[    0.000650] x86/PAT: Configuration [0-7]: WB  WC  UC- UC  WB  WP  UC- WT  
[    0.004337] found SMP MP-table at [mem 0x000f5470-0x000f547f]
[    0.004348] Using GB pages for direct mapping
[    0.004420] RAMDISK: [mem 0x3f2a1000-0x3ffcffff]
[    0.004425] ACPI: Early table checksum verification disabled
[    0.004427] ACPI: RSDP 0x00000000000F52B0 000014 (v00 BOCHS )
[    0.004430] ACPI: RSDT 0x000000003FFE2304 000038 (v01 BOCHS  BXPC     00000001 BXPC 00000001)
[    0.004434] ACPI: FACP 0x000000003FFE20FC 0000F4 (v03 BOCHS  BXPC     00000001 BXPC 00000001)
[    0.004438] ACPI: DSDT 0x000000003FFE0040 0020BC (v01 BOCHS  BXPC     00000001 BXPC 00000001)
[    0.004440] ACPI: FACS 0x000000003FFE0000 000040
[    0.004442] ACPI: APIC 0x000000003FFE21F0 000078 (v03 BOCHS  BXPC     00000001 BXPC 00000001)
[    0.004444] ACPI: HPET 0x000000003FFE2268 000038 (v01 BOCHS  BXPC     00000001 BXPC 00000001)
[    0.004446] ACPI: MCFG 0x000000003FFE22A0 00003C (v01 BOCHS  BXPC     00000001 BXPC 00000001)
[    0.004448] ACPI: WAET 0x000000003FFE22DC 000028 (v01 BOCHS  BXPC     00000001 BXPC 00000001)
[    0.004450] ACPI: Reserving FACP table memory at [mem 0x3ffe20fc-0x3ffe21ef]
[    0.004451] ACPI: Reserving DSDT table memory at [mem 0x3ffe0040-0x3ffe20fb]
[    0.004451] ACPI: Reserving FACS table memory at [mem 0x3ffe0000-0x3ffe003f]
[    0.004452] ACPI: Reserving APIC table memory at [mem 0x3ffe21f0-0x3ffe2267]
[    0.004452] ACPI: Reserving HPET table memory at [mem 0x3ffe2268-0x3ffe229f]
[    0.004453] ACPI: Reserving MCFG table memory at [mem 0x3ffe22a0-0x3ffe22db]
[    0.004453] ACPI: Reserving WAET table memory at [mem 0x3ffe22dc-0x3ffe2303]
[    0.004665] No NUMA configuration found
[    0.004666] Faking a node at [mem 0x0000000000000000-0x000000003ffddfff]
[    0.004670] NODE_DATA(0) allocated [mem 0x3f276000-0x3f2a0fff]
[    0.004766] Zone ranges:
[    0.004766]   DMA      [mem 0x0000000000001000-0x0000000000ffffff]
[    0.004767]   DMA32    [mem 0x0000000001000000-0x000000003ffddfff]
[    0.004768]   Normal   empty
[    0.004769]   Device   empty
[    0.004770] Movable zone start for each node
[    0.004771] Early memory node ranges
[    0.004771]   node   0: [mem 0x0000000000001000-0x000000000009efff]
[    0.004772]   node   0: [mem 0x0000000000100000-0x000000003ffddfff]
[    0.004773] Initmem setup node 0 [mem 0x0000000000001000-0x000000003ffddfff]
[    0.004983] On node 0, zone DMA: 1 pages in unavailable ranges
[    0.004992] On node 0, zone DMA: 97 pages in unavailable ranges
[    0.006988] On node 0, zone DMA32: 34 pages in unavailable ranges
[    0.007231] ACPI: PM-Timer IO Port: 0x608
[    0.007241] ACPI: LAPIC_NMI (acpi_id[0xff] dfl dfl lint[0x1])
[    0.007272] IOAPIC[0]: apic_id 0, version 17, address 0xfec00000, GSI 0-23
[    0.007282] ACPI: INT_SRC_OVR (bus 0 bus_irq 0 global_irq 2 dfl dfl)
[    0.007283] ACPI: INT_SRC_OVR (bus 0 bus_irq 5 global_irq 5 high level)
[    0.007284] ACPI: INT_SRC_OVR (bus 0 bus_irq 9 global_irq 9 high level)
[    0.007285] ACPI: INT_SRC_OVR (bus 0 bus_irq 10 global_irq 10 high level)
[    0.007286] ACPI: INT_SRC_OVR (bus 0 bus_irq 11 global_irq 11 high level)
[    0.007288] ACPI: Using ACPI (MADT) for SMP configuration information
[    0.007289] ACPI: HPET id: 0x8086a201 base: 0xfed00000
[    0.007293] TSC deadline timer available
[    0.007293] smpboot: Allowing 1 CPUs, 0 hotplug CPUs
[    0.007308] kvm-guest: APIC: eoi() replaced with kvm_guest_apic_eoi_write()
[    0.007326] PM: hibernation: Registered nosave memory: [mem 0x00000000-0x00000fff]
[    0.007328] PM: hibernation: Registered nosave memory: [mem 0x0009f000-0x000fffff]
[    0.007329] [mem 0x40000000-0xafffffff] available for PCI devices
[    0.007330] Booting paravirtualized kernel on KVM
[    0.007332] clocksource: refined-jiffies: mask: 0xffffffff max_cycles: 0xffffffff, max_idle_ns: 1910969940391419 ns
[    0.007336] setup_percpu: NR_CPUS:8192 nr_cpumask_bits:1 nr_cpu_ids:1 nr_node_ids:1
[    0.007619] percpu: Embedded 86 pages/cpu s229376 r8192 d114688 u2097152
[    0.007648] kvm-guest: PV spinlocks disabled, single CPU
[    0.007649] Kernel command line: console=ttyS0 panic=-1 no_console_suspend rdinit=/init
[    0.007713] random: crng init done
[    0.007741] Dentry cache hash table entries: 131072 (order: 8, 1048576 bytes, linear)
[    0.007757] Inode-cache hash table entries: 65536 (order: 7, 524288 bytes, linear)
[    0.007785] Fallback order for Node 0: 0 
[    0.007787] Built 1 zonelists, mobility grouping on.  Total pages: 257758
[    0.007788] Policy zone: DMA32
[    0.007792] mem auto-init: stack:all(zero), heap alloc:on, heap free:off
[    0.009368] Memory: 961848K/1048048K available (22528K kernel code, 4439K rwdata, 14400K rodata, 4920K init, 4788K bss, 85940K reserved, 0K cma-reserved)
[    0.009961] SLUB: HWalign=64, Order=0-3, MinObjects=0, CPUs=1, Nodes=1
[    0.009979] ftrace: allocating 58250 entries in 228 pages
[    0.017312] ftrace: allocated 228 pages with 4 groups
[    0.018018] Dynamic Preempt: voluntary
[    0.018241] rcu: Preemptible hierarchical RCU implementation.
[    0.018242] rcu: 	RCU restricting CPUs from NR_CPUS=8192 to nr_cpu_ids=1.
[    0.018243] 	Trampoline variant of Tasks RCU enabled.
[    0.018244] 	Rude variant of Tasks RCU enabled.
[    0.018244] 	Tracing variant of Tasks RCU enabled.
[    0.018245] rcu: RCU calculated value of scheduler-enlistment delay is 100 jiffies.
[    0.018246] rcu: Adjusting geometry for rcu_fanout_leaf=16, nr_cpu_ids=1
[    0.018253] RCU Tasks: Setting shift to 0 and lim to 1 rcu_task_cb_adjust=1 rcu_task_cpu_ids=1.
[    0.018255] RCU Tasks Rude: Setting shift to 0 and lim to 1 rcu_task_cb_adjust=1 rcu_task_cpu_ids=1.
[    0.018256] RCU Tasks Trace: Setting shift to 0 and lim to 1 rcu_task_cb_adjust=1 rcu_task_cpu_ids=1.
[    0.020572] NR_IRQS: 524544, nr_irqs: 256, preallocated irqs: 16
[    0.020757] rcu: srcu_init: Setting srcu_struct sizes based on contention.
[    0.026956] Console: colour VGA+ 80x25
[    0.026986] printk: legacy console [ttyS0] enabled
[    0.076523] ACPI: Core revision 20230628
[    0.076882] clocksource: hpet: mask: 0xffffffff max_cycles: 0xffffffff, max_idle_ns: 19112604467 ns
[    0.077620] APIC: Switch to symmetric I/O mode setup
[    0.078112] x2apic enabled
[    0.078525] APIC: Switched APIC routing to: physical x2apic
[    0.079709] ..TIMER: vector=0x30 apic1=0 pin1=2 apic2=-1 pin2=-1
[    0.080113] clocksource: tsc-early: mask: 0xffffffffffffffff max_cycles: 0x28680fa287f, max_idle_ns: 440795281151 ns
[    0.080893] Calibrating delay loop (skipped) preset value.. 5606.40 BogoMIPS (lpj=2803200)
[    0.081611] x86/cpu: User Mode Instruction Prevention (UMIP) activated
[    0.081990] Last level iTLB entries: 4KB 0, 2MB 0, 4MB 0
[    0.082366] Last level dTLB entries: 4KB 0, 2MB 0, 4MB 0, 1GB 0
[    0.082896] Spectre V1 : Mitigation: usercopy/swapgs barriers and __user pointer sanitization
[    0.083451] Spectre V2 : Spectre BHI mitigation: SW BHB clearing on vm exit
[    0.083891] Spectre V2 : Spectre BHI mitigation: SW BHB clearing on syscall
[    0.084341] Spectre V2 : Mitigation: Enhanced / Automatic IBRS
[    0.084891] Spectre V2 : Spectre v2 / PBRSB-eIBRS: Retire a single CALL on VMEXIT
[    0.085327] Spectre V2 : mitigation: Enabling conditional Indirect Branch Prediction Barrier
[    0.085891] Speculative Store Bypass: Mitigation: Speculative Store Bypass disabled via prctl
[    0.086392] ITS: WARNING: ITS mitigation depends on retpoline and rethunk support
[    0.086891] ITS: Vulnerable
[    0.087088] x86/fpu: Supporting XSAVE feature 0x001: 'x87 floating point registers'
[    0.087565] x86/fpu: Supporting XSAVE feature 0x002: 'SSE registers'
[    0.087890] x86/fpu: Supporting XSAVE feature 0x004: 'AVX registers'
[    0.088274] x86/fpu: Supporting XSAVE feature 0x020: 'AVX-512 opmask'
[    0.088665] x86/fpu: Supporting XSAVE feature 0x040: 'AVX-512 Hi256'
[    0.088890] x86/fpu: Supporting XSAVE feature 0x080: 'AVX-512 ZMM_Hi256'
[    0.089302] x86/fpu: Supporting XSAVE feature 0x200: 'Protection Keys User registers'
[    0.089891] x86/fpu: xstate_offset[2]:  576, xstate_sizes[2]:  256
[    0.090281] x86/fpu: xstate_offset[5]:  832, xstate_sizes[5]:   64
[    0.090667] x86/fpu: xstate_offset[6]:  896, xstate_sizes[6]:  512
[    0.090891] x86/fpu: xstate_offset[7]: 1408, xstate_sizes[7]: 1024
[    0.091319] x86/fpu: xstate_offset[9]: 2432, xstate_sizes[9]:    8
[    0.091891] x86/fpu: Enabled xstate features 0x2e7, context size is 2440 bytes, using 'compacted' format.
[    0.115115] Freeing SMP alternatives memory: 48K
[    0.115421] pid_max: default: 32768 minimum: 301
[    0.115765] LSM: initializing lsm=lockdown,capability,landlock,yama,apparmor,integrity
[    0.115900] landlock: Up and running.
[    0.116132] Yama: becoming mindful.
[    0.116377] AppArmor: AppArmor initialized
[    0.116914] Mount-cache hash table entries: 2048 (order: 2, 16384 bytes, linear)
[    0.117353] Mountpoint-cache hash table entries: 2048 (order: 2, 16384 bytes, linear)
[    0.118080] smpboot: CPU0: 11th Gen Intel(R) Core(TM) i7-1165G7 @ 2.80GHz (family: 0x6, model: 0x8c, stepping: 0x1)
[    0.118890] Performance Events: Icelake events, full-width counters, Intel PMU driver.
[    0.118894] ... version:                2
[    0.119137] ... bit width:              48
[    0.119383] ... generic registers:      8
[    0.119626] ... value mask:             0000ffffffffffff
[    0.119892] ... max period:             00007fffffffffff
[    0.120253] ... fixed-purpose events:   3
[    0.120540] ... event mask:             00000007000000ff
[    0.120962] signal: max sigframe size: 3632
[    0.121276] rcu: Hierarchical SRCU implementation.
[    0.121705] rcu: 	Max phase no-delay instances is 400.
[    0.122109] smp: Bringing up secondary CPUs ...
[    0.122432] smp: Brought up 1 node, 1 CPU
[    0.122715] smpboot: Max logical packages: 1
[    0.122896] smpboot: Total of 1 processors activated (5606.40 BogoMIPS)
[    0.123506] devtmpfs: initialized
[    0.123765] x86/mm: Memory block size: 128MB
[    0.124074] clocksource: jiffies: mask: 0xffffffff max_cycles: 0xffffffff, max_idle_ns: 1911260446275000 ns
[    0.124690] futex hash table entries: 256 (order: 2, 16384 bytes, linear)
[    0.124929] pinctrl core: initialized pinctrl subsystem
[    0.125344] PM: RTC time: 21:49:55, date: 2026-03-07
[    0.126156] NET: Registered PF_NETLINK/PF_ROUTE protocol family
[    0.126738] DMA: preallocated 128 KiB GFP_KERNEL pool for atomic allocations
[    0.126901] DMA: preallocated 128 KiB GFP_KERNEL|GFP_DMA pool for atomic allocations
[    0.127441] DMA: preallocated 128 KiB GFP_KERNEL|GFP_DMA32 pool for atomic allocations
[    0.127898] audit: initializing netlink subsys (disabled)
[    0.128373] thermal_sys: Registered thermal governor 'fair_share'
[    0.128374] thermal_sys: Registered thermal governor 'bang_bang'
[    0.128740] thermal_sys: Registered thermal governor 'step_wise'
[    0.128892] thermal_sys: Registered thermal governor 'user_space'
[    0.129294] thermal_sys: Registered thermal governor 'power_allocator'
[    0.129663] audit: type=2000 audit(1772920195.634:1): state=initialized audit_enabled=0 res=1
[    0.130473] cpuidle: using governor ladder
[    0.130759] cpuidle: using governor menu
[    0.130930] acpiphp: ACPI Hot Plug PCI Controller Driver version: 0.5
[    0.131471] PCI: ECAM [mem 0xb0000000-0xbfffffff] (base 0xb0000000) for domain 0000 [bus 00-ff]
[    0.131893] PCI: ECAM [mem 0xb0000000-0xbfffffff] reserved as E820 entry
[    0.132384] PCI: Using configuration type 1 for base access
[    0.132841] kprobes: kprobe jump-optimization is enabled. All kprobes are optimized if possible.
[    0.159974] HugeTLB: registered 1.00 GiB page size, pre-allocated 0 pages
[    0.160440] HugeTLB: 16380 KiB vmemmap can be freed for a 1.00 GiB page
[    0.160892] HugeTLB: registered 2.00 MiB page size, pre-allocated 0 pages
[    0.161297] HugeTLB: 28 KiB vmemmap can be freed for a 2.00 MiB page
[    0.163017] ACPI: Added _OSI(Module Device)
[    0.163292] ACPI: Added _OSI(Processor Device)
[    0.163566] ACPI: Added _OSI(Processor Aggregator Device)
[    0.164744] ACPI: 1 ACPI AML tables successfully acquired and loaded
[    0.165517] ACPI: _OSC evaluation for CPUs failed, trying _PDC
[    0.165953] ACPI: Interpreter enabled
[    0.166186] ACPI: PM: (supports S0 S3 S4 S5)
[    0.166463] ACPI: Using IOAPIC for interrupt routing
[    0.166842] PCI: Using host bridge windows from ACPI; if necessary, use "pci=nocrs" and report a bug
[    0.166891] PCI: Using E820 reservations for host bridge windows
[    0.167303] ACPI: Enabled 2 GPEs in block 00 to 3F
[    0.168689] ACPI: PCI Root Bridge [PCI0] (domain 0000 [bus 00-ff])
[    0.168895] acpi PNP0A08:00: _OSC: OS supports [ExtendedConfig ASPM ClockPM Segments MSI EDR HPX-Type3]
[    0.169484] acpi PNP0A08:00: _OSC: platform does not support [PCIeHotplug LTR DPC]
[    0.169930] acpi PNP0A08:00: _OSC: OS now controls [SHPCHotplug PME AER PCIeCapability]
[    0.170494] PCI host bridge to bus 0000:00
[    0.170746] pci_bus 0000:00: root bus resource [io  0x0000-0x0cf7 window]
[    0.170892] pci_bus 0000:00: root bus resource [io  0x0d00-0xffff window]
[    0.171298] pci_bus 0000:00: root bus resource [mem 0x000a0000-0x000bffff window]
[    0.171766] pci_bus 0000:00: root bus resource [mem 0x40000000-0xafffffff window]
[    0.171892] pci_bus 0000:00: root bus resource [mem 0xc0000000-0xfebfffff window]
[    0.172380] pci_bus 0000:00: root bus resource [mem 0x100000000-0x8ffffffff window]
[    0.172840] pci_bus 0000:00: root bus resource [bus 00-ff]
[    0.172925] pci 0000:00:00.0: [8086:29c0] type 00 class 0x060000 conventional PCI endpoint
[    0.173857] pci 0000:00:01.0: [1af4:1000] type 00 class 0x020000 conventional PCI endpoint
[    0.174674] pci 0000:00:01.0: BAR 0 [io  0xc040-0xc05f]
[    0.174911] pci 0000:00:01.0: BAR 4 [mem 0xfe800000-0xfe803fff 64bit pref]
[    0.175332] pci 0000:00:01.0: ROM [mem 0xfeb00000-0xfeb7ffff pref]
[    0.176020] pci 0000:00:02.0: [1af4:1050] type 00 class 0x030000 conventional PCI endpoint
[    0.177539] pci 0000:00:02.0: BAR 0 [mem 0xfe000000-0xfe7fffff pref]
[    0.177904] pci 0000:00:02.0: BAR 2 [mem 0xfe804000-0xfe807fff 64bit pref]
[    0.178326] pci 0000:00:02.0: BAR 4 [mem 0xfeb94000-0xfeb94fff]
[    0.178708] pci 0000:00:02.0: ROM [mem 0xfeb80000-0xfeb8ffff pref]
[    0.178924] pci 0000:00:02.0: Video device with shadowed ROM at [mem 0x000c0000-0x000dffff]
[    0.179866] pci 0000:00:03.0: [1b36:000d] type 00 class 0x0c0330 PCIe Root Complex Integrated Endpoint
[    0.180289] pci 0000:00:03.0: BAR 0 [mem 0xfeb90000-0xfeb93fff 64bit]
[    0.187626] pci 0000:00:1f.0: [8086:2918] type 00 class 0x060100 conventional PCI endpoint
[    0.188098] pci 0000:00:1f.0: quirk: [io  0x0600-0x067f] claimed by ICH6 ACPI/GPIO/TCO
[    0.188848] pci 0000:00:1f.2: [8086:2922] type 00 class 0x010601 conventional PCI endpoint
[    0.189420] pci 0000:00:1f.2: BAR 4 [io  0xc060-0xc07f]
[    0.189763] pci 0000:00:1f.2: BAR 5 [mem 0xfeb95000-0xfeb95fff]
[    0.190092] pci 0000:00:1f.3: [8086:2930] type 00 class 0x0c0500 conventional PCI endpoint
[    0.191020] pci 0000:00:1f.3: BAR 4 [io  0x0700-0x073f]
[    0.191627] ACPI: PCI: Interrupt link LNKA configured for IRQ 10
[    0.191939] ACPI: PCI: Interrupt link LNKB configured for IRQ 10
[    0.192345] ACPI: PCI: Interrupt link LNKC configured for IRQ 11
[    0.192768] ACPI: PCI: Interrupt link LNKD configured for IRQ 11
[    0.192932] ACPI: PCI: Interrupt link LNKE configured for IRQ 10
[    0.193332] ACPI: PCI: Interrupt link LNKF configured for IRQ 10
[    0.193753] ACPI: PCI: Interrupt link LNKG configured for IRQ 11
[    0.193931] ACPI: PCI: Interrupt link LNKH configured for IRQ 11
[    0.194326] ACPI: PCI: Interrupt link GSIA configured for IRQ 16
[    0.194691] ACPI: PCI: Interrupt link GSIB configured for IRQ 17
[    0.194896] ACPI: PCI: Interrupt link GSIC configured for IRQ 18
[    0.195292] ACPI: PCI: Interrupt link GSID configured for IRQ 19
[    0.195671] ACPI: PCI: Interrupt link GSIE configured for IRQ 20
[    0.195897] ACPI: PCI: Interrupt link GSIF configured for IRQ 21
[    0.196270] ACPI: PCI: Interrupt link GSIG configured for IRQ 22
[    0.196635] ACPI: PCI: Interrupt link GSIH configured for IRQ 23
[    0.197076] iommu: Default domain type: Translated
[    0.197400] iommu: DMA domain TLB invalidation policy: lazy mode
[    0.197903] SCSI subsystem initialized
[    0.198196] ACPI: bus type USB registered
[    0.198464] usbcore: registered new interface driver usbfs
[    0.198819] usbcore: registered new interface driver hub
[    0.198894] usbcore: registered new device driver usb
[    0.199211] pps_core: LinuxPPS API ver. 1 registered
[    0.199527] pps_core: Software ver. 5.3.6 - Copyright 2005-2007 Rodolfo Giometti <giometti@linux.it>
[    0.199893] PTP clock support registered
[    0.200223] EDAC MC: Ver: 3.0.0
[    0.200701] NetLabel: Initializing
[    0.200892] NetLabel:  domain hash size = 128
[    0.201167] NetLabel:  protocols = UNLABELED CIPSOv4 CALIPSO
[    0.201574] NetLabel:  unlabeled traffic allowed by default
[    0.201924] mctp: management component transport protocol core
[    0.202339] NET: Registered PF_MCTP protocol family
[    0.202668] PCI: Using ACPI for IRQ routing
[    0.294297] pci 0000:00:02.0: vgaarb: setting as boot VGA device
[    0.294679] pci 0000:00:02.0: vgaarb: bridge control possible
[    0.294890] pci 0000:00:02.0: vgaarb: VGA device added: decodes=io+mem,owns=io+mem,locks=none
[    0.294892] vgaarb: loaded
[    0.295141] hpet0: at MMIO 0xfed00000, IRQs 2, 8, 0
[    0.295468] hpet0: 3 comparators, 64-bit 100.000000 MHz counter
[    0.297915] clocksource: Switched to clocksource kvm-clock
[    0.298713] VFS: Disk quotas dquot_6.6.0
[    0.298970] VFS: Dquot-cache hash table entries: 512 (order 0, 4096 bytes)
[    0.299494] AppArmor: AppArmor Filesystem Enabled
[    0.299793] pnp: PnP ACPI init
[    0.300105] system 00:05: [mem 0xb0000000-0xbfffffff window] has been reserved
[    0.300778] pnp: PnP ACPI: found 6 devices
[    0.306154] clocksource: acpi_pm: mask: 0xffffff max_cycles: 0xffffff, max_idle_ns: 2085701024 ns
[    0.306829] NET: Registered PF_INET protocol family
[    0.307195] IP idents hash table entries: 16384 (order: 5, 131072 bytes, linear)
[    0.316979] tcp_listen_portaddr_hash hash table entries: 512 (order: 1, 8192 bytes, linear)
[    0.317656] Table-perturb hash table entries: 65536 (order: 6, 262144 bytes, linear)
[    0.318219] TCP established hash table entries: 8192 (order: 4, 65536 bytes, linear)
[    0.318760] TCP bind hash table entries: 8192 (order: 6, 262144 bytes, linear)
[    0.319274] TCP: Hash tables configured (established 8192 bind 8192)
[    0.319739] MPTCP token hash table entries: 1024 (order: 2, 24576 bytes, linear)
[    0.320256] UDP hash table entries: 512 (order: 2, 16384 bytes, linear)
[    0.320665] UDP-Lite hash table entries: 512 (order: 2, 16384 bytes, linear)
[    0.321111] NET: Registered PF_UNIX/PF_LOCAL protocol family
[    0.321458] NET: Registered PF_XDP protocol family
[    0.321752] pci_bus 0000:00: resource 4 [io  0x0000-0x0cf7 window]
[    0.322121] pci_bus 0000:00: resource 5 [io  0x0d00-0xffff window]
[    0.322493] pci_bus 0000:00: resource 6 [mem 0x000a0000-0x000bffff window]
[    0.322902] pci_bus 0000:00: resource 7 [mem 0x40000000-0xafffffff window]
[    0.323315] pci_bus 0000:00: resource 8 [mem 0xc0000000-0xfebfffff window]
[    0.323724] pci_bus 0000:00: resource 9 [mem 0x100000000-0x8ffffffff window]
[    0.324323] ACPI: \_SB_.GSIH: Enabled at IRQ 23
[    0.325000] PCI: CLS 0 bytes, default 64
[    0.325333] Trying to unpack rootfs image as initramfs...
[    0.326216] clocksource: tsc: mask: 0xffffffffffffffff max_cycles: 0x28680fa287f, max_idle_ns: 440795281151 ns
[    0.328349] Initialise system trusted keyrings
[    0.328634] Key type blacklist registered
[    0.329189] workingset: timestamp_bits=36 max_order=18 bucket_order=0
[    0.329594] zbud: loaded
[    0.331306] squashfs: version 4.0 (2009/01/31) Phillip Lougher
[    0.331720] fuse: init (API version 7.39)
[    0.332017] integrity: Platform Keyring initialized
[    0.333151] integrity: Machine keyring initialized
[    0.346224] Key type asymmetric registered
[    0.346520] Asymmetric key parser 'x509' registered
[    0.346875] Block layer SCSI generic (bsg) driver version 0.4 loaded (major 243)
[    0.349251] io scheduler mq-deadline registered
[    0.349679] shpchp: Standard Hot Plug PCI Controller Driver version: 0.4
[    0.351265] input: Power Button as /devices/LNXSYSTM:00/LNXPWRBN:00/input/input0
[    0.352255] ACPI: button: Power Button [PWRF]
[    0.353384] ACPI: \_SB_.GSIF: Enabled at IRQ 21
[    0.355635] ACPI: \_SB_.GSIG: Enabled at IRQ 22
[    0.358228] Serial: 8250/16550 driver, 32 ports, IRQ sharing enabled
[    0.404281] 00:03: ttyS0 at I/O 0x3f8 (irq = 4, base_baud = 115200) is a 16550A
[    0.406724] Linux agpgart interface v0.103
[    0.408535] loop: module loaded
[    0.408841] ACPI: bus type drm_connector registered
[    0.410253] tun: Universal TUN/TAP device driver, 1.6
[    0.411244] PPP generic driver version 2.4.2
[    0.412248] i8042: PNP: PS/2 Controller [PNP0303:KBD,PNP0f13:MOU] at 0x60,0x64 irq 1,12
[    0.414264] serio: i8042 KBD port at 0x60,0x64 irq 1
[    0.414723] serio: i8042 AUX port at 0x60,0x64 irq 12
[    0.416182] mousedev: PS/2 mouse device common for all mice
[    0.416732] input: AT Translated Set 2 keyboard as /devices/platform/i8042/serio0/input/input1
[    0.417477] rtc_cmos 00:04: RTC can wake from S4
[    0.418348] rtc_cmos 00:04: registered as rtc0
[    0.418663] rtc_cmos 00:04: setting system clock to 2026-03-07T21:49:55 UTC (1772920195)
[    0.420287] rtc_cmos 00:04: alarms up to one day, y3k, 242 bytes nvram, hpet irqs
[    0.420747] i2c_dev: i2c /dev entries driver
[    0.421019] device-mapper: core: CONFIG_IMA_DISABLE_HTABLE is disabled. Duplicate IMA measurements will not be recorded in the IMA log.
[    0.423159] device-mapper: uevent: version 1.0.3
[    0.424150] device-mapper: ioctl: 4.48.0-ioctl (2023-03-01) initialised: dm-devel@redhat.com
[    0.424728] intel_pstate: CPU model not supported
[    0.426196] ledtrig-cpu: registered to indicate activity on CPUs
[    0.426688] drop_monitor: Initializing network drop monitor service
[    0.427120] NET: Registered PF_INET6 protocol family
[    0.492978] Freeing initrd memory: 13500K
[    0.493361] Segment Routing with IPv6
[    0.493596] In-situ OAM (IOAM) with IPv6
[    0.493857] NET: Registered PF_PACKET protocol family
[    0.494189] Key type dns_resolver registered
[    0.494564] IPI shorthand broadcast: enabled
[    0.495861] sched_clock: Marking stable (438001706, 57127355)->(507171098, -12042037)
[    0.496485] registered taskstats version 1
[    0.496829] Loading compiled-in X.509 certificates
[    0.497661] Loaded X.509 cert 'Build time autogenerated kernel key: 7f71bdefc17a4d88631555bf9efbb1c93d6f5260'
[    0.498659] Loaded X.509 cert 'Canonical Ltd. Live Patch Signing 2025 Kmod: d541cef61dc7e793b7eb7e899970a2eef0b5dc8c'
[    0.500005] Loaded X.509 cert 'Canonical Ltd. Live Patch Signing: 14df34d1a87cf37625abec039ef2bf521249b969'
[    0.501053] Loaded X.509 cert 'Canonical Ltd. Kernel Module Signing: 88f752e560a1e0737e31163a466ad7b70a850c19'
[    0.501745] blacklist: Loading compiled-in revocation X.509 certificates
[    0.502225] Loaded X.509 cert 'Canonical Ltd. Secure Boot Signing: 61482aa2830d0ab2ad5af10b7250da9033ddcef0'
[    0.502909] Loaded X.509 cert 'Canonical Ltd. Secure Boot Signing (2017): 242ade75ac4a15e50d50c84b0d45ff3eae707a03'
[    0.503640] Loaded X.509 cert 'Canonical Ltd. Secure Boot Signing (ESM 2018): 365188c1d374d6b07c3c8f240f8ef722433d6a8b'
[    0.504388] Loaded X.509 cert 'Canonical Ltd. Secure Boot Signing (2019): c0746fd6c5da3ae827864651ad66ae47fe24b3e8'
[    0.505104] Loaded X.509 cert 'Canonical Ltd. Secure Boot Signing (2021 v1): a8d54bbb3825cfb94fa13c9f8a594a195c107b8d'
[    0.505837] Loaded X.509 cert 'Canonical Ltd. Secure Boot Signing (2021 v2): 4cf046892d6fd3c9a5b03f98d845f90851dc6a8c'
[    0.506573] Loaded X.509 cert 'Canonical Ltd. Secure Boot Signing (2021 v3): 100437bb6de6e469b581e61cd66bce3ef4ed53af'
[    0.507312] Loaded X.509 cert 'Canonical Ltd. Secure Boot Signing (Ubuntu Core 2019): c1d57b8f6b743f23ee41f4f7ee292f06eecadfb9'
[    0.509908] Key type .fscrypt registered
[    0.510197] Key type fscrypt-provisioning registered
[    0.510738] Key type encrypted registered
[    0.511024] AppArmor: AppArmor sha256 policy hashing enabled
[    0.511445] ima: No TPM chip found, activating TPM-bypass!
[    0.511840] Loading compiled-in module X.509 certificates
[    0.512600] Loaded X.509 cert 'Build time autogenerated kernel key: 7f71bdefc17a4d88631555bf9efbb1c93d6f5260'
[    0.513344] ima: Allocated hash algorithm: sha256
[    0.513686] ima: No architecture policies found
[    0.514082] evm: Initialising EVM extended attributes:
[    0.514443] evm: security.selinux
[    0.514677] evm: security.SMACK64
[    0.514910] evm: security.SMACK64EXEC
[    0.515174] evm: security.SMACK64TRANSMUTE
[    0.515463] evm: security.SMACK64MMAP
[    0.515714] evm: security.apparmor
[    0.515947] evm: security.ima
[    0.516157] evm: security.capability
[    0.516406] evm: HMAC attrs: 0x1
[    0.516799] PM:   Magic number: 2:523:853
[    0.519360] RAS: Correctable Errors collector initialized.
[    0.519806] clk: Disabling unused clocks
[    0.526490] Freeing unused decrypted memory: 2028K
[    0.527125] Freeing unused kernel image (initmem) memory: 4920K
[    0.527534] Write protecting the kernel read-only data: 38912k
[    0.528144] Freeing unused kernel image (rodata/data gap) memory: 1984K
[    0.536786] x86/mm: Checked W+X mappings: passed, no W+X pages found.
[    0.537096] Run /init as init process
[init-phase2] booted
[init-phase2] loading module=/lib/modules/6.8.0-101-generic/kernel/drivers/virtio/virtio_dma_buf.ko
[init-phase2] loading module=/lib/modules/6.8.0-101-generic/kernel/drivers/gpu/drm/virtio/virtio-gpu.ko
[    0.543380] [drm] pci: virtio-vga detected at 0000:00:02.0
[    0.543635] virtio-pci 0000:00:02.0: vgaarb: deactivate vga console
[    0.548502] Console: switching to colour dummy device 80x25
[    0.548864] [drm] features: -virgl +edid -resource_blob -host_visible
[    0.548865] [drm] features: -context_init
[    0.549729] [drm] number of scanouts: 1
[    0.549918] [drm] number of cap sets: 0
[    0.550258] [drm] Initialized virtio_gpu 0.1.0 0 for 0000:00:02.0 on minor 0
[    0.552254] fbcon: virtio_gpudrmfb (fb0) is primary device
[    0.554270] Console: switching to colour frame buffer device 160x50
[    0.556518] virtio-pci 0000:00:02.0: [drm] fb0: virtio_gpudrmfb frame buffer device
total 0
crw-------    1 root     root      226,   0 Mar  7 21:49 card0
crw-------    1 root     root      226, 128 Mar  7 21:49 renderD128
[init-phase2] seatd pid=89
[init-phase2] weston pid=90
xkbcommon: ERROR: failed to add default include path /usr/share/X11/xkb
[init-phase2] wayland socket did not appear
Date: 2026-03-07 UTC
[21:49:55.644] weston 13.0.0
               https://wayland.freedesktop.org
               Bug reports to: https://gitlab.freedesktop.org/wayland/weston/issues/
               Build: 13.0.0
[21:49:55.644] Command line: /usr/bin/weston --backend=drm --renderer=pixman --shell=kiosk-shell.so --socket=wayland-1 --continue-without-input --log=/var/log/weston.log
[21:49:55.644] OS: Linux, 6.8.0-101-generic, #101-Ubuntu SMP PREEMPT_DYNAMIC Mon Feb  9 10:15:05 UTC 2026, x86_64
[21:49:55.644] Flight recorder: enabled
[21:49:55.644] Using config file '/etc/xdg/weston/weston.ini'
[21:49:55.645] failed to create XKB context
[   10.501802] ACPI: PM: Preparing to enter system sleep state S5
[   10.502680] reboot: Power down
