[    0.000000] Linux version 6.8.0-101-generic (buildd@lcy02-amd64-051) (x86_64-linux-gnu-gcc-13 (Ubuntu 13.3.0-6ubuntu2~24.04) 13.3.0, GNU ld (GNU Binutils for Ubuntu) 2.42) #101-Ubuntu SMP PREEMPT_DYNAMIC Mon Feb  9 10:15:05 UTC 2026 (Ubuntu 6.8.0-101.101-generic 6.8.12)
[    0.000000] Command line: console=ttyS0 panic=-1 no_console_suspend rdinit=/init phase3_client=kms-pattern display_probe=1 phase3_runtime_seconds=25 phase3_suspend_delay_seconds=10 phase3_wake_seconds=5 phase3_pm_test=devices phase3_drm_state_capture=1 phase3_drm_state_capture_pre_delay_seconds=4 phase3_drm_state_capture_post_delay_seconds=11
[    0.000000] KERNEL supported cpus:
[    0.000000]   Intel GenuineIntel
[    0.000000]   AMD AuthenticAMD
[    0.000000]   Hygon HygonGenuine
[    0.000000]   Centaur CentaurHauls
[    0.000000]   zhaoxin   Shanghai  
[    0.000000] BIOS-provided physical RAM map:
[    0.000000] BIOS-e820: [mem 0x0000000000000000-0x000000000009fbff] usable
[    0.000000] BIOS-e820: [mem 0x000000000009fc00-0x000000000009ffff] reserved
[    0.000000] BIOS-e820: [mem 0x00000000000f0000-0x00000000000fffff] reserved
[    0.000000] BIOS-e820: [mem 0x0000000000100000-0x000000007ffddfff] usable
[    0.000000] BIOS-e820: [mem 0x000000007ffde000-0x000000007fffffff] reserved
[    0.000000] BIOS-e820: [mem 0x00000000b0000000-0x00000000bfffffff] reserved
[    0.000000] BIOS-e820: [mem 0x00000000fed1c000-0x00000000fed1ffff] reserved
[    0.000000] BIOS-e820: [mem 0x00000000feffc000-0x00000000feffffff] reserved
[    0.000000] BIOS-e820: [mem 0x00000000fffc0000-0x00000000ffffffff] reserved
[    0.000000] NX (Execute Disable) protection: active
[    0.000000] APIC: Static calls initialized
[    0.000000] SMBIOS 3.0.0 present.
[    0.000000] DMI: QEMU Standard PC (Q35 + ICH9, 2009), BIOS 1.16.3-debian-1.16.3-2 04/01/2014
[    0.000000] Hypervisor detected: KVM
[    0.000000] kvm-clock: Using msrs 4b564d01 and 4b564d00
[    0.000000] kvm-clock: using sched offset of 546973267 cycles
[    0.000002] clocksource: kvm-clock: mask: 0xffffffffffffffff max_cycles: 0x1cd42e4dffb, max_idle_ns: 881590591483 ns
[    0.000004] tsc: Detected 2803.200 MHz processor
[    0.000605] last_pfn = 0x7ffde max_arch_pfn = 0x400000000
[    0.000638] MTRR map: 4 entries (3 fixed + 1 variable; max 19), built from 8 variable MTRRs
[    0.000641] x86/PAT: Configuration [0-7]: WB  WC  UC- UC  WB  WP  UC- WT  
[    0.006097] found SMP MP-table at [mem 0x000f5470-0x000f547f]
[    0.006119] Using GB pages for direct mapping
[    0.006242] RAMDISK: [mem 0x75de6000-0x7ffcffff]
[    0.006252] ACPI: Early table checksum verification disabled
[    0.006255] ACPI: RSDP 0x00000000000F52B0 000014 (v00 BOCHS )
[    0.006259] ACPI: RSDT 0x000000007FFE2304 000038 (v01 BOCHS  BXPC     00000001 BXPC 00000001)
[    0.006264] ACPI: FACP 0x000000007FFE20FC 0000F4 (v03 BOCHS  BXPC     00000001 BXPC 00000001)
[    0.006271] ACPI: DSDT 0x000000007FFE0040 0020BC (v01 BOCHS  BXPC     00000001 BXPC 00000001)
[    0.006274] ACPI: FACS 0x000000007FFE0000 000040
[    0.006277] ACPI: APIC 0x000000007FFE21F0 000078 (v03 BOCHS  BXPC     00000001 BXPC 00000001)
[    0.006279] ACPI: HPET 0x000000007FFE2268 000038 (v01 BOCHS  BXPC     00000001 BXPC 00000001)
[    0.006282] ACPI: MCFG 0x000000007FFE22A0 00003C (v01 BOCHS  BXPC     00000001 BXPC 00000001)
[    0.006285] ACPI: WAET 0x000000007FFE22DC 000028 (v01 BOCHS  BXPC     00000001 BXPC 00000001)
[    0.006287] ACPI: Reserving FACP table memory at [mem 0x7ffe20fc-0x7ffe21ef]
[    0.006288] ACPI: Reserving DSDT table memory at [mem 0x7ffe0040-0x7ffe20fb]
[    0.006289] ACPI: Reserving FACS table memory at [mem 0x7ffe0000-0x7ffe003f]
[    0.006289] ACPI: Reserving APIC table memory at [mem 0x7ffe21f0-0x7ffe2267]
[    0.006290] ACPI: Reserving HPET table memory at [mem 0x7ffe2268-0x7ffe229f]
[    0.006290] ACPI: Reserving MCFG table memory at [mem 0x7ffe22a0-0x7ffe22db]
[    0.006291] ACPI: Reserving WAET table memory at [mem 0x7ffe22dc-0x7ffe2303]
[    0.006522] No NUMA configuration found
[    0.006523] Faking a node at [mem 0x0000000000000000-0x000000007ffddfff]
[    0.006528] NODE_DATA(0) allocated [mem 0x75dbb000-0x75de5fff]
[    0.006767] Zone ranges:
[    0.006768]   DMA      [mem 0x0000000000001000-0x0000000000ffffff]
[    0.006769]   DMA32    [mem 0x0000000001000000-0x000000007ffddfff]
[    0.006771]   Normal   empty
[    0.006772]   Device   empty
[    0.006772] Movable zone start for each node
[    0.006773] Early memory node ranges
[    0.006774]   node   0: [mem 0x0000000000001000-0x000000000009efff]
[    0.006775]   node   0: [mem 0x0000000000100000-0x000000007ffddfff]
[    0.006776] Initmem setup node 0 [mem 0x0000000000001000-0x000000007ffddfff]
[    0.008666] On node 0, zone DMA: 1 pages in unavailable ranges
[    0.008676] On node 0, zone DMA: 97 pages in unavailable ranges
[    0.069600] On node 0, zone DMA32: 34 pages in unavailable ranges
[    0.069854] ACPI: PM-Timer IO Port: 0x608
[    0.069868] ACPI: LAPIC_NMI (acpi_id[0xff] dfl dfl lint[0x1])
[    0.069899] IOAPIC[0]: apic_id 0, version 17, address 0xfec00000, GSI 0-23
[    0.069902] ACPI: INT_SRC_OVR (bus 0 bus_irq 0 global_irq 2 dfl dfl)
[    0.069903] ACPI: INT_SRC_OVR (bus 0 bus_irq 5 global_irq 5 high level)
[    0.069904] ACPI: INT_SRC_OVR (bus 0 bus_irq 9 global_irq 9 high level)
[    0.069905] ACPI: INT_SRC_OVR (bus 0 bus_irq 10 global_irq 10 high level)
[    0.069906] ACPI: INT_SRC_OVR (bus 0 bus_irq 11 global_irq 11 high level)
[    0.069915] ACPI: Using ACPI (MADT) for SMP configuration information
[    0.069917] ACPI: HPET id: 0x8086a201 base: 0xfed00000
[    0.069924] TSC deadline timer available
[    0.069925] smpboot: Allowing 1 CPUs, 0 hotplug CPUs
[    0.069946] kvm-guest: APIC: eoi() replaced with kvm_guest_apic_eoi_write()
[    0.069971] PM: hibernation: Registered nosave memory: [mem 0x00000000-0x00000fff]
[    0.069973] PM: hibernation: Registered nosave memory: [mem 0x0009f000-0x000fffff]
[    0.069974] [mem 0xc0000000-0xfed1bfff] available for PCI devices
[    0.069975] Booting paravirtualized kernel on KVM
[    0.069977] clocksource: refined-jiffies: mask: 0xffffffff max_cycles: 0xffffffff, max_idle_ns: 1910969940391419 ns
[    0.069989] setup_percpu: NR_CPUS:8192 nr_cpumask_bits:1 nr_cpu_ids:1 nr_node_ids:1
[    0.072575] percpu: Embedded 86 pages/cpu s229376 r8192 d114688 u2097152
[    0.072646] kvm-guest: PV spinlocks disabled, single CPU
[    0.072648] Kernel command line: console=ttyS0 panic=-1 no_console_suspend rdinit=/init phase3_client=kms-pattern display_probe=1 phase3_runtime_seconds=25 phase3_suspend_delay_seconds=10 phase3_wake_seconds=5 phase3_pm_test=devices phase3_drm_state_capture=1 phase3_drm_state_capture_pre_delay_seconds=4 phase3_drm_state_capture_post_delay_seconds=11
[    0.072877] Unknown kernel command line parameters "phase3_client=kms-pattern display_probe=1 phase3_runtime_seconds=25 phase3_suspend_delay_seconds=10 phase3_wake_seconds=5 phase3_pm_test=devices phase3_drm_state_capture=1 phase3_drm_state_capture_pre_delay_seconds=4 phase3_drm_state_capture_post_delay_seconds=11", will be passed to user space.
[    0.072933] random: crng init done
[    0.079087] Dentry cache hash table entries: 262144 (order: 9, 2097152 bytes, linear)
[    0.079943] Inode-cache hash table entries: 131072 (order: 8, 1048576 bytes, linear)
[    0.080006] Fallback order for Node 0: 0 
[    0.080010] Built 1 zonelists, mobility grouping on.  Total pages: 515806
[    0.080011] Policy zone: DMA32
[    0.080020] mem auto-init: stack:all(zero), heap alloc:on, heap free:off
[    0.085059] Memory: 1840196K/2096624K available (22528K kernel code, 4439K rwdata, 14400K rodata, 4920K init, 4788K bss, 256168K reserved, 0K cma-reserved)
[    0.086042] SLUB: HWalign=64, Order=0-3, MinObjects=0, CPUs=1, Nodes=1
[    0.086157] ftrace: allocating 58250 entries in 228 pages
[    0.096254] ftrace: allocated 228 pages with 4 groups
[    0.097351] Dynamic Preempt: voluntary
[    0.098770] rcu: Preemptible hierarchical RCU implementation.
[    0.098772] rcu: 	RCU restricting CPUs from NR_CPUS=8192 to nr_cpu_ids=1.
[    0.098773] 	Trampoline variant of Tasks RCU enabled.
[    0.098774] 	Rude variant of Tasks RCU enabled.
[    0.098774] 	Tracing variant of Tasks RCU enabled.
[    0.098775] rcu: RCU calculated value of scheduler-enlistment delay is 100 jiffies.
[    0.098775] rcu: Adjusting geometry for rcu_fanout_leaf=16, nr_cpu_ids=1
[    0.098789] RCU Tasks: Setting shift to 0 and lim to 1 rcu_task_cb_adjust=1 rcu_task_cpu_ids=1.
[    0.098790] RCU Tasks Rude: Setting shift to 0 and lim to 1 rcu_task_cb_adjust=1 rcu_task_cpu_ids=1.
[    0.098791] RCU Tasks Trace: Setting shift to 0 and lim to 1 rcu_task_cb_adjust=1 rcu_task_cpu_ids=1.
[    0.108153] NR_IRQS: 524544, nr_irqs: 256, preallocated irqs: 16
[    0.108432] rcu: srcu_init: Setting srcu_struct sizes based on contention.
[    0.117840] Console: colour VGA+ 80x25
[    0.117885] printk: legacy console [ttyS0] enabled
[    0.177755] ACPI: Core revision 20230628
[    0.178183] clocksource: hpet: mask: 0xffffffff max_cycles: 0xffffffff, max_idle_ns: 19112604467 ns
[    0.178893] APIC: Switch to symmetric I/O mode setup
[    0.179514] x2apic enabled
[    0.179992] APIC: Switched APIC routing to: physical x2apic
[    0.181213] ..TIMER: vector=0x30 apic1=0 pin1=2 apic2=-1 pin2=-1
[    0.181620] clocksource: tsc-early: mask: 0xffffffffffffffff max_cycles: 0x28680fa287f, max_idle_ns: 440795281151 ns
[    0.182354] Calibrating delay loop (skipped) preset value.. 5606.40 BogoMIPS (lpj=2803200)
[    0.183487] x86/cpu: User Mode Instruction Prevention (UMIP) activated
[    0.184022] Last level iTLB entries: 4KB 0, 2MB 0, 4MB 0
[    0.184352] Last level dTLB entries: 4KB 0, 2MB 0, 4MB 0, 1GB 0
[    0.184742] Spectre V1 : Mitigation: usercopy/swapgs barriers and __user pointer sanitization
[    0.185354] Spectre V2 : Spectre BHI mitigation: SW BHB clearing on vm exit
[    0.185763] Spectre V2 : Spectre BHI mitigation: SW BHB clearing on syscall
[    0.186149] Spectre V2 : Mitigation: Enhanced / Automatic IBRS
[    0.186351] Spectre V2 : Spectre v2 / PBRSB-eIBRS: Retire a single CALL on VMEXIT
[    0.186830] Spectre V2 : mitigation: Enabling conditional Indirect Branch Prediction Barrier
[    0.187352] Speculative Store Bypass: Mitigation: Speculative Store Bypass disabled via prctl
[    0.188000] ITS: WARNING: ITS mitigation depends on retpoline and rethunk support
[    0.188351] ITS: Vulnerable
[    0.188528] x86/fpu: Supporting XSAVE feature 0x001: 'x87 floating point registers'
[    0.189351] x86/fpu: Supporting XSAVE feature 0x002: 'SSE registers'
[    0.189775] x86/fpu: Supporting XSAVE feature 0x004: 'AVX registers'
[    0.190191] x86/fpu: Supporting XSAVE feature 0x020: 'AVX-512 opmask'
[    0.190351] x86/fpu: Supporting XSAVE feature 0x040: 'AVX-512 Hi256'
[    0.190716] x86/fpu: Supporting XSAVE feature 0x080: 'AVX-512 ZMM_Hi256'
[    0.191351] x86/fpu: Supporting XSAVE feature 0x200: 'Protection Keys User registers'
[    0.191880] x86/fpu: xstate_offset[2]:  576, xstate_sizes[2]:  256
[    0.192352] x86/fpu: xstate_offset[5]:  832, xstate_sizes[5]:   64
[    0.192753] x86/fpu: xstate_offset[6]:  896, xstate_sizes[6]:  512
[    0.193153] x86/fpu: xstate_offset[7]: 1408, xstate_sizes[7]: 1024
[    0.193351] x86/fpu: xstate_offset[9]: 2432, xstate_sizes[9]:    8
[    0.193722] x86/fpu: Enabled xstate features 0x2e7, context size is 2440 bytes, using 'compacted' format.
[    0.219829] Freeing SMP alternatives memory: 48K
[    0.220197] pid_max: default: 32768 minimum: 301
[    0.220427] LSM: initializing lsm=lockdown,capability,landlock,yama,apparmor,integrity
[    0.220990] landlock: Up and running.
[    0.221353] Yama: becoming mindful.
[    0.221633] AppArmor: AppArmor initialized
[    0.221967] Mount-cache hash table entries: 4096 (order: 3, 32768 bytes, linear)
[    0.222371] Mountpoint-cache hash table entries: 4096 (order: 3, 32768 bytes, linear)
[    0.223637] smpboot: CPU0: 11th Gen Intel(R) Core(TM) i7-1165G7 @ 2.80GHz (family: 0x6, model: 0x8c, stepping: 0x1)
[    0.224403] Performance Events: Icelake events, full-width counters, Intel PMU driver.
[    0.224984] ... version:                2
[    0.225248] ... bit width:              48
[    0.225353] ... generic registers:      8
[    0.225618] ... value mask:             0000ffffffffffff
[    0.225966] ... max period:             00007fffffffffff
[    0.226326] ... fixed-purpose events:   3
[    0.226353] ... event mask:             00000007000000ff
[    0.226791] signal: max sigframe size: 3632
[    0.227158] rcu: Hierarchical SRCU implementation.
[    0.227352] rcu: 	Max phase no-delay instances is 400.
[    0.228036] smp: Bringing up secondary CPUs ...
[    0.228360] smp: Brought up 1 node, 1 CPU
[    0.228628] smpboot: Max logical packages: 1
[    0.228915] smpboot: Total of 1 processors activated (5606.40 BogoMIPS)
[    0.229597] devtmpfs: initialized
[    0.229920] x86/mm: Memory block size: 128MB
[    0.230655] clocksource: jiffies: mask: 0xffffffff max_cycles: 0xffffffff, max_idle_ns: 1911260446275000 ns
[    0.231315] futex hash table entries: 256 (order: 2, 16384 bytes, linear)
[    0.231425] pinctrl core: initialized pinctrl subsystem
[    0.232001] PM: RTC time: 05:40:07, date: 2026-03-08
[    0.233872] NET: Registered PF_NETLINK/PF_ROUTE protocol family
[    0.234551] DMA: preallocated 256 KiB GFP_KERNEL pool for atomic allocations
[    0.235029] DMA: preallocated 256 KiB GFP_KERNEL|GFP_DMA pool for atomic allocations
[    0.235493] DMA: preallocated 256 KiB GFP_KERNEL|GFP_DMA32 pool for atomic allocations
[    0.236022] audit: initializing netlink subsys (disabled)
[    0.236529] thermal_sys: Registered thermal governor 'fair_share'
[    0.236530] thermal_sys: Registered thermal governor 'bang_bang'
[    0.236938] thermal_sys: Registered thermal governor 'step_wise'
[    0.237331] thermal_sys: Registered thermal governor 'user_space'
[    0.237356] audit: type=2000 audit(1772948407.739:1): state=initialized audit_enabled=0 res=1
[    0.238324] thermal_sys: Registered thermal governor 'power_allocator'
[    0.238334] cpuidle: using governor ladder
[    0.238623] cpuidle: using governor menu
[    0.238974] acpiphp: ACPI Hot Plug PCI Controller Driver version: 0.5
[    0.239481] PCI: ECAM [mem 0xb0000000-0xbfffffff] (base 0xb0000000) for domain 0000 [bus 00-ff]
[    0.240056] PCI: ECAM [mem 0xb0000000-0xbfffffff] reserved as E820 entry
[    0.240359] PCI: Using configuration type 1 for base access
[    0.240860] kprobes: kprobe jump-optimization is enabled. All kprobes are optimized if possible.
[    0.269371] HugeTLB: registered 1.00 GiB page size, pre-allocated 0 pages
[    0.269881] HugeTLB: 16380 KiB vmemmap can be freed for a 1.00 GiB page
[    0.270315] HugeTLB: registered 2.00 MiB page size, pre-allocated 0 pages
[    0.270353] HugeTLB: 28 KiB vmemmap can be freed for a 2.00 MiB page
[    0.272681] ACPI: Added _OSI(Module Device)
[    0.272987] ACPI: Added _OSI(Processor Device)
[    0.273267] ACPI: Added _OSI(Processor Aggregator Device)
[    0.274323] ACPI: 1 ACPI AML tables successfully acquired and loaded
[    0.275036] ACPI: _OSC evaluation for CPUs failed, trying _PDC
[    0.275438] ACPI: Interpreter enabled
[    0.275690] ACPI: PM: (supports S0 S3 S4 S5)
[    0.276000] ACPI: Using IOAPIC for interrupt routing
[    0.276416] PCI: Using host bridge windows from ACPI; if necessary, use "pci=nocrs" and report a bug
[    0.277024] PCI: Using E820 reservations for host bridge windows
[    0.277441] ACPI: Enabled 2 GPEs in block 00 to 3F
[    0.279180] ACPI: PCI Root Bridge [PCI0] (domain 0000 [bus 00-ff])
[    0.279355] acpi PNP0A08:00: _OSC: OS supports [ExtendedConfig ASPM ClockPM Segments MSI EDR HPX-Type3]
[    0.280002] acpi PNP0A08:00: _OSC: platform does not support [PCIeHotplug LTR DPC]
[    0.280397] acpi PNP0A08:00: _OSC: OS now controls [SHPCHotplug PME AER PCIeCapability]
[    0.281001] PCI host bridge to bus 0000:00
[    0.281238] pci_bus 0000:00: root bus resource [io  0x0000-0x0cf7 window]
[    0.281362] pci_bus 0000:00: root bus resource [io  0x0d00-0xffff window]
[    0.281767] pci_bus 0000:00: root bus resource [mem 0x000a0000-0x000bffff window]
[    0.282199] pci_bus 0000:00: root bus resource [mem 0x80000000-0xafffffff window]
[    0.282352] pci_bus 0000:00: root bus resource [mem 0xc0000000-0xfebfffff window]
[    0.282799] pci_bus 0000:00: root bus resource [mem 0x100000000-0x8ffffffff window]
[    0.283313] pci_bus 0000:00: root bus resource [bus 00-ff]
[    0.283409] pci 0000:00:00.0: [8086:29c0] type 00 class 0x060000 conventional PCI endpoint
[    0.284291] pci 0000:00:01.0: [1af4:1000] type 00 class 0x020000 conventional PCI endpoint
[    0.285058] pci 0000:00:01.0: BAR 0 [io  0xc040-0xc05f]
[    0.285371] pci 0000:00:01.0: BAR 4 [mem 0xfe800000-0xfe803fff 64bit pref]
[    0.285770] pci 0000:00:01.0: ROM [mem 0xfeb00000-0xfeb7ffff pref]
[    0.286574] pci 0000:00:02.0: [1af4:1050] type 00 class 0x030000 conventional PCI endpoint
[    0.288018] pci 0000:00:02.0: BAR 0 [mem 0xfe000000-0xfe7fffff pref]
[    0.288365] pci 0000:00:02.0: BAR 2 [mem 0xfe804000-0xfe807fff 64bit pref]
[    0.288775] pci 0000:00:02.0: BAR 4 [mem 0xfeb94000-0xfeb94fff]
[    0.289168] pci 0000:00:02.0: ROM [mem 0xfeb80000-0xfeb8ffff pref]
[    0.289416] pci 0000:00:02.0: Video device with shadowed ROM at [mem 0x000c0000-0x000dffff]
[    0.290410] pci 0000:00:03.0: [1b36:000d] type 00 class 0x0c0330 PCIe Root Complex Integrated Endpoint
[    0.291531] pci 0000:00:03.0: BAR 0 [mem 0xfeb90000-0xfeb93fff 64bit]
[    0.299013] pci 0000:00:1f.0: [8086:2918] type 00 class 0x060100 conventional PCI endpoint
[    0.299667] pci 0000:00:1f.0: quirk: [io  0x0600-0x067f] claimed by ICH6 ACPI/GPIO/TCO
[    0.300419] pci 0000:00:1f.2: [8086:2922] type 00 class 0x010601 conventional PCI endpoint
[    0.301521] pci 0000:00:1f.2: BAR 4 [io  0xc060-0xc07f]
[    0.301832] pci 0000:00:1f.2: BAR 5 [mem 0xfeb95000-0xfeb95fff]
[    0.302412] pci 0000:00:1f.3: [8086:2930] type 00 class 0x0c0500 conventional PCI endpoint
[    0.303237] pci 0000:00:1f.3: BAR 4 [io  0x0700-0x073f]
[    0.303633] ACPI: PCI: Interrupt link LNKA configured for IRQ 10
[    0.304033] ACPI: PCI: Interrupt link LNKB configured for IRQ 10
[    0.304406] ACPI: PCI: Interrupt link LNKC configured for IRQ 11
[    0.304851] ACPI: PCI: Interrupt link LNKD configured for IRQ 11
[    0.305301] ACPI: PCI: Interrupt link LNKE configured for IRQ 10
[    0.305400] ACPI: PCI: Interrupt link LNKF configured for IRQ 10
[    0.305848] ACPI: PCI: Interrupt link LNKG configured for IRQ 11
[    0.306287] ACPI: PCI: Interrupt link LNKH configured for IRQ 11
[    0.306371] ACPI: PCI: Interrupt link GSIA configured for IRQ 16
[    0.306769] ACPI: PCI: Interrupt link GSIB configured for IRQ 17
[    0.307186] ACPI: PCI: Interrupt link GSIC configured for IRQ 18
[    0.307358] ACPI: PCI: Interrupt link GSID configured for IRQ 19
[    0.307707] ACPI: PCI: Interrupt link GSIE configured for IRQ 20
[    0.308074] ACPI: PCI: Interrupt link GSIF configured for IRQ 21
[    0.308358] ACPI: PCI: Interrupt link GSIG configured for IRQ 22
[    0.308703] ACPI: PCI: Interrupt link GSIH configured for IRQ 23
[    0.309530] iommu: Default domain type: Translated
[    0.309816] iommu: DMA domain TLB invalidation policy: lazy mode
[    0.310369] SCSI subsystem initialized
[    0.310668] ACPI: bus type USB registered
[    0.310943] usbcore: registered new interface driver usbfs
[    0.311283] usbcore: registered new interface driver hub
[    0.311359] usbcore: registered new device driver usb
[    0.311752] pps_core: LinuxPPS API ver. 1 registered
[    0.312038] pps_core: Software ver. 5.3.6 - Copyright 2005-2007 Rodolfo Giometti <giometti@linux.it>
[    0.312354] PTP clock support registered
[    0.312660] EDAC MC: Ver: 3.0.0
[    0.313259] NetLabel: Initializing
[    0.313353] NetLabel:  domain hash size = 128
[    0.313653] NetLabel:  protocols = UNLABELED CIPSOv4 CALIPSO
[    0.314034] NetLabel:  unlabeled traffic allowed by default
[    0.314423] mctp: management component transport protocol core
[    0.314760] NET: Registered PF_MCTP protocol family
[    0.315054] PCI: Using ACPI for IRQ routing
[    0.406517] pci 0000:00:02.0: vgaarb: setting as boot VGA device
[    0.407052] pci 0000:00:02.0: vgaarb: bridge control possible
[    0.407350] pci 0000:00:02.0: vgaarb: VGA device added: decodes=io+mem,owns=io+mem,locks=none
[    0.407355] vgaarb: loaded
[    0.407705] hpet0: at MMIO 0xfed00000, IRQs 2, 8, 0
[    0.408042] hpet0: 3 comparators, 64-bit 100.000000 MHz counter
[    0.412387] clocksource: Switched to clocksource kvm-clock
[    0.413622] VFS: Disk quotas dquot_6.6.0
[    0.413949] VFS: Dquot-cache hash table entries: 512 (order 0, 4096 bytes)
[    0.414606] AppArmor: AppArmor Filesystem Enabled
[    0.414939] pnp: PnP ACPI init
[    0.415261] system 00:05: [mem 0xb0000000-0xbfffffff window] has been reserved
[    0.415839] pnp: PnP ACPI: found 6 devices
[    0.421585] clocksource: acpi_pm: mask: 0xffffff max_cycles: 0xffffff, max_idle_ns: 2085701024 ns
[    0.422226] NET: Registered PF_INET protocol family
[    0.423745] IP idents hash table entries: 32768 (order: 6, 262144 bytes, linear)
[    0.438203] tcp_listen_portaddr_hash hash table entries: 1024 (order: 2, 16384 bytes, linear)
[    0.438824] Table-perturb hash table entries: 65536 (order: 6, 262144 bytes, linear)
[    0.439402] TCP established hash table entries: 16384 (order: 5, 131072 bytes, linear)
[    0.440084] TCP bind hash table entries: 16384 (order: 7, 524288 bytes, linear)
[    0.440621] TCP: Hash tables configured (established 16384 bind 16384)
[    0.441116] MPTCP token hash table entries: 2048 (order: 3, 49152 bytes, linear)
[    0.441589] UDP hash table entries: 1024 (order: 3, 32768 bytes, linear)
[    0.442054] UDP-Lite hash table entries: 1024 (order: 3, 32768 bytes, linear)
[    0.442587] NET: Registered PF_UNIX/PF_LOCAL protocol family
[    0.442997] NET: Registered PF_XDP protocol family
[    0.443299] pci_bus 0000:00: resource 4 [io  0x0000-0x0cf7 window]
[    0.443740] pci_bus 0000:00: resource 5 [io  0x0d00-0xffff window]
[    0.444185] pci_bus 0000:00: resource 6 [mem 0x000a0000-0x000bffff window]
[    0.444653] pci_bus 0000:00: resource 7 [mem 0x80000000-0xafffffff window]
[    0.445117] pci_bus 0000:00: resource 8 [mem 0xc0000000-0xfebfffff window]
[    0.445595] pci_bus 0000:00: resource 9 [mem 0x100000000-0x8ffffffff window]
[    0.446331] ACPI: \_SB_.GSIH: Enabled at IRQ 23
[    0.447195] PCI: CLS 0 bytes, default 64
[    0.447593] clocksource: tsc: mask: 0xffffffffffffffff max_cycles: 0x28680fa287f, max_idle_ns: 440795281151 ns
[    0.448326] Trying to unpack rootfs image as initramfs...
[    0.450208] Initialise system trusted keyrings
[    0.450557] Key type blacklist registered
[    0.451018] workingset: timestamp_bits=36 max_order=19 bucket_order=0
[    0.451442] zbud: loaded
[    0.453090] squashfs: version 4.0 (2009/01/31) Phillip Lougher
[    0.454984] fuse: init (API version 7.39)
[    0.455366] integrity: Platform Keyring initialized
[    0.455709] integrity: Machine keyring initialized
[    0.469994] Key type asymmetric registered
[    0.470281] Asymmetric key parser 'x509' registered
[    0.470599] Block layer SCSI generic (bsg) driver version 0.4 loaded (major 243)
[    0.472034] io scheduler mq-deadline registered
[    0.473100] shpchp: Standard Hot Plug PCI Controller Driver version: 0.4
[    0.473654] input: Power Button as /devices/LNXSYSTM:00/LNXPWRBN:00/input/input0
[    0.476049] ACPI: button: Power Button [PWRF]
[    0.476607] ACPI: \_SB_.GSIF: Enabled at IRQ 21
[    0.478849] ACPI: \_SB_.GSIG: Enabled at IRQ 22
[    0.481996] Serial: 8250/16550 driver, 32 ports, IRQ sharing enabled
[    0.528044] 00:03: ttyS0 at I/O 0x3f8 (irq = 4, base_baud = 115200) is a 16550A
[    0.533592] Linux agpgart interface v0.103
[    0.537248] loop: module loaded
[    0.537560] ACPI: bus type drm_connector registered
[    0.539046] tun: Universal TUN/TAP device driver, 1.6
[    0.540982] PPP generic driver version 2.4.2
[    0.541352] i8042: PNP: PS/2 Controller [PNP0303:KBD,PNP0f13:MOU] at 0x60,0x64 irq 1,12
[    0.543756] serio: i8042 KBD port at 0x60,0x64 irq 1
[    0.544110] serio: i8042 AUX port at 0x60,0x64 irq 12
[    0.544506] mousedev: PS/2 mouse device common for all mice
[    0.545073] input: AT Translated Set 2 keyboard as /devices/platform/i8042/serio0/input/input1
[    0.545820] rtc_cmos 00:04: RTC can wake from S4
[    0.547421] rtc_cmos 00:04: registered as rtc0
[    0.547777] rtc_cmos 00:04: setting system clock to 2026-03-08T05:40:08 UTC (1772948408)
[    0.549969] rtc_cmos 00:04: alarms up to one day, y3k, 242 bytes nvram, hpet irqs
[    0.550443] i2c_dev: i2c /dev entries driver
[    0.550723] device-mapper: core: CONFIG_IMA_DISABLE_HTABLE is disabled. Duplicate IMA measurements will not be recorded in the IMA log.
[    0.553001] device-mapper: uevent: version 1.0.3
[    0.553348] device-mapper: ioctl: 4.48.0-ioctl (2023-03-01) initialised: dm-devel@redhat.com
[    0.553886] intel_pstate: CPU model not supported
[    0.555060] ledtrig-cpu: registered to indicate activity on CPUs
[    0.555488] drop_monitor: Initializing network drop monitor service
[    0.556983] NET: Registered PF_INET6 protocol family
[    2.391731] Freeing initrd memory: 165800K
[    2.392471] Segment Routing with IPv6
[    2.392743] In-situ OAM (IOAM) with IPv6
[    2.393059] NET: Registered PF_PACKET protocol family
[    2.393442] Key type dns_resolver registered
[    2.393958] IPI shorthand broadcast: enabled
[    2.395489] sched_clock: Marking stable (2324001610, 70910368)->(2408966021, -14054043)
[    2.396172] registered taskstats version 1
[    2.396521] Loading compiled-in X.509 certificates
[    2.397387] Loaded X.509 cert 'Build time autogenerated kernel key: 7f71bdefc17a4d88631555bf9efbb1c93d6f5260'
[    2.398522] Loaded X.509 cert 'Canonical Ltd. Live Patch Signing 2025 Kmod: d541cef61dc7e793b7eb7e899970a2eef0b5dc8c'
[    2.399627] Loaded X.509 cert 'Canonical Ltd. Live Patch Signing: 14df34d1a87cf37625abec039ef2bf521249b969'
[    2.400637] Loaded X.509 cert 'Canonical Ltd. Kernel Module Signing: 88f752e560a1e0737e31163a466ad7b70a850c19'
[    2.401252] blacklist: Loading compiled-in revocation X.509 certificates
[    2.401651] Loaded X.509 cert 'Canonical Ltd. Secure Boot Signing: 61482aa2830d0ab2ad5af10b7250da9033ddcef0'
[    2.402316] Loaded X.509 cert 'Canonical Ltd. Secure Boot Signing (2017): 242ade75ac4a15e50d50c84b0d45ff3eae707a03'
[    2.403007] Loaded X.509 cert 'Canonical Ltd. Secure Boot Signing (ESM 2018): 365188c1d374d6b07c3c8f240f8ef722433d6a8b'
[    2.403672] Loaded X.509 cert 'Canonical Ltd. Secure Boot Signing (2019): c0746fd6c5da3ae827864651ad66ae47fe24b3e8'
[    2.404387] Loaded X.509 cert 'Canonical Ltd. Secure Boot Signing (2021 v1): a8d54bbb3825cfb94fa13c9f8a594a195c107b8d'
[    2.405156] Loaded X.509 cert 'Canonical Ltd. Secure Boot Signing (2021 v2): 4cf046892d6fd3c9a5b03f98d845f90851dc6a8c'
[    2.405859] Loaded X.509 cert 'Canonical Ltd. Secure Boot Signing (2021 v3): 100437bb6de6e469b581e61cd66bce3ef4ed53af'
[    2.406579] Loaded X.509 cert 'Canonical Ltd. Secure Boot Signing (Ubuntu Core 2019): c1d57b8f6b743f23ee41f4f7ee292f06eecadfb9'
[    2.411008] Key type .fscrypt registered
[    2.411321] Key type fscrypt-provisioning registered
[    2.412008] Key type encrypted registered
[    2.412278] AppArmor: AppArmor sha256 policy hashing enabled
[    2.412640] ima: No TPM chip found, activating TPM-bypass!
[    2.413008] Loading compiled-in module X.509 certificates
[    2.413782] Loaded X.509 cert 'Build time autogenerated kernel key: 7f71bdefc17a4d88631555bf9efbb1c93d6f5260'
[    2.414423] ima: Allocated hash algorithm: sha256
[    2.414717] ima: No architecture policies found
[    2.415028] evm: Initialising EVM extended attributes:
[    2.415339] evm: security.selinux
[    2.415541] evm: security.SMACK64
[    2.415744] evm: security.SMACK64EXEC
[    2.415987] evm: security.SMACK64TRANSMUTE
[    2.416241] evm: security.SMACK64MMAP
[    2.416464] evm: security.apparmor
[    2.416672] evm: security.ima
[    2.416854] evm: security.capability
[    2.417110] evm: HMAC attrs: 0x1
[    2.417524] PM:   Magic number: 2:243:668
[    2.420767] RAS: Correctable Errors collector initialized.
[    2.421219] clk: Disabling unused clocks
[    2.427436] Freeing unused decrypted memory: 2028K
[    2.428091] Freeing unused kernel image (initmem) memory: 4920K
[    2.428356] Write protecting the kernel read-only data: 38912k
[    2.428892] Freeing unused kernel image (rodata/data gap) memory: 1984K
[    2.436893] x86/mm: Checked W+X mappings: passed, no W+X pages found.
[    2.437223] Run /init as init process
[init-phase3] booted
[init-phase3] loading module=/lib/modules/6.8.0-101-generic/kernel/drivers/virtio/virtio_dma_buf.ko
[init-phase3] loading module=/lib/modules/6.8.0-101-generic/kernel/drivers/gpu/drm/virtio/virtio-gpu.ko
[    2.445377] [drm] pci: virtio-vga detected at 0000:00:02.0
[    2.445676] virtio-pci 0000:00:02.0: vgaarb: deactivate vga console
[    2.450717] Console: switching to colour dummy device 80x25
[    2.451153] [drm] features: -virgl +edid -resource_blob -host_visible
[    2.451155] [drm] features: -context_init
[    2.451961] [drm] number of scanouts: 1
[    2.452137] [drm] number of cap sets: 0
[    2.452554] [drm] Initialized virtio_gpu 0.1.0 0 for 0000:00:02.0 on minor 0
[    2.462731] fbcon: virtio_gpudrmfb (fb0) is primary device
[    2.463325] Console: switching to colour frame buffer device 160x50
[    2.466286] virtio-pci 0000:00:02.0: [drm] fb0: virtio_gpudrmfb frame buffer device
[init-phase3] loading module=/lib/modules/6.8.0-101-generic/kernel/drivers/hid/hid.ko
[    2.471426] hid: raw HID events driver (C) Jiri Kosina
[init-phase3] loading module=/lib/modules/6.8.0-101-generic/kernel/drivers/hid/hid-generic.ko
[init-phase3] loading module=/lib/modules/6.8.0-101-generic/kernel/drivers/hid/usbhid/usbhid.ko
[    2.474273] usbcore: registered new interface driver usbhid
[    2.474518] usbhid: USB HID core driver
[init-phase3] loading module=/lib/modules/6.8.0-101-generic/kernel/drivers/hid/usbhid/usbkbd.ko
[    2.475652] usbcore: registered new interface driver usbkbd
[init-phase3] loading module=/lib/modules/6.8.0-101-generic/kernel/drivers/hid/usbhid/usbmouse.ko
[    2.476843] usbcore: registered new interface driver usbmouse
[init-phase3] loading module=/lib/modules/6.8.0-101-generic/kernel/drivers/input/mouse/psmouse.ko
[    2.480401] input: VirtualPS/2 VMware VMMouse as /devices/platform/i8042/serio1/input/input4
[    2.480901] input: VirtualPS/2 VMware VMMouse as /devices/platform/i8042/serio1/input/input3
[init-phase3] loading module=/lib/modules/6.8.0-101-generic/kernel/drivers/usb/host/xhci-pci-renesas.ko
[init-phase3] loading module=/lib/modules/6.8.0-101-generic/kernel/drivers/usb/host/xhci-pci.ko
[    2.483921] xhci_hcd 0000:00:03.0: xHCI Host Controller
[    2.484170] xhci_hcd 0000:00:03.0: new USB bus registered, assigned bus number 1
[    2.484626] xhci_hcd 0000:00:03.0: hcc params 0x00087001 hci version 0x100 quirks 0x0000000000000010
[    2.485364] xhci_hcd 0000:00:03.0: xHCI Host Controller
[    2.485586] xhci_hcd 0000:00:03.0: new USB bus registered, assigned bus number 2
[    2.485899] xhci_hcd 0000:00:03.0: Host supports USB 3.0 SuperSpeed
[    2.486254] usb usb1: New USB device found, idVendor=1d6b, idProduct=0002, bcdDevice= 6.08
[    2.486640] usb usb1: New USB device strings: Mfr=3, Product=2, SerialNumber=1
[    2.487001] usb usb1: Product: xHCI Host Controller
[    2.487234] usb usb1: Manufacturer: Linux 6.8.0-101-generic xhci-hcd
[    2.487530] usb usb1: SerialNumber: 0000:00:03.0
[    2.487834] hub 1-0:1.0: USB hub found
[    2.488066] hub 1-0:1.0: 4 ports detected
[    2.488398] usb usb2: We don't know the algorithms for LPM for this host, disabling LPM.
[    2.488783] usb usb2: New USB device found, idVendor=1d6b, idProduct=0003, bcdDevice= 6.08
[    2.489155] usb usb2: New USB device strings: Mfr=3, Product=2, SerialNumber=1
[    2.489452] usb usb2: Product: xHCI Host Controller
[    2.489655] usb usb2: Manufacturer: Linux 6.8.0-101-generic xhci-hcd
[    2.489945] usb usb2: SerialNumber: 0000:00:03.0
[    2.490190] hub 2-0:1.0: USB hub found
[    2.490364] hub 2-0:1.0: 4 ports detected
Starting systemd-udevd version 255.4-1ubuntu8.8
total 0
drwxr-xr-x    2 root     root            80 Mar  8 05:40 by-path
crw-rw----    1 root     video     226,   0 Mar  8 05:40 card0
crw-rw----    1 root     root      226, 128 Mar  8 05:40 renderD128
total 0
drwxr-xr-x    2 root     root           100 Mar  8 05:40 by-path
crw-rw----    1 root     input      13,  64 Mar  8 05:40 event0
crw-rw----    1 root     input      13,  65 Mar  8 05:40 event1
crw-rw----    1 root     input      13,  66 Mar  8 05:40 event2
crw-rw----    1 root     input      13,  67 Mar  8 05:40 event3
crw-rw----    1 root     input      13,  63 Mar  8 05:40 mice
crw-rw----    1 root     input      13,  32 Mar  8 05:40 mouse0
crw-rw----    1 root     input      13,  33 Mar  8 05:40 mouse1
[init-phase3] skipping weston for client=kms-pattern
[init-phase3] display_probe pid=123
[init-phase3] launching client=kms-pattern url=about:blank runtime=25 suspend_delay=10 wake=5 pm_test=devices no_suspend=
[    2.725971] usb 1-1: new high-speed USB device number 2 using xhci_hcd
[    2.852292] usb 1-1: New USB device found, idVendor=0627, idProduct=0001, bcdDevice= 0.00
[    2.852728] usb 1-1: New USB device strings: Mfr=1, Product=4, SerialNumber=11
[    2.853115] usb 1-1: Product: QEMU USB Keyboard
[    2.853338] usb 1-1: Manufacturer: QEMU
[    2.853526] usb 1-1: SerialNumber: 68284-0000:00:03.0-1
[    2.854700] input: QEMU QEMU USB Keyboard as /devices/pci0000:00/0000:00:03.0/usb1/1-1/1-1:1.0/0003:0627:0001.0001/input/input5
[    2.907164] hid-generic 0003:0627:0001.0001: input,hidraw0: USB HID v1.11 Keyboard [QEMU QEMU USB Keyboard] on usb-0000:00:03.0-1/input0
[    3.021979] usb 1-2: new high-speed USB device number 3 using xhci_hcd
[    3.149265] usb 1-2: New USB device found, idVendor=0627, idProduct=0001, bcdDevice= 0.00
[    3.149722] usb 1-2: New USB device strings: Mfr=1, Product=3, SerialNumber=10
[    3.150126] usb 1-2: Product: QEMU USB Tablet
[    3.150365] usb 1-2: Manufacturer: QEMU
[    3.150574] usb 1-2: SerialNumber: 28754-0000:00:03.0-2
[    3.152253] input: QEMU QEMU USB Tablet as /devices/pci0000:00/0000:00:03.0/usb1/1-2/1-2:1.0/0003:0627:0001.0002/input/input6
[    3.153342] hid-generic 0003:0627:0001.0002: input,hidraw1: USB HID v0.01 Mouse [QEMU QEMU USB Tablet] on usb-0000:00:03.0-2/input0
[init-phase3] app pid=219 client=kms-pattern
@@KMSPATTERN device=/dev/dri/card0 connector_id=36 crtc_id=35 fb_id=42 width=1280 height=800 pattern=pre
[init-phase3] drm-state-capture tag=pre delay=4
@@DRMSTATE tag=pre card=0 base=/sys/kernel/debug/dri/0 files=state,framebuffer,clients,gem_names,name text_size=1910 gzip_size=739 sha256_txt=35e6fdc7e4e66f5087eb66339b043ee558a16e66e02db1eead8101398c2df3fe compression=gzip
@@DRMSTATE_BEGIN tag=pre
H4sIAAAAAAAAA81UUW+bMBB+hl9h9anVlMpAkqaR/LK2kypNe6i6aVNUIQOGejM2s02W9tfvbAiB
pJX2OCcg33fmzvf5/BECA326/3yHjKWWIWeTsBFUsk0SPa2Rn85wGOTa5sS9nFFmJLkOg4AKoXL4
rkDZCyJoU2a5kk/g0KzMVSsticEola6pJd8f4jkS3FrBZkwWnEp0jnfJPIkX8WJ1AQtrVfCSM03w
DpIEhr8yEsUrvFthZwv6wrRZw8y7Nvhp7A0abvNnBy6i2AOqLA2zDunM7CfM/eeBpDXr0MNWE28C
D9oSjCPsRge5fczx9XIP8LpRGqomUnm7oRUzaWtY2kWKPLqtaTMCu0+3tCigvqPR0TtrlBkq+gC/
MDD6gF52a52zn344mYSBVnCQXEm3CemIF7D7Yvbqorg8SigN9OdAtazI/ePX2QP6+Hi5xBH6cZPd
6P0STWXFiIfg0GruDtlj/YK0rmqb5s8OKiBy3zPx0DNR3zPnshXiwvfMuE444mmJQ33/Y3Vu25tk
AcXtrwCTNBPM7YPmlm/9zDBRptBPmpnntIdhqefDDNFgITQ6G0XvQ4wRuEeS5VZpM0Xf2FsXP62p
+eViD18OiOeDHWyXfY3O9p12tkZXCxThqwRj5EAULd1smaxQdBWvEKyBZw4PzMHGu7l70XBItUmW
QM03rm1LxXDye6qmtPyh2rNS0x2Av1tmgPw0a/KhQNPQnJFbVtJW2DD0moTuvtyeChU56Fep4Upn
bVky3TtHyCa5dhf/Pbkaq9W/itVUq46k6qBUbwjVsU5NZWqkUgeRmmrUqUQdK9SRQL2pT2/J0zvq
dHwEp1yPDiIXnElregcaj1zVNZUFQrbiBSrYFkFLWghCwdkC5EdNK56f5JyGHeWrWJ06pg4ZneUj
OVoQ3JNCgHfP4Unk4wCj2D5Sh26hublKq6Z1G/ccrd0/vsSolRz6eIKdZBmF+gviunYkdgcAAA==
@@DRMSTATE_END tag=pre
[init-phase3] kms-pattern post delay=11
@@KMSPATTERN device=/dev/dri/card0 connector_id=36 crtc_id=35 fb_id=42 width=1280 height=800 pattern=post
[init-phase3] drm-state-capture tag=post delay=11
@@DRMSTATE tag=post card=0 base=/sys/kernel/debug/dri/0 files=state,framebuffer,clients,gem_names,name text_size=1910 gzip_size=739 sha256_txt=35e6fdc7e4e66f5087eb66339b043ee558a16e66e02db1eead8101398c2df3fe compression=gzip
@@DRMSTATE_BEGIN tag=post
H4sIAAAAAAAAA81UUW+bMBB+hl9h9anVlMpAkqaR/LK2kypNe6i6aVNUIQOGejM2s02W9tfvbAiB
pJX2OCcg33fmzvf5/BECA326/3yHjKWWIWeTsBFUsk0SPa2Rn85wGOTa5sS9nFFmJLkOg4AKoXL4
rkDZCyJoU2a5kk/g0KzMVSsticEola6pJd8f4jkS3FrBZkwWnEp0jnfJPIkX8WJ1AQtrVfCSM03w
DpIEhr8yEsUrvFthZwv6wrRZw8y7Nvhp7A0abvNnBy6i2AOqLA2zDunM7CfM/eeBpDXr0MNWE28C
D9oSjCPsRge5fczx9XIP8LpRGqomUnm7oRUzaWtY2kWKPLqtaTMCu0+3tCigvqPR0TtrlBkq+gC/
MDD6gF52a52zn344mYSBVnCQXEm3CemIF7D7Yvbqorg8SigN9OdAtazI/ePX2QP6+Hi5xBH6cZPd
6P0STWXFiIfg0GruDtlj/YK0rmqb5s8OKiBy3zPx0DNR3zPnshXiwvfMuE444mmJQ33/Y3Vu25tk
AcXtrwCTNBPM7YPmlm/9zDBRptBPmpnntIdhqefDDNFgITQ6G0XvQ4wRuEeS5VZpM0Xf2FsXP62p
+eViD18OiOeDHWyXfY3O9p12tkZXCxThqwRj5EAULd1smaxQdBWvEKyBZw4PzMHGu7l70XBItUmW
QM03rm1LxXDye6qmtPyh2rNS0x2Av1tmgPw0a/KhQNPQnJFbVtJW2DD0moTuvtyeChU56Fep4Upn
bVky3TtHyCa5dhf/Pbkaq9W/itVUq46k6qBUbwjVsU5NZWqkUgeRmmrUqUQdK9SRQL2pT2/J0zvq
dHwEp1yPDiIXnElregcaj1zVNZUFQrbiBSrYFkFLWghCwdkC5EdNK56f5JyGHeWrWJ06pg4ZneUj
OVoQ3JNCgHfP4Unk4wCj2D5Sh26hublKq6Z1G/ccrd0/vsSolRz6eIKdZBmF+gviunYkdgcAAA==
@@DRMSTATE_END tag=post
[init-phase3] scheduling suspend args=--delay-seconds 10 --wake-seconds 5 --pm-test devices
@@LOG kind=state wakealarm_seconds=5
@@LOG kind=state state=SUSPENDING cycle=1
[   28.590507] PM: suspend entry (s2idle)
[   28.590750] Filesystems sync: 0.000 seconds
[   28.592606] Freezing user space processes
[   28.593952] Freezing user space processes completed (elapsed 0.001 seconds)
[   28.594440] OOM killer disabled.
[   28.594666] Freezing remaining freezable tasks
[   28.596033] Freezing remaining freezable tasks completed (elapsed 0.001 seconds)
[   28.619637] PM: suspend debug: Waiting for 5 second(s).
[   33.622096] xhci_hcd 0000:00:03.0: xHC error in resume, USBSTS 0x401, Reinit
[   33.622500] usb usb1: root hub lost power or was reset
[   33.622772] usb usb2: root hub lost power or was reset
[   33.874053] usb 1-2: reset high-speed USB device number 3 using xhci_hcd
[   34.114104] usb 1-1: reset high-speed USB device number 2 using xhci_hcd
[   34.242657] OOM killer enabled.
[   34.242935] Restarting tasks ... done.
[   34.244251] random: crng reseeded on system resumption
[   34.246281] PM: suspend exit
@@LOG kind=state state=RESUMED cycle=1 sleep_ms=5657 resume_gap_ms=5657
@@METRIC name=sleep_duration value_ms=5657 cycle=1
@@METRIC name=suspend_resume_gap value_ms=5657 cycle=1
[init-phase3] runtime limit reached, terminating client=kms-pattern
Terminated
@@DISPLAY sample=1 uptime_s=2.46 fb0=virtio_gpudrmfb_ proc_fb=0_virtio_gpudrmfb_ vt=vtcon0nameM_frame_buffer_device_bind1__vtcon1nameM_dummy_device_bind0__ drm=card0-Virtual-1statusconnected_enabledenabled_dpmsOn__
@@DISPLAY sample=2 uptime_s=3.48 fb0=virtio_gpudrmfb_ proc_fb=0_virtio_gpudrmfb_ vt=vtcon0nameM_frame_buffer_device_bind1__vtcon1nameM_dummy_device_bind0__ drm=card0-Virtual-1statusconnected_enabledenabled_dpmsOn__
@@DISPLAY sample=3 uptime_s=4.49 fb0=virtio_gpudrmfb_ proc_fb=0_virtio_gpudrmfb_ vt=vtcon0nameM_frame_buffer_device_bind1__vtcon1nameM_dummy_device_bind0__ drm=card0-Virtual-1statusconnected_enabledenabled_dpmsOn__
@@DISPLAY sample=4 uptime_s=5.50 fb0=virtio_gpudrmfb_ proc_fb=0_virtio_gpudrmfb_ vt=vtcon0nameM_frame_buffer_device_bind1__vtcon1nameM_dummy_device_bind0__ drm=card0-Virtual-1statusconnected_enabledenabled_dpmsOn__
@@DISPLAY sample=5 uptime_s=6.51 fb0=virtio_gpudrmfb_ proc_fb=0_virtio_gpudrmfb_ vt=vtcon0nameM_frame_buffer_device_bind1__vtcon1nameM_dummy_device_bind0__ drm=card0-Virtual-1statusconnected_enabledenabled_dpmsOn__
@@DISPLAY sample=6 uptime_s=7.53 fb0=virtio_gpudrmfb_ proc_fb=0_virtio_gpudrmfb_ vt=vtcon0nameM_frame_buffer_device_bind1__vtcon1nameM_dummy_device_bind0__ drm=card0-Virtual-1statusconnected_enabledenabled_dpmsOn__
@@DISPLAY sample=7 uptime_s=8.54 fb0=virtio_gpudrmfb_ proc_fb=0_virtio_gpudrmfb_ vt=vtcon0nameM_frame_buffer_device_bind1__vtcon1nameM_dummy_device_bind0__ drm=card0-Virtual-1statusconnected_enabledenabled_dpmsOn__
@@DISPLAY sample=8 uptime_s=9.55 fb0=virtio_gpudrmfb_ proc_fb=0_virtio_gpudrmfb_ vt=vtcon0nameM_frame_buffer_device_bind1__vtcon1nameM_dummy_device_bind0__ drm=card0-Virtual-1statusconnected_enabledenabled_dpmsOn__
@@DISPLAY sample=9 uptime_s=10.56 fb0=virtio_gpudrmfb_ proc_fb=0_virtio_gpudrmfb_ vt=vtcon0nameM_frame_buffer_device_bind1__vtcon1nameM_dummy_device_bind0__ drm=card0-Virtual-1statusconnected_enabledenabled_dpmsOn__
@@DISPLAY sample=10 uptime_s=11.58 fb0=virtio_gpudrmfb_ proc_fb=0_virtio_gpudrmfb_ vt=vtcon0nameM_frame_buffer_device_bind1__vtcon1nameM_dummy_device_bind0__ drm=card0-Virtual-1statusconnected_enabledenabled_dpmsOn__
@@DISPLAY sample=11 uptime_s=12.59 fb0=virtio_gpudrmfb_ proc_fb=0_virtio_gpudrmfb_ vt=vtcon0nameM_frame_buffer_device_bind1__vtcon1nameM_dummy_device_bind0__ drm=card0-Virtual-1statusconnected_enabledenabled_dpmsOn__
@@DISPLAY sample=12 uptime_s=13.60 fb0=virtio_gpudrmfb_ proc_fb=0_virtio_gpudrmfb_ vt=vtcon0nameM_frame_buffer_device_bind1__vtcon1nameM_dummy_device_bind0__ drm=card0-Virtual-1statusconnected_enabledenabled_dpmsOn__
@@DISPLAY sample=13 uptime_s=14.61 fb0=virtio_gpudrmfb_ proc_fb=0_virtio_gpudrmfb_ vt=vtcon0nameM_frame_buffer_device_bind1__vtcon1nameM_dummy_device_bind0__ drm=card0-Virtual-1statusconnected_enabledenabled_dpmsOn__
@@DISPLAY sample=14 uptime_s=15.63 fb0=virtio_gpudrmfb_ proc_fb=0_virtio_gpudrmfb_ vt=vtcon0nameM_frame_buffer_device_bind1__vtcon1nameM_dummy_device_bind0__ drm=card0-Virtual-1statusconnected_enabledenabled_dpmsOn__
@@DISPLAY sample=15 uptime_s=16.64 fb0=virtio_gpudrmfb_ proc_fb=0_virtio_gpudrmfb_ vt=vtcon0nameM_frame_buffer_device_bind1__vtcon1nameM_dummy_device_bind0__ drm=card0-Virtual-1statusconnected_enabledenabled_dpmsOn__
@@DISPLAY sample=16 uptime_s=17.65 fb0=virtio_gpudrmfb_ proc_fb=0_virtio_gpudrmfb_ vt=vtcon0nameM_frame_buffer_device_bind1__vtcon1nameM_dummy_device_bind0__ drm=card0-Virtual-1statusconnected_enabledenabled_dpmsOn__
@@DISPLAY sample=17 uptime_s=18.67 fb0=virtio_gpudrmfb_ proc_fb=0_virtio_gpudrmfb_ vt=vtcon0nameM_frame_buffer_device_bind1__vtcon1nameM_dummy_device_bind0__ drm=card0-Virtual-1statusconnected_enabledenabled_dpmsOn__
@@DISPLAY sample=18 uptime_s=19.68 fb0=virtio_gpudrmfb_ proc_fb=0_virtio_gpudrmfb_ vt=vtcon0nameM_frame_buffer_device_bind1__vtcon1nameM_dummy_device_bind0__ drm=card0-Virtual-1statusconnected_enabledenabled_dpmsOn__
@@DISPLAY sample=19 uptime_s=20.69 fb0=virtio_gpudrmfb_ proc_fb=0_virtio_gpudrmfb_ vt=vtcon0nameM_frame_buffer_device_bind1__vtcon1nameM_dummy_device_bind0__ drm=card0-Virtual-1statusconnected_enabledenabled_dpmsOn__
@@DISPLAY sample=20 uptime_s=21.70 fb0=virtio_gpudrmfb_ proc_fb=0_virtio_gpudrmfb_ vt=vtcon0nameM_frame_buffer_device_bind1__vtcon1nameM_dummy_device_bind0__ drm=card0-Virtual-1statusconnected_enabledenabled_dpmsOn__
@@DISPLAY sample=21 uptime_s=22.71 fb0=virtio_gpudrmfb_ proc_fb=0_virtio_gpudrmfb_ vt=vtcon0nameM_frame_buffer_device_bind1__vtcon1nameM_dummy_device_bind0__ drm=card0-Virtual-1statusconnected_enabledenabled_dpmsOn__
@@DISPLAY sample=22 uptime_s=23.73 fb0=virtio_gpudrmfb_ proc_fb=0_virtio_gpudrmfb_ vt=vtcon0nameM_frame_buffer_device_bind1__vtcon1nameM_dummy_device_bind0__ drm=card0-Virtual-1statusconnected_enabledenabled_dpmsOn__
@@DISPLAY sample=23 uptime_s=24.74 fb0=virtio_gpudrmfb_ proc_fb=0_virtio_gpudrmfb_ vt=vtcon0nameM_frame_buffer_device_bind1__vtcon1nameM_dummy_device_bind0__ drm=card0-Virtual-1statusconnected_enabledenabled_dpmsOn__
@@DISPLAY sample=24 uptime_s=25.75 fb0=virtio_gpudrmfb_ proc_fb=0_virtio_gpudrmfb_ vt=vtcon0nameM_frame_buffer_device_bind1__vtcon1nameM_dummy_device_bind0__ drm=card0-Virtual-1statusconnected_enabledenabled_dpmsOn__
@@DISPLAY sample=25 uptime_s=26.76 fb0=virtio_gpudrmfb_ proc_fb=0_virtio_gpudrmfb_ vt=vtcon0nameM_frame_buffer_device_bind1__vtcon1nameM_dummy_device_bind0__ drm=card0-Virtual-1statusconnected_enabledenabled_dpmsOn__
@@DISPLAY sample=26 uptime_s=27.78 fb0=virtio_gpudrmfb_ proc_fb=0_virtio_gpudrmfb_ vt=vtcon0nameM_frame_buffer_device_bind1__vtcon1nameM_dummy_device_bind0__ drm=card0-Virtual-1statusconnected_enabledenabled_dpmsOn__
@@DISPLAY sample=27 uptime_s=34.17 fb0=virtio_gpudrmfb_ proc_fb=0_virtio_gpudrmfb_ vt=vtcon0nameM_frame_buffer_device_bind1__vtcon1nameM_dummy_device_bind0__ drm=card0-Virtual-1statusconnected_enabledenabled_dpmsOn__
@@DISPLAY sample=28 uptime_s=35.19 fb0=virtio_gpudrmfb_ proc_fb=0_virtio_gpudrmfb_ vt=vtcon0nameM_frame_buffer_device_bind1__vtcon1nameM_dummy_device_bind0__ drm=card0-Virtual-1statusconnected_enabledenabled_dpmsOn__
@@DISPLAY sample=29 uptime_s=36.21 fb0=virtio_gpudrmfb_ proc_fb=0_virtio_gpudrmfb_ vt=vtcon0nameM_frame_buffer_device_bind1__vtcon1nameM_dummy_device_bind0__ drm=card0-Virtual-1statusconnected_enabledenabled_dpmsOn__
@@DISPLAY sample=30 uptime_s=37.22 fb0=virtio_gpudrmfb_ proc_fb=0_virtio_gpudrmfb_ vt=vtcon0nameM_frame_buffer_device_bind1__vtcon1nameM_dummy_device_bind0__ drm=card0-Virtual-1statusconnected_enabledenabled_dpmsOn__
@@DISPLAY sample=31 uptime_s=38.23 fb0=virtio_gpudrmfb_ proc_fb=0_virtio_gpudrmfb_ vt=vtcon0nameM_frame_buffer_device_bind1__vtcon1nameM_dummy_device_bind0__ drm=card0-Virtual-1statusconnected_enabledenabled_dpmsOn__
@@DISPLAY sample=32 uptime_s=39.24 fb0=virtio_gpudrmfb_ proc_fb=0_virtio_gpudrmfb_ vt=vtcon0nameM_frame_buffer_device_bind1__vtcon1nameM_dummy_device_bind0__ drm=card0-Virtual-1statusconnected_enabledenabled_dpmsOn__
@@DISPLAY sample=33 uptime_s=40.26 fb0=virtio_gpudrmfb_ proc_fb=0_virtio_gpudrmfb_ vt=vtcon0nameM_frame_buffer_device_bind1__vtcon1nameM_dummy_device_bind0__ drm=card0-Virtual-1statusconnected_enabledenabled_dpmsOn__
@@DISPLAY sample=34 uptime_s=41.27 fb0=virtio_gpudrmfb_ proc_fb=0_virtio_gpudrmfb_ vt=vtcon0nameM_frame_buffer_device_bind1__vtcon1nameM_dummy_device_bind0__ drm=card0-Virtual-1statusconnected_enabledenabled_dpmsOn__
@@DISPLAY sample=35 uptime_s=42.28 fb0=virtio_gpudrmfb_ proc_fb=0_virtio_gpudrmfb_ vt=vtcon0nameM_frame_buffer_device_bind1__vtcon1nameM_dummy_device_bind0__ drm=card0-Virtual-1statusconnected_enabledenabled_dpmsOn__
@@DISPLAY sample=36 uptime_s=43.29 fb0=virtio_gpudrmfb_ proc_fb=0_virtio_gpudrmfb_ vt=vtcon0nameM_frame_buffer_device_bind1__vtcon1nameM_dummy_device_bind0__ drm=card0-Virtual-1statusconnected_enabledenabled_dpmsOn__
[init-phase3] client exited client=kms-pattern
[   43.632084] ACPI: PM: Preparing to enter system sleep state S5
[   43.632414] reboot: Power down
