[    0.000000] Linux version 6.8.0-101-generic (buildd@lcy02-amd64-051) (x86_64-linux-gnu-gcc-13 (Ubuntu 13.3.0-6ubuntu2~24.04) 13.3.0, GNU ld (GNU Binutils for Ubuntu) 2.42) #101-Ubuntu SMP PREEMPT_DYNAMIC Mon Feb  9 10:15:05 UTC 2026 (Ubuntu 6.8.0-101.101-generic 6.8.12)
[    0.000000] Command line: console=ttyS0 panic=-1 no_console_suspend rdinit=/init phase3_runtime_seconds=20 phase3_url=about:blank
[    0.000000] KERNEL supported cpus:
[    0.000000]   Intel GenuineIntel
[    0.000000]   AMD AuthenticAMD
[    0.000000]   Hygon HygonGenuine
[    0.000000]   Centaur CentaurHauls
[    0.000000]   zhaoxin   Shanghai  
[    0.000000] BIOS-provided physical RAM map:
[    0.000000] BIOS-e820: [mem 0x0000000000000000-0x000000000009fbff] usable
[    0.000000] BIOS-e820: [mem 0x000000000009fc00-0x000000000009ffff] reserved
[    0.000000] BIOS-e820: [mem 0x00000000000f0000-0x00000000000fffff] reserved
[    0.000000] BIOS-e820: [mem 0x0000000000100000-0x000000007ffddfff] usable
[    0.000000] BIOS-e820: [mem 0x000000007ffde000-0x000000007fffffff] reserved
[    0.000000] BIOS-e820: [mem 0x00000000b0000000-0x00000000bfffffff] reserved
[    0.000000] BIOS-e820: [mem 0x00000000fed1c000-0x00000000fed1ffff] reserved
[    0.000000] BIOS-e820: [mem 0x00000000feffc000-0x00000000feffffff] reserved
[    0.000000] BIOS-e820: [mem 0x00000000fffc0000-0x00000000ffffffff] reserved
[    0.000000] NX (Execute Disable) protection: active
[    0.000000] APIC: Static calls initialized
[    0.000000] SMBIOS 3.0.0 present.
[    0.000000] DMI: QEMU Standard PC (Q35 + ICH9, 2009), BIOS 1.16.3-debian-1.16.3-2 04/01/2014
[    0.000000] Hypervisor detected: KVM
[    0.000000] kvm-clock: Using msrs 4b564d01 and 4b564d00
[    0.000000] kvm-clock: using sched offset of 269625224 cycles
[    0.000002] clocksource: kvm-clock: mask: 0xffffffffffffffff max_cycles: 0x1cd42e4dffb, max_idle_ns: 881590591483 ns
[    0.000004] tsc: Detected 2803.200 MHz processor
[    0.000608] last_pfn = 0x7ffde max_arch_pfn = 0x400000000
[    0.000641] MTRR map: 4 entries (3 fixed + 1 variable; max 19), built from 8 variable MTRRs
[    0.000644] x86/PAT: Configuration [0-7]: WB  WC  UC- UC  WB  WP  UC- WT  
[    0.004395] found SMP MP-table at [mem 0x000f5470-0x000f547f]
[    0.004406] Using GB pages for direct mapping
[    0.004510] RAMDISK: [mem 0x75deb000-0x7ffcffff]
[    0.004514] ACPI: Early table checksum verification disabled
[    0.004517] ACPI: RSDP 0x00000000000F52B0 000014 (v00 BOCHS )
[    0.004521] ACPI: RSDT 0x000000007FFE2304 000038 (v01 BOCHS  BXPC     00000001 BXPC 00000001)
[    0.004525] ACPI: FACP 0x000000007FFE20FC 0000F4 (v03 BOCHS  BXPC     00000001 BXPC 00000001)
[    0.004529] ACPI: DSDT 0x000000007FFE0040 0020BC (v01 BOCHS  BXPC     00000001 BXPC 00000001)
[    0.004532] ACPI: FACS 0x000000007FFE0000 000040
[    0.004534] ACPI: APIC 0x000000007FFE21F0 000078 (v03 BOCHS  BXPC     00000001 BXPC 00000001)
[    0.004536] ACPI: HPET 0x000000007FFE2268 000038 (v01 BOCHS  BXPC     00000001 BXPC 00000001)
[    0.004539] ACPI: MCFG 0x000000007FFE22A0 00003C (v01 BOCHS  BXPC     00000001 BXPC 00000001)
[    0.004541] ACPI: WAET 0x000000007FFE22DC 000028 (v01 BOCHS  BXPC     00000001 BXPC 00000001)
[    0.004543] ACPI: Reserving FACP table memory at [mem 0x7ffe20fc-0x7ffe21ef]
[    0.004544] ACPI: Reserving DSDT table memory at [mem 0x7ffe0040-0x7ffe20fb]
[    0.004545] ACPI: Reserving FACS table memory at [mem 0x7ffe0000-0x7ffe003f]
[    0.004545] ACPI: Reserving APIC table memory at [mem 0x7ffe21f0-0x7ffe2267]
[    0.004546] ACPI: Reserving HPET table memory at [mem 0x7ffe2268-0x7ffe229f]
[    0.004546] ACPI: Reserving MCFG table memory at [mem 0x7ffe22a0-0x7ffe22db]
[    0.004547] ACPI: Reserving WAET table memory at [mem 0x7ffe22dc-0x7ffe2303]
[    0.004789] No NUMA configuration found
[    0.004790] Faking a node at [mem 0x0000000000000000-0x000000007ffddfff]
[    0.004795] NODE_DATA(0) allocated [mem 0x75dc0000-0x75deafff]
[    0.004905] Zone ranges:
[    0.004905]   DMA      [mem 0x0000000000001000-0x0000000000ffffff]
[    0.004907]   DMA32    [mem 0x0000000001000000-0x000000007ffddfff]
[    0.004908]   Normal   empty
[    0.004909]   Device   empty
[    0.004911] Movable zone start for each node
[    0.004912] Early memory node ranges
[    0.004912]   node   0: [mem 0x0000000000001000-0x000000000009efff]
[    0.004914]   node   0: [mem 0x0000000000100000-0x000000007ffddfff]
[    0.004915] Initmem setup node 0 [mem 0x0000000000001000-0x000000007ffddfff]
[    0.005120] On node 0, zone DMA: 1 pages in unavailable ranges
[    0.005128] On node 0, zone DMA: 97 pages in unavailable ranges
[    0.009360] On node 0, zone DMA32: 34 pages in unavailable ranges
[    0.009596] ACPI: PM-Timer IO Port: 0x608
[    0.009608] ACPI: LAPIC_NMI (acpi_id[0xff] dfl dfl lint[0x1])
[    0.009637] IOAPIC[0]: apic_id 0, version 17, address 0xfec00000, GSI 0-23
[    0.009639] ACPI: INT_SRC_OVR (bus 0 bus_irq 0 global_irq 2 dfl dfl)
[    0.009640] ACPI: INT_SRC_OVR (bus 0 bus_irq 5 global_irq 5 high level)
[    0.009641] ACPI: INT_SRC_OVR (bus 0 bus_irq 9 global_irq 9 high level)
[    0.009642] ACPI: INT_SRC_OVR (bus 0 bus_irq 10 global_irq 10 high level)
[    0.009643] ACPI: INT_SRC_OVR (bus 0 bus_irq 11 global_irq 11 high level)
[    0.009646] ACPI: Using ACPI (MADT) for SMP configuration information
[    0.009647] ACPI: HPET id: 0x8086a201 base: 0xfed00000
[    0.009650] TSC deadline timer available
[    0.009651] smpboot: Allowing 1 CPUs, 0 hotplug CPUs
[    0.009667] kvm-guest: APIC: eoi() replaced with kvm_guest_apic_eoi_write()
[    0.009688] PM: hibernation: Registered nosave memory: [mem 0x00000000-0x00000fff]
[    0.009689] PM: hibernation: Registered nosave memory: [mem 0x0009f000-0x000fffff]
[    0.009691] [mem 0xc0000000-0xfed1bfff] available for PCI devices
[    0.009692] Booting paravirtualized kernel on KVM
[    0.009694] clocksource: refined-jiffies: mask: 0xffffffff max_cycles: 0xffffffff, max_idle_ns: 1910969940391419 ns
[    0.009698] setup_percpu: NR_CPUS:8192 nr_cpumask_bits:1 nr_cpu_ids:1 nr_node_ids:1
[    0.010009] percpu: Embedded 86 pages/cpu s229376 r8192 d114688 u2097152
[    0.010043] kvm-guest: PV spinlocks disabled, single CPU
[    0.010044] Kernel command line: console=ttyS0 panic=-1 no_console_suspend rdinit=/init phase3_runtime_seconds=20 phase3_url=about:blank
[    0.010094] Unknown kernel command line parameters "phase3_runtime_seconds=20 phase3_url=about:blank", will be passed to user space.
[    0.010135] random: crng init done
[    0.010396] Dentry cache hash table entries: 262144 (order: 9, 2097152 bytes, linear)
[    0.010461] Inode-cache hash table entries: 131072 (order: 8, 1048576 bytes, linear)
[    0.010494] Fallback order for Node 0: 0 
[    0.010497] Built 1 zonelists, mobility grouping on.  Total pages: 515806
[    0.010498] Policy zone: DMA32
[    0.010502] mem auto-init: stack:all(zero), heap alloc:on, heap free:off
[    0.013688] Memory: 1840220K/2096624K available (22528K kernel code, 4439K rwdata, 14400K rodata, 4920K init, 4788K bss, 256144K reserved, 0K cma-reserved)
[    0.014293] SLUB: HWalign=64, Order=0-3, MinObjects=0, CPUs=1, Nodes=1
[    0.014310] ftrace: allocating 58250 entries in 228 pages
[    0.021454] ftrace: allocated 228 pages with 4 groups
[    0.022136] Dynamic Preempt: voluntary
[    0.022350] rcu: Preemptible hierarchical RCU implementation.
[    0.022351] rcu: 	RCU restricting CPUs from NR_CPUS=8192 to nr_cpu_ids=1.
[    0.022352] 	Trampoline variant of Tasks RCU enabled.
[    0.022353] 	Rude variant of Tasks RCU enabled.
[    0.022353] 	Tracing variant of Tasks RCU enabled.
[    0.022353] rcu: RCU calculated value of scheduler-enlistment delay is 100 jiffies.
[    0.022354] rcu: Adjusting geometry for rcu_fanout_leaf=16, nr_cpu_ids=1
[    0.022359] RCU Tasks: Setting shift to 0 and lim to 1 rcu_task_cb_adjust=1 rcu_task_cpu_ids=1.
[    0.022360] RCU Tasks Rude: Setting shift to 0 and lim to 1 rcu_task_cb_adjust=1 rcu_task_cpu_ids=1.
[    0.022361] RCU Tasks Trace: Setting shift to 0 and lim to 1 rcu_task_cb_adjust=1 rcu_task_cpu_ids=1.
[    0.024629] NR_IRQS: 524544, nr_irqs: 256, preallocated irqs: 16
[    0.024809] rcu: srcu_init: Setting srcu_struct sizes based on contention.
[    0.030841] Console: colour VGA+ 80x25
[    0.030871] printk: legacy console [ttyS0] enabled
[    0.078683] ACPI: Core revision 20230628
[    0.079063] clocksource: hpet: mask: 0xffffffff max_cycles: 0xffffffff, max_idle_ns: 19112604467 ns
[    0.079804] APIC: Switch to symmetric I/O mode setup
[    0.080312] x2apic enabled
[    0.080696] APIC: Switched APIC routing to: physical x2apic
[    0.081824] ..TIMER: vector=0x30 apic1=0 pin1=2 apic2=-1 pin2=-1
[    0.082247] clocksource: tsc-early: mask: 0xffffffffffffffff max_cycles: 0x28680fa287f, max_idle_ns: 440795281151 ns
[    0.082935] Calibrating delay loop (skipped) preset value.. 5606.40 BogoMIPS (lpj=2803200)
[    0.083571] x86/cpu: User Mode Instruction Prevention (UMIP) activated
[    0.084021] Last level iTLB entries: 4KB 0, 2MB 0, 4MB 0
[    0.084361] Last level dTLB entries: 4KB 0, 2MB 0, 4MB 0, 1GB 0
[    0.084938] Spectre V1 : Mitigation: usercopy/swapgs barriers and __user pointer sanitization
[    0.085486] Spectre V2 : Spectre BHI mitigation: SW BHB clearing on vm exit
[    0.085932] Spectre V2 : Spectre BHI mitigation: SW BHB clearing on syscall
[    0.086336] Spectre V2 : Mitigation: Enhanced / Automatic IBRS
[    0.086671] Spectre V2 : Spectre v2 / PBRSB-eIBRS: Retire a single CALL on VMEXIT
[    0.086933] Spectre V2 : mitigation: Enabling conditional Indirect Branch Prediction Barrier
[    0.087423] Speculative Store Bypass: Mitigation: Speculative Store Bypass disabled via prctl
[    0.087933] ITS: WARNING: ITS mitigation depends on retpoline and rethunk support
[    0.088367] ITS: Vulnerable
[    0.088553] x86/fpu: Supporting XSAVE feature 0x001: 'x87 floating point registers'
[    0.088932] x86/fpu: Supporting XSAVE feature 0x002: 'SSE registers'
[    0.089315] x86/fpu: Supporting XSAVE feature 0x004: 'AVX registers'
[    0.089932] x86/fpu: Supporting XSAVE feature 0x020: 'AVX-512 opmask'
[    0.090375] x86/fpu: Supporting XSAVE feature 0x040: 'AVX-512 Hi256'
[    0.090932] x86/fpu: Supporting XSAVE feature 0x080: 'AVX-512 ZMM_Hi256'
[    0.091339] x86/fpu: Supporting XSAVE feature 0x200: 'Protection Keys User registers'
[    0.091805] x86/fpu: xstate_offset[2]:  576, xstate_sizes[2]:  256
[    0.091932] x86/fpu: xstate_offset[5]:  832, xstate_sizes[5]:   64
[    0.092303] x86/fpu: xstate_offset[6]:  896, xstate_sizes[6]:  512
[    0.092932] x86/fpu: xstate_offset[7]: 1408, xstate_sizes[7]: 1024
[    0.093303] x86/fpu: xstate_offset[9]: 2432, xstate_sizes[9]:    8
[    0.093716] x86/fpu: Enabled xstate features 0x2e7, context size is 2440 bytes, using 'compacted' format.
[    0.116257] Freeing SMP alternatives memory: 48K
[    0.116562] pid_max: default: 32768 minimum: 301
[    0.116883] LSM: initializing lsm=lockdown,capability,landlock,yama,apparmor,integrity
[    0.116944] landlock: Up and running.
[    0.117171] Yama: becoming mindful.
[    0.117408] AppArmor: AppArmor initialized
[    0.117960] Mount-cache hash table entries: 4096 (order: 3, 32768 bytes, linear)
[    0.118466] Mountpoint-cache hash table entries: 4096 (order: 3, 32768 bytes, linear)
[    0.119158] smpboot: CPU0: 11th Gen Intel(R) Core(TM) i7-1165G7 @ 2.80GHz (family: 0x6, model: 0x8c, stepping: 0x1)
[    0.119932] Performance Events: Icelake events, full-width counters, Intel PMU driver.
[    0.119936] ... version:                2
[    0.120220] ... bit width:              48
[    0.120499] ... generic registers:      8
[    0.120788] ... value mask:             0000ffffffffffff
[    0.120934] ... max period:             00007fffffffffff
[    0.121319] ... fixed-purpose events:   3
[    0.121606] ... event mask:             00000007000000ff
[    0.122007] signal: max sigframe size: 3632
[    0.122532] rcu: Hierarchical SRCU implementation.
[    0.122872] rcu: 	Max phase no-delay instances is 400.
[    0.123177] smp: Bringing up secondary CPUs ...
[    0.123500] smp: Brought up 1 node, 1 CPU
[    0.123784] smpboot: Max logical packages: 1
[    0.123938] smpboot: Total of 1 processors activated (5606.40 BogoMIPS)
[    0.124578] devtmpfs: initialized
[    0.124842] x86/mm: Memory block size: 128MB
[    0.125157] clocksource: jiffies: mask: 0xffffffff max_cycles: 0xffffffff, max_idle_ns: 1911260446275000 ns
[    0.125775] futex hash table entries: 256 (order: 2, 16384 bytes, linear)
[    0.125977] pinctrl core: initialized pinctrl subsystem
[    0.126443] PM: RTC time: 02:09:17, date: 2026-03-08
[    0.127390] NET: Registered PF_NETLINK/PF_ROUTE protocol family
[    0.127846] DMA: preallocated 256 KiB GFP_KERNEL pool for atomic allocations
[    0.127950] DMA: preallocated 256 KiB GFP_KERNEL|GFP_DMA pool for atomic allocations
[    0.128492] DMA: preallocated 256 KiB GFP_KERNEL|GFP_DMA32 pool for atomic allocations
[    0.128941] audit: initializing netlink subsys (disabled)
[    0.129379] thermal_sys: Registered thermal governor 'fair_share'
[    0.129380] thermal_sys: Registered thermal governor 'bang_bang'
[    0.129750] thermal_sys: Registered thermal governor 'step_wise'
[    0.129934] thermal_sys: Registered thermal governor 'user_space'
[    0.130298] thermal_sys: Registered thermal governor 'power_allocator'
[    0.130670] audit: type=2000 audit(1772935757.940:1): state=initialized audit_enabled=0 res=1
[    0.131531] cpuidle: using governor ladder
[    0.131792] cpuidle: using governor menu
[    0.131975] acpiphp: ACPI Hot Plug PCI Controller Driver version: 0.5
[    0.132511] PCI: ECAM [mem 0xb0000000-0xbfffffff] (base 0xb0000000) for domain 0000 [bus 00-ff]
[    0.132935] PCI: ECAM [mem 0xb0000000-0xbfffffff] reserved as E820 entry
[    0.133356] PCI: Using configuration type 1 for base access
[    0.133770] kprobes: kprobe jump-optimization is enabled. All kprobes are optimized if possible.
[    0.159952] HugeTLB: registered 1.00 GiB page size, pre-allocated 0 pages
[    0.160363] HugeTLB: 16380 KiB vmemmap can be freed for a 1.00 GiB page
[    0.160744] HugeTLB: registered 2.00 MiB page size, pre-allocated 0 pages
[    0.160933] HugeTLB: 28 KiB vmemmap can be freed for a 2.00 MiB page
[    0.162116] ACPI: Added _OSI(Module Device)
[    0.162393] ACPI: Added _OSI(Processor Device)
[    0.162653] ACPI: Added _OSI(Processor Aggregator Device)
[    0.163717] ACPI: 1 ACPI AML tables successfully acquired and loaded
[    0.164583] ACPI: _OSC evaluation for CPUs failed, trying _PDC
[    0.165009] ACPI: Interpreter enabled
[    0.165236] ACPI: PM: (supports S0 S3 S4 S5)
[    0.165502] ACPI: Using IOAPIC for interrupt routing
[    0.165854] PCI: Using host bridge windows from ACPI; if necessary, use "pci=nocrs" and report a bug
[    0.165933] PCI: Using E820 reservations for host bridge windows
[    0.166332] ACPI: Enabled 2 GPEs in block 00 to 3F
[    0.167731] ACPI: PCI Root Bridge [PCI0] (domain 0000 [bus 00-ff])
[    0.167936] acpi PNP0A08:00: _OSC: OS supports [ExtendedConfig ASPM ClockPM Segments MSI EDR HPX-Type3]
[    0.168500] acpi PNP0A08:00: _OSC: platform does not support [PCIeHotplug LTR DPC]
[    0.168978] acpi PNP0A08:00: _OSC: OS now controls [SHPCHotplug PME AER PCIeCapability]
[    0.169722] PCI host bridge to bus 0000:00
[    0.169934] pci_bus 0000:00: root bus resource [io  0x0000-0x0cf7 window]
[    0.170376] pci_bus 0000:00: root bus resource [io  0x0d00-0xffff window]
[    0.170823] pci_bus 0000:00: root bus resource [mem 0x000a0000-0x000bffff window]
[    0.170934] pci_bus 0000:00: root bus resource [mem 0x80000000-0xafffffff window]
[    0.171420] pci_bus 0000:00: root bus resource [mem 0xc0000000-0xfebfffff window]
[    0.171846] pci_bus 0000:00: root bus resource [mem 0x100000000-0x8ffffffff window]
[    0.171933] pci_bus 0000:00: root bus resource [bus 00-ff]
[    0.172329] pci 0000:00:00.0: [8086:29c0] type 00 class 0x060000 conventional PCI endpoint
[    0.173162] pci 0000:00:01.0: [1af4:1000] type 00 class 0x020000 conventional PCI endpoint
[    0.174327] pci 0000:00:01.0: BAR 0 [io  0xc040-0xc05f]
[    0.174655] pci 0000:00:01.0: BAR 4 [mem 0xfe800000-0xfe803fff 64bit pref]
[    0.174937] pci 0000:00:01.0: ROM [mem 0xfeb00000-0xfeb7ffff pref]
[    0.175587] pci 0000:00:02.0: [1af4:1050] type 00 class 0x030000 conventional PCI endpoint
[    0.176944] pci 0000:00:02.0: BAR 0 [mem 0xfe000000-0xfe7fffff pref]
[    0.177326] pci 0000:00:02.0: BAR 2 [mem 0xfe804000-0xfe807fff 64bit pref]
[    0.177728] pci 0000:00:02.0: BAR 4 [mem 0xfeb94000-0xfeb94fff]
[    0.177940] pci 0000:00:02.0: ROM [mem 0xfeb80000-0xfeb8ffff pref]
[    0.178329] pci 0000:00:02.0: Video device with shadowed ROM at [mem 0x000c0000-0x000dffff]
[    0.179201] pci 0000:00:03.0: [1b36:000d] type 00 class 0x0c0330 PCIe Root Complex Integrated Endpoint
[    0.180140] pci 0000:00:03.0: BAR 0 [mem 0xfeb90000-0xfeb93fff 64bit]
[    0.187004] pci 0000:00:1f.0: [8086:2918] type 00 class 0x060100 conventional PCI endpoint
[    0.187664] pci 0000:00:1f.0: quirk: [io  0x0600-0x067f] claimed by ICH6 ACPI/GPIO/TCO
[    0.188054] pci 0000:00:1f.2: [8086:2922] type 00 class 0x010601 conventional PCI endpoint
[    0.188954] pci 0000:00:1f.2: BAR 4 [io  0xc060-0xc07f]
[    0.189298] pci 0000:00:1f.2: BAR 5 [mem 0xfeb95000-0xfeb95fff]
[    0.189806] pci 0000:00:1f.3: [8086:2930] type 00 class 0x0c0500 conventional PCI endpoint
[    0.190241] pci 0000:00:1f.3: BAR 4 [io  0x0700-0x073f]
[    0.190731] ACPI: PCI: Interrupt link LNKA configured for IRQ 10
[    0.190976] ACPI: PCI: Interrupt link LNKB configured for IRQ 10
[    0.191363] ACPI: PCI: Interrupt link LNKC configured for IRQ 11
[    0.191772] ACPI: PCI: Interrupt link LNKD configured for IRQ 11
[    0.191974] ACPI: PCI: Interrupt link LNKE configured for IRQ 10
[    0.192360] ACPI: PCI: Interrupt link LNKF configured for IRQ 10
[    0.192757] ACPI: PCI: Interrupt link LNKG configured for IRQ 11
[    0.192972] ACPI: PCI: Interrupt link LNKH configured for IRQ 11
[    0.193354] ACPI: PCI: Interrupt link GSIA configured for IRQ 16
[    0.193710] ACPI: PCI: Interrupt link GSIB configured for IRQ 17
[    0.193937] ACPI: PCI: Interrupt link GSIC configured for IRQ 18
[    0.194309] ACPI: PCI: Interrupt link GSID configured for IRQ 19
[    0.194656] ACPI: PCI: Interrupt link GSIE configured for IRQ 20
[    0.194938] ACPI: PCI: Interrupt link GSIF configured for IRQ 21
[    0.195325] ACPI: PCI: Interrupt link GSIG configured for IRQ 22
[    0.195691] ACPI: PCI: Interrupt link GSIH configured for IRQ 23
[    0.196114] iommu: Default domain type: Translated
[    0.196397] iommu: DMA domain TLB invalidation policy: lazy mode
[    0.196840] SCSI subsystem initialized
[    0.196963] ACPI: bus type USB registered
[    0.197206] usbcore: registered new interface driver usbfs
[    0.197529] usbcore: registered new interface driver hub
[    0.197855] usbcore: registered new device driver usb
[    0.197948] pps_core: LinuxPPS API ver. 1 registered
[    0.198281] pps_core: Software ver. 5.3.6 - Copyright 2005-2007 Rodolfo Giometti <giometti@linux.it>
[    0.198845] PTP clock support registered
[    0.198967] EDAC MC: Ver: 3.0.0
[    0.199555] NetLabel: Initializing
[    0.199759] NetLabel:  domain hash size = 128
[    0.199933] NetLabel:  protocols = UNLABELED CIPSOv4 CALIPSO
[    0.200284] NetLabel:  unlabeled traffic allowed by default
[    0.200654] mctp: management component transport protocol core
[    0.200934] NET: Registered PF_MCTP protocol family
[    0.201224] PCI: Using ACPI for IRQ routing
[    0.288533] pci 0000:00:02.0: vgaarb: setting as boot VGA device
[    0.288915] pci 0000:00:02.0: vgaarb: bridge control possible
[    0.288932] pci 0000:00:02.0: vgaarb: VGA device added: decodes=io+mem,owns=io+mem,locks=none
[    0.288934] vgaarb: loaded
[    0.289189] hpet0: at MMIO 0xfed00000, IRQs 2, 8, 0
[    0.289499] hpet0: 3 comparators, 64-bit 100.000000 MHz counter
[    0.291956] clocksource: Switched to clocksource kvm-clock
[    0.292785] VFS: Disk quotas dquot_6.6.0
[    0.293072] VFS: Dquot-cache hash table entries: 512 (order 0, 4096 bytes)
[    0.293644] AppArmor: AppArmor Filesystem Enabled
[    0.293991] pnp: PnP ACPI init
[    0.294325] system 00:05: [mem 0xb0000000-0xbfffffff window] has been reserved
[    0.294980] pnp: PnP ACPI: found 6 devices
[    0.300418] clocksource: acpi_pm: mask: 0xffffff max_cycles: 0xffffff, max_idle_ns: 2085701024 ns
[    0.301067] NET: Registered PF_INET protocol family
[    0.301632] IP idents hash table entries: 32768 (order: 6, 262144 bytes, linear)
[    0.311455] tcp_listen_portaddr_hash hash table entries: 1024 (order: 2, 16384 bytes, linear)
[    0.312075] Table-perturb hash table entries: 65536 (order: 6, 262144 bytes, linear)
[    0.312600] TCP established hash table entries: 16384 (order: 5, 131072 bytes, linear)
[    0.313188] TCP bind hash table entries: 16384 (order: 7, 524288 bytes, linear)
[    0.313676] TCP: Hash tables configured (established 16384 bind 16384)
[    0.314105] MPTCP token hash table entries: 2048 (order: 3, 49152 bytes, linear)
[    0.314618] UDP hash table entries: 1024 (order: 3, 32768 bytes, linear)
[    0.315078] UDP-Lite hash table entries: 1024 (order: 3, 32768 bytes, linear)
[    0.315609] NET: Registered PF_UNIX/PF_LOCAL protocol family
[    0.315999] NET: Registered PF_XDP protocol family
[    0.316349] pci_bus 0000:00: resource 4 [io  0x0000-0x0cf7 window]
[    0.316772] pci_bus 0000:00: resource 5 [io  0x0d00-0xffff window]
[    0.317195] pci_bus 0000:00: resource 6 [mem 0x000a0000-0x000bffff window]
[    0.317637] pci_bus 0000:00: resource 7 [mem 0x80000000-0xafffffff window]
[    0.318045] pci_bus 0000:00: resource 8 [mem 0xc0000000-0xfebfffff window]
[    0.318485] pci_bus 0000:00: resource 9 [mem 0x100000000-0x8ffffffff window]
[    0.319083] ACPI: \_SB_.GSIH: Enabled at IRQ 23
[    0.319782] PCI: CLS 0 bytes, default 64
[    0.320114] Trying to unpack rootfs image as initramfs...
[    0.320522] clocksource: tsc: mask: 0xffffffffffffffff max_cycles: 0x28680fa287f, max_idle_ns: 440795281151 ns
[    0.322380] Initialise system trusted keyrings
[    0.322699] Key type blacklist registered
[    0.324137] workingset: timestamp_bits=36 max_order=19 bucket_order=0
[    0.324607] zbud: loaded
[    0.326248] squashfs: version 4.0 (2009/01/31) Phillip Lougher
[    0.326732] fuse: init (API version 7.39)
[    0.327069] integrity: Platform Keyring initialized
[    0.327404] integrity: Machine keyring initialized
[    0.340185] Key type asymmetric registered
[    0.340475] Asymmetric key parser 'x509' registered
[    0.340800] Block layer SCSI generic (bsg) driver version 0.4 loaded (major 243)
[    0.342179] io scheduler mq-deadline registered
[    0.343245] shpchp: Standard Hot Plug PCI Controller Driver version: 0.4
[    0.343712] input: Power Button as /devices/LNXSYSTM:00/LNXPWRBN:00/input/input0
[    0.345175] ACPI: button: Power Button [PWRF]
[    0.346419] ACPI: \_SB_.GSIF: Enabled at IRQ 21
[    0.348391] ACPI: \_SB_.GSIG: Enabled at IRQ 22
[    0.351171] Serial: 8250/16550 driver, 32 ports, IRQ sharing enabled
[    0.396330] 00:03: ttyS0 at I/O 0x3f8 (irq = 4, base_baud = 115200) is a 16550A
[    0.400345] Linux agpgart interface v0.103
[    0.402198] loop: module loaded
[    0.402540] ACPI: bus type drm_connector registered
[    0.402946] tun: Universal TUN/TAP device driver, 1.6
[    0.404721] PPP generic driver version 2.4.2
[    0.406272] i8042: PNP: PS/2 Controller [PNP0303:KBD,PNP0f13:MOU] at 0x60,0x64 irq 1,12
[    0.408252] serio: i8042 KBD port at 0x60,0x64 irq 1
[    0.408580] serio: i8042 AUX port at 0x60,0x64 irq 12
[    0.409004] mousedev: PS/2 mouse device common for all mice
[    0.409518] input: AT Translated Set 2 keyboard as /devices/platform/i8042/serio0/input/input1
[    0.410161] rtc_cmos 00:04: RTC can wake from S4
[    0.412187] rtc_cmos 00:04: registered as rtc0
[    0.412521] rtc_cmos 00:04: setting system clock to 2026-03-08T02:09:17 UTC (1772935757)
[    0.413033] rtc_cmos 00:04: alarms up to one day, y3k, 242 bytes nvram, hpet irqs
[    0.415140] i2c_dev: i2c /dev entries driver
[    0.415429] device-mapper: core: CONFIG_IMA_DISABLE_HTABLE is disabled. Duplicate IMA measurements will not be recorded in the IMA log.
[    0.416182] device-mapper: uevent: version 1.0.3
[    0.417156] device-mapper: ioctl: 4.48.0-ioctl (2023-03-01) initialised: dm-devel@redhat.com
[    0.417689] intel_pstate: CPU model not supported
[    0.419140] ledtrig-cpu: registered to indicate activity on CPUs
[    0.419636] drop_monitor: Initializing network drop monitor service
[    0.421208] NET: Registered PF_INET6 protocol family
[    1.749667] Freeing initrd memory: 165780K
[    1.750115] Segment Routing with IPv6
[    1.750407] In-situ OAM (IOAM) with IPv6
[    1.750667] NET: Registered PF_PACKET protocol family
[    1.750992] Key type dns_resolver registered
[    1.751390] IPI shorthand broadcast: enabled
[    1.752501] sched_clock: Marking stable (1697001408, 55118054)->(1763748272, -11628810)
[    1.753126] registered taskstats version 1
[    1.753457] Loading compiled-in X.509 certificates
[    1.754107] Loaded X.509 cert 'Build time autogenerated kernel key: 7f71bdefc17a4d88631555bf9efbb1c93d6f5260'
[    1.755096] Loaded X.509 cert 'Canonical Ltd. Live Patch Signing 2025 Kmod: d541cef61dc7e793b7eb7e899970a2eef0b5dc8c'
[    1.756209] Loaded X.509 cert 'Canonical Ltd. Live Patch Signing: 14df34d1a87cf37625abec039ef2bf521249b969'
[    1.757253] Loaded X.509 cert 'Canonical Ltd. Kernel Module Signing: 88f752e560a1e0737e31163a466ad7b70a850c19'
[    1.757857] blacklist: Loading compiled-in revocation X.509 certificates
[    1.758289] Loaded X.509 cert 'Canonical Ltd. Secure Boot Signing: 61482aa2830d0ab2ad5af10b7250da9033ddcef0'
[    1.758895] Loaded X.509 cert 'Canonical Ltd. Secure Boot Signing (2017): 242ade75ac4a15e50d50c84b0d45ff3eae707a03'
[    1.759631] Loaded X.509 cert 'Canonical Ltd. Secure Boot Signing (ESM 2018): 365188c1d374d6b07c3c8f240f8ef722433d6a8b'
[    1.760388] Loaded X.509 cert 'Canonical Ltd. Secure Boot Signing (2019): c0746fd6c5da3ae827864651ad66ae47fe24b3e8'
[    1.761016] Loaded X.509 cert 'Canonical Ltd. Secure Boot Signing (2021 v1): a8d54bbb3825cfb94fa13c9f8a594a195c107b8d'
[    1.761715] Loaded X.509 cert 'Canonical Ltd. Secure Boot Signing (2021 v2): 4cf046892d6fd3c9a5b03f98d845f90851dc6a8c'
[    1.762388] Loaded X.509 cert 'Canonical Ltd. Secure Boot Signing (2021 v3): 100437bb6de6e469b581e61cd66bce3ef4ed53af'
[    1.763130] Loaded X.509 cert 'Canonical Ltd. Secure Boot Signing (Ubuntu Core 2019): c1d57b8f6b743f23ee41f4f7ee292f06eecadfb9'
[    1.765727] Key type .fscrypt registered
[    1.766011] Key type fscrypt-provisioning registered
[    1.766546] Key type encrypted registered
[    1.766848] AppArmor: AppArmor sha256 policy hashing enabled
[    1.767257] ima: No TPM chip found, activating TPM-bypass!
[    1.767633] Loading compiled-in module X.509 certificates
[    1.768398] Loaded X.509 cert 'Build time autogenerated kernel key: 7f71bdefc17a4d88631555bf9efbb1c93d6f5260'
[    1.769076] ima: Allocated hash algorithm: sha256
[    1.769447] ima: No architecture policies found
[    1.769766] evm: Initialising EVM extended attributes:
[    1.770121] evm: security.selinux
[    1.770362] evm: security.SMACK64
[    1.770592] evm: security.SMACK64EXEC
[    1.770853] evm: security.SMACK64TRANSMUTE
[    1.771138] evm: security.SMACK64MMAP
[    1.771398] evm: security.apparmor
[    1.771633] evm: security.ima
[    1.771839] evm: security.capability
[    1.772086] evm: HMAC attrs: 0x1
[    1.772472] PM:   Magic number: 2:407:156
[    1.772742] acpi PNP0A08:00: hash matches
[    1.775004] RAS: Correctable Errors collector initialized.
[    1.775455] clk: Disabling unused clocks
[    1.781603] Freeing unused decrypted memory: 2028K
[    1.782232] Freeing unused kernel image (initmem) memory: 4920K
[    1.782505] Write protecting the kernel read-only data: 38912k
[    1.783055] Freeing unused kernel image (rodata/data gap) memory: 1984K
[    1.791195] x86/mm: Checked W+X mappings: passed, no W+X pages found.
[    1.791497] Run /init as init process
[init-phase3] booted
[init-phase3] loading module=/lib/modules/6.8.0-101-generic/kernel/drivers/virtio/virtio_dma_buf.ko
[init-phase3] loading module=/lib/modules/6.8.0-101-generic/kernel/drivers/gpu/drm/virtio/virtio-gpu.ko
[    1.797922] [drm] pci: virtio-vga detected at 0000:00:02.0
[    1.798204] virtio-pci 0000:00:02.0: vgaarb: deactivate vga console
[    1.802598] Console: switching to colour dummy device 80x25
[    1.802927] [drm] features: -virgl +edid -resource_blob -host_visible
[    1.802928] [drm] features: -context_init
[    1.803714] [drm] number of scanouts: 1
[    1.803879] [drm] number of cap sets: 0
[    1.804195] [drm] Initialized virtio_gpu 0.1.0 0 for 0000:00:02.0 on minor 0
[    1.805848] fbcon: virtio_gpudrmfb (fb0) is primary device
[    1.807914] Console: switching to colour frame buffer device 160x50
[    1.808881] virtio-pci 0000:00:02.0: [drm] fb0: virtio_gpudrmfb frame buffer device
[init-phase3] loading module=/lib/modules/6.8.0-101-generic/kernel/drivers/hid/hid.ko
[    1.814384] hid: raw HID events driver (C) Jiri Kosina
[init-phase3] loading module=/lib/modules/6.8.0-101-generic/kernel/drivers/hid/hid-generic.ko
[init-phase3] loading module=/lib/modules/6.8.0-101-generic/kernel/drivers/hid/usbhid/usbhid.ko
[    1.816994] usbcore: registered new interface driver usbhid
[    1.817287] usbhid: USB HID core driver
[init-phase3] loading module=/lib/modules/6.8.0-101-generic/kernel/drivers/hid/usbhid/usbkbd.ko
[    1.818391] usbcore: registered new interface driver usbkbd
[init-phase3] loading module=/lib/modules/6.8.0-101-generic/kernel/drivers/hid/usbhid/usbmouse.ko
[    1.819563] usbcore: registered new interface driver usbmouse
[init-phase3] loading module=/lib/modules/6.8.0-101-generic/kernel/drivers/input/mouse/psmouse.ko
[    1.822404] input: VirtualPS/2 VMware VMMouse as /devices/platform/i8042/serio1/input/input4
[    1.822861] input: VirtualPS/2 VMware VMMouse as /devices/platform/i8042/serio1/input/input3
[init-phase3] loading module=/lib/modules/6.8.0-101-generic/kernel/drivers/usb/host/xhci-pci-renesas.ko
[init-phase3] loading module=/lib/modules/6.8.0-101-generic/kernel/drivers/usb/host/xhci-pci.ko
[    1.825744] xhci_hcd 0000:00:03.0: xHCI Host Controller
[    1.826003] xhci_hcd 0000:00:03.0: new USB bus registered, assigned bus number 1
[    1.826522] xhci_hcd 0000:00:03.0: hcc params 0x00087001 hci version 0x100 quirks 0x0000000000000010
[    1.827184] xhci_hcd 0000:00:03.0: xHCI Host Controller
[    1.827452] xhci_hcd 0000:00:03.0: new USB bus registered, assigned bus number 2
[    1.827806] xhci_hcd 0000:00:03.0: Host supports USB 3.0 SuperSpeed
[    1.828150] usb usb1: New USB device found, idVendor=1d6b, idProduct=0002, bcdDevice= 6.08
[    1.828539] usb usb1: New USB device strings: Mfr=3, Product=2, SerialNumber=1
[    1.828881] usb usb1: Product: xHCI Host Controller
[    1.829112] usb usb1: Manufacturer: Linux 6.8.0-101-generic xhci-hcd
[    1.829421] usb usb1: SerialNumber: 0000:00:03.0
[    1.829697] hub 1-0:1.0: USB hub found
[    1.829893] hub 1-0:1.0: 4 ports detected
[    1.830202] usb usb2: We don't know the algorithms for LPM for this host, disabling LPM.
[    1.830610] usb usb2: New USB device found, idVendor=1d6b, idProduct=0003, bcdDevice= 6.08
[    1.830994] usb usb2: New USB device strings: Mfr=3, Product=2, SerialNumber=1
[    1.831352] usb usb2: Product: xHCI Host Controller
[    1.831584] usb usb2: Manufacturer: Linux 6.8.0-101-generic xhci-hcd
[    1.831883] usb usb2: SerialNumber: 0000:00:03.0
[    1.832147] hub 2-0:1.0: USB hub found
[    1.832363] hub 2-0:1.0: 4 ports detected
Starting systemd-udevd version 255.4-1ubuntu8.8
total 0
drwxr-xr-x    2 root     root            80 Mar  8 02:09 by-path
crw-rw----    1 root     video     226,   0 Mar  8 02:09 card0
crw-rw----    1 root     root      226, 128 Mar  8 02:09 renderD128
total 0
drwxr-xr-x    2 root     root           100 Mar  8 02:09 by-path
crw-rw----    1 root     input      13,  64 Mar  8 02:09 event0
crw-rw----    1 root     input      13,  65 Mar  8 02:09 event1
crw-rw----    1 root     input      13,  66 Mar  8 02:09 event2
crw-rw----    1 root     input      13,  67 Mar  8 02:09 event3
crw-rw----    1 root     input      13,  63 Mar  8 02:09 mice
crw-rw----    1 root     input      13,  32 Mar  8 02:09 mouse0
crw-rw----    1 root     input      13,  33 Mar  8 02:09 mouse1
[init-phase3] seatd pid=120
[init-phase3] weston pid=121
[init-phase3] wayland ready
Date: 2026-03-08 UTC
[02:09:18.955] weston 13.0.0
               https://wayland.freedesktop.org
               Bug reports to: https://gitlab.freedesktop.org/wayland/weston/issues/
               Build: 13.0.0
[02:09:18.955] Command line: /usr/bin/weston --backend=drm --renderer=pixman --shell=kiosk-shell.so --socket=wayland-1 --continue-without-input --log=/var/log/weston.log
[02:09:18.955] OS: Linux, 6.8.0-101-generic, #101-Ubuntu SMP PREEMPT_DYNAMIC Mon Feb  9 10:15:05 UTC 2026, x86_64
[02:09:18.955] Flight recorder: enabled
[02:09:18.955] Using config file '/etc/xdg/weston/weston.ini'
[02:09:18.955] Output repaint window is 7 ms maximum.
[02:09:18.955] Loading module '/usr/lib/x86_64-linux-gnu/libweston-13/drm-backend.so'
[02:09:18.956] initializing drm backend
[02:09:18.956] Trying libseat launcher...
[02:09:18.956] [libseat/libseat.c:62] Seat opened with backend 'seatd'
[02:09:18.956] [libseat/backend/seatd.c:212] Enabling seat
[02:09:18.956] libseat: session control granted
[02:09:18.956] using /dev/dri/card0
[02:09:18.956] DRM: supports atomic modesetting
[02:09:18.956] DRM: does not support GBM modifiers
[02:09:18.956] DRM: does not support async page flipping
[02:09:18.956] DRM: supports picture aspect ratio
[02:09:18.956] Using Pixman renderer
[02:09:18.958] event0  - Power Button: is tagged by udev as: Keyboard
[02:09:18.958] event0  - Power Button: device is a keyboard
[02:09:18.958] event1  - AT Translated Set 2 keyboard: is tagged by udev as: Keyboard
[02:09:18.958] event1  - AT Translated Set 2 keyboard: device is a keyboard
[02:09:18.959] event3  - VirtualPS/2 VMware VMMouse: is tagged by udev as: Mouse
[02:09:18.959] event3  - VirtualPS/2 VMware VMMouse: device is a pointer
[02:09:18.959] event2  - VirtualPS/2 VMware VMMouse: is tagged by udev as: Mouse
[02:09:18.959] event2  - VirtualPS/2 VMware VMMouse: device is a pointer
[02:09:18.961] libinput: configuring device "Power Button".
[02:09:18.961] libinput: configuring device "AT Translated Set 2 keyboard".
[02:09:18.961] libinput: configuring device "VirtualPS/2 VMware VMMouse".
[02:09:18.961] libinput: configuring device "VirtualPS/2 VMware VMMouse".
[02:09:18.961] input device event2 has no enabled output associated (none named), skipping calibration for now.
[02:09:18.962] DRM: head 'Virtual-1' found, connector 36 is connected, EDID make 'RHT', model 'QEMU Monitor', serial ''
               Supported EOTF modes: SDR
[02:09:18.962] Registered plugin API 'weston_drm_output_api_v1' of size 40
[02:09:18.962] Registered plugin API 'weston_drm_virtual_output_api_v2' of size 48
[02:09:18.962] Color manager: no-op
[02:09:18.962] Output 'Virtual-1' attempts EOTF mode: SDR
[02:09:18.962] Output 'Virtual-1' using color profile: stock sRGB color profile
[02:09:18.963] DRM: output Virtual-1 uses shadow framebuffer.
[02:09:18.963] Output Virtual-1 (crtc 35) video modes:
               1280x800@75.0, preferred, current, 107.3 MHz
               5120x2160@50.0 64:27, 742.5 MHz
               4096x2160@50.0 256:135, 594.0 MHz
               3840x2160@60.0 16:9, 594.0 MHz
               3840x2160@59.9 16:9, 593.4 MHz
               3840x2160@50.0 16:9, 594.0 MHz
               1920x1440@60.0, 234.0 MHz
               2560x1080@50.0 64:27, 185.6 MHz
               1856x1392@60.0, 218.2 MHz
               1792x1344@60.0, 204.8 MHz
               2048x1152@60.0, 162.0 MHz
               1920x1200@59.9, 193.2 MHz
               1920x1080@60.0, 148.5 MHz
               1920x1080@50.0 16:9, 148.5 MHz
               1600x1200@60.0, 162.0 MHz
               1680x1050@60.0, 146.2 MHz
               1400x1050@60.0, 121.8 MHz
               1280x1024@60.0, 108.0 MHz
               1440x900@59.9, 106.5 MHz
               1280x960@60.0, 108.0 MHz
               1360x768@60.0, 85.5 MHz
               1280x768@59.9, 79.5 MHz
               1024x768@60.0, 65.0 MHz
               800x600@60.3, 40.0 MHz
               640x480@60.0 4:3, 25.2 MHz
               640x480@59.9, 25.2 MHz
[02:09:18.963] associating input device event0 with output Virtual-1 (none by udev)
[02:09:18.963] associating input device event1 with output Virtual-1 (none by udev)
[02:09:18.963] associating input device event3 with output Virtual-1 (none by udev)
[02:09:18.963] associating input device event2 with output Virtual-1 (none by udev)
[02:09:18.964] Output 'Virtual-1' enabled with head(s) Virtual-1
[02:09:18.964] Compositor capabilities:
               arbitrary surface rotation: yes
               screen capture uses y-flip: no
               cursor planes: yes
               arbitrary resolutions: no
               view mask clipping: yes
               explicit sync: no
               color operations: no
               presentation clock: CLOCK_MONOTONIC, id 1
               presentation clock resolution: 0.000000001 s
[02:09:18.964] Loading module '/usr/lib/x86_64-linux-gnu/weston/kiosk-shell.so'
[init-phase3] launching chromium url=about:blank runtime=20
[init-phase3] chromium pid=125
[    2.067132] usb 1-1: new high-speed USB device number 2 using xhci_hcd
[    2.199385] usb 1-1: New USB device found, idVendor=0627, idProduct=0001, bcdDevice= 0.00
[    2.199760] usb 1-1: New USB device strings: Mfr=1, Product=4, SerialNumber=11
[    2.200062] usb 1-1: Product: QEMU USB Keyboard
[    2.200272] usb 1-1: Manufacturer: QEMU
[    2.200442] usb 1-1: SerialNumber: 68284-0000:00:03.0-1
[    2.207692] input: QEMU QEMU USB Keyboard as /devices/pci0000:00/0000:00:03.0/usb1/1-1/1-1:1.0/0003:0627:0001.0001/input/input5
[    2.266952] hid-generic 0003:0627:0001.0001: input,hidraw0: USB HID v1.11 Keyboard [QEMU QEMU USB Keyboard] on usb-0000:00:03.0-1/input0
[    2.389246] usb 1-2: new high-speed USB device number 3 using xhci_hcd
[    2.518069] usb 1-2: New USB device found, idVendor=0627, idProduct=0001, bcdDevice= 0.00
[    2.519357] usb 1-2: New USB device strings: Mfr=1, Product=3, SerialNumber=10
[    2.520417] usb 1-2: Product: QEMU USB Tablet
[    2.521183] usb 1-2: Manufacturer: QEMU
[    2.521815] usb 1-2: SerialNumber: 28754-0000:00:03.0-2
[    2.524874] input: QEMU QEMU USB Tablet as /devices/pci0000:00/0000:00:03.0/usb1/1-2/1-2:1.0/0003:0627:0001.0002/input/input6
[    2.527067] hid-generic 0003:0627:0001.0002: input,hidraw1: USB HID v0.01 Mouse [QEMU QEMU USB Tablet] on usb-0000:00:03.0-2/input0
MESA-LOADER: failed to open dri: /usr/lib/x86_64-linux-gnu/gbm/dri_gbm.so: cannot open shared object file: No such file or directory (search paths /usr/lib/x86_64-linux-gnu/gbm, suffix _gbm)
[125:142:0308/020919.140978:ERROR:dbus/bus.cc:405] Failed to connect to the bus: Failed to connect to socket /run/dbus/system_bus_socket: No such file or directory
[125:142:0308/020919.140991:ERROR:dbus/bus.cc:405] Failed to connect to the bus: Could not parse server address: Unknown address type (examples of valid types are "tcp" and on UNIX "unix")
[125:142:0308/020919.140999:ERROR:dbus/bus.cc:405] Failed to connect to the bus: Failed to connect to socket /run/dbus/system_bus_socket: No such file or directory
[125:142:0308/020919.141006:ERROR:dbus/bus.cc:405] Failed to connect to the bus: Failed to connect to socket /run/dbus/system_bus_socket: No such file or directory
MESA-LOADER: failed to open dri: /usr/lib/x86_64-linux-gnu/gbm/dri_gbm.so: cannot open shared object file: No such file or directory (search paths /usr/lib/x86_64-linux-gnu/gbm, suffix _gbm)
[159:159:0308/020919.147616:ERROR:media/gpu/vaapi/vaapi_wrapper.cc:1626] vaInitialize failed: unknown libva error
[125:142:0308/020919.166677:ERROR:dbus/bus.cc:405] Failed to connect to the bus: Could not parse server address: Unknown address type (examples of valid types are "tcp" and on UNIX "unix")

(process:125): GLib-GIO-CRITICAL **: 02:09:19.176: g_settings_schema_source_lookup: assertion 'source != NULL' failed
[125:142:0308/020919.180495:ERROR:dbus/bus.cc:405] Failed to connect to the bus: Could not parse server address: Unknown address type (examples of valid types are "tcp" and on UNIX "unix")
[125:142:0308/020919.180503:ERROR:dbus/bus.cc:405] Failed to connect to the bus: Could not parse server address: Unknown address type (examples of valid types are "tcp" and on UNIX "unix")
[125:125:0308/020919.239934:ERROR:dbus/object_proxy.cc:572] Failed to call method: org.freedesktop.DBus.NameHasOwner: object_path= /org/freedesktop/DBus: unknown error type: 
[125:142:0308/020919.239976:ERROR:dbus/bus.cc:405] Failed to connect to the bus: Could not parse server address: Unknown address type (examples of valid types are "tcp" and on UNIX "unix")
[125:125:0308/020919.244278:ERROR:dbus/object_proxy.cc:572] Failed to call method: org.freedesktop.DBus.NameHasOwner: object_path= /org/freedesktop/DBus: unknown error type: 
[125:125:0308/020919.255190:ERROR:dbus/object_proxy.cc:572] Failed to call method: org.freedesktop.DBus.NameHasOwner: object_path= /org/freedesktop/DBus: unknown error type: 
[125:142:0308/020919.255628:ERROR:dbus/bus.cc:405] Failed to connect to the bus: Could not parse server address: Unknown address type (examples of valid types are "tcp" and on UNIX "unix")
[125:125:0308/020919.255645:ERROR:dbus/object_proxy.cc:572] Failed to call method: org.freedesktop.DBus.NameHasOwner: object_path= /org/freedesktop/DBus: unknown error type: 
[125:125:0308/020919.259470:ERROR:dbus/object_proxy.cc:572] Failed to call method: org.freedesktop.DBus.NameHasOwner: object_path= /org/freedesktop/DBus: unknown error type: 
[125:142:0308/020919.259777:ERROR:dbus/bus.cc:405] Failed to connect to the bus: Failed to connect to socket /run/dbus/system_bus_socket: No such file or directory
[125:142:0308/020919.259791:ERROR:dbus/bus.cc:405] Failed to connect to the bus: Failed to connect to socket /run/dbus/system_bus_socket: No such file or directory
[125:125:0308/020919.263567:ERROR:dbus/object_proxy.cc:572] Failed to call method: org.freedesktop.DBus.NameHasOwner: object_path= /org/freedesktop/DBus: unknown error type: 
[125:125:0308/020919.264886:ERROR:dbus/object_proxy.cc:572] Failed to call method: org.freedesktop.DBus.Properties.GetAll: object_path= /org/freedesktop/UPower/devices/DisplayDevice: unknown error type: 
[125:142:0308/020919.265248:ERROR:dbus/bus.cc:405] Failed to connect to the bus: Could not parse server address: Unknown address type (examples of valid types are "tcp" and on UNIX "unix")
[125:125:0308/020919.268274:ERROR:dbus/object_proxy.cc:572] Failed to call method: org.freedesktop.DBus.NameHasOwner: object_path= /org/freedesktop/DBus: unknown error type: 
[125:142:0308/020919.268770:ERROR:dbus/bus.cc:405] Failed to connect to the bus: Could not parse server address: Unknown address type (examples of valid types are "tcp" and on UNIX "unix")
[125:125:0308/020919.269232:ERROR:dbus/object_proxy.cc:572] Failed to call method: org.freedesktop.DBus.NameHasOwner: object_path= /org/freedesktop/DBus: unknown error type: 
[125:142:0308/020919.269258:ERROR:dbus/bus.cc:405] Failed to connect to the bus: Could not parse server address: Unknown address type (examples of valid types are "tcp" and on UNIX "unix")
[125:125:0308/020919.269336:ERROR:dbus/object_proxy.cc:572] Failed to call method: org.freedesktop.DBus.NameHasOwner: object_path= /org/freedesktop/DBus: unknown error type: 
[init-phase3] runtime limit reached, terminating chromium
[init-phase3] chromium exited
[   22.034041] ACPI: PM: Preparing to enter system sleep state S5
[   22.034403] reboot: Power down
