[    0.000000] Linux version 6.8.0-101-generic (buildd@lcy02-amd64-051) (x86_64-linux-gnu-gcc-13 (Ubuntu 13.3.0-6ubuntu2~24.04) 13.3.0, GNU ld (GNU Binutils for Ubuntu) 2.42) #101-Ubuntu SMP PREEMPT_DYNAMIC Mon Feb  9 10:15:05 UTC 2026 (Ubuntu 6.8.0-101.101-generic 6.8.12)
[    0.000000] Command line: console=ttyS0 panic=-1 no_console_suspend rdinit=/init
[    0.000000] KERNEL supported cpus:
[    0.000000]   Intel GenuineIntel
[    0.000000]   AMD AuthenticAMD
[    0.000000]   Hygon HygonGenuine
[    0.000000]   Centaur CentaurHauls
[    0.000000]   zhaoxin   Shanghai  
[    0.000000] BIOS-provided physical RAM map:
[    0.000000] BIOS-e820: [mem 0x0000000000000000-0x000000000009fbff] usable
[    0.000000] BIOS-e820: [mem 0x000000000009fc00-0x000000000009ffff] reserved
[    0.000000] BIOS-e820: [mem 0x00000000000f0000-0x00000000000fffff] reserved
[    0.000000] BIOS-e820: [mem 0x0000000000100000-0x000000003ffddfff] usable
[    0.000000] BIOS-e820: [mem 0x000000003ffde000-0x000000003fffffff] reserved
[    0.000000] BIOS-e820: [mem 0x00000000b0000000-0x00000000bfffffff] reserved
[    0.000000] BIOS-e820: [mem 0x00000000fed1c000-0x00000000fed1ffff] reserved
[    0.000000] BIOS-e820: [mem 0x00000000feffc000-0x00000000feffffff] reserved
[    0.000000] BIOS-e820: [mem 0x00000000fffc0000-0x00000000ffffffff] reserved
[    0.000000] NX (Execute Disable) protection: active
[    0.000000] APIC: Static calls initialized
[    0.000000] SMBIOS 3.0.0 present.
[    0.000000] DMI: QEMU Standard PC (Q35 + ICH9, 2009), BIOS 1.16.3-debian-1.16.3-2 04/01/2014
[    0.000000] Hypervisor detected: KVM
[    0.000000] kvm-clock: Using msrs 4b564d01 and 4b564d00
[    0.000000] kvm-clock: using sched offset of 257409869 cycles
[    0.000002] clocksource: kvm-clock: mask: 0xffffffffffffffff max_cycles: 0x1cd42e4dffb, max_idle_ns: 881590591483 ns
[    0.000004] tsc: Detected 2803.200 MHz processor
[    0.000647] last_pfn = 0x3ffde max_arch_pfn = 0x400000000
[    0.000689] MTRR map: 4 entries (3 fixed + 1 variable; max 19), built from 8 variable MTRRs
[    0.000692] x86/PAT: Configuration [0-7]: WB  WC  UC- UC  WB  WP  UC- WT  
[    0.004763] found SMP MP-table at [mem 0x000f5470-0x000f547f]
[    0.004776] Using GB pages for direct mapping
[    0.004853] RAMDISK: [mem 0x3ed2a000-0x3ffcffff]
[    0.004860] ACPI: Early table checksum verification disabled
[    0.004863] ACPI: RSDP 0x00000000000F52B0 000014 (v00 BOCHS )
[    0.004867] ACPI: RSDT 0x000000003FFE2304 000038 (v01 BOCHS  BXPC     00000001 BXPC 00000001)
[    0.004871] ACPI: FACP 0x000000003FFE20FC 0000F4 (v03 BOCHS  BXPC     00000001 BXPC 00000001)
[    0.004876] ACPI: DSDT 0x000000003FFE0040 0020BC (v01 BOCHS  BXPC     00000001 BXPC 00000001)
[    0.004878] ACPI: FACS 0x000000003FFE0000 000040
[    0.004880] ACPI: APIC 0x000000003FFE21F0 000078 (v03 BOCHS  BXPC     00000001 BXPC 00000001)
[    0.004883] ACPI: HPET 0x000000003FFE2268 000038 (v01 BOCHS  BXPC     00000001 BXPC 00000001)
[    0.004885] ACPI: MCFG 0x000000003FFE22A0 00003C (v01 BOCHS  BXPC     00000001 BXPC 00000001)
[    0.004887] ACPI: WAET 0x000000003FFE22DC 000028 (v01 BOCHS  BXPC     00000001 BXPC 00000001)
[    0.004889] ACPI: Reserving FACP table memory at [mem 0x3ffe20fc-0x3ffe21ef]
[    0.004890] ACPI: Reserving DSDT table memory at [mem 0x3ffe0040-0x3ffe20fb]
[    0.004891] ACPI: Reserving FACS table memory at [mem 0x3ffe0000-0x3ffe003f]
[    0.004891] ACPI: Reserving APIC table memory at [mem 0x3ffe21f0-0x3ffe2267]
[    0.004892] ACPI: Reserving HPET table memory at [mem 0x3ffe2268-0x3ffe229f]
[    0.004893] ACPI: Reserving MCFG table memory at [mem 0x3ffe22a0-0x3ffe22db]
[    0.004893] ACPI: Reserving WAET table memory at [mem 0x3ffe22dc-0x3ffe2303]
[    0.005122] No NUMA configuration found
[    0.005123] Faking a node at [mem 0x0000000000000000-0x000000003ffddfff]
[    0.005128] NODE_DATA(0) allocated [mem 0x3ecff000-0x3ed29fff]
[    0.005232] Zone ranges:
[    0.005232]   DMA      [mem 0x0000000000001000-0x0000000000ffffff]
[    0.005234]   DMA32    [mem 0x0000000001000000-0x000000003ffddfff]
[    0.005235]   Normal   empty
[    0.005236]   Device   empty
[    0.005237] Movable zone start for each node
[    0.005238] Early memory node ranges
[    0.005238]   node   0: [mem 0x0000000000001000-0x000000000009efff]
[    0.005239]   node   0: [mem 0x0000000000100000-0x000000003ffddfff]
[    0.005240] Initmem setup node 0 [mem 0x0000000000001000-0x000000003ffddfff]
[    0.005459] On node 0, zone DMA: 1 pages in unavailable ranges
[    0.005469] On node 0, zone DMA: 97 pages in unavailable ranges
[    0.007716] On node 0, zone DMA32: 34 pages in unavailable ranges
[    0.007964] ACPI: PM-Timer IO Port: 0x608
[    0.007978] ACPI: LAPIC_NMI (acpi_id[0xff] dfl dfl lint[0x1])
[    0.008008] IOAPIC[0]: apic_id 0, version 17, address 0xfec00000, GSI 0-23
[    0.008010] ACPI: INT_SRC_OVR (bus 0 bus_irq 0 global_irq 2 dfl dfl)
[    0.008011] ACPI: INT_SRC_OVR (bus 0 bus_irq 5 global_irq 5 high level)
[    0.008012] ACPI: INT_SRC_OVR (bus 0 bus_irq 9 global_irq 9 high level)
[    0.008013] ACPI: INT_SRC_OVR (bus 0 bus_irq 10 global_irq 10 high level)
[    0.008014] ACPI: INT_SRC_OVR (bus 0 bus_irq 11 global_irq 11 high level)
[    0.008017] ACPI: Using ACPI (MADT) for SMP configuration information
[    0.008018] ACPI: HPET id: 0x8086a201 base: 0xfed00000
[    0.008022] TSC deadline timer available
[    0.008023] smpboot: Allowing 1 CPUs, 0 hotplug CPUs
[    0.008044] kvm-guest: APIC: eoi() replaced with kvm_guest_apic_eoi_write()
[    0.008071] PM: hibernation: Registered nosave memory: [mem 0x00000000-0x00000fff]
[    0.008072] PM: hibernation: Registered nosave memory: [mem 0x0009f000-0x000fffff]
[    0.008075] [mem 0x40000000-0xafffffff] available for PCI devices
[    0.008076] Booting paravirtualized kernel on KVM
[    0.008078] clocksource: refined-jiffies: mask: 0xffffffff max_cycles: 0xffffffff, max_idle_ns: 1910969940391419 ns
[    0.008087] setup_percpu: NR_CPUS:8192 nr_cpumask_bits:1 nr_cpu_ids:1 nr_node_ids:1
[    0.008507] percpu: Embedded 86 pages/cpu s229376 r8192 d114688 u2097152
[    0.008542] kvm-guest: PV spinlocks disabled, single CPU
[    0.008543] Kernel command line: console=ttyS0 panic=-1 no_console_suspend rdinit=/init
[    0.008618] random: crng init done
[    0.008670] Dentry cache hash table entries: 131072 (order: 8, 1048576 bytes, linear)
[    0.008706] Inode-cache hash table entries: 65536 (order: 7, 524288 bytes, linear)
[    0.008738] Fallback order for Node 0: 0 
[    0.008741] Built 1 zonelists, mobility grouping on.  Total pages: 257758
[    0.008742] Policy zone: DMA32
[    0.008746] mem auto-init: stack:all(zero), heap alloc:on, heap free:off
[    0.010610] Memory: 956252K/1048048K available (22528K kernel code, 4439K rwdata, 14400K rodata, 4920K init, 4788K bss, 91536K reserved, 0K cma-reserved)
[    0.011231] SLUB: HWalign=64, Order=0-3, MinObjects=0, CPUs=1, Nodes=1
[    0.011249] ftrace: allocating 58250 entries in 228 pages
[    0.019692] ftrace: allocated 228 pages with 4 groups
[    0.020427] Dynamic Preempt: voluntary
[    0.020720] rcu: Preemptible hierarchical RCU implementation.
[    0.020722] rcu: 	RCU restricting CPUs from NR_CPUS=8192 to nr_cpu_ids=1.
[    0.020723] 	Trampoline variant of Tasks RCU enabled.
[    0.020723] 	Rude variant of Tasks RCU enabled.
[    0.020724] 	Tracing variant of Tasks RCU enabled.
[    0.020724] rcu: RCU calculated value of scheduler-enlistment delay is 100 jiffies.
[    0.020725] rcu: Adjusting geometry for rcu_fanout_leaf=16, nr_cpu_ids=1
[    0.020733] RCU Tasks: Setting shift to 0 and lim to 1 rcu_task_cb_adjust=1 rcu_task_cpu_ids=1.
[    0.020734] RCU Tasks Rude: Setting shift to 0 and lim to 1 rcu_task_cb_adjust=1 rcu_task_cpu_ids=1.
[    0.020735] RCU Tasks Trace: Setting shift to 0 and lim to 1 rcu_task_cb_adjust=1 rcu_task_cpu_ids=1.
[    0.023225] NR_IRQS: 524544, nr_irqs: 256, preallocated irqs: 16
[    0.023418] rcu: srcu_init: Setting srcu_struct sizes based on contention.
[    0.029731] Console: colour VGA+ 80x25
[    0.029762] printk: legacy console [ttyS0] enabled
[    0.080900] ACPI: Core revision 20230628
[    0.081250] clocksource: hpet: mask: 0xffffffff max_cycles: 0xffffffff, max_idle_ns: 19112604467 ns
[    0.081947] APIC: Switch to symmetric I/O mode setup
[    0.082511] x2apic enabled
[    0.082940] APIC: Switched APIC routing to: physical x2apic
[    0.084250] ..TIMER: vector=0x30 apic1=0 pin1=2 apic2=-1 pin2=-1
[    0.084738] clocksource: tsc-early: mask: 0xffffffffffffffff max_cycles: 0x28680fa287f, max_idle_ns: 440795281151 ns
[    0.085536] Calibrating delay loop (skipped) preset value.. 5606.40 BogoMIPS (lpj=2803200)
[    0.086658] x86/cpu: User Mode Instruction Prevention (UMIP) activated
[    0.087233] Last level iTLB entries: 4KB 0, 2MB 0, 4MB 0
[    0.087534] Last level dTLB entries: 4KB 0, 2MB 0, 4MB 0, 1GB 0
[    0.088005] Spectre V1 : Mitigation: usercopy/swapgs barriers and __user pointer sanitization
[    0.088537] Spectre V2 : Spectre BHI mitigation: SW BHB clearing on vm exit
[    0.089004] Spectre V2 : Spectre BHI mitigation: SW BHB clearing on syscall
[    0.089534] Spectre V2 : Mitigation: Enhanced / Automatic IBRS
[    0.089934] Spectre V2 : Spectre v2 / PBRSB-eIBRS: Retire a single CALL on VMEXIT
[    0.090535] Spectre V2 : mitigation: Enabling conditional Indirect Branch Prediction Barrier
[    0.091130] Speculative Store Bypass: Mitigation: Speculative Store Bypass disabled via prctl
[    0.091534] ITS: WARNING: ITS mitigation depends on retpoline and rethunk support
[    0.092040] ITS: Vulnerable
[    0.092554] x86/fpu: Supporting XSAVE feature 0x001: 'x87 floating point registers'
[    0.093088] x86/fpu: Supporting XSAVE feature 0x002: 'SSE registers'
[    0.093534] x86/fpu: Supporting XSAVE feature 0x004: 'AVX registers'
[    0.093990] x86/fpu: Supporting XSAVE feature 0x020: 'AVX-512 opmask'
[    0.094377] x86/fpu: Supporting XSAVE feature 0x040: 'AVX-512 Hi256'
[    0.094534] x86/fpu: Supporting XSAVE feature 0x080: 'AVX-512 ZMM_Hi256'
[    0.094992] x86/fpu: Supporting XSAVE feature 0x200: 'Protection Keys User registers'
[    0.095534] x86/fpu: xstate_offset[2]:  576, xstate_sizes[2]:  256
[    0.095934] x86/fpu: xstate_offset[5]:  832, xstate_sizes[5]:   64
[    0.096534] x86/fpu: xstate_offset[6]:  896, xstate_sizes[6]:  512
[    0.096939] x86/fpu: xstate_offset[7]: 1408, xstate_sizes[7]: 1024
[    0.097378] x86/fpu: xstate_offset[9]: 2432, xstate_sizes[9]:    8
[    0.097534] x86/fpu: Enabled xstate features 0x2e7, context size is 2440 bytes, using 'compacted' format.
[    0.121822] Freeing SMP alternatives memory: 48K
[    0.122171] pid_max: default: 32768 minimum: 301
[    0.122499] LSM: initializing lsm=lockdown,capability,landlock,yama,apparmor,integrity
[    0.122544] landlock: Up and running.
[    0.122782] Yama: becoming mindful.
[    0.123014] AppArmor: AppArmor initialized
[    0.123558] Mount-cache hash table entries: 2048 (order: 2, 16384 bytes, linear)
[    0.124022] Mountpoint-cache hash table entries: 2048 (order: 2, 16384 bytes, linear)
[    0.124734] smpboot: CPU0: 11th Gen Intel(R) Core(TM) i7-1165G7 @ 2.80GHz (family: 0x6, model: 0x8c, stepping: 0x1)
[    0.125563] Performance Events: Icelake events, full-width counters, Intel PMU driver.
[    0.126187] ... version:                2
[    0.126463] ... bit width:              48
[    0.126535] ... generic registers:      8
[    0.126809] ... value mask:             0000ffffffffffff
[    0.127152] ... max period:             00007fffffffffff
[    0.127497] ... fixed-purpose events:   3
[    0.127535] ... event mask:             00000007000000ff
[    0.127967] signal: max sigframe size: 3632
[    0.128268] rcu: Hierarchical SRCU implementation.
[    0.128535] rcu: 	Max phase no-delay instances is 400.
[    0.129119] smp: Bringing up secondary CPUs ...
[    0.129488] smp: Brought up 1 node, 1 CPU
[    0.129540] smpboot: Max logical packages: 1
[    0.129847] smpboot: Total of 1 processors activated (5606.40 BogoMIPS)
[    0.130446] devtmpfs: initialized
[    0.130559] x86/mm: Memory block size: 128MB
[    0.131073] clocksource: jiffies: mask: 0xffffffff max_cycles: 0xffffffff, max_idle_ns: 1911260446275000 ns
[    0.131542] futex hash table entries: 256 (order: 2, 16384 bytes, linear)
[    0.132057] pinctrl core: initialized pinctrl subsystem
[    0.132524] PM: RTC time: 22:26:59, date: 2026-03-07
[    0.133124] NET: Registered PF_NETLINK/PF_ROUTE protocol family
[    0.133603] DMA: preallocated 128 KiB GFP_KERNEL pool for atomic allocations
[    0.134115] DMA: preallocated 128 KiB GFP_KERNEL|GFP_DMA pool for atomic allocations
[    0.134543] DMA: preallocated 128 KiB GFP_KERNEL|GFP_DMA32 pool for atomic allocations
[    0.135046] audit: initializing netlink subsys (disabled)
[    0.135515] thermal_sys: Registered thermal governor 'fair_share'
[    0.135516] thermal_sys: Registered thermal governor 'bang_bang'
[    0.135535] thermal_sys: Registered thermal governor 'step_wise'
[    0.135944] thermal_sys: Registered thermal governor 'user_space'
[    0.136350] thermal_sys: Registered thermal governor 'power_allocator'
[    0.136537] audit: type=2000 audit(1772922420.280:1): state=initialized audit_enabled=0 res=1
[    0.137545] cpuidle: using governor ladder
[    0.137829] cpuidle: using governor menu
[    0.138146] acpiphp: ACPI Hot Plug PCI Controller Driver version: 0.5
[    0.138636] PCI: ECAM [mem 0xb0000000-0xbfffffff] (base 0xb0000000) for domain 0000 [bus 00-ff]
[    0.139206] PCI: ECAM [mem 0xb0000000-0xbfffffff] reserved as E820 entry
[    0.139541] PCI: Using configuration type 1 for base access
[    0.139999] kprobes: kprobe jump-optimization is enabled. All kprobes are optimized if possible.
[    0.166597] HugeTLB: registered 1.00 GiB page size, pre-allocated 0 pages
[    0.167072] HugeTLB: 16380 KiB vmemmap can be freed for a 1.00 GiB page
[    0.167473] HugeTLB: registered 2.00 MiB page size, pre-allocated 0 pages
[    0.167535] HugeTLB: 28 KiB vmemmap can be freed for a 2.00 MiB page
[    0.169178] ACPI: Added _OSI(Module Device)
[    0.169505] ACPI: Added _OSI(Processor Device)
[    0.169539] ACPI: Added _OSI(Processor Aggregator Device)
[    0.170745] ACPI: 1 ACPI AML tables successfully acquired and loaded
[    0.171572] ACPI: _OSC evaluation for CPUs failed, trying _PDC
[    0.172038] ACPI: Interpreter enabled
[    0.172291] ACPI: PM: (supports S0 S3 S4 S5)
[    0.172536] ACPI: Using IOAPIC for interrupt routing
[    0.172938] PCI: Using host bridge windows from ACPI; if necessary, use "pci=nocrs" and report a bug
[    0.173536] PCI: Using E820 reservations for host bridge windows
[    0.173967] ACPI: Enabled 2 GPEs in block 00 to 3F
[    0.175386] ACPI: PCI Root Bridge [PCI0] (domain 0000 [bus 00-ff])
[    0.175539] acpi PNP0A08:00: _OSC: OS supports [ExtendedConfig ASPM ClockPM Segments MSI EDR HPX-Type3]
[    0.176261] acpi PNP0A08:00: _OSC: platform does not support [PCIeHotplug LTR DPC]
[    0.176583] acpi PNP0A08:00: _OSC: OS now controls [SHPCHotplug PME AER PCIeCapability]
[    0.177224] PCI host bridge to bus 0000:00
[    0.177506] pci_bus 0000:00: root bus resource [io  0x0000-0x0cf7 window]
[    0.177535] pci_bus 0000:00: root bus resource [io  0x0d00-0xffff window]
[    0.177948] pci_bus 0000:00: root bus resource [mem 0x000a0000-0x000bffff window]
[    0.178405] pci_bus 0000:00: root bus resource [mem 0x40000000-0xafffffff window]
[    0.178534] pci_bus 0000:00: root bus resource [mem 0xc0000000-0xfebfffff window]
[    0.179037] pci_bus 0000:00: root bus resource [mem 0x100000000-0x8ffffffff window]
[    0.179535] pci_bus 0000:00: root bus resource [bus 00-ff]
[    0.179963] pci 0000:00:00.0: [8086:29c0] type 00 class 0x060000 conventional PCI endpoint
[    0.180858] pci 0000:00:01.0: [1af4:1000] type 00 class 0x020000 conventional PCI endpoint
[    0.181947] pci 0000:00:01.0: BAR 0 [io  0xc040-0xc05f]
[    0.182340] pci 0000:00:01.0: BAR 4 [mem 0xfe800000-0xfe803fff 64bit pref]
[    0.182539] pci 0000:00:01.0: ROM [mem 0xfeb00000-0xfeb7ffff pref]
[    0.183242] pci 0000:00:02.0: [1af4:1050] type 00 class 0x030000 conventional PCI endpoint
[    0.184546] pci 0000:00:02.0: BAR 0 [mem 0xfe000000-0xfe7fffff pref]
[    0.185021] pci 0000:00:02.0: BAR 2 [mem 0xfe804000-0xfe807fff 64bit pref]
[    0.185493] pci 0000:00:02.0: BAR 4 [mem 0xfeb94000-0xfeb94fff]
[    0.185544] pci 0000:00:02.0: ROM [mem 0xfeb80000-0xfeb8ffff pref]
[    0.186006] pci 0000:00:02.0: Video device with shadowed ROM at [mem 0x000c0000-0x000dffff]
[    0.186904] pci 0000:00:03.0: [1b36:000d] type 00 class 0x0c0330 PCIe Root Complex Integrated Endpoint
[    0.187974] pci 0000:00:03.0: BAR 0 [mem 0xfeb90000-0xfeb93fff 64bit]
[    0.195316] pci 0000:00:1f.0: [8086:2918] type 00 class 0x060100 conventional PCI endpoint
[    0.195755] pci 0000:00:1f.0: quirk: [io  0x0600-0x067f] claimed by ICH6 ACPI/GPIO/TCO
[    0.196368] pci 0000:00:1f.2: [8086:2922] type 00 class 0x010601 conventional PCI endpoint
[    0.197055] pci 0000:00:1f.2: BAR 4 [io  0xc060-0xc07f]
[    0.197419] pci 0000:00:1f.2: BAR 5 [mem 0xfeb95000-0xfeb95fff]
[    0.197744] pci 0000:00:1f.3: [8086:2930] type 00 class 0x0c0500 conventional PCI endpoint
[    0.198694] pci 0000:00:1f.3: BAR 4 [io  0x0700-0x073f]
[    0.199365] ACPI: PCI: Interrupt link LNKA configured for IRQ 10
[    0.199586] ACPI: PCI: Interrupt link LNKB configured for IRQ 10
[    0.200106] ACPI: PCI: Interrupt link LNKC configured for IRQ 11
[    0.200560] ACPI: PCI: Interrupt link LNKD configured for IRQ 11
[    0.201002] ACPI: PCI: Interrupt link LNKE configured for IRQ 10
[    0.201398] ACPI: PCI: Interrupt link LNKF configured for IRQ 10
[    0.201578] ACPI: PCI: Interrupt link LNKG configured for IRQ 11
[    0.201996] ACPI: PCI: Interrupt link LNKH configured for IRQ 11
[    0.202410] ACPI: PCI: Interrupt link GSIA configured for IRQ 16
[    0.202540] ACPI: PCI: Interrupt link GSIB configured for IRQ 17
[    0.202898] ACPI: PCI: Interrupt link GSIC configured for IRQ 18
[    0.203259] ACPI: PCI: Interrupt link GSID configured for IRQ 19
[    0.203539] ACPI: PCI: Interrupt link GSIE configured for IRQ 20
[    0.203898] ACPI: PCI: Interrupt link GSIF configured for IRQ 21
[    0.204269] ACPI: PCI: Interrupt link GSIG configured for IRQ 22
[    0.204541] ACPI: PCI: Interrupt link GSIH configured for IRQ 23
[    0.205286] iommu: Default domain type: Translated
[    0.205536] iommu: DMA domain TLB invalidation policy: lazy mode
[    0.206067] SCSI subsystem initialized
[    0.206365] ACPI: bus type USB registered
[    0.206543] usbcore: registered new interface driver usbfs
[    0.206925] usbcore: registered new interface driver hub
[    0.207272] usbcore: registered new device driver usb
[    0.207547] pps_core: LinuxPPS API ver. 1 registered
[    0.207847] pps_core: Software ver. 5.3.6 - Copyright 2005-2007 Rodolfo Giometti <giometti@linux.it>
[    0.208430] PTP clock support registered
[    0.208562] EDAC MC: Ver: 3.0.0
[    0.209071] NetLabel: Initializing
[    0.209309] NetLabel:  domain hash size = 128
[    0.209535] NetLabel:  protocols = UNLABELED CIPSOv4 CALIPSO
[    0.209912] NetLabel:  unlabeled traffic allowed by default
[    0.210269] mctp: management component transport protocol core
[    0.210535] NET: Registered PF_MCTP protocol family
[    0.210872] PCI: Using ACPI for IRQ routing
[    0.302860] pci 0000:00:02.0: vgaarb: setting as boot VGA device
[    0.303303] pci 0000:00:02.0: vgaarb: bridge control possible
[    0.303533] pci 0000:00:02.0: vgaarb: VGA device added: decodes=io+mem,owns=io+mem,locks=none
[    0.303536] vgaarb: loaded
[    0.303865] hpet0: at MMIO 0xfed00000, IRQs 2, 8, 0
[    0.304201] hpet0: 3 comparators, 64-bit 100.000000 MHz counter
[    0.308564] clocksource: Switched to clocksource kvm-clock
[    0.309369] VFS: Disk quotas dquot_6.6.0
[    0.309677] VFS: Dquot-cache hash table entries: 512 (order 0, 4096 bytes)
[    0.310226] AppArmor: AppArmor Filesystem Enabled
[    0.310568] pnp: PnP ACPI init
[    0.310890] system 00:05: [mem 0xb0000000-0xbfffffff window] has been reserved
[    0.311555] pnp: PnP ACPI: found 6 devices
[    0.316981] clocksource: acpi_pm: mask: 0xffffff max_cycles: 0xffffff, max_idle_ns: 2085701024 ns
[    0.317606] NET: Registered PF_INET protocol family
[    0.317999] IP idents hash table entries: 16384 (order: 5, 131072 bytes, linear)
[    0.327487] tcp_listen_portaddr_hash hash table entries: 512 (order: 1, 8192 bytes, linear)
[    0.328090] Table-perturb hash table entries: 65536 (order: 6, 262144 bytes, linear)
[    0.328652] TCP established hash table entries: 8192 (order: 4, 65536 bytes, linear)
[    0.329197] TCP bind hash table entries: 8192 (order: 6, 262144 bytes, linear)
[    0.329714] TCP: Hash tables configured (established 8192 bind 8192)
[    0.330240] MPTCP token hash table entries: 1024 (order: 2, 24576 bytes, linear)
[    0.330759] UDP hash table entries: 512 (order: 2, 16384 bytes, linear)
[    0.331209] UDP-Lite hash table entries: 512 (order: 2, 16384 bytes, linear)
[    0.331725] NET: Registered PF_UNIX/PF_LOCAL protocol family
[    0.332115] NET: Registered PF_XDP protocol family
[    0.332451] pci_bus 0000:00: resource 4 [io  0x0000-0x0cf7 window]
[    0.332853] pci_bus 0000:00: resource 5 [io  0x0d00-0xffff window]
[    0.333224] pci_bus 0000:00: resource 6 [mem 0x000a0000-0x000bffff window]
[    0.333658] pci_bus 0000:00: resource 7 [mem 0x40000000-0xafffffff window]
[    0.334065] pci_bus 0000:00: resource 8 [mem 0xc0000000-0xfebfffff window]
[    0.334479] pci_bus 0000:00: resource 9 [mem 0x100000000-0x8ffffffff window]
[    0.335076] ACPI: \_SB_.GSIH: Enabled at IRQ 23
[    0.335780] PCI: CLS 0 bytes, default 64
[    0.336151] Trying to unpack rootfs image as initramfs...
[    0.337238] clocksource: tsc: mask: 0xffffffffffffffff max_cycles: 0x28680fa287f, max_idle_ns: 440795281151 ns
[    0.338277] Initialise system trusted keyrings
[    0.338586] Key type blacklist registered
[    0.340193] workingset: timestamp_bits=36 max_order=18 bucket_order=0
[    0.340671] zbud: loaded
[    0.341323] squashfs: version 4.0 (2009/01/31) Phillip Lougher
[    0.343144] fuse: init (API version 7.39)
[    0.343532] integrity: Platform Keyring initialized
[    0.343879] integrity: Machine keyring initialized
[    0.357148] Key type asymmetric registered
[    0.357486] Asymmetric key parser 'x509' registered
[    0.357867] Block layer SCSI generic (bsg) driver version 0.4 loaded (major 243)
[    0.360231] io scheduler mq-deadline registered
[    0.360637] shpchp: Standard Hot Plug PCI Controller Driver version: 0.4
[    0.362190] input: Power Button as /devices/LNXSYSTM:00/LNXPWRBN:00/input/input0
[    0.363169] ACPI: button: Power Button [PWRF]
[    0.363708] ACPI: \_SB_.GSIF: Enabled at IRQ 21
[    0.365801] ACPI: \_SB_.GSIG: Enabled at IRQ 22
[    0.369152] Serial: 8250/16550 driver, 32 ports, IRQ sharing enabled
[    0.414345] 00:03: ttyS0 at I/O 0x3f8 (irq = 4, base_baud = 115200) is a 16550A
[    0.418500] Linux agpgart interface v0.103
[    0.420477] loop: module loaded
[    0.420794] ACPI: bus type drm_connector registered
[    0.422265] tun: Universal TUN/TAP device driver, 1.6
[    0.424138] PPP generic driver version 2.4.2
[    0.424535] i8042: PNP: PS/2 Controller [PNP0303:KBD,PNP0f13:MOU] at 0x60,0x64 irq 1,12
[    0.426415] serio: i8042 KBD port at 0x60,0x64 irq 1
[    0.426762] serio: i8042 AUX port at 0x60,0x64 irq 12
[    0.427139] mousedev: PS/2 mouse device common for all mice
[    0.428371] input: AT Translated Set 2 keyboard as /devices/platform/i8042/serio0/input/input1
[    0.429151] rtc_cmos 00:04: RTC can wake from S4
[    0.431234] rtc_cmos 00:04: registered as rtc0
[    0.431562] rtc_cmos 00:04: setting system clock to 2026-03-07T22:26:59 UTC (1772922419)
[    0.432151] rtc_cmos 00:04: alarms up to one day, y3k, 242 bytes nvram, hpet irqs
[    0.432669] i2c_dev: i2c /dev entries driver
[    0.432974] device-mapper: core: CONFIG_IMA_DISABLE_HTABLE is disabled. Duplicate IMA measurements will not be recorded in the IMA log.
[    0.436229] device-mapper: uevent: version 1.0.3
[    0.436621] device-mapper: ioctl: 4.48.0-ioctl (2023-03-01) initialised: dm-devel@redhat.com
[    0.437143] intel_pstate: CPU model not supported
[    0.438138] ledtrig-cpu: registered to indicate activity on CPUs
[    0.438574] drop_monitor: Initializing network drop monitor service
[    0.439022] NET: Registered PF_INET6 protocol family
[    0.573382] Freeing initrd memory: 19096K
[    0.573864] Segment Routing with IPv6
[    0.574144] In-situ OAM (IOAM) with IPv6
[    0.574446] NET: Registered PF_PACKET protocol family
[    0.574818] Key type dns_resolver registered
[    0.575238] IPI shorthand broadcast: enabled
[    0.576358] sched_clock: Marking stable (517001625, 59109458)->(586015338, -9904255)
[    0.576902] registered taskstats version 1
[    0.577204] Loading compiled-in X.509 certificates
[    0.577881] Loaded X.509 cert 'Build time autogenerated kernel key: 7f71bdefc17a4d88631555bf9efbb1c93d6f5260'
[    0.578896] Loaded X.509 cert 'Canonical Ltd. Live Patch Signing 2025 Kmod: d541cef61dc7e793b7eb7e899970a2eef0b5dc8c'
[    0.579955] Loaded X.509 cert 'Canonical Ltd. Live Patch Signing: 14df34d1a87cf37625abec039ef2bf521249b969'
[    0.580992] Loaded X.509 cert 'Canonical Ltd. Kernel Module Signing: 88f752e560a1e0737e31163a466ad7b70a850c19'
[    0.581683] blacklist: Loading compiled-in revocation X.509 certificates
[    0.582152] Loaded X.509 cert 'Canonical Ltd. Secure Boot Signing: 61482aa2830d0ab2ad5af10b7250da9033ddcef0'
[    0.582827] Loaded X.509 cert 'Canonical Ltd. Secure Boot Signing (2017): 242ade75ac4a15e50d50c84b0d45ff3eae707a03'
[    0.583545] Loaded X.509 cert 'Canonical Ltd. Secure Boot Signing (ESM 2018): 365188c1d374d6b07c3c8f240f8ef722433d6a8b'
[    0.584200] Loaded X.509 cert 'Canonical Ltd. Secure Boot Signing (2019): c0746fd6c5da3ae827864651ad66ae47fe24b3e8'
[    0.584876] Loaded X.509 cert 'Canonical Ltd. Secure Boot Signing (2021 v1): a8d54bbb3825cfb94fa13c9f8a594a195c107b8d'
[    0.585525] Loaded X.509 cert 'Canonical Ltd. Secure Boot Signing (2021 v2): 4cf046892d6fd3c9a5b03f98d845f90851dc6a8c'
[    0.586180] Loaded X.509 cert 'Canonical Ltd. Secure Boot Signing (2021 v3): 100437bb6de6e469b581e61cd66bce3ef4ed53af'
[    0.586845] Loaded X.509 cert 'Canonical Ltd. Secure Boot Signing (Ubuntu Core 2019): c1d57b8f6b743f23ee41f4f7ee292f06eecadfb9'
[    0.589329] Key type .fscrypt registered
[    0.589616] Key type fscrypt-provisioning registered
[    0.590079] Key type encrypted registered
[    0.590337] AppArmor: AppArmor sha256 policy hashing enabled
[    0.590712] ima: No TPM chip found, activating TPM-bypass!
[    0.591060] Loading compiled-in module X.509 certificates
[    0.591789] Loaded X.509 cert 'Build time autogenerated kernel key: 7f71bdefc17a4d88631555bf9efbb1c93d6f5260'
[    0.592441] ima: Allocated hash algorithm: sha256
[    0.592765] ima: No architecture policies found
[    0.593054] evm: Initialising EVM extended attributes:
[    0.593377] evm: security.selinux
[    0.593616] evm: security.SMACK64
[    0.593852] evm: security.SMACK64EXEC
[    0.594104] evm: security.SMACK64TRANSMUTE
[    0.594389] evm: security.SMACK64MMAP
[    0.594646] evm: security.apparmor
[    0.594880] evm: security.ima
[    0.595084] evm: security.capability
[    0.595332] evm: HMAC attrs: 0x1
[    0.595710] PM:   Magic number: 2:217:451
[    0.597841] RAS: Correctable Errors collector initialized.
[    0.598248] clk: Disabling unused clocks
[    0.604547] Freeing unused decrypted memory: 2028K
[    0.605186] Freeing unused kernel image (initmem) memory: 4920K
[    0.605480] Write protecting the kernel read-only data: 38912k
[    0.606021] Freeing unused kernel image (rodata/data gap) memory: 1984K
[    0.614268] x86/mm: Checked W+X mappings: passed, no W+X pages found.
[    0.614617] Run /init as init process
[init-phase2] booted
[init-phase2] loading module=/lib/modules/6.8.0-101-generic/kernel/drivers/virtio/virtio_dma_buf.ko
[init-phase2] loading module=/lib/modules/6.8.0-101-generic/kernel/drivers/gpu/drm/virtio/virtio-gpu.ko
[    0.620901] [drm] pci: virtio-vga detected at 0000:00:02.0
[    0.621191] virtio-pci 0000:00:02.0: vgaarb: deactivate vga console
[    0.625882] Console: switching to colour dummy device 80x25
[    0.626401] [drm] features: -virgl +edid -resource_blob -host_visible
[    0.626403] [drm] features: -context_init
[    0.627235] [drm] number of scanouts: 1
[    0.627413] [drm] number of cap sets: 0
[    0.627826] [drm] Initialized virtio_gpu 0.1.0 0 for 0000:00:02.0 on minor 0
[    0.629571] fbcon: virtio_gpudrmfb (fb0) is primary device
[    0.631835] Console: switching to colour frame buffer device 160x50
[    0.633719] virtio-pci 0000:00:02.0: [drm] fb0: virtio_gpudrmfb frame buffer device
[init-phase2] loading module=/lib/modules/6.8.0-101-generic/kernel/drivers/hid/hid.ko
[    0.638168] hid: raw HID events driver (C) Jiri Kosina
[init-phase2] loading module=/lib/modules/6.8.0-101-generic/kernel/drivers/hid/hid-generic.ko
[init-phase2] loading module=/lib/modules/6.8.0-101-generic/kernel/drivers/hid/usbhid/usbhid.ko
[    0.640747] usbcore: registered new interface driver usbhid
[    0.640989] usbhid: USB HID core driver
[init-phase2] loading module=/lib/modules/6.8.0-101-generic/kernel/drivers/input/mouse/psmouse.ko
[    0.644618] input: VirtualPS/2 VMware VMMouse as /devices/platform/i8042/serio1/input/input4
[    0.645275] input: VirtualPS/2 VMware VMMouse as /devices/platform/i8042/serio1/input/input3
Starting systemd-udevd version 255.4-1ubuntu8.8
total 0
drwxr-xr-x    2 root     root            80 Mar  7 22:26 by-path
crw-rw----    1 root     video     226,   0 Mar  7 22:26 card0
crw-rw----    1 root     root      226, 128 Mar  7 22:26 renderD128
total 0
drwxr-xr-x    2 root     root           100 Mar  7 22:26 by-path
crw-rw----    1 root     input      13,  64 Mar  7 22:26 event0
crw-rw----    1 root     input      13,  65 Mar  7 22:26 event1
crw-rw----    1 root     input      13,  66 Mar  7 22:26 event2
crw-rw----    1 root     input      13,  67 Mar  7 22:26 event3
crw-rw----    1 root     input      13,  63 Mar  7 22:26 mice
crw-rw----    1 root     input      13,  32 Mar  7 22:26 mouse0
crw-rw----    1 root     input      13,  33 Mar  7 22:26 mouse1
[init-phase2] evdev_probe pid=115
[init-phase2] seatd pid=117
[init-phase2] weston pid=118
@@EVDEV open path=/dev/input/event3 name=VirtualPS/2 VMware VMMouse
@@EVDEV open path=/dev/input/event2 name=VirtualPS/2 VMware VMMouse
@@EVDEV open path=/dev/input/event1 name=AT Translated Set 2 keyboard
@@EVDEV open path=/dev/input/event0 name=Power Button
[init-phase2] wayland ready
Date: 2026-03-07 UTC
[22:26:59.762] weston 13.0.0
               https://wayland.freedesktop.org
               Bug reports to: https://gitlab.freedesktop.org/wayland/weston/issues/
               Build: 13.0.0
[22:26:59.762] Command line: /usr/bin/weston --backend=drm --renderer=pixman --shell=kiosk-shell.so --socket=wayland-1 --continue-without-input --log=/var/log/weston.log
[22:26:59.762] OS: Linux, 6.8.0-101-generic, #101-Ubuntu SMP PREEMPT_DYNAMIC Mon Feb  9 10:15:05 UTC 2026, x86_64
[22:26:59.762] Flight recorder: enabled
[22:26:59.762] Using config file '/etc/xdg/weston/weston.ini'
[22:26:59.762] Output repaint window is 7 ms maximum.
[22:26:59.762] Loading module '/usr/lib/x86_64-linux-gnu/libweston-13/drm-backend.so'
[22:26:59.763] initializing drm backend
[22:26:59.763] Trying libseat launcher...
[22:26:59.763] [libseat/libseat.c:62] Seat opened with backend 'seatd'
[22:26:59.763] [libseat/backend/seatd.c:212] Enabling seat
[22:26:59.763] libseat: session control granted
[22:26:59.763] using /dev/dri/card0
[22:26:59.763] DRM: supports atomic modesetting
[22:26:59.763] DRM: does not support GBM modifiers
[22:26:59.763] DRM: does not support async page flipping
[22:26:59.763] DRM: supports picture aspect ratio
[22:26:59.763] Using Pixman renderer
[22:26:59.765] event0  - Power Button: is tagged by udev as: Keyboard
[22:26:59.765] event0  - Power Button: device is a keyboard
[22:26:59.765] event1  - AT Translated Set 2 keyboard: is tagged by udev as: Keyboard
[22:26:59.765] event1  - AT Translated Set 2 keyboard: device is a keyboard
[22:26:59.766] event3  - VirtualPS/2 VMware VMMouse: is tagged by udev as: Mouse
[22:26:59.766] event3  - VirtualPS/2 VMware VMMouse: device is a pointer
[22:26:59.766] event2  - VirtualPS/2 VMware VMMouse: is tagged by udev as: Mouse
[22:26:59.767] event2  - VirtualPS/2 VMware VMMouse: device is a pointer
[22:26:59.769] libinput: configuring device "Power Button".
[22:26:59.769] libinput: configuring device "AT Translated Set 2 keyboard".
[22:26:59.769] libinput: configuring device "VirtualPS/2 VMware VMMouse".
[22:26:59.769] libinput: configuring device "VirtualPS/2 VMware VMMouse".
[22:26:59.769] input device event2 has no enabled output associated (none named), skipping calibration for now.
[22:26:59.769] DRM: head 'Virtual-1' found, connector 36 is connected, EDID make 'RHT', model 'QEMU Monitor', serial ''
               Supported EOTF modes: SDR
[22:26:59.769] Registered plugin API 'weston_drm_output_api_v1' of size 40
[22:26:59.769] Registered plugin API 'weston_drm_virtual_output_api_v2' of size 48
[22:26:59.769] Color manager: no-op
[22:26:59.769] Output 'Virtual-1' attempts EOTF mode: SDR
[22:26:59.769] Output 'Virtual-1' using color profile: stock sRGB color profile
[22:26:59.771] DRM: output Virtual-1 uses shadow framebuffer.
[22:26:59.771] Output Virtual-1 (crtc 35) video modes:
               1280x800@75.0, preferred, current, 107.3 MHz
               5120x2160@50.0 64:27, 742.5 MHz
               4096x2160@50.0 256:135, 594.0 MHz
               3840x2160@60.0 16:9, 594.0 MHz
               3840x2160@59.9 16:9, 593.4 MHz
               3840x2160@50.0 16:9, 594.0 MHz
               1920x1440@60.0, 234.0 MHz
               2560x1080@50.0 64:27, 185.6 MHz
               1856x1392@60.0, 218.2 MHz
               1792x1344@60.0, 204.8 MHz
               2048x1152@60.0, 162.0 MHz
               1920x1200@59.9, 193.2 MHz
               1920x1080@60.0, 148.5 MHz
               1920x1080@50.0 16:9, 148.5 MHz
               1600x1200@60.0, 162.0 MHz
               1680x1050@60.0, 146.2 MHz
               1400x1050@60.0, 121.8 MHz
               1280x1024@60.0, 108.0 MHz
               1440x900@59.9, 106.5 MHz
               1280x960@60.0, 108.0 MHz
               1360x768@60.0, 85.5 MHz
               1280x768@59.9, 79.5 MHz
               1024x768@60.0, 65.0 MHz
               800x600@60.3, 40.0 MHz
               640x480@60.0 4:3, 25.2 MHz
               640x480@59.9, 25.2 MHz
[22:26:59.771] associating input device event0 with output Virtual-1 (none by udev)
[22:26:59.771] associating input device event1 with output Virtual-1 (none by udev)
[22:26:59.771] associating input device event3 with output Virtual-1 (none by udev)
[22:26:59.771] associating input device event2 with output Virtual-1 (none by udev)
[22:26:59.771] Output 'Virtual-1' enabled with head(s) Virtual-1
[22:26:59.771] Compositor capabilities:
               arbitrary surface rotation: yes
               screen capture uses y-flip: no
               cursor planes: yes
               arbitrary resolutions: no
               view mask clipping: yes
               explicit sync: no
               color operations: no
               presentation clock: CLOCK_MONOTONIC, id 1
               presentation clock resolution: 0.000000001 s
[22:26:59.771] Loading module '/usr/lib/x86_64-linux-gnu/weston/kiosk-shell.so'
[init-phase2] launching client=/bin/wl_sleepdemo
@@LOG kind=state global name=1 interface=wl_compositor version=5
@@LOG kind=state global name=2 interface=wl_subcompositor version=1
@@LOG kind=state global name=3 interface=wp_viewporter version=1
@@LOG kind=state global name=4 interface=zxdg_output_manager_v1 version=2
@@LOG kind=state global name=5 interface=wp_presentation version=1
@@LOG kind=state global name=6 interface=wp_single_pixel_buffer_manager_v1 version=1
@@LOG kind=state global name=7 interface=wp_tearing_control_manager_v1 version=1
@@LOG kind=state global name=8 interface=zwp_relative_pointer_manager_v1 version=1
@@LOG kind=state global name=9 interface=zwp_pointer_constraints_v1 version=1
@@LOG kind=state global name=10 interface=zwp_input_timestamps_manager_v1 version=1
@@LOG kind=state global name=11 interface=weston_capture_v1 version=1
@@LOG kind=state global name=12 interface=wl_data_device_manager version=3
@@LOG kind=state global name=13 interface=wl_shm version=1
@@LOG kind=state global name=14 interface=wl_seat version=7
@@LOG kind=state global name=15 interface=weston_content_protection version=1
@@LOG kind=state global name=16 interface=wl_output version=4
@@LOG kind=state global name=17 interface=xdg_wm_base version=5
@@LOG kind=state seat-listener-added
@@LOG kind=state keyboard-bound-fallback
@@LOG kind=state pointer-bound-fallback
@@LOG kind=state socket-hup
@@LOG kind=state socket-hup
@@LOG kind=state socket-hup
@@LOG kind=state socket-hup
@@LOG kind=state socket-hup
@@LOG kind=state socket-hup
@@LOG kind=state socket-hup
@@LOG kind=state socket-hup
@@LOG kind=state socket-hup
@@LOG kind=state socket-hup
@@LOG kind=state socket-hup
@@LOG kind=state socket-hup
@@LOG kind=state socket-hup
@@LOG kind=state socket-hup
@@LOG kind=state socket-hup
@@LOG kind=state socket-hup
@@LOG kind=state socket-hup
@@LOG kind=state socket-hup
@@LOG kind=state socket-hup
@@LOG kind=state socket-hup
@@LOG kind=state socket-hup
@@LOG kind=state socket-hup
@@LOG kind=state seat-capabilities=3
@@EVDEV path=/dev/input/event2 type=3 code=0 value=32768 sec=1772922446 usec=672130
@@EVDEV path=/dev/input/event2 type=3 code=1 value=32768 sec=1772922446 usec=672130
@@EVDEV path=/dev/input/event2 type=0 code=0 value=0 sec=1772922446 usec=672130
@@EVDEV path=/dev/input/event2 type=1 code=272 value=1 sec=1772922446 usec=673022
@@EVDEV path=/dev/input/event2 type=0 code=0 value=0 sec=1772922446 usec=673022
@@LOG kind=state socket-hup
@@LOG kind=state socket-hup
@@LOG kind=state socket-hup
@@LOG kind=state socket-hup
@@LOG kind=state socket-hup
@@LOG kind=state socket-hup
@@LOG kind=state socket-hup
@@LOG kind=state socket-hup
@@LOG kind=state socket-hup
@@LOG kind=state socket-hup
@@LOG kind=state socket-hup
@@LOG kind=state socket-hup
@@LOG kind=state socket-hup
@@LOG kind=state socket-hup
@@LOG kind=state socket-hup
@@LOG kind=state socket-hup
@@LOG kind=state socket-hup
@@LOG kind=state socket-hup
@@LOG kind=state socket-hup
@@LOG kind=state socket-hup
@@LOG kind=state socket-hup
@@LOG kind=state socket-hup
@@LOG kind=state socket-hup
@@LOG kind=state socket-hup
@@LOG kind=state socket-hup
@@LOG kind=state socket-hup
@@LOG kind=state socket-hup
@@LOG kind=state socket-hup
@@LOG kind=state socket-hup
@@LOG kind=state socket-hup
@@LOG kind=state socket-hup
@@LOG kind=state socket-hup
@@LOG kind=state socket-hup
@@LOG kind=state socket-hup
@@LOG kind=state socket-hup
@@LOG kind=state socket-hup
@@LOG kind=state socket-hup
@@LOG kind=state socket-hup
@@LOG kind=state socket-hup
@@LOG kind=state socket-hup
@@LOG kind=state socket-hup
@@LOG kind=state socket-hup
@@LOG kind=state socket-hup
@@LOG kind=state socket-hup
@@LOG kind=state socket-hup
@@LOG kind=state socket-hup
@@LOG kind=state socket-hup
@@LOG kind=state socket-hup
@@LOG kind=state socket-hup
@@LOG kind=state socket-hup
@@LOG kind=state socket-hup
@@LOG kind=state socket-hup
@@LOG kind=state socket-hup
@@LOG kind=state socket-hup
@@LOG kind=state socket-hup
@@LOG kind=state socket-hup
@@LOG kind=state socket-hup
@@LOG kind=state socket-hup
@@LOG kind=state socket-hup
@@LOG kind=state socket-hup
@@LOG kind=state socket-hup
@@LOG kind=state socket-hup
@@LOG kind=state socket-hup
@@LOG kind=state socket-hup
@@LOG kind=state socket-hup
@@LOG kind=state socket-hup
@@LOG kind=state socket-hup
@@LOG kind=state socket-hup
@@LOG kind=state socket-hup
@@LOG kind=state socket-hup
@@LOG kind=state socket-hup
@@LOG kind=state socket-hup
@@LOG kind=state socket-hup
@@LOG kind=state socket-hup
@@LOG kind=state socket-hup
@@LOG kind=state socket-hup
@@LOG kind=state socket-hup
@@LOG kind=state socket-hup
@@LOG kind=state socket-hup
@@LOG kind=state socket-hup
@@LOG kind=state socket-hup
@@LOG kind=state socket-hup
@@LOG kind=state socket-hup
@@LOG kind=state socket-hup
@@LOG kind=state socket-hup
@@LOG kind=state socket-hup
@@LOG kind=state socket-hup
@@LOG kind=state socket-hup
@@LOG kind=state socket-hup
@@LOG kind=state socket-hup
@@LOG kind=state socket-hup
@@LOG kind=state socket-hup
@@LOG kind=state socket-hup
@@LOG kind=state socket-hup
@@LOG kind=state socket-hup
@@LOG kind=state socket-hup
@@LOG kind=state socket-hup
@@LOG kind=state socket-hup
@@LOG kind=state socket-hup
@@LOG kind=state socket-hup
@@LOG kind=state socket-hup
@@LOG kind=state socket-hup
@@LOG kind=state socket-hup
@@LOG kind=state socket-hup
@@LOG kind=state socket-hup
@@LOG kind=state socket-hup
@@LOG kind=state socket-hup
@@LOG kind=state socket-hup
@@LOG kind=state socket-hup
@@LOG kind=state socket-hup
@@LOG kind=state socket-hup
@@LOG kind=state socket-hup
@@LOG kind=state socket-hup
@@LOG kind=state socket-hup
@@LOG kind=state socket-hup
@@LOG kind=state socket-hup
@@LOG kind=state socket-hup
@@LOG kind=state socket-hup
@@LOG kind=state socket-hup
@@LOG kind=state socket-hup
@@LOG kind=state socket-hup
@@LOG kind=state socket-hup
@@LOG kind=state socket-hup
@@LOG kind=state socket-hup
@@LOG kind=state socket-hup
@@LOG kind=state socket-hup
@@LOG kind=state socket-hup
@@LOG kind=state socket-hup
@@LOG kind=state socket-hup
@@LOG kind=state socket-hup
@@LOG kind=state socket-hup
@@LOG kind=state socket-hup
@@LOG kind=state socket-hup
@@LOG kind=state socket-hup
@@LOG kind=state socket-hup
@@LOG kind=state socket-hup
@@LOG kind=state socket-hup
@@LOG kind=state socket-hup
@@LOG kind=state socket-hup
