[    0.000000] Linux version 6.8.0-101-generic (buildd@lcy02-amd64-051) (x86_64-linux-gnu-gcc-13 (Ubuntu 13.3.0-6ubuntu2~24.04) 13.3.0, GNU ld (GNU Binutils for Ubuntu) 2.42) #101-Ubuntu SMP PREEMPT_DYNAMIC Mon Feb  9 10:15:05 UTC 2026 (Ubuntu 6.8.0-101.101-generic 6.8.12)
[    0.000000] Command line: console=ttyS0 panic=-1 no_console_suspend rdinit=/init phase3_runtime_seconds=40 phase3_url=data:text/html;base64,PCFkb2N0eXBlIGh0bWw+CjxodG1sPgogIDxib2R5IHN0eWxlPSJtYXJnaW46MDtiYWNrZ3JvdW5kOndoaXRlO2ZvbnQtZmFtaWx5OkRlamFWdSBTYW5zLCBzYW5zLXNlcmlmIj4KICAgIDxpbnB1dCBpZD0iaSIgYXV0b2ZvY3VzIHN0eWxlPSJkaXNwbGF5OmJsb2NrO3dpZHRoOjk1dnc7aGVpZ2h0OjEyMHB4O2ZvbnQtc2l6ZTo3MnB4O21hcmdpbjoyMHB4IGF1dG8iIHZhbHVlPSIiPgogICAgPGJ1dHRvbiBpZD0iYiIgb25jbGljaz0iZG9jdW1lbnQuYm9keS5zdHlsZS5iYWNrZ3JvdW5kPSdsaW1lJztkb2N1bWVudC5nZXRFbGVtZW50QnlJZCgncycpLnRleHRDb250ZW50PSdjbGlja2VkJyIgc3R5bGU9ImRpc3BsYXk6YmxvY2s7Zm9udC1zaXplOjY0cHg7bWFyZ2luOjIwcHggYXV0byI+Q0xJQ0s8L2J1dHRvbj4KICAgIDxkaXYgaWQ9InMiIHN0eWxlPSJmb250LXNpemU6NzJweDt0ZXh0LWFsaWduOmNlbnRlciI+aWRsZTwvZGl2PgogIDwvYm9keT4KPC9odG1sPgo= phase3_suspend_delay_seconds=10 phase3_wake_seconds=5 phase3_pm_test=devices
[    0.000000] KERNEL supported cpus:
[    0.000000]   Intel GenuineIntel
[    0.000000]   AMD AuthenticAMD
[    0.000000]   Hygon HygonGenuine
[    0.000000]   Centaur CentaurHauls
[    0.000000]   zhaoxin   Shanghai  
[    0.000000] BIOS-provided physical RAM map:
[    0.000000] BIOS-e820: [mem 0x0000000000000000-0x000000000009fbff] usable
[    0.000000] BIOS-e820: [mem 0x000000000009fc00-0x000000000009ffff] reserved
[    0.000000] BIOS-e820: [mem 0x00000000000f0000-0x00000000000fffff] reserved
[    0.000000] BIOS-e820: [mem 0x0000000000100000-0x000000007ffddfff] usable
[    0.000000] BIOS-e820: [mem 0x000000007ffde000-0x000000007fffffff] reserved
[    0.000000] BIOS-e820: [mem 0x00000000b0000000-0x00000000bfffffff] reserved
[    0.000000] BIOS-e820: [mem 0x00000000fed1c000-0x00000000fed1ffff] reserved
[    0.000000] BIOS-e820: [mem 0x00000000feffc000-0x00000000feffffff] reserved
[    0.000000] BIOS-e820: [mem 0x00000000fffc0000-0x00000000ffffffff] reserved
[    0.000000] NX (Execute Disable) protection: active
[    0.000000] APIC: Static calls initialized
[    0.000000] SMBIOS 3.0.0 present.
[    0.000000] DMI: QEMU Standard PC (Q35 + ICH9, 2009), BIOS 1.16.3-debian-1.16.3-2 04/01/2014
[    0.000000] Hypervisor detected: KVM
[    0.000000] kvm-clock: Using msrs 4b564d01 and 4b564d00
[    0.000000] kvm-clock: using sched offset of 276497395 cycles
[    0.000001] clocksource: kvm-clock: mask: 0xffffffffffffffff max_cycles: 0x1cd42e4dffb, max_idle_ns: 881590591483 ns
[    0.000004] tsc: Detected 2803.200 MHz processor
[    0.000612] last_pfn = 0x7ffde max_arch_pfn = 0x400000000
[    0.000653] MTRR map: 4 entries (3 fixed + 1 variable; max 19), built from 8 variable MTRRs
[    0.000657] x86/PAT: Configuration [0-7]: WB  WC  UC- UC  WB  WP  UC- WT  
[    0.004579] found SMP MP-table at [mem 0x000f5470-0x000f547f]
[    0.004590] Using GB pages for direct mapping
[    0.004661] RAMDISK: [mem 0x75de7000-0x7ffcffff]
[    0.004667] ACPI: Early table checksum verification disabled
[    0.004670] ACPI: RSDP 0x00000000000F52B0 000014 (v00 BOCHS )
[    0.004673] ACPI: RSDT 0x000000007FFE2304 000038 (v01 BOCHS  BXPC     00000001 BXPC 00000001)
[    0.004678] ACPI: FACP 0x000000007FFE20FC 0000F4 (v03 BOCHS  BXPC     00000001 BXPC 00000001)
[    0.004682] ACPI: DSDT 0x000000007FFE0040 0020BC (v01 BOCHS  BXPC     00000001 BXPC 00000001)
[    0.004684] ACPI: FACS 0x000000007FFE0000 000040
[    0.004686] ACPI: APIC 0x000000007FFE21F0 000078 (v03 BOCHS  BXPC     00000001 BXPC 00000001)
[    0.004689] ACPI: HPET 0x000000007FFE2268 000038 (v01 BOCHS  BXPC     00000001 BXPC 00000001)
[    0.004691] ACPI: MCFG 0x000000007FFE22A0 00003C (v01 BOCHS  BXPC     00000001 BXPC 00000001)
[    0.004693] ACPI: WAET 0x000000007FFE22DC 000028 (v01 BOCHS  BXPC     00000001 BXPC 00000001)
[    0.004695] ACPI: Reserving FACP table memory at [mem 0x7ffe20fc-0x7ffe21ef]
[    0.004696] ACPI: Reserving DSDT table memory at [mem 0x7ffe0040-0x7ffe20fb]
[    0.004697] ACPI: Reserving FACS table memory at [mem 0x7ffe0000-0x7ffe003f]
[    0.004697] ACPI: Reserving APIC table memory at [mem 0x7ffe21f0-0x7ffe2267]
[    0.004698] ACPI: Reserving HPET table memory at [mem 0x7ffe2268-0x7ffe229f]
[    0.004699] ACPI: Reserving MCFG table memory at [mem 0x7ffe22a0-0x7ffe22db]
[    0.004699] ACPI: Reserving WAET table memory at [mem 0x7ffe22dc-0x7ffe2303]
[    0.004929] No NUMA configuration found
[    0.004930] Faking a node at [mem 0x0000000000000000-0x000000007ffddfff]
[    0.004934] NODE_DATA(0) allocated [mem 0x75dbc000-0x75de6fff]
[    0.005030] Zone ranges:
[    0.005031]   DMA      [mem 0x0000000000001000-0x0000000000ffffff]
[    0.005032]   DMA32    [mem 0x0000000001000000-0x000000007ffddfff]
[    0.005033]   Normal   empty
[    0.005034]   Device   empty
[    0.005034] Movable zone start for each node
[    0.005035] Early memory node ranges
[    0.005036]   node   0: [mem 0x0000000000001000-0x000000000009efff]
[    0.005037]   node   0: [mem 0x0000000000100000-0x000000007ffddfff]
[    0.005038] Initmem setup node 0 [mem 0x0000000000001000-0x000000007ffddfff]
[    0.005223] On node 0, zone DMA: 1 pages in unavailable ranges
[    0.005232] On node 0, zone DMA: 97 pages in unavailable ranges
[    0.010006] On node 0, zone DMA32: 34 pages in unavailable ranges
[    0.010232] ACPI: PM-Timer IO Port: 0x608
[    0.010243] ACPI: LAPIC_NMI (acpi_id[0xff] dfl dfl lint[0x1])
[    0.010272] IOAPIC[0]: apic_id 0, version 17, address 0xfec00000, GSI 0-23
[    0.010274] ACPI: INT_SRC_OVR (bus 0 bus_irq 0 global_irq 2 dfl dfl)
[    0.010275] ACPI: INT_SRC_OVR (bus 0 bus_irq 5 global_irq 5 high level)
[    0.010276] ACPI: INT_SRC_OVR (bus 0 bus_irq 9 global_irq 9 high level)
[    0.010277] ACPI: INT_SRC_OVR (bus 0 bus_irq 10 global_irq 10 high level)
[    0.010278] ACPI: INT_SRC_OVR (bus 0 bus_irq 11 global_irq 11 high level)
[    0.010280] ACPI: Using ACPI (MADT) for SMP configuration information
[    0.010281] ACPI: HPET id: 0x8086a201 base: 0xfed00000
[    0.010284] TSC deadline timer available
[    0.010285] smpboot: Allowing 1 CPUs, 0 hotplug CPUs
[    0.010300] kvm-guest: APIC: eoi() replaced with kvm_guest_apic_eoi_write()
[    0.010318] PM: hibernation: Registered nosave memory: [mem 0x00000000-0x00000fff]
[    0.010319] PM: hibernation: Registered nosave memory: [mem 0x0009f000-0x000fffff]
[    0.010321] [mem 0xc0000000-0xfed1bfff] available for PCI devices
[    0.010322] Booting paravirtualized kernel on KVM
[    0.010323] clocksource: refined-jiffies: mask: 0xffffffff max_cycles: 0xffffffff, max_idle_ns: 1910969940391419 ns
[    0.010330] setup_percpu: NR_CPUS:8192 nr_cpumask_bits:1 nr_cpu_ids:1 nr_node_ids:1
[    0.010611] percpu: Embedded 86 pages/cpu s229376 r8192 d114688 u2097152
[    0.010640] kvm-guest: PV spinlocks disabled, single CPU
[    0.010642] Kernel command line: console=ttyS0 panic=-1 no_console_suspend rdinit=/init phase3_runtime_seconds=40 phase3_url=data:text/html;base64,PCFkb2N0eXBlIGh0bWw+CjxodG1sPgogIDxib2R5IHN0eWxlPSJtYXJnaW46MDtiYWNrZ3JvdW5kOndoaXRlO2ZvbnQtZmFtaWx5OkRlamFWdSBTYW5zLCBzYW5zLXNlcmlmIj4KICAgIDxpbnB1dCBpZD0iaSIgYXV0b2ZvY3VzIHN0eWxlPSJkaXNwbGF5OmJsb2NrO3dpZHRoOjk1dnc7aGVpZ2h0OjEyMHB4O2ZvbnQtc2l6ZTo3MnB4O21hcmdpbjoyMHB4IGF1dG8iIHZhbHVlPSIiPgogICAgPGJ1dHRvbiBpZD0iYiIgb25jbGljaz0iZG9jdW1lbnQuYm9keS5zdHlsZS5iYWNrZ3JvdW5kPSdsaW1lJztkb2N1bWVudC5nZXRFbGVtZW50QnlJZCgncycpLnRleHRDb250ZW50PSdjbGlja2VkJyIgc3R5bGU9ImRpc3BsYXk6YmxvY2s7Zm9udC1zaXplOjY0cHg7bWFyZ2luOjIwcHggYXV0byI+Q0xJQ0s8L2J1dHRvbj4KICAgIDxkaXYgaWQ9InMiIHN0eWxlPSJmb250LXNpemU6NzJweDt0ZXh0LWFsaWduOmNlbnRlciI+aWRsZTwvZGl2PgogIDwvYm9keT4KPC9odG1sPgo= phase3_suspend_delay_seconds=10 phase3_wake_seconds=5 phase3_pm_test=devices
[    0.010713] Unknown kernel command line parameters "phase3_runtime_seconds=40 phase3_url=data:text/html;base64,PCFkb2N0eXBlIGh0bWw+CjxodG1sPgogIDxib2R5IHN0eWxlPSJtYXJnaW46MDtiYWNrZ3JvdW5kOndoaXRlO2ZvbnQtZmFtaWx5OkRlamFWdSBTYW5zLCBzYW5zLXNlcmlmIj4KICAgIDxpbnB1dCBpZD0iaSIgYXV0b2ZvY3VzIHN0eWxlPSJkaXNwbGF5OmJsb2NrO3dpZHRoOjk1dnc7aGVpZ2h0OjEyMHB4O2ZvbnQtc2l6ZTo3MnB4O21hcmdpbjoyMHB4IGF1dG8iIHZhbHVlPSIiPgogICAgPGJ1dHRvbiBpZD0iYiIgb25jbGljaz0iZG9jdW1lbnQuYm9keS5zdHlsZS5iYWNrZ3JvdW5kPSdsaW1lJztkb2N1bWVudC5nZXRFbGVtZW50QnlJZCgncycpLnRleHRDb250ZW50PSdjbGlja2VkJyIgc3R5bGU9ImRpc3BsYXk6YmxvY2s7Zm9udC1zaXplOjY0cHg7bWFyZ2luOjIwcHggYXV0byI+Q0xJQ0s8L2J1dHRvbj4KICAgIDxkaXYgaWQ9InMiIHN0eWxlPSJmb250LXNpemU6NzJweDt0ZXh0LWFsaWduOmNlbnRlciI+aWRsZTwvZGl2PgogIDwvYm9keT4KPC9odG1sPgo= phase3_suspend_delay_seconds=10 phase3_wake_seconds=5 phase3_pm_test=devices", will be passed to user space.
[    0.010756] random: crng init done
[    0.011023] Dentry cache hash table entries: 262144 (order: 9, 2097152 bytes, linear)
[    0.011097] Inode-cache hash table entries: 131072 (order: 8, 1048576 bytes, linear)
[    0.011130] Fallback order for Node 0: 0 
[    0.011132] Built 1 zonelists, mobility grouping on.  Total pages: 515806
[    0.011133] Policy zone: DMA32
[    0.011137] mem auto-init: stack:all(zero), heap alloc:on, heap free:off
[    0.014350] Memory: 1840200K/2096624K available (22528K kernel code, 4439K rwdata, 14400K rodata, 4920K init, 4788K bss, 256164K reserved, 0K cma-reserved)
[    0.014954] SLUB: HWalign=64, Order=0-3, MinObjects=0, CPUs=1, Nodes=1
[    0.014972] ftrace: allocating 58250 entries in 228 pages
[    0.022207] ftrace: allocated 228 pages with 4 groups
[    0.022947] Dynamic Preempt: voluntary
[    0.023155] rcu: Preemptible hierarchical RCU implementation.
[    0.023156] rcu: 	RCU restricting CPUs from NR_CPUS=8192 to nr_cpu_ids=1.
[    0.023157] 	Trampoline variant of Tasks RCU enabled.
[    0.023157] 	Rude variant of Tasks RCU enabled.
[    0.023158] 	Tracing variant of Tasks RCU enabled.
[    0.023158] rcu: RCU calculated value of scheduler-enlistment delay is 100 jiffies.
[    0.023159] rcu: Adjusting geometry for rcu_fanout_leaf=16, nr_cpu_ids=1
[    0.023165] RCU Tasks: Setting shift to 0 and lim to 1 rcu_task_cb_adjust=1 rcu_task_cpu_ids=1.
[    0.023166] RCU Tasks Rude: Setting shift to 0 and lim to 1 rcu_task_cb_adjust=1 rcu_task_cpu_ids=1.
[    0.023167] RCU Tasks Trace: Setting shift to 0 and lim to 1 rcu_task_cb_adjust=1 rcu_task_cpu_ids=1.
[    0.025490] NR_IRQS: 524544, nr_irqs: 256, preallocated irqs: 16
[    0.025677] rcu: srcu_init: Setting srcu_struct sizes based on contention.
[    0.032391] Console: colour VGA+ 80x25
[    0.032424] printk: legacy console [ttyS0] enabled
[    0.095081] ACPI: Core revision 20230628
[    0.095440] clocksource: hpet: mask: 0xffffffff max_cycles: 0xffffffff, max_idle_ns: 19112604467 ns
[    0.096096] APIC: Switch to symmetric I/O mode setup
[    0.096701] x2apic enabled
[    0.097127] APIC: Switched APIC routing to: physical x2apic
[    0.098267] ..TIMER: vector=0x30 apic1=0 pin1=2 apic2=-1 pin2=-1
[    0.098729] clocksource: tsc-early: mask: 0xffffffffffffffff max_cycles: 0x28680fa287f, max_idle_ns: 440795281151 ns
[    0.099511] Calibrating delay loop (skipped) preset value.. 5606.40 BogoMIPS (lpj=2803200)
[    0.100635] x86/cpu: User Mode Instruction Prevention (UMIP) activated
[    0.101212] Last level iTLB entries: 4KB 0, 2MB 0, 4MB 0
[    0.101508] Last level dTLB entries: 4KB 0, 2MB 0, 4MB 0, 1GB 0
[    0.101944] Spectre V1 : Mitigation: usercopy/swapgs barriers and __user pointer sanitization
[    0.102512] Spectre V2 : Spectre BHI mitigation: SW BHB clearing on vm exit
[    0.102974] Spectre V2 : Spectre BHI mitigation: SW BHB clearing on syscall
[    0.103508] Spectre V2 : Mitigation: Enhanced / Automatic IBRS
[    0.103921] Spectre V2 : Spectre v2 / PBRSB-eIBRS: Retire a single CALL on VMEXIT
[    0.104510] Spectre V2 : mitigation: Enabling conditional Indirect Branch Prediction Barrier
[    0.105068] Speculative Store Bypass: Mitigation: Speculative Store Bypass disabled via prctl
[    0.105509] ITS: WARNING: ITS mitigation depends on retpoline and rethunk support
[    0.106013] ITS: Vulnerable
[    0.106223] x86/fpu: Supporting XSAVE feature 0x001: 'x87 floating point registers'
[    0.106522] x86/fpu: Supporting XSAVE feature 0x002: 'SSE registers'
[    0.107509] x86/fpu: Supporting XSAVE feature 0x004: 'AVX registers'
[    0.107946] x86/fpu: Supporting XSAVE feature 0x020: 'AVX-512 opmask'
[    0.108394] x86/fpu: Supporting XSAVE feature 0x040: 'AVX-512 Hi256'
[    0.108508] x86/fpu: Supporting XSAVE feature 0x080: 'AVX-512 ZMM_Hi256'
[    0.108978] x86/fpu: Supporting XSAVE feature 0x200: 'Protection Keys User registers'
[    0.109509] x86/fpu: xstate_offset[2]:  576, xstate_sizes[2]:  256
[    0.109940] x86/fpu: xstate_offset[5]:  832, xstate_sizes[5]:   64
[    0.110508] x86/fpu: xstate_offset[6]:  896, xstate_sizes[6]:  512
[    0.110935] x86/fpu: xstate_offset[7]: 1408, xstate_sizes[7]: 1024
[    0.111508] x86/fpu: xstate_offset[9]: 2432, xstate_sizes[9]:    8
[    0.111878] x86/fpu: Enabled xstate features 0x2e7, context size is 2440 bytes, using 'compacted' format.
[    0.136280] Freeing SMP alternatives memory: 48K
[    0.136510] pid_max: default: 32768 minimum: 301
[    0.136875] LSM: initializing lsm=lockdown,capability,landlock,yama,apparmor,integrity
[    0.137518] landlock: Up and running.
[    0.137758] Yama: becoming mindful.
[    0.138027] AppArmor: AppArmor initialized
[    0.138347] Mount-cache hash table entries: 4096 (order: 3, 32768 bytes, linear)
[    0.138510] Mountpoint-cache hash table entries: 4096 (order: 3, 32768 bytes, linear)
[    0.139696] smpboot: CPU0: 11th Gen Intel(R) Core(TM) i7-1165G7 @ 2.80GHz (family: 0x6, model: 0x8c, stepping: 0x1)
[    0.140530] Performance Events: Icelake events, full-width counters, Intel PMU driver.
[    0.141067] ... version:                2
[    0.141326] ... bit width:              48
[    0.141510] ... generic registers:      8
[    0.141799] ... value mask:             0000ffffffffffff
[    0.142152] ... max period:             00007fffffffffff
[    0.142470] ... fixed-purpose events:   3
[    0.142509] ... event mask:             00000007000000ff
[    0.142918] signal: max sigframe size: 3632
[    0.143194] rcu: Hierarchical SRCU implementation.
[    0.143482] rcu: 	Max phase no-delay instances is 400.
[    0.143710] smp: Bringing up secondary CPUs ...
[    0.143992] smp: Brought up 1 node, 1 CPU
[    0.144236] smpboot: Max logical packages: 1
[    0.144513] smpboot: Total of 1 processors activated (5606.40 BogoMIPS)
[    0.145069] devtmpfs: initialized
[    0.145310] x86/mm: Memory block size: 128MB
[    0.145740] clocksource: jiffies: mask: 0xffffffff max_cycles: 0xffffffff, max_idle_ns: 1911260446275000 ns
[    0.146326] futex hash table entries: 256 (order: 2, 16384 bytes, linear)
[    0.146547] pinctrl core: initialized pinctrl subsystem
[    0.146945] PM: RTC time: 02:43:52, date: 2026-03-08
[    0.147739] NET: Registered PF_NETLINK/PF_ROUTE protocol family
[    0.148184] DMA: preallocated 256 KiB GFP_KERNEL pool for atomic allocations
[    0.148525] DMA: preallocated 256 KiB GFP_KERNEL|GFP_DMA pool for atomic allocations
[    0.149024] DMA: preallocated 256 KiB GFP_KERNEL|GFP_DMA32 pool for atomic allocations
[    0.149515] audit: initializing netlink subsys (disabled)
[    0.149977] thermal_sys: Registered thermal governor 'fair_share'
[    0.149978] thermal_sys: Registered thermal governor 'bang_bang'
[    0.150344] thermal_sys: Registered thermal governor 'step_wise'
[    0.150510] thermal_sys: Registered thermal governor 'user_space'
[    0.150897] thermal_sys: Registered thermal governor 'power_allocator'
[    0.151270] audit: type=2000 audit(1772937832.655:1): state=initialized audit_enabled=0 res=1
[    0.152051] cpuidle: using governor ladder
[    0.152302] cpuidle: using governor menu
[    0.152565] acpiphp: ACPI Hot Plug PCI Controller Driver version: 0.5
[    0.153036] PCI: ECAM [mem 0xb0000000-0xbfffffff] (base 0xb0000000) for domain 0000 [bus 00-ff]
[    0.153511] PCI: ECAM [mem 0xb0000000-0xbfffffff] reserved as E820 entry
[    0.153920] PCI: Using configuration type 1 for base access
[    0.154330] kprobes: kprobe jump-optimization is enabled. All kprobes are optimized if possible.
[    0.180619] HugeTLB: registered 1.00 GiB page size, pre-allocated 0 pages
[    0.181111] HugeTLB: 16380 KiB vmemmap can be freed for a 1.00 GiB page
[    0.181506] HugeTLB: registered 2.00 MiB page size, pre-allocated 0 pages
[    0.181509] HugeTLB: 28 KiB vmemmap can be freed for a 2.00 MiB page
[    0.182926] ACPI: Added _OSI(Module Device)
[    0.183191] ACPI: Added _OSI(Processor Device)
[    0.183459] ACPI: Added _OSI(Processor Aggregator Device)
[    0.184358] ACPI: 1 ACPI AML tables successfully acquired and loaded
[    0.185145] ACPI: _OSC evaluation for CPUs failed, trying _PDC
[    0.185582] ACPI: Interpreter enabled
[    0.185813] ACPI: PM: (supports S0 S3 S4 S5)
[    0.186095] ACPI: Using IOAPIC for interrupt routing
[    0.186448] PCI: Using host bridge windows from ACPI; if necessary, use "pci=nocrs" and report a bug
[    0.186509] PCI: Using E820 reservations for host bridge windows
[    0.186941] ACPI: Enabled 2 GPEs in block 00 to 3F
[    0.188320] ACPI: PCI Root Bridge [PCI0] (domain 0000 [bus 00-ff])
[    0.188511] acpi PNP0A08:00: _OSC: OS supports [ExtendedConfig ASPM ClockPM Segments MSI EDR HPX-Type3]
[    0.189244] acpi PNP0A08:00: _OSC: platform does not support [PCIeHotplug LTR DPC]
[    0.189550] acpi PNP0A08:00: _OSC: OS now controls [SHPCHotplug PME AER PCIeCapability]
[    0.190126] PCI host bridge to bus 0000:00
[    0.190377] pci_bus 0000:00: root bus resource [io  0x0000-0x0cf7 window]
[    0.190509] pci_bus 0000:00: root bus resource [io  0x0d00-0xffff window]
[    0.190919] pci_bus 0000:00: root bus resource [mem 0x000a0000-0x000bffff window]
[    0.191366] pci_bus 0000:00: root bus resource [mem 0x80000000-0xafffffff window]
[    0.191509] pci_bus 0000:00: root bus resource [mem 0xc0000000-0xfebfffff window]
[    0.191957] pci_bus 0000:00: root bus resource [mem 0x100000000-0x8ffffffff window]
[    0.192415] pci_bus 0000:00: root bus resource [bus 00-ff]
[    0.192540] pci 0000:00:00.0: [8086:29c0] type 00 class 0x060000 conventional PCI endpoint
[    0.193337] pci 0000:00:01.0: [1af4:1000] type 00 class 0x020000 conventional PCI endpoint
[    0.194231] pci 0000:00:01.0: BAR 0 [io  0xc040-0xc05f]
[    0.194528] pci 0000:00:01.0: BAR 4 [mem 0xfe800000-0xfe803fff 64bit pref]
[    0.194986] pci 0000:00:01.0: ROM [mem 0xfeb00000-0xfeb7ffff pref]
[    0.195666] pci 0000:00:02.0: [1af4:1050] type 00 class 0x030000 conventional PCI endpoint
[    0.197231] pci 0000:00:02.0: BAR 0 [mem 0xfe000000-0xfe7fffff pref]
[    0.197526] pci 0000:00:02.0: BAR 2 [mem 0xfe804000-0xfe807fff 64bit pref]
[    0.198004] pci 0000:00:02.0: BAR 4 [mem 0xfeb94000-0xfeb94fff]
[    0.198423] pci 0000:00:02.0: ROM [mem 0xfeb80000-0xfeb8ffff pref]
[    0.198541] pci 0000:00:02.0: Video device with shadowed ROM at [mem 0x000c0000-0x000dffff]
[    0.199455] pci 0000:00:03.0: [1b36:000d] type 00 class 0x0c0330 PCIe Root Complex Integrated Endpoint
[    0.199915] pci 0000:00:03.0: BAR 0 [mem 0xfeb90000-0xfeb93fff 64bit]
[    0.206801] pci 0000:00:1f.0: [8086:2918] type 00 class 0x060100 conventional PCI endpoint
[    0.207599] pci 0000:00:1f.0: quirk: [io  0x0600-0x067f] claimed by ICH6 ACPI/GPIO/TCO
[    0.208270] pci 0000:00:1f.2: [8086:2922] type 00 class 0x010601 conventional PCI endpoint
[    0.208997] pci 0000:00:1f.2: BAR 4 [io  0xc060-0xc07f]
[    0.209317] pci 0000:00:1f.2: BAR 5 [mem 0xfeb95000-0xfeb95fff]
[    0.209704] pci 0000:00:1f.3: [8086:2930] type 00 class 0x0c0500 conventional PCI endpoint
[    0.210528] pci 0000:00:1f.3: BAR 4 [io  0x0700-0x073f]
[    0.211080] ACPI: PCI: Interrupt link LNKA configured for IRQ 10
[    0.211482] ACPI: PCI: Interrupt link LNKB configured for IRQ 10
[    0.211552] ACPI: PCI: Interrupt link LNKC configured for IRQ 11
[    0.211950] ACPI: PCI: Interrupt link LNKD configured for IRQ 11
[    0.212364] ACPI: PCI: Interrupt link LNKE configured for IRQ 10
[    0.212549] ACPI: PCI: Interrupt link LNKF configured for IRQ 10
[    0.212946] ACPI: PCI: Interrupt link LNKG configured for IRQ 11
[    0.213356] ACPI: PCI: Interrupt link LNKH configured for IRQ 11
[    0.213527] ACPI: PCI: Interrupt link GSIA configured for IRQ 16
[    0.213930] ACPI: PCI: Interrupt link GSIB configured for IRQ 17
[    0.214293] ACPI: PCI: Interrupt link GSIC configured for IRQ 18
[    0.214514] ACPI: PCI: Interrupt link GSID configured for IRQ 19
[    0.214900] ACPI: PCI: Interrupt link GSIE configured for IRQ 20
[    0.215261] ACPI: PCI: Interrupt link GSIF configured for IRQ 21
[    0.215513] ACPI: PCI: Interrupt link GSIG configured for IRQ 22
[    0.215886] ACPI: PCI: Interrupt link GSIH configured for IRQ 23
[    0.216504] iommu: Default domain type: Translated
[    0.216509] iommu: DMA domain TLB invalidation policy: lazy mode
[    0.216963] SCSI subsystem initialized
[    0.217227] ACPI: bus type USB registered
[    0.217495] usbcore: registered new interface driver usbfs
[    0.217512] usbcore: registered new interface driver hub
[    0.217831] usbcore: registered new device driver usb
[    0.218158] pps_core: LinuxPPS API ver. 1 registered
[    0.218454] pps_core: Software ver. 5.3.6 - Copyright 2005-2007 Rodolfo Giometti <giometti@linux.it>
[    0.218511] PTP clock support registered
[    0.218819] EDAC MC: Ver: 3.0.0
[    0.219309] NetLabel: Initializing
[    0.219509] NetLabel:  domain hash size = 128
[    0.219795] NetLabel:  protocols = UNLABELED CIPSOv4 CALIPSO
[    0.220146] NetLabel:  unlabeled traffic allowed by default
[    0.220527] mctp: management component transport protocol core
[    0.220879] NET: Registered PF_MCTP protocol family
[    0.221178] PCI: Using ACPI for IRQ routing
[    0.311163] pci 0000:00:02.0: vgaarb: setting as boot VGA device
[    0.311507] pci 0000:00:02.0: vgaarb: bridge control possible
[    0.311507] pci 0000:00:02.0: vgaarb: VGA device added: decodes=io+mem,owns=io+mem,locks=none
[    0.311510] vgaarb: loaded
[    0.311775] hpet0: at MMIO 0xfed00000, IRQs 2, 8, 0
[    0.312078] hpet0: 3 comparators, 64-bit 100.000000 MHz counter
[    0.314530] clocksource: Switched to clocksource kvm-clock
[    0.315377] VFS: Disk quotas dquot_6.6.0
[    0.315673] VFS: Dquot-cache hash table entries: 512 (order 0, 4096 bytes)
[    0.316222] AppArmor: AppArmor Filesystem Enabled
[    0.316567] pnp: PnP ACPI init
[    0.316893] system 00:05: [mem 0xb0000000-0xbfffffff window] has been reserved
[    0.317543] pnp: PnP ACPI: found 6 devices
[    0.322988] clocksource: acpi_pm: mask: 0xffffff max_cycles: 0xffffff, max_idle_ns: 2085701024 ns
[    0.323654] NET: Registered PF_INET protocol family
[    0.324229] IP idents hash table entries: 32768 (order: 6, 262144 bytes, linear)
[    0.334033] tcp_listen_portaddr_hash hash table entries: 1024 (order: 2, 16384 bytes, linear)
[    0.334662] Table-perturb hash table entries: 65536 (order: 6, 262144 bytes, linear)
[    0.335199] TCP established hash table entries: 16384 (order: 5, 131072 bytes, linear)
[    0.335721] TCP bind hash table entries: 16384 (order: 7, 524288 bytes, linear)
[    0.336197] TCP: Hash tables configured (established 16384 bind 16384)
[    0.336630] MPTCP token hash table entries: 2048 (order: 3, 49152 bytes, linear)
[    0.337083] UDP hash table entries: 1024 (order: 3, 32768 bytes, linear)
[    0.337506] UDP-Lite hash table entries: 1024 (order: 3, 32768 bytes, linear)
[    0.337962] NET: Registered PF_UNIX/PF_LOCAL protocol family
[    0.338309] NET: Registered PF_XDP protocol family
[    0.338616] pci_bus 0000:00: resource 4 [io  0x0000-0x0cf7 window]
[    0.338988] pci_bus 0000:00: resource 5 [io  0x0d00-0xffff window]
[    0.339371] pci_bus 0000:00: resource 6 [mem 0x000a0000-0x000bffff window]
[    0.339786] pci_bus 0000:00: resource 7 [mem 0x80000000-0xafffffff window]
[    0.340198] pci_bus 0000:00: resource 8 [mem 0xc0000000-0xfebfffff window]
[    0.340610] pci_bus 0000:00: resource 9 [mem 0x100000000-0x8ffffffff window]
[    0.341285] ACPI: \_SB_.GSIH: Enabled at IRQ 23
[    0.342029] PCI: CLS 0 bytes, default 64
[    0.342339] Trying to unpack rootfs image as initramfs...
[    0.343958] clocksource: tsc: mask: 0xffffffffffffffff max_cycles: 0x28680fa287f, max_idle_ns: 440795281151 ns
[    0.345957] Initialise system trusted keyrings
[    0.346242] Key type blacklist registered
[    0.346513] workingset: timestamp_bits=36 max_order=19 bucket_order=0
[    0.346911] zbud: loaded
[    0.347931] squashfs: version 4.0 (2009/01/31) Phillip Lougher
[    0.348340] fuse: init (API version 7.39)
[    0.349959] integrity: Platform Keyring initialized
[    0.350264] integrity: Machine keyring initialized
[    0.362885] Key type asymmetric registered
[    0.363151] Asymmetric key parser 'x509' registered
[    0.363522] Block layer SCSI generic (bsg) driver version 0.4 loaded (major 243)
[    0.365871] io scheduler mq-deadline registered
[    0.366235] shpchp: Standard Hot Plug PCI Controller Driver version: 0.4
[    0.366762] input: Power Button as /devices/LNXSYSTM:00/LNXPWRBN:00/input/input0
[    0.368910] ACPI: button: Power Button [PWRF]
[    0.369449] ACPI: \_SB_.GSIF: Enabled at IRQ 21
[    0.371365] ACPI: \_SB_.GSIG: Enabled at IRQ 22
[    0.373476] Serial: 8250/16550 driver, 32 ports, IRQ sharing enabled
[    0.418974] 00:03: ttyS0 at I/O 0x3f8 (irq = 4, base_baud = 115200) is a 16550A
[    0.421534] Linux agpgart interface v0.103
[    0.423369] loop: module loaded
[    0.423948] ACPI: bus type drm_connector registered
[    0.424407] tun: Universal TUN/TAP device driver, 1.6
[    0.426865] PPP generic driver version 2.4.2
[    0.427961] i8042: PNP: PS/2 Controller [PNP0303:KBD,PNP0f13:MOU] at 0x60,0x64 irq 1,12
[    0.430021] serio: i8042 KBD port at 0x60,0x64 irq 1
[    0.430338] serio: i8042 AUX port at 0x60,0x64 irq 12
[    0.430748] mousedev: PS/2 mouse device common for all mice
[    0.431963] input: AT Translated Set 2 keyboard as /devices/platform/i8042/serio0/input/input1
[    0.432675] rtc_cmos 00:04: RTC can wake from S4
[    0.434100] rtc_cmos 00:04: registered as rtc0
[    0.434444] rtc_cmos 00:04: setting system clock to 2026-03-08T02:43:52 UTC (1772937832)
[    0.435906] rtc_cmos 00:04: alarms up to one day, y3k, 242 bytes nvram, hpet irqs
[    0.436396] i2c_dev: i2c /dev entries driver
[    0.436703] device-mapper: core: CONFIG_IMA_DISABLE_HTABLE is disabled. Duplicate IMA measurements will not be recorded in the IMA log.
[    0.438876] device-mapper: uevent: version 1.0.3
[    0.439858] device-mapper: ioctl: 4.48.0-ioctl (2023-03-01) initialised: dm-devel@redhat.com
[    0.440394] intel_pstate: CPU model not supported
[    0.441930] ledtrig-cpu: registered to indicate activity on CPUs
[    0.442396] drop_monitor: Initializing network drop monitor service
[    0.443939] NET: Registered PF_INET6 protocol family
[    1.777588] Freeing initrd memory: 165796K
[    1.778034] Segment Routing with IPv6
[    1.778303] In-situ OAM (IOAM) with IPv6
[    1.778581] NET: Registered PF_PACKET protocol family
[    1.778910] Key type dns_resolver registered
[    1.779292] IPI shorthand broadcast: enabled
[    1.780510] sched_clock: Marking stable (1709001791, 70825073)->(1791343253, -11516389)
[    1.781156] registered taskstats version 1
[    1.781517] Loading compiled-in X.509 certificates
[    1.782284] Loaded X.509 cert 'Build time autogenerated kernel key: 7f71bdefc17a4d88631555bf9efbb1c93d6f5260'
[    1.783435] Loaded X.509 cert 'Canonical Ltd. Live Patch Signing 2025 Kmod: d541cef61dc7e793b7eb7e899970a2eef0b5dc8c'
[    1.784538] Loaded X.509 cert 'Canonical Ltd. Live Patch Signing: 14df34d1a87cf37625abec039ef2bf521249b969'
[    1.785546] Loaded X.509 cert 'Canonical Ltd. Kernel Module Signing: 88f752e560a1e0737e31163a466ad7b70a850c19'
[    1.786148] blacklist: Loading compiled-in revocation X.509 certificates
[    1.786599] Loaded X.509 cert 'Canonical Ltd. Secure Boot Signing: 61482aa2830d0ab2ad5af10b7250da9033ddcef0'
[    1.787197] Loaded X.509 cert 'Canonical Ltd. Secure Boot Signing (2017): 242ade75ac4a15e50d50c84b0d45ff3eae707a03'
[    1.787855] Loaded X.509 cert 'Canonical Ltd. Secure Boot Signing (ESM 2018): 365188c1d374d6b07c3c8f240f8ef722433d6a8b'
[    1.788553] Loaded X.509 cert 'Canonical Ltd. Secure Boot Signing (2019): c0746fd6c5da3ae827864651ad66ae47fe24b3e8'
[    1.789203] Loaded X.509 cert 'Canonical Ltd. Secure Boot Signing (2021 v1): a8d54bbb3825cfb94fa13c9f8a594a195c107b8d'
[    1.789871] Loaded X.509 cert 'Canonical Ltd. Secure Boot Signing (2021 v2): 4cf046892d6fd3c9a5b03f98d845f90851dc6a8c'
[    1.790536] Loaded X.509 cert 'Canonical Ltd. Secure Boot Signing (2021 v3): 100437bb6de6e469b581e61cd66bce3ef4ed53af'
[    1.791245] Loaded X.509 cert 'Canonical Ltd. Secure Boot Signing (Ubuntu Core 2019): c1d57b8f6b743f23ee41f4f7ee292f06eecadfb9'
[    1.793877] Key type .fscrypt registered
[    1.794131] Key type fscrypt-provisioning registered
[    1.794591] Key type encrypted registered
[    1.794845] AppArmor: AppArmor sha256 policy hashing enabled
[    1.795191] ima: No TPM chip found, activating TPM-bypass!
[    1.795543] Loading compiled-in module X.509 certificates
[    1.796204] Loaded X.509 cert 'Build time autogenerated kernel key: 7f71bdefc17a4d88631555bf9efbb1c93d6f5260'
[    1.796808] ima: Allocated hash algorithm: sha256
[    1.797120] ima: No architecture policies found
[    1.797418] evm: Initialising EVM extended attributes:
[    1.797733] evm: security.selinux
[    1.797939] evm: security.SMACK64
[    1.798143] evm: security.SMACK64EXEC
[    1.798368] evm: security.SMACK64TRANSMUTE
[    1.798618] evm: security.SMACK64MMAP
[    1.798844] evm: security.apparmor
[    1.799052] evm: security.ima
[    1.799234] evm: security.capability
[    1.799454] evm: HMAC attrs: 0x1
[    1.799816] PM:   Magic number: 2:475:712
[    1.801950] RAS: Correctable Errors collector initialized.
[    1.802434] clk: Disabling unused clocks
[    1.808256] Freeing unused decrypted memory: 2028K
[    1.808904] Freeing unused kernel image (initmem) memory: 4920K
[    1.809152] Write protecting the kernel read-only data: 38912k
[    1.809723] Freeing unused kernel image (rodata/data gap) memory: 1984K
[    1.817934] x86/mm: Checked W+X mappings: passed, no W+X pages found.
[    1.818208] Run /init as init process
[init-phase3] booted
[init-phase3] loading module=/lib/modules/6.8.0-101-generic/kernel/drivers/virtio/virtio_dma_buf.ko
[init-phase3] loading module=/lib/modules/6.8.0-101-generic/kernel/drivers/gpu/drm/virtio/virtio-gpu.ko
[    1.824689] [drm] pci: virtio-vga detected at 0000:00:02.0
[    1.824976] virtio-pci 0000:00:02.0: vgaarb: deactivate vga console
[    1.829239] Console: switching to colour dummy device 80x25
[    1.829587] [drm] features: -virgl +edid -resource_blob -host_visible
[    1.829587] [drm] features: -context_init
[    1.830358] [drm] number of scanouts: 1
[    1.830536] [drm] number of cap sets: 0
[    1.830915] [drm] Initialized virtio_gpu 0.1.0 0 for 0000:00:02.0 on minor 0
[    1.832933] fbcon: virtio_gpudrmfb (fb0) is primary device
[    1.833430] Console: switching to colour frame buffer device 160x50
[    1.836031] virtio-pci 0000:00:02.0: [drm] fb0: virtio_gpudrmfb frame buffer device
[init-phase3] loading module=/lib/modules/6.8.0-101-generic/kernel/drivers/hid/hid.ko
[    1.841001] hid: raw HID events driver (C) Jiri Kosina
[init-phase3] loading module=/lib/modules/6.8.0-101-generic/kernel/drivers/hid/hid-generic.ko
[init-phase3] loading module=/lib/modules/6.8.0-101-generic/kernel/drivers/hid/usbhid/usbhid.ko
[    1.843769] usbcore: registered new interface driver usbhid
[    1.844051] usbhid: USB HID core driver
[init-phase3] loading module=/lib/modules/6.8.0-101-generic/kernel/drivers/hid/usbhid/usbkbd.ko
[    1.845357] usbcore: registered new interface driver usbkbd
[init-phase3] loading module=/lib/modules/6.8.0-101-generic/kernel/drivers/hid/usbhid/usbmouse.ko
[    1.846721] usbcore: registered new interface driver usbmouse
[init-phase3] loading module=/lib/modules/6.8.0-101-generic/kernel/drivers/input/mouse/psmouse.ko
[    1.849882] input: VirtualPS/2 VMware VMMouse as /devices/platform/i8042/serio1/input/input4
[init-phase3] loading module=/lib/modules/6.8.0-101-generic/kernel/drivers/usb/host/xhci-pci-renesas.ko
[    1.851017] input: VirtualPS/2 VMware VMMouse as /devices/platform/i8042/serio1/input/input3
[init-phase3] loading module=/lib/modules/6.8.0-101-generic/kernel/drivers/usb/host/xhci-pci.ko
[    1.853550] xhci_hcd 0000:00:03.0: xHCI Host Controller
[    1.853810] xhci_hcd 0000:00:03.0: new USB bus registered, assigned bus number 1
[    1.854333] xhci_hcd 0000:00:03.0: hcc params 0x00087001 hci version 0x100 quirks 0x0000000000000010
[    1.855090] xhci_hcd 0000:00:03.0: xHCI Host Controller
[    1.855363] xhci_hcd 0000:00:03.0: new USB bus registered, assigned bus number 2
[    1.855774] xhci_hcd 0000:00:03.0: Host supports USB 3.0 SuperSpeed
[    1.856135] usb usb1: New USB device found, idVendor=1d6b, idProduct=0002, bcdDevice= 6.08
[    1.856540] usb usb1: New USB device strings: Mfr=3, Product=2, SerialNumber=1
[    1.856884] usb usb1: Product: xHCI Host Controller
[    1.857116] usb usb1: Manufacturer: Linux 6.8.0-101-generic xhci-hcd
[    1.857422] usb usb1: SerialNumber: 0000:00:03.0
[    1.857702] hub 1-0:1.0: USB hub found
[    1.857906] hub 1-0:1.0: 4 ports detected
[    1.858207] usb usb2: We don't know the algorithms for LPM for this host, disabling LPM.
[    1.858606] usb usb2: New USB device found, idVendor=1d6b, idProduct=0003, bcdDevice= 6.08
[    1.858999] usb usb2: New USB device strings: Mfr=3, Product=2, SerialNumber=1
[    1.859348] usb usb2: Product: xHCI Host Controller
[    1.859582] usb usb2: Manufacturer: Linux 6.8.0-101-generic xhci-hcd
[    1.859883] usb usb2: SerialNumber: 0000:00:03.0
[    1.860145] hub 2-0:1.0: USB hub found
[    1.860351] hub 2-0:1.0: 4 ports detected
Starting systemd-udevd version 255.4-1ubuntu8.8
total 0
drwxr-xr-x    2 root     root            80 Mar  8 02:43 by-path
crw-rw----    1 root     video     226,   0 Mar  8 02:43 card0
crw-rw----    1 root     root      226, 128 Mar  8 02:43 renderD128
total 0
drwxr-xr-x    2 root     root           100 Mar  8 02:43 by-path
crw-rw----    1 root     input      13,  64 Mar  8 02:43 event0
crw-rw----    1 root     input      13,  65 Mar  8 02:43 event1
crw-rw----    1 root     input      13,  66 Mar  8 02:43 event2
crw-rw----    1 root     input      13,  67 Mar  8 02:43 event3
crw-rw----    1 root     input      13,  63 Mar  8 02:43 mice
crw-rw----    1 root     input      13,  32 Mar  8 02:43 mouse0
crw-rw----    1 root     input      13,  33 Mar  8 02:43 mouse1
[init-phase3] seatd pid=121
[init-phase3] weston pid=122
[init-phase3] wayland ready
Date: 2026-03-08 UTC
[02:43:53.968] weston 13.0.0
               https://wayland.freedesktop.org
               Bug reports to: https://gitlab.freedesktop.org/wayland/weston/issues/
               Build: 13.0.0
[02:43:53.968] Command line: /usr/bin/weston --backend=drm --renderer=pixman --shell=kiosk-shell.so --socket=wayland-1 --continue-without-input --log=/var/log/weston.log
[02:43:53.968] OS: Linux, 6.8.0-101-generic, #101-Ubuntu SMP PREEMPT_DYNAMIC Mon Feb  9 10:15:05 UTC 2026, x86_64
[02:43:53.968] Flight recorder: enabled
[02:43:53.968] Using config file '/etc/xdg/weston/weston.ini'
[02:43:53.968] Output repaint window is 7 ms maximum.
[02:43:53.968] Loading module '/usr/lib/x86_64-linux-gnu/libweston-13/drm-backend.so'
[02:43:53.969] initializing drm backend
[02:43:53.969] Trying libseat launcher...
[02:43:53.969] [libseat/libseat.c:62] Seat opened with backend 'seatd'
[02:43:53.969] [libseat/backend/seatd.c:212] Enabling seat
[02:43:53.969] libseat: session control granted
[02:43:53.969] using /dev/dri/card0
[02:43:53.969] DRM: supports atomic modesetting
[02:43:53.969] DRM: does not support GBM modifiers
[02:43:53.969] DRM: does not support async page flipping
[02:43:53.969] DRM: supports picture aspect ratio
[02:43:53.969] Using Pixman renderer
[02:43:53.971] event0  - Power Button: is tagged by udev as: Keyboard
[02:43:53.971] event0  - Power Button: device is a keyboard
[02:43:53.971] event1  - AT Translated Set 2 keyboard: is tagged by udev as: Keyboard
[02:43:53.971] event1  - AT Translated Set 2 keyboard: device is a keyboard
[02:43:53.971] event3  - VirtualPS/2 VMware VMMouse: is tagged by udev as: Mouse
[02:43:53.972] event3  - VirtualPS/2 VMware VMMouse: device is a pointer
[02:43:53.972] event2  - VirtualPS/2 VMware VMMouse: is tagged by udev as: Mouse
[02:43:53.972] event2  - VirtualPS/2 VMware VMMouse: device is a pointer
[02:43:53.974] libinput: configuring device "Power Button".
[02:43:53.974] libinput: configuring device "AT Translated Set 2 keyboard".
[02:43:53.974] libinput: configuring device "VirtualPS/2 VMware VMMouse".
[02:43:53.974] libinput: configuring device "VirtualPS/2 VMware VMMouse".
[02:43:53.974] input device event2 has no enabled output associated (none named), skipping calibration for now.
[02:43:53.975] DRM: head 'Virtual-1' found, connector 36 is connected, EDID make 'RHT', model 'QEMU Monitor', serial ''
               Supported EOTF modes: SDR
[02:43:53.975] Registered plugin API 'weston_drm_output_api_v1' of size 40
[02:43:53.975] Registered plugin API 'weston_drm_virtual_output_api_v2' of size 48
[02:43:53.975] Color manager: no-op
[02:43:53.975] Output 'Virtual-1' attempts EOTF mode: SDR
[02:43:53.975] Output 'Virtual-1' using color profile: stock sRGB color profile
[02:43:53.976] DRM: output Virtual-1 uses shadow framebuffer.
[02:43:53.976] Output Virtual-1 (crtc 35) video modes:
               1280x800@75.0, preferred, current, 107.3 MHz
               5120x2160@50.0 64:27, 742.5 MHz
               4096x2160@50.0 256:135, 594.0 MHz
               3840x2160@60.0 16:9, 594.0 MHz
               3840x2160@59.9 16:9, 593.4 MHz
               3840x2160@50.0 16:9, 594.0 MHz
               1920x1440@60.0, 234.0 MHz
               2560x1080@50.0 64:27, 185.6 MHz
               1856x1392@60.0, 218.2 MHz
               1792x1344@60.0, 204.8 MHz
               2048x1152@60.0, 162.0 MHz
               1920x1200@59.9, 193.2 MHz
               1920x1080@60.0, 148.5 MHz
               1920x1080@50.0 16:9, 148.5 MHz
               1600x1200@60.0, 162.0 MHz
               1680x1050@60.0, 146.2 MHz
               1400x1050@60.0, 121.8 MHz
               1280x1024@60.0, 108.0 MHz
               1440x900@59.9, 106.5 MHz
               1280x960@60.0, 108.0 MHz
               1360x768@60.0, 85.5 MHz
               1280x768@59.9, 79.5 MHz
               1024x768@60.0, 65.0 MHz
               800x600@60.3, 40.0 MHz
               640x480@60.0 4:3, 25.2 MHz
               640x480@59.9, 25.2 MHz
[02:43:53.977] associating input device event0 with output Virtual-1 (none by udev)
[02:43:53.977] associating input device event1 with output Virtual-1 (none by udev)
[02:43:53.977] associating input device event3 with output Virtual-1 (none by udev)
[02:43:53.977] associating input device event2 with output Virtual-1 (none by udev)
[02:43:53.977] Output 'Virtual-1' enabled with head(s) Virtual-1
[02:43:53.977] Compositor capabilities:
               arbitrary surface rotation: yes
               screen capture uses y-flip: no
               cursor planes: yes
               arbitrary resolutions: no
               view mask clipping: yes
               explicit sync: no
               color operations: no
               presentation clock: CLOCK_MONOTONIC, id 1
               presentation clock resolution: 0.000000001 s
[02:43:53.977] Loading module '/usr/lib/x86_64-linux-gnu/weston/kiosk-shell.so'
[init-phase3] launching chromium url=data:text/html;base64,PCFkb2N0eXBlIGh0bWw+CjxodG1sPgogIDxib2R5IHN0eWxlPSJtYXJnaW46MDtiYWNrZ3JvdW5kOndoaXRlO2ZvbnQtZmFtaWx5OkRlamFWdSBTYW5zLCBzYW5zLXNlcmlmIj4KICAgIDxpbnB1dCBpZD0iaSIgYXV0b2ZvY3VzIHN0eWxlPSJkaXNwbGF5OmJsb2NrO3dpZHRoOjk1dnc7aGVpZ2h0OjEyMHB4O2ZvbnQtc2l6ZTo3MnB4O21hcmdpbjoyMHB4IGF1dG8iIHZhbHVlPSIiPgogICAgPGJ1dHRvbiBpZD0iYiIgb25jbGljaz0iZG9jdW1lbnQuYm9keS5zdHlsZS5iYWNrZ3JvdW5kPSdsaW1lJztkb2N1bWVudC5nZXRFbGVtZW50QnlJZCgncycpLnRleHRDb250ZW50PSdjbGlja2VkJyIgc3R5bGU9ImRpc3BsYXk6YmxvY2s7Zm9udC1zaXplOjY0cHg7bWFyZ2luOjIwcHggYXV0byI+Q0xJQ0s8L2J1dHRvbj4KICAgIDxkaXYgaWQ9InMiIHN0eWxlPSJmb250LXNpemU6NzJweDt0ZXh0LWFsaWduOmNlbnRlciI+aWRsZTwvZGl2PgogIDwvYm9keT4KPC9odG1sPgo= runtime=40 suspend_delay=10 wake=5 pm_test=devices no_suspend=
               arbitrary surface rotation: yes
               screen capture uses y-flip: no
               cursor planes: yes
               arbitrary resolutions: no
               view mask clipping: yes
               explicit sync: no
               color operations: no
               presentation clock: CLOCK_MONOTONIC, id 1
               presentation clock resolution: 0.000000001 s
[02:43:53.977] Loading module '/usr/lib/x86_64-linux-gnu/weston/kiosk-shell.so'
[init-phase3] chromium pid=127
[init-phase3] scheduling suspend args=--delay-seconds 10 --wake-seconds 5 --pm-test devices
[    2.099837] usb 1-1: new high-speed USB device number 2 using xhci_hcd
[    2.233076] usb 1-1: New USB device found, idVendor=0627, idProduct=0001, bcdDevice= 0.00
[    2.233464] usb 1-1: New USB device strings: Mfr=1, Product=4, SerialNumber=11
[    2.233780] usb 1-1: Product: QEMU USB Keyboard
[    2.233983] usb 1-1: Manufacturer: QEMU
[    2.234148] usb 1-1: SerialNumber: 68284-0000:00:03.0-1
[    2.242539] input: QEMU QEMU USB Keyboard as /devices/pci0000:00/0000:00:03.0/usb1/1-1/1-1:1.0/0003:0627:0001.0001/input/input5
[    2.306328] hid-generic 0003:0627:0001.0001: input,hidraw0: USB HID v1.11 Keyboard [QEMU QEMU USB Keyboard] on usb-0000:00:03.0-1/input0
[    2.429886] usb 1-2: new high-speed USB device number 3 using xhci_hcd
[    2.560765] usb 1-2: New USB device found, idVendor=0627, idProduct=0001, bcdDevice= 0.00
[    2.562133] usb 1-2: New USB device strings: Mfr=1, Product=3, SerialNumber=10
[    2.563266] usb 1-2: Product: QEMU USB Tablet
[    2.563930] usb 1-2: Manufacturer: QEMU
[    2.564507] usb 1-2: SerialNumber: 28754-0000:00:03.0-2
[    2.568246] input: QEMU QEMU USB Tablet as /devices/pci0000:00/0000:00:03.0/usb1/1-2/1-2:1.0/0003:0627:0001.0002/input/input6
[    2.570259] hid-generic 0003:0627:0001.0002: input,hidraw1: USB HID v0.01 Mouse [QEMU QEMU USB Tablet] on usb-0000:00:03.0-2/input0
[02:43:54.658] event4  - QEMU QEMU USB Keyboard: is tagged by udev as: Keyboard
[02:43:54.658] event4  - QEMU QEMU USB Keyboard: device is a keyboard
[02:43:54.658] libinput: configuring device "QEMU QEMU USB Keyboard".
[02:43:54.658] associating input device event4 with output Virtual-1 (none by udev)
[02:43:54.768] event5  - QEMU QEMU USB Tablet: is tagged by udev as: Mouse
[02:43:54.769] event5  - QEMU QEMU USB Tablet: device is a pointer
[02:43:54.769] libinput: configuring device "QEMU QEMU USB Tablet".
[02:43:54.769] input device event5 has no enabled output associated (none named), skipping calibration for now.
[02:43:54.769] associating input device event5 with output Virtual-1 (none by udev)
MESA-LOADER: failed to open dri: /usr/lib/x86_64-linux-gnu/gbm/dri_gbm.so: cannot open shared object file: No such file or directory (search paths /usr/lib/x86_64-linux-gnu/gbm, suffix _gbm)
[127:146:0308/024354.158423:ERROR:dbus/bus.cc:405] Failed to connect to the bus: Failed to connect to socket /run/dbus/system_bus_socket: No such file or directory
[127:146:0308/024354.158438:ERROR:dbus/bus.cc:405] Failed to connect to the bus: Could not parse server address: Unknown address type (examples of valid types are "tcp" and on UNIX "unix")
[127:146:0308/024354.158446:ERROR:dbus/bus.cc:405] Failed to connect to the bus: Failed to connect to socket /run/dbus/system_bus_socket: No such file or directory
[127:146:0308/024354.158453:ERROR:dbus/bus.cc:405] Failed to connect to the bus: Failed to connect to socket /run/dbus/system_bus_socket: No such file or directory
MESA-LOADER: failed to open dri: /usr/lib/x86_64-linux-gnu/gbm/dri_gbm.so: cannot open shared object file: No such file or directory (search paths /usr/lib/x86_64-linux-gnu/gbm, suffix _gbm)
[161:161:0308/024354.165009:ERROR:media/gpu/vaapi/vaapi_wrapper.cc:1626] vaInitialize failed: unknown libva error
[127:146:0308/024354.185929:ERROR:dbus/bus.cc:405] Failed to connect to the bus: Could not parse server address: Unknown address type (examples of valid types are "tcp" and on UNIX "unix")

(process:127): GLib-GIO-CRITICAL **: 02:43:54.197: g_settings_schema_source_lookup: assertion 'source != NULL' failed
[127:146:0308/024354.203411:ERROR:dbus/bus.cc:405] Failed to connect to the bus: Could not parse server address: Unknown address type (examples of valid types are "tcp" and on UNIX "unix")
[127:146:0308/024354.203422:ERROR:dbus/bus.cc:405] Failed to connect to the bus: Could not parse server address: Unknown address type (examples of valid types are "tcp" and on UNIX "unix")
[127:127:0308/024354.256508:ERROR:dbus/object_proxy.cc:572] Failed to call method: org.freedesktop.DBus.NameHasOwner: object_path= /org/freedesktop/DBus: unknown error type: 
[127:146:0308/024354.256545:ERROR:dbus/bus.cc:405] Failed to connect to the bus: Could not parse server address: Unknown address type (examples of valid types are "tcp" and on UNIX "unix")
[127:127:0308/024354.260951:ERROR:dbus/object_proxy.cc:572] Failed to call method: org.freedesktop.DBus.NameHasOwner: object_path= /org/freedesktop/DBus: unknown error type: 
[127:127:0308/024354.263947:ERROR:dbus/object_proxy.cc:572] Failed to call method: org.freedesktop.DBus.NameHasOwner: object_path= /org/freedesktop/DBus: unknown error type: 
[127:146:0308/024354.263996:ERROR:dbus/bus.cc:405] Failed to connect to the bus: Could not parse server address: Unknown address type (examples of valid types are "tcp" and on UNIX "unix")
[127:127:0308/024354.264005:ERROR:dbus/object_proxy.cc:572] Failed to call method: org.freedesktop.DBus.NameHasOwner: object_path= /org/freedesktop/DBus: unknown error type: 
[127:146:0308/024354.269987:ERROR:dbus/bus.cc:405] Failed to connect to the bus: Failed to connect to socket /run/dbus/system_bus_socket: No such file or directory
[127:146:0308/024354.270018:ERROR:dbus/bus.cc:405] Failed to connect to the bus: Failed to connect to socket /run/dbus/system_bus_socket: No such file or directory
[127:127:0308/024354.270045:ERROR:dbus/object_proxy.cc:572] Failed to call method: org.freedesktop.DBus.NameHasOwner: object_path= /org/freedesktop/DBus: unknown error type: 
[127:127:0308/024354.274593:ERROR:dbus/object_proxy.cc:572] Failed to call method: org.freedesktop.DBus.NameHasOwner: object_path= /org/freedesktop/DBus: unknown error type: 
[127:146:0308/024354.274647:ERROR:dbus/bus.cc:405] Failed to connect to the bus: Could not parse server address: Unknown address type (examples of valid types are "tcp" and on UNIX "unix")
[127:127:0308/024354.275618:ERROR:dbus/object_proxy.cc:572] Failed to call method: org.freedesktop.DBus.Properties.GetAll: object_path= /org/freedesktop/UPower/devices/DisplayDevice: unknown error type: 
[127:127:0308/024354.278567:ERROR:dbus/object_proxy.cc:572] Failed to call method: org.freedesktop.DBus.NameHasOwner: object_path= /org/freedesktop/DBus: unknown error type: 
[127:146:0308/024354.278754:ERROR:dbus/bus.cc:405] Failed to connect to the bus: Could not parse server address: Unknown address type (examples of valid types are "tcp" and on UNIX "unix")
[127:127:0308/024354.279678:ERROR:dbus/object_proxy.cc:572] Failed to call method: org.freedesktop.DBus.NameHasOwner: object_path= /org/freedesktop/DBus: unknown error type: 
[127:146:0308/024354.280434:ERROR:dbus/bus.cc:405] Failed to connect to the bus: Could not parse server address: Unknown address type (examples of valid types are "tcp" and on UNIX "unix")
[127:127:0308/024354.283490:ERROR:dbus/object_proxy.cc:572] Failed to call method: org.freedesktop.DBus.NameHasOwner: object_path= /org/freedesktop/DBus: unknown error type: 
@@LOG kind=state wakealarm_seconds=5
@@LOG kind=state state=SUSPENDING cycle=1
[   12.047876] PM: suspend entry (s2idle)
[   12.048461] Filesystems sync: 0.000 seconds
[   12.059012] Freezing user space processes
[   12.060814] Freezing user space processes completed (elapsed 0.001 seconds)
[   12.061728] OOM killer disabled.
[   12.062406] Freezing remaining freezable tasks
[   12.064102] Freezing remaining freezable tasks completed (elapsed 0.001 seconds)
[   12.173215] PM: suspend debug: Waiting for 5 second(s).
[   17.176977] xhci_hcd 0000:00:03.0: xHC error in resume, USBSTS 0x401, Reinit
[   17.177330] usb usb1: root hub lost power or was reset
[   17.177574] usb usb2: root hub lost power or was reset
[   17.178437] [drm:virtio_gpu_dequeue_ctrl_func [virtio_gpu]] *ERROR* response 0x1203 (command 0x105)
[   17.178880] [drm:virtio_gpu_dequeue_ctrl_func [virtio_gpu]] *ERROR* response 0x1203 (command 0x104)
[   17.446980] usb 1-2: reset high-speed USB device number 3 using xhci_hcd
[   17.688973] usb 1-1: reset high-speed USB device number 2 using xhci_hcd
[   17.817184] OOM killer enabled.
[02:44:04.117] event5  - QEMU QEMU USB Tablet: device removed[   17.817720] Restarting tasks ... done.

[02:44:09.896] event4  - QEMU QEMU USB Keyboard: device removed[   17.838745] random: crng reseeded on system resumption
[   17.839840] PM: suspend exit

[02:44:09.896] event2  - VirtualPS/2 VMware VMMouse: device removed
[02:44:09.896] event3  - VirtualPS/2 VMware VMMouse: device removed
[02:44:09.897] event1  - AT Translated Set 2 keyboard: device removed
[02:44:09.897] event0  - Power Button: device removed
[02:44:09.897] [libseat/backend/seatd.c:207] Disabling seat
[02:44:09.897] deactivating session
@@LOG kind=state state=RESUMED cycle=1 sleep_ms=5794 resume_gap_ms=5794
@@METRIC name=sleep_duration value_ms=5794 cycle=1
@@METRIC name=suspend_resume_gap value_ms=5794 cycle=1
[02:44:09.904] [libseat/backend/seatd.c:212] Enabling seat
[02:44:09.904] activating session
[02:44:09.910] event0  - Power Button: is tagged by udev as: Keyboard
[02:44:09.910] event0  - Power Button: device is a keyboard
[02:44:09.912] event4  - QEMU QEMU USB Keyboard: is tagged by udev as: Keyboard
[02:44:09.912] event4  - QEMU QEMU USB Keyboard: device is a keyboard
[02:44:09.966] event5  - QEMU QEMU USB Tablet: is tagged by udev as: Mouse
[02:44:09.966] event5  - QEMU QEMU USB Tablet: device is a pointer
[02:44:09.968] event1  - AT Translated Set 2 keyboard: is tagged by udev as: Keyboard
[02:44:09.968] event1  - AT Translated Set 2 keyboard: device is a keyboard
[02:44:09.970] event3  - VirtualPS/2 VMware VMMouse: is tagged by udev as: Mouse
[02:44:09.970] event3  - VirtualPS/2 VMware VMMouse: device is a pointer
[02:44:09.972] event2  - VirtualPS/2 VMware VMMouse: is tagged by udev as: Mouse
[02:44:09.972] event2  - VirtualPS/2 VMware VMMouse: device is a pointer
[02:44:09.973] libinput: configuring device "Power Button".
[02:44:09.973] associating input device event0 with output Virtual-1 (none by udev)
[02:44:09.973] libinput: configuring device "QEMU QEMU USB Keyboard".
[02:44:09.973] associating input device event4 with output Virtual-1 (none by udev)
[02:44:09.973] libinput: configuring device "QEMU QEMU USB Tablet".
[02:44:09.973] input device event5 has no enabled output associated (none named), skipping calibration for now.
[02:44:09.973] associating input device event5 with output Virtual-1 (none by udev)
[02:44:09.973] libinput: configuring device "AT Translated Set 2 keyboard".
[02:44:09.973] associating input device event1 with output Virtual-1 (none by udev)
[02:44:09.973] libinput: configuring device "VirtualPS/2 VMware VMMouse".
[02:44:09.973] associating input device event3 with output Virtual-1 (none by udev)
[02:44:09.973] libinput: configuring device "VirtualPS/2 VMware VMMouse".
[02:44:09.973] input device event2 has no enabled output associated (none named), skipping calibration for now.
[02:44:09.973] associating input device event2 with output Virtual-1 (none by udev)
[init-phase3] runtime limit reached, terminating chromium
[init-phase3] chromium exited
[   42.072320] ACPI: PM: Preparing to enter system sleep state S5
[   42.072637] reboot: Power down
