[    0.000000] Linux version 6.8.0-101-generic (buildd@lcy02-amd64-051) (x86_64-linux-gnu-gcc-13 (Ubuntu 13.3.0-6ubuntu2~24.04) 13.3.0, GNU ld (GNU Binutils for Ubuntu) 2.42) #101-Ubuntu SMP PREEMPT_DYNAMIC Mon Feb  9 10:15:05 UTC 2026 (Ubuntu 6.8.0-101.101-generic 6.8.12)
[    0.000000] Command line: console=ttyS0 panic=-1 no_console_suspend rdinit=/init
[    0.000000] KERNEL supported cpus:
[    0.000000]   Intel GenuineIntel
[    0.000000]   AMD AuthenticAMD
[    0.000000]   Hygon HygonGenuine
[    0.000000]   Centaur CentaurHauls
[    0.000000]   zhaoxin   Shanghai  
[    0.000000] BIOS-provided physical RAM map:
[    0.000000] BIOS-e820: [mem 0x0000000000000000-0x000000000009fbff] usable
[    0.000000] BIOS-e820: [mem 0x000000000009fc00-0x000000000009ffff] reserved
[    0.000000] BIOS-e820: [mem 0x00000000000f0000-0x00000000000fffff] reserved
[    0.000000] BIOS-e820: [mem 0x0000000000100000-0x000000003ffddfff] usable
[    0.000000] BIOS-e820: [mem 0x000000003ffde000-0x000000003fffffff] reserved
[    0.000000] BIOS-e820: [mem 0x00000000b0000000-0x00000000bfffffff] reserved
[    0.000000] BIOS-e820: [mem 0x00000000fed1c000-0x00000000fed1ffff] reserved
[    0.000000] BIOS-e820: [mem 0x00000000feffc000-0x00000000feffffff] reserved
[    0.000000] BIOS-e820: [mem 0x00000000fffc0000-0x00000000ffffffff] reserved
[    0.000000] NX (Execute Disable) protection: active
[    0.000000] APIC: Static calls initialized
[    0.000000] SMBIOS 3.0.0 present.
[    0.000000] DMI: QEMU Standard PC (Q35 + ICH9, 2009), BIOS 1.16.3-debian-1.16.3-2 04/01/2014
[    0.000000] Hypervisor detected: KVM
[    0.000000] kvm-clock: Using msrs 4b564d01 and 4b564d00
[    0.000000] kvm-clock: using sched offset of 246703457 cycles
[    0.000001] clocksource: kvm-clock: mask: 0xffffffffffffffff max_cycles: 0x1cd42e4dffb, max_idle_ns: 881590591483 ns
[    0.000003] tsc: Detected 2803.200 MHz processor
[    0.000573] last_pfn = 0x3ffde max_arch_pfn = 0x400000000
[    0.000607] MTRR map: 4 entries (3 fixed + 1 variable; max 19), built from 8 variable MTRRs
[    0.000610] x86/PAT: Configuration [0-7]: WB  WC  UC- UC  WB  WP  UC- WT  
[    0.004680] found SMP MP-table at [mem 0x000f5470-0x000f547f]
[    0.004695] Using GB pages for direct mapping
[    0.004795] RAMDISK: [mem 0x3f21c000-0x3ffcffff]
[    0.004800] ACPI: Early table checksum verification disabled
[    0.004802] ACPI: RSDP 0x00000000000F52B0 000014 (v00 BOCHS )
[    0.004805] ACPI: RSDT 0x000000003FFE2304 000038 (v01 BOCHS  BXPC     00000001 BXPC 00000001)
[    0.004809] ACPI: FACP 0x000000003FFE20FC 0000F4 (v03 BOCHS  BXPC     00000001 BXPC 00000001)
[    0.004813] ACPI: DSDT 0x000000003FFE0040 0020BC (v01 BOCHS  BXPC     00000001 BXPC 00000001)
[    0.004815] ACPI: FACS 0x000000003FFE0000 000040
[    0.004817] ACPI: APIC 0x000000003FFE21F0 000078 (v03 BOCHS  BXPC     00000001 BXPC 00000001)
[    0.004819] ACPI: HPET 0x000000003FFE2268 000038 (v01 BOCHS  BXPC     00000001 BXPC 00000001)
[    0.004821] ACPI: MCFG 0x000000003FFE22A0 00003C (v01 BOCHS  BXPC     00000001 BXPC 00000001)
[    0.004823] ACPI: WAET 0x000000003FFE22DC 000028 (v01 BOCHS  BXPC     00000001 BXPC 00000001)
[    0.004825] ACPI: Reserving FACP table memory at [mem 0x3ffe20fc-0x3ffe21ef]
[    0.004826] ACPI: Reserving DSDT table memory at [mem 0x3ffe0040-0x3ffe20fb]
[    0.004826] ACPI: Reserving FACS table memory at [mem 0x3ffe0000-0x3ffe003f]
[    0.004827] ACPI: Reserving APIC table memory at [mem 0x3ffe21f0-0x3ffe2267]
[    0.004827] ACPI: Reserving HPET table memory at [mem 0x3ffe2268-0x3ffe229f]
[    0.004828] ACPI: Reserving MCFG table memory at [mem 0x3ffe22a0-0x3ffe22db]
[    0.004828] ACPI: Reserving WAET table memory at [mem 0x3ffe22dc-0x3ffe2303]
[    0.005028] No NUMA configuration found
[    0.005029] Faking a node at [mem 0x0000000000000000-0x000000003ffddfff]
[    0.005033] NODE_DATA(0) allocated [mem 0x3f1f1000-0x3f21bfff]
[    0.005323] Zone ranges:
[    0.005324]   DMA      [mem 0x0000000000001000-0x0000000000ffffff]
[    0.005325]   DMA32    [mem 0x0000000001000000-0x000000003ffddfff]
[    0.005326]   Normal   empty
[    0.005327]   Device   empty
[    0.005328] Movable zone start for each node
[    0.005329] Early memory node ranges
[    0.005329]   node   0: [mem 0x0000000000001000-0x000000000009efff]
[    0.005330]   node   0: [mem 0x0000000000100000-0x000000003ffddfff]
[    0.005331] Initmem setup node 0 [mem 0x0000000000001000-0x000000003ffddfff]
[    0.005507] On node 0, zone DMA: 1 pages in unavailable ranges
[    0.005515] On node 0, zone DMA: 97 pages in unavailable ranges
[    0.007219] On node 0, zone DMA32: 34 pages in unavailable ranges
[    0.007432] ACPI: PM-Timer IO Port: 0x608
[    0.007441] ACPI: LAPIC_NMI (acpi_id[0xff] dfl dfl lint[0x1])
[    0.007469] IOAPIC[0]: apic_id 0, version 17, address 0xfec00000, GSI 0-23
[    0.007472] ACPI: INT_SRC_OVR (bus 0 bus_irq 0 global_irq 2 dfl dfl)
[    0.007473] ACPI: INT_SRC_OVR (bus 0 bus_irq 5 global_irq 5 high level)
[    0.007474] ACPI: INT_SRC_OVR (bus 0 bus_irq 9 global_irq 9 high level)
[    0.007475] ACPI: INT_SRC_OVR (bus 0 bus_irq 10 global_irq 10 high level)
[    0.007475] ACPI: INT_SRC_OVR (bus 0 bus_irq 11 global_irq 11 high level)
[    0.007478] ACPI: Using ACPI (MADT) for SMP configuration information
[    0.007479] ACPI: HPET id: 0x8086a201 base: 0xfed00000
[    0.007481] TSC deadline timer available
[    0.007481] smpboot: Allowing 1 CPUs, 0 hotplug CPUs
[    0.007495] kvm-guest: APIC: eoi() replaced with kvm_guest_apic_eoi_write()
[    0.007513] PM: hibernation: Registered nosave memory: [mem 0x00000000-0x00000fff]
[    0.007515] PM: hibernation: Registered nosave memory: [mem 0x0009f000-0x000fffff]
[    0.007516] [mem 0x40000000-0xafffffff] available for PCI devices
[    0.007517] Booting paravirtualized kernel on KVM
[    0.007518] clocksource: refined-jiffies: mask: 0xffffffff max_cycles: 0xffffffff, max_idle_ns: 1910969940391419 ns
[    0.007523] setup_percpu: NR_CPUS:8192 nr_cpumask_bits:1 nr_cpu_ids:1 nr_node_ids:1
[    0.007806] percpu: Embedded 86 pages/cpu s229376 r8192 d114688 u2097152
[    0.007838] kvm-guest: PV spinlocks disabled, single CPU
[    0.007839] Kernel command line: console=ttyS0 panic=-1 no_console_suspend rdinit=/init
[    0.007905] random: crng init done
[    0.007957] Dentry cache hash table entries: 131072 (order: 8, 1048576 bytes, linear)
[    0.007984] Inode-cache hash table entries: 65536 (order: 7, 524288 bytes, linear)
[    0.008011] Fallback order for Node 0: 0 
[    0.008014] Built 1 zonelists, mobility grouping on.  Total pages: 257758
[    0.008014] Policy zone: DMA32
[    0.008019] mem auto-init: stack:all(zero), heap alloc:on, heap free:off
[    0.009552] Memory: 961316K/1048048K available (22528K kernel code, 4439K rwdata, 14400K rodata, 4920K init, 4788K bss, 86472K reserved, 0K cma-reserved)
[    0.010166] SLUB: HWalign=64, Order=0-3, MinObjects=0, CPUs=1, Nodes=1
[    0.010185] ftrace: allocating 58250 entries in 228 pages
[    0.017490] ftrace: allocated 228 pages with 4 groups
[    0.018285] Dynamic Preempt: voluntary
[    0.018517] rcu: Preemptible hierarchical RCU implementation.
[    0.018518] rcu: 	RCU restricting CPUs from NR_CPUS=8192 to nr_cpu_ids=1.
[    0.018519] 	Trampoline variant of Tasks RCU enabled.
[    0.018520] 	Rude variant of Tasks RCU enabled.
[    0.018520] 	Tracing variant of Tasks RCU enabled.
[    0.018521] rcu: RCU calculated value of scheduler-enlistment delay is 100 jiffies.
[    0.018521] rcu: Adjusting geometry for rcu_fanout_leaf=16, nr_cpu_ids=1
[    0.018526] RCU Tasks: Setting shift to 0 and lim to 1 rcu_task_cb_adjust=1 rcu_task_cpu_ids=1.
[    0.018528] RCU Tasks Rude: Setting shift to 0 and lim to 1 rcu_task_cb_adjust=1 rcu_task_cpu_ids=1.
[    0.018529] RCU Tasks Trace: Setting shift to 0 and lim to 1 rcu_task_cb_adjust=1 rcu_task_cpu_ids=1.
[    0.021031] NR_IRQS: 524544, nr_irqs: 256, preallocated irqs: 16
[    0.021223] rcu: srcu_init: Setting srcu_struct sizes based on contention.
[    0.028122] Console: colour VGA+ 80x25
[    0.028150] printk: legacy console [ttyS0] enabled
[    0.085163] ACPI: Core revision 20230628
[    0.085534] clocksource: hpet: mask: 0xffffffff max_cycles: 0xffffffff, max_idle_ns: 19112604467 ns
[    0.086219] APIC: Switch to symmetric I/O mode setup
[    0.086703] x2apic enabled
[    0.087139] APIC: Switched APIC routing to: physical x2apic
[    0.088338] ..TIMER: vector=0x30 apic1=0 pin1=2 apic2=-1 pin2=-1
[    0.088764] clocksource: tsc-early: mask: 0xffffffffffffffff max_cycles: 0x28680fa287f, max_idle_ns: 440795281151 ns
[    0.089457] Calibrating delay loop (skipped) preset value.. 5606.40 BogoMIPS (lpj=2803200)
[    0.090481] x86/cpu: User Mode Instruction Prevention (UMIP) activated
[    0.091062] Last level iTLB entries: 4KB 0, 2MB 0, 4MB 0
[    0.091455] Last level dTLB entries: 4KB 0, 2MB 0, 4MB 0, 1GB 0
[    0.091891] Spectre V1 : Mitigation: usercopy/swapgs barriers and __user pointer sanitization
[    0.092458] Spectre V2 : Spectre BHI mitigation: SW BHB clearing on vm exit
[    0.092924] Spectre V2 : Spectre BHI mitigation: SW BHB clearing on syscall
[    0.093385] Spectre V2 : Mitigation: Enhanced / Automatic IBRS
[    0.093455] Spectre V2 : Spectre v2 / PBRSB-eIBRS: Retire a single CALL on VMEXIT
[    0.093946] Spectre V2 : mitigation: Enabling conditional Indirect Branch Prediction Barrier
[    0.094455] Speculative Store Bypass: Mitigation: Speculative Store Bypass disabled via prctl
[    0.094989] ITS: WARNING: ITS mitigation depends on retpoline and rethunk support
[    0.095455] ITS: Vulnerable
[    0.095650] x86/fpu: Supporting XSAVE feature 0x001: 'x87 floating point registers'
[    0.096455] x86/fpu: Supporting XSAVE feature 0x002: 'SSE registers'
[    0.096844] x86/fpu: Supporting XSAVE feature 0x004: 'AVX registers'
[    0.097249] x86/fpu: Supporting XSAVE feature 0x020: 'AVX-512 opmask'
[    0.097455] x86/fpu: Supporting XSAVE feature 0x040: 'AVX-512 Hi256'
[    0.097882] x86/fpu: Supporting XSAVE feature 0x080: 'AVX-512 ZMM_Hi256'
[    0.098455] x86/fpu: Supporting XSAVE feature 0x200: 'Protection Keys User registers'
[    0.098941] x86/fpu: xstate_offset[2]:  576, xstate_sizes[2]:  256
[    0.099324] x86/fpu: xstate_offset[5]:  832, xstate_sizes[5]:   64
[    0.099826] x86/fpu: xstate_offset[6]:  896, xstate_sizes[6]:  512
[    0.100207] x86/fpu: xstate_offset[7]: 1408, xstate_sizes[7]: 1024
[    0.100455] x86/fpu: xstate_offset[9]: 2432, xstate_sizes[9]:    8
[    0.100866] x86/fpu: Enabled xstate features 0x2e7, context size is 2440 bytes, using 'compacted' format.
[    0.124898] Freeing SMP alternatives memory: 48K
[    0.125261] pid_max: default: 32768 minimum: 301
[    0.125498] LSM: initializing lsm=lockdown,capability,landlock,yama,apparmor,integrity
[    0.126055] landlock: Up and running.
[    0.126308] Yama: becoming mindful.
[    0.126476] AppArmor: AppArmor initialized
[    0.126797] Mount-cache hash table entries: 2048 (order: 2, 16384 bytes, linear)
[    0.127456] Mountpoint-cache hash table entries: 2048 (order: 2, 16384 bytes, linear)
[    0.128218] smpboot: CPU0: 11th Gen Intel(R) Core(TM) i7-1165G7 @ 2.80GHz (family: 0x6, model: 0x8c, stepping: 0x1)
[    0.128473] Performance Events: Icelake events, full-width counters, Intel PMU driver.
[    0.129086] ... version:                2
[    0.129364] ... bit width:              48
[    0.129456] ... generic registers:      8
[    0.129732] ... value mask:             0000ffffffffffff
[    0.130098] ... max period:             00007fffffffffff
[    0.130420] ... fixed-purpose events:   3
[    0.130455] ... event mask:             00000007000000ff
[    0.130860] signal: max sigframe size: 3632
[    0.131132] rcu: Hierarchical SRCU implementation.
[    0.131421] rcu: 	Max phase no-delay instances is 400.
[    0.131685] smp: Bringing up secondary CPUs ...
[    0.132012] smp: Brought up 1 node, 1 CPU
[    0.132296] smpboot: Max logical packages: 1
[    0.132460] smpboot: Total of 1 processors activated (5606.40 BogoMIPS)
[    0.133068] devtmpfs: initialized
[    0.133340] x86/mm: Memory block size: 128MB
[    0.133670] clocksource: jiffies: mask: 0xffffffff max_cycles: 0xffffffff, max_idle_ns: 1911260446275000 ns
[    0.134321] futex hash table entries: 256 (order: 2, 16384 bytes, linear)
[    0.134492] pinctrl core: initialized pinctrl subsystem
[    0.134937] PM: RTC time: 21:50:30, date: 2026-03-07
[    0.135658] NET: Registered PF_NETLINK/PF_ROUTE protocol family
[    0.136135] DMA: preallocated 128 KiB GFP_KERNEL pool for atomic allocations
[    0.136468] DMA: preallocated 128 KiB GFP_KERNEL|GFP_DMA pool for atomic allocations
[    0.136942] DMA: preallocated 128 KiB GFP_KERNEL|GFP_DMA32 pool for atomic allocations
[    0.137430] audit: initializing netlink subsys (disabled)
[    0.137531] thermal_sys: Registered thermal governor 'fair_share'
[    0.137532] thermal_sys: Registered thermal governor 'bang_bang'
[    0.137902] thermal_sys: Registered thermal governor 'step_wise'
[    0.138301] thermal_sys: Registered thermal governor 'user_space'
[    0.138457] audit: type=2000 audit(1772920230.780:1): state=initialized audit_enabled=0 res=1
[    0.139342] thermal_sys: Registered thermal governor 'power_allocator'
[    0.139347] cpuidle: using governor ladder
[    0.139727] cpuidle: using governor menu
[    0.140033] acpiphp: ACPI Hot Plug PCI Controller Driver version: 0.5
[    0.140546] PCI: ECAM [mem 0xb0000000-0xbfffffff] (base 0xb0000000) for domain 0000 [bus 00-ff]
[    0.141073] PCI: ECAM [mem 0xb0000000-0xbfffffff] reserved as E820 entry
[    0.141463] PCI: Using configuration type 1 for base access
[    0.141859] kprobes: kprobe jump-optimization is enabled. All kprobes are optimized if possible.
[    0.170092] HugeTLB: registered 1.00 GiB page size, pre-allocated 0 pages
[    0.170456] HugeTLB: 16380 KiB vmemmap can be freed for a 1.00 GiB page
[    0.170853] HugeTLB: registered 2.00 MiB page size, pre-allocated 0 pages
[    0.171259] HugeTLB: 28 KiB vmemmap can be freed for a 2.00 MiB page
[    0.171902] ACPI: Added _OSI(Module Device)
[    0.172177] ACPI: Added _OSI(Processor Device)
[    0.172456] ACPI: Added _OSI(Processor Aggregator Device)
[    0.173638] ACPI: 1 ACPI AML tables successfully acquired and loaded
[    0.174499] ACPI: _OSC evaluation for CPUs failed, trying _PDC
[    0.175004] ACPI: Interpreter enabled
[    0.175290] ACPI: PM: (supports S0 S3 S4 S5)
[    0.175456] ACPI: Using IOAPIC for interrupt routing
[    0.175854] PCI: Using host bridge windows from ACPI; if necessary, use "pci=nocrs" and report a bug
[    0.176424] PCI: Using E820 reservations for host bridge windows
[    0.176517] ACPI: Enabled 2 GPEs in block 00 to 3F
[    0.178111] ACPI: PCI Root Bridge [PCI0] (domain 0000 [bus 00-ff])
[    0.178458] acpi PNP0A08:00: _OSC: OS supports [ExtendedConfig ASPM ClockPM Segments MSI EDR HPX-Type3]
[    0.179109] acpi PNP0A08:00: _OSC: platform does not support [PCIeHotplug LTR DPC]
[    0.179496] acpi PNP0A08:00: _OSC: OS now controls [SHPCHotplug PME AER PCIeCapability]
[    0.180192] PCI host bridge to bus 0000:00
[    0.180456] pci_bus 0000:00: root bus resource [io  0x0000-0x0cf7 window]
[    0.180873] pci_bus 0000:00: root bus resource [io  0x0d00-0xffff window]
[    0.181427] pci_bus 0000:00: root bus resource [mem 0x000a0000-0x000bffff window]
[    0.181457] pci_bus 0000:00: root bus resource [mem 0x40000000-0xafffffff window]
[    0.182027] pci_bus 0000:00: root bus resource [mem 0xc0000000-0xfebfffff window]
[    0.182456] pci_bus 0000:00: root bus resource [mem 0x100000000-0x8ffffffff window]
[    0.182916] pci_bus 0000:00: root bus resource [bus 00-ff]
[    0.183316] pci 0000:00:00.0: [8086:29c0] type 00 class 0x060000 conventional PCI endpoint
[    0.183764] pci 0000:00:01.0: [1af4:1000] type 00 class 0x020000 conventional PCI endpoint
[    0.185237] pci 0000:00:01.0: BAR 0 [io  0xc040-0xc05f]
[    0.185475] pci 0000:00:01.0: BAR 4 [mem 0xfe800000-0xfe803fff 64bit pref]
[    0.185930] pci 0000:00:01.0: ROM [mem 0xfeb00000-0xfeb7ffff pref]
[    0.186648] pci 0000:00:02.0: [1af4:1050] type 00 class 0x030000 conventional PCI endpoint
[    0.188050] pci 0000:00:02.0: BAR 0 [mem 0xfe000000-0xfe7fffff pref]
[    0.188469] pci 0000:00:02.0: BAR 2 [mem 0xfe804000-0xfe807fff 64bit pref]
[    0.188916] pci 0000:00:02.0: BAR 4 [mem 0xfeb94000-0xfeb94fff]
[    0.189304] pci 0000:00:02.0: ROM [mem 0xfeb80000-0xfeb8ffff pref]
[    0.189482] pci 0000:00:02.0: Video device with shadowed ROM at [mem 0x000c0000-0x000dffff]
[    0.190304] pci 0000:00:03.0: [1b36:000d] type 00 class 0x0c0330 PCIe Root Complex Integrated Endpoint
[    0.190877] pci 0000:00:03.0: BAR 0 [mem 0xfeb90000-0xfeb93fff 64bit]
[    0.198363] pci 0000:00:1f.0: [8086:2918] type 00 class 0x060100 conventional PCI endpoint
[    0.198637] pci 0000:00:1f.0: quirk: [io  0x0600-0x067f] claimed by ICH6 ACPI/GPIO/TCO
[    0.199251] pci 0000:00:1f.2: [8086:2922] type 00 class 0x010601 conventional PCI endpoint
[    0.199968] pci 0000:00:1f.2: BAR 4 [io  0xc060-0xc07f]
[    0.200294] pci 0000:00:1f.2: BAR 5 [mem 0xfeb95000-0xfeb95fff]
[    0.200634] pci 0000:00:1f.3: [8086:2930] type 00 class 0x0c0500 conventional PCI endpoint
[    0.201474] pci 0000:00:1f.3: BAR 4 [io  0x0700-0x073f]
[    0.202005] ACPI: PCI: Interrupt link LNKA configured for IRQ 10
[    0.202415] ACPI: PCI: Interrupt link LNKB configured for IRQ 10
[    0.202497] ACPI: PCI: Interrupt link LNKC configured for IRQ 11
[    0.202918] ACPI: PCI: Interrupt link LNKD configured for IRQ 11
[    0.203320] ACPI: PCI: Interrupt link LNKE configured for IRQ 10
[    0.203496] ACPI: PCI: Interrupt link LNKF configured for IRQ 10
[    0.203917] ACPI: PCI: Interrupt link LNKG configured for IRQ 11
[    0.204318] ACPI: PCI: Interrupt link LNKH configured for IRQ 11
[    0.204472] ACPI: PCI: Interrupt link GSIA configured for IRQ 16
[    0.204837] ACPI: PCI: Interrupt link GSIB configured for IRQ 17
[    0.205202] ACPI: PCI: Interrupt link GSIC configured for IRQ 18
[    0.205461] ACPI: PCI: Interrupt link GSID configured for IRQ 19
[    0.205826] ACPI: PCI: Interrupt link GSIE configured for IRQ 20
[    0.206195] ACPI: PCI: Interrupt link GSIF configured for IRQ 21
[    0.206461] ACPI: PCI: Interrupt link GSIG configured for IRQ 22
[    0.206882] ACPI: PCI: Interrupt link GSIH configured for IRQ 23
[    0.207516] iommu: Default domain type: Translated
[    0.207850] iommu: DMA domain TLB invalidation policy: lazy mode
[    0.208378] SCSI subsystem initialized
[    0.208491] ACPI: bus type USB registered
[    0.208778] usbcore: registered new interface driver usbfs
[    0.209166] usbcore: registered new interface driver hub
[    0.209459] usbcore: registered new device driver usb
[    0.209822] pps_core: LinuxPPS API ver. 1 registered
[    0.210174] pps_core: Software ver. 5.3.6 - Copyright 2005-2007 Rodolfo Giometti <giometti@linux.it>
[    0.210457] PTP clock support registered
[    0.210729] EDAC MC: Ver: 3.0.0
[    0.211171] NetLabel: Initializing
[    0.211385] NetLabel:  domain hash size = 128
[    0.211456] NetLabel:  protocols = UNLABELED CIPSOv4 CALIPSO
[    0.211813] NetLabel:  unlabeled traffic allowed by default
[    0.212189] mctp: management component transport protocol core
[    0.212457] NET: Registered PF_MCTP protocol family
[    0.212797] PCI: Using ACPI for IRQ routing
[    0.304071] pci 0000:00:02.0: vgaarb: setting as boot VGA device
[    0.304454] pci 0000:00:02.0: vgaarb: bridge control possible
[    0.304454] pci 0000:00:02.0: vgaarb: VGA device added: decodes=io+mem,owns=io+mem,locks=none
[    0.304456] vgaarb: loaded
[    0.304720] hpet0: at MMIO 0xfed00000, IRQs 2, 8, 0
[    0.305067] hpet0: 3 comparators, 64-bit 100.000000 MHz counter
[    0.309479] clocksource: Switched to clocksource kvm-clock
[    0.310294] VFS: Disk quotas dquot_6.6.0
[    0.310696] VFS: Dquot-cache hash table entries: 512 (order 0, 4096 bytes)
[    0.311267] AppArmor: AppArmor Filesystem Enabled
[    0.311611] pnp: PnP ACPI init
[    0.311935] system 00:05: [mem 0xb0000000-0xbfffffff window] has been reserved
[    0.312517] pnp: PnP ACPI: found 6 devices
[    0.317843] clocksource: acpi_pm: mask: 0xffffff max_cycles: 0xffffff, max_idle_ns: 2085701024 ns
[    0.318481] NET: Registered PF_INET protocol family
[    0.318834] IP idents hash table entries: 16384 (order: 5, 131072 bytes, linear)
[    0.328153] tcp_listen_portaddr_hash hash table entries: 512 (order: 1, 8192 bytes, linear)
[    0.328711] Table-perturb hash table entries: 65536 (order: 6, 262144 bytes, linear)
[    0.329200] TCP established hash table entries: 8192 (order: 4, 65536 bytes, linear)
[    0.329698] TCP bind hash table entries: 8192 (order: 6, 262144 bytes, linear)
[    0.330206] TCP: Hash tables configured (established 8192 bind 8192)
[    0.330672] MPTCP token hash table entries: 1024 (order: 2, 24576 bytes, linear)
[    0.331134] UDP hash table entries: 512 (order: 2, 16384 bytes, linear)
[    0.331533] UDP-Lite hash table entries: 512 (order: 2, 16384 bytes, linear)
[    0.331995] NET: Registered PF_UNIX/PF_LOCAL protocol family
[    0.332340] NET: Registered PF_XDP protocol family
[    0.332636] pci_bus 0000:00: resource 4 [io  0x0000-0x0cf7 window]
[    0.333025] pci_bus 0000:00: resource 5 [io  0x0d00-0xffff window]
[    0.333397] pci_bus 0000:00: resource 6 [mem 0x000a0000-0x000bffff window]
[    0.333828] pci_bus 0000:00: resource 7 [mem 0x40000000-0xafffffff window]
[    0.334241] pci_bus 0000:00: resource 8 [mem 0xc0000000-0xfebfffff window]
[    0.334656] pci_bus 0000:00: resource 9 [mem 0x100000000-0x8ffffffff window]
[    0.335268] ACPI: \_SB_.GSIH: Enabled at IRQ 23
[    0.335951] PCI: CLS 0 bytes, default 64
[    0.336272] Trying to unpack rootfs image as initramfs...
[    0.337335] clocksource: tsc: mask: 0xffffffffffffffff max_cycles: 0x28680fa287f, max_idle_ns: 440795281151 ns
[    0.338415] Initialise system trusted keyrings
[    0.338711] Key type blacklist registered
[    0.340325] workingset: timestamp_bits=36 max_order=18 bucket_order=0
[    0.340789] zbud: loaded
[    0.341385] squashfs: version 4.0 (2009/01/31) Phillip Lougher
[    0.343260] fuse: init (API version 7.39)
[    0.343604] integrity: Platform Keyring initialized
[    0.344006] integrity: Machine keyring initialized
[    0.358308] Key type asymmetric registered
[    0.358620] Asymmetric key parser 'x509' registered
[    0.358978] Block layer SCSI generic (bsg) driver version 0.4 loaded (major 243)
[    0.360280] io scheduler mq-deadline registered
[    0.361328] shpchp: Standard Hot Plug PCI Controller Driver version: 0.4
[    0.361860] input: Power Button as /devices/LNXSYSTM:00/LNXPWRBN:00/input/input0
[    0.364242] ACPI: button: Power Button [PWRF]
[    0.364833] ACPI: \_SB_.GSIF: Enabled at IRQ 21
[    0.366862] ACPI: \_SB_.GSIG: Enabled at IRQ 22
[    0.368871] Serial: 8250/16550 driver, 32 ports, IRQ sharing enabled
[    0.414401] 00:03: ttyS0 at I/O 0x3f8 (irq = 4, base_baud = 115200) is a 16550A
[    0.418417] Linux agpgart interface v0.103
[    0.420447] loop: module loaded
[    0.420799] ACPI: bus type drm_connector registered
[    0.422232] tun: Universal TUN/TAP device driver, 1.6
[    0.423166] PPP generic driver version 2.4.2
[    0.424405] i8042: PNP: PS/2 Controller [PNP0303:KBD,PNP0f13:MOU] at 0x60,0x64 irq 1,12
[    0.426389] serio: i8042 KBD port at 0x60,0x64 irq 1
[    0.426700] serio: i8042 AUX port at 0x60,0x64 irq 12
[    0.427061] mousedev: PS/2 mouse device common for all mice
[    0.428453] input: AT Translated Set 2 keyboard as /devices/platform/i8042/serio0/input/input1
[    0.429105] rtc_cmos 00:04: RTC can wake from S4
[    0.429645] rtc_cmos 00:04: registered as rtc0
[    0.429954] rtc_cmos 00:04: setting system clock to 2026-03-07T21:50:30 UTC (1772920230)
[    0.432314] rtc_cmos 00:04: alarms up to one day, y3k, 242 bytes nvram, hpet irqs
[    0.432776] i2c_dev: i2c /dev entries driver
[    0.433050] device-mapper: core: CONFIG_IMA_DISABLE_HTABLE is disabled. Duplicate IMA measurements will not be recorded in the IMA log.
[    0.435316] device-mapper: uevent: version 1.0.3
[    0.435655] device-mapper: ioctl: 4.48.0-ioctl (2023-03-01) initialised: dm-devel@redhat.com
[    0.436246] intel_pstate: CPU model not supported
[    0.437259] ledtrig-cpu: registered to indicate activity on CPUs
[    0.437686] drop_monitor: Initializing network drop monitor service
[    0.438143] NET: Registered PF_INET6 protocol family
[    0.517642] Freeing initrd memory: 14032K
[    0.518083] Segment Routing with IPv6
[    0.518407] In-situ OAM (IOAM) with IPv6
[    0.518758] NET: Registered PF_PACKET protocol family
[    0.519145] Key type dns_resolver registered
[    0.519566] IPI shorthand broadcast: enabled
[    0.520991] sched_clock: Marking stable (455001900, 65226394)->(532293801, -12065507)
[    0.521663] registered taskstats version 1
[    0.522005] Loading compiled-in X.509 certificates
[    0.522842] Loaded X.509 cert 'Build time autogenerated kernel key: 7f71bdefc17a4d88631555bf9efbb1c93d6f5260'
[    0.524005] Loaded X.509 cert 'Canonical Ltd. Live Patch Signing 2025 Kmod: d541cef61dc7e793b7eb7e899970a2eef0b5dc8c'
[    0.525109] Loaded X.509 cert 'Canonical Ltd. Live Patch Signing: 14df34d1a87cf37625abec039ef2bf521249b969'
[    0.526320] Loaded X.509 cert 'Canonical Ltd. Kernel Module Signing: 88f752e560a1e0737e31163a466ad7b70a850c19'
[    0.527005] blacklist: Loading compiled-in revocation X.509 certificates
[    0.527480] Loaded X.509 cert 'Canonical Ltd. Secure Boot Signing: 61482aa2830d0ab2ad5af10b7250da9033ddcef0'
[    0.528167] Loaded X.509 cert 'Canonical Ltd. Secure Boot Signing (2017): 242ade75ac4a15e50d50c84b0d45ff3eae707a03'
[    0.528895] Loaded X.509 cert 'Canonical Ltd. Secure Boot Signing (ESM 2018): 365188c1d374d6b07c3c8f240f8ef722433d6a8b'
[    0.529885] Loaded X.509 cert 'Canonical Ltd. Secure Boot Signing (2019): c0746fd6c5da3ae827864651ad66ae47fe24b3e8'
[    0.530655] Loaded X.509 cert 'Canonical Ltd. Secure Boot Signing (2021 v1): a8d54bbb3825cfb94fa13c9f8a594a195c107b8d'
[    0.531394] Loaded X.509 cert 'Canonical Ltd. Secure Boot Signing (2021 v2): 4cf046892d6fd3c9a5b03f98d845f90851dc6a8c'
[    0.532131] Loaded X.509 cert 'Canonical Ltd. Secure Boot Signing (2021 v3): 100437bb6de6e469b581e61cd66bce3ef4ed53af'
[    0.532878] Loaded X.509 cert 'Canonical Ltd. Secure Boot Signing (Ubuntu Core 2019): c1d57b8f6b743f23ee41f4f7ee292f06eecadfb9'
[    0.535717] Key type .fscrypt registered
[    0.536004] Key type fscrypt-provisioning registered
[    0.536546] Key type encrypted registered
[    0.536855] AppArmor: AppArmor sha256 policy hashing enabled
[    0.537259] ima: No TPM chip found, activating TPM-bypass!
[    0.537644] Loading compiled-in module X.509 certificates
[    0.538415] Loaded X.509 cert 'Build time autogenerated kernel key: 7f71bdefc17a4d88631555bf9efbb1c93d6f5260'
[    0.539099] ima: Allocated hash algorithm: sha256
[    0.539451] ima: No architecture policies found
[    0.539780] evm: Initialising EVM extended attributes:
[    0.540138] evm: security.selinux
[    0.540376] evm: security.SMACK64
[    0.540609] evm: security.SMACK64EXEC
[    0.540869] evm: security.SMACK64TRANSMUTE
[    0.541151] evm: security.SMACK64MMAP
[    0.541415] evm: security.apparmor
[    0.541661] evm: security.ima
[    0.541869] evm: security.capability
[    0.542116] evm: HMAC attrs: 0x1
[    0.542513] PM:   Magic number: 2:523:853
[    0.544882] RAS: Correctable Errors collector initialized.
[    0.545329] clk: Disabling unused clocks
[    0.551532] Freeing unused decrypted memory: 2028K
[    0.552150] Freeing unused kernel image (initmem) memory: 4920K
[    0.552439] Write protecting the kernel read-only data: 38912k
[    0.553012] Freeing unused kernel image (rodata/data gap) memory: 1984K
[    0.560774] x86/mm: Checked W+X mappings: passed, no W+X pages found.
[    0.561046] Run /init as init process
[init-phase2] booted
[init-phase2] loading module=/lib/modules/6.8.0-101-generic/kernel/drivers/virtio/virtio_dma_buf.ko
[init-phase2] loading module=/lib/modules/6.8.0-101-generic/kernel/drivers/gpu/drm/virtio/virtio-gpu.ko
[    0.566972] [drm] pci: virtio-vga detected at 0000:00:02.0
[    0.567241] virtio-pci 0000:00:02.0: vgaarb: deactivate vga console
[    0.572154] Console: switching to colour dummy device 80x25
[    0.572531] [drm] features: -virgl +edid -resource_blob -host_visible
[    0.572532] [drm] features: -context_init
[    0.573666] [drm] number of scanouts: 1
[    0.573855] [drm] number of cap sets: 0
[    0.574149] [drm] Initialized virtio_gpu 0.1.0 0 for 0000:00:02.0 on minor 0
[    0.575949] fbcon: virtio_gpudrmfb (fb0) is primary device
[    0.578102] Console: switching to colour frame buffer device 160x50
[    0.579714] virtio-pci 0000:00:02.0: [drm] fb0: virtio_gpudrmfb frame buffer device
total 0
crw-------    1 root     root      226,   0 Mar  7 21:50 card0
crw-------    1 root     root      226, 128 Mar  7 21:50 renderD128
[init-phase2] seatd pid=89
[init-phase2] weston pid=90
[init-phase2] wayland ready
[init-phase2] launching client=/usr/bin/weston-simple-shm
