[    0.000000] Linux version 6.8.0-101-generic (buildd@lcy02-amd64-051) (x86_64-linux-gnu-gcc-13 (Ubuntu 13.3.0-6ubuntu2~24.04) 13.3.0, GNU ld (GNU Binutils for Ubuntu) 2.42) #101-Ubuntu SMP PREEMPT_DYNAMIC Mon Feb  9 10:15:05 UTC 2026 (Ubuntu 6.8.0-101.101-generic 6.8.12)
[    0.000000] Command line: console=ttyS0 panic=-1 no_console_suspend rdinit=/init
[    0.000000] KERNEL supported cpus:
[    0.000000]   Intel GenuineIntel
[    0.000000]   AMD AuthenticAMD
[    0.000000]   Hygon HygonGenuine
[    0.000000]   Centaur CentaurHauls
[    0.000000]   zhaoxin   Shanghai  
[    0.000000] BIOS-provided physical RAM map:
[    0.000000] BIOS-e820: [mem 0x0000000000000000-0x000000000009fbff] usable
[    0.000000] BIOS-e820: [mem 0x000000000009fc00-0x000000000009ffff] reserved
[    0.000000] BIOS-e820: [mem 0x00000000000f0000-0x00000000000fffff] reserved
[    0.000000] BIOS-e820: [mem 0x0000000000100000-0x000000003ffddfff] usable
[    0.000000] BIOS-e820: [mem 0x000000003ffde000-0x000000003fffffff] reserved
[    0.000000] BIOS-e820: [mem 0x00000000b0000000-0x00000000bfffffff] reserved
[    0.000000] BIOS-e820: [mem 0x00000000fed1c000-0x00000000fed1ffff] reserved
[    0.000000] BIOS-e820: [mem 0x00000000feffc000-0x00000000feffffff] reserved
[    0.000000] BIOS-e820: [mem 0x00000000fffc0000-0x00000000ffffffff] reserved
[    0.000000] NX (Execute Disable) protection: active
[    0.000000] APIC: Static calls initialized
[    0.000000] SMBIOS 3.0.0 present.
[    0.000000] DMI: QEMU Standard PC (Q35 + ICH9, 2009), BIOS 1.16.3-debian-1.16.3-2 04/01/2014
[    0.000000] Hypervisor detected: KVM
[    0.000000] kvm-clock: Using msrs 4b564d01 and 4b564d00
[    0.000000] kvm-clock: using sched offset of 266790229 cycles
[    0.000002] clocksource: kvm-clock: mask: 0xffffffffffffffff max_cycles: 0x1cd42e4dffb, max_idle_ns: 881590591483 ns
[    0.000004] tsc: Detected 2803.200 MHz processor
[    0.000628] last_pfn = 0x3ffde max_arch_pfn = 0x400000000
[    0.000668] MTRR map: 4 entries (3 fixed + 1 variable; max 19), built from 8 variable MTRRs
[    0.000684] x86/PAT: Configuration [0-7]: WB  WC  UC- UC  WB  WP  UC- WT  
[    0.005023] found SMP MP-table at [mem 0x000f5470-0x000f547f]
[    0.005046] Using GB pages for direct mapping
[    0.005163] RAMDISK: [mem 0x3f2af000-0x3ffcffff]
[    0.005173] ACPI: Early table checksum verification disabled
[    0.005176] ACPI: RSDP 0x00000000000F52B0 000014 (v00 BOCHS )
[    0.005180] ACPI: RSDT 0x000000003FFE2304 000038 (v01 BOCHS  BXPC     00000001 BXPC 00000001)
[    0.005185] ACPI: FACP 0x000000003FFE20FC 0000F4 (v03 BOCHS  BXPC     00000001 BXPC 00000001)
[    0.005189] ACPI: DSDT 0x000000003FFE0040 0020BC (v01 BOCHS  BXPC     00000001 BXPC 00000001)
[    0.005192] ACPI: FACS 0x000000003FFE0000 000040
[    0.005194] ACPI: APIC 0x000000003FFE21F0 000078 (v03 BOCHS  BXPC     00000001 BXPC 00000001)
[    0.005196] ACPI: HPET 0x000000003FFE2268 000038 (v01 BOCHS  BXPC     00000001 BXPC 00000001)
[    0.005198] ACPI: MCFG 0x000000003FFE22A0 00003C (v01 BOCHS  BXPC     00000001 BXPC 00000001)
[    0.005201] ACPI: WAET 0x000000003FFE22DC 000028 (v01 BOCHS  BXPC     00000001 BXPC 00000001)
[    0.005205] ACPI: Reserving FACP table memory at [mem 0x3ffe20fc-0x3ffe21ef]
[    0.005206] ACPI: Reserving DSDT table memory at [mem 0x3ffe0040-0x3ffe20fb]
[    0.005207] ACPI: Reserving FACS table memory at [mem 0x3ffe0000-0x3ffe003f]
[    0.005207] ACPI: Reserving APIC table memory at [mem 0x3ffe21f0-0x3ffe2267]
[    0.005208] ACPI: Reserving HPET table memory at [mem 0x3ffe2268-0x3ffe229f]
[    0.005208] ACPI: Reserving MCFG table memory at [mem 0x3ffe22a0-0x3ffe22db]
[    0.005209] ACPI: Reserving WAET table memory at [mem 0x3ffe22dc-0x3ffe2303]
[    0.005488] No NUMA configuration found
[    0.005489] Faking a node at [mem 0x0000000000000000-0x000000003ffddfff]
[    0.005497] NODE_DATA(0) allocated [mem 0x3f284000-0x3f2aefff]
[    0.005669] Zone ranges:
[    0.005670]   DMA      [mem 0x0000000000001000-0x0000000000ffffff]
[    0.005672]   DMA32    [mem 0x0000000001000000-0x000000003ffddfff]
[    0.005674]   Normal   empty
[    0.005676]   Device   empty
[    0.005677] Movable zone start for each node
[    0.005679] Early memory node ranges
[    0.005680]   node   0: [mem 0x0000000000001000-0x000000000009efff]
[    0.005682]   node   0: [mem 0x0000000000100000-0x000000003ffddfff]
[    0.005683] Initmem setup node 0 [mem 0x0000000000001000-0x000000003ffddfff]
[    0.005870] On node 0, zone DMA: 1 pages in unavailable ranges
[    0.005884] On node 0, zone DMA: 97 pages in unavailable ranges
[    0.008016] On node 0, zone DMA32: 34 pages in unavailable ranges
[    0.008272] ACPI: PM-Timer IO Port: 0x608
[    0.008284] ACPI: LAPIC_NMI (acpi_id[0xff] dfl dfl lint[0x1])
[    0.008314] IOAPIC[0]: apic_id 0, version 17, address 0xfec00000, GSI 0-23
[    0.008317] ACPI: INT_SRC_OVR (bus 0 bus_irq 0 global_irq 2 dfl dfl)
[    0.008318] ACPI: INT_SRC_OVR (bus 0 bus_irq 5 global_irq 5 high level)
[    0.008319] ACPI: INT_SRC_OVR (bus 0 bus_irq 9 global_irq 9 high level)
[    0.008320] ACPI: INT_SRC_OVR (bus 0 bus_irq 10 global_irq 10 high level)
[    0.008321] ACPI: INT_SRC_OVR (bus 0 bus_irq 11 global_irq 11 high level)
[    0.008324] ACPI: Using ACPI (MADT) for SMP configuration information
[    0.008325] ACPI: HPET id: 0x8086a201 base: 0xfed00000
[    0.008328] TSC deadline timer available
[    0.008329] smpboot: Allowing 1 CPUs, 0 hotplug CPUs
[    0.008346] kvm-guest: APIC: eoi() replaced with kvm_guest_apic_eoi_write()
[    0.008367] PM: hibernation: Registered nosave memory: [mem 0x00000000-0x00000fff]
[    0.008369] PM: hibernation: Registered nosave memory: [mem 0x0009f000-0x000fffff]
[    0.008370] [mem 0x40000000-0xafffffff] available for PCI devices
[    0.008371] Booting paravirtualized kernel on KVM
[    0.008373] clocksource: refined-jiffies: mask: 0xffffffff max_cycles: 0xffffffff, max_idle_ns: 1910969940391419 ns
[    0.008378] setup_percpu: NR_CPUS:8192 nr_cpumask_bits:1 nr_cpu_ids:1 nr_node_ids:1
[    0.008673] percpu: Embedded 86 pages/cpu s229376 r8192 d114688 u2097152
[    0.008721] kvm-guest: PV spinlocks disabled, single CPU
[    0.008722] Kernel command line: console=ttyS0 panic=-1 no_console_suspend rdinit=/init
[    0.008794] random: crng init done
[    0.008824] Dentry cache hash table entries: 131072 (order: 8, 1048576 bytes, linear)
[    0.008854] Inode-cache hash table entries: 65536 (order: 7, 524288 bytes, linear)
[    0.008883] Fallback order for Node 0: 0 
[    0.008885] Built 1 zonelists, mobility grouping on.  Total pages: 257758
[    0.008886] Policy zone: DMA32
[    0.008889] mem auto-init: stack:all(zero), heap alloc:on, heap free:off
[    0.010587] Memory: 961904K/1048048K available (22528K kernel code, 4439K rwdata, 14400K rodata, 4920K init, 4788K bss, 85884K reserved, 0K cma-reserved)
[    0.011380] SLUB: HWalign=64, Order=0-3, MinObjects=0, CPUs=1, Nodes=1
[    0.011403] ftrace: allocating 58250 entries in 228 pages
[    0.019465] ftrace: allocated 228 pages with 4 groups
[    0.020447] Dynamic Preempt: voluntary
[    0.020714] rcu: Preemptible hierarchical RCU implementation.
[    0.020716] rcu: 	RCU restricting CPUs from NR_CPUS=8192 to nr_cpu_ids=1.
[    0.020717] 	Trampoline variant of Tasks RCU enabled.
[    0.020718] 	Rude variant of Tasks RCU enabled.
[    0.020718] 	Tracing variant of Tasks RCU enabled.
[    0.020718] rcu: RCU calculated value of scheduler-enlistment delay is 100 jiffies.
[    0.020719] rcu: Adjusting geometry for rcu_fanout_leaf=16, nr_cpu_ids=1
[    0.020730] RCU Tasks: Setting shift to 0 and lim to 1 rcu_task_cb_adjust=1 rcu_task_cpu_ids=1.
[    0.020732] RCU Tasks Rude: Setting shift to 0 and lim to 1 rcu_task_cb_adjust=1 rcu_task_cpu_ids=1.
[    0.020733] RCU Tasks Trace: Setting shift to 0 and lim to 1 rcu_task_cb_adjust=1 rcu_task_cpu_ids=1.
[    0.023618] NR_IRQS: 524544, nr_irqs: 256, preallocated irqs: 16
[    0.023844] rcu: srcu_init: Setting srcu_struct sizes based on contention.
[    0.031439] Console: colour VGA+ 80x25
[    0.031483] printk: legacy console [ttyS0] enabled
[    0.087521] ACPI: Core revision 20230628
[    0.087939] clocksource: hpet: mask: 0xffffffff max_cycles: 0xffffffff, max_idle_ns: 19112604467 ns
[    0.088725] APIC: Switch to symmetric I/O mode setup
[    0.089353] x2apic enabled
[    0.089813] APIC: Switched APIC routing to: physical x2apic
[    0.091057] ..TIMER: vector=0x30 apic1=0 pin1=2 apic2=-1 pin2=-1
[    0.091517] clocksource: tsc-early: mask: 0xffffffffffffffff max_cycles: 0x28680fa287f, max_idle_ns: 440795281151 ns
[    0.092290] Calibrating delay loop (skipped) preset value.. 5606.40 BogoMIPS (lpj=2803200)
[    0.093412] x86/cpu: User Mode Instruction Prevention (UMIP) activated
[    0.094005] Last level iTLB entries: 4KB 0, 2MB 0, 4MB 0
[    0.094289] Last level dTLB entries: 4KB 0, 2MB 0, 4MB 0, 1GB 0
[    0.094837] Spectre V1 : Mitigation: usercopy/swapgs barriers and __user pointer sanitization
[    0.095293] Spectre V2 : Spectre BHI mitigation: SW BHB clearing on vm exit
[    0.096288] Spectre V2 : Spectre BHI mitigation: SW BHB clearing on syscall
[    0.096745] Spectre V2 : Mitigation: Enhanced / Automatic IBRS
[    0.097288] Spectre V2 : Spectre v2 / PBRSB-eIBRS: Retire a single CALL on VMEXIT
[    0.097888] Spectre V2 : mitigation: Enabling conditional Indirect Branch Prediction Barrier
[    0.098288] Speculative Store Bypass: Mitigation: Speculative Store Bypass disabled via prctl
[    0.098863] ITS: WARNING: ITS mitigation depends on retpoline and rethunk support
[    0.099288] ITS: Vulnerable
[    0.099506] x86/fpu: Supporting XSAVE feature 0x001: 'x87 floating point registers'
[    0.100288] x86/fpu: Supporting XSAVE feature 0x002: 'SSE registers'
[    0.100729] x86/fpu: Supporting XSAVE feature 0x004: 'AVX registers'
[    0.101288] x86/fpu: Supporting XSAVE feature 0x020: 'AVX-512 opmask'
[    0.101737] x86/fpu: Supporting XSAVE feature 0x040: 'AVX-512 Hi256'
[    0.102288] x86/fpu: Supporting XSAVE feature 0x080: 'AVX-512 ZMM_Hi256'
[    0.102748] x86/fpu: Supporting XSAVE feature 0x200: 'Protection Keys User registers'
[    0.103289] x86/fpu: xstate_offset[2]:  576, xstate_sizes[2]:  256
[    0.103888] x86/fpu: xstate_offset[5]:  832, xstate_sizes[5]:   64
[    0.104288] x86/fpu: xstate_offset[6]:  896, xstate_sizes[6]:  512
[    0.104716] x86/fpu: xstate_offset[7]: 1408, xstate_sizes[7]: 1024
[    0.105288] x86/fpu: xstate_offset[9]: 2432, xstate_sizes[9]:    8
[    0.105754] x86/fpu: Enabled xstate features 0x2e7, context size is 2440 bytes, using 'compacted' format.
[    0.131508] Freeing SMP alternatives memory: 48K
[    0.131866] pid_max: default: 32768 minimum: 301
[    0.132237] LSM: initializing lsm=lockdown,capability,landlock,yama,apparmor,integrity
[    0.132296] landlock: Up and running.
[    0.132549] Yama: becoming mindful.
[    0.133310] AppArmor: AppArmor initialized
[    0.133622] Mount-cache hash table entries: 2048 (order: 2, 16384 bytes, linear)
[    0.134126] Mountpoint-cache hash table entries: 2048 (order: 2, 16384 bytes, linear)
[    0.134509] smpboot: CPU0: 11th Gen Intel(R) Core(TM) i7-1165G7 @ 2.80GHz (family: 0x6, model: 0x8c, stepping: 0x1)
[    0.135287] Performance Events: Icelake events, full-width counters, Intel PMU driver.
[    0.135295] ... version:                2
[    0.135668] ... bit width:              48
[    0.136098] ... generic registers:      8
[    0.136290] ... value mask:             0000ffffffffffff
[    0.136654] ... max period:             00007fffffffffff
[    0.137029] ... fixed-purpose events:   3
[    0.137289] ... event mask:             00000007000000ff
[    0.137815] signal: max sigframe size: 3632
[    0.138316] rcu: Hierarchical SRCU implementation.
[    0.138656] rcu: 	Max phase no-delay instances is 400.
[    0.139247] smp: Bringing up secondary CPUs ...
[    0.139301] smp: Brought up 1 node, 1 CPU
[    0.139604] smpboot: Max logical packages: 1
[    0.139868] smpboot: Total of 1 processors activated (5606.40 BogoMIPS)
[    0.140394] devtmpfs: initialized
[    0.140658] x86/mm: Memory block size: 128MB
[    0.141097] clocksource: jiffies: mask: 0xffffffff max_cycles: 0xffffffff, max_idle_ns: 1911260446275000 ns
[    0.141296] futex hash table entries: 256 (order: 2, 16384 bytes, linear)
[    0.141815] pinctrl core: initialized pinctrl subsystem
[    0.142603] PM: RTC time: 21:45:11, date: 2026-03-07
[    0.143499] NET: Registered PF_NETLINK/PF_ROUTE protocol family
[    0.143987] DMA: preallocated 128 KiB GFP_KERNEL pool for atomic allocations
[    0.144302] DMA: preallocated 128 KiB GFP_KERNEL|GFP_DMA pool for atomic allocations
[    0.144923] DMA: preallocated 128 KiB GFP_KERNEL|GFP_DMA32 pool for atomic allocations
[    0.145302] audit: initializing netlink subsys (disabled)
[    0.145724] audit: type=2000 audit(1772919911.587:1): state=initialized audit_enabled=0 res=1
[    0.146370] thermal_sys: Registered thermal governor 'fair_share'
[    0.146371] thermal_sys: Registered thermal governor 'bang_bang'
[    0.146800] thermal_sys: Registered thermal governor 'step_wise'
[    0.147211] thermal_sys: Registered thermal governor 'user_space'
[    0.147289] thermal_sys: Registered thermal governor 'power_allocator'
[    0.147714] cpuidle: using governor ladder
[    0.148291] cpuidle: using governor menu
[    0.148602] acpiphp: ACPI Hot Plug PCI Controller Driver version: 0.5
[    0.149146] PCI: ECAM [mem 0xb0000000-0xbfffffff] (base 0xb0000000) for domain 0000 [bus 00-ff]
[    0.149290] PCI: ECAM [mem 0xb0000000-0xbfffffff] reserved as E820 entry
[    0.149863] PCI: Using configuration type 1 for base access
[    0.150397] kprobes: kprobe jump-optimization is enabled. All kprobes are optimized if possible.
[    0.180715] HugeTLB: registered 1.00 GiB page size, pre-allocated 0 pages
[    0.181232] HugeTLB: 16380 KiB vmemmap can be freed for a 1.00 GiB page
[    0.181289] HugeTLB: registered 2.00 MiB page size, pre-allocated 0 pages
[    0.181744] HugeTLB: 28 KiB vmemmap can be freed for a 2.00 MiB page
[    0.182817] ACPI: Added _OSI(Module Device)
[    0.183290] ACPI: Added _OSI(Processor Device)
[    0.183599] ACPI: Added _OSI(Processor Aggregator Device)
[    0.184885] ACPI: 1 ACPI AML tables successfully acquired and loaded
[    0.186047] ACPI: _OSC evaluation for CPUs failed, trying _PDC
[    0.186376] ACPI: Interpreter enabled
[    0.186651] ACPI: PM: (supports S0 S3 S4 S5)
[    0.186945] ACPI: Using IOAPIC for interrupt routing
[    0.187347] PCI: Using host bridge windows from ACPI; if necessary, use "pci=nocrs" and report a bug
[    0.187978] PCI: Using E820 reservations for host bridge windows
[    0.188372] ACPI: Enabled 2 GPEs in block 00 to 3F
[    0.190204] ACPI: PCI Root Bridge [PCI0] (domain 0000 [bus 00-ff])
[    0.190295] acpi PNP0A08:00: _OSC: OS supports [ExtendedConfig ASPM ClockPM Segments MSI EDR HPX-Type3]
[    0.190994] acpi PNP0A08:00: _OSC: platform does not support [PCIeHotplug LTR DPC]
[    0.191335] acpi PNP0A08:00: _OSC: OS now controls [SHPCHotplug PME AER PCIeCapability]
[    0.192089] PCI host bridge to bus 0000:00
[    0.192290] pci_bus 0000:00: root bus resource [io  0x0000-0x0cf7 window]
[    0.192758] pci_bus 0000:00: root bus resource [io  0x0d00-0xffff window]
[    0.193289] pci_bus 0000:00: root bus resource [mem 0x000a0000-0x000bffff window]
[    0.193808] pci_bus 0000:00: root bus resource [mem 0x40000000-0xafffffff window]
[    0.194289] pci_bus 0000:00: root bus resource [mem 0xc0000000-0xfebfffff window]
[    0.194802] pci_bus 0000:00: root bus resource [mem 0x100000000-0x8ffffffff window]
[    0.195289] pci_bus 0000:00: root bus resource [bus 00-ff]
[    0.195715] pci 0000:00:00.0: [8086:29c0] type 00 class 0x060000 conventional PCI endpoint
[    0.196651] pci 0000:00:01.0: [1af4:1000] type 00 class 0x020000 conventional PCI endpoint
[    0.198273] pci 0000:00:01.0: BAR 0 [io  0xc040-0xc05f]
[    0.198311] pci 0000:00:01.0: BAR 4 [mem 0xfe800000-0xfe803fff 64bit pref]
[    0.198785] pci 0000:00:01.0: ROM [mem 0xfeb00000-0xfeb7ffff pref]
[    0.199674] pci 0000:00:02.0: [1af4:1050] type 00 class 0x030000 conventional PCI endpoint
[    0.201299] pci 0000:00:02.0: BAR 0 [mem 0xfe000000-0xfe7fffff pref]
[    0.201710] pci 0000:00:02.0: BAR 2 [mem 0xfe804000-0xfe807fff 64bit pref]
[    0.202161] pci 0000:00:02.0: BAR 4 [mem 0xfeb94000-0xfeb94fff]
[    0.202297] pci 0000:00:02.0: ROM [mem 0xfeb80000-0xfeb8ffff pref]
[    0.202728] pci 0000:00:02.0: Video device with shadowed ROM at [mem 0x000c0000-0x000dffff]
[    0.203666] pci 0000:00:03.0: [1b36:000d] type 00 class 0x0c0330 PCIe Root Complex Integrated Endpoint
[    0.204824] pci 0000:00:03.0: BAR 0 [mem 0xfeb90000-0xfeb93fff 64bit]
[    0.212403] pci 0000:00:1f.0: [8086:2918] type 00 class 0x060100 conventional PCI endpoint
[    0.213443] pci 0000:00:1f.0: quirk: [io  0x0600-0x067f] claimed by ICH6 ACPI/GPIO/TCO
[    0.214181] pci 0000:00:1f.2: [8086:2922] type 00 class 0x010601 conventional PCI endpoint
[    0.214926] pci 0000:00:1f.2: BAR 4 [io  0xc060-0xc07f]
[    0.215295] pci 0000:00:1f.2: BAR 5 [mem 0xfeb95000-0xfeb95fff]
[    0.215980] pci 0000:00:1f.3: [8086:2930] type 00 class 0x0c0500 conventional PCI endpoint
[    0.216672] pci 0000:00:1f.3: BAR 4 [io  0x0700-0x073f]
[    0.217302] ACPI: PCI: Interrupt link LNKA configured for IRQ 10
[    0.217772] ACPI: PCI: Interrupt link LNKB configured for IRQ 10
[    0.218238] ACPI: PCI: Interrupt link LNKC configured for IRQ 11
[    0.218335] ACPI: PCI: Interrupt link LNKD configured for IRQ 11
[    0.218800] ACPI: PCI: Interrupt link LNKE configured for IRQ 10
[    0.219292] ACPI: PCI: Interrupt link LNKF configured for IRQ 10
[    0.219783] ACPI: PCI: Interrupt link LNKG configured for IRQ 11
[    0.220380] ACPI: PCI: Interrupt link LNKH configured for IRQ 11
[    0.220905] ACPI: PCI: Interrupt link GSIA configured for IRQ 16
[    0.221294] ACPI: PCI: Interrupt link GSIB configured for IRQ 17
[    0.221728] ACPI: PCI: Interrupt link GSIC configured for IRQ 18
[    0.222191] ACPI: PCI: Interrupt link GSID configured for IRQ 19
[    0.222294] ACPI: PCI: Interrupt link GSIE configured for IRQ 20
[    0.222699] ACPI: PCI: Interrupt link GSIF configured for IRQ 21
[    0.223171] ACPI: PCI: Interrupt link GSIG configured for IRQ 22
[    0.223295] ACPI: PCI: Interrupt link GSIH configured for IRQ 23
[    0.223906] iommu: Default domain type: Translated
[    0.224236] iommu: DMA domain TLB invalidation policy: lazy mode
[    0.224391] SCSI subsystem initialized
[    0.224690] ACPI: bus type USB registered
[    0.224984] usbcore: registered new interface driver usbfs
[    0.225292] usbcore: registered new interface driver hub
[    0.225663] usbcore: registered new device driver usb
[    0.226024] pps_core: LinuxPPS API ver. 1 registered
[    0.226289] pps_core: Software ver. 5.3.6 - Copyright 2005-2007 Rodolfo Giometti <giometti@linux.it>
[    0.227297] PTP clock support registered
[    0.227646] EDAC MC: Ver: 3.0.0
[    0.228150] NetLabel: Initializing
[    0.228289] NetLabel:  domain hash size = 128
[    0.228604] NetLabel:  protocols = UNLABELED CIPSOv4 CALIPSO
[    0.229009] NetLabel:  unlabeled traffic allowed by default
[    0.229335] mctp: management component transport protocol core
[    0.229699] NET: Registered PF_MCTP protocol family
[    0.230038] PCI: Using ACPI for IRQ routing
[    0.329299] pci 0000:00:02.0: vgaarb: setting as boot VGA device
[    0.329742] pci 0000:00:02.0: vgaarb: bridge control possible
[    0.330148] pci 0000:00:02.0: vgaarb: VGA device added: decodes=io+mem,owns=io+mem,locks=none
[    0.330289] vgaarb: loaded
[    0.330562] hpet0: at MMIO 0xfed00000, IRQs 2, 8, 0
[    0.330904] hpet0: 3 comparators, 64-bit 100.000000 MHz counter
[    0.334335] clocksource: Switched to clocksource kvm-clock
[    0.335711] VFS: Disk quotas dquot_6.6.0
[    0.336156] VFS: Dquot-cache hash table entries: 512 (order 0, 4096 bytes)
[    0.336950] AppArmor: AppArmor Filesystem Enabled
[    0.337469] pnp: PnP ACPI init
[    0.337943] system 00:05: [mem 0xb0000000-0xbfffffff window] has been reserved
[    0.338880] pnp: PnP ACPI: found 6 devices
[    0.344384] clocksource: acpi_pm: mask: 0xffffff max_cycles: 0xffffff, max_idle_ns: 2085701024 ns
[    0.345390] NET: Registered PF_INET protocol family
[    0.345920] IP idents hash table entries: 16384 (order: 5, 131072 bytes, linear)
[    0.357618] tcp_listen_portaddr_hash hash table entries: 512 (order: 1, 8192 bytes, linear)
[    0.358480] Table-perturb hash table entries: 65536 (order: 6, 262144 bytes, linear)
[    0.359393] TCP established hash table entries: 8192 (order: 4, 65536 bytes, linear)
[    0.360190] TCP bind hash table entries: 8192 (order: 6, 262144 bytes, linear)
[    0.360943] TCP: Hash tables configured (established 8192 bind 8192)
[    0.361632] MPTCP token hash table entries: 1024 (order: 2, 24576 bytes, linear)
[    0.362403] UDP hash table entries: 512 (order: 2, 16384 bytes, linear)
[    0.363053] UDP-Lite hash table entries: 512 (order: 2, 16384 bytes, linear)
[    0.363595] NET: Registered PF_UNIX/PF_LOCAL protocol family
[    0.363989] NET: Registered PF_XDP protocol family
[    0.364363] pci_bus 0000:00: resource 4 [io  0x0000-0x0cf7 window]
[    0.364805] pci_bus 0000:00: resource 5 [io  0x0d00-0xffff window]
[    0.365226] pci_bus 0000:00: resource 6 [mem 0x000a0000-0x000bffff window]
[    0.365736] pci_bus 0000:00: resource 7 [mem 0x40000000-0xafffffff window]
[    0.366203] pci_bus 0000:00: resource 8 [mem 0xc0000000-0xfebfffff window]
[    0.366776] pci_bus 0000:00: resource 9 [mem 0x100000000-0x8ffffffff window]
[    0.367927] ACPI: \_SB_.GSIH: Enabled at IRQ 23
[    0.368726] PCI: CLS 0 bytes, default 64
[    0.369088] Trying to unpack rootfs image as initramfs...
[    0.369527] clocksource: tsc: mask: 0xffffffffffffffff max_cycles: 0x28680fa287f, max_idle_ns: 440795281151 ns
[    0.371648] Initialise system trusted keyrings
[    0.372035] Key type blacklist registered
[    0.373490] workingset: timestamp_bits=36 max_order=18 bucket_order=0
[    0.373956] zbud: loaded
[    0.375725] squashfs: version 4.0 (2009/01/31) Phillip Lougher
[    0.377606] fuse: init (API version 7.39)
[    0.378118] integrity: Platform Keyring initialized
[    0.379534] integrity: Machine keyring initialized
[    0.396518] Key type asymmetric registered
[    0.396845] Asymmetric key parser 'x509' registered
[    0.397190] Block layer SCSI generic (bsg) driver version 0.4 loaded (major 243)
[    0.398561] io scheduler mq-deadline registered
[    0.400518] shpchp: Standard Hot Plug PCI Controller Driver version: 0.4
[    0.401116] input: Power Button as /devices/LNXSYSTM:00/LNXPWRBN:00/input/input0
[    0.402540] ACPI: button: Power Button [PWRF]
[    0.403149] ACPI: \_SB_.GSIF: Enabled at IRQ 21
[    0.405338] ACPI: \_SB_.GSIG: Enabled at IRQ 22
[    0.408596] Serial: 8250/16550 driver, 32 ports, IRQ sharing enabled
[    0.454632] 00:03: ttyS0 at I/O 0x3f8 (irq = 4, base_baud = 115200) is a 16550A
[    0.457745] Linux agpgart interface v0.103
[    0.460041] loop: module loaded
[    0.460419] ACPI: bus type drm_connector registered
[    0.461604] tun: Universal TUN/TAP device driver, 1.6
[    0.464549] PPP generic driver version 2.4.2
[    0.464954] i8042: PNP: PS/2 Controller [PNP0303:KBD,PNP0f13:MOU] at 0x60,0x64 irq 1,12
[    0.467008] serio: i8042 KBD port at 0x60,0x64 irq 1
[    0.467392] serio: i8042 AUX port at 0x60,0x64 irq 12
[    0.469634] mousedev: PS/2 mouse device common for all mice
[    0.470189] input: AT Translated Set 2 keyboard as /devices/platform/i8042/serio0/input/input1
[    0.471198] rtc_cmos 00:04: RTC can wake from S4
[    0.473030] rtc_cmos 00:04: registered as rtc0
[    0.473427] rtc_cmos 00:04: setting system clock to 2026-03-07T21:45:11 UTC (1772919911)
[    0.475525] rtc_cmos 00:04: alarms up to one day, y3k, 242 bytes nvram, hpet irqs
[    0.476283] i2c_dev: i2c /dev entries driver
[    0.477544] device-mapper: core: CONFIG_IMA_DISABLE_HTABLE is disabled. Duplicate IMA measurements will not be recorded in the IMA log.
[    0.478407] device-mapper: uevent: version 1.0.3
[    0.480500] device-mapper: ioctl: 4.48.0-ioctl (2023-03-01) initialised: dm-devel@redhat.com
[    0.481110] intel_pstate: CPU model not supported
[    0.482496] ledtrig-cpu: registered to indicate activity on CPUs
[    0.482980] drop_monitor: Initializing network drop monitor service
[    0.484629] NET: Registered PF_INET6 protocol family
[    0.557902] Freeing initrd memory: 13444K
[    0.558427] Segment Routing with IPv6
[    0.558715] In-situ OAM (IOAM) with IPv6
[    0.559171] NET: Registered PF_PACKET protocol family
[    0.559581] Key type dns_resolver registered
[    0.559968] IPI shorthand broadcast: enabled
[    0.561051] sched_clock: Marking stable (495001694, 65435694)->(570821746, -10384358)
[    0.561678] registered taskstats version 1
[    0.562028] Loading compiled-in X.509 certificates
[    0.562842] Loaded X.509 cert 'Build time autogenerated kernel key: 7f71bdefc17a4d88631555bf9efbb1c93d6f5260'
[    0.564011] Loaded X.509 cert 'Canonical Ltd. Live Patch Signing 2025 Kmod: d541cef61dc7e793b7eb7e899970a2eef0b5dc8c'
[    0.565034] Loaded X.509 cert 'Canonical Ltd. Live Patch Signing: 14df34d1a87cf37625abec039ef2bf521249b969'
[    0.565972] Loaded X.509 cert 'Canonical Ltd. Kernel Module Signing: 88f752e560a1e0737e31163a466ad7b70a850c19'
[    0.566618] blacklist: Loading compiled-in revocation X.509 certificates
[    0.567119] Loaded X.509 cert 'Canonical Ltd. Secure Boot Signing: 61482aa2830d0ab2ad5af10b7250da9033ddcef0'
[    0.567835] Loaded X.509 cert 'Canonical Ltd. Secure Boot Signing (2017): 242ade75ac4a15e50d50c84b0d45ff3eae707a03'
[    0.568851] Loaded X.509 cert 'Canonical Ltd. Secure Boot Signing (ESM 2018): 365188c1d374d6b07c3c8f240f8ef722433d6a8b'
[    0.569582] Loaded X.509 cert 'Canonical Ltd. Secure Boot Signing (2019): c0746fd6c5da3ae827864651ad66ae47fe24b3e8'
[    0.570310] Loaded X.509 cert 'Canonical Ltd. Secure Boot Signing (2021 v1): a8d54bbb3825cfb94fa13c9f8a594a195c107b8d'
[    0.571052] Loaded X.509 cert 'Canonical Ltd. Secure Boot Signing (2021 v2): 4cf046892d6fd3c9a5b03f98d845f90851dc6a8c'
[    0.571894] Loaded X.509 cert 'Canonical Ltd. Secure Boot Signing (2021 v3): 100437bb6de6e469b581e61cd66bce3ef4ed53af'
[    0.572607] Loaded X.509 cert 'Canonical Ltd. Secure Boot Signing (Ubuntu Core 2019): c1d57b8f6b743f23ee41f4f7ee292f06eecadfb9'
[    0.575017] Key type .fscrypt registered
[    0.575329] Key type fscrypt-provisioning registered
[    0.576259] Key type encrypted registered
[    0.576580] AppArmor: AppArmor sha256 policy hashing enabled
[    0.577011] ima: No TPM chip found, activating TPM-bypass!
[    0.577415] Loading compiled-in module X.509 certificates
[    0.578173] Loaded X.509 cert 'Build time autogenerated kernel key: 7f71bdefc17a4d88631555bf9efbb1c93d6f5260'
[    0.578914] ima: Allocated hash algorithm: sha256
[    0.579271] ima: No architecture policies found
[    0.579756] evm: Initialising EVM extended attributes:
[    0.580116] evm: security.selinux
[    0.580355] evm: security.SMACK64
[    0.580594] evm: security.SMACK64EXEC
[    0.580848] evm: security.SMACK64TRANSMUTE
[    0.581131] evm: security.SMACK64MMAP
[    0.581396] evm: security.apparmor
[    0.581623] evm: security.ima
[    0.581832] evm: security.capability
[    0.582081] evm: HMAC attrs: 0x1
[    0.582498] PM:   Magic number: 2:970:802
[    0.585126] RAS: Correctable Errors collector initialized.
[    0.585590] clk: Disabling unused clocks
[    0.592088] Freeing unused decrypted memory: 2028K
[    0.592792] Freeing unused kernel image (initmem) memory: 4920K
[    0.593088] Write protecting the kernel read-only data: 38912k
[    0.593720] Freeing unused kernel image (rodata/data gap) memory: 1984K
[    0.602722] x86/mm: Checked W+X mappings: passed, no W+X pages found.
[    0.603057] Run /init as init process
[init-phase2] booted
ls: /dev/dri: No such file or directory
[init-phase2] /dev/dri missing
[init-phase2] seatd pid=86
[init-phase2] weston pid=87
/init: line 35: /usr/bin/weston: not found
[init-phase2] wayland socket did not appear
sed: /var/log/weston.log: No such file or directory
[   10.528467] ACPI: PM: Preparing to enter system sleep state S5
[   10.528806] reboot: Power down
