[    0.000000] Linux version 6.8.0-101-generic (buildd@lcy02-amd64-051) (x86_64-linux-gnu-gcc-13 (Ubuntu 13.3.0-6ubuntu2~24.04) 13.3.0, GNU ld (GNU Binutils for Ubuntu) 2.42) #101-Ubuntu SMP PREEMPT_DYNAMIC Mon Feb  9 10:15:05 UTC 2026 (Ubuntu 6.8.0-101.101-generic 6.8.12)
[    0.000000] Command line: console=ttyS0 panic=-1 no_console_suspend rdinit=/init phase3_runtime_seconds=20 phase3_url=data:text/html;base64,PCFkb2N0eXBlIGh0bWw+CjxodG1sPgogIDxib2R5IHN0eWxlPSJtYXJnaW46MDtiYWNrZ3JvdW5kOndoaXRlO2ZvbnQtZmFtaWx5OkRlamFWdSBTYW5zLCBzYW5zLXNlcmlmIj4KICAgIDxpbnB1dCBpZD0iaSIgYXV0b2ZvY3VzIHN0eWxlPSJkaXNwbGF5OmJsb2NrO3dpZHRoOjk1dnc7aGVpZ2h0OjEyMHB4O2ZvbnQtc2l6ZTo3MnB4O21hcmdpbjoyMHB4IGF1dG8iIHZhbHVlPSIiPgogICAgPGJ1dHRvbiBpZD0iYiIgb25jbGljaz0iZG9jdW1lbnQuYm9keS5zdHlsZS5iYWNrZ3JvdW5kPSdsaW1lJztkb2N1bWVudC5nZXRFbGVtZW50QnlJZCgncycpLnRleHRDb250ZW50PSdjbGlja2VkJyIgc3R5bGU9ImRpc3BsYXk6YmxvY2s7Zm9udC1zaXplOjY0cHg7bWFyZ2luOjIwcHggYXV0byI+Q0xJQ0s8L2J1dHRvbj4KICAgIDxkaXYgaWQ9InMiIHN0eWxlPSJmb250LXNpemU6NzJweDt0ZXh0LWFsaWduOmNlbnRlciI+aWRsZTwvZGl2PgogIDwvYm9keT4KPC9odG1sPgo=
[    0.000000] KERNEL supported cpus:
[    0.000000]   Intel GenuineIntel
[    0.000000]   AMD AuthenticAMD
[    0.000000]   Hygon HygonGenuine
[    0.000000]   Centaur CentaurHauls
[    0.000000]   zhaoxin   Shanghai  
[    0.000000] BIOS-provided physical RAM map:
[    0.000000] BIOS-e820: [mem 0x0000000000000000-0x000000000009fbff] usable
[    0.000000] BIOS-e820: [mem 0x000000000009fc00-0x000000000009ffff] reserved
[    0.000000] BIOS-e820: [mem 0x00000000000f0000-0x00000000000fffff] reserved
[    0.000000] BIOS-e820: [mem 0x0000000000100000-0x000000007ffddfff] usable
[    0.000000] BIOS-e820: [mem 0x000000007ffde000-0x000000007fffffff] reserved
[    0.000000] BIOS-e820: [mem 0x00000000b0000000-0x00000000bfffffff] reserved
[    0.000000] BIOS-e820: [mem 0x00000000fed1c000-0x00000000fed1ffff] reserved
[    0.000000] BIOS-e820: [mem 0x00000000feffc000-0x00000000feffffff] reserved
[    0.000000] BIOS-e820: [mem 0x00000000fffc0000-0x00000000ffffffff] reserved
[    0.000000] NX (Execute Disable) protection: active
[    0.000000] APIC: Static calls initialized
[    0.000000] SMBIOS 3.0.0 present.
[    0.000000] DMI: QEMU Standard PC (Q35 + ICH9, 2009), BIOS 1.16.3-debian-1.16.3-2 04/01/2014
[    0.000000] Hypervisor detected: KVM
[    0.000000] kvm-clock: Using msrs 4b564d01 and 4b564d00
[    0.000000] kvm-clock: using sched offset of 276905346 cycles
[    0.000002] clocksource: kvm-clock: mask: 0xffffffffffffffff max_cycles: 0x1cd42e4dffb, max_idle_ns: 881590591483 ns
[    0.000004] tsc: Detected 2803.200 MHz processor
[    0.000606] last_pfn = 0x7ffde max_arch_pfn = 0x400000000
[    0.000640] MTRR map: 4 entries (3 fixed + 1 variable; max 19), built from 8 variable MTRRs
[    0.000643] x86/PAT: Configuration [0-7]: WB  WC  UC- UC  WB  WP  UC- WT  
[    0.004396] found SMP MP-table at [mem 0x000f5470-0x000f547f]
[    0.004407] Using GB pages for direct mapping
[    0.004483] RAMDISK: [mem 0x75de7000-0x7ffcffff]
[    0.004488] ACPI: Early table checksum verification disabled
[    0.004490] ACPI: RSDP 0x00000000000F52B0 000014 (v00 BOCHS )
[    0.004494] ACPI: RSDT 0x000000007FFE2330 000038 (v01 BOCHS  BXPC     00000001 BXPC 00000001)
[    0.004498] ACPI: FACP 0x000000007FFE2128 0000F4 (v03 BOCHS  BXPC     00000001 BXPC 00000001)
[    0.004503] ACPI: DSDT 0x000000007FFE0040 0020E8 (v01 BOCHS  BXPC     00000001 BXPC 00000001)
[    0.004505] ACPI: FACS 0x000000007FFE0000 000040
[    0.004507] ACPI: APIC 0x000000007FFE221C 000078 (v03 BOCHS  BXPC     00000001 BXPC 00000001)
[    0.004510] ACPI: HPET 0x000000007FFE2294 000038 (v01 BOCHS  BXPC     00000001 BXPC 00000001)
[    0.004512] ACPI: MCFG 0x000000007FFE22CC 00003C (v01 BOCHS  BXPC     00000001 BXPC 00000001)
[    0.004514] ACPI: WAET 0x000000007FFE2308 000028 (v01 BOCHS  BXPC     00000001 BXPC 00000001)
[    0.004516] ACPI: Reserving FACP table memory at [mem 0x7ffe2128-0x7ffe221b]
[    0.004517] ACPI: Reserving DSDT table memory at [mem 0x7ffe0040-0x7ffe2127]
[    0.004518] ACPI: Reserving FACS table memory at [mem 0x7ffe0000-0x7ffe003f]
[    0.004518] ACPI: Reserving APIC table memory at [mem 0x7ffe221c-0x7ffe2293]
[    0.004519] ACPI: Reserving HPET table memory at [mem 0x7ffe2294-0x7ffe22cb]
[    0.004519] ACPI: Reserving MCFG table memory at [mem 0x7ffe22cc-0x7ffe2307]
[    0.004520] ACPI: Reserving WAET table memory at [mem 0x7ffe2308-0x7ffe232f]
[    0.004750] No NUMA configuration found
[    0.004751] Faking a node at [mem 0x0000000000000000-0x000000007ffddfff]
[    0.004756] NODE_DATA(0) allocated [mem 0x75dbc000-0x75de6fff]
[    0.004859] Zone ranges:
[    0.004859]   DMA      [mem 0x0000000000001000-0x0000000000ffffff]
[    0.004861]   DMA32    [mem 0x0000000001000000-0x000000007ffddfff]
[    0.004862]   Normal   empty
[    0.004862]   Device   empty
[    0.004863] Movable zone start for each node
[    0.004864] Early memory node ranges
[    0.004864]   node   0: [mem 0x0000000000001000-0x000000000009efff]
[    0.004865]   node   0: [mem 0x0000000000100000-0x000000007ffddfff]
[    0.004866] Initmem setup node 0 [mem 0x0000000000001000-0x000000007ffddfff]
[    0.005049] On node 0, zone DMA: 1 pages in unavailable ranges
[    0.005057] On node 0, zone DMA: 97 pages in unavailable ranges
[    0.009416] On node 0, zone DMA32: 34 pages in unavailable ranges
[    0.009652] ACPI: PM-Timer IO Port: 0x608
[    0.009664] ACPI: LAPIC_NMI (acpi_id[0xff] dfl dfl lint[0x1])
[    0.009693] IOAPIC[0]: apic_id 0, version 17, address 0xfec00000, GSI 0-23
[    0.009695] ACPI: INT_SRC_OVR (bus 0 bus_irq 0 global_irq 2 dfl dfl)
[    0.009696] ACPI: INT_SRC_OVR (bus 0 bus_irq 5 global_irq 5 high level)
[    0.009697] ACPI: INT_SRC_OVR (bus 0 bus_irq 9 global_irq 9 high level)
[    0.009698] ACPI: INT_SRC_OVR (bus 0 bus_irq 10 global_irq 10 high level)
[    0.009699] ACPI: INT_SRC_OVR (bus 0 bus_irq 11 global_irq 11 high level)
[    0.009701] ACPI: Using ACPI (MADT) for SMP configuration information
[    0.009703] ACPI: HPET id: 0x8086a201 base: 0xfed00000
[    0.009706] TSC deadline timer available
[    0.009706] smpboot: Allowing 1 CPUs, 0 hotplug CPUs
[    0.009722] kvm-guest: APIC: eoi() replaced with kvm_guest_apic_eoi_write()
[    0.009740] PM: hibernation: Registered nosave memory: [mem 0x00000000-0x00000fff]
[    0.009742] PM: hibernation: Registered nosave memory: [mem 0x0009f000-0x000fffff]
[    0.009743] [mem 0xc0000000-0xfed1bfff] available for PCI devices
[    0.009749] Booting paravirtualized kernel on KVM
[    0.009751] clocksource: refined-jiffies: mask: 0xffffffff max_cycles: 0xffffffff, max_idle_ns: 1910969940391419 ns
[    0.009759] setup_percpu: NR_CPUS:8192 nr_cpumask_bits:1 nr_cpu_ids:1 nr_node_ids:1
[    0.010068] percpu: Embedded 86 pages/cpu s229376 r8192 d114688 u2097152
[    0.010098] kvm-guest: PV spinlocks disabled, single CPU
[    0.010099] Kernel command line: console=ttyS0 panic=-1 no_console_suspend rdinit=/init phase3_runtime_seconds=20 phase3_url=data:text/html;base64,PCFkb2N0eXBlIGh0bWw+CjxodG1sPgogIDxib2R5IHN0eWxlPSJtYXJnaW46MDtiYWNrZ3JvdW5kOndoaXRlO2ZvbnQtZmFtaWx5OkRlamFWdSBTYW5zLCBzYW5zLXNlcmlmIj4KICAgIDxpbnB1dCBpZD0iaSIgYXV0b2ZvY3VzIHN0eWxlPSJkaXNwbGF5OmJsb2NrO3dpZHRoOjk1dnc7aGVpZ2h0OjEyMHB4O2ZvbnQtc2l6ZTo3MnB4O21hcmdpbjoyMHB4IGF1dG8iIHZhbHVlPSIiPgogICAgPGJ1dHRvbiBpZD0iYiIgb25jbGljaz0iZG9jdW1lbnQuYm9keS5zdHlsZS5iYWNrZ3JvdW5kPSdsaW1lJztkb2N1bWVudC5nZXRFbGVtZW50QnlJZCgncycpLnRleHRDb250ZW50PSdjbGlja2VkJyIgc3R5bGU9ImRpc3BsYXk6YmxvY2s7Zm9udC1zaXplOjY0cHg7bWFyZ2luOjIwcHggYXV0byI+Q0xJQ0s8L2J1dHRvbj4KICAgIDxkaXYgaWQ9InMiIHN0eWxlPSJmb250LXNpemU6NzJweDt0ZXh0LWFsaWduOmNlbnRlciI+aWRsZTwvZGl2PgogIDwvYm9keT4KPC9odG1sPgo=
[    0.010146] Unknown kernel command line parameters "phase3_runtime_seconds=20 phase3_url=data:text/html;base64,PCFkb2N0eXBlIGh0bWw+CjxodG1sPgogIDxib2R5IHN0eWxlPSJtYXJnaW46MDtiYWNrZ3JvdW5kOndoaXRlO2ZvbnQtZmFtaWx5OkRlamFWdSBTYW5zLCBzYW5zLXNlcmlmIj4KICAgIDxpbnB1dCBpZD0iaSIgYXV0b2ZvY3VzIHN0eWxlPSJkaXNwbGF5OmJsb2NrO3dpZHRoOjk1dnc7aGVpZ2h0OjEyMHB4O2ZvbnQtc2l6ZTo3MnB4O21hcmdpbjoyMHB4IGF1dG8iIHZhbHVlPSIiPgogICAgPGJ1dHRvbiBpZD0iYiIgb25jbGljaz0iZG9jdW1lbnQuYm9keS5zdHlsZS5iYWNrZ3JvdW5kPSdsaW1lJztkb2N1bWVudC5nZXRFbGVtZW50QnlJZCgncycpLnRleHRDb250ZW50PSdjbGlja2VkJyIgc3R5bGU9ImRpc3BsYXk6YmxvY2s7Zm9udC1zaXplOjY0cHg7bWFyZ2luOjIwcHggYXV0byI+Q0xJQ0s8L2J1dHRvbj4KICAgIDxkaXYgaWQ9InMiIHN0eWxlPSJmb250LXNpemU6NzJweDt0ZXh0LWFsaWduOmNlbnRlciI+aWRsZTwvZGl2PgogIDwvYm9keT4KPC9odG1sPgo=", will be passed to user space.
[    0.010189] random: crng init done
[    0.010443] Dentry cache hash table entries: 262144 (order: 9, 2097152 bytes, linear)
[    0.010508] Inode-cache hash table entries: 131072 (order: 8, 1048576 bytes, linear)
[    0.010539] Fallback order for Node 0: 0 
[    0.010541] Built 1 zonelists, mobility grouping on.  Total pages: 515806
[    0.010542] Policy zone: DMA32
[    0.010546] mem auto-init: stack:all(zero), heap alloc:on, heap free:off
[    0.013636] Memory: 1840200K/2096624K available (22528K kernel code, 4439K rwdata, 14400K rodata, 4920K init, 4788K bss, 256164K reserved, 0K cma-reserved)
[    0.014234] SLUB: HWalign=64, Order=0-3, MinObjects=0, CPUs=1, Nodes=1
[    0.014251] ftrace: allocating 58250 entries in 228 pages
[    0.021838] ftrace: allocated 228 pages with 4 groups
[    0.022570] Dynamic Preempt: voluntary
[    0.022799] rcu: Preemptible hierarchical RCU implementation.
[    0.022800] rcu: 	RCU restricting CPUs from NR_CPUS=8192 to nr_cpu_ids=1.
[    0.022801] 	Trampoline variant of Tasks RCU enabled.
[    0.022801] 	Rude variant of Tasks RCU enabled.
[    0.022802] 	Tracing variant of Tasks RCU enabled.
[    0.022802] rcu: RCU calculated value of scheduler-enlistment delay is 100 jiffies.
[    0.022803] rcu: Adjusting geometry for rcu_fanout_leaf=16, nr_cpu_ids=1
[    0.022810] RCU Tasks: Setting shift to 0 and lim to 1 rcu_task_cb_adjust=1 rcu_task_cpu_ids=1.
[    0.022812] RCU Tasks Rude: Setting shift to 0 and lim to 1 rcu_task_cb_adjust=1 rcu_task_cpu_ids=1.
[    0.022813] RCU Tasks Trace: Setting shift to 0 and lim to 1 rcu_task_cb_adjust=1 rcu_task_cpu_ids=1.
[    0.025098] NR_IRQS: 524544, nr_irqs: 256, preallocated irqs: 16
[    0.025286] rcu: srcu_init: Setting srcu_struct sizes based on contention.
[    0.031636] Console: colour VGA+ 80x25
[    0.031664] printk: legacy console [ttyS0] enabled
[    0.094444] ACPI: Core revision 20230628
[    0.094876] clocksource: hpet: mask: 0xffffffff max_cycles: 0xffffffff, max_idle_ns: 19112604467 ns
[    0.095665] APIC: Switch to symmetric I/O mode setup
[    0.096235] x2apic enabled
[    0.096687] APIC: Switched APIC routing to: physical x2apic
[    0.097920] ..TIMER: vector=0x30 apic1=0 pin1=2 apic2=-1 pin2=-1
[    0.098371] clocksource: tsc-early: mask: 0xffffffffffffffff max_cycles: 0x28680fa287f, max_idle_ns: 440795281151 ns
[    0.099187] Calibrating delay loop (skipped) preset value.. 5606.40 BogoMIPS (lpj=2803200)
[    0.100312] x86/cpu: User Mode Instruction Prevention (UMIP) activated
[    0.100920] Last level iTLB entries: 4KB 0, 2MB 0, 4MB 0
[    0.101185] Last level dTLB entries: 4KB 0, 2MB 0, 4MB 0, 1GB 0
[    0.101621] Spectre V1 : Mitigation: usercopy/swapgs barriers and __user pointer sanitization
[    0.102188] Spectre V2 : Spectre BHI mitigation: SW BHB clearing on vm exit
[    0.102679] Spectre V2 : Spectre BHI mitigation: SW BHB clearing on syscall
[    0.103184] Spectre V2 : Mitigation: Enhanced / Automatic IBRS
[    0.103571] Spectre V2 : Spectre v2 / PBRSB-eIBRS: Retire a single CALL on VMEXIT
[    0.104185] Spectre V2 : mitigation: Enabling conditional Indirect Branch Prediction Barrier
[    0.104681] Speculative Store Bypass: Mitigation: Speculative Store Bypass disabled via prctl
[    0.105191] ITS: WARNING: ITS mitigation depends on retpoline and rethunk support
[    0.105699] ITS: Vulnerable
[    0.106188] x86/fpu: Supporting XSAVE feature 0x001: 'x87 floating point registers'
[    0.106689] x86/fpu: Supporting XSAVE feature 0x002: 'SSE registers'
[    0.107066] x86/fpu: Supporting XSAVE feature 0x004: 'AVX registers'
[    0.107184] x86/fpu: Supporting XSAVE feature 0x020: 'AVX-512 opmask'
[    0.107570] x86/fpu: Supporting XSAVE feature 0x040: 'AVX-512 Hi256'
[    0.108184] x86/fpu: Supporting XSAVE feature 0x080: 'AVX-512 ZMM_Hi256'
[    0.108645] x86/fpu: Supporting XSAVE feature 0x200: 'Protection Keys User registers'
[    0.109184] x86/fpu: xstate_offset[2]:  576, xstate_sizes[2]:  256
[    0.109605] x86/fpu: xstate_offset[5]:  832, xstate_sizes[5]:   64
[    0.109972] x86/fpu: xstate_offset[6]:  896, xstate_sizes[6]:  512
[    0.110184] x86/fpu: xstate_offset[7]: 1408, xstate_sizes[7]: 1024
[    0.110554] x86/fpu: xstate_offset[9]: 2432, xstate_sizes[9]:    8
[    0.111184] x86/fpu: Enabled xstate features 0x2e7, context size is 2440 bytes, using 'compacted' format.
[    0.134605] Freeing SMP alternatives memory: 48K
[    0.135011] pid_max: default: 32768 minimum: 301
[    0.135228] LSM: initializing lsm=lockdown,capability,landlock,yama,apparmor,integrity
[    0.135781] landlock: Up and running.
[    0.136184] Yama: becoming mindful.
[    0.136453] AppArmor: AppArmor initialized
[    0.136760] Mount-cache hash table entries: 4096 (order: 3, 32768 bytes, linear)
[    0.137186] Mountpoint-cache hash table entries: 4096 (order: 3, 32768 bytes, linear)
[    0.137937] smpboot: CPU0: 11th Gen Intel(R) Core(TM) i7-1165G7 @ 2.80GHz (family: 0x6, model: 0x8c, stepping: 0x1)
[    0.138183] Performance Events: Icelake events, full-width counters, Intel PMU driver.
[    0.138706] ... version:                2
[    0.138952] ... bit width:              48
[    0.139185] ... generic registers:      8
[    0.139433] ... value mask:             0000ffffffffffff
[    0.139773] ... max period:             00007fffffffffff
[    0.140093] ... fixed-purpose events:   3
[    0.140185] ... event mask:             00000007000000ff
[    0.140604] signal: max sigframe size: 3632
[    0.140925] rcu: Hierarchical SRCU implementation.
[    0.141186] rcu: 	Max phase no-delay instances is 400.
[    0.141696] smp: Bringing up secondary CPUs ...
[    0.141976] smp: Brought up 1 node, 1 CPU
[    0.142189] smpboot: Max logical packages: 1
[    0.142484] smpboot: Total of 1 processors activated (5606.40 BogoMIPS)
[    0.143115] devtmpfs: initialized
[    0.143208] x86/mm: Memory block size: 128MB
[    0.143671] clocksource: jiffies: mask: 0xffffffff max_cycles: 0xffffffff, max_idle_ns: 1911260446275000 ns
[    0.144189] futex hash table entries: 256 (order: 2, 16384 bytes, linear)
[    0.144688] pinctrl core: initialized pinctrl subsystem
[    0.145146] PM: RTC time: 02:40:50, date: 2026-03-08
[    0.145684] NET: Registered PF_NETLINK/PF_ROUTE protocol family
[    0.146112] DMA: preallocated 256 KiB GFP_KERNEL pool for atomic allocations
[    0.146204] DMA: preallocated 256 KiB GFP_KERNEL|GFP_DMA pool for atomic allocations
[    0.146695] DMA: preallocated 256 KiB GFP_KERNEL|GFP_DMA32 pool for atomic allocations
[    0.147191] audit: initializing netlink subsys (disabled)
[    0.147664] thermal_sys: Registered thermal governor 'fair_share'
[    0.147665] thermal_sys: Registered thermal governor 'bang_bang'
[    0.148093] thermal_sys: Registered thermal governor 'step_wise'
[    0.148186] thermal_sys: Registered thermal governor 'user_space'
[    0.148596] thermal_sys: Registered thermal governor 'power_allocator'
[    0.149026] audit: type=2000 audit(1772937650.516:1): state=initialized audit_enabled=0 res=1
[    0.149767] cpuidle: using governor ladder
[    0.150049] cpuidle: using governor menu
[    0.150232] acpiphp: ACPI Hot Plug PCI Controller Driver version: 0.5
[    0.150753] PCI: ECAM [mem 0xb0000000-0xbfffffff] (base 0xb0000000) for domain 0000 [bus 00-ff]
[    0.151187] PCI: ECAM [mem 0xb0000000-0xbfffffff] reserved as E820 entry
[    0.151645] PCI: Using configuration type 1 for base access
[    0.152105] kprobes: kprobe jump-optimization is enabled. All kprobes are optimized if possible.
[    0.178761] HugeTLB: registered 1.00 GiB page size, pre-allocated 0 pages
[    0.179185] HugeTLB: 16380 KiB vmemmap can be freed for a 1.00 GiB page
[    0.179640] HugeTLB: registered 2.00 MiB page size, pre-allocated 0 pages
[    0.180086] HugeTLB: 28 KiB vmemmap can be freed for a 2.00 MiB page
[    0.180410] ACPI: Added _OSI(Module Device)
[    0.180669] ACPI: Added _OSI(Processor Device)
[    0.180940] ACPI: Added _OSI(Processor Aggregator Device)
[    0.181949] ACPI: 1 ACPI AML tables successfully acquired and loaded
[    0.182825] ACPI: _OSC evaluation for CPUs failed, trying _PDC
[    0.183259] ACPI: Interpreter enabled
[    0.183489] ACPI: PM: (supports S0 S3 S4 S5)
[    0.183824] ACPI: Using IOAPIC for interrupt routing
[    0.184213] PCI: Using host bridge windows from ACPI; if necessary, use "pci=nocrs" and report a bug
[    0.184854] PCI: Using E820 reservations for host bridge windows
[    0.185238] ACPI: Enabled 2 GPEs in block 00 to 3F
[    0.186638] ACPI: PCI Root Bridge [PCI0] (domain 0000 [bus 00-ff])
[    0.187024] acpi PNP0A08:00: _OSC: OS supports [ExtendedConfig ASPM ClockPM Segments MSI EDR HPX-Type3]
[    0.187213] acpi PNP0A08:00: _OSC: platform does not support [PCIeHotplug LTR DPC]
[    0.187727] acpi PNP0A08:00: _OSC: OS now controls [SHPCHotplug PME AER PCIeCapability]
[    0.188284] PCI host bridge to bus 0000:00
[    0.188537] pci_bus 0000:00: root bus resource [io  0x0000-0x0cf7 window]
[    0.188941] pci_bus 0000:00: root bus resource [io  0x0d00-0xffff window]
[    0.189185] pci_bus 0000:00: root bus resource [mem 0x000a0000-0x000bffff window]
[    0.189635] pci_bus 0000:00: root bus resource [mem 0x80000000-0xafffffff window]
[    0.190078] pci_bus 0000:00: root bus resource [mem 0xc0000000-0xfebfffff window]
[    0.190185] pci_bus 0000:00: root bus resource [mem 0x100000000-0x8ffffffff window]
[    0.190640] pci_bus 0000:00: root bus resource [bus 00-ff]
[    0.191019] pci 0000:00:00.0: [8086:29c0] type 00 class 0x060000 conventional PCI endpoint
[    0.191448] pci 0000:00:01.0: [1234:1111] type 00 class 0x030000 conventional PCI endpoint
[    0.192599] pci 0000:00:01.0: BAR 0 [mem 0xfd000000-0xfdffffff pref]
[    0.193079] pci 0000:00:01.0: BAR 2 [mem 0xfeb94000-0xfeb94fff]
[    0.193201] pci 0000:00:01.0: ROM [mem 0xfeb80000-0xfeb8ffff pref]
[    0.193594] pci 0000:00:01.0: Video device with shadowed ROM at [mem 0x000c0000-0x000dffff]
[    0.194261] pci 0000:00:02.0: [1af4:1000] type 00 class 0x020000 conventional PCI endpoint
[    0.195190] pci 0000:00:02.0: BAR 0 [io  0xc040-0xc05f]
[    0.195526] pci 0000:00:02.0: BAR 4 [mem 0xfe000000-0xfe003fff 64bit pref]
[    0.195955] pci 0000:00:02.0: ROM [mem 0xfeb00000-0xfeb7ffff pref]
[    0.196500] pci 0000:00:03.0: [1af4:1050] type 00 class 0x038000 conventional PCI endpoint
[    0.197570] pci 0000:00:03.0: BAR 1 [mem 0xfeb95000-0xfeb95fff]
[    0.197943] pci 0000:00:03.0: BAR 4 [mem 0xfe004000-0xfe007fff 64bit pref]
[    0.198494] pci 0000:00:04.0: [1b36:000d] type 00 class 0x0c0330 PCIe Root Complex Integrated Endpoint
[    0.199455] pci 0000:00:04.0: BAR 0 [mem 0xfeb90000-0xfeb93fff 64bit]
[    0.206315] pci 0000:00:1f.0: [8086:2918] type 00 class 0x060100 conventional PCI endpoint
[    0.207027] pci 0000:00:1f.0: quirk: [io  0x0600-0x067f] claimed by ICH6 ACPI/GPIO/TCO
[    0.207307] pci 0000:00:1f.2: [8086:2922] type 00 class 0x010601 conventional PCI endpoint
[    0.208204] pci 0000:00:1f.2: BAR 4 [io  0xc060-0xc07f]
[    0.208527] pci 0000:00:1f.2: BAR 5 [mem 0xfeb96000-0xfeb96fff]
[    0.209116] pci 0000:00:1f.3: [8086:2930] type 00 class 0x0c0500 conventional PCI endpoint
[    0.209530] pci 0000:00:1f.3: BAR 4 [io  0x0700-0x073f]
[    0.210051] ACPI: PCI: Interrupt link LNKA configured for IRQ 10
[    0.210230] ACPI: PCI: Interrupt link LNKB configured for IRQ 10
[    0.210630] ACPI: PCI: Interrupt link LNKC configured for IRQ 11
[    0.211037] ACPI: PCI: Interrupt link LNKD configured for IRQ 11
[    0.211225] ACPI: PCI: Interrupt link LNKE configured for IRQ 10
[    0.211647] ACPI: PCI: Interrupt link LNKF configured for IRQ 10
[    0.212133] ACPI: PCI: Interrupt link LNKG configured for IRQ 11
[    0.212225] ACPI: PCI: Interrupt link LNKH configured for IRQ 11
[    0.212637] ACPI: PCI: Interrupt link GSIA configured for IRQ 16
[    0.213007] ACPI: PCI: Interrupt link GSIB configured for IRQ 17
[    0.213189] ACPI: PCI: Interrupt link GSIC configured for IRQ 18
[    0.213593] ACPI: PCI: Interrupt link GSID configured for IRQ 19
[    0.213954] ACPI: PCI: Interrupt link GSIE configured for IRQ 20
[    0.214190] ACPI: PCI: Interrupt link GSIF configured for IRQ 21
[    0.214624] ACPI: PCI: Interrupt link GSIG configured for IRQ 22
[    0.215033] ACPI: PCI: Interrupt link GSIH configured for IRQ 23
[    0.215378] iommu: Default domain type: Translated
[    0.215672] iommu: DMA domain TLB invalidation policy: lazy mode
[    0.216175] SCSI subsystem initialized
[    0.216247] ACPI: bus type USB registered
[    0.216503] usbcore: registered new interface driver usbfs
[    0.216856] usbcore: registered new interface driver hub
[    0.217178] usbcore: registered new device driver usb
[    0.217196] pps_core: LinuxPPS API ver. 1 registered
[    0.217501] pps_core: Software ver. 5.3.6 - Copyright 2005-2007 Rodolfo Giometti <giometti@linux.it>
[    0.218044] PTP clock support registered
[    0.218213] EDAC MC: Ver: 3.0.0
[    0.218665] NetLabel: Initializing
[    0.218878] NetLabel:  domain hash size = 128
[    0.219141] NetLabel:  protocols = UNLABELED CIPSOv4 CALIPSO
[    0.219196] NetLabel:  unlabeled traffic allowed by default
[    0.219557] mctp: management component transport protocol core
[    0.219905] NET: Registered PF_MCTP protocol family
[    0.220189] PCI: Using ACPI for IRQ routing
[    0.308622] pci 0000:00:01.0: vgaarb: setting as boot VGA device
[    0.309041] pci 0000:00:01.0: vgaarb: bridge control possible
[    0.309183] pci 0000:00:01.0: vgaarb: VGA device added: decodes=io+mem,owns=io+mem,locks=none
[    0.309186] vgaarb: loaded
[    0.309438] hpet0: at MMIO 0xfed00000, IRQs 2, 8, 0
[    0.309737] hpet0: 3 comparators, 64-bit 100.000000 MHz counter
[    0.312206] clocksource: Switched to clocksource kvm-clock
[    0.313081] VFS: Disk quotas dquot_6.6.0
[    0.313421] VFS: Dquot-cache hash table entries: 512 (order 0, 4096 bytes)
[    0.314046] AppArmor: AppArmor Filesystem Enabled
[    0.314425] pnp: PnP ACPI init
[    0.314747] system 00:05: [mem 0xb0000000-0xbfffffff window] has been reserved
[    0.315409] pnp: PnP ACPI: found 6 devices
[    0.320854] clocksource: acpi_pm: mask: 0xffffff max_cycles: 0xffffff, max_idle_ns: 2085701024 ns
[    0.321514] NET: Registered PF_INET protocol family
[    0.322112] IP idents hash table entries: 32768 (order: 6, 262144 bytes, linear)
[    0.331869] tcp_listen_portaddr_hash hash table entries: 1024 (order: 2, 16384 bytes, linear)
[    0.332458] Table-perturb hash table entries: 65536 (order: 6, 262144 bytes, linear)
[    0.332957] TCP established hash table entries: 16384 (order: 5, 131072 bytes, linear)
[    0.333492] TCP bind hash table entries: 16384 (order: 7, 524288 bytes, linear)
[    0.333965] TCP: Hash tables configured (established 16384 bind 16384)
[    0.334410] MPTCP token hash table entries: 2048 (order: 3, 49152 bytes, linear)
[    0.334862] UDP hash table entries: 1024 (order: 3, 32768 bytes, linear)
[    0.335321] UDP-Lite hash table entries: 1024 (order: 3, 32768 bytes, linear)
[    0.335835] NET: Registered PF_UNIX/PF_LOCAL protocol family
[    0.336261] NET: Registered PF_XDP protocol family
[    0.336595] pci_bus 0000:00: resource 4 [io  0x0000-0x0cf7 window]
[    0.337025] pci_bus 0000:00: resource 5 [io  0x0d00-0xffff window]
[    0.337442] pci_bus 0000:00: resource 6 [mem 0x000a0000-0x000bffff window]
[    0.337906] pci_bus 0000:00: resource 7 [mem 0x80000000-0xafffffff window]
[    0.338336] pci_bus 0000:00: resource 8 [mem 0xc0000000-0xfebfffff window]
[    0.338747] pci_bus 0000:00: resource 9 [mem 0x100000000-0x8ffffffff window]
[    0.339366] ACPI: \_SB_.GSIE: Enabled at IRQ 20
[    0.340116] PCI: CLS 0 bytes, default 64
[    0.340454] Trying to unpack rootfs image as initramfs...
[    0.341021] clocksource: tsc: mask: 0xffffffffffffffff max_cycles: 0x28680fa287f, max_idle_ns: 440795281151 ns
[    0.344184] Initialise system trusted keyrings
[    0.344503] Key type blacklist registered
[    0.344811] workingset: timestamp_bits=36 max_order=19 bucket_order=0
[    0.345921] zbud: loaded
[    0.346268] squashfs: version 4.0 (2009/01/31) Phillip Lougher
[    0.348042] fuse: init (API version 7.39)
[    0.348365] integrity: Platform Keyring initialized
[    0.348673] integrity: Machine keyring initialized
[    0.361920] Key type asymmetric registered
[    0.362200] Asymmetric key parser 'x509' registered
[    0.362505] Block layer SCSI generic (bsg) driver version 0.4 loaded (major 243)
[    0.363923] io scheduler mq-deadline registered
[    0.364963] shpchp: Standard Hot Plug PCI Controller Driver version: 0.4
[    0.365458] input: Power Button as /devices/LNXSYSTM:00/LNXPWRBN:00/input/input0
[    0.366976] ACPI: button: Power Button [PWRF]
[    0.367491] ACPI: \_SB_.GSIG: Enabled at IRQ 22
[    0.369500] ACPI: \_SB_.GSIH: Enabled at IRQ 23
[    0.371969] Serial: 8250/16550 driver, 32 ports, IRQ sharing enabled
[    0.418068] 00:03: ttyS0 at I/O 0x3f8 (irq = 4, base_baud = 115200) is a 16550A
[    0.422004] Linux agpgart interface v0.103
[    0.422796] loop: module loaded
[    0.424050] ACPI: bus type drm_connector registered
[    0.424468] tun: Universal TUN/TAP device driver, 1.6
[    0.426403] PPP generic driver version 2.4.2
[    0.426785] i8042: PNP: PS/2 Controller [PNP0303:KBD,PNP0f13:MOU] at 0x60,0x64 irq 1,12
[    0.428349] serio: i8042 KBD port at 0x60,0x64 irq 1
[    0.428657] serio: i8042 AUX port at 0x60,0x64 irq 12
[    0.429997] mousedev: PS/2 mouse device common for all mice
[    0.431167] input: AT Translated Set 2 keyboard as /devices/platform/i8042/serio0/input/input1
[    0.431904] rtc_cmos 00:04: RTC can wake from S4
[    0.433940] rtc_cmos 00:04: registered as rtc0
[    0.434317] rtc_cmos 00:04: setting system clock to 2026-03-08T02:40:50 UTC (1772937650)
[    0.434905] rtc_cmos 00:04: alarms up to one day, y3k, 242 bytes nvram, hpet irqs
[    0.436911] i2c_dev: i2c /dev entries driver
[    0.437208] device-mapper: core: CONFIG_IMA_DISABLE_HTABLE is disabled. Duplicate IMA measurements will not be recorded in the IMA log.
[    0.438931] device-mapper: uevent: version 1.0.3
[    0.439253] device-mapper: ioctl: 4.48.0-ioctl (2023-03-01) initialised: dm-devel@redhat.com
[    0.439762] intel_pstate: CPU model not supported
[    0.440997] ledtrig-cpu: registered to indicate activity on CPUs
[    0.441415] drop_monitor: Initializing network drop monitor service
[    0.441870] NET: Registered PF_INET6 protocol family
[    1.765721] Freeing initrd memory: 165796K
[    1.766179] Segment Routing with IPv6
[    1.766438] In-situ OAM (IOAM) with IPv6
[    1.766726] NET: Registered PF_PACKET protocol family
[    1.767093] Key type dns_resolver registered
[    1.767506] IPI shorthand broadcast: enabled
[    1.768725] sched_clock: Marking stable (1697001739, 70892055)->(1779700405, -11806611)
[    1.769350] registered taskstats version 1
[    1.769675] Loading compiled-in X.509 certificates
[    1.770518] Loaded X.509 cert 'Build time autogenerated kernel key: 7f71bdefc17a4d88631555bf9efbb1c93d6f5260'
[    1.771498] Loaded X.509 cert 'Canonical Ltd. Live Patch Signing 2025 Kmod: d541cef61dc7e793b7eb7e899970a2eef0b5dc8c'
[    1.772499] Loaded X.509 cert 'Canonical Ltd. Live Patch Signing: 14df34d1a87cf37625abec039ef2bf521249b969'
[    1.773474] Loaded X.509 cert 'Canonical Ltd. Kernel Module Signing: 88f752e560a1e0737e31163a466ad7b70a850c19'
[    1.774070] blacklist: Loading compiled-in revocation X.509 certificates
[    1.774549] Loaded X.509 cert 'Canonical Ltd. Secure Boot Signing: 61482aa2830d0ab2ad5af10b7250da9033ddcef0'
[    1.775235] Loaded X.509 cert 'Canonical Ltd. Secure Boot Signing (2017): 242ade75ac4a15e50d50c84b0d45ff3eae707a03'
[    1.775926] Loaded X.509 cert 'Canonical Ltd. Secure Boot Signing (ESM 2018): 365188c1d374d6b07c3c8f240f8ef722433d6a8b'
[    1.776722] Loaded X.509 cert 'Canonical Ltd. Secure Boot Signing (2019): c0746fd6c5da3ae827864651ad66ae47fe24b3e8'
[    1.777421] Loaded X.509 cert 'Canonical Ltd. Secure Boot Signing (2021 v1): a8d54bbb3825cfb94fa13c9f8a594a195c107b8d'
[    1.778067] Loaded X.509 cert 'Canonical Ltd. Secure Boot Signing (2021 v2): 4cf046892d6fd3c9a5b03f98d845f90851dc6a8c'
[    1.778777] Loaded X.509 cert 'Canonical Ltd. Secure Boot Signing (2021 v3): 100437bb6de6e469b581e61cd66bce3ef4ed53af'
[    1.779456] Loaded X.509 cert 'Canonical Ltd. Secure Boot Signing (Ubuntu Core 2019): c1d57b8f6b743f23ee41f4f7ee292f06eecadfb9'
[    1.781851] Key type .fscrypt registered
[    1.782111] Key type fscrypt-provisioning registered
[    1.782594] Key type encrypted registered
[    1.782865] AppArmor: AppArmor sha256 policy hashing enabled
[    1.783262] ima: No TPM chip found, activating TPM-bypass!
[    1.783579] Loading compiled-in module X.509 certificates
[    1.784246] Loaded X.509 cert 'Build time autogenerated kernel key: 7f71bdefc17a4d88631555bf9efbb1c93d6f5260'
[    1.784823] ima: Allocated hash algorithm: sha256
[    1.785148] ima: No architecture policies found
[    1.785416] evm: Initialising EVM extended attributes:
[    1.785713] evm: security.selinux
[    1.785909] evm: security.SMACK64
[    1.786121] evm: security.SMACK64EXEC
[    1.786365] evm: security.SMACK64TRANSMUTE
[    1.786638] evm: security.SMACK64MMAP
[    1.786880] evm: security.apparmor
[    1.787122] evm: security.ima
[    1.787313] evm: security.capability
[    1.787520] evm: HMAC attrs: 0x1
[    1.787862] PM:   Magic number: 2:922:661
[    1.790283] RAS: Correctable Errors collector initialized.
[    1.790703] clk: Disabling unused clocks
[    1.796989] Freeing unused decrypted memory: 2028K
[    1.797653] Freeing unused kernel image (initmem) memory: 4920K
[    1.797930] Write protecting the kernel read-only data: 38912k
[    1.798518] Freeing unused kernel image (rodata/data gap) memory: 1984K
[    1.806820] x86/mm: Checked W+X mappings: passed, no W+X pages found.
[    1.807152] Run /init as init process
[init-phase3] booted
[init-phase3] loading module=/lib/modules/6.8.0-101-generic/kernel/drivers/virtio/virtio_dma_buf.ko
[init-phase3] loading module=/lib/modules/6.8.0-101-generic/kernel/drivers/gpu/drm/virtio/virtio-gpu.ko
[    1.813652] [drm] pci: virtio-gpu-pci detected at 0000:00:03.0
[    1.814002] [drm] features: -virgl +edid -resource_blob -host_visible
[    1.814010] [drm] features: -context_init
[    1.814885] [drm] number of scanouts: 1
[    1.815085] [drm] number of cap sets: 0
[    1.815474] [drm] Initialized virtio_gpu 0.1.0 0 for 0000:00:03.0 on minor 0
[    1.824301] Console: switching to colour frame buffer device 160x50
[    1.825923] virtio-pci 0000:00:03.0: [drm] fb0: virtio_gpudrmfb frame buffer device
[init-phase3] loading module=/lib/modules/6.8.0-101-generic/kernel/drivers/hid/hid.ko
[    1.831230] hid: raw HID events driver (C) Jiri Kosina
[init-phase3] loading module=/lib/modules/6.8.0-101-generic/kernel/drivers/hid/hid-generic.ko
[init-phase3] loading module=/lib/modules/6.8.0-101-generic/kernel/drivers/hid/usbhid/usbhid.ko
[    1.834165] usbcore: registered new interface driver usbhid
[    1.834427] usbhid: USB HID core driver
[init-phase3] loading module=/lib/modules/6.8.0-101-generic/kernel/drivers/hid/usbhid/usbkbd.ko
[    1.835679] usbcore: registered new interface driver usbkbd
[init-phase3] loading module=/lib/modules/6.8.0-101-generic/kernel/drivers/hid/usbhid/usbmouse.ko
[    1.837014] usbcore: registered new interface driver usbmouse
[init-phase3] loading module=/lib/modules/6.8.0-101-generic/kernel/drivers/input/mouse/psmouse.ko
[    1.840199] input: VirtualPS/2 VMware VMMouse as /devices/platform/i8042/serio1/input/input4
[    1.840765] input: VirtualPS/2 VMware VMMouse as /devices/platform/i8042/serio1/input/input3
[init-phase3] loading module=/lib/modules/6.8.0-101-generic/kernel/drivers/usb/host/xhci-pci-renesas.ko
[init-phase3] loading module=/lib/modules/6.8.0-101-generic/kernel/drivers/usb/host/xhci-pci.ko
[    1.843969] xhci_hcd 0000:00:04.0: xHCI Host Controller
[    1.844224] xhci_hcd 0000:00:04.0: new USB bus registered, assigned bus number 1
[    1.844710] xhci_hcd 0000:00:04.0: hcc params 0x00087001 hci version 0x100 quirks 0x0000000000000010
[    1.845394] xhci_hcd 0000:00:04.0: xHCI Host Controller
[    1.845605] xhci_hcd 0000:00:04.0: new USB bus registered, assigned bus number 2
[    1.845905] xhci_hcd 0000:00:04.0: Host supports USB 3.0 SuperSpeed
[    1.846259] usb usb1: New USB device found, idVendor=1d6b, idProduct=0002, bcdDevice= 6.08
[    1.846633] usb usb1: New USB device strings: Mfr=3, Product=2, SerialNumber=1
[    1.846968] usb usb1: Product: xHCI Host Controller
[    1.847197] usb usb1: Manufacturer: Linux 6.8.0-101-generic xhci-hcd
[    1.847452] usb usb1: SerialNumber: 0000:00:04.0
[    1.847698] hub 1-0:1.0: USB hub found
[    1.847866] hub 1-0:1.0: 4 ports detected
[    1.848167] usb usb2: We don't know the algorithms for LPM for this host, disabling LPM.
[    1.848542] usb usb2: New USB device found, idVendor=1d6b, idProduct=0003, bcdDevice= 6.08
[    1.848920] usb usb2: New USB device strings: Mfr=3, Product=2, SerialNumber=1
[    1.849250] usb usb2: Product: xHCI Host Controller
[    1.849449] usb usb2: Manufacturer: Linux 6.8.0-101-generic xhci-hcd
[    1.849707] usb usb2: SerialNumber: 0000:00:04.0
[    1.849932] hub 2-0:1.0: USB hub found
[    1.850114] hub 2-0:1.0: 4 ports detected
Starting systemd-udevd version 255.4-1ubuntu8.8
total 0
drwxr-xr-x    2 root     root            80 Mar  8 02:40 by-path
crw-rw----    1 root     video     226,   0 Mar  8 02:40 card0
crw-rw----    1 root     root      226, 128 Mar  8 02:40 renderD128
total 0
drwxr-xr-x    2 root     root           100 Mar  8 02:40 by-path
crw-rw----    1 root     input      13,  64 Mar  8 02:40 event0
crw-rw----    1 root     input      13,  65 Mar  8 02:40 event1
crw-rw----    1 root     input      13,  66 Mar  8 02:40 event2
crw-rw----    1 root     input      13,  67 Mar  8 02:40 event3
crw-rw----    1 root     input      13,  63 Mar  8 02:40 mice
crw-rw----    1 root     input      13,  32 Mar  8 02:40 mouse0
crw-rw----    1 root     input      13,  33 Mar  8 02:40 mouse1
[init-phase3] seatd pid=120
[init-phase3] weston pid=121
[init-phase3] wayland ready
Date: 2026-03-08 UTC
[02:40:51.955] weston 13.0.0
               https://wayland.freedesktop.org
               Bug reports to: https://gitlab.freedesktop.org/wayland/weston/issues/
               Build: 13.0.0
[02:40:51.955] Command line: /usr/bin/weston --backend=drm --renderer=pixman --shell=kiosk-shell.so --socket=wayland-1 --continue-without-input --log=/var/log/weston.log
[02:40:51.955] OS: Linux, 6.8.0-101-generic, #101-Ubuntu SMP PREEMPT_DYNAMIC Mon Feb  9 10:15:05 UTC 2026, x86_64
[02:40:51.955] Flight recorder: enabled
[02:40:51.955] Using config file '/etc/xdg/weston/weston.ini'
[02:40:51.955] Output repaint window is 7 ms maximum.
[02:40:51.955] Loading module '/usr/lib/x86_64-linux-gnu/libweston-13/drm-backend.so'
[02:40:51.956] initializing drm backend
[02:40:51.956] Trying libseat launcher...
[02:40:51.956] [libseat/libseat.c:62] Seat opened with backend 'seatd'
[02:40:51.956] [libseat/backend/seatd.c:212] Enabling seat
[02:40:51.956] libseat: session control granted
[02:40:51.957] using /dev/dri/card0
[02:40:51.957] DRM: supports atomic modesetting
[02:40:51.957] DRM: does not support GBM modifiers
[02:40:51.957] DRM: does not support async page flipping
[02:40:51.957] DRM: supports picture aspect ratio
[02:40:51.957] Using Pixman renderer
[02:40:51.958] event0  - Power Button: is tagged by udev as: Keyboard
[02:40:51.958] event0  - Power Button: device is a keyboard
[02:40:51.959] event1  - AT Translated Set 2 keyboard: is tagged by udev as: Keyboard
[02:40:51.959] event1  - AT Translated Set 2 keyboard: device is a keyboard
[02:40:51.959] event3  - VirtualPS/2 VMware VMMouse: is tagged by udev as: Mouse
[02:40:51.959] event3  - VirtualPS/2 VMware VMMouse: device is a pointer
[02:40:51.960] event2  - VirtualPS/2 VMware VMMouse: is tagged by udev as: Mouse
[02:40:51.960] event2  - VirtualPS/2 VMware VMMouse: device is a pointer
[02:40:51.962] libinput: configuring device "Power Button".
[02:40:51.962] libinput: configuring device "AT Translated Set 2 keyboard".
[02:40:51.962] libinput: configuring device "VirtualPS/2 VMware VMMouse".
[02:40:51.962] libinput: configuring device "VirtualPS/2 VMware VMMouse".
[02:40:51.962] input device event2 has no enabled output associated (none named), skipping calibration for now.
[02:40:51.963] DRM: head 'Virtual-1' found, connector 36 is connected, EDID make 'RHT', model 'QEMU Monitor', serial ''
               Supported EOTF modes: SDR
[02:40:51.963] Registered plugin API 'weston_drm_output_api_v1' of size 40
[02:40:51.963] Registered plugin API 'weston_drm_virtual_output_api_v2' of size 48
[02:40:51.963] Color manager: no-op
[02:40:51.963] Output 'Virtual-1' attempts EOTF mode: SDR
[02:40:51.963] Output 'Virtual-1' using color profile: stock sRGB color profile
[02:40:51.964] DRM: output Virtual-1 uses shadow framebuffer.
[02:40:51.964] Output Virtual-1 (crtc 35) video modes:
               1280x800@75.0, preferred, current, 107.3 MHz
               5120x2160@50.0 64:27, 742.5 MHz
               4096x2160@50.0 256:135, 594.0 MHz
               3840x2160@60.0 16:9, 594.0 MHz
               3840x2160@59.9 16:9, 593.4 MHz
               3840x2160@50.0 16:9, 594.0 MHz
               1920x1440@60.0, 234.0 MHz
               2560x1080@50.0 64:27, 185.6 MHz
               1856x1392@60.0, 218.2 MHz
               1792x1344@60.0, 204.8 MHz
               2048x1152@60.0, 162.0 MHz
               1920x1200@59.9, 193.2 MHz
               1920x1080@60.0, 148.5 MHz
               1920x1080@50.0 16:9, 148.5 MHz
               1600x1200@60.0, 162.0 MHz
               1680x1050@60.0, 146.2 MHz
               1400x1050@60.0, 121.8 MHz
               1280x1024@60.0, 108.0 MHz
               1440x900@59.9, 106.5 MHz
               1280x960@60.0, 108.0 MHz
               1360x768@60.0, 85.5 MHz
               1280x768@59.9, 79.5 MHz
               1024x768@60.0, 65.0 MHz
               800x600@60.3, 40.0 MHz
               640x480@60.0 4:3, 25.2 MHz
               640x480@59.9, 25.2 MHz
[02:40:51.964] associating input device event0 with output Virtual-1 (none by udev)
[02:40:51.964] associating input device event1 with output Virtual-1 (none by udev)
[02:40:51.964] associating input device event3 with output Virtual-1 (none by udev)
[02:40:51.964] associating input device event2 with output Virtual-1 (none by udev)
[02:40:51.964] Output 'Virtual-1' enabled with head(s) Virtual-1
[02:40:51.964] Compositor capabilities:
               arbitrary surface rotation: yes
               screen capture uses y-flip: no
               cursor planes: yes
               arbitrary resolutions: no
               view mask clipping: yes
               explicit sync: no
               color operations: no
               presentation clock: CLOCK_MONOTONIC, id 1
               presentation clock resolution: 0.000000001 s
[02:40:51.965] Loading module '/usr/lib/x86_64-linux-gnu/weston/kiosk-shell.so'
[init-phase3] launching chromium url=data:text/html;base64,PCFkb2N0eXBlIGh0bWw+CjxodG1sPgogIDxib2R5IHN0eWxlPSJtYXJnaW46MDtiYWNrZ3JvdW5kOndoaXRlO2ZvbnQtZmFtaWx5OkRlamFWdSBTYW5zLCBzYW5zLXNlcmlmIj4KICAgIDxpbnB1dCBpZD0iaSIgYXV0b2ZvY3VzIHN0eWxlPSJkaXNwbGF5OmJsb2NrO3dpZHRoOjk1dnc7aGVpZ2h0OjEyMHB4O2ZvbnQtc2l6ZTo3MnB4O21hcmdpbjoyMHB4IGF1dG8iIHZhbHVlPSIiPgogICAgPGJ1dHRvbiBpZD0iYiIgb25jbGljaz0iZG9jdW1lbnQuYm9keS5zdHlsZS5iYWNrZ3JvdW5kPSdsaW1lJztkb2N1bWVudC5nZXRFbGVtZW50QnlJZCgncycpLnRleHRDb250ZW50PSdjbGlja2VkJyIgc3R5bGU9ImRpc3BsYXk6YmxvY2s7Zm9udC1zaXplOjY0cHg7bWFyZ2luOjIwcHggYXV0byI+Q0xJQ0s8L2J1dHRvbj4KICAgIDxkaXYgaWQ9InMiIHN0eWxlPSJmb250LXNpemU6NzJweDt0ZXh0LWFsaWduOmNlbnRlciI+aWRsZTwvZGl2PgogIDwvYm9keT4KPC9odG1sPgo= runtime=20 suspend_delay= wake= pm_test= no_suspend=
[init-phase3] chromium pid=125
[    2.092916] usb 1-1: new high-speed USB device number 2 using xhci_hcd
[    2.223637] usb 1-1: New USB device found, idVendor=0627, idProduct=0001, bcdDevice= 0.00
[    2.224265] usb 1-1: New USB device strings: Mfr=1, Product=4, SerialNumber=11
[    2.224755] usb 1-1: Product: QEMU USB Keyboard
[    2.225093] usb 1-1: Manufacturer: QEMU
[    2.225366] usb 1-1: SerialNumber: 68284-0000:00:04.0-1
[    2.235608] input: QEMU QEMU USB Keyboard as /devices/pci0000:00/0000:00:04.0/usb1/1-1/1-1:1.0/0003:0627:0001.0001/input/input5
[    2.311418] hid-generic 0003:0627:0001.0001: input,hidraw0: USB HID v1.11 Keyboard [QEMU QEMU USB Keyboard] on usb-0000:00:04.0-1/input0
[    2.434930] usb 1-2: new high-speed USB device number 3 using xhci_hcd
[    2.561703] usb 1-2: New USB device found, idVendor=0627, idProduct=0001, bcdDevice= 0.00
[    2.562974] usb 1-2: New USB device strings: Mfr=1, Product=3, SerialNumber=10
[    2.564052] usb 1-2: Product: QEMU USB Tablet
[    2.564731] usb 1-2: Manufacturer: QEMU
[    2.565326] usb 1-2: SerialNumber: 28754-0000:00:04.0-2
[    2.568530] input: QEMU QEMU USB Tablet as /devices/pci0000:00/0000:00:04.0/usb1/1-2/1-2:1.0/0003:0627:0001.0002/input/input6
[    2.570627] hid-generic 0003:0627:0001.0002: input,hidraw1: USB HID v0.01 Mouse [QEMU QEMU USB Tablet] on usb-0000:00:04.0-2/input0
MESA-LOADER: failed to open dri: /usr/lib/x86_64-linux-gnu/gbm/dri_gbm.so: cannot open shared object file: No such file or directory (search paths /usr/lib/x86_64-linux-gnu/gbm, suffix _gbm)
[125:143:0308/024052.147933:ERROR:dbus/bus.cc:405] Failed to connect to the bus: Failed to connect to socket /run/dbus/system_bus_socket: No such file or directory
[125:143:0308/024052.154041:ERROR:dbus/bus.cc:405] Failed to connect to the bus: Could not parse server address: Unknown address type (examples of valid types are "tcp" and on UNIX "unix")
[125:143:0308/024052.154070:ERROR:dbus/bus.cc:405] Failed to connect to the bus: Failed to connect to socket /run/dbus/system_bus_socket: No such file or directory
[125:143:0308/024052.154082:ERROR:dbus/bus.cc:405] Failed to connect to the bus: Failed to connect to socket /run/dbus/system_bus_socket: No such file or directory
MESA-LOADER: failed to open dri: /usr/lib/x86_64-linux-gnu/gbm/dri_gbm.so: cannot open shared object file: No such file or directory (search paths /usr/lib/x86_64-linux-gnu/gbm, suffix _gbm)
[157:157:0308/024052.163890:ERROR:media/gpu/vaapi/vaapi_wrapper.cc:1626] vaInitialize failed: unknown libva error
[125:143:0308/024052.187338:ERROR:dbus/bus.cc:405] Failed to connect to the bus: Could not parse server address: Unknown address type (examples of valid types are "tcp" and on UNIX "unix")

(process:125): GLib-GIO-CRITICAL **: 02:40:52.199: g_settings_schema_source_lookup: assertion 'source != NULL' failed
[125:143:0308/024052.204664:ERROR:dbus/bus.cc:405] Failed to connect to the bus: Could not parse server address: Unknown address type (examples of valid types are "tcp" and on UNIX "unix")
[125:143:0308/024052.204730:ERROR:dbus/bus.cc:405] Failed to connect to the bus: Could not parse server address: Unknown address type (examples of valid types are "tcp" and on UNIX "unix")
[125:125:0308/024052.280052:ERROR:dbus/object_proxy.cc:572] Failed to call method: org.freedesktop.DBus.NameHasOwner: object_path= /org/freedesktop/DBus: unknown error type: 
[125:143:0308/024052.280328:ERROR:dbus/bus.cc:405] Failed to connect to the bus: Could not parse server address: Unknown address type (examples of valid types are "tcp" and on UNIX "unix")
[125:125:0308/024052.292089:ERROR:dbus/object_proxy.cc:572] Failed to call method: org.freedesktop.DBus.NameHasOwner: object_path= /org/freedesktop/DBus: unknown error type: 
[125:125:0308/024052.300368:ERROR:dbus/object_proxy.cc:572] Failed to call method: org.freedesktop.DBus.NameHasOwner: object_path= /org/freedesktop/DBus: unknown error type: 
[125:125:0308/024052.302202:ERROR:dbus/object_proxy.cc:572] Failed to call method: org.freedesktop.DBus.NameHasOwner: object_path= /org/freedesktop/DBus: unknown error type: 
[125:143:0308/024052.304679:ERROR:dbus/bus.cc:405] Failed to connect to the bus: Could not parse server address: Unknown address type (examples of valid types are "tcp" and on UNIX "unix")
[125:143:0308/024052.311506:ERROR:dbus/bus.cc:405] Failed to connect to the bus: Failed to connect to socket /run/dbus/system_bus_socket: No such file or directory
[125:143:0308/024052.311641:ERROR:dbus/bus.cc:405] Failed to connect to the bus: Failed to connect to socket /run/dbus/system_bus_socket: No such file or directory
[125:125:0308/024052.311710:ERROR:dbus/object_proxy.cc:572] Failed to call method: org.freedesktop.DBus.NameHasOwner: object_path= /org/freedesktop/DBus: unknown error type: 
[125:125:0308/024052.318945:ERROR:dbus/object_proxy.cc:572] Failed to call method: org.freedesktop.DBus.NameHasOwner: object_path= /org/freedesktop/DBus: unknown error type: 
[125:143:0308/024052.319002:ERROR:dbus/bus.cc:405] Failed to connect to the bus: Could not parse server address: Unknown address type (examples of valid types are "tcp" and on UNIX "unix")
[125:125:0308/024052.319397:ERROR:dbus/object_proxy.cc:572] Failed to call method: org.freedesktop.DBus.Properties.GetAll: object_path= /org/freedesktop/UPower/devices/DisplayDevice: unknown error type: 
[125:125:0308/024052.325215:ERROR:dbus/object_proxy.cc:572] Failed to call method: org.freedesktop.DBus.NameHasOwner: object_path= /org/freedesktop/DBus: unknown error type: 
[125:143:0308/024052.325269:ERROR:dbus/bus.cc:405] Failed to connect to the bus: Could not parse server address: Unknown address type (examples of valid types are "tcp" and on UNIX "unix")
[125:125:0308/024052.328001:ERROR:dbus/object_proxy.cc:572] Failed to call method: org.freedesktop.DBus.NameHasOwner: object_path= /org/freedesktop/DBus: unknown error type: 
[125:143:0308/024052.329614:ERROR:dbus/bus.cc:405] Failed to connect to the bus: Could not parse server address: Unknown address type (examples of valid types are "tcp" and on UNIX "unix")
[125:125:0308/024052.335850:ERROR:dbus/object_proxy.cc:572] Failed to call method: org.freedesktop.DBus.NameHasOwner: object_path= /org/freedesktop/DBus: unknown error type: 
[init-phase3] runtime limit reached, terminating chromium
[init-phase3] chromium exited
[   22.061274] ACPI: PM: Preparing to enter system sleep state S5
[   22.061596] reboot: Power down
