[    0.000000] Linux version 6.8.0-101-generic (buildd@lcy02-amd64-051) (x86_64-linux-gnu-gcc-13 (Ubuntu 13.3.0-6ubuntu2~24.04) 13.3.0, GNU ld (GNU Binutils for Ubuntu) 2.42) #101-Ubuntu SMP PREEMPT_DYNAMIC Mon Feb  9 10:15:05 UTC 2026 (Ubuntu 6.8.0-101.101-generic 6.8.12)
[    0.000000] Command line: console=ttyS0 panic=-1 no_console_suspend rdinit=/init
[    0.000000] KERNEL supported cpus:
[    0.000000]   Intel GenuineIntel
[    0.000000]   AMD AuthenticAMD
[    0.000000]   Hygon HygonGenuine
[    0.000000]   Centaur CentaurHauls
[    0.000000]   zhaoxin   Shanghai  
[    0.000000] BIOS-provided physical RAM map:
[    0.000000] BIOS-e820: [mem 0x0000000000000000-0x000000000009fbff] usable
[    0.000000] BIOS-e820: [mem 0x000000000009fc00-0x000000000009ffff] reserved
[    0.000000] BIOS-e820: [mem 0x00000000000f0000-0x00000000000fffff] reserved
[    0.000000] BIOS-e820: [mem 0x0000000000100000-0x000000003ffddfff] usable
[    0.000000] BIOS-e820: [mem 0x000000003ffde000-0x000000003fffffff] reserved
[    0.000000] BIOS-e820: [mem 0x00000000b0000000-0x00000000bfffffff] reserved
[    0.000000] BIOS-e820: [mem 0x00000000fed1c000-0x00000000fed1ffff] reserved
[    0.000000] BIOS-e820: [mem 0x00000000feffc000-0x00000000feffffff] reserved
[    0.000000] BIOS-e820: [mem 0x00000000fffc0000-0x00000000ffffffff] reserved
[    0.000000] NX (Execute Disable) protection: active
[    0.000000] APIC: Static calls initialized
[    0.000000] SMBIOS 3.0.0 present.
[    0.000000] DMI: QEMU Standard PC (Q35 + ICH9, 2009), BIOS 1.16.3-debian-1.16.3-2 04/01/2014
[    0.000000] Hypervisor detected: KVM
[    0.000000] kvm-clock: Using msrs 4b564d01 and 4b564d00
[    0.000000] kvm-clock: using sched offset of 288829097 cycles
[    0.000002] clocksource: kvm-clock: mask: 0xffffffffffffffff max_cycles: 0x1cd42e4dffb, max_idle_ns: 881590591483 ns
[    0.000005] tsc: Detected 2803.200 MHz processor
[    0.000906] last_pfn = 0x3ffde max_arch_pfn = 0x400000000
[    0.000953] MTRR map: 4 entries (3 fixed + 1 variable; max 19), built from 8 variable MTRRs
[    0.000957] x86/PAT: Configuration [0-7]: WB  WC  UC- UC  WB  WP  UC- WT  
[    0.006137] found SMP MP-table at [mem 0x000f5470-0x000f547f]
[    0.006154] Using GB pages for direct mapping
[    0.006229] RAMDISK: [mem 0x3f219000-0x3ffcffff]
[    0.006239] ACPI: Early table checksum verification disabled
[    0.006243] ACPI: RSDP 0x00000000000F52B0 000014 (v00 BOCHS )
[    0.006249] ACPI: RSDT 0x000000003FFE2304 000038 (v01 BOCHS  BXPC     00000001 BXPC 00000001)
[    0.006254] ACPI: FACP 0x000000003FFE20FC 0000F4 (v03 BOCHS  BXPC     00000001 BXPC 00000001)
[    0.006259] ACPI: DSDT 0x000000003FFE0040 0020BC (v01 BOCHS  BXPC     00000001 BXPC 00000001)
[    0.006263] ACPI: FACS 0x000000003FFE0000 000040
[    0.006266] ACPI: APIC 0x000000003FFE21F0 000078 (v03 BOCHS  BXPC     00000001 BXPC 00000001)
[    0.006269] ACPI: HPET 0x000000003FFE2268 000038 (v01 BOCHS  BXPC     00000001 BXPC 00000001)
[    0.006271] ACPI: MCFG 0x000000003FFE22A0 00003C (v01 BOCHS  BXPC     00000001 BXPC 00000001)
[    0.006274] ACPI: WAET 0x000000003FFE22DC 000028 (v01 BOCHS  BXPC     00000001 BXPC 00000001)
[    0.006276] ACPI: Reserving FACP table memory at [mem 0x3ffe20fc-0x3ffe21ef]
[    0.006278] ACPI: Reserving DSDT table memory at [mem 0x3ffe0040-0x3ffe20fb]
[    0.006279] ACPI: Reserving FACS table memory at [mem 0x3ffe0000-0x3ffe003f]
[    0.006279] ACPI: Reserving APIC table memory at [mem 0x3ffe21f0-0x3ffe2267]
[    0.006280] ACPI: Reserving HPET table memory at [mem 0x3ffe2268-0x3ffe229f]
[    0.006281] ACPI: Reserving MCFG table memory at [mem 0x3ffe22a0-0x3ffe22db]
[    0.006281] ACPI: Reserving WAET table memory at [mem 0x3ffe22dc-0x3ffe2303]
[    0.006569] No NUMA configuration found
[    0.006570] Faking a node at [mem 0x0000000000000000-0x000000003ffddfff]
[    0.006576] NODE_DATA(0) allocated [mem 0x3f1ee000-0x3f218fff]
[    0.006974] Zone ranges:
[    0.006976]   DMA      [mem 0x0000000000001000-0x0000000000ffffff]
[    0.006978]   DMA32    [mem 0x0000000001000000-0x000000003ffddfff]
[    0.006979]   Normal   empty
[    0.006980]   Device   empty
[    0.006981] Movable zone start for each node
[    0.006982] Early memory node ranges
[    0.006983]   node   0: [mem 0x0000000000001000-0x000000000009efff]
[    0.006984]   node   0: [mem 0x0000000000100000-0x000000003ffddfff]
[    0.006986] Initmem setup node 0 [mem 0x0000000000001000-0x000000003ffddfff]
[    0.007280] On node 0, zone DMA: 1 pages in unavailable ranges
[    0.007292] On node 0, zone DMA: 97 pages in unavailable ranges
[    0.009853] On node 0, zone DMA32: 34 pages in unavailable ranges
[    0.010143] ACPI: PM-Timer IO Port: 0x608
[    0.010157] ACPI: LAPIC_NMI (acpi_id[0xff] dfl dfl lint[0x1])
[    0.010191] IOAPIC[0]: apic_id 0, version 17, address 0xfec00000, GSI 0-23
[    0.010194] ACPI: INT_SRC_OVR (bus 0 bus_irq 0 global_irq 2 dfl dfl)
[    0.010195] ACPI: INT_SRC_OVR (bus 0 bus_irq 5 global_irq 5 high level)
[    0.010197] ACPI: INT_SRC_OVR (bus 0 bus_irq 9 global_irq 9 high level)
[    0.010198] ACPI: INT_SRC_OVR (bus 0 bus_irq 10 global_irq 10 high level)
[    0.010199] ACPI: INT_SRC_OVR (bus 0 bus_irq 11 global_irq 11 high level)
[    0.010202] ACPI: Using ACPI (MADT) for SMP configuration information
[    0.010204] ACPI: HPET id: 0x8086a201 base: 0xfed00000
[    0.010208] TSC deadline timer available
[    0.010208] smpboot: Allowing 1 CPUs, 0 hotplug CPUs
[    0.010229] kvm-guest: APIC: eoi() replaced with kvm_guest_apic_eoi_write()
[    0.010256] PM: hibernation: Registered nosave memory: [mem 0x00000000-0x00000fff]
[    0.010257] PM: hibernation: Registered nosave memory: [mem 0x0009f000-0x000fffff]
[    0.010259] [mem 0x40000000-0xafffffff] available for PCI devices
[    0.010260] Booting paravirtualized kernel on KVM
[    0.010262] clocksource: refined-jiffies: mask: 0xffffffff max_cycles: 0xffffffff, max_idle_ns: 1910969940391419 ns
[    0.010268] setup_percpu: NR_CPUS:8192 nr_cpumask_bits:1 nr_cpu_ids:1 nr_node_ids:1
[    0.010603] percpu: Embedded 86 pages/cpu s229376 r8192 d114688 u2097152
[    0.010642] kvm-guest: PV spinlocks disabled, single CPU
[    0.010643] Kernel command line: console=ttyS0 panic=-1 no_console_suspend rdinit=/init
[    0.010717] random: crng init done
[    0.010781] Dentry cache hash table entries: 131072 (order: 8, 1048576 bytes, linear)
[    0.010815] Inode-cache hash table entries: 65536 (order: 7, 524288 bytes, linear)
[    0.010852] Fallback order for Node 0: 0 
[    0.010855] Built 1 zonelists, mobility grouping on.  Total pages: 257758
[    0.010856] Policy zone: DMA32
[    0.010861] mem auto-init: stack:all(zero), heap alloc:on, heap free:off
[    0.012718] Memory: 961300K/1048048K available (22528K kernel code, 4439K rwdata, 14400K rodata, 4920K init, 4788K bss, 86488K reserved, 0K cma-reserved)
[    0.013497] SLUB: HWalign=64, Order=0-3, MinObjects=0, CPUs=1, Nodes=1
[    0.013519] ftrace: allocating 58250 entries in 228 pages
[    0.022840] ftrace: allocated 228 pages with 4 groups
[    0.023742] Dynamic Preempt: voluntary
[    0.024013] rcu: Preemptible hierarchical RCU implementation.
[    0.024014] rcu: 	RCU restricting CPUs from NR_CPUS=8192 to nr_cpu_ids=1.
[    0.024015] 	Trampoline variant of Tasks RCU enabled.
[    0.024016] 	Rude variant of Tasks RCU enabled.
[    0.024016] 	Tracing variant of Tasks RCU enabled.
[    0.024017] rcu: RCU calculated value of scheduler-enlistment delay is 100 jiffies.
[    0.024018] rcu: Adjusting geometry for rcu_fanout_leaf=16, nr_cpu_ids=1
[    0.024026] RCU Tasks: Setting shift to 0 and lim to 1 rcu_task_cb_adjust=1 rcu_task_cpu_ids=1.
[    0.024027] RCU Tasks Rude: Setting shift to 0 and lim to 1 rcu_task_cb_adjust=1 rcu_task_cpu_ids=1.
[    0.024029] RCU Tasks Trace: Setting shift to 0 and lim to 1 rcu_task_cb_adjust=1 rcu_task_cpu_ids=1.
[    0.027173] NR_IRQS: 524544, nr_irqs: 256, preallocated irqs: 16
[    0.027380] rcu: srcu_init: Setting srcu_struct sizes based on contention.
[    0.035787] Console: colour VGA+ 80x25
[    0.035831] printk: legacy console [ttyS0] enabled
[    0.101020] ACPI: Core revision 20230628
[    0.101497] clocksource: hpet: mask: 0xffffffff max_cycles: 0xffffffff, max_idle_ns: 19112604467 ns
[    0.102371] APIC: Switch to symmetric I/O mode setup
[    0.103019] x2apic enabled
[    0.103546] APIC: Switched APIC routing to: physical x2apic
[    0.104996] ..TIMER: vector=0x30 apic1=0 pin1=2 apic2=-1 pin2=-1
[    0.105572] clocksource: tsc-early: mask: 0xffffffffffffffff max_cycles: 0x28680fa287f, max_idle_ns: 440795281151 ns
[    0.106675] Calibrating delay loop (skipped) preset value.. 5606.40 BogoMIPS (lpj=2803200)
[    0.107819] x86/cpu: User Mode Instruction Prevention (UMIP) activated
[    0.108513] Last level iTLB entries: 4KB 0, 2MB 0, 4MB 0
[    0.108670] Last level dTLB entries: 4KB 0, 2MB 0, 4MB 0, 1GB 0
[    0.109198] Spectre V1 : Mitigation: usercopy/swapgs barriers and __user pointer sanitization
[    0.109673] Spectre V2 : Spectre BHI mitigation: SW BHB clearing on vm exit
[    0.110670] Spectre V2 : Spectre BHI mitigation: SW BHB clearing on syscall
[    0.111226] Spectre V2 : Mitigation: Enhanced / Automatic IBRS
[    0.111670] Spectre V2 : Spectre v2 / PBRSB-eIBRS: Retire a single CALL on VMEXIT
[    0.112282] Spectre V2 : mitigation: Enabling conditional Indirect Branch Prediction Barrier
[    0.112671] Speculative Store Bypass: Mitigation: Speculative Store Bypass disabled via prctl
[    0.113673] ITS: WARNING: ITS mitigation depends on retpoline and rethunk support
[    0.114670] ITS: Vulnerable
[    0.114936] x86/fpu: Supporting XSAVE feature 0x001: 'x87 floating point registers'
[    0.115670] x86/fpu: Supporting XSAVE feature 0x002: 'SSE registers'
[    0.116197] x86/fpu: Supporting XSAVE feature 0x004: 'AVX registers'
[    0.116670] x86/fpu: Supporting XSAVE feature 0x020: 'AVX-512 opmask'
[    0.117204] x86/fpu: Supporting XSAVE feature 0x040: 'AVX-512 Hi256'
[    0.117670] x86/fpu: Supporting XSAVE feature 0x080: 'AVX-512 ZMM_Hi256'
[    0.118228] x86/fpu: Supporting XSAVE feature 0x200: 'Protection Keys User registers'
[    0.118670] x86/fpu: xstate_offset[2]:  576, xstate_sizes[2]:  256
[    0.119670] x86/fpu: xstate_offset[5]:  832, xstate_sizes[5]:   64
[    0.120183] x86/fpu: xstate_offset[6]:  896, xstate_sizes[6]:  512
[    0.120670] x86/fpu: xstate_offset[7]: 1408, xstate_sizes[7]: 1024
[    0.121376] x86/fpu: xstate_offset[9]: 2432, xstate_sizes[9]:    8
[    0.121672] x86/fpu: Enabled xstate features 0x2e7, context size is 2440 bytes, using 'compacted' format.
[    0.151757] Freeing SMP alternatives memory: 48K
[    0.152172] pid_max: default: 32768 minimum: 301
[    0.152607] LSM: initializing lsm=lockdown,capability,landlock,yama,apparmor,integrity
[    0.152683] landlock: Up and running.
[    0.152989] Yama: becoming mindful.
[    0.153695] AppArmor: AppArmor initialized
[    0.154072] Mount-cache hash table entries: 2048 (order: 2, 16384 bytes, linear)
[    0.154671] Mountpoint-cache hash table entries: 2048 (order: 2, 16384 bytes, linear)
[    0.155880] smpboot: CPU0: 11th Gen Intel(R) Core(TM) i7-1165G7 @ 2.80GHz (family: 0x6, model: 0x8c, stepping: 0x1)
[    0.157064] Performance Events: Icelake events, full-width counters, Intel PMU driver.
[    0.157675] ... version:                2
[    0.158011] ... bit width:              48
[    0.158358] ... generic registers:      8
[    0.158671] ... value mask:             0000ffffffffffff
[    0.159111] ... max period:             00007fffffffffff
[    0.159554] ... fixed-purpose events:   3
[    0.159671] ... event mask:             00000007000000ff
[    0.160195] signal: max sigframe size: 3632
[    0.160570] rcu: Hierarchical SRCU implementation.
[    0.160672] rcu: 	Max phase no-delay instances is 400.
[    0.161357] smp: Bringing up secondary CPUs ...
[    0.161686] smp: Brought up 1 node, 1 CPU
[    0.162024] smpboot: Max logical packages: 1
[    0.162408] smpboot: Total of 1 processors activated (5606.40 BogoMIPS)
[    0.162940] devtmpfs: initialized
[    0.163281] x86/mm: Memory block size: 128MB
[    0.163917] clocksource: jiffies: mask: 0xffffffff max_cycles: 0xffffffff, max_idle_ns: 1911260446275000 ns
[    0.164676] futex hash table entries: 256 (order: 2, 16384 bytes, linear)
[    0.165303] pinctrl core: initialized pinctrl subsystem
[    0.165789] PM: RTC time: 22:01:29, date: 2026-03-07
[    0.166827] NET: Registered PF_NETLINK/PF_ROUTE protocol family
[    0.167411] DMA: preallocated 128 KiB GFP_KERNEL pool for atomic allocations
[    0.167682] DMA: preallocated 128 KiB GFP_KERNEL|GFP_DMA pool for atomic allocations
[    0.168343] DMA: preallocated 128 KiB GFP_KERNEL|GFP_DMA32 pool for atomic allocations
[    0.168694] audit: initializing netlink subsys (disabled)
[    0.169230] audit: type=2000 audit(1772920889.558:1): state=initialized audit_enabled=0 res=1
[    0.169772] thermal_sys: Registered thermal governor 'fair_share'
[    0.169773] thermal_sys: Registered thermal governor 'bang_bang'
[    0.170283] thermal_sys: Registered thermal governor 'step_wise'
[    0.170672] thermal_sys: Registered thermal governor 'user_space'
[    0.171174] thermal_sys: Registered thermal governor 'power_allocator'
[    0.171680] cpuidle: using governor ladder
[    0.172569] cpuidle: using governor menu
[    0.172719] acpiphp: ACPI Hot Plug PCI Controller Driver version: 0.5
[    0.173391] PCI: ECAM [mem 0xb0000000-0xbfffffff] (base 0xb0000000) for domain 0000 [bus 00-ff]
[    0.173679] PCI: ECAM [mem 0xb0000000-0xbfffffff] reserved as E820 entry
[    0.174360] PCI: Using configuration type 1 for base access
[    0.174774] kprobes: kprobe jump-optimization is enabled. All kprobes are optimized if possible.
[    0.210840] HugeTLB: registered 1.00 GiB page size, pre-allocated 0 pages
[    0.211453] HugeTLB: 16380 KiB vmemmap can be freed for a 1.00 GiB page
[    0.211672] HugeTLB: registered 2.00 MiB page size, pre-allocated 0 pages
[    0.212236] HugeTLB: 28 KiB vmemmap can be freed for a 2.00 MiB page
[    0.214313] ACPI: Added _OSI(Module Device)
[    0.214672] ACPI: Added _OSI(Processor Device)
[    0.215043] ACPI: Added _OSI(Processor Aggregator Device)
[    0.216734] ACPI: 1 ACPI AML tables successfully acquired and loaded
[    0.218195] ACPI: _OSC evaluation for CPUs failed, trying _PDC
[    0.218816] ACPI: Interpreter enabled
[    0.219194] ACPI: PM: (supports S0 S3 S4 S5)
[    0.219575] ACPI: Using IOAPIC for interrupt routing
[    0.219752] PCI: Using host bridge windows from ACPI; if necessary, use "pci=nocrs" and report a bug
[    0.220560] PCI: Using E820 reservations for host bridge windows
[    0.220757] ACPI: Enabled 2 GPEs in block 00 to 3F
[    0.222947] ACPI: PCI Root Bridge [PCI0] (domain 0000 [bus 00-ff])
[    0.223520] acpi PNP0A08:00: _OSC: OS supports [ExtendedConfig ASPM ClockPM Segments MSI EDR HPX-Type3]
[    0.223714] acpi PNP0A08:00: _OSC: platform does not support [PCIeHotplug LTR DPC]
[    0.224423] acpi PNP0A08:00: _OSC: OS now controls [SHPCHotplug PME AER PCIeCapability]
[    0.224789] PCI host bridge to bus 0000:00
[    0.225132] pci_bus 0000:00: root bus resource [io  0x0000-0x0cf7 window]
[    0.225672] pci_bus 0000:00: root bus resource [io  0x0d00-0xffff window]
[    0.226240] pci_bus 0000:00: root bus resource [mem 0x000a0000-0x000bffff window]
[    0.226671] pci_bus 0000:00: root bus resource [mem 0x40000000-0xafffffff window]
[    0.227492] pci_bus 0000:00: root bus resource [mem 0xc0000000-0xfebfffff window]
[    0.227674] pci_bus 0000:00: root bus resource [mem 0x100000000-0x8ffffffff window]
[    0.228353] pci_bus 0000:00: root bus resource [bus 00-ff]
[    0.228737] pci 0000:00:00.0: [8086:29c0] type 00 class 0x060000 conventional PCI endpoint
[    0.229844] pci 0000:00:01.0: [1af4:1000] type 00 class 0x020000 conventional PCI endpoint
[    0.231169] pci 0000:00:01.0: BAR 0 [io  0xc040-0xc05f]
[    0.231646] pci 0000:00:01.0: BAR 4 [mem 0xfe800000-0xfe803fff 64bit pref]
[    0.231680] pci 0000:00:01.0: ROM [mem 0xfeb00000-0xfeb7ffff pref]
[    0.232832] pci 0000:00:02.0: [1af4:1050] type 00 class 0x030000 conventional PCI endpoint
[    0.234381] pci 0000:00:02.0: BAR 0 [mem 0xfe000000-0xfe7fffff pref]
[    0.234688] pci 0000:00:02.0: BAR 2 [mem 0xfe804000-0xfe807fff 64bit pref]
[    0.235280] pci 0000:00:02.0: BAR 4 [mem 0xfeb94000-0xfeb94fff]
[    0.235682] pci 0000:00:02.0: ROM [mem 0xfeb80000-0xfeb8ffff pref]
[    0.236246] pci 0000:00:02.0: Video device with shadowed ROM at [mem 0x000c0000-0x000dffff]
[    0.237131] pci 0000:00:03.0: [1b36:000d] type 00 class 0x0c0330 PCIe Root Complex Integrated Endpoint
[    0.238238] pci 0000:00:03.0: BAR 0 [mem 0xfeb90000-0xfeb93fff 64bit]
[    0.247613] pci 0000:00:1f.0: [8086:2918] type 00 class 0x060100 conventional PCI endpoint
[    0.247932] pci 0000:00:1f.0: quirk: [io  0x0600-0x067f] claimed by ICH6 ACPI/GPIO/TCO
[    0.248792] pci 0000:00:1f.2: [8086:2922] type 00 class 0x010601 conventional PCI endpoint
[    0.250081] pci 0000:00:1f.2: BAR 4 [io  0xc060-0xc07f]
[    0.250682] pci 0000:00:1f.2: BAR 5 [mem 0xfeb95000-0xfeb95fff]
[    0.251465] pci 0000:00:1f.3: [8086:2930] type 00 class 0x0c0500 conventional PCI endpoint
[    0.252184] pci 0000:00:1f.3: BAR 4 [io  0x0700-0x073f]
[    0.252935] ACPI: PCI: Interrupt link LNKA configured for IRQ 10
[    0.253497] ACPI: PCI: Interrupt link LNKB configured for IRQ 10
[    0.253730] ACPI: PCI: Interrupt link LNKC configured for IRQ 11
[    0.254318] ACPI: PCI: Interrupt link LNKD configured for IRQ 11
[    0.254729] ACPI: PCI: Interrupt link LNKE configured for IRQ 10
[    0.255297] ACPI: PCI: Interrupt link LNKF configured for IRQ 10
[    0.255735] ACPI: PCI: Interrupt link LNKG configured for IRQ 11
[    0.256504] ACPI: PCI: Interrupt link LNKH configured for IRQ 11
[    0.256697] ACPI: PCI: Interrupt link GSIA configured for IRQ 16
[    0.257201] ACPI: PCI: Interrupt link GSIB configured for IRQ 17
[    0.257681] ACPI: PCI: Interrupt link GSIC configured for IRQ 18
[    0.258187] ACPI: PCI: Interrupt link GSID configured for IRQ 19
[    0.258679] ACPI: PCI: Interrupt link GSIE configured for IRQ 20
[    0.259181] ACPI: PCI: Interrupt link GSIF configured for IRQ 21
[    0.259679] ACPI: PCI: Interrupt link GSIG configured for IRQ 22
[    0.260183] ACPI: PCI: Interrupt link GSIH configured for IRQ 23
[    0.260968] iommu: Default domain type: Translated
[    0.261384] iommu: DMA domain TLB invalidation policy: lazy mode
[    0.261805] SCSI subsystem initialized
[    0.262182] ACPI: bus type USB registered
[    0.262559] usbcore: registered new interface driver usbfs
[    0.262690] usbcore: registered new interface driver hub
[    0.263152] usbcore: registered new device driver usb
[    0.263593] pps_core: LinuxPPS API ver. 1 registered
[    0.263672] pps_core: Software ver. 5.3.6 - Copyright 2005-2007 Rodolfo Giometti <giometti@linux.it>
[    0.264431] PTP clock support registered
[    0.264725] EDAC MC: Ver: 3.0.0
[    0.265328] NetLabel: Initializing
[    0.265627] NetLabel:  domain hash size = 128
[    0.265672] NetLabel:  protocols = UNLABELED CIPSOv4 CALIPSO
[    0.266183] NetLabel:  unlabeled traffic allowed by default
[    0.266688] mctp: management component transport protocol core
[    0.267180] NET: Registered PF_MCTP protocol family
[    0.267598] PCI: Using ACPI for IRQ routing
[    0.384991] pci 0000:00:02.0: vgaarb: setting as boot VGA device
[    0.385504] pci 0000:00:02.0: vgaarb: bridge control possible
[    0.385669] pci 0000:00:02.0: vgaarb: VGA device added: decodes=io+mem,owns=io+mem,locks=none
[    0.385672] vgaarb: loaded
[    0.385978] hpet0: at MMIO 0xfed00000, IRQs 2, 8, 0
[    0.386380] hpet0: 3 comparators, 64-bit 100.000000 MHz counter
[    0.391708] clocksource: Switched to clocksource kvm-clock
[    0.392641] VFS: Disk quotas dquot_6.6.0
[    0.392969] VFS: Dquot-cache hash table entries: 512 (order 0, 4096 bytes)
[    0.393625] AppArmor: AppArmor Filesystem Enabled
[    0.394027] pnp: PnP ACPI init
[    0.394412] system 00:05: [mem 0xb0000000-0xbfffffff window] has been reserved
[    0.395206] pnp: PnP ACPI: found 6 devices
[    0.401018] clocksource: acpi_pm: mask: 0xffffff max_cycles: 0xffffff, max_idle_ns: 2085701024 ns
[    0.401828] NET: Registered PF_INET protocol family
[    0.402329] IP idents hash table entries: 16384 (order: 5, 131072 bytes, linear)
[    0.415216] tcp_listen_portaddr_hash hash table entries: 512 (order: 1, 8192 bytes, linear)
[    0.416009] Table-perturb hash table entries: 65536 (order: 6, 262144 bytes, linear)
[    0.416879] TCP established hash table entries: 8192 (order: 4, 65536 bytes, linear)
[    0.417568] TCP bind hash table entries: 8192 (order: 6, 262144 bytes, linear)
[    0.418434] TCP: Hash tables configured (established 8192 bind 8192)
[    0.419258] MPTCP token hash table entries: 1024 (order: 2, 24576 bytes, linear)
[    0.420188] UDP hash table entries: 512 (order: 2, 16384 bytes, linear)
[    0.421031] UDP-Lite hash table entries: 512 (order: 2, 16384 bytes, linear)
[    0.421926] NET: Registered PF_UNIX/PF_LOCAL protocol family
[    0.422662] NET: Registered PF_XDP protocol family
[    0.423266] pci_bus 0000:00: resource 4 [io  0x0000-0x0cf7 window]
[    0.423806] pci_bus 0000:00: resource 5 [io  0x0d00-0xffff window]
[    0.424333] pci_bus 0000:00: resource 6 [mem 0x000a0000-0x000bffff window]
[    0.424901] pci_bus 0000:00: resource 7 [mem 0x40000000-0xafffffff window]
[    0.425482] pci_bus 0000:00: resource 8 [mem 0xc0000000-0xfebfffff window]
[    0.426058] pci_bus 0000:00: resource 9 [mem 0x100000000-0x8ffffffff window]
[    0.426859] ACPI: \_SB_.GSIH: Enabled at IRQ 23
[    0.427763] PCI: CLS 0 bytes, default 64
[    0.428183] Trying to unpack rootfs image as initramfs...
[    0.428709] clocksource: tsc: mask: 0xffffffffffffffff max_cycles: 0x28680fa287f, max_idle_ns: 440795281151 ns
[    0.431615] Initialise system trusted keyrings
[    0.432009] Key type blacklist registered
[    0.433424] workingset: timestamp_bits=36 max_order=18 bucket_order=0
[    0.433986] zbud: loaded
[    0.435529] squashfs: version 4.0 (2009/01/31) Phillip Lougher
[    0.436110] fuse: init (API version 7.39)
[    0.437390] integrity: Platform Keyring initialized
[    0.437821] integrity: Machine keyring initialized
[    0.456446] Key type asymmetric registered
[    0.456827] Asymmetric key parser 'x509' registered
[    0.457265] Block layer SCSI generic (bsg) driver version 0.4 loaded (major 243)
[    0.459414] io scheduler mq-deadline registered
[    0.459920] shpchp: Standard Hot Plug PCI Controller Driver version: 0.4
[    0.461524] input: Power Button as /devices/LNXSYSTM:00/LNXPWRBN:00/input/input0
[    0.463311] ACPI: button: Power Button [PWRF]
[    0.464033] ACPI: \_SB_.GSIF: Enabled at IRQ 21
[    0.467473] ACPI: \_SB_.GSIG: Enabled at IRQ 22
[    0.470321] Serial: 8250/16550 driver, 32 ports, IRQ sharing enabled
[    0.518571] 00:03: ttyS0 at I/O 0x3f8 (irq = 4, base_baud = 115200) is a 16550A
[    0.522366] Linux agpgart interface v0.103
[    0.524587] loop: module loaded
[    0.525001] ACPI: bus type drm_connector registered
[    0.526551] tun: Universal TUN/TAP device driver, 1.6
[    0.534484] PPP generic driver version 2.4.2
[    0.536488] i8042: PNP: PS/2 Controller [PNP0303:KBD,PNP0f13:MOU] at 0x60,0x64 irq 1,12
[    0.537712] serio: i8042 KBD port at 0x60,0x64 irq 1
[    0.538136] serio: i8042 AUX port at 0x60,0x64 irq 12
[    0.540309] mousedev: PS/2 mouse device common for all mice
[    0.540964] input: AT Translated Set 2 keyboard as /devices/platform/i8042/serio0/input/input1
[    0.541860] rtc_cmos 00:04: RTC can wake from S4
[    0.543761] rtc_cmos 00:04: registered as rtc0
[    0.544201] rtc_cmos 00:04: setting system clock to 2026-03-07T22:01:29 UTC (1772920889)
[    0.546405] rtc_cmos 00:04: alarms up to one day, y3k, 242 bytes nvram, hpet irqs
[    0.547045] i2c_dev: i2c /dev entries driver
[    0.548345] device-mapper: core: CONFIG_IMA_DISABLE_HTABLE is disabled. Duplicate IMA measurements will not be recorded in the IMA log.
[    0.550433] device-mapper: uevent: version 1.0.3
[    0.550892] device-mapper: ioctl: 4.48.0-ioctl (2023-03-01) initialised: dm-devel@redhat.com
[    0.551615] intel_pstate: CPU model not supported
[    0.553418] ledtrig-cpu: registered to indicate activity on CPUs
[    0.553981] drop_monitor: Initializing network drop monitor service
[    0.555516] NET: Registered PF_INET6 protocol family
[    0.662784] Freeing initrd memory: 14044K
[    0.663321] Segment Routing with IPv6
[    0.663647] In-situ OAM (IOAM) with IPv6
[    0.664005] NET: Registered PF_PACKET protocol family
[    0.664512] Key type dns_resolver registered
[    0.665021] IPI shorthand broadcast: enabled
[    0.666541] sched_clock: Marking stable (590002084, 76282172)->(681551099, -15266843)
[    0.667313] registered taskstats version 1
[    0.667743] Loading compiled-in X.509 certificates
[    0.668865] Loaded X.509 cert 'Build time autogenerated kernel key: 7f71bdefc17a4d88631555bf9efbb1c93d6f5260'
[    0.670176] Loaded X.509 cert 'Canonical Ltd. Live Patch Signing 2025 Kmod: d541cef61dc7e793b7eb7e899970a2eef0b5dc8c'
[    0.671525] Loaded X.509 cert 'Canonical Ltd. Live Patch Signing: 14df34d1a87cf37625abec039ef2bf521249b969'
[    0.672838] Loaded X.509 cert 'Canonical Ltd. Kernel Module Signing: 88f752e560a1e0737e31163a466ad7b70a850c19'
[    0.673713] blacklist: Loading compiled-in revocation X.509 certificates
[    0.674349] Loaded X.509 cert 'Canonical Ltd. Secure Boot Signing: 61482aa2830d0ab2ad5af10b7250da9033ddcef0'
[    0.675171] Loaded X.509 cert 'Canonical Ltd. Secure Boot Signing (2017): 242ade75ac4a15e50d50c84b0d45ff3eae707a03'
[    0.676045] Loaded X.509 cert 'Canonical Ltd. Secure Boot Signing (ESM 2018): 365188c1d374d6b07c3c8f240f8ef722433d6a8b'
[    0.676949] Loaded X.509 cert 'Canonical Ltd. Secure Boot Signing (2019): c0746fd6c5da3ae827864651ad66ae47fe24b3e8'
[    0.677823] Loaded X.509 cert 'Canonical Ltd. Secure Boot Signing (2021 v1): a8d54bbb3825cfb94fa13c9f8a594a195c107b8d'
[    0.678719] Loaded X.509 cert 'Canonical Ltd. Secure Boot Signing (2021 v2): 4cf046892d6fd3c9a5b03f98d845f90851dc6a8c'
[    0.679640] Loaded X.509 cert 'Canonical Ltd. Secure Boot Signing (2021 v3): 100437bb6de6e469b581e61cd66bce3ef4ed53af'
[    0.680562] Loaded X.509 cert 'Canonical Ltd. Secure Boot Signing (Ubuntu Core 2019): c1d57b8f6b743f23ee41f4f7ee292f06eecadfb9'
[    0.683756] Key type .fscrypt registered
[    0.684106] Key type fscrypt-provisioning registered
[    0.684733] Key type encrypted registered
[    0.685087] AppArmor: AppArmor sha256 policy hashing enabled
[    0.685571] ima: No TPM chip found, activating TPM-bypass!
[    0.686030] Loading compiled-in module X.509 certificates
[    0.687003] Loaded X.509 cert 'Build time autogenerated kernel key: 7f71bdefc17a4d88631555bf9efbb1c93d6f5260'
[    0.687870] ima: Allocated hash algorithm: sha256
[    0.688275] ima: No architecture policies found
[    0.688689] evm: Initialising EVM extended attributes:
[    0.689129] evm: security.selinux
[    0.689414] evm: security.SMACK64
[    0.689730] evm: security.SMACK64EXEC
[    0.690042] evm: security.SMACK64TRANSMUTE
[    0.690394] evm: security.SMACK64MMAP
[    0.690700] evm: security.apparmor
[    0.690984] evm: security.ima
[    0.691240] evm: security.capability
[    0.691542] evm: HMAC attrs: 0x1
[    0.692016] PM:   Magic number: 2:802:46
[    0.692385] event_source uprobe: hash matches
[    0.695381] RAS: Correctable Errors collector initialized.
[    0.695920] clk: Disabling unused clocks
[    0.703949] Freeing unused decrypted memory: 2028K
[    0.704689] Freeing unused kernel image (initmem) memory: 4920K
[    0.705044] Write protecting the kernel read-only data: 38912k
[    0.705785] Freeing unused kernel image (rodata/data gap) memory: 1984K
[    0.716538] x86/mm: Checked W+X mappings: passed, no W+X pages found.
[    0.716940] Run /init as init process
[init-phase2] booted
[init-phase2] loading module=/lib/modules/6.8.0-101-generic/kernel/drivers/virtio/virtio_dma_buf.ko
[init-phase2] loading module=/lib/modules/6.8.0-101-generic/kernel/drivers/gpu/drm/virtio/virtio-gpu.ko
[    0.724801] [drm] pci: virtio-vga detected at 0000:00:02.0
[    0.725170] virtio-pci 0000:00:02.0: vgaarb: deactivate vga console
[    0.731225] Console: switching to colour dummy device 80x25
[    0.731686] [drm] features: -virgl +edid -resource_blob -host_visible
[    0.731688] [drm] features: -context_init
[    0.732740] [drm] number of scanouts: 1
[    0.732970] [drm] number of cap sets: 0
[    0.733393] [drm] Initialized virtio_gpu 0.1.0 0 for 0000:00:02.0 on minor 0
[    0.735369] fbcon: virtio_gpudrmfb (fb0) is primary device
[    0.738219] Console: switching to colour frame buffer device 160x50
[    0.740524] virtio-pci 0000:00:02.0: [drm] fb0: virtio_gpudrmfb frame buffer device
total 0
crw-------    1 root     root      226,   0 Mar  7 22:01 card0
crw-------    1 root     root      226, 128 Mar  7 22:01 renderD128
[init-phase2] seatd pid=89
[init-phase2] weston pid=90
[init-phase2] wayland ready
[init-phase2] launching client=/bin/wl_sleepdemo
@@LOG kind=state connected
@@LOG kind=state socket-hup
@@LOG kind=state connected
@@LOG kind=state socket-hup
@@LOG kind=state connected
@@LOG kind=state socket-hup
@@LOG kind=state connected
@@LOG kind=state socket-hup
@@LOG kind=state connected
@@LOG kind=state socket-hup
@@LOG kind=state connected
@@LOG kind=state socket-hup
@@LOG kind=state connected
@@LOG kind=state socket-hup
@@LOG kind=state connected
@@LOG kind=state socket-hup
@@LOG kind=state connected
@@LOG kind=state socket-hup
@@LOG kind=state connected
@@LOG kind=state socket-hup
@@LOG kind=state connected
@@LOG kind=state socket-hup
@@LOG kind=state connected
@@LOG kind=state socket-hup
@@LOG kind=state connected
@@LOG kind=state socket-hup
@@LOG kind=state connected
@@LOG kind=state socket-hup
@@LOG kind=state connected
@@LOG kind=state socket-hup
@@LOG kind=state connected
@@LOG kind=state socket-hup
@@LOG kind=state connected
@@LOG kind=state socket-hup
@@LOG kind=state connected
@@LOG kind=state socket-hup
@@LOG kind=state connected
@@LOG kind=state socket-hup
@@LOG kind=state connected
@@LOG kind=state socket-hup
@@LOG kind=state connected
@@LOG kind=state socket-hup
@@LOG kind=state connected
@@LOG kind=state socket-hup
@@LOG kind=state connected
@@LOG kind=state socket-hup
@@LOG kind=state connected
@@LOG kind=state socket-hup
@@LOG kind=state connected
@@LOG kind=state socket-hup
@@LOG kind=state connected
@@LOG kind=state socket-hup
@@LOG kind=state connected
@@LOG kind=state socket-hup
@@LOG kind=state connected
@@LOG kind=state socket-hup
@@LOG kind=state connected
@@LOG kind=state socket-hup
@@LOG kind=state connected
@@LOG kind=state socket-hup
@@LOG kind=state connected
@@LOG kind=state socket-hup
@@LOG kind=state connected
@@LOG kind=state socket-hup
@@LOG kind=state connected
@@LOG kind=state socket-hup
@@LOG kind=state connected
@@LOG kind=state socket-hup
@@LOG kind=state connected
@@LOG kind=state socket-hup
@@LOG kind=state connected
@@LOG kind=state socket-hup
@@LOG kind=state connected
@@LOG kind=state socket-hup
@@LOG kind=state connected
@@LOG kind=state socket-hup
@@LOG kind=state connected
@@LOG kind=state socket-hup
@@LOG kind=state connected
@@LOG kind=state socket-hup
@@LOG kind=state connected
@@LOG kind=state socket-hup
@@LOG kind=state connected
@@LOG kind=state socket-hup
@@LOG kind=state connected
@@LOG kind=state socket-hup
@@LOG kind=state connected
@@LOG kind=state socket-hup
@@LOG kind=state connected
@@LOG kind=state socket-hup
@@LOG kind=state connected
@@LOG kind=state socket-hup
@@LOG kind=state connected
@@LOG kind=state socket-hup
@@LOG kind=state connected
@@LOG kind=state socket-hup
@@LOG kind=state connected
@@LOG kind=state socket-hup
