[    0.000000] Linux version 6.8.0-101-generic (buildd@lcy02-amd64-051) (x86_64-linux-gnu-gcc-13 (Ubuntu 13.3.0-6ubuntu2~24.04) 13.3.0, GNU ld (GNU Binutils for Ubuntu) 2.42) #101-Ubuntu SMP PREEMPT_DYNAMIC Mon Feb  9 10:15:05 UTC 2026 (Ubuntu 6.8.0-101.101-generic 6.8.12)
[    0.000000] Command line: console=ttyS0 panic=-1 no_console_suspend rdinit=/init phase3_client=weston-simple-shm phase3_runtime_seconds=15 phase3_guest_capture=1 phase3_guest_capture_pre_delay_seconds=6 phase3_weston_debug=1
[    0.000000] KERNEL supported cpus:
[    0.000000]   Intel GenuineIntel
[    0.000000]   AMD AuthenticAMD
[    0.000000]   Hygon HygonGenuine
[    0.000000]   Centaur CentaurHauls
[    0.000000]   zhaoxin   Shanghai  
[    0.000000] BIOS-provided physical RAM map:
[    0.000000] BIOS-e820: [mem 0x0000000000000000-0x000000000009fbff] usable
[    0.000000] BIOS-e820: [mem 0x000000000009fc00-0x000000000009ffff] reserved
[    0.000000] BIOS-e820: [mem 0x00000000000f0000-0x00000000000fffff] reserved
[    0.000000] BIOS-e820: [mem 0x0000000000100000-0x000000007ffddfff] usable
[    0.000000] BIOS-e820: [mem 0x000000007ffde000-0x000000007fffffff] reserved
[    0.000000] BIOS-e820: [mem 0x00000000b0000000-0x00000000bfffffff] reserved
[    0.000000] BIOS-e820: [mem 0x00000000fed1c000-0x00000000fed1ffff] reserved
[    0.000000] BIOS-e820: [mem 0x00000000feffc000-0x00000000feffffff] reserved
[    0.000000] BIOS-e820: [mem 0x00000000fffc0000-0x00000000ffffffff] reserved
[    0.000000] NX (Execute Disable) protection: active
[    0.000000] APIC: Static calls initialized
[    0.000000] SMBIOS 3.0.0 present.
[    0.000000] DMI: QEMU Standard PC (Q35 + ICH9, 2009), BIOS 1.16.3-debian-1.16.3-2 04/01/2014
[    0.000000] Hypervisor detected: KVM
[    0.000000] kvm-clock: Using msrs 4b564d01 and 4b564d00
[    0.000000] kvm-clock: using sched offset of 290293139 cycles
[    0.000001] clocksource: kvm-clock: mask: 0xffffffffffffffff max_cycles: 0x1cd42e4dffb, max_idle_ns: 881590591483 ns
[    0.000003] tsc: Detected 2803.200 MHz processor
[    0.000581] last_pfn = 0x7ffde max_arch_pfn = 0x400000000
[    0.000614] MTRR map: 4 entries (3 fixed + 1 variable; max 19), built from 8 variable MTRRs
[    0.000617] x86/PAT: Configuration [0-7]: WB  WC  UC- UC  WB  WP  UC- WT  
[    0.004638] found SMP MP-table at [mem 0x000f5470-0x000f547f]
[    0.004651] Using GB pages for direct mapping
[    0.004737] RAMDISK: [mem 0x75de9000-0x7ffcffff]
[    0.004744] ACPI: Early table checksum verification disabled
[    0.004746] ACPI: RSDP 0x00000000000F52B0 000014 (v00 BOCHS )
[    0.004750] ACPI: RSDT 0x000000007FFE2304 000038 (v01 BOCHS  BXPC     00000001 BXPC 00000001)
[    0.004754] ACPI: FACP 0x000000007FFE20FC 0000F4 (v03 BOCHS  BXPC     00000001 BXPC 00000001)
[    0.004758] ACPI: DSDT 0x000000007FFE0040 0020BC (v01 BOCHS  BXPC     00000001 BXPC 00000001)
[    0.004760] ACPI: FACS 0x000000007FFE0000 000040
[    0.004762] ACPI: APIC 0x000000007FFE21F0 000078 (v03 BOCHS  BXPC     00000001 BXPC 00000001)
[    0.004764] ACPI: HPET 0x000000007FFE2268 000038 (v01 BOCHS  BXPC     00000001 BXPC 00000001)
[    0.004766] ACPI: MCFG 0x000000007FFE22A0 00003C (v01 BOCHS  BXPC     00000001 BXPC 00000001)
[    0.004768] ACPI: WAET 0x000000007FFE22DC 000028 (v01 BOCHS  BXPC     00000001 BXPC 00000001)
[    0.004769] ACPI: Reserving FACP table memory at [mem 0x7ffe20fc-0x7ffe21ef]
[    0.004770] ACPI: Reserving DSDT table memory at [mem 0x7ffe0040-0x7ffe20fb]
[    0.004771] ACPI: Reserving FACS table memory at [mem 0x7ffe0000-0x7ffe003f]
[    0.004772] ACPI: Reserving APIC table memory at [mem 0x7ffe21f0-0x7ffe2267]
[    0.004772] ACPI: Reserving HPET table memory at [mem 0x7ffe2268-0x7ffe229f]
[    0.004773] ACPI: Reserving MCFG table memory at [mem 0x7ffe22a0-0x7ffe22db]
[    0.004773] ACPI: Reserving WAET table memory at [mem 0x7ffe22dc-0x7ffe2303]
[    0.004979] No NUMA configuration found
[    0.004980] Faking a node at [mem 0x0000000000000000-0x000000007ffddfff]
[    0.004984] NODE_DATA(0) allocated [mem 0x75dbe000-0x75de8fff]
[    0.005077] Zone ranges:
[    0.005078]   DMA      [mem 0x0000000000001000-0x0000000000ffffff]
[    0.005079]   DMA32    [mem 0x0000000001000000-0x000000007ffddfff]
[    0.005080]   Normal   empty
[    0.005084]   Device   empty
[    0.005085] Movable zone start for each node
[    0.005086] Early memory node ranges
[    0.005086]   node   0: [mem 0x0000000000001000-0x000000000009efff]
[    0.005087]   node   0: [mem 0x0000000000100000-0x000000007ffddfff]
[    0.005088] Initmem setup node 0 [mem 0x0000000000001000-0x000000007ffddfff]
[    0.005306] On node 0, zone DMA: 1 pages in unavailable ranges
[    0.005314] On node 0, zone DMA: 97 pages in unavailable ranges
[    0.009625] On node 0, zone DMA32: 34 pages in unavailable ranges
[    0.009851] ACPI: PM-Timer IO Port: 0x608
[    0.009862] ACPI: LAPIC_NMI (acpi_id[0xff] dfl dfl lint[0x1])
[    0.009893] IOAPIC[0]: apic_id 0, version 17, address 0xfec00000, GSI 0-23
[    0.009895] ACPI: INT_SRC_OVR (bus 0 bus_irq 0 global_irq 2 dfl dfl)
[    0.009897] ACPI: INT_SRC_OVR (bus 0 bus_irq 5 global_irq 5 high level)
[    0.009897] ACPI: INT_SRC_OVR (bus 0 bus_irq 9 global_irq 9 high level)
[    0.009898] ACPI: INT_SRC_OVR (bus 0 bus_irq 10 global_irq 10 high level)
[    0.009899] ACPI: INT_SRC_OVR (bus 0 bus_irq 11 global_irq 11 high level)
[    0.009901] ACPI: Using ACPI (MADT) for SMP configuration information
[    0.009903] ACPI: HPET id: 0x8086a201 base: 0xfed00000
[    0.009906] TSC deadline timer available
[    0.009907] smpboot: Allowing 1 CPUs, 0 hotplug CPUs
[    0.009922] kvm-guest: APIC: eoi() replaced with kvm_guest_apic_eoi_write()
[    0.009945] PM: hibernation: Registered nosave memory: [mem 0x00000000-0x00000fff]
[    0.009946] PM: hibernation: Registered nosave memory: [mem 0x0009f000-0x000fffff]
[    0.009948] [mem 0xc0000000-0xfed1bfff] available for PCI devices
[    0.009949] Booting paravirtualized kernel on KVM
[    0.009951] clocksource: refined-jiffies: mask: 0xffffffff max_cycles: 0xffffffff, max_idle_ns: 1910969940391419 ns
[    0.009957] setup_percpu: NR_CPUS:8192 nr_cpumask_bits:1 nr_cpu_ids:1 nr_node_ids:1
[    0.010360] percpu: Embedded 86 pages/cpu s229376 r8192 d114688 u2097152
[    0.010405] kvm-guest: PV spinlocks disabled, single CPU
[    0.010407] Kernel command line: console=ttyS0 panic=-1 no_console_suspend rdinit=/init phase3_client=weston-simple-shm phase3_runtime_seconds=15 phase3_guest_capture=1 phase3_guest_capture_pre_delay_seconds=6 phase3_weston_debug=1
[    0.010499] Unknown kernel command line parameters "phase3_client=weston-simple-shm phase3_runtime_seconds=15 phase3_guest_capture=1 phase3_guest_capture_pre_delay_seconds=6 phase3_weston_debug=1", will be passed to user space.
[    0.010541] random: crng init done
[    0.010811] Dentry cache hash table entries: 262144 (order: 9, 2097152 bytes, linear)
[    0.010892] Inode-cache hash table entries: 131072 (order: 8, 1048576 bytes, linear)
[    0.010927] Fallback order for Node 0: 0 
[    0.010930] Built 1 zonelists, mobility grouping on.  Total pages: 515806
[    0.010931] Policy zone: DMA32
[    0.010936] mem auto-init: stack:all(zero), heap alloc:on, heap free:off
[    0.014500] Memory: 1840212K/2096624K available (22528K kernel code, 4439K rwdata, 14400K rodata, 4920K init, 4788K bss, 256152K reserved, 0K cma-reserved)
[    0.015112] SLUB: HWalign=64, Order=0-3, MinObjects=0, CPUs=1, Nodes=1
[    0.015145] ftrace: allocating 58250 entries in 228 pages
[    0.023872] ftrace: allocated 228 pages with 4 groups
[    0.024852] Dynamic Preempt: voluntary
[    0.025135] rcu: Preemptible hierarchical RCU implementation.
[    0.025137] rcu: 	RCU restricting CPUs from NR_CPUS=8192 to nr_cpu_ids=1.
[    0.025139] 	Trampoline variant of Tasks RCU enabled.
[    0.025140] 	Rude variant of Tasks RCU enabled.
[    0.025140] 	Tracing variant of Tasks RCU enabled.
[    0.025141] rcu: RCU calculated value of scheduler-enlistment delay is 100 jiffies.
[    0.025142] rcu: Adjusting geometry for rcu_fanout_leaf=16, nr_cpu_ids=1
[    0.025158] RCU Tasks: Setting shift to 0 and lim to 1 rcu_task_cb_adjust=1 rcu_task_cpu_ids=1.
[    0.025160] RCU Tasks Rude: Setting shift to 0 and lim to 1 rcu_task_cb_adjust=1 rcu_task_cpu_ids=1.
[    0.025161] RCU Tasks Trace: Setting shift to 0 and lim to 1 rcu_task_cb_adjust=1 rcu_task_cpu_ids=1.
[    0.027987] NR_IRQS: 524544, nr_irqs: 256, preallocated irqs: 16
[    0.028192] rcu: srcu_init: Setting srcu_struct sizes based on contention.
[    0.034986] Console: colour VGA+ 80x25
[    0.035016] printk: legacy console [ttyS0] enabled
[    0.089039] ACPI: Core revision 20230628
[    0.089447] clocksource: hpet: mask: 0xffffffff max_cycles: 0xffffffff, max_idle_ns: 19112604467 ns
[    0.090217] APIC: Switch to symmetric I/O mode setup
[    0.090745] x2apic enabled
[    0.091180] APIC: Switched APIC routing to: physical x2apic
[    0.092431] ..TIMER: vector=0x30 apic1=0 pin1=2 apic2=-1 pin2=-1
[    0.092891] clocksource: tsc-early: mask: 0xffffffffffffffff max_cycles: 0x28680fa287f, max_idle_ns: 440795281151 ns
[    0.093621] Calibrating delay loop (skipped) preset value.. 5606.40 BogoMIPS (lpj=2803200)
[    0.094716] x86/cpu: User Mode Instruction Prevention (UMIP) activated
[    0.095303] Last level iTLB entries: 4KB 0, 2MB 0, 4MB 0
[    0.095619] Last level dTLB entries: 4KB 0, 2MB 0, 4MB 0, 1GB 0
[    0.096094] Spectre V1 : Mitigation: usercopy/swapgs barriers and __user pointer sanitization
[    0.096622] Spectre V2 : Spectre BHI mitigation: SW BHB clearing on vm exit
[    0.097027] Spectre V2 : Spectre BHI mitigation: SW BHB clearing on syscall
[    0.097619] Spectre V2 : Mitigation: Enhanced / Automatic IBRS
[    0.097958] Spectre V2 : Spectre v2 / PBRSB-eIBRS: Retire a single CALL on VMEXIT
[    0.098462] Spectre V2 : mitigation: Enabling conditional Indirect Branch Prediction Barrier
[    0.098620] Speculative Store Bypass: Mitigation: Speculative Store Bypass disabled via prctl
[    0.099619] ITS: WARNING: ITS mitigation depends on retpoline and rethunk support
[    0.100054] ITS: Vulnerable
[    0.100239] x86/fpu: Supporting XSAVE feature 0x001: 'x87 floating point registers'
[    0.100619] x86/fpu: Supporting XSAVE feature 0x002: 'SSE registers'
[    0.101001] x86/fpu: Supporting XSAVE feature 0x004: 'AVX registers'
[    0.101399] x86/fpu: Supporting XSAVE feature 0x020: 'AVX-512 opmask'
[    0.101619] x86/fpu: Supporting XSAVE feature 0x040: 'AVX-512 Hi256'
[    0.102080] x86/fpu: Supporting XSAVE feature 0x080: 'AVX-512 ZMM_Hi256'
[    0.102619] x86/fpu: Supporting XSAVE feature 0x200: 'Protection Keys User registers'
[    0.103178] x86/fpu: xstate_offset[2]:  576, xstate_sizes[2]:  256
[    0.103619] x86/fpu: xstate_offset[5]:  832, xstate_sizes[5]:   64
[    0.104048] x86/fpu: xstate_offset[6]:  896, xstate_sizes[6]:  512
[    0.104619] x86/fpu: xstate_offset[7]: 1408, xstate_sizes[7]: 1024
[    0.104990] x86/fpu: xstate_offset[9]: 2432, xstate_sizes[9]:    8
[    0.105619] x86/fpu: Enabled xstate features 0x2e7, context size is 2440 bytes, using 'compacted' format.
[    0.129286] Freeing SMP alternatives memory: 48K
[    0.129620] pid_max: default: 32768 minimum: 301
[    0.129956] LSM: initializing lsm=lockdown,capability,landlock,yama,apparmor,integrity
[    0.130550] landlock: Up and running.
[    0.130620] Yama: becoming mindful.
[    0.130890] AppArmor: AppArmor initialized
[    0.131201] Mount-cache hash table entries: 4096 (order: 3, 32768 bytes, linear)
[    0.131621] Mountpoint-cache hash table entries: 4096 (order: 3, 32768 bytes, linear)
[    0.132657] smpboot: CPU0: 11th Gen Intel(R) Core(TM) i7-1165G7 @ 2.80GHz (family: 0x6, model: 0x8c, stepping: 0x1)
[    0.133618] Performance Events: Icelake events, full-width counters, Intel PMU driver.
[    0.134144] ... version:                2
[    0.134392] ... bit width:              48
[    0.134620] ... generic registers:      8
[    0.134895] ... value mask:             0000ffffffffffff
[    0.135258] ... max period:             00007fffffffffff
[    0.135613] ... fixed-purpose events:   3
[    0.135619] ... event mask:             00000007000000ff
[    0.135999] signal: max sigframe size: 3632
[    0.136291] rcu: Hierarchical SRCU implementation.
[    0.136620] rcu: 	Max phase no-delay instances is 400.
[    0.137228] smp: Bringing up secondary CPUs ...
[    0.137558] smp: Brought up 1 node, 1 CPU
[    0.137625] smpboot: Max logical packages: 1
[    0.137920] smpboot: Total of 1 processors activated (5606.40 BogoMIPS)
[    0.138576] devtmpfs: initialized
[    0.138648] x86/mm: Memory block size: 128MB
[    0.139223] clocksource: jiffies: mask: 0xffffffff max_cycles: 0xffffffff, max_idle_ns: 1911260446275000 ns
[    0.139630] futex hash table entries: 256 (order: 2, 16384 bytes, linear)
[    0.140172] pinctrl core: initialized pinctrl subsystem
[    0.140622] PM: RTC time: 04:30:48, date: 2026-03-08
[    0.141520] NET: Registered PF_NETLINK/PF_ROUTE protocol family
[    0.141706] DMA: preallocated 256 KiB GFP_KERNEL pool for atomic allocations
[    0.142158] DMA: preallocated 256 KiB GFP_KERNEL|GFP_DMA pool for atomic allocations
[    0.142644] DMA: preallocated 256 KiB GFP_KERNEL|GFP_DMA32 pool for atomic allocations
[    0.143224] audit: initializing netlink subsys (disabled)
[    0.143662] audit: type=2000 audit(1772944248.480:1): state=initialized audit_enabled=0 res=1
[    0.144348] thermal_sys: Registered thermal governor 'fair_share'
[    0.144349] thermal_sys: Registered thermal governor 'bang_bang'
[    0.144620] thermal_sys: Registered thermal governor 'step_wise'
[    0.145039] thermal_sys: Registered thermal governor 'user_space'
[    0.145449] thermal_sys: Registered thermal governor 'power_allocator'
[    0.145628] cpuidle: using governor ladder
[    0.146301] cpuidle: using governor menu
[    0.146599] acpiphp: ACPI Hot Plug PCI Controller Driver version: 0.5
[    0.146702] PCI: ECAM [mem 0xb0000000-0xbfffffff] (base 0xb0000000) for domain 0000 [bus 00-ff]
[    0.147223] PCI: ECAM [mem 0xb0000000-0xbfffffff] reserved as E820 entry
[    0.147625] PCI: Using configuration type 1 for base access
[    0.148038] kprobes: kprobe jump-optimization is enabled. All kprobes are optimized if possible.
[    0.175965] HugeTLB: registered 1.00 GiB page size, pre-allocated 0 pages
[    0.176463] HugeTLB: 16380 KiB vmemmap can be freed for a 1.00 GiB page
[    0.176621] HugeTLB: registered 2.00 MiB page size, pre-allocated 0 pages
[    0.177094] HugeTLB: 28 KiB vmemmap can be freed for a 2.00 MiB page
[    0.178050] ACPI: Added _OSI(Module Device)
[    0.178345] ACPI: Added _OSI(Processor Device)
[    0.178614] ACPI: Added _OSI(Processor Aggregator Device)
[    0.179394] ACPI: 1 ACPI AML tables successfully acquired and loaded
[    0.180309] ACPI: _OSC evaluation for CPUs failed, trying _PDC
[    0.180707] ACPI: Interpreter enabled
[    0.180970] ACPI: PM: (supports S0 S3 S4 S5)
[    0.181270] ACPI: Using IOAPIC for interrupt routing
[    0.181640] PCI: Using host bridge windows from ACPI; if necessary, use "pci=nocrs" and report a bug
[    0.182266] PCI: Using E820 reservations for host bridge windows
[    0.182703] ACPI: Enabled 2 GPEs in block 00 to 3F
[    0.184392] ACPI: PCI Root Bridge [PCI0] (domain 0000 [bus 00-ff])
[    0.184623] acpi PNP0A08:00: _OSC: OS supports [ExtendedConfig ASPM ClockPM Segments MSI EDR HPX-Type3]
[    0.185255] acpi PNP0A08:00: _OSC: platform does not support [PCIeHotplug LTR DPC]
[    0.185664] acpi PNP0A08:00: _OSC: OS now controls [SHPCHotplug PME AER PCIeCapability]
[    0.186306] PCI host bridge to bus 0000:00
[    0.186591] pci_bus 0000:00: root bus resource [io  0x0000-0x0cf7 window]
[    0.186620] pci_bus 0000:00: root bus resource [io  0x0d00-0xffff window]
[    0.187027] pci_bus 0000:00: root bus resource [mem 0x000a0000-0x000bffff window]
[    0.187501] pci_bus 0000:00: root bus resource [mem 0x80000000-0xafffffff window]
[    0.187620] pci_bus 0000:00: root bus resource [mem 0xc0000000-0xfebfffff window]
[    0.188111] pci_bus 0000:00: root bus resource [mem 0x100000000-0x8ffffffff window]
[    0.188620] pci_bus 0000:00: root bus resource [bus 00-ff]
[    0.189060] pci 0000:00:00.0: [8086:29c0] type 00 class 0x060000 conventional PCI endpoint
[    0.189994] pci 0000:00:01.0: [1af4:1000] type 00 class 0x020000 conventional PCI endpoint
[    0.191383] pci 0000:00:01.0: BAR 0 [io  0xc040-0xc05f]
[    0.191640] pci 0000:00:01.0: BAR 4 [mem 0xfe800000-0xfe803fff 64bit pref]
[    0.192103] pci 0000:00:01.0: ROM [mem 0xfeb00000-0xfeb7ffff pref]
[    0.192809] pci 0000:00:02.0: [1af4:1050] type 00 class 0x030000 conventional PCI endpoint
[    0.194096] pci 0000:00:02.0: BAR 0 [mem 0xfe000000-0xfe7fffff pref]
[    0.194543] pci 0000:00:02.0: BAR 2 [mem 0xfe804000-0xfe807fff 64bit pref]
[    0.194626] pci 0000:00:02.0: BAR 4 [mem 0xfeb94000-0xfeb94fff]
[    0.194988] pci 0000:00:02.0: ROM [mem 0xfeb80000-0xfeb8ffff pref]
[    0.195455] pci 0000:00:02.0: Video device with shadowed ROM at [mem 0x000c0000-0x000dffff]
[    0.195997] pci 0000:00:03.0: [1b36:000d] type 00 class 0x0c0330 PCIe Root Complex Integrated Endpoint
[    0.196890] pci 0000:00:03.0: BAR 0 [mem 0xfeb90000-0xfeb93fff 64bit]
[    0.204159] pci 0000:00:1f.0: [8086:2918] type 00 class 0x060100 conventional PCI endpoint
[    0.204835] pci 0000:00:1f.0: quirk: [io  0x0600-0x067f] claimed by ICH6 ACPI/GPIO/TCO
[    0.205490] pci 0000:00:1f.2: [8086:2922] type 00 class 0x010601 conventional PCI endpoint
[    0.206161] pci 0000:00:1f.2: BAR 4 [io  0xc060-0xc07f]
[    0.206485] pci 0000:00:1f.2: BAR 5 [mem 0xfeb95000-0xfeb95fff]
[    0.206841] pci 0000:00:1f.3: [8086:2930] type 00 class 0x0c0500 conventional PCI endpoint
[    0.207814] pci 0000:00:1f.3: BAR 4 [io  0x0700-0x073f]
[    0.208442] ACPI: PCI: Interrupt link LNKA configured for IRQ 10
[    0.208675] ACPI: PCI: Interrupt link LNKB configured for IRQ 10
[    0.209132] ACPI: PCI: Interrupt link LNKC configured for IRQ 11
[    0.209600] ACPI: PCI: Interrupt link LNKD configured for IRQ 11
[    0.209666] ACPI: PCI: Interrupt link LNKE configured for IRQ 10
[    0.210132] ACPI: PCI: Interrupt link LNKF configured for IRQ 10
[    0.210587] ACPI: PCI: Interrupt link LNKG configured for IRQ 11
[    0.210682] ACPI: PCI: Interrupt link LNKH configured for IRQ 11
[    0.211146] ACPI: PCI: Interrupt link GSIA configured for IRQ 16
[    0.211571] ACPI: PCI: Interrupt link GSIB configured for IRQ 17
[    0.211627] ACPI: PCI: Interrupt link GSIC configured for IRQ 18
[    0.212073] ACPI: PCI: Interrupt link GSID configured for IRQ 19
[    0.212500] ACPI: PCI: Interrupt link GSIE configured for IRQ 20
[    0.212627] ACPI: PCI: Interrupt link GSIF configured for IRQ 21
[    0.213061] ACPI: PCI: Interrupt link GSIG configured for IRQ 22
[    0.213478] ACPI: PCI: Interrupt link GSIH configured for IRQ 23
[    0.213873] iommu: Default domain type: Translated
[    0.214208] iommu: DMA domain TLB invalidation policy: lazy mode
[    0.214715] SCSI subsystem initialized
[    0.214982] ACPI: bus type USB registered
[    0.215241] usbcore: registered new interface driver usbfs
[    0.215608] usbcore: registered new interface driver hub
[    0.215622] usbcore: registered new device driver usb
[    0.215940] pps_core: LinuxPPS API ver. 1 registered
[    0.216271] pps_core: Software ver. 5.3.6 - Copyright 2005-2007 Rodolfo Giometti <giometti@linux.it>
[    0.216622] PTP clock support registered
[    0.216922] EDAC MC: Ver: 3.0.0
[    0.217389] NetLabel: Initializing
[    0.217620] NetLabel:  domain hash size = 128
[    0.217934] NetLabel:  protocols = UNLABELED CIPSOv4 CALIPSO
[    0.218351] NetLabel:  unlabeled traffic allowed by default
[    0.218676] mctp: management component transport protocol core
[    0.219143] NET: Registered PF_MCTP protocol family
[    0.219577] PCI: Using ACPI for IRQ routing
[    0.323177] pci 0000:00:02.0: vgaarb: setting as boot VGA device
[    0.323618] pci 0000:00:02.0: vgaarb: bridge control possible
[    0.323618] pci 0000:00:02.0: vgaarb: VGA device added: decodes=io+mem,owns=io+mem,locks=none
[    0.323620] vgaarb: loaded
[    0.323884] hpet0: at MMIO 0xfed00000, IRQs 2, 8, 0
[    0.324229] hpet0: 3 comparators, 64-bit 100.000000 MHz counter
[    0.327646] clocksource: Switched to clocksource kvm-clock
[    0.328471] VFS: Disk quotas dquot_6.6.0
[    0.328758] VFS: Dquot-cache hash table entries: 512 (order 0, 4096 bytes)
[    0.329289] AppArmor: AppArmor Filesystem Enabled
[    0.329601] pnp: PnP ACPI init
[    0.329895] system 00:05: [mem 0xb0000000-0xbfffffff window] has been reserved
[    0.330563] pnp: PnP ACPI: found 6 devices
[    0.336138] clocksource: acpi_pm: mask: 0xffffff max_cycles: 0xffffff, max_idle_ns: 2085701024 ns
[    0.336812] NET: Registered PF_INET protocol family
[    0.337363] IP idents hash table entries: 32768 (order: 6, 262144 bytes, linear)
[    0.347193] tcp_listen_portaddr_hash hash table entries: 1024 (order: 2, 16384 bytes, linear)
[    0.347763] Table-perturb hash table entries: 65536 (order: 6, 262144 bytes, linear)
[    0.348270] TCP established hash table entries: 16384 (order: 5, 131072 bytes, linear)
[    0.348782] TCP bind hash table entries: 16384 (order: 7, 524288 bytes, linear)
[    0.349305] TCP: Hash tables configured (established 16384 bind 16384)
[    0.349799] MPTCP token hash table entries: 2048 (order: 3, 49152 bytes, linear)
[    0.350324] UDP hash table entries: 1024 (order: 3, 32768 bytes, linear)
[    0.350790] UDP-Lite hash table entries: 1024 (order: 3, 32768 bytes, linear)
[    0.351285] NET: Registered PF_UNIX/PF_LOCAL protocol family
[    0.351632] NET: Registered PF_XDP protocol family
[    0.351947] pci_bus 0000:00: resource 4 [io  0x0000-0x0cf7 window]
[    0.352437] pci_bus 0000:00: resource 5 [io  0x0d00-0xffff window]
[    0.352872] pci_bus 0000:00: resource 6 [mem 0x000a0000-0x000bffff window]
[    0.353352] pci_bus 0000:00: resource 7 [mem 0x80000000-0xafffffff window]
[    0.353862] pci_bus 0000:00: resource 8 [mem 0xc0000000-0xfebfffff window]
[    0.354297] pci_bus 0000:00: resource 9 [mem 0x100000000-0x8ffffffff window]
[    0.354887] ACPI: \_SB_.GSIH: Enabled at IRQ 23
[    0.355677] PCI: CLS 0 bytes, default 64
[    0.356047] Trying to unpack rootfs image as initramfs...
[    0.357499] clocksource: tsc: mask: 0xffffffffffffffff max_cycles: 0x28680fa287f, max_idle_ns: 440795281151 ns
[    0.358462] Initialise system trusted keyrings
[    0.358779] Key type blacklist registered
[    0.359528] workingset: timestamp_bits=36 max_order=19 bucket_order=0
[    0.359961] zbud: loaded
[    0.361651] squashfs: version 4.0 (2009/01/31) Phillip Lougher
[    0.362172] fuse: init (API version 7.39)
[    0.363637] integrity: Platform Keyring initialized
[    0.364001] integrity: Machine keyring initialized
[    0.377482] Key type asymmetric registered
[    0.377799] Asymmetric key parser 'x509' registered
[    0.378164] Block layer SCSI generic (bsg) driver version 0.4 loaded (major 243)
[    0.379483] io scheduler mq-deadline registered
[    0.380561] shpchp: Standard Hot Plug PCI Controller Driver version: 0.4
[    0.381069] input: Power Button as /devices/LNXSYSTM:00/LNXPWRBN:00/input/input0
[    0.382552] ACPI: button: Power Button [PWRF]
[    0.383743] ACPI: \_SB_.GSIF: Enabled at IRQ 21
[    0.386072] ACPI: \_SB_.GSIG: Enabled at IRQ 22
[    0.388451] Serial: 8250/16550 driver, 32 ports, IRQ sharing enabled
[    0.434628] 00:03: ttyS0 at I/O 0x3f8 (irq = 4, base_baud = 115200) is a 16550A
[    0.438576] Linux agpgart interface v0.103
[    0.440814] loop: module loaded
[    0.441199] ACPI: bus type drm_connector registered
[    0.442657] tun: Universal TUN/TAP device driver, 1.6
[    0.444492] PPP generic driver version 2.4.2
[    0.444904] i8042: PNP: PS/2 Controller [PNP0303:KBD,PNP0f13:MOU] at 0x60,0x64 irq 1,12
[    0.446871] serio: i8042 KBD port at 0x60,0x64 irq 1
[    0.447186] serio: i8042 AUX port at 0x60,0x64 irq 12
[    0.448594] mousedev: PS/2 mouse device common for all mice
[    0.449599] input: AT Translated Set 2 keyboard as /devices/platform/i8042/serio0/input/input1
[    0.450307] rtc_cmos 00:04: RTC can wake from S4
[    0.451794] rtc_cmos 00:04: registered as rtc0
[    0.452187] rtc_cmos 00:04: setting system clock to 2026-03-08T04:30:48 UTC (1772944248)
[    0.454569] rtc_cmos 00:04: alarms up to one day, y3k, 242 bytes nvram, hpet irqs
[    0.455220] i2c_dev: i2c /dev entries driver
[    0.455578] device-mapper: core: CONFIG_IMA_DISABLE_HTABLE is disabled. Duplicate IMA measurements will not be recorded in the IMA log.
[    0.457481] device-mapper: uevent: version 1.0.3
[    0.458490] device-mapper: ioctl: 4.48.0-ioctl (2023-03-01) initialised: dm-devel@redhat.com
[    0.459231] intel_pstate: CPU model not supported
[    0.460437] ledtrig-cpu: registered to indicate activity on CPUs
[    0.460927] drop_monitor: Initializing network drop monitor service
[    0.461389] NET: Registered PF_INET6 protocol family
[    1.858791] Freeing initrd memory: 165788K
[    1.859279] Segment Routing with IPv6
[    1.859559] In-situ OAM (IOAM) with IPv6
[    1.859863] NET: Registered PF_PACKET protocol family
[    1.860251] Key type dns_resolver registered
[    1.860718] IPI shorthand broadcast: enabled
[    1.861976] sched_clock: Marking stable (1799002114, 62419063)->(1873596666, -12175489)
[    1.862656] registered taskstats version 1
[    1.863048] Loading compiled-in X.509 certificates
[    1.863769] Loaded X.509 cert 'Build time autogenerated kernel key: 7f71bdefc17a4d88631555bf9efbb1c93d6f5260'
[    1.864752] Loaded X.509 cert 'Canonical Ltd. Live Patch Signing 2025 Kmod: d541cef61dc7e793b7eb7e899970a2eef0b5dc8c'
[    1.865854] Loaded X.509 cert 'Canonical Ltd. Live Patch Signing: 14df34d1a87cf37625abec039ef2bf521249b969'
[    1.866934] Loaded X.509 cert 'Canonical Ltd. Kernel Module Signing: 88f752e560a1e0737e31163a466ad7b70a850c19'
[    1.867679] blacklist: Loading compiled-in revocation X.509 certificates
[    1.868168] Loaded X.509 cert 'Canonical Ltd. Secure Boot Signing: 61482aa2830d0ab2ad5af10b7250da9033ddcef0'
[    1.868851] Loaded X.509 cert 'Canonical Ltd. Secure Boot Signing (2017): 242ade75ac4a15e50d50c84b0d45ff3eae707a03'
[    1.869585] Loaded X.509 cert 'Canonical Ltd. Secure Boot Signing (ESM 2018): 365188c1d374d6b07c3c8f240f8ef722433d6a8b'
[    1.870356] Loaded X.509 cert 'Canonical Ltd. Secure Boot Signing (2019): c0746fd6c5da3ae827864651ad66ae47fe24b3e8'
[    1.871208] Loaded X.509 cert 'Canonical Ltd. Secure Boot Signing (2021 v1): a8d54bbb3825cfb94fa13c9f8a594a195c107b8d'
[    1.871974] Loaded X.509 cert 'Canonical Ltd. Secure Boot Signing (2021 v2): 4cf046892d6fd3c9a5b03f98d845f90851dc6a8c'
[    1.872714] Loaded X.509 cert 'Canonical Ltd. Secure Boot Signing (2021 v3): 100437bb6de6e469b581e61cd66bce3ef4ed53af'
[    1.873465] Loaded X.509 cert 'Canonical Ltd. Secure Boot Signing (Ubuntu Core 2019): c1d57b8f6b743f23ee41f4f7ee292f06eecadfb9'
[    1.876348] Key type .fscrypt registered
[    1.876616] Key type fscrypt-provisioning registered
[    1.877133] Key type encrypted registered
[    1.877386] AppArmor: AppArmor sha256 policy hashing enabled
[    1.877801] ima: No TPM chip found, activating TPM-bypass!
[    1.878168] Loading compiled-in module X.509 certificates
[    1.878846] Loaded X.509 cert 'Build time autogenerated kernel key: 7f71bdefc17a4d88631555bf9efbb1c93d6f5260'
[    1.879546] ima: Allocated hash algorithm: sha256
[    1.879878] ima: No architecture policies found
[    1.880197] evm: Initialising EVM extended attributes:
[    1.880513] evm: security.selinux
[    1.880716] evm: security.SMACK64
[    1.880921] evm: security.SMACK64EXEC
[    1.881197] evm: security.SMACK64TRANSMUTE
[    1.881490] evm: security.SMACK64MMAP
[    1.881748] evm: security.apparmor
[    1.882001] evm: security.ima
[    1.882212] evm: security.capability
[    1.882464] evm: HMAC attrs: 0x1
[    1.882888] PM:   Magic number: 2:481:514
[    1.885322] RAS: Correctable Errors collector initialized.
[    1.885721] clk: Disabling unused clocks
[    1.892044] Freeing unused decrypted memory: 2028K
[    1.892682] Freeing unused kernel image (initmem) memory: 4920K
[    1.892987] Write protecting the kernel read-only data: 38912k
[    1.893622] Freeing unused kernel image (rodata/data gap) memory: 1984K
[    1.901845] x86/mm: Checked W+X mappings: passed, no W+X pages found.
[    1.902163] Run /init as init process
[init-phase3] booted
[init-phase3] loading module=/lib/modules/6.8.0-101-generic/kernel/drivers/virtio/virtio_dma_buf.ko
[init-phase3] loading module=/lib/modules/6.8.0-101-generic/kernel/drivers/gpu/drm/virtio/virtio-gpu.ko
[    1.908231] [drm] pci: virtio-vga detected at 0000:00:02.0
[    1.908527] virtio-pci 0000:00:02.0: vgaarb: deactivate vga console
[    1.913229] Console: switching to colour dummy device 80x25
[    1.913566] [drm] features: -virgl +edid -resource_blob -host_visible
[    1.913567] [drm] features: -context_init
[    1.914334] [drm] number of scanouts: 1
[    1.914513] [drm] number of cap sets: 0
[    1.914820] [drm] Initialized virtio_gpu 0.1.0 0 for 0000:00:02.0 on minor 0
[    1.916799] fbcon: virtio_gpudrmfb (fb0) is primary device
[    1.919118] Console: switching to colour frame buffer device 160x50
[    1.921124] virtio-pci 0000:00:02.0: [drm] fb0: virtio_gpudrmfb frame buffer device
[init-phase3] loading module=/lib/modules/6.8.0-101-generic/kernel/drivers/hid/hid.ko
[    1.926537] hid: raw HID events driver (C) Jiri Kosina
[init-phase3] loading module=/lib/modules/6.8.0-101-generic/kernel/drivers/hid/hid-generic.ko
[init-phase3] loading module=/lib/modules/6.8.0-101-generic/kernel/drivers/hid/usbhid/usbhid.ko
[    1.929493] usbcore: registered new interface driver usbhid
[    1.929782] usbhid: USB HID core driver
[init-phase3] loading module=/lib/modules/6.8.0-101-generic/kernel/drivers/hid/usbhid/usbkbd.ko
[    1.931151] usbcore: registered new interface driver usbkbd
[init-phase3] loading module=/lib/modules/6.8.0-101-generic/kernel/drivers/hid/usbhid/usbmouse.ko
[    1.932549] usbcore: registered new interface driver usbmouse
[init-phase3] loading module=/lib/modules/6.8.0-101-generic/kernel/drivers/input/mouse/psmouse.ko
[    1.935701] input: VirtualPS/2 VMware VMMouse as /devices/platform/i8042/serio1/input/input4
[    1.936265] input: VirtualPS/2 VMware VMMouse as /devices/platform/i8042/serio1/input/input3
[init-phase3] loading module=/lib/modules/6.8.0-101-generic/kernel/drivers/usb/host/xhci-pci-renesas.ko
[init-phase3] loading module=/lib/modules/6.8.0-101-generic/kernel/drivers/usb/host/xhci-pci.ko
[    1.939381] xhci_hcd 0000:00:03.0: xHCI Host Controller
[    1.939668] xhci_hcd 0000:00:03.0: new USB bus registered, assigned bus number 1
[    1.940163] xhci_hcd 0000:00:03.0: hcc params 0x00087001 hci version 0x100 quirks 0x0000000000000010
[    1.940837] xhci_hcd 0000:00:03.0: xHCI Host Controller
[    1.941080] xhci_hcd 0000:00:03.0: new USB bus registered, assigned bus number 2
[    1.941398] xhci_hcd 0000:00:03.0: Host supports USB 3.0 SuperSpeed
[    1.941736] usb usb1: New USB device found, idVendor=1d6b, idProduct=0002, bcdDevice= 6.08
[    1.942151] usb usb1: New USB device strings: Mfr=3, Product=2, SerialNumber=1
[    1.942456] usb usb1: Product: xHCI Host Controller
[    1.942663] usb usb1: Manufacturer: Linux 6.8.0-101-generic xhci-hcd
[    1.942952] usb usb1: SerialNumber: 0000:00:03.0
[    1.943284] hub 1-0:1.0: USB hub found
[    1.943578] hub 1-0:1.0: 4 ports detected
[    1.943898] usb usb2: We don't know the algorithms for LPM for this host, disabling LPM.
[    1.944279] usb usb2: New USB device found, idVendor=1d6b, idProduct=0003, bcdDevice= 6.08
[    1.944629] usb usb2: New USB device strings: Mfr=3, Product=2, SerialNumber=1
[    1.944943] usb usb2: Product: xHCI Host Controller
[    1.945182] usb usb2: Manufacturer: Linux 6.8.0-101-generic xhci-hcd
[    1.945486] usb usb2: SerialNumber: 0000:00:03.0
[    1.945758] hub 2-0:1.0: USB hub found
[    1.945962] hub 2-0:1.0: 4 ports detected
Starting systemd-udevd version 255.4-1ubuntu8.8
total 0
drwxr-xr-x    2 root     root            80 Mar  8 04:30 by-path
crw-rw----    1 root     video     226,   0 Mar  8 04:30 card0
crw-rw----    1 root     root      226, 128 Mar  8 04:30 renderD128
total 0
drwxr-xr-x    2 root     root           100 Mar  8 04:30 by-path
crw-rw----    1 root     input      13,  64 Mar  8 04:30 event0
crw-rw----    1 root     input      13,  65 Mar  8 04:30 event1
crw-rw----    1 root     input      13,  66 Mar  8 04:30 event2
crw-rw----    1 root     input      13,  67 Mar  8 04:30 event3
crw-rw----    1 root     input      13,  63 Mar  8 04:30 mice
crw-rw----    1 root     input      13,  32 Mar  8 04:30 mouse0
crw-rw----    1 root     input      13,  33 Mar  8 04:30 mouse1
[init-phase3] seatd pid=124
[init-phase3] weston pid=125
WARNING: debug protocol has been enabled. This is a potential denial-of-service attack vector and information leak.
[init-phase3] wayland ready
Date: 2026-03-08 UTC
[04:30:50.037] weston 13.0.0
               https://wayland.freedesktop.org
               Bug reports to: https://gitlab.freedesktop.org/wayland/weston/issues/
               Build: 13.0.0
[04:30:50.037] Command line: /usr/bin/weston --backend=drm --renderer=pixman --shell=kiosk-shell.so --socket=wayland-1 --continue-without-input --debug --log=/var/log/weston.log
[04:30:50.037] OS: Linux, 6.8.0-101-generic, #101-Ubuntu SMP PREEMPT_DYNAMIC Mon Feb  9 10:15:05 UTC 2026, x86_64
[04:30:50.037] Flight recorder: enabled
[04:30:50.037] Using config file '/etc/xdg/weston/weston.ini'
[04:30:50.038] Output repaint window is 7 ms maximum.
[04:30:50.038] Loading module '/usr/lib/x86_64-linux-gnu/libweston-13/drm-backend.so'
[04:30:50.038] initializing drm backend
[04:30:50.038] Trying libseat launcher...
[04:30:50.038] [libseat/libseat.c:62] Seat opened with backend 'seatd'
[04:30:50.038] [libseat/backend/seatd.c:212] Enabling seat
[04:30:50.038] libseat: session control granted
[04:30:50.039] using /dev/dri/card0
[04:30:50.039] DRM: supports atomic modesetting
[04:30:50.039] DRM: does not support GBM modifiers
[04:30:50.039] DRM: does not support async page flipping
[04:30:50.039] DRM: supports picture aspect ratio
[04:30:50.039] Using Pixman renderer
[04:30:50.041] event0  - Power Button: is tagged by udev as: Keyboard
[04:30:50.041] event0  - Power Button: device is a keyboard
[04:30:50.041] event1  - AT Translated Set 2 keyboard: is tagged by udev as: Keyboard
[04:30:50.041] event1  - AT Translated Set 2 keyboard: device is a keyboard
[04:30:50.042] event3  - VirtualPS/2 VMware VMMouse: is tagged by udev as: Mouse
[04:30:50.042] event3  - VirtualPS/2 VMware VMMouse: device is a pointer
[04:30:50.042] event2  - VirtualPS/2 VMware VMMouse: is tagged by udev as: Mouse
[04:30:50.042] event2  - VirtualPS/2 VMware VMMouse: device is a pointer
[04:30:50.045] libinput: configuring device "Power Button".
[04:30:50.045] libinput: configuring device "AT Translated Set 2 keyboard".
[04:30:50.045] libinput: configuring device "VirtualPS/2 VMware VMMouse".
[04:30:50.045] libinput: configuring device "VirtualPS/2 VMware VMMouse".
[04:30:50.045] input device event2 has no enabled output associated (none named), skipping calibration for now.
[04:30:50.045] DRM: head 'Virtual-1' found, connector 36 is connected, EDID make 'RHT', model 'QEMU Monitor', serial ''
               Supported EOTF modes: SDR
[04:30:50.045] Registered plugin API 'weston_drm_output_api_v1' of size 40
[04:30:50.045] Registered plugin API 'weston_drm_virtual_output_api_v2' of size 48
[04:30:50.045] Color manager: no-op
[04:30:50.045] Output 'Virtual-1' attempts EOTF mode: SDR
[04:30:50.045] Output 'Virtual-1' using color profile: stock sRGB color profile
[04:30:50.047] DRM: output Virtual-1 uses shadow framebuffer.
[04:30:50.047] Output Virtual-1 (crtc 35) video modes:
               1280x800@75.0, preferred, current, 107.3 MHz
               5120x2160@50.0 64:27, 742.5 MHz
               4096x2160@50.0 256:135, 594.0 MHz
               3840x2160@60.0 16:9, 594.0 MHz
               3840x2160@59.9 16:9, 593.4 MHz
               3840x2160@50.0 16:9, 594.0 MHz
               1920x1440@60.0, 234.0 MHz
               2560x1080@50.0 64:27, 185.6 MHz
               1856x1392@60.0, 218.2 MHz
               1792x1344@60.0, 204.8 MHz
               2048x1152@60.0, 162.0 MHz
               1920x1200@59.9, 193.2 MHz
               1920x1080@60.0, 148.5 MHz
               1920x1080@50.0 16:9, 148.5 MHz
               1600x1200@60.0, 162.0 MHz
               1680x1050@60.0, 146.2 MHz
               1400x1050@60.0, 121.8 MHz
               1280x1024@60.0, 108.0 MHz
               1440x900@59.9, 106.5 MHz
               1280x960@60.0, 108.0 MHz
               1360x768@60.0, 85.5 MHz
               1280x768@59.9, 79.5 MHz
               1024x768@60.0, 65.0 MHz
               800x600@60.3, 40.0 MHz
               640x480@60.0 4:3, 25.2 MHz
               640x480@59.9, 25.2 MHz
[04:30:50.047] associating input device event0 with output Virtual-1 (none by udev)
[04:30:50.047] associating input device event1 with output Virtual-1 (none by udev)
[04:30:50.047] associating input device event3 with output Virtual-1 (none by udev)
[04:30:50.047] associating input device event2 with output Virtual-1 (none by udev)
[04:30:50.047] Output 'Virtual-1' enabled with head(s) Virtual-1
[04:30:50.047] Compositor capabilities:
               arbitrary surface rotation: yes
               screen capture uses y-flip: no
               cursor planes: yes
               arbitrary resolutions: no
               view mask clipping: yes
               explicit sync: no
               color operations: no
               presentation clock: CLOCK_MONOTONIC, id 1
               presentation clock resolution: 0.000000001 s
[04:30:50.048] Loading module '/usr/lib/x86_64-linux-gnu/weston/kiosk-shell.so'
[init-phase3] launching client=weston-simple-shm url=about:blank runtime=15 suspend_delay= wake= pm_test= no_suspend=
[init-phase3] app pid=128 client=weston-simple-shm
[    2.185468] usb 1-1: new high-speed USB device number 2 using xhci_hcd
[    2.312818] usb 1-1: New USB device found, idVendor=0627, idProduct=0001, bcdDevice= 0.00
[    2.313353] usb 1-1: New USB device strings: Mfr=1, Product=4, SerialNumber=11
[    2.313780] usb 1-1: Product: QEMU USB Keyboard
[    2.314054] usb 1-1: Manufacturer: QEMU
[    2.314279] usb 1-1: SerialNumber: 68284-0000:00:03.0-1
[    2.316006] input: QEMU QEMU USB Keyboard as /devices/pci0000:00/0000:00:03.0/usb1/1-1/1-1:1.0/0003:0627:0001.0001/input/input5
[    2.370634] hid-generic 0003:0627:0001.0001: input,hidraw0: USB HID v1.11 Keyboard [QEMU QEMU USB Keyboard] on usb-0000:00:03.0-1/input0
[    2.485564] usb 1-2: new high-speed USB device number 3 using xhci_hcd
[    2.611693] usb 1-2: New USB device found, idVendor=0627, idProduct=0001, bcdDevice= 0.00
[    2.612138] usb 1-2: New USB device strings: Mfr=1, Product=3, SerialNumber=10
[    2.612501] usb 1-2: Product: QEMU USB Tablet
[    2.612723] usb 1-2: Manufacturer: QEMU
[    2.612918] usb 1-2: SerialNumber: 28754-0000:00:03.0-2
[    2.613945] input: QEMU QEMU USB Tablet as /devices/pci0000:00/0000:00:03.0/usb1/1-2/1-2:1.0/0003:0627:0001.0002/input/input6
[    2.614677] hid-generic 0003:0627:0001.0002: input,hidraw1: USB HID v0.01 Mouse [QEMU QEMU USB Tablet] on usb-0000:00:03.0-2/input0
[init-phase3] guest-capture tag=pre delay=6
@@GUESTSHOT tag=pre path=/var/log/guestshots/wayland-screenshot-2026-03-08_04-30-56.png size=287651 sha256=decb3e03a100ded172651674d26cc7cd88510fd3f0880b4f885df339bd223431
@@GUESTSHOT_BEGIN tag=pre
iVBORw0KGgoAAAANSUhEUgAABQAAAAMgCAIAAADz+lisAAAABmJLR0QA/wD/AP+gvaeTAAAgAElE
QVR4nOy9fXQbeVrnWx2/SbYzURj3WGYcLIMaV7jutQKZ285hdnEf4I56d6GVy3BSDcum+rKLq2E4
ruHltoG9y+zhfYGd3gvsNLsLnd3L3Xi3BSlOBK4L4bThzhKzE24EbYggAhdEYBFLsjqWVFWS7dw/
nt/vV796kfNqy46fz9HxqSjDOTo9iaY/fL/P8zx3//59AUEQBEEQBEEQBEGedY51+gMgCIIgCIIg
CIIgyH6AAowgCIIgCIIgCIIcCVCAEQRBEARBEARBkCMBCjCCIAiCIAiCIAhyJEABRhAEQRAEQRAE
QY4EKMAIgiAIgiAIgiDIkQAFGEEQBEEQBEEQBDkSoAAjCIIgCIIgCIIgRwIUYARBEARBEARBEORI
gAKMIAiCIAiCIAiCHAlQgBEEQRAEQRAEQZAjAQowgiAIgiAIgiAIciRAAUYQBEEQBEEQBEGOBCjA
CIIgCIIgCIIgyJEABRhBEARBEARBEAQ5EqAAIwiCIAiCIAiCIEcCFGAEQRAEQRAEQRDkSIACjCAI
giAIgiAIghwJUIARBEEQBEEQBEGQI0H3k/wfvz41GOp+7sC+wp3+APj5O/4Znujz93T+Mxzpf/6d
/gBH/fM/jT//1/7Kflr/W4UcTS5M/EFn/vIe5u//Q//l0+kPgJ8f//zj5z8Un3/l06ce+39cnkiA
EQRBEIQn/8E2ew51P9fBT4I8A/z6X0yz57mvutHBT4IgCII8M6AAIwiCIE/K1nPP1baF2vZ9lF5k
j/jFP/qYIAg/JQg//NX/X6c/C4IgCHKIQQFGEARBHof4872d/gjIUeSn/uCr2PPnPvFHHfwkCIIg
yGEEBRhBEAR5BL7uhf5OfwQEIXz6dxLwcPnV9zv7SRAEQZDDAgowgiAI8gA+de5Epz8CguzG67/x
99jze9/6px38JAiCIMgBBwUYQRAECeZnXvlwpz8Cgjwyr/zX/wkebn57rrOfBEEQBDmAoAAjCIIg
Ln71W4aFb/5Ipz8Fgjwp5/7TaXhY/a4/7+wnQRAEQQ4OKMAIgiCIIAjCH37nR+EBNzkjzxinf3EC
Hja+N9/ZT4IgCIJ0HBRgBEGQI035B8fgAb0XeeYZ+bcvwMP9H/rLzn4SBEEQpFOgACMIghxFjv/r
LxMEYRu9Fzma/NSXCYJgC0LoR4xOfxQEQRBkX0EBRhAEOUK8+O9JF1RA70UQQbD/1bgtCB8IwthP
/3WnPwuCIAiyH6AAIwiCPPt8w38je3HRexEkkL/7gTFBEP5MEBJCodOfBUEQBNlDUIARBEGeZf75
b/49QUDvRZCHJffpU4IwOv3233T6gyAIgiB7AgowgiDIM8iP/f5XkidUXwR5dLKfGoWH5KW1zn4S
BEEQ5OmCAowgCPJM8Ut//DFBQO9FkKfD0j/7YkEQUr9S7PQHQRAEQZ4OKMAIgiDPAr/z1+fIE6ov
gjxtdHkEHuT03c5+EgRBEOQJQQFGEAQ53PxJ5eMCXjNCkP1BGhYEQdHWO/05EARBkMcEBRhBEORQ
Ut+ZqTcFoYnqiyD7zaVPfgQe5vVyZz8JgiAI8qigACMIghwyjvd/rSAIPQJ6L4J0mLf+8ZAgCJ+5
Vun0B0EQBEEeFhRgBEGQw8GLX/wJeAih+iLIQeInkx+Gh7c+X+3sJ0EQBEEeCAowgiDIQefrv/wf
Cui9B4Afu3ra2rpftXbYT/6BfwmCYG3dN+kD+8k/8LAeOzzAz3D3c+yXnlckdIx/gJ8/9A239uOf
AtKe+ZmTgiC8vfxBpz8IgiAI0hYUYARBkIPLt33lNwiovvvF9787UbV2Al8b1k7V2nn1W+/y9huo
vi4NXnDZb6D68vD2G+p+TviVAPX1azD7eaF7KBI6djJ0LNLm9dPf/Gd7/08REdSPRwRBuHTjXqc/
CIIgCBIACjCCIMhB5Pv/QUpA9d0DwHKLtW14wfOGtVOsbb/6TXdBd+F99rK27lcXdqrWTrKN/XpM
WBAEz7Pgtl+PCfNrzDwOHAoKgVn863HgFIjuAnmHvaKDXfBwMfTh6GDXSfpOdLALXujGe4EyfUIQ
hIXsZqc/CIIgCOICBRhBEOQA8Qvf+El4QPV9cr778pcXa9tGdYvp7lpt+9Vvusu8lz1UF3aKte1U
kP06Dsw98NKbtHasFtFd0+fAwhNUoD32G2YO3PNcKqgCDZbrsV/egVPwsOASYHiYHRwaoT4cHeyK
Rbqjg10/99qf78d/T8808tkPwYOeq3f2kyAIgiAACjCCIMiB4Fe/5YKA3vsEfNs7caO6BbprVLfW
atuvvnqXt99ibbu4sJ1yZ7+OA7vtN2XtVE2n/BzowNzDXRL5Lrhy4JTbgYVdW9B+B055st8FFgLf
DRwD5h9IETp8LOXLgf32Gx3sSg12RRccAQYHnh388AiV4VikOxbp/r9ez+/1f4/PKqnJQUEQhHyj
0x8EQRDkqIMCjCAI0mH++3d8i4Dq+4gw3YXXanXrV77271jea1S3igvbSY/9+l4pa6e4SfrPQdnv
3aq1A+XnVFD8++AZYOHJZoCD1l/tMgMMP1kROhI6Fgnd9efApAV9vCvJtaADX6lId3TBEeDoYNds
5OR4pDvGvVCJH4mkOCAIwrJhdvqDIAiCHF1QgBEEQTrGX3zPtwmovg/HN3zuS3OlFtPd9Cfu8gJs
LGylmPq6fxZr26nadnFze80nwFVrp1i7W13YSQULcHARGn6m3AJs7pcAh90CnApqQbd7kSI0aUHf
jfgEeGSwK3q8K+UuQvM/U5Hu2IJLgOciX8SUWBzqufrGX+71n4RngJl4vyAI2YLV6Q+CIAhyFEEB
RhAE6QD1fynXUX135et/btyoboH03iq1/uPX3J2gAgy6a/heIL2pze1VtwAXa9vF2l2+/+wpP3sS
4JR7+XOgAHsTYK78nHraApziHXjhAQkwe7F10ClfAhzx7cHiWtB3PZPA45Hu1HFXEZp/8UosDvXM
RSKnh3rgORbp/u3vXt3rPyeHl+lYWBCEXNHu9AdBEAQ5WqAAIwiC7CvH//W3C4LQg+obxIs/8SW5
UitXat0qtX7+q+8a1S2Q3omFVorKsOeV2thadQtwsXbXWNhKeQXY13+ubVetnbUgAXZeCy4fPhQV
aF8LOqACHQkdG6Fp8C4V6FikOzXYFVvojg7e5QV4PNKdOuk1YZDeVKRbXHAE+M2hyOmhHnGoRxzq
ef8H/nqv//wcRhKjIUEQjFKz0x8EQRDkqIACjCAIsk+88O++QxAEAdWX4+9/NgbGC9Kbm7o7UWpN
lFoTC61UqcUSYPYzVd0yOOM1qltG9S4LhAMr0Cm6/9nvwFVrp7iwXbUeuQKd4p4Dy897LcBhToBT
j1GBDh2LLngTYKcFPUha0P4KNBf53mXeOx7pjp3sTlHp5X+mhnrEBSLAbw4dZzIsDvX8v5829vgP
12FCjPYJglCstjr9QRAEQZ59UIARBEH2nL//n98QBAHVF/jYT49li02Q3p8pUuOl0st8mBhvqWVs
bN0qtYzq1hQx4buBFWjSf65uFWukAu1qQS9sMxnefQv07v3ngC3QQeXnwEtIwiNugfY4sKcIvfsW
aH8Levct0Ex62S5oMF6oQJPp36AWNPNhMN5YpPv0UE/sZHdqqIeZMLx4GRaHej4TjcBDItr7he//
q73+U3coiA31CoJQrW11+oMgCII8y6AAIwiC7CHf/GufEgQB1RekF7z3R4t3J0qtbLE5UWpJ6RaT
YfZKrbdWq1u5Umui1JqqbuVKd6W003/mi9ApuhMLXNcJftPbKb8Dcy/J2oFY2N9/dnJg3/7nwP5z
YBFa2IM7wP7y8y53gD0taL/9Qgs6OtiVCsqBmf1K7kXQbCqYqC9XfmYPry50i0PrTH3HI92p5x3v
ZdL76gJ5EId6PhM9Ac8ow4IgRCM9giBY1nanPwiCIMizCQowgiDInvDdvzUnCMIRV9+e7x1h0pst
NseKzYlSK7XQzJUc7xVLrVSxeWu9laNR8FR1PUfTYE8LOlXdWvUNA4PuGkEt6GJtW6Jngf3Zb7v+
s6cLzey3Xf/Z48ACtd92/WePAzP7Fdr0nwW3A4PlBragA3NgZr/+FrQ/Bx6ho7+Bi6BjkW6mxLz9
jlMf9rSgU0M9YroH8mF4nX6+R4r28iYsDvW8utDLBPgMleHWz67tx5/Rg0posFsQBGFrp9MfBEEQ
5FkDBRhBEOQp8+O//z3C7wlHVn2f/6GPQth7s9jMptcnis1ssTm20EwVifeKpVa22JRKrZtrTSa9
ufS65M6BifGWSBo8xbx3YUsKWgFtVLeY6xr+LdDpbSn4DJLrZ7v+c9slWLT/LO3XDLDka0HvfgbJ
34JutwU6OtglDXZF094cOBbpZlbsX3zFL4Jm3jse6Zbc/Wd4SUM94rvr7JdnRnpT1IHhZyram1jo
BRNORPvPkIfe9R/7m73+c3tA6e4SBEEQHvAnB0EQBHl4UIARBEGeGr/8x98vuAO9o0P9u4bBe68X
7o4Vm2NUeuFNsdQSi01IeqH8nC02J9LrUslbgYbgF6SXeO9CS6q2rUCvcsEveVggJvxEFeig/c+H
qALtaUE/dgWaeG/aVYEmi6DbVKBTkW4x7djvOIuC3RVoaahHvHyX2S8kw+yXiWgvL8PnRgfhYeAX
/m4//jQfOJ6zBCHU6Q+BIAjybIACjCAI8nT4tT9/86ip7/M/9NHlgp0tNq8X7Gx6faxgjxWbUppK
L31Ja82btP+cXbjLpBd+iqWWBCug+Vf7LdCrnuA37QTCgVugpV22QKd3mAw/5BZo0n82d6yt+xud
PoN0EnQ3fCzU/Zz00FugmfRGFh5nCzS0oGNpVwgMPhy8BTrtUt/TkANz/edEtDc11JN4dx2ez0R7
pREWApPXqwu9iWjv9GhfIho6N9oHz0ctFkYHRhAEeSqgACMIgjwpv/+3PygcpeB3ey6aLTaXC/b1
wt1ssTlWsMfSzVTBBu+NFexYsZlaa96E8nOxOVa8C8uuWP+ZzP2WWjm6DStwBXSu1JKqZAU0pMFG
dSu30HqYFdDeBHjhASug4adk7RQ3tx9iBfR61dqx0k4CnNqvBDjFJ8CkBX33gYugo8e7JF8CHLwI
esGbALNF0FL7RdAQ+TLvPQ05cPtF0KC+p4fIPDAf/L660JOI3qXzwL2pEaa+vYlorzTal1ggvzw3
OggPXf+2uB9/7g8AliBYW0IU/90NQRDkCcAvUQRBkMfnL+/9H8KRUd/6dw0vF+zlgn29sD5WsIc5
7wXpjRXsV9ea2WJzoticKK5PpJsSjYKzxWYM5n5p9jtRamUXminf3K9EbwLTFdCtqfQWnwa7hn7d
gbBnBXRg+ZllwsXN7Q3fDHDV2qla61Vrp5reAR9+wAxwRxPg3WeAwXgjafjlXb/9ngwdix6no79B
rxj1Xs8iaIh8Jd8wMOiuNNQTW3By4NNs+tf9Sg31JNKO/Z6Jknlg9pKivYl0byK6ThrRI8R74Scz
4enRvnOj/fBwRArS1S1B2LofGzwSXzsIgiBPHRRgBEGQx6Gx85lG80iob3n2I0uGBXnvcMEeLthS
ugkmTMLegn1zrblcsMdgrLfYhF50rNiMFcnuq5vFJmzDmki3+G1YZO6XpsF0C/SWlHZFwfBTokeP
XCZMJ34DW9DguqsbLhOm8e96cSG4/7zLFmiJs1+Tim5HtkDDImjn7tGjbIEmLeh0V3Rw3b8Na/xk
N7Nif/+ZTAUveLdAx4Ja0OJQz4W0KwRmqS/fgpaiveIC2wJNt2HR1/RonxTtTby7Ds9nRnolasLw
etUx4dD0aN9MLPThX7y7H383OkrRui8I98VIV6c/CIIgyCEDBRhBEOTR+FD/jwiC8Mwvef6bb38e
LPc94+5wwR4r2FLa5r1XumNfL9gTxeZYwZ5Ir0sFG8Je8rtFUoEG72UV6FypJRabuVJLclegc+mW
9KAKtEEr0P4t0GC8UnWruBlUgU6vO8HvAyvQtYepQN/nK9D+FdDCXi7BSjEHTu+2BMtVgR58qAo0
iYIv3w2oQB9/tAq0FFSBluhI8IMq0L1MhqWorwL97jqtQPdJp1wmfCFNHl6OheDho7+0vh9/WzqH
UdsRBCExhP86hyAI8rDgNyaCIMgj8CVf9GPPtvqC9y4ZFuk5G5bLews2eO9YwR4rrsNvZTnpvV6w
aQW66alAi6UWWDEvvSn3Cmi+Aj3FFkHTCrS/BS1Vt1Y3XA5sVO+yCnTbFdBUfdfcDuzKfn0VaL8D
796CFnwOLOzagvY78O4taP8iaI/9uivQAYugR+hDYAWaOTCtQK/z9jt+0luBZougWQWayXBgBVqK
9vIyDK4rci1oWoFmi6D7eBkG3U1E706P9oEJMw2eHu17daFvJhaC34KHZ9uEc9VtdGAEQZCHBL8u
EQRBHor/+Ut+UhCEZ9h+f/UTH1ou2O8Z68vUe6H57PXewrqjxMVmrGAz74VtWFLRtQVaYjeBYdlV
uslvgRap9Hq2QEMF2r8FWtrwb4Fe32ULNEt9222BloIuIe2yBVriBPigbIEOPfIW6EjomLTrFmhY
iLXbFuh3171boE8GbIGGCvQDt0BL3DzwGWa/nnlgZ/dVn8RpMA1+1/0mPBMLXUgTAYZM+Jv+n3t7
/feoU+Sq24IgCNGeTn8QBEGQgw4KMIIgyAP4xq/4aUEQnlX1/Z1XI0uG9Z5hLaXXxwr2cNqSCvaS
YcUKdtSwgr0XlLhg3yw2l6EFnbZh9FfkvJdVoCfobSTWfxa5hVjk5a5AsyK0VGqtbvAavM7fPfLu
xKptG9WtNbcGk1faVYEO7D/DSSRw3Y02Auz6mXYE2N+C3iMBlvgQOL3bEiy+Ag2BsKf/7Bn9JVFw
2hsCxyLdI4NdsUi35Cs/u68irTPpHT/ZLbnLz54KNLzOgPq6W9AXuNT3jNuEYRh4Ok3U90y0Vxp1
Bb8eEwb1nYmFpNG+mXRoerRv5sOhl2OhmVjoa3+9utd/szpCtrQlFIWXR3s7/UEQBEEOLijACIIg
u/FPv/Jnn0n1/cMLX7RkWEuG9Z6xPmxYw2lLMqzlgh01rFjBllat6wV72LACvZcqsT2Rbkq0Ai0W
yfNNXwXaSYOp9E7Az3TTL71SqZVbJ4Ewkd70utR+C7TBLYJmW6ClXbdAsxZ0my3QwRXoQ74FOmAA
+GT7/rN3C3TalQCPM+9ttwX6XUeGTw/1iM8HVaB9W6Cl4C3QvU4s7NkCnWa7r/oCTXgmFjo32ieN
Ew2eHu2TYqGZdGgmFnr5o6GZWGgmFvqq/1rZ679r+8/1YgsdGEEQpB0owAiCIMH87//gLUEQnj37
/aWvGQTvXTKsYcOS0haYcNSwpIL93qq1XLCHjXVvBZrzXqbEoq8CzcJeJr0sDeall0+DPdKbK7Vy
pXUIhAMq0FVfBbq6xTJhfwWauW67CjSkvo9XgeYXQe+/AIfd6vtIFWiSBqfbVqADV0DDT5r3ul5w
FclfgaaR7zrrP/My3K4C7ek/s1h41wp0gAnTCvT69Gjfy+MhabQPpHcmFrqQJg8QCH/779b2+u/d
PnO92BIE4ZVYX6c/CIIgyIEDBRhBEMTLv/mHPycIwjOmvr/xj07oeROqzizyBe+NGtaFVWvJsMYK
9nB63VWBDvLeXSrQ2UeqQK/xG7DW2ekjTwXa8CyCbl+BLtZI9rv6xBXowBZ0QAKcdnS33S5o4ekJ
MN9/9q+A9gvwSXcg/HgV6HGWAz+gAu2sgCY5sK8CfYGTYXGo58zIXlSgHRN2VaDfXSfP4yGmwSwQ
PjsQejkWSsbD/+g3Ptjrv4n7yXuFpiAI5+OhTn8QBEGQAwQKMIIgiItf/l9/4RlT3599qV/Pm7Tq
bPLeK61a7xnWsGENp9flgg3vxwq2ZFjXC/ZywR7zb4Eu2PBbE8XmRNrmK9DQgm5XgU6UWlKxmV1r
3qIV6CmtJPm2QLOdWOwSklHdktJtt0CzCjTdAr1VrG0babL+ql0Lmu2+Wmu3BdrXgj5cW6Db9Z/Z
wwi9gdSuAk36z4NdsbSjvvAQWIFmW6D5w7/kJJKv/ywO9cjRXvHddZDe00M9iZFeuf0W6DPRXple
QmIV6GmNmHBgBZptgZaoBjMThuDXY8JJLTwTC708HErGw9/7B429/lu5nywaNjowgiAIAwUYQRCE
8Jv/9G1BEJ4Z+/3VT3xIz5tLhrWYXx82LCltkqpz3pQM671Va8mwho11qEAvF+yYYYH3QhQ8lrYk
8F5QYuq9YwV7LG3LxSYoMRv9hZvAE8WmlLa9Fei15i04fVRsTpVKUpqsgM6VWolSK1tsstNHTvar
bUn8GDD9KVe3cqWWbxH0lszbrzv+hUx4LSj7Lda2q5prEXS7IjRvv04LunW/3S5oYS/vALP9z6Ee
Yr9y+zvAgfYrc/1nTw4MYiy77wC7VkAPdnkq0OORbnGoR+I0mP2Uh3piaScHZieRIO9lwe9FrVcc
Wge/PT3UI414K9AXtT52DClBZRhcFzJhTwWaTPyO9s1oxH7BhFkmfCEdmomtz8RCL4+HpFgoGQ+D
CV/UwjOx0It94ZlYKBkPPzNboxcNWxCE18Rwpz8IgiBI50EBRhAEEW5+538QBCH8Hc+I+v7MS/16
3lzMr+t5k6lvJG86kW/eHE6vsygYIl+IgsfStmsbVsHmlNiW6OjvMv0tbvTX8d7lgi0VmzfXmkx6
szQNZi1oyH5BeuF9tgiaZb8w9AvGy2e/uXRLcjef2y2Cdq4Bp10XgNu1oKvWjgzPplOBZvbra0Gv
W1v3LY28I/nst13/2ePAzH6FNv1n9iyxyDcNv7Ue2H9mzydDxyJhMvQbuAeLd2ASBaedC8DtVkDz
XWgp0i1qPXwOzHyYeS+8z1ZAg/SeZteA+WHgaG+Ck+EzI71s3JcOAzt7sJjuknb0aB+YMNFd3oRj
oel0HwS/Mh8Ix0Iz764n42EWCIMJX0gTAX5lOJyMh7/v2QmELUEQ5Mn+Tn8MBEGQToICjCDIUWf1
e36JN5BDzacmevW8eSG9fiJvnkibsmHp4L15871VS8+bLPKNGVbMsGTDes+wxug2rGU6/euOgm0Z
vLdgiwVb5qLgCY3Ev44VU++dKjantJLs3gINLWhIg6fAe4OuH7GzwE78m27JQVug5cAt0LVtlgm3
2wJNWtDmzlrbO8ClqkZ8+DBugZbhQTsWCZUCt0CPDHZFwm37z8x+pcGumOYNgaECLQdtgWY+zG+B
loNWQItpx3tPQyPavQVajvYmrpT8JjzNQmBuC7TM9Z89JsyMd3q0j999JcecCjQEwsl4+OXxkBwn
9ivFQsl0OBkPX4qHk/Hwz/9Zc6///u4PCzkTHRhBkKMMCjCCIEcX819eMt352yHl5796QM+bi3nz
Qv6DE3kTIl89b0bzprxqLeZNMuXLV6ANi98CTarOhiUX7PdoBVp+UAWaea+8RirQU8XmRHrde/2I
Si/x3nRTZqkvfZB8FWj5KVWgIRYubrpa0DQEXq9qO8XatvwoFeiqtSP7xoDN/apAh30DwFKbMeB2
FWhuBXTJEwWPDHZFj3dJg04I/PAVaPnhKtAS13x2VkBrjv2eHurxbIGWor3T1ITPjfZJI64V0A9T
gX455qyA5irQxIRZBVqKhZJXSjOx0CvxsDQeSsbDLBBOxsPvxMOvxMPJePhT/72+H3+r95KFnCkI
gpIY6PQHQRAE6QAowAiCHFH6fvw/C4dfff/FVEjPmxe1kp43hzVTzpvgvdG8eeG2uWRYw/l1WSM5
MFPfMcMa0yzwYfBe8n7BHjMsWbOdqWC28qpgT2gkCmY7sZj3ThTWZc3ZAg2uK9NF0FPFJlSgQXcT
9CeIsZP9ai3ZtwU6V2rJni3Q1S1DI9mvfwu0Ud2Sa9vGhrcFXayVitq2/KAt0J7I17MLercEWCMP
8t4kwDJzYO2hEuCTbgGWgvrPnulfebArqnWBFbv6zye7JbcD8y850h3TXHuwTtP+s2cLtDzUI2o9
vAzL7v4zNKITGrf4ym3C06N9F9K906Ml3oTZSx7tm9aCt0CznVie4FeOhWY0rwYn4+EL6VAyXpqJ
haQXwqDByXhYjoeTWjhJNfhH/8ja67/de82llQY6MIIgRxAUYARBjhxj/+f/LQjCYbfff/ZlPaC+
J3KNE2lTypt63ozkTSlvLt42hw1rWCtJeRMiX9mwFvPmkmGN8duwqPdC1VnWuCiYtqAnuG1YziLo
O/bNYnOiYPPeC2mwTG8CexZBJ2gCLJdaN6kJT5VaOa3lXwTNTh852a9G7iEFL4KmustlvyWIhdst
gq5aOzJ92G0RtLVTTe9IQSugd18ELezxEiz/Cmg+AZbc+58DV0DDsxx0DMm1Alrrjg6u8/ZLlLjN
CmgW+bL+M7kG7F8BrTlR8JkouYfkGgbm7iGdG+2TuRXQzITJMaRTrhXQLPj19J9nYqGLdCcWGC8z
Ydh9RbJfasJyPEwC4RfCEtVgKR5OpsMpsX8hHk7Gw//xL1r78bd9z7i00hAEQT072OkPgiAIsn+g
ACMIcrSY+veXD3vn+ZMf7dJyjYvaBydyDSlt6jT1lW+bi3lzOG/KWom8CdO/sPVKs4gPu6d/WRTM
H0AaM6yxgg1Twc707x0blHiiUILbSMx7+ZvAE1qTjf6yKDhbbN6kc79TVHrZIuhciWS/rkCYm/v1
tKCNjS13C7oEx4E9/Wemviz4DdwF7W9Bt3vx9iu3UV9zbxLgcJsZYGnXO8D+IjTXfw7e/0yi4KD+
M1wDjmndsUiJ7z8zH/b0n6VIN2y94ldA8/PAoLtytJfNA59h07+eYeB0L7v9K3OTwNOjfRe1PjDh
c6N9stuEL3IroPndV3zw6wqE4+GZdAh2YrFJ4GQ8fPFKCYJfmQuEL1ANTon96b/Z3uu/9XvK29k6
OjCCIEcHFGAEQY4Kn/gv/0045BO/Hz8h6HnzwvXGibwppRtO2/lWQ8+bJ6m3ArcAACAASURBVPLr
4MPQdpbz5iK3BRreB++l26EtiIJjBVvmomB+GxZ4L2lHF9aZ94ISu7w3bTPvJVbMKtCl1lSxKWtk
CzQLhJn0snlg2InFb4E2qltSqWVskBY0DYHXwXj9W6DZ3aNVzxZoeE47F4DbbYGGZ4nzXrPtFuj7
ASFwmriu/DS2QMssBE4HxL/t+s9h7lni4t9dtkBLg13RtMt74TUe6WZXkfxboKVIdyzdLQ45Pnx6
qCd2slt2959JCJx2vNdzD4n9vKg5IfAZyIG5LdBStJfd/gUTnua2QF9I902PrpOeMzVhyH754Jc3
YZgEJsYbc7ZAQyD8CtSenV50OBlfT8bD8ul+psEXtf5kPLwg9ifj4c9/sB9fAnvE29m6IAjz08c7
/UEQBEH2HBRgBEGOBBd+LX2o1ffswH0t17j4XmM4b8paQ8+bkVxDzpuLt00t1zihldj0L3jvkmEN
501ZIxXomGHJeZMsfE6b/PSvzKZ/NUumFWixYMuGdf2OvVywx4x1WbP5KNjx3oI9pTVlGgWD/cLv
0kXQJP7N0Qp0rtSS6U4ssgQr3fSM/sLcb269xY3+lnJaSw6qQMvUe1c9S7C0B1SgIRlm6ru2yxKs
9I61dV8+DBVochBYa7sEa4QTYDnoDjDvwLJvBfQ4fZCDKtAyWQFdYsPA4vOue0hsBTRsvQpcAQ0P
smcYmDqwswJaIwPAvAnD60K6byZWmh7tO3fKVYGG4Nc/CSzFQkktTPSY6i5oMDwwEyaTwO+up8T+
V14Iy/FwSuxnGqyJ/Smx/0b9EH/PvHWjhg6MIMgzDwowgiDPOHO/dUU4zMFvvGv7Sq7x07nGibwp
aw0t14jkTSnXWLxtDufNE+l1j/oO581hzWTTv1CBhsgXtmEtcd4LU8H89K9kWNfvkANIE1oJbgJ7
DiBNFOwJ/yLoYpMMBnPey16Bi6BZGpyjLehb6/wGrJKsuRZBs51Yhvv6Ecl+tW3Z7cC7t6BZDsyK
0Lu3oP1jwKwL3e4Gkul2YGHXFrTfgcPtLyFJQQ68ews6Otglh455ys/soV3/mbdfOdINV4Jd/Wd2
DZiOAbMK9EWtJxZZdyrQzwf0n/0roAP6z5rTf+aPIZEV0NziK96E5Vho+kqJVKBP9cncCuiLWsAx
pGQ8DO+zCrQzCUx3X8ncJHAKetEvhGWxPxkPp8R+0ODLYv95sT+/3bXX3wx7xFs3aoIgfObjH+r0
B0EQBNkrUIARBHmW+eHf+/XDq76j97eu5Bo/kmuc0BpyjqivnGss3jZP5BqyVtJyDY/6ypozEsym
f8c0S6Y+HA2a/iWLoFfJ9O+EVpK5bVhy0CJosWCD9C4XyEKsqWJTSttZ3/QvvwiaXT9iPz3Sm9NK
fBrszP3StViu7FcL3gJdrG3Lvha08+J2QQdugWYv/zroR74DrHlngOX2/3VL/hng9CPfAfYsf5aD
cmB/C5ruf/a+PP1n/xboi5rrl7DySnZPAjsroK+UeBn2959BhtutgE5Eey9y/Wdiv21WQMtc/xlM
mEwCjwevgOb7z3I8PKO5NJi2nb0anBL7L14pkTSYarAs9qe0/pTYf17sLzx3WP8t6yeXN9GBEQR5
VjmsX80IgiAP5LP/4+ohtd+hVutKrvFDvPrmGvKtxmLepb6kBe1TX+5NEvl6FkFD5OtEwasQBZf4
A0hwENh/AAmi4OWCfb1gTxWbEwXbOYBUsF0rr9wtaF56s2vNW6XWFLSg3dLL0mC49+vSYK3lMV6+
BW1UndNHnhZ0uxfsgva3oINfGilCP4IAP70lWA8U4HblZ/7l6T8Hlp/5q0ie/vMIFWBP/5nzYZf6
jtNTwN4V0FSGIfJNjPTKnAb7+89sLRa3+Io8n2P2G2TCL8dCsmsFdN9MrDQTC7087qpAs0D4lXhY
5o4hXdRCHuP1aHCKZb+gwfGwfLo/JfZ7NLjU07PX3xh7ATowgiDPKijACII8g1z+098UDmftedBs
Xsk1NJ/6Xsk1TuRKsmZquUY0b0ZyjYt5U8s1mPrCNqyLeVPnfDjGqe+YYQ1r7unfVRYFl+B9kVPf
CZgKLrimfyENnijYEwVb1pzRX7FgswNI4L2w8sqVBq85o79TxZKscbuv2iyCNjSS/XqK0Lu3oP1b
oHdvQTs/tW15FwF+UALs70ILgmC1HleAewIEWH5QAryL/cqhY1EtOAH295/9W6DlSHdUC+4/y+5J
YJHlwJqTAPtXQNOtVz2JqCPD8og/9fUeQ5rmtkBfbNN/BhN2Jn45DZZjoZkrJRL8ugPhJNt95dJg
bvrXrcEpsd+lwVo4JZbOi/2BGlwL9+71t8dT5yeXNwVB+MmZE53+IAiCIE8TFGAEQZ41Fv9SP6Tq
e3ml3l59G6C+cq6xCOqrmbK7Aq3nzWHN5EeCYfp3zLBgGxYosTvydUXB1wv2kmFNFGxZI4ugA72X
KXG22JTpQqypYnNCswMOIK2xNLiU01qyrwLtvX6ktWRfBZqsxSq1PMbraUHz6ivT57X2LejdK9De
IrS5Y23d9xehH5QAl4THTIBLwqMkwCfhORxcft6lAh3Yfx6hAiz7jiG16z+TvNd3DIl4rxZwD4mv
QMNl4ES0RFLfkYBjSJ4V0AmuAh1owp4V0HAMyR38ugJhfgW0pwIdOAksi/1JLUyyX24SuJ0GvzY5
cBg1+DOfv4cOjCDIswQKMIIgzw437/62cAiD30GzubBSv5Jr9Gn1duobyTX86stXoD3qCz7MT//G
DEu+bXoi35j7JvCEZnsXQdPpX88iaFDiLEz/+hZBy8XmzTW6CLpYYmkwU1/PImheevlAmM39Ohrs
m/v174L2JsDc0G/gLminCL25DbO+bRLgkrV131+E7ngFmpWfQ93PRUKlwPgXZoOjx13l53YVaKbE
vPq22//M+zCvvmweOKD/rDkJML8CmlWgL2q9YMKJaO8ZzoQ9K6BJJuwOfl0m7F4BPa05l5Bck8As
EH7BWQHNJoG9K6B9FWiPBoP0BmqwpJnnxX7pEGrwZz5/TxCEt74u0ukPgiAI8hRAAUYQ5Blh9d7v
HGL1XakT0V2pB6rvlVxDz5vDWsOrvrlG4PTvsGYqcPsXKtC3Yfq3DFFw4CJocvvXO/1ryT7vJQeQ
Mk34LTb9qxSb1+/YdPS35EmDlVILZoNzMP2rtZTSbi1ocg1YI9kv2wLdrgVNrgFrTvYbeAOJyPDm
9oZnC7S1U7XKbB30w2+BDlRfOegSkvCIW6DhQd7Vfh9mC7QcOhbRwHhLHvU9GToWPR5QfvZsgYZ5
YD4Ebtd/jrEcWOthPtyu/wwyDOpLZn2pAzvDwFeICZ871eeZBFa4Y0jeFdCjfTOZkGcSmAXC/hXQ
M7HQbCYMgfArL5AKdBK60L7gFyrQKbH/lXiD1+BUpj8Zb5yHyNenwdLkQCpvXtT6pcnDqsHzSx8I
6MAIghx+UIARBHkW2Gi+d7jsd6jVWlipX16pn8g1ZK1O1DfXuHKrcWLFq75arjGcMSEcZi1opr7k
Tfc2rCXDikELetUay5tjmbJMDyDF8qZ/EbRYsEXagp4wrIkMiYKX4X3fImjIe8WCnSg25TtOC1rJ
lFkOzC+Chux3qthUMq5F0JAG+1vQCtivrwXdbhc0sV9fC7pY2zY2tvwt6KpVhmTY338OLEIrPvvd
OBh3gE/6BoDlIAdmd4CjnjvAma5IqOTvP8dO0jvAvv4zPATvfw7sP1MZ5vvPStS5A8wNA/cyGfb0
n6dH+y5eKbH+s3LK6T9DJuxZAQ2uOz3ap9Dgl/WfnUlgbgU0pL4zsZASD89cKSXj4ZfHnUtI/hXQ
KbFfyzWYBitifzLXSIn9itif1Bow9MtrsDRZPn+6XxaJBs9mBlKi+drkgDQ5cLhWZM0vfYA5MIIg
hx0UYARBDjd9vb93XxBCxw6N/Q61WlqucXml3rdSB/UNrdTlXOPy+3W24ZnIMN2GpeRNvgV9Itdg
27CieVPJm1fc27Cg7Ux9uMQvgiaRb97kp3+Vgs1Fwc4iaGf6F9rRdCFWAg7/3mGLoEtsEXS22EwU
SSOaLYJ+KdPyLIJmLehcqfUSvOMb/Q1sQRvVLSXjPLuy3+qWXN0qbrpa0MXadrFW9qyDZheAPQPA
LPgt1rY3grJf1wYsjXiv4nNggdpvu/6zx4H5/99NYP9ZcDswWC551gI2YPHPJzn7lYM2YHme5cGu
WKY7Oljic+DxSHf0eBcLez3DwOJQD/PhwP6zZxg4Qe03sP+skGFgZwW0MtrnMmGtd3q0RPrPp/r4
s8BgwkR3uTFgugKaGi8NhGESGCyXN+FkPHwRzvzGwwrtRTMNPi/2y7mGcwnJ13+Wcw22+4pJL2yK
fu3FAVnsl/JmSuy/qJnSpPna5EDqUG2Knl/6QBCEt5MnO/1BEARBHhMUYARBDjHDH/q8IBwa9Y13
bUPqu7BSl7X6wko9kmvIK/UrtxonVupKpkzecVLfhgKpL31zOG/KWkPPm9FcA7wXdj4rGVPPm7G8
qeTNxduwCLrkWnyVN98zrDGYCobI17BEw1IM6z3DmqBRMOS9bPqXLsSi3luwEwVbKdjX78BCrJKS
Id4LVsx7b7bYVDLeRdDQeYbp35dKrazW9I/+Kr4WtJFx7YJmLwUeNjwt6FIx49oF7X/xd4DX2i3B
yuwoj7gF+uFngBX3HwyZPjzJGaTA/rMSOhbJBC/BGuG8V2lzCQlcVyH7n8uu/vPJ7likW3GPAYPr
KnT/M99/VoKGgROZXucYkq//nIj2zmZ6/SbsPoZUmh7tO3eqTwmaBAYTVtyTwCz4VTyTwPT2rxJ3
JoEvauFkvJSMh195Iaw4/Wdiv2DCKbE/mWvMevrPeVPJm6mMmRJNXTThTWly4OKVkjQ5cP50vzI5
kMqbUt68qJnS5ACkwfntrn35KnoKqNeq6MAIghxSUIARBDmsTHzk9w+R/a7c3vyRlfrCSr1Pq8sr
dS3XUFbql9+vazT1XVipK7nGlVxjYaXuWgRN1VfJ+BZBZ0yFr0CD+molmVagY3lToTeQnOlfPgqm
N4GXuQo0eO+EZim0Ak2i4DtsIVYJpJf3XkiDs8UmnEfytKBBesF7Zc1VgQ7cBW1kthRfBRqkN7fu
2QVdMrQtJagCTXSXPqwFhcDVjOsUcLsKNAuBFZ/9Vq0dc38r0OGgAWB51zFgTwVaGeyCqWBP/Mvu
ISncALCnAk3ngUuu/c/P9yi+S0jgvYHHkBLuCvRsxkmAIRb2mXAfu4TEmzA5hnSlRPrPp1zBL5sE
ZibMBcKuSWBWgZ7NuC4hsYVYyStEg1kFWomHoe2scRXo2YzpGQOGFdDS5IAumnLelCYH9Lw5e7UM
abBiWKm8KedNiabBky8c34/vo6cBOjCCIIcUFGAEQQ4fX/OlfyAIwmGx38KdOhn3zdSVlfrCSj2y
Ur/4fn1hpX4iUwYZjqzUZ6n6stQXfHg41wD1jfCpL+1FR7nUdyxTVvIkCoaRYGg7KxmSAzP1nTCs
iYylcFEweZ96r6PE1HunCvZUpqzQKHi5YPPeu1ywWRqcgLC32IQ0mGiw1vQcQGJpsBP/Zkj8m+O6
0KQFvc4nwGUjQ+Nfzx3gmpP9rvkT4My20mYLNP/TE/z6u9ABCXDmPqtD790WaIU9Zx6cAJ/078Fq
cwaJvZTBrmjGmwCP8Dmwu/kMLyXSHcsQHyb95+dpDhzp5iNfZahHzLiGgVnqyx9DSnhSX88kMLf/
mUz/0pcy2jd9tcybsDPxS03YE/wqsdBMxqvByXiY9aJfiTvBrxIPJ6+WiQbnGuQOcK7h7L7KNUB6
ZzNmSjTPi6aSN1N5ExQXNFgWTWhEK5MDqSslaXJAeXFAMizJsBTDkjLWa5OWNDkwempgr7+Xngrq
taogCJf+8Rd1+oMgCII8AijACIIcMl79ii8cFvWtrZsLK/V3srU+2nkOrdTl90GGy0SGoQWda5zQ
6qC+bAD4RK7BtmGB+rJtWKwFvXjbHM41IPXlF0GPGdZYxmRRMOTAS4Y1wUfB3CLoiYKtZJwoWCzY
8qp1vWBPFewJrcSmfyEKXi7YN4vNqYLNey+kwUqxSX632JwqNj0HkPwt6FyGLMEKOIC0zregy7Jv
ETS/DnrNnwBrW0qbRdBEdDkH3tglAdZ25KAV0Lsvghb2awmW337hMFJEa5sAn+TsV2lzDAmkl84D
uxLgkaBjSGwFtDLUE7tScvrPzwcfQ1KivSDD/v6z+xgSMeHp0T7FvQL6It3/DL/rXQF9tQwLsZRx
p/88EwvN0kA4aAV0iM9+YSFWkgXC/CWkK6WU2A8aDP1ntvtKF02mwRd9Y8By3pQyA+dFk/SfJwcU
w0pdKb02OSDnBySnEW2+nrCkyYHB58P78T31xCj6BjowgiCHCBRgBEEOExe/8g8Phf12b9pMfZUM
SX2h83xipQzvhFbqSq4RsAiaS31ZDsxvwyIt6NuwCLqk57kB4Lw5RkeC+elfPW+OZSy2CJqf/mVR
sHP79w60oMtwG8k1/QtRMB0M9kz/Qho85Zv+ZWlwjnqvpwXtjP6u87ugS4q7/8xa0Pz1I/LStmRf
/5mpLx/8+ovQVWunqG0rbcrPu8wAy+1ngM2nlwCH288AKw+aAfYXoeXQsWgmIAEe8UTBQf3n6GCX
TPJe5zXOHUPy9J/lSLd4peREvs97h4E9/Wd2DElpMwns6T/Dz9mMs//ZMwk8mwlNj5ZmYqFzp5xJ
YE/w6wqE6e1ffhI4GQ/PZsgKaJYGa7nGRarBrP/Mdl/pXPbL0mD/Cmg5b0p5U5ocmM1Y0mQZGtGQ
Bl/ULGnSfD0xKE0ObB3v2+vvqycHHRhBkEMECjCCIIeDN/9BVhCEQ2G/125WL6/UL2VrILoLK3U5
W7v8Pqx9LkHqq0ApeqWuZBp8Dgzq69uGZTq96Lx55VaDrXcmhWc4jOS+gaSwKJjeBI4ZxHXpVDBZ
BC0WbMWwllZZC7oELWiRei87C8y8F5TY34IG44X/jEy9F/Y8ZzMBLWiQXseEtZLMbYFm3gsmzKQ3
V2qB8Xq2QLNnhbagA64BU9cNbEHzIbDs9t6NNgmwPwQWBIGVogVBsLbuK4+yBVr29J8zAVug2+3B
OukeA5bd8W+7/rMcOhbVAi4Aj7AjwO7+szMPHOlm+67IMDB4r7v/TEJgKsOJaC/IsKf/rND+s3MW
mEt9IRPm+89Md2km3McO/7LfIv3nq2V4f2Y8xJswTAK/AnlvLATGK8dCLPhVgi4hKWI/0+DZq+Vk
PHz+NO0/500lb3ouIUmTA04pmma/dPeVBWPAUt6E/VhMg5cM66JmyQnrtcmBrztzCC4PKfqGIAgL
qQ93+oMgCII8ABRgBEEOAT/xv/zxoVDfldubEPyeyNSVbI2M+96sLdAlzwuQA6/UT+QaoMfRXENZ
qcPuK0h92TYs1yLovKnkGlduNcbyppIpw/nfGHcDyUl94fwvmf4li6BFw1LyJruBBG3nJRYFr1oT
BXvCKCsZa7lgLxlWomArhrXMbiBlbIWLgh3vLdjZYlPJ2Ex6s9wu6Cy3C5pVoHOlllJs5tZbN9kS
LK3kGf1lxnvLHf8qmYAKNLl+VNuGWNgV/2a2lfYVaBIOcwK8sfsSrMyOcrAr0LDzeZclWK7ycyhg
CRbvwDASzMe/49R+Fd8kMFjubMYVAp9md4D9+5+vluH5TLRXfJ6cBeYr0IH7n5kMw04sSH15EyaT
wPQS0rR7BfRsJjQTK0+P9r087gp++UtI/ApoCH7hzSR9zWbCMPELb6byZjIeZhqs5E1yEJhfAc12
X2VMadLSRZNIr2HNZixIg5n0zl4tS5MDyplBMhhcsKWM9XrClg7Jfiw5U0EHRhDkgIMCjCDIQedz
37hy8O23tNYgnedsTcnUL2VroZW68n79nWytj437rtRnwYEz9QW2CHqlrrkHgGd9N5BAfYfzppIp
a/wAcN4czjXYDSS+Be3cQOIWQU/QFjS5gbRKWtBKpuxM/9KzwBOk6uy0oMGBwXvZ9C87Cww9Z7YL
OvAG0s01sgg6WywpmVZwC5rPfjMtzwEkvgXtKUIXa9tGxlWE9mS/niK0swiaSW9mB5R4l/7zLvYb
uAGLPLR2s1/AceCetvar7OrAu7SgyQXgzDFP/Av3kPzlZz4HdqQ348qBx/k9WNwYMDuGJGacHNh/
DAlc96LWk4iW4ZdnRna7hES2XnHlZ34S+ByzX1f/mQTC7PAvmQS+Wia6O+7uP2dcY8C8BvP9Z7iE
RG7/0jHglNjPazD0n5kGs91XMAbMpDflVKAtZdJytmFdKb2eGFSMAcmwZBoFgwYPjfTv9bfZE4IO
jCDIAQcFGEGQg8uVb7klCMLBt9/09co72dolqr4LK3UFOs/ZkmsA2LMIGtQ3U1dyDYiCSQvar765
hkd9r+QaY/QmMPNenRsA5m8gTRgWi4JjNPJdMiyIfFkUzG4gTRVsFgWL3PQv7IJWMmQhFtl6RdPg
rLsF7Uz/rjlp8EuZsuJuQfu9l98F7Yp/3S1o8nKvg+bjX5b9rvniX9gILbfZAu1/KbwDmzvm49wB
LguPMANcFoSALdC73AEOdz8XCTv2q7SfAfb89G9+5keCIQf2X0Lilj+7hoHFoR7FNwns2f/Mm7Cn
/yxeKTmp74h3Etjff2Ya3G4SmAW/nktIdPFVaCZWnomFWCDMjNejwWwM2GXC5PZv+LxoKhAFUw1O
if1+DXb6z4al5E0pY6VEU5n0roDmx4DlRPm1FweUgi0Z1nLBZhr8yXMHfdpWzlQEQdA+OdTpD4Ig
CBIACjCCIAeU9/63Pzv46nvj1r1L2do72Vpfpgad51C2Nvs+DACXL2Vrjvp6tmGBDFP1hRb0CdqC
9quvMwCcgxa0KwfW8+ZYxlTc27B0t/qSFvQqLL4q8zeQ2EKsqQxpPrMWNPPeKXcLWuF2Qftb0G7v
LTMrdqS32MyVnBZ0rtSCQDiwCL3KL8FqcwAJYmHPASQS//quHwUOADtLsEzX6SNfCFy2Mvf5g8AP
J8BP4QxSoAAroMGZ5yKhcrv492ToWCR8jG8+B55B8t9DYtLLH0PyX0JiPsykl5dhz2uWu4R0hqkv
J8M09S37TdjTfybboT39Z96Euf6zEgtNZ/oCFl/FQjNXqQa7+8/w7L2ExAXCpP+cMXkNTuVNdumX
12DoP5/n+s+gwbz0QhTM3pEL9uzVspwYVF4ckAs2NKLljP16wpYTg2dPf2ivv9+eEEkrowMjCHIA
QQFGEOQgcvM7bx98+/2Zxbs0+K1dytZC2Rp0nk9kygrLgbnOs1+GPepL3sk1rtxqaB71zTX86gs3
gQPVF96EbViiYSm32VRwmZ/+XTJYC9q5gcTUlygxy3vdLegp/vYvaHDBDvReVwua1+CM9wCSJxB2
pNddhGbG6ylCO6O/7iK050V8eNO5fuROgMsw7vvALdAPI8DK4wqw8igJ8C5boGEwOBIq+xPgk6Fj
0ePe5rP/GJIS6eaHgf3lZ88ksDLUw8uwv/zMybBr/7MS3H/mTNi7/7lt/xlMmKW+nktIoMEzbhOG
AvPLsZDygqPBHuP1aLDOsl9eg6nxMg3WqQZLhuXXYI/0sneWJi2FSq90tQyNaLlgywV7NmPLCfv1
hP19r3xkr7/lnhB0YARBDiAowAiCHDiM7/kLoftA22/6eoUPfi9la0q29s7N2omVspIhObDCtmFx
u6+YDMM7bPcVGwkG9R3OlBW3+sJ2aI/6Dmca7dTXmf69bS4Z1li+rGQsnQ4AK+z8L1XfJW76d7lg
TxiWkrFBiRPtW9CgvkqxuXyHpcFe72U3kEgCnCGngPkBYG8LmgbC3gNIVIA9RWhYjuU/gARFaDL0
u+k34XI1s6M8RAXa6UIHCbDZiQQ4HCTAykOcQeLLz5HMsehg2Vt+Pu7kwP4zSCC6s0GXkIj6+irQ
fOTrkWGW+ipDPQkqw+0vIZVJ6nuqT3FPAre7hDQTC81miPrCamh3/9l7CSkZD89mQsl4eSYWeuWF
sEIr0O00OJUx/RpMtj3z/WemwYaVyptLVINhGxbZfcWkl2tEv56wFcOC7Hc2Y0uT5dfPDCoFWy7Y
EAV/MmHLicED3ohGB0YQ5KCBAowgyMGi+oOroYNtv5+6/Ld02RUJfmdvQg5cdqnvSh1kOHAAGLZh
DWcaygq5ADx7q7GwUm+nvnwFmqkvWwQd3IIG9c2UFVqBBiX2nP/lW9BTBXsiYym0Ag1KvEsLOrtG
pn+nCmWWBvu9F24gKb4bSNlik5defvqXzQCD9N7yJMBtitDFGsl+Vzd8CXCm7C9C+2eAPcHvxsMk
wPTikbL3Auwswco8OAE+6YuC/TPAAeXnq2VPAjx+kubA3Axw4DAwW/7MyzB78ZPAIMMJmvr6LyEF
mjBNfctkEnjEt//ZbcIs9VVG+2YyVIM9/WfuIDC7eKTEQsmrVIPb9J9hBbRfg/nbvx4NliYHlNP9
kmGl8qZiWKmM6d195W1E29KkW4OhEX1m0BMF//xrX7zX33tPAjowgiAHChRgBEEOCqEf/2vBfRP1
oPHzv73+9o3Nd6j6suC3j+s8vwMPTH2ztXYDwGquQd651bi8Uh/OlNUc14L2qG+usZg3yXZoqr4q
HQn2q+9Y3pzQK/AmTP+StrP/BhKNglXdhvf5G0hTgS3oO/b1gv1SsblcKPPTv9N0J5bnBhI/AOyZ
/oVAOLAFvUqvAcM6aIXbAu0vQjPjpeugie62a0EXa9sqtwV6jWa/3hA44yzBeuAW6AdeQhIecgv0
g24gPXALNFmClQmIf2HtM1Nfpc0YsNN/HuyKXS0z9QUf9pefnf5zpJtf/kyGgX3lZ2WoJ6H3eiaB
+TFg/yUk1XcJaXq0AiY8fapt/5m/hMQCYf8k8GwmBP3nGe4SkhoPz1wtJ+PhQA0+L/YreZPX4JTY
r8dNfuiX12BQ3NTV8muTA0q+v730kka0WrAlJ/u1lhM2vKMUbPmquEeRbgAAIABJREFUEwUvF+zZ
jH02YStnj3/q65/f6+/Ax0bSyoIg6NLB/YQIghwdUIARBDkQRP9N4YDXnj/5H+7Q4HfTE/ySZVfZ
2jvZ2gm97hsAdufAK3UlU9dyjSi0oG81hlfKqk7UV801Lq/UmfpqVIb1vDmWaSi5hp43Y7kGU19V
N2E7NK++MOgLb6qGtZg3lzj1JUrsjoLJzmfDUmkLesqwoOoMSkxa0HcgDS6rOrmBNF1sLhdstdiE
nVgvBe2Czhabaql1k9NgVXf6z4G7oIn0+lrQLBNe3XBnv3pFCWpBe4rQbCm09waSTrrQu90B9oXA
yq53gM2ncQc4vOsdYCUo/t3lDnAkdEwlzWfXJSS29tlTfvb3n9VId/Rq2dV/Ptkdi3Sr7htIziUk
PfgSErguPfnrhMDtJoFBesnWK2//uXd6tDw92nfulH//c0D/GZSYD365xVfk4ZW4039m48G8BqfE
fjr026/kzZTYn4SYV+9Pxk2dSq9ONRgUlxv6rZw/3Q/SmwoaA57TbWnSXqIarBZsKWO/Th3YWY5F
o+A5vSknmv8kYaf/+an9+DZ8XFLpEjowgiAdBwUYQZDOI/67vz3I9vsvrhQvZWufu7HpLLv6wiY5
8JutXcrWVOcCcJsBYPc2LNh9dfl9kOEyvw1LyzVAhiH4hZvAY7qptFkETdQ312DqSwZ9aTV6wrDG
MiZrQYuGpTq3kSwW+S61aUEnCrZasN9btWgLuqzQi0ekBV1kLWjHeyEQZi1osFx/C5p5r7MOmpNe
/hKSUt3KrTs3kHKllpEpK+7dV/yz5waSuwvtZL/tbiDBs+K2342gFnRgDixA9ptxCbDCea/HgfnW
g+LpP2cCcmCW/fr7zyfdDqy47bdd/1kJHeOPIYHuBl5CYjmw03++WmYXgMcj3eLzrktI8GJngV2R
b9AlJOg/w3+G9Z+nafbLTJhdQgLdJc9Xy+Tw73iIN2F//5kLhENMd9kYsBILJeklJIU6cDIeZhqs
iv3JvEnPI3lXQKtifzJjpkRTEUkUDCO+KdHU+d1XV8vS5MBrLw6ohpVy774iSW/QGDAUnp0x4Kvl
1xODavG4XGxCIzp+tiknBn/0fHQ/vhkfD3RgBEE6DQowgiAdZvqXiwe59vx1P/dXc9la341NVa+9
fWOTdJ6zFVWvXcrWItnaHLcI2uk8Z2uqXufPIA3rdXWlvrBSV1fql98HGS5rucbCSh1SXy3XGM7U
meiqsPZZb6g5bwvaSX3hDNJtcyxvqnoFfJip71jeVHWL+bATBRuWqlP1NSzV14KG1Fct2EurFln4
rFfUgnP+d5nuxIK8F9Jgv/eS+Fcn7zjxL53+ZSGwqgfdQCq1jA1++rfCitCBN5D8B5DIRug2FWjm
vSrnwO0OIEEd2tq6rzziFui9PoPEfqrwnPFmv/xIMPNeZdczSOwSkif+hWNIu1xCEvWeWKTsTAKf
7G6z/NlZguWfBE5Ee9Vob0IPmAT27H8GE+bLz9OjfSo14XOjfTPjIcW1/9npP6veg8AhPvjlFmKF
X4mHVRr8JuPhucUKS4Mh+IU02NV/FvtVw0rp1nnRAr+FMWBJt1Kis+lqiWrw0osDTtKr269N2s4Z
pIwtJ+zXJrnsN2PLCVtNNOViUy425/SmnCCNaKXYnM00lbPNbKJ57bvH9vq78bHBHBhBkM6CAowg
SCdJ/pe7B9Z+v+/dtbdvbM6xzvONTfVm7R3aeSYDwNwFYNUzAJytqdB5ztacAeD3YQCYjvtS+x3W
yTasGI2CAweAxzINle2+yjUWb5sTNPXld0Ez9XXO/xqWnjcndEvlomC+Ba0WXAPA1+/YS4Y1Vagw
Jfbsgn6p2FR1m3kvP/1LVmFlHO8F0VWLTd57s5mmylWgnenf9dYtJwQuq7q3Ak2WYwUdQDIyW2pQ
Bdp7AInO/QYkwFwX+oEV6MD4V2kzAPx4FWj2oDxoAHj3CrQ62BXRAxJg1zywbwCYt19lsCumu+Lf
ce4SkuirQM9musWhCpNh8XnXJHCChsAwCcxMWHWPAbNMGPY/s0lgZsJzOnnw73+e0/umR8szsdC5
U30ql/pCIOzf/6zGQjN0ElilDsxrsBKkwSp1YOg/p0QrcAyYaLBhqYaV4od+IemFwWBjgI0Bg/RC
0isVbGhELydstdiU6ApoFgUvF+y5xcrriUGlOKhQK84mmsrZ4z/zzSP78V356KADIwjSQVCAEQTp
GNKvlQ6s/X78s8bsjU028avc2HznZq3vRpkkvTT4ZTlw4ADwJaq+URr8Dq9UVJ28Q0R3pc4GgJn6
qjoZAIYcGNTXNQB8qzHGqa+YN1UoPOdNVTeZD7O280TGZOqr0vO/U1wU7AwAr1pQdQYlXqYtaNiJ
9VLBfkm3WRrMBoCvswQ401Q907/uM0hw+5dvQYMG31pn2W+FBcL8ALBKn103kPQt1b0Fmv+pUPVd
C0yAM67sd/czSEqQ/W50OgE+GbQFWn24M0j+5rNzCYk+qG3OIMEwMPgwL8PikKv/zFrQc3oPyLA4
1HP6ee8kMPyc011nkFT3GDCYsJP6useA1dG+ad05CKx6+s+LFdaLnuGC3zndexCY9J917xhwMh6e
08OuNDhvMg0+f9o7BpwSrSWa/S4Z1pxupUSLaTBrO58XHQ2e021psvIajYKlgg0avEyzX34MmMt+
mywKns3YytnK62cGVe53s2ebn/90bI+/LB8TdGAEQToFCjCCIB1A/a0N4aAufP7U5b+F4FfVN9++
sckmfp3g98am9wJwtnZipU5kmLWgMzWVDQDTzrPvAnDd04L2DwAPc+pLZn1zDVWvQAtahCg4DwPA
PvX1taCXfAPAEAUv37GpEldYC5oMABvWlPv8b6JgTxebasFm3vuSThJgvgh9k9dgvcW3oHOlllJs
QthLEuBMmV8HTUZ/6cMqnwAHFaHJ6C99WPMkwL4itHcJFu1C8xq88cAEWL/PStEPXAH9hAmw5wWF
51DmAQnwSbf6+i8h+YvQfPmZbz6DD8eCjiHR8jNx4HFqvyodAHZdQrpaZpGv+HyPyjkwHfR1EuAz
vjFgdbSPN2GV02D+IPDLsZDKbcOCRVagu9On+hRf//mVeHjGfQnJCX45DZ6lZ5BUsR80OCX2z14t
p8R+SINThkU02DcGPOfrP8/pljRpL4ltG9FKwZZ1V/95Tm9Kk+4xYLDiYlMuNrPFJkTBMBWsFJtz
egui4IN5JymVLgmCsPRPPtLpD4IgyNECBRhBkP3mM7/3wcFUX0EQPv5ZY+7G5ts3NpXM5ts3NtVs
7XNf2OzLVlgLetYd/ELtGX7JtmGd4FrQ0Hke1isgw9GV+hy5AFyHznN0pT6XayxwLWj/ADCoL5/6
Oi1oUng2/VGwkjGdnc+sBe0fAF61lgxryigrGcd7YS80qC9UndmLpcFTnPeyNFhxT/9602CY/l1n
CXBZyXhHf1X6wN/+VTLuO8D0xeLfVU8CzHWhA18KZ78b7RJgfUd9mDvAB2MG2F9+VkPHoPbsT4D5
eWC1zRgw33zmE+BxPgQOuoQ0pzsJ8GmqvmrQJHAiWiEy/LwzCcxenklgPvXlTdiT+vIm/HIsND3q
9J+nR/tmM6GZWGUmFnp5PGAM2NN/nomFHOPl+896OBk3iQbnzZTYr+dNlgaDBpO2s3sMGPrP0qSl
iGT/s2JYkm5Jk7Y6SYJftWBLixVoRPP9Z1fhWW++nmiC9LKwV0nYCjcV/MbHjivEgZvK2dYbZ1sH
NgpOLqyjAyMIsp+gACMIsq+89T82D6b9QvA7e2PzfmZTzdbevrGpfmHzczc2Vb3y9o1NFvye0Gvw
u2QAmG5+5krR9UusBU07z/w2LHYB2GlBs3eo+g6v1F0DwLdh91VFCzqD5PiwfwDY14IG7xXzprLK
BoBJ2zlhWEv0DNJUwZ4yLKa+S4al8N5LB4D9LWiy9Yo9c957c40mwJmy6h79zRab/Bkk0nnWvS1o
ZryQCfPxr6oHt6CJ7rq70FXPFmiuCx14CYnFv+xZDdwC3bpvbd03ufi3nf3usgU60H4FQQjDc0/A
FmjFZ78eE/ZsgVZCx6K6K/j1XEJSafwb2H+e010hsJP3+s4g0fIzeWZnkNgNJJFtwFokJnxmpDfA
hEf7mAn7+8/8GDAcAQbXbXcGifSiaSCsjBPXJQlwUP/ZMwacEvuZBvNnkFJi/9xiJSX26y+E+TFg
aDuz/jNIL7wjcQuf2WCw7GtEL7t3X0n0l2DFSrGpFpsyZ8XZYnP2avmNs8fV0nGl1ILlWNmzBzcK
RgdGEGQ/QQFGEGT/uPTH9YNpvyz4JbXnG5tzN2tv36ioOgl+50CJ9RrZhuUOfknnWa+pWSrD79cv
ZWuqXllYqV+i27CGV+psAJjsvqIDwLFcQ12pX8k1xnIN6EWTAeBbMABcJruvqPpO5E1Vp2eQcg3/
ALBoWPDmlGGpOomCIfLVb5vvGdaUUeEHgMGB3zOslwq2qpMomCx8Niyy+IpLg4n3cmeQXtJtlVag
p9n075oz/avqlaz7DJLquYHErYNml5CM6pbKFaGdHDho+pfIMFeE9t5A0rfV9hVo3n5d2a9JJn4f
tASrYm3dh160IAjW1n31ySrQKl+B1sF4K7svwSJTwWF3Dsw5cLsKtDrYFdUDLiGx8jOT3sBJYLBc
vvzMms/uSWDXJSTVPQaciPbOMROO9iZGnElgkvpGe6d15wySSm8gMROGh3M09WXB75xONHjGbcJz
emgmVnk5Fkq+EFa5g8BzVIP5bVhsDJgYL3nTSsbD50VLjYch+FXyZmqxkhL7l073+8aALbVgp8jQ
ryVNOgufWdLLdl/Bais5Mai+OADSC5YLjWhSeNabryeakPTKNOxVE02l1JKLzTm9pZytKGcGlWJT
KbXm9NZBjoLRgREE2TdQgBEE2Se0PzcPpv0Ovvnnczc2+/RNFRz4xubnvrDZlymTpJdM/G6q3ADw
Ca4Fzc4gkc5ztnb5/fqJTBk6z5FsDTrPoL7kDBJ5p0He8Q0Ax3IN9Ra0oCusBU1SX+4MEhsAnghs
QRsWvMkGgN9bhRZ0JfAM0lTBhvfZGSTWguYXX7EW9M1i8yX4JT2DlKVpMPPebLGi6q4bSPwZJCLD
ulN7dt1Aqm55itBsI3RgEbpY2/YUoYu6k/22u4Gk8PZr7qwF78GqwMSv6nbg3VvQgm8MWNi1Be13
4N1b0H4HVkPHYCo4Eqr4N2CNDHaBGIP0qkEDwPxLjXSDEvPlZ3jwl59p3uvI8Glqv/7yszrUI2aI
9PJnkPhJ4Dm9NxGtMBNWuDFgdgYJVkN7+s9sIRb0n/kzSKDB/jNIc3poJlZOxsMvj7vGgHkN9m3D
Ml1jwBkzJfafFy1wY9J/XqycF/tVgzSi/WPAywUbtmGxTVfLVIOVSbL/WSnY8iKJgkGD53Sb330F
/WeW/SrFpkKjYMh+lcXKGx87rpZaSqmlllqK3sqdbdV+6sv3+nv1MUgurAvowAiC7D0owAiC7AdL
f20fQPv9up/7q7dvQM+ZBr9fgBy4Qn5Jg9+3b2xGqP06E79k83NNZTkwDX4vZWtRug2LXQCOUvt1
3qHB77DOtaBBfXMV2AUdYyPB7gvAnhZ04C5o5wLwbXMJ2s7Ue5n6ThnWlE5WQycKdoK2oJfdLWim
viwNVjLO7V/w3uU7tt972UspNlney9ZiBQ4A3+JWYam6twXNS++qZxWW7sS/3uy3tl2skfi3WNte
2wyIf4u1sn/u95FmgNW9nAFWH3EG2DsPnDkWHawEXEI6To03aAY4yofAGdf6q3HfJDDff2aTwKz8
7DfhRLR3TicmTDJh9/JnjwlPn+pT3ZPArtTXNwbM+s8qp8FqLDRD9z/zGqzEQsnFykws9MoLYdWt
we3GgM+L/RD8JuPhJcNiGsyOHs3pVkp0NFgyLNWwJN12omDDYrd/2f5nzztysQlR8DLVYH/hmZ8K
VkotiIIVCIdLrbnFinL2uPqx40qpBVHwG2f/RDl7/ADeCk4urP+ugA6MIMjeggKMIMiek73bOoD2
O/rD+bnle6z2TIJfveLkwDc2T+g19cbmpWxNhRyYtqD9Z5DgRPCwXlHpTWA4g+R0nv0taPcZJNKC
vhWgvho9jMSrL9+CDjyDxNR3yrAm9IrKtaD9Z5DgfYh8XyrYU7qlci3odmeQssUmaUHfsbPF5kuF
AO9VubVYuVJL1ducQeI1+CmdQVLZ6O+mLwHWK2qAALc9g6QGCfBhP4NEcuDFivcM0nHXMPAjnUFS
255B6vHLcOAZJHDdQBOeHq0kor3nTtElWA9xBkkd7Zuh/WdYiBV4BknlrgF7NDj4DFJQ/xk0mMS8
fg0+3e/pP4MGS9ymK16DIeldniS3f9ViUyIbngcDzyCB9L6eaKqlllxsqqWWrDffONtysl8uCoY6
9Kentwr/Kr7X37SPyicW1n8Xc2AEQfYSFGAEQfYW4972AbTf0uyfzt3YvK/fI7rL7bsKUftlA8Bq
tvY5mgP7g181W3vnZu1StqLqpAUNu6CH9TqRYafzHNyC1qj6LqzUYdMVDABrvl3QHvXVco226ps3
QX3hrBFR37zZTn0DB4AhDfYPADMrvrlGEmCY713mdl+pQeugPQPArAidK7UCi9BMevkitEd6XV1o
UN/N7VVPAqxX1PYtaGfu1y3AGw9MgPUdf+q7PwIMaXBEf0ACfNKTA/sEOKD5zCkxSO94pDt6vCsW
6VZ9B5ACJ4FPU/VVuQNITvlZd0w4Ee31jwF7lj/zJkxS38UKPJ8Z6fWkvp5AeIbb/8yPAbfVYG7/
8xzT4ID+M3kTpNc/Bsz2Py8Z3DXgxYo0ObBENXiZarC//+zc/i02Jd1+PdHk+s9NOVHJ0mO/nig4
V2rNgfQWnTFg5sAQBbPNWGqpNadvvXH21tAvfsVef98+KujACILsKSjACILsFdaOYDXvHzT7nfyJ
v3z7xuZnl++p+uZby/do7bni5MDcNixQ30vZGr8Nyx/8ntArKncGaXilzsvwLi1oOIOk3mpcXqmP
6RWVDQA7nWdXFOxV33YDwLfhTZf6whkkv/qSAWDD4tWXT4MDBoDvkDQ4q1fUgrcI/eAzSLwG617p
5TNhbvp31zNIG54zSBVDf8AZJH4V1i5nkDzbsA7RGSSSAz/xGSSVnEGquM4gnXy0M0j+8jPEwkx6
eRludwbJU35WR/sSixWS+p7abQxYdWsweG/QGHDAGSQ4btRWgw0rQINdwa/Fv6MW7NRi5bXJAdXo
lwp26kH9Zya90qSjwWqxKbeJgpn0yolmjmowhL05qsGwGQvq0Gp1a05vfXr6j5Wzx1d+4Ev3+rv3
kfjEwrogCH8gD3f6gyAI8gyCAowgyJ4Q6j3W6Y8QQPf3/hmtPd97+8amunzPX3vmt2G9k6316fQq
UrZGStG+4JfdBL5M1dctw+1b0LnG5ffrY7mKqlMZbqO+0IL2qC9MBQeqL7zpUl+dJMBtB4Cp+l4v
2EtcGuwaAL5jv1SwXypUIA1m6suvgw7w3mIzW2yy6d+c3lK5NDhw+heK0J7pX/4S0uoGb8IViIU9
FWgmwHz8u+ZPgPUd9UEVaL8Aq7sKsPn0BDi8qwCrDzcDzAuwOtgV0b0J8IgnBA66gQSl6JjeHYtU
nPIzJ8Oe8jPIcGD5WeQq0Gq0V+QmgRO+/jMzYbb8OcHJ8JzeNz1amR7tO3fKOwbMtl6d4zR4lzFg
NR6e0b0anIyH22lwSrT8GhzUf3aOHqUMa063U2LltRcH2BmkwP4zL71w+/e1Sdt9+9cbBbPsVy02
FZ3Uodnuq4A6dHVLKbVUfQvq0Fs/O7HX38CPytf8yl10YARBnjoowAiCPH2iHzqI3y35iyufXb4H
tee3lu95as/eM0g0+IX1V/DL+WtkG5Y3+M3WWPAL669AhuevkZvAgS3oK7caY7TzzNQXetGBLWg9
b4q5hkd9nRa0W33FvDlvWIt506O+u7Sgyc5nw3pJJwkwWwd9/Q5rQVeW3QPAbB10tticv+ZtQWf5
AeBrLU8Rep4+BBah/ZeQVje4EFiveIrQ/ktIsBfaN/3b9hKSx4FVn/16LiHtFgLrri3Q6qNsgVY9
W6D1h90CfdLnwKrPfh/mBhK8xuk14HY3kIj3LlZY/EtkOOgGkqf8LNLIly8/z1MTJsufff3nOZ08
wPLneW4MeHq0b26xQvrPp5z+M0mAdbL8eZcx4Pl4eCZv8hr8Sjys5k3HeN0anBL7lwyL1+CU2J9s
13+GtrNoOxq8WJEmB2AwOLD/DKutXqMzwHKx+ea1pjTpFJ49UTCku3KiqZ5twS/fvNaSEy31bEvh
5n7ZL9/87Q2oQ6vVLahDf3r6T+L/aXKvv4cfFXRgBEGeOgfxX1IRBDnUiB/p7fRH8DL6w3lae773
9o3N0PK9N7+w+dYyrT0v3/MEv5+7sXniWg1+OQ/B7zWyDWs+W/vcFzY9we872Rq47qVsbd7dgmYy
zLeg596Ho0cVNgCs5aAF3ZjP0YVY7igYUt8ruYbubkHP580rtxoe9WWp74RuzvsHgPOmfwAYUl/W
gp7m1HfJsF7SK54WNOS9ywX7a4pNVXeiYJYGe4rQ7AZSrkTiX3b+N7AIDdKbK7WY9OZKLUOvzAcV
oY3q1jy13zVP/HvNkWH/9C8/+svUN/ASErhuVd+Z3+0O8G43kB7jDvAul5ACbiB1PweF58AceMRt
v/M+B/a85n03kEao+gZOAsPEb2yxwqR3/GS3ONQzzzmwv/zMlj/PcweQyC5orvyciPbOczeQEtHe
N68R9eUPAjv958XKTCzEazDffz7HdkFzGpyMh1+OmUyDk6C+ejgZD+sx0xX8LlaS8fD50/0k+BX7
lwzrzWv9ybi1JFrzYn8yqP8M3eaUbr02aS8X7PmCnSrYywX7zd/eSIn96osDnv7zfLEpFZtSwfZI
r2fhM4uCcx87Druv5kstmQt7Pb9kUfB8dUupbs3pLXV6Q4UouLql6lufns4qZ48ftM1Y6MAIgjxd
UIARBHmaTH9JqNMfwUvtu269CZGvfu+t5Xvqjc3PXr/Xp1dU6EKTfVf3+PVXkPSGaAsaBoChBf3O
zdqJaxsqvw2L2i+shl5wt6Bp57nmtKDfr49d23BGgkF9cw1oQcdyjXnnHdKCns+b0IIe0xsq34K+
bU7kzflrG+wsMCzEmjKsKd1UuRb0kmEtcgPAbB00DAC/RC8AOwPAd2y6E6uy7F4HfZ02n2E22NOC
vkmvAfNFaGK5xaZrAFhvsrCXdaF56SUmrFdU3w0k2I9l0EtILPv1X0KCl6cLDbq7FrQHq2rtVK95
t2ER+w0aAw504Hlqv+36zx4H5ufkAweAVbcDM/ttNwDsceD5wS42DOy9geTJgbnmM/8MN4GZ7kI+
zEJgkF5+DFgd6gEZhhfIsOpuPsM7Cd09Buy+BgwmDNJLMmH3GDDM+kI7ml/+zALhl2Oh6VOu/vOb
17zXgJPxsJ43QY9fiYf5bVhqPJy8Fp6Jmfz+55TY76TBtP+sxsMpIr39nv4zdJvpOzZ5h/af52Ew
+MUB1n8G6WVjwMt0DLjd7d/5UkterLx+ZhD6z9lic47rP9O7R84qrDevbb1xdosocXVLWayo5z6k
llpqdUvVt9TprTfO5gZ/4fT+fD8/JOjACII8RVCAEQR5aiS/vL/TH8HLyre+/9nle336PXX53lvL
9+a/sPnZ5Xvz1zbI+ivuDNI8XX81f83Jgdn6q8iNzTdvwk3gCrjuPAl+XTeBh6+Rzc9RGgWzzvP8
Sv3y+/WFlfr8tQ3+DNLYSn3+GncGKdfQco35a6QFPR/UgobUV/cUnvMmFJ7nr5meFvSSYU3lzflr
lk6L0PNMfa9Z84aTBs8X7PdWIQSuzP//7L19cFTpft/Z0gjUEgJEwhiR6O40cc/S2JogYiY0MWMa
e66vqGsnInYcUX6J2LysZrO7NJvU6sxW7eqZ2qr0uVVJ1K5kM6RSyRC/LNixA97EhRzOtY6tc6Oz
QQm9QV7aO0rR3ukU7R2FPqdfT3efbu0fv+d5zvM85xwJ5g6IDM+vVKrTrbkX/TGD+PB90zzuVcgM
kllsmRo3g2QWWwpJ/wrcCx8KY4QG7lX4GSTwQuc/Z43QT9O+GSRqhBaXkDSvFNqfAU4HRX+pF1p5
5hkkcEQHlmA1d6MEayikBGubDSQ//aaj/X7n81EmCezPAAPlKqMDMU3cQIqNDii+DDDm3ntlz/z8
pkjCuP5Kw89Y8g2KAXusy2SAwQud1IJnkK4uDaZi5eT44IVjeA0YPpRYNKWRGPBGM0VI+OpScypO
iJfxP89rzlTc0eOOUnCmCg5+816ZqsG8/3mYlXkBevWEA+/QiO+lhBf6nb9XnpnYl3tnH2i/8L+i
iDtTaiul9gxf+Dyvda5MdpTNzix0X8HY76mRuc3OLPE/0+6rec2dO+0WTrtU+5073VGS7pzlpi33
6t2n15IH0tb+tOWmLTetudeS6xO//M6L/v35uU4ysDx58r6skwAsT568L+dm/uTIbn8L3I0vbGTN
yiIRfqNr1fnVStZ8qmjVrFlR1qqLZmVQqyogDgfVXx3Uqt4I8IPawaWnCrAufJXpggbhF2CYjgAf
ydUUrQ4wnH4Izc9P0yQADJ5nUH1vrdfB+Xw73ziuNQK7oL0A8KfNO/nGca0MPDxJCrHA8Jz2B4A1
rACD6qsQKZjtvqLoqxecM1oZAsBghFaKreWC459BypXaCgkAm8XWeQ0rwJ4gzAeAFa2T4wPAYIR+
9DnF4KesEZoGgBV+CQnLv0uiBZqKwAqhX5r+xfLvEleF5Q8Aw2fFh8FlXgT2K8AwhiTsIUVejAU6
TYVfTbRAU9WX5oEF9FWCGFiwQNMwMBWBjxHuTYfEgGOjA1eXPBHYv4HEWqCvLu1JHH6KJd8397Dm
Z6r6Xg2KASeJBVoZHwQSDo4BkxmkC7GowqjBSiwKvmgBg2lftREHAAAgAElEQVQb1sX4kBKLgvl5
aaOpxIdSS82p+JAedygGp+NDU6T/GazOUwVHSQxP3X06nRjW3x5SEsPTxdZUUP+zUmxNa61LCWyj
gNDvvNa6PNGm76SLrRnoiC7uA+gFpffyRBuoOFdqz2udmYm2XwoGDE5vdubula+cGoGXymZnTnOv
TIr+ZxB7FcudW3KvJV2A3qtLbjpZVs4eACROL7nXkg/SyQOvlB1aMrA8efK+lJMALE+evC/h5v70
gd3+Frhzr+YVs7JoVhStkjUrillZXK1sLT0F3AX6BRKOEu0XhN9R8pLWX6Xvgwv6KejAaV74VbDw
i6uhx9brAS7oh/W31ssAwzGQgtfrbxH6ja3XlSAX9O184zgjBafzjTuPGnc3mseXnip8F/TSRvOk
1lTA8MxIwWwAeJIg8cmCo2hY8k0WHKXg6I+xGkzdzhAAVugMkoYVYL8aLASAYQaJ515ODfYCwE9o
I/RTxTeDRN95zCjAihaS/vV5ofHnkPQvu4TE0m85TAHWesp/bjNISrR/VAtWgA/xDLzNBhJNArMK
sCf2Bg0CJw7voTCcOLznGEFfxbeBlD68J3H3KW5+PirGgOFjXtsrkDA7g8TGgLEITD4UZgZJjAED
BseiqWNRhYsBNwGDAXeFGLAn/BYcpeBMac5U3KEYPA2e53vli/EhvTAMGAx8O51oXUpgKXi64MA7
tO152ut/xog7g5uuyuCInsXQ256ZaCuT7RkwPJfas4z2S6VgvP272Zm/V74yOaJs7p/F2m/nAyL8
zlku9j9D/7PlXmUYGEvBZw8otW661p3XuteS3XTt9wd+PvGif8d+9pMMLE+evO/+JADLkyfvuz3l
h0Z3+1vgDmzPXujXrCyuEtszT7/Aulmzwo4AD65VwfasrFU/vl89mCvDSxB+PVM0sT2DDnxrva74
XdAP6zfX61B2JXRBg/ALnudbxAV9hwSA75AAMJaCAX3zZSoFQyoY0DfNB4A59N3AD8vEBc0FgB/D
AvBT2n0F3Es7sRStJQSAAX3PFFvnNawAUxc0qMGhRujNTq7U9rhXK6eZEiz/EhJRekUXNBsAfiwo
wFrAEhJ9EJaQAhTgpa7iK4L2x4D99JvesQSrw9FvMwiDhwQFeM8OJViKrwRLUICDB5Ci/WNagALs
30CiCjBLv+B8ZhXgY74YMOt/ntc8BVjYQKIxYGVsL0vCYWvANAac5P3PVBD2m59BEPZar4jwS9qw
iCBMzM+AwdCGNUX9zwWHYjAbA1YSw4DBOPGbGJ4qOPPa8HSifDE+lC4MTzP9z9MJx5zgHNHQCK0U
W9TtzPY/QznW5Yl96dI+wf+sbHZmgqqwsOGZUPG81pmdfPrBu/sVy50l/c8fMFPA6aRbOO1pvx4D
17pXIRJMdOCryVfODi0ZWJ48ed/lSQCWJ0/ed3Xqj/6R3f4WuPuX33ywaFYGtYoCod/VCg39Qttz
lqHfRbMyuFRV1rwMMOjAGIbvVxWtfH3No9+DS9U0K/wSKXgsV7sK79Pdo1zt5sP6kdxTyAB7wq9W
V9bxOzgDvFT3mp/hHQ1HfxMgBT9qAPpC0xXg7u184ziDviD/3uWlYL77inNBU7czDQDDZIuwAAzo
ywWAiy2gYnYJCRqhz5fa5lIrOAD8hArCZdYFnSt5PVheAFjzFGCWfsELLaR/lSAjNHymXuiA9K/G
tWFtnwFWBAxu4j2k51GAy5wCrAX9i7sUiXDa79NnV4Dx+tEQh77KM2SAsTV65I0xLTgJTJ3PQgY4
LAlMnc8sCWMFWOM2kHADFu9/vnr3KZZ8jwbHgJPaIF0DFszP8xp+YEkYcJe2Xp3lN5CUWDR1r4wx
eKNJ27DmSevV0gbpfybC78W4oxe8GLCSGJ5aci4lhvUC7n/WCQZfOjGMhV8IAy+1LjEZ4HSxNaMx
GWBAXK3NSsFXl1qzk+XLJBWcI4ZnZbI9y6R8qRScLrXneGX46t2nH7y7X9nszFlugWi/IAWnLXdu
qcP7nz0knr9XvpY8oNQOpGtdpdZNa91rydyP/eapl/W7+M4nGViePHnfzUkAlidP3he/63/28G5/
C9z9/R+8D7Zn1bAjZuXqaiVrPoWGZ3BEDy5VBBc02J7ZNqwo6bsC+qUjwCD8jsES0loVhF+ov7q5
Xj+i1RTqgn4ALuintP6KDCPh5mfseQ5yQYPnOQazwI8asJaER4/ICPDxfEPRvBkkzMMbTVgGThDV
9+5Gk+u+2mhS9D259FQMAAMGL2EF2CQuaEBfHcaBfQFgzL3FlrgADI3QPPeyGWAQhCn0CktINACc
ZtK/WAHWXP8SEiZe8vxYaIH2eaGp/MtyL9v8XKp2y6Et0GXL6TkaJ/wKJBz5slugI+Et0Eq0P7oE
7zwNbIE+FO0f2/8G1wjNK8D+JSRldIAiMXU+w7MSFANOHN5DYRi4F5LA1PksxICp/HuCNmDx/meR
hEkAmK4B0zYsIQYMvdDAuvCS+p/T44Ne6xUfA55iMJj6n0ENBuKlMeCrS0NT8SFMvAUH/M9Xl5zp
xPDFuAPm5+liSy84VyEYfGIYD/8SRzTrf57XWjMT7csTbVqFBVLwlUkm9HuvPDOxTzk1MkMLn7XO
5QluFemD06QKi1CxcrozS8Z+aTMWnQKG7qs5n/85rbnXkl2l1p3D2u/Ta2cPpC1XwXbotf/2O+++
jN/Hn+0kA8uTJ+8LnwRgefLkfcG79VPfs9vfgneb//X/rRo2pV8I/Q5qZdCBQfuFPPDoWnXerFxf
qypaBYRf2oaFdeD7Vei7gpfQhoVf5mqfwAMRfhXigobErwLCr1ZW1us3crUYoV8IAN8iOjD1PN8i
6Hsn31C0Oo77rtfvPGrczjeOa2VPCgbKJei7tNFU8g2gXHgTmp89KbjgwJsUfe9+2jwDHVcbTS8A
7NVBtxQyg5QkSIydz0uOyWeAaeezonEBYNB7Vz9rhXIvswCcK7VB7KUWaDYADNyLYVjrKLwFOiz9
S73Qis8CHZj+LdW6VrP3hJd/S7Wu5ZTZ6O8OJVjPtgOsPFsJlvJFd4ADLdAkDPx0jN8BPjryxuiQ
Z4FWfOlf1gKtjLzBOp8Dk8CsBVoZHUhonvMZv8lngCfH9oIsjM3PZA1YIOH5e2V4OPu1QdCEhRgw
JWE2A0xVX9qGRTFYiUWBkC9QETgWTUHr1b1yKha9+PaQEotOFZxULKoXnHnNATWYEi9xNQ9jNbjY
mio4ZrE1rzmQ+AVHNBZ+75UvJYbN4rA3/Ku1pxOt3EQb/M+5UhugN8c0XYG9GV7ObnaUUnv2Xvny
O/uAciEV7PU/E6wF//Oc5dLuKyz2bnbm7pXBDj3HdF8pOBLcnTvtKsnunOVC7hdUYqz93itfO4t1
4Hmte+2kqZw7ePgfft/L+D39GU4ysDx58r7YSQCWJ0/eF7mlnxvb7W/Bu7W/+O8zhp3l6ZeGfudJ
HtjTgbUqjACzOjClXxB+AXc/JnlgSr8Hl6pKiAtaeQi7R08xDMMIMKHfABd0vkHewc3PCXBBP2oc
z5dBCk6QQqw7BH3Z+quTG01IBbP1VyfJEhKgb3qjufwYAsBl1gUN6HuG7cQqYgbGkq/WUorbLSEB
9FIjNOi9ZrF1XisrQUZoWAAG7vUHgBXBCE1ar4QA8DZLSBwDM/SrsOnfql8HfqpoAv0GzyBRBlZ2
ot9mCANHtu3B8hdB04ehcP8zPKS3DQCz6AsPV5f6x0bKgvZ7dD+XBPbHgNkkcNgGkmB+hk4s1vys
BMaASfMzaMKC+VkZ2zt59ymOAR/lzM+gD7MbSAoTA1YYQRjTL7MGzGEwaL+xKAz8XjgWVeJDUwUH
3p/HrVdeFRZYnfGbpArLLLaAjU1afIWF3wBH9OWJllJqgyM6yP+M+5+p0gvVVpAKDvA/b3bA/wwp
3zzpvoKXBcudZxi4QLRfEYlrXWjJSie7SrKbhiosnoGvJrsfnnt4+lf+5Iv+Xf0ZTzKwPHnyvsBJ
AJYnT95zn/nX/thufwve/do3/t2iWVE1WzErqmGzoV/A3SzJA1Md+HqQC3r+ftWzPa9V5/EmcO36
WnUsV5v3uaDFLugHtSO5p5ABjq3XlVztJumC5oVfHoaJ8Itd0A/hnbIwAnycpoI3mgrvgg5EX5oB
pujLSsEB6EuQeLXYOlNw6AIwXUIKDADj7qvP8BJSTiunGRe0sACcK7X9C8AUgwMDwEL6l11CCgwA
+9O/hbIrBoC1suLzQgdmgBUfAJefvQVaww/Kd9cCnabar/asLdCHfNyr7JQBxrbnkTfG7pWFGHDs
0IAnAgcNIAkw7Om9PAaHxYCFDSRYA2abn0USHh+cvFfGG0hfw21YgTFgdgMpFYvOaxwGU/8zi8Fp
wsB6wYGBX4rBhHhFDJ5ODIPwezGOpeDpxDC7eOQJv/fK04nhy+/sA+F3mkjBgMFM/3M7x40etS9P
4OKr2c3O1aX27KS3ciROAXv+Z3d2s+ON/Z4m/c/3ynOn9yvv7mf9zyD2FixX1H61binZVSgDJw+k
awcUjMG9a8kHP/lbf+rF/+7+TCcZWJ48ec97EoDlyZP3fJf/78eju/090Pv7P3g/Y9iDWkUx7KxZ
mV+xs2bZmz5i27DwKlI10AX98f3qQa3MtmEd1KrKGu6C9rugb7DC7wOA4TLtgqbCL3VBs8IvfL65
Xgf0xSPAD+u3GfRN+JaQ4J27G807DPqCNdqPvspG8+6nTT/6Qh10IPqS91usCxqQGCTfgCWkz0AE
LtMAMI4HC9yrtZWQALAn/2riEhJowkIAGLzQ/iUkLwBc7fJjSGVFC51BwsO/PgAuhyjAltZz3C3l
VZ1Bgl7owPUjOgvMoq/ii/4KH/PaG7HRMhcD3v9GLGQACd6nzmd/DJj9mNc8EfgEsUOz5mdlbG8g
CVP/87y2NzleBmt0wAYSEYRTvP8ZMJgzP/MYrBcczv98rzwVH7r49hAv/HoYPM37n/W4wwu/zAYS
weBLieFcaR/tfwbEhf9q/FVYs5udea09O9mhGJz3Vo5GWOgN9D/PbnYUy51juq8Uy2Xt0D7/M84A
M91XXTqJlE6WP3zvYLrWVZxeWut+eO4VigRLBpYnT95znQRgefLkPceV/sf/4tWh37/5/auLZkXR
7KxZiRj2/GpFJaFfdgSYuqAx7pqVj9eqg5rXhsXZnvkuaHBBgw5MYZj2XRHht+zBMEn8sjD8ll/4
Je8k8g1lvX77UeOt9TKkgv3oy0rBJzUc/WWXkPzouxSCvnQJiaIvDgATJBbQ9wxZQuLQ9zNqhC4r
JR59yRKSwL1UEBYDwHz6l10ADgwAs91XXgC4zCrAZUULWEKiHwr/shyoAGsB8u9z7QArXzYAK8+5
AxwgAmsBCvAhofsqJAkMn+e1gbGRsud8PhQwCJxgFWCNG0AKXANWxvYGxoA58zNDwgoTAE6ODypj
e5P3ytj8/DV/DJhRfTkMxtx7wYfBU3EnDIP1IAw2Ey2KwUqxNaU5ovDLY/BMqT2vtWYmypdODGP/
MxF+fVPAbQ56IfRbYvufPSkYmrEo9BYsF2//BvU/s3bodK2rWG4atF/sf+5y/meGgZVad/5eWTl7
QHF66VpX0XrXTpp/+/fOvujf55/xJAPLkyfv2U8CsDx58p71nP8l9urQ78+8ZWQMm4Z+Myv2oFYG
HZilX1EHZkaAR9eqyiqYogXbc5W+vJGrKVr1Rq42ysCw54J+gIVfGgl+a72uaGQEOLT+ynvn9iMY
AS7jEeD1Oon7NgKlYAF9j2sNxYe+J7Wy9yaPvktM/RXpvnLoEhLbfcWqwV731WfwXKZULIwAm8VW
IPdSQTi/2clpohE6JAAsziAVLFehAeAyGwAuK7wFWhhDYud/RQVYC1CAwz782i8LwM2XpQAPbQvA
getHgRZoZeSNUU1UgI/yPCwMIFELtDI6ELsXBMP8ABJ8pnpvWAwYK8Aafg42P4/tndT2YvMzoC+T
BJ7XBpPj5eT44Fkeg6nqy7ZheRtImojBesHxYzDeQPJhsFJwprWWgMHBwq/Wmk60zAQO/dJuZ/PE
MOt29vufKfTOlNrzWmdmos2uHM3f8xh4loR+AXpnNzvzmgt2aOx/1ty50y5rh/7g9H6ldoDTfhn/
M6v9egzs9NL3ysp7B5VaV3F681r3r3zvd37pD8696N/tn/EkA8uTJ+8ZTwKwPHnynumif+tP7Pa3
gE/7cznVsDOGDdqvYti08ipi2FTsFUgYXtIMsGJWPr5fzZplwF3W9sy9JLbnj9eqRwgMA/reILZn
NhJM669YGA4cAVYe1m+u149rZWWdW0I6LowAC1LwRvMOZIA1/ByKvhtNP/riJaRA9C04GH01bwkp
SZeQPiOSL68GwwJwLmgJKdAInefRF94JCwCz0Jvf7DwuMwowA71CBlhhAPixoABrogIcmAEOTP/u
rABrnPb7IgBY8eWBwxTgsCTwNhngwEHgYwz6KkEZYAGGE4f3HDuE0VfhM8CBMWAhA4wV4PAYMDE/
c2vAnPn5HsZgeOmVP48PpjSCwcIUMIPBTPkzg8EM8QoYPF1sAQZfjDtmEWOwX/jFxVda6zIpf54u
tpRSe/pe+fLEPqW0bybI/8xBb6lN+p/50O+98uzkSJ5gMEAvxWCwQ3P+Z+blvOamk+XCu/up9gs6
MExkz4v+566S7GLt9175GqMD/9iR31XOHXz/NyZf9O/8z3KSgeXJk/csJwFYnjx5O9/Y343v9reA
75d+5N8K9JtZsRWtjMufSRtWoAv6OllCUtaqi6uVg1oZURc0a3smL28wS0jwErugH9SOaGW2C/oG
od8YLCER9KUuaEH4vfmw/tZ6GekNDMOAvvkGvHOHa372pGDkW0JCG807jxp3g9D37kbzjG8Jabng
LG00KfomGfQ9U3DO6+ISkvkZFoQVrSwaoYnka2otaoRmx5AehAWAycMj0gK9XQD4c0YH1srItwDM
eqGBeFkFGOkBLmghACykf4NFYM2Tf59lAylsCSnyRVugt/E/+zeQqOHZL/8KSWC0bQw4Njowr3FG
6GOCCMx/4DXge2Wq/Z54c7sYMBDvCRZ9g2LAFIOTZA0YK8DaoCcIC+bne2VgXfBFUwxGsWiSxID9
GDwVH9JjnPl5QR9KxRw8d8Rj8MX4EIwbCRtIwcJvsYWFX1x8hTGYuJ3Ll9/Z55eC0WZnhkAv2KFn
NzszfOgX+5/vla+cGkGWO2u5+c3OPLOBFOB/Ji9B7J0DmrXcdK27oHfnTof6nxW9ZyV7WPu9V1be
O4icXtrpKVpPOddTvvHvfubbP/Cif/9/lpMMLE+evB1PArA8efJ2uMQ/+C93+1vA97fP/JuMYauU
flfsjGEj3VING5kVaMNCZoXCMKsDH9SrAMZorbq4WkG6BS5oJHRBExf0jVxtjHdBj61V2b4rKvxC
JBhY9xN4oDCMhd+aIPxC2RXA8J184+Z6naJvghihBSmY1F81lqjwm2/c/bR5csOCN7kR4I0m0h14
M1lwlI0mRV9UcPCbfB007nwuOKliSyk4q5+BCFxGevASUq7UBiM0GwAG7iVf5YzQiGwg0e4rRQte
Qsp/3qHFV3kGevPMDjC7AMz1PwcFgOmD0P/8xC8Caz0UwsA77gAHar+B8u/2O8B++TcSpAM/4w4w
S78AxoL8e9TfBe3bAWZjwKwRml0DTvg2kJTRgQSB4ROH9yTeDN5AWtD3sm1YtBDLmwLWMPQCCSM+
Bryg4wf/BhL4olOx6NmvDSJmAAlWgoU2rKn4kFJwKAaj+FAKiJfZQGKngBf01lS8fPHtIVRsTQnE
GxeF30uJFiq1p6n/mS++Ake0IAXP6p3LE8T/vNlZ0DszE538ZAeo2Av9Eil4YdmCZqw5y5213AXd
nZ3EhudZv/+ZlF1h/zMwcK2brnVRrTsX5H9WnB7pvurB8/y9snLuIHIOAgPPn+tZP3j/b/6ff/pl
/CTY6SQDy5Mnb/uTACxPnrzt7uw/SUT+yW5/E5FIJBL5G9+/mjFsVbNx0HfFzhhlzwVN2rCiZmUB
GJihX6RXsQuaCf2CI/r6WhW+6i9/Fl3Q96u07wpkYdoFHSP0e0SrKYwLmgq/eBb4Yf2t9TKUPyeI
L/o4v4RENN46rb+CuO9JwsMUfY/nG9B0tbTRnOTroPHe70aTRV+FBICRrw4a6BcvIX3WOlNwTK2s
EO4FJGZHgBFZABYDwIR7BS80dF/hl5oYAAY2BrE3v9nJb5aR7gpLSFwAmNWBNVdhFoDDAsAFi9tD
AtyFgujAALDAwIjQrx+Am0E6cITQb5j/WWBgSr+REP9zhGdgoNyhEAAejfYrPAPTBWC//xk0Xm4N
mKFffww4cA04cXiPsAYsbCDNawOJw2Vsfn4Th36FGDBowiD5Cm1YgLssCdMYMDY/E0EYMBhwF38p
Fk3ewxhMcZdtw7pA6Rd4GGOwcyEWVQgDB5Q/F1vQjzWdGL749hDeQALi1VtTcU/4NYutBb09nWiD
PsxvIGEGnualYDJx1J6ZaOeJ/1kptQF6gYHZ/meEKbczO1n+4N39gv8Zvsr6n4Fs5067Bdp9RSLB
gf5n5VxPSfZAFla03jXqhdZ6yrkyZmCnN6/1rJPm33lVarH+P1MysDx58kJOArA8efK2O/aP5rt4
f/l7v7Og24O6jQxbNez5FVsNol94Bh04a1YQpl/igl6tXF+z2C7og1oFQr9orfrxWhXpwS5olKt9
fL+KdAt3QUPflV5DudqNXA35XNAIMsB6HZTh2HodPazfXK8j3RIKsTzPM5GCqed5Mt9A0Pyse1Iw
2mjeftSgJc9eBnijeWajiXRcB71E3tQLzhmt6am+G02q+iIdB4Ap+i4/ds4Tt7NecFJAxcwIMNLF
RmgvA0yo2JN8+QwwgDGbARa5V7eQzwiN+AVgzL2ai0LGkBBDv0/4FmikB7ugufRvkPZb9unA3Gdt
y3G30MudQaJh4G1aoP0x4NFoP9o2AwwfCzrngj7K0K8SlAFm14DZASS6Bsx+oMN7EsuWQMKTfBJ4
ns8AI56ElbG9ST04AwyCMDsFTFk3OT64sGwlxwcvHIuCF5r6nxf0aCrmgBqMhd/4kFJwpvShVMzR
YfU3PjSFUbY1FW9djLdoBtgsthaWran4kHlimAq/qNia1tuXEm0s/OLFoxYIv/Am53YutWc2O/nN
zsKydXlin7KJpWC02ZlhlN4ZH/Qiy53V3SuTLvwDbMMza3hGljtX65Zq3QW9+8FprP0qlpvWux+c
7qJadw77n8vK2QMAugt671qyh03OTg9qseAl9yWtN3+ujN47qLhbyN1S9C3n3L/+x//hB1/0TwR5
8uTJ+25OArA8efJC79Kvfn/0FfhN4ptHfndesxXNVg07AvSrlbHV2Ue/SK+oQV3QH9+vHtQtxfTo
F0iYeYld0AqG4dr1terYWhU9qH28hul3LFdDTBf0DcYFjUDmzdVurdc/ydWQjpeQ0Hr9kwc1EH7Z
QqzjegOtM0tI+cbx9TrSG1gc9tVfQdz3dr5xUrdgCWky30AbTboMzC0hAfrqTSDepY0mVX3PFxyQ
iL0R4MfOcsE5X2wh3aJqMGJGgHXN8Y8APyAiMNK5JSREBGGWeyn0styLFWDdChxDAtz1uFf3FGAh
BqyEBIDBDh04hgS4i3gGfkLoV7RAhwSAt48BR16YBTosALx9DJiKwEd5+g2LAVMReEHnFGAaA1Z8
AWB4QIf3xDSPhBMha8BobC+Q8OTYXpaE2RgwS8LJ8UEUMAUcHANWxgdTejRwChhjcCyaOsbFgBf0
oVQseiFG6Dc+lCo4KD40pbc8DGY2kFir81SxhYqtKbzxOxy4gcTIvB4YA+JOi8VX7ZmJ8pVTI6D0
5jc7UHwFXolZyxX8z3nS/wxI7Mm51sic5c7VumwGeI4ica3LIjG8RLVuetn64N39/v5ni+de+qy4
W2CH/vC9g2CNVrSedW7lN//wh17Gz4Ztb+rW5/rPfM9ufxfy5Ml7Fe8V+LOtPHnyXsm78n+88yrQ
7w8e1Bd0G+m2atjIsDMr9qBuYR0YQDfEBZ0l2i8yK7QmWqDfUbMyT1zQVAemL6Hv6vpaGWAY0PdG
rob02o1cLUa0X3h5g9RfvUXoN7ZeVx7UWOEXecIvLsRC+cZNUIC1Ok4Fk8lfgGFPCn7UOJ4vI90L
AC9tNGEZGEHWdwM/3N1oAvqyqi/txKKqL6LoW7CoGkzdzoDEAvoiJgNsalgBpvSLiBqcK7VzOlaA
hVJoyr05rYwYFzT1QgtjSOCFFsaQWPn3MasAa5wCLKAv4gE4IACsByvAO+4Ah8m/AQpwZycFeM8z
KcBCEnjHHWBOAQ6KAbPoi0J2gLECrHnQe0wQgQMGkDwF+ARVgJkPzL08CbOSL36p4+ez/AASVoB1
xvwchMEXYlHqi2ZUXwswGKvBBYdgsHMxPqQXvBgwYPDFOP5PYKrYmiq22NVfGgOe11rTifKlE8NU
+M2V2gt6+1KiDSH5GfLOdIJbPMIR34mOB733ypcn9qHNEdbtfHmiQ5XeBd29MomhF1K+s5OdAtPw
PHfaKpwagZfQblXixN6uctpNk5eUgUu17sKyde3sAQq66WQPJXtppyfIwvAliAQjd0tZtj587yBy
txR3a0Hfcs79znfs1Av+4bDzSQaWJ09e4L0Cf7yVJ0/eq3fX/tXJV4F+v3/wtxd0W9EsEHtp4XPE
sBfMiqqTPDBDv7QNy+uCXq3gpV+mC5qS8BG9imVhfgkJbM9HtDLKefR7RK8hEglmM8BjxPZMl5CI
8Gt5MMwvISXyDUSkYPA/J9br4Hk+TozQeAnpUeN4voF0y5OC8427G82T+QZ4nmEeaYnJAEPzMyJL
SGdIJxY2PG80AX3PFMqQAQb0RZABBgWY6b4SjNBs9xVwr5cB1tvIFwDOldoPnhAFmOFe+ExfCmNI
uAQrKAP8iFGAFY2L/nIKMFOC5V8ARnov0AXtV4CVwHba+3wAACAASURBVBKszlb5iyjAVmQHBbj8
vArwoWh/dE9ACZYwCEwVYL//eT5oDZgqwMiXAaYP8wwMn2AVYD4DjBVgfgBpcmwv8k8BL1vw8tTR
gAEkFDQFzAjCAeZndgr4LC2CJhg8r0VTsTLG4PgQYDBpvRoCNRgVWymi+rJVWKzGC2zsVT3fK08n
hi8xjuh5rQXCL038olIbhF+02ZkO2kCaxcVX3tJvfrOzoHeo23mWr4OeAzu0MHoEcm7QBhKqdedE
/3MXJbtppzfH12LBLPCH50TtN+30kNNT9C0liWuxFJgIdnqK00P61ofnln+v9cMv62dF6EkGlidP
nv9egT/hypMn7xW7j3731KtAv398S5vXLHA+g/aLC58Nm2vDCnJBQ+UVWoUMsCV0Qftd0EIGGN2H
DHAZyp+BfkEHpqHfHTLAD2pIt6gLWhR+gzLAt0EBpp7nfAM8zxR96RLSyY0mWweNfBngJA0GE9XX
U4N9qi9WgwvYCE0bocXuKx0rwKwXmum+8tRgGgDOPSEZYN1SSlwGWBhDym92kB4whhSYAUZ6cADY
vwDsKcC6qAD76Teg/7nJBYB57bfs6FuW01PC5d8XlwGmIvBotD+q9Y1GrUAF+FC0f3QooAt6+www
GnljTOcUYGENODAGPP9sGeDE4T0LukfCgLuIzwCjsb1AwqfG9k4e5WLAgLu0+fmULwOMBEGYzQAT
NTgoA2x5GExar+gGEooPgerLZYBJ6xV9k91AypXaC8sWOKKZxG9rZqKdSwRlgInwS6VgZbMzU2qD
FEwZmGaAC0T79TLAloszwAzlzhI7NKrt9xueC5Yr+J+h/xnVummnt7BsXUseQM6BtNOznN681gvO
ADs9Re8557aw9svowIrW+yj17f/Y9/6L/kmx40kGlidPnnCvwB9y5cmT9yrdz/+bH3gV6Hdf81/N
6xZ1Pi8sW3js17Azhj2oV8Jc0LjyyrDnVytZswwZYNg6gi8J9DvmX0K6X72RszwXNCjAEAkmuIuH
kbxCrDqiLuiH9Rs5TL8xwrrcEhIkfvW6mAHW6oh4npX1OniegYcnN5qILAODC5rNAJ8hPCw0PwMP
exngT5sUfZdIIzSMAJvF1nlSi+XPAJt6izZCs91XbCM0mwHOldqrnwEJl9nuK2EEGCvAOreExHLv
I0YBpl5oIQasMKovlwHWPQXYHwOmAWBMv9VuObgFuiwEgAMzwLvVAh2WAeZjwGV/C/ShaP/Yfo9+
/TFgKv9iBVjjMsAxXwyYBoBZ5zOeAj68x0/CwLpAwnQACUiYjQHPa3snx8qTY3vPfm2QYjCVfKEN
C1hXaMNCsSj9kpgB1nELNDsFPBUfohg89baXAZ6KDwHc6jEuA8xi8DRhY1CDgW/DHNFKqT2jixng
Gb1DxWF2A8lre75Xnp0cyb+zDzLAyHJnhA0kxg5N/M8uQDKou7OTZeXd/ewGEkBvgP9Z711L9mgG
OJ0sK2cPKD7uxdbocz3ovkrDFDDRgdGFUcLAWx+l7tWHfvRl/MzY9iQDy5Mnj71X4M+58uTJe2Xu
n/77d18F+u2UlxYMT+9dWLZY7ReoOGpWFgxb1W1owwLnMyCuYtiLq5WsbvFd0NWsWRn1YLgKYPzx
WjVrVrwM8P3qEd2CJST46lt6DZGXROnFOvANJgMcW6+jXO2TB7XjuoVA+M3Vbq3D6m9NEH5p4hcR
4ZdKwSjfuPmwfof1POcb2POsNxCDvjCPRHk4SaTgpY2m1/zMoO+ZDaz6ghqMCs5ywdELznndUQj3
suh7vuBA7TOowUIGGLqv2ACwWWw9eII3kJBu5fgMMFidH9AKaN2DXuqFzjMZ4ILl5vUO8gWAhT0k
dv0IlGF/ABjaoT0ArnafENWXyL+WpfdQWAlW+A4w+kIlWM0gHXjoC5VgoefZAfZiwHr/2IhFoRea
scb2ewCshOwAx0YHaCeWEANGvh1geDOhcyRMY8B0B3hybO+Cjl+eCtoBnhzbO3+vDNx76ij2QlMM
pm1YQgaYqL6M+ZnZAUaxaErHG0iIOJ8Bj6fi1oVY1CwOoVgUx30LzpQ+NBVvmXEvA0yF31yijYqt
6VJ7qthCpfa03sZpYZoBXramE8O5d/bBO/nNzoLenpno5BJY+IVUsJABXtA7lyfwXwbNwOdl68qp
EXhJoRci8bNk+Lcw6aJad9ZyUa07q7tAtsDMYIcG0J3XuukkjgSnnd6C3r2W7MFz2unNM4XPyOml
ly2LiQR/eG4Luq/A/4zObYEOvKBvfUh0YJaBkR758Nxv7Tk09TJ+cmx7koHlyZNH7xX4o648efJe
jfuN/+fMrtPvXz/+r5FuZQyc+w2jX3jOEh3YT78HRfr1dOAsT78HtQpa8+gX2p6p9gtgTId/39Jr
CuuCJvSLcrUbpO8KbM9QiHWc0G+C0K8n/JIGLBB+cSo437j5sH5ct5CwhJRvUM+zV3+lNxHjgqb1
V4gsIQED3/20eaZg0foreJ+iLyowRuhiSzBCUzXYDBpDAtZViq3cE1J/pVsKEwAWxpDymx2kc0Zo
6oVmM8DUC83GgAMDwAWdK8QSYsCIar/VLp8Btkp6VxEZOJh+UQgDbx8ADmNg/KAH/auvBRRBb++C
5mLAQfSLdooBwwPxPFtsBnhsP/E8hwSAY6MDaHQgpm8XA2aTwKzz2SuC5mPACzp+8A8gTY7tReOD
YI0+Oz44eXQvYgLAwgBSko8Bs+ZnhWAwNkITDFYIAxPzc/ni20Mm0G98CPc881VYMHc0pbVoFRbM
HS3orekEt4GESu3pe+XLhIFniBR8eaKDhd/NDkjBVPidIXboyywVL1uXJ/blN0dY6L3is0PDS3A4
XyE6MLRbUQZWat00mUQiYm/XItqvEPRNM7VY8xouvoLuq7TWs871aPdVCANvfXjuLkqN/m+//2de
wg+RbW7q1ucRycDy5MmTACxPnjy43/l/z+46/f70WwbS7QXdQrqNdGt7+h0kDVgIO59tSr8Q+hXp
l2SAkVm5vlZFQgb4ftXbOiKRYOxz5jPAY77yZxB+38pZwg4wu4QUmAE+ToTfyXwDged5vc4Kv8Tz
zNRBbzRv5xtnNppIxzzsoS+TAcZvfto8U3Bg3Ag8z+CODkBfisTFFtKxGmxumwGG5wdPwPlsIT0g
A0zHkIB7ue6rL5wB5qE3OANcFTLAVuAI8I4Z4HKIDuy4W5bec9wtJZx+X0IGODrQh4B49dAW6EM+
BkY7ZYDJFLDFZYAJD6OQDDAaHWDXj76bDDCQcOAUMJMBtpLjg1gQfp4MsKf6+jBYjzlQhTVVbMFg
UioWBQxGvgwwbb0yi60FvT0Vb11KtHEGmK16ZhO/98ozE/sunRjGxVebHcgAX+aFX78UfGXSBfMz
UPHsJJaCCeVy/ucFEH4td67WnaUvqeF52QqIBDu9uVoXOb25kLFfCyLBng68dS3ZQ+4W7cGi3BvI
wCgSWdC3UCqinPvOL//BuRf8Y2SHkzqwPHnyIhKA5cmTB8emEHflfuKPr4D2i4l3mXn20S88q9AF
bdiw/YvMChRlgdVZXEIyK0ivXF+rZnkX9NhadeF+9fqaFbiExEwfYRc0Z3sm9AvC7w2CvrfW60j3
YFgUftfrNwkM38k30Hr9zqMGXUvihF+9IUjBSwz6JjeaKN/w118hQN+NJou+iIwhhaKv7qCCh76I
jCGxki83hvRZyyy2crqF2AAwAWDSfSWOIdHOZ9YLLUIv44Vmiq84FzT9oDD8uMz6ny2kizNIYgt0
0AiwaH7WOQU4bAZpFwF4+xkkFO0f1QNEYP8UcCAGUwBe0AfGRiwvBnyIgd6gNeAF3XNBC85ngYSp
85n2QgcOIJ1iRWCCwSAIJ8cHz35NHECigrAwgBRgfuYx+GK8lYpFUbHFYvBUfOji20N+8/PFeAvH
fbHw28aOaFb41TkpmKq4uRLGYOp2psIvKwUT6HVnJjoFgsEFy11Y9hh4ljAwuB5mLXdB785OuiWC
wUEbSBZ6d/+cz/9cCho6whtITg8XXDk9xd1a0HvKuS2UxCVwCyEMjJatD88dRJFR4oXeQinj1//j
ey/6p4k8efLkbX8SgOXJkxf5/afndlf+/eaR30W65Wm/K5wOHEi/UcNeIC5orAMT7RdwN6tX/C7o
sbXqAijAOtGB71eP6BZiuqCP6FX68pNc7YheZZeQBNvzJ7TvKldDsAOs1xBdQsIw7C9/ZlzQD+sn
8xbSuSUkVvhFZBn4pI43kCj63iFLSCz6Lm00kW7Bmxz6FhykN8PQF970oa8jou9nNANsmT70pTvA
VPLlSqG57ivOCO3PAOc3O3ndU4DzQTvAAL3EDm0hXwCYAnDgCDCnAOtBLdA77QCj5wTgwPQve0Nf
TAF+5h1grADrogIcNgUsBICxArxseRlgHoaFHWA0OpDwO58D2rD2sm1YfvPzArMDLGBwcnxwATB4
fDD5NT8GB+8Ah2Hwgt5KxUQMNostwGDTh8HTibbJYDAqtqbJ6i9idoCpFDyz2ZkutRf0znTCAkc0
63bO+6RgCr1oszOru5cnOh70LltXJkcKFmeHptovstw58D/Thmeh8Bns0E5vrtZd0Htzp7so2SNI
zPuf9Z5FkRh0YNB+3a203kPnthQf99JnhLVfC7kHyXMEpVZ+8w9/6MX+RNn2pn9tc2nmzV38BuTJ
k7frJwFYnrzX/f6w8UO7S78/8kd/h9Av1X7JM9aERfrFS0i0AWu14snF2OocQL9ge87qFUR14NUK
Df2KS0j4JZk+IpFgwfbswTBWhontmYHhwAwwWq/felinK0e31nESOFD4PUl4eGmjiUgG+IyOnwF9
lz6FDLCFGB4W0BcjcVgG2Ie+GIkZydcsWqwgLKAvGKHDMsBs9xX97OdeVhP2oJc8+6G34IsBl2pd
xAOwuAOsiwpwKVABdkIV4PIXU4D1nRRg/YsowIe2UYCDYsBjfgVY5wD4KA/A/ilgD3p5GKbdV8IU
cHAGmLE9s21YYRlgOoAkYDAj+YqCsDCAhBXgoAwwvI9VXx6DgXhRsTW1bF2MD5lFD4NRqT2lty4l
cA/cFAwg6e2ADLDevpTA5n9cfLVsXUoM5zf3IZ/wS6VgCr0zm52C5YIdmi++EuzQGHpnLbdU67L+
55K/8BlottZNOz1U66b1Xul0gP8ZGBheKjB0dO4gcg7QHiwnSPvFz5EI0X4tqgOjVASlfvfb/+n8
C/7Bst1JBpYn7zU/CcDy5L3W1+qldpd+f/CgTunXr/0uMEtI/gww1n5X7EXTggwwEnaAfRngI2wG
+L4Y+gX6ZV/6M8ABtmemEOs5MsAP68fXLS4DnIcMcOOLZIA/bZ7ZsMQMsB99d8oAi+gLGWBAX90K
yABTBfiFZoDLbAZYhF7WDl0K2QF+QRng51WA/7PKAAfvAG+XAV62vAzwIaIAv6gMMN4BDsgAs77o
58kAXxDMzwSDfRlgiwaDWfPzJVIHHZYBhqrnS4k2zQAv6O2ZCevyO/vCMsAUelk7NFt8Jdih5yj0
ehngLpcBFl4yOjByenNghw7MAMNLd4tkgC3kHgQdOCwDjPVenw5MGPh3vmOnXugPl+1PMrA8ea/z
SQCWJ+/1vaG9P7y738AP7Ftm6VfF9Otpv/AQ5oLOmpWFFVs1LJoBpm1YgRlg1ahiML4PGWCLtmF5
oV8mA0yXkGgGWM3Vrt+vCrZnGgkG4ZfNACeIFMxlgB9CBpgIv+v1O3nIADfgnbAMMPE8exlgdaN5
+xHwsMUZoTeaZzaaquEIRujlgrOkN8MywCpZQmLRVy844HYWM8Dgf9ZbbAZYJQ+BGWDgXjYDTL3Q
gRngx2XaAm1BBtgfA/bs0HwLNGSAt4kBI74F+klgC7Qe2gJtfTct0CH3hVugwzaQhAwwbYE+6m+B
Dg8Akwyw1wJ9bDQ4A0zXgBf0PbFRCygXZOHADHDGwC3QNAOsMgzszwDDABKbAU4aWBAOyAAvW6lY
VMDgVCyKCk5YBnjKGLoQ48zPdAf4ojCAtGxNxYdg4JfNAE8n2rl4aAaYIG778gT2PrDdzmhzn5AB
Vi13hs8AwztC8RW1Q5dq+4UMsFrrzgZngLul013V6c2Bqzl5ANX2c6AblAHOGFvXkltMBthS3zuY
Ds8Ao0hkAXK/RAf+KGWjCMvA+r+tX3ihP2K2P8nA8uS9ticBWJ681/SOHnh/d7+B7x/87e3pF57V
EB14FOhXt1Szohq2yiwhgQ4sZICBfkfNinq/umha8BLvAOsVfwbY2wE2mB3gB7UbORuzMb8DnCD0
e9yoCzvAAMO88Fu/k29Mkh3gk+t11cDoq+YbN6Eci88A391oniE7wMl8A9B3aaOpGrZ/B5iqvsmN
plpwljaayzCARHaAw+qv9IKjFlv6Y2e16KEvIDGLvmaxpRrcDjCgL3CvWWz5M8B5fgdYNcJ3gD+n
O8BW4A4wCtwBNrqId0EXwnaAa/4d4K5lvC47wCreAeYY2J8BDtsBVkcHxvSAHWA1bAd4xcY7wG8+
6w4waMJCBhjvAI8F7ADDV/07wHrBwRg8Ppg6FkUFB1hXLzgB5uf4kFlsLejRqfjQhVhrKk58zvj9
lrADDB7mqfhQ7sQw8O0UEK/RvhgPyACDqEuE387MROdSAsu80/gdTgrOGO7lCTe/iTFYtdwZ3b1C
GJgrvrLcWcvNGN3ZSatwagSgV611Z/XuB4SB/RngtNGzTveQF/q1kbM/HeJ/tpI91d1Ku1t4BxgK
rtwtZRkzsF/7/SgVQZGI4m5ljMiH5yJqJKJEIkEMvPx7rd38e1jJwPLkvZ4nAVievNfxTnzPj+7u
N/C9b3w7kH5Z5zPVfv06sGpWMiu2qlvIt4REMsC2n36RWVlcrVxfs7wGrLXqEb2qrnkwTId/WRc0
bsC6X31Lt4B7IRJMC7HU9TqF4VtMA9Zx2ncFddAPvapnEIRvkiUkXAcNwq+Bn6kUDJ5nzMMbzTuP
Gnc3mifZuG++we4A473fjSag75mNJtIx9+oFRy04dzearBEa7/0WHEDf8wUL6R73gjLM7gAD5eKX
BH3NYotKvoIXGrqvwAvNBoAp9+aesF5oq0AWgCn6IgaAH9NnMolEtV9/DBg+HvM6MOCu3wVNcZc+
I55+/THgQB04Qug32P9siDpwdKCPjgMH+p8jPANT7TcsAAzPyEe//gDw2MgbFInpxzFCv2EBYHim
O8CJw3uOMTow8gWAY6MDC8uW53w+ulcgYdqGBcQL7mjB+QyCsOd8ZgLA4IumO8Cg9FISXtAHUzEL
Y3AsmopFkwWHNT9fjA+B6puKRQkGty7Eotj8HCdLSGQHWC21p0ptCAZPL1sX40O50jAiA0gZoz0V
5zLA6mZnWu/gciyv/Ll9eaKT3+yom51pKgW/sw+7nS0XOJn6n/ObHQF6qR0aU67lzoKl2XLnat0C
8T/DV9kMMJDtHLOBtKD35k5bljd0xDGwQrRfcQPJ3VKWLee9g6HaL7OBBM9BDPzb/6H7Iy/hh07Y
SQaWJ+81PAnA8uS9jre7o0ff+8a3kc64mhn6Bb1XJfIv1X5VQsL4OYx++Qywium3Qun3iGGzO8BA
wtfXqupa9eO1qmpUr69VY3wGOLZWVXO1j+9XVcPGbJyrfZKrqQbeAVZztU+AisH2nKup6/VPcjXV
YDLAD+u31uuqYQs7wFT4BSn4FpMBVkn5s2p4GWDiebb9O8DnN5qqgTPAS0QNZjPAKcYIfd5wVN4I
rT92lgvON4p2QAa42PpGsWUaLfWZM8Aq0X4FL7SYAfa411aNgAyw6t8BtlykP3cGWDV2zgCrQdpv
OSwD7PQcY/czwGq0P6qHtkAfCtKBX1AGeEH35N8TbAt0gPN5T+KwxZKwymeA0djeSYNfP+JJOGOE
ZoDV8cGkMZgcd0AQVgnr6gUnY0ST49aFWDR1LKrGoqliK0X+fielty7EoqlYVI0PpQjxZoyhVIyY
n+NDUwzcXoy3aQaYvGldIlIwebNzKeHxLc0A5xP4HSoFX57oqJsd8DZnVuyZiX0FIgULbucZAr0F
Ar2lWjdjdK9MduEfKNFYb607R/zPwMBzTm/O6WWM3genewC9pVoXXoIXWnV6c8zYLxieQfh13C1A
YnjJfokyMGi8oPeiSITVgVEksqBH6DMwsDowigb6MkbfR6m+XWdgefLkvW4nAVievNfuLvyJi7v7
DaBlpvVqmel/9tGvSuRfLgO8Yg8S57OfflWjgg3SfAYYCDbro9+Y95LLAKtGDV7eeFD7eA3TbyxX
U0khFteApWMRGBK/Nwj9Jtbr6nr9kwe147ol1EED+t5ar6te+XMdoHeSjCHR8meKvnfyDc/znG+o
G83gMaSNpl5wgIeBfqkRWveNIVH0VQ1PDWZV34AxJIK+pt6iuV82BhxWf+V1X30OJGyzXmg2Bgy4
S7lXNTwFmI0BI0b4fcwqwIanAAfGgFXBAr1TDDjQAr1NDDgSboEOxGB/ADjyDBbowA0kT/7dNgBM
6RcFYTC1QFPPMx4BZqRgFBQAThzes6BzI8DYC81/TI7tBRKeHNt74k1MvyqxQPursJLjgyrDwFgB
NgYDMTg5PpgxosnxwbPjDs79EhLOGC2KwWwGGHDXMz8TEs4Y7VSMMz/TASQa9wU2Xli2phPDeQaD
2TposDqjzc4MAWO25krcAV62rpwaYd3Os5NuYcJVLRcrvTrfg6W7VOnF1Van95dqI8C9/gzwByQA
TJEYXlpOL7NiQy2WkAFWeO6lz0okAgz8Ia8DAw+z3AvP6kCfgrVfC0VGEdGB/+qF3fw72Zk7/+nO
Tx7exW9Anjx5L/kkAMuT93rdpe/75u5+A/9o+ddY7TdjkHyvbvnpl3VBe9oveV4ABVgXdWAQfrNG
RaU6MJkIHuPplzZggfYLOvB1o6rSHeAHtetrFsAwoO8Nov0miPZLpWDSd4VhWF2v33hQu8kIvyqp
g1aNOqVfkvit0zEkKH+mwi+Wgh81TuqWyuwA0zEkdaO5tNFMbeCHuxvN8wb2P6fCd4BVgr56AaOv
sAP8DR/6qkwGGMaQciE7wKrBZYA9L/TndAfYyvM7wKp/B5jhXvazyqi+bAwYiq8CY8ClWlcNmgLm
FGDjuXeAaQz4WRXgzk4K8J7nUID9AeBn2QFe0EUFWAgAqz4MZj+D0isEgMN2gIGEhfUj1bcDnFmx
8Q7wm7gKS1g/yhjcDrDK7wBnjEGaAVYJAOsFh2CwcyEW1QsOVYMBg1Mx+0IsahajarEFajDF4Ivx
IbPYwmpwsaXGh6ZIshebn0ttOoBE38StV8vWpRPDrLE5Y3SmE518Ag8gee8wq78Zw52ZwIg7Q7qd
L0/sozO/yHJnDffyhEuVXhB+AXpB6YXiK6bpyi6dGoGXqtObM3oWAd2M0Zs73aM9WCwDp51eZsW+
dvYAgK7qbqWNLSe5BZ5ngYHTyS3YAY5EIpkV+0NBByZeaJaBUSqiRiJE+2V14F//qxd+8kX+5Nnh
JAPLk/danQRgefJeo7vyp358d78BoF9F47Rf+AAq9rugvYFfw86seM1YGaIA++k3Y9hcAxYZ+wUw
vs7T71sGGUZiGrCuE9vzW7ql5jz6fcuoqSQSTG3PUAet4ukjnAHGwu+6TaVgYQd4Mt8AHvYSv+t1
FZc/17kdYEb4vZNvAAPf3WieyTdA42WN0Gc2mqAG6wVHJRngJdIIjVXfjSag7/mCBbVYgL5giob6
K9XwMsB6wUEh6MvWX5nFVs7wiqC5PaQnWPjN6ZbKZ4DpS497dU8BzvumgKkdmkJvgY8B+zPABcsV
d4AJ7gZmgAUMDlOAy80voADbkR0UYOt5FeBDQ+EKcFAJlt//vKCLCvBRQQHmM8D0gYXhE0QBVn0j
wFgB5neAJ8f2qnwGGB3eM7li4zaso+IOMFaAgzLA8FXIANMqLJg+AuJd0J1ULApqsFpsUQxe0KOp
GDFFx4cAg0nzM67CUkvtlDeA1KKrSGzBFdt6BVHe6cRwjpGCUakNwi9tvYJUMFQ9TwftAM9absZw
Zya4md+M4VK38yxjh4bQLy2+ok1XcyDn0pfMVwGJP+CRGMqucDU08UJDD5ZzTtR+AY8VI4KSWwrY
pBkdmHqhEc/AGaOPvs/qwKpkYHny5L3EkwAsT97rctf+zJ/b3W/gHy3/Gut29i0b7ZQBZrTfjGGr
egD9wvNBXvsF5zO0YV03qjtmgPHL+1XYOqL0CzowDf0eN2rqNhngBzXVsCEDrJK+K0/49aRgrwEr
OAP8qHHGsFU2A5xvLDE7wDCGJGSAU4wROiAD/JhTfbEaXHBY1VfIAGPWNVom74Wmqm9oBvhJO1dq
5wxbyADnSm2V3wHOG54IvH0GWDWCM8AFy1UZ7fcJqwAbogIcSL/InwFubpMBtp9bAf5SM8BYAV62
QjPAQ6ICrPL0G5gBVkfeGDM8BfgoQ7+I6cH6Yhlg9fCehMHtACO+BwsrwCv25NhewGBWE2YzwGfp
GBLnfCYK8LgTlAF2cNaXqL5msYXV4GPBGWAz3lLjQ1PE50wzwHQAib6ZE1qvVmxBChYywHlm9ZcK
v1D+DN5+bJBmZn5pBrhEtF+11p2FDHCtizPADOXSSLDncGagNyADDIXPTi/tbok6sL4VmgE2ttRz
ESUSifA6cFgGOGNEPkr1qQN9WPu9YMMz0iPfel8ysDx58l7GSQCWJ++1uI9++NLufgOEfjHxLix7
2q+X9Q3JAKvkn1cNOwrOZ6NC/yf+DHAWxOFVmAW2smZFXasumpUjRiWMfhfNCmSAx9aq6H71k1wN
h355+o0R3IV+LJoBPm7UVfLy1kNowPLo9+Z6/Xiuhuug6fSRgcGYNmDRDHAS3nkEGWALEr+0E+uM
0UR8BpjyMM0AY8+z4TVC4wzwY0cvOKphe2owp/oGZ4BNA5OwwL2EisUMcK7UXv2MtEDrFiVezMaE
e7H/2fBEYIF72QxwwfAUYH8MGIj3saAA657/aJvEyQAAIABJREFUWYgBY8+zkAGuBrRAW7qFQlqg
rS/cAu0jYbaU7nlboAPpNzrQh6L9o8uWvwX66H6OflWyhBQYAB4beSNjcArwMSICBwaAsQLMZ4D9
JIzlXwM/syQ8ycSAF5Yt7Hz+2iDFYEby3UtrnwUSVmNRiAfrQRngVKyFs8EkADwVH8qs2KlY9MKx
KM0Am4z5GbdAkwwwJl4mA6yW2lN6+1ICmxrYVPClE8NAvGwGmPZgqZY7Y7hUHIZmrNlJ9zJvh74y
OVKw9kEGWK11Z/gMMGuHnuMZeM7pZVbsK5MjqLZ/jnz1WrIXiMSq00uzhc8wEewcAIE3LAOsRiJp
HXuhFXdrYdn66MLoNhlgNNAHXmh4Hy1b6tcPEQbukwwsT568l3ASgOXJey1ud2ufifOZo19WB2bc
zuLeL9Avp/0S5zN56e0AU/pVVyuLJnnJLCFRGIaXMUK/Xgb4fvX6Gl76BVn4Rq6mGvjlDYZ+hQzw
rfW6mqt98qB2ct1WDU8KZneAVW/6CCd+1fX6nXzjJiMFq/nGrYf124znOZlvIM/zjIVfaoQ+T3h4
ickAU88z9UIvP3bObzRVw6ZqMFV99YJDVV8WffWCA83P7B4SFYRzRlstcjFgtdgCydcstnKGrfIZ
YJUwMEZfo6PyO8BCDJh0XwXsAAMhCxngUq1bMFw1ZAfYnwEuN30WaMNWn3MHGBA3sAs68oJLsNSd
SrACd4DVaP/Yii3Iv4eG+kUFOGQHWB0diBmeBfoYEwBOBO0AZ4w9AgmrfPoXV0AbHgYLJIy5d9lK
jg+CICwEgNXxwUlmBxhngAtOKhaFRuhUrHV2fNAsttTxQVB9QQ2GyivcAk1V3xV7Kj504VgUnM+Y
Y/XWVHyIzQDjB6N9Md7Ob3bUUht6niHcezHehndwBnjFvpQYzm/uA+gtWG7G6LAbv5AKBuFXkIKB
eGcsN2N0ZybsK6dG1Fp3xge9syQSDO1us7VuxujNTnYh9AtfnTttW0QKxpXOEPp1tzJG71pyC4Tf
oMJnG7keA394LgLci58jEeqFjpC9X5aBwfMM3Ve485l4oakOzDKwavTvuhdanjx5X/mTACxP3lf/
/uGf3c0/TNDcbxj9stov0/lshdEvq/3ilzz9ZlYrWZF+K9D/zMIw8G1WoF/D9hqwcrXrRhWRWWDi
c8Yu6Bv+BqyHdSr8QiHWLZ5+b67XTxIj9CRpwDrJjCGp+cbNh/WTeVtswMo3PM8zMUKf2WiqRhP0
4VSgEbrgqBvNu5+CEdoCvgU1mKIvZ4QutqgRWtcdlQSABfSlRmhAXywI85Kvx73MHhIugmamgKkX
Wqi/gkkkIQasMtqv131leJ1Y/hiwymDwkyrvf9YtfxF0GP2qIQzs8GvAOzJwZFsXtJ+Bt3dBH/Ix
MH1QQxqwhBgwroBesbkA8H5PB1Z5BmYfAIZZEsZxX18AmEwfcVVYiGFgXIVlYO331JjofMZVWCs2
JwgzAeCAKixQfccHUcFJEfMzuPpTsShjfsYYTJufAYNTsejFt3EAeCo+xJqfaQ9WwOQvxuA2O4BE
Wq+sy+/s8w0guVj4xYlfTvj1N2NlVuzL72AduMRCL2Hg2cku646eM3rwEjucVzgGTid71ukeO/wL
AWAroOzKRmcxA9OxXwj6sjpwOANHAJVB+6U6cDgD73IeePZfPr01/Ud361eXJ0/eSzgJwPLkfcXv
V37qp3bxV//FlV/nKDeEfgUdmHU+B9IvlYuBeIGEs2ZlFOjXsFXfDvAYjCGtVVUDk/DHa9WsXlGZ
0O9bhH6Bjd/Sq2wD1nGjhpgMMFcH/QCUYctrwMrVThp1lKth1vVlgG8xY0h38g0sBT+ss8IvdGKd
YRuhifBLpWCaAV7iM8DqRnPp0+ZywTlv2OB/1pkdYBF9mQywangZYKBiP/pyXujPWrlS2zRsof5K
ZXeASS+0PwPs5172o2C5KgHgx4wIHBYD5jLAVd75bNj+GLCQAQYBzQ/A5RD/M6wBO+6W+nIzwCo8
+BaAKQb7F4ChFmtspwywOvIGy8Ox0YGj+3fOAGcMzwt9jACwymAwPwIsVmEJGWDa+XzKh8FQhZVc
sQUMFjLAuAqLMLBZbCXHBzNGi2KwLwNM1OD4UIrYGaZW7Aux6NTbQ37izcW95mcQfkEKpj1YIAVT
qzNO/C5bl9/ZB3+VM80MIAUKvzOWOwPvG+6VyS5ALzDwlckRtTYyGwK9s0b3g9M9gF5U687BS5ry
XbFpJBg5vTRUQ7tbc04vY2zBP5kOKrtKr2AGTlPujUTSVBOORLZhYDTQB7lf5NN+AxlYjfZnjL5v
vf/Pf/a9n3ixP5/CTzKwPHlf7ZMALE/eV/l+6+dmdvFXB/oF57Ni2JkVW9HKYfQb8Mx2PvvoV9B+
8fOKHUi/eBiJ0X4XzcpbRlUFWXitCivB/kIscD5/QlzQAMNiA9aD2o2cDTA8uV5XczB95NVBi9NH
zDvYCJ1v3HxY56qeifBL0Rd4mJY/02Aw3T0C/7NnhP60eX7DpuXPqY2mWnDIPnAA+sL7AvrSGLCA
vpiKP2vlSm3VsHPMFDAr+eZKbeiFplQMftE8HwP2cy+1Q3P1VwaGYRF6mWcKvQXLLRm2GrQA7BVB
+wD4SdgMksGJwIEx4JdfguVHX0/+NYJnkI76AFj1lWBxPDw6MLZiUwAGGPYUYN+HenhPzBCrsFSe
gVkSps5n7IVmzM/q2N5Jw8NgeCfJ+J8zBIPZ9SMBg6nzmcXgVKxlMuZnk8HgXLytFltTpTZgcMZo
TcXti28PBZqf4S9xpjDxtrH5mSHeDJn8VRk79HRiuPDOPnWzQ8zPPpmXeQdDr9G9POGC+ZlAr106
NSL0YAH0QrXVlUnshbZCln4xErtbc4z/OWP00sktxxf0pQwcee8g53/Gz5EwBsadWMT/DF5ogXvZ
Z3XF/ujCqBrtJ15oycDy5Ml7IScBWJ68r/LtYvT3n63+84xhD/podnv6Ddz7DaVfRvtVDRsKn0Pp
16iopqf9gg6MjdAh9Bvz9z9jGMa2Z6Df44ZNYfjWOjRg1Wkq+OZ63eu7okZo8k4y31Ch78qw1XwD
v+MXfr1xYIy+1Ah93if83v0UjNA2i76wh3TewP5nSr+AvrqBSVhAX9hDEtH3MyoIi+gLe0hhU8CA
vtQLrRpi95V/DbhguYExYJZ7H5c9AKbQW/DtAPtjwE/8CrARrABvswPM4q5fB4582QCsPgMAh32o
0f4xQwTgbUaA/QFggGFsez4UQMJCABieAxeAqfk5Y+yhzmfA4LAR4FNUAeYxGEu+XwvAYCEADBis
FlspgsGsFKwWW1NG+0KMKMAUg1fsqfjQxSAp+FICB4BZDGZ7ngUpeMZy1c3OzIp96cQwHkAiMq9f
