[    0.000000] Linux version 6.8.0-101-generic (buildd@lcy02-amd64-051) (x86_64-linux-gnu-gcc-13 (Ubuntu 13.3.0-6ubuntu2~24.04) 13.3.0, GNU ld (GNU Binutils for Ubuntu) 2.42) #101-Ubuntu SMP PREEMPT_DYNAMIC Mon Feb  9 10:15:05 UTC 2026 (Ubuntu 6.8.0-101.101-generic 6.8.12)
[    0.000000] Command line: console=ttyS0 panic=-1 no_console_suspend rdinit=/init
[    0.000000] KERNEL supported cpus:
[    0.000000]   Intel GenuineIntel
[    0.000000]   AMD AuthenticAMD
[    0.000000]   Hygon HygonGenuine
[    0.000000]   Centaur CentaurHauls
[    0.000000]   zhaoxin   Shanghai  
[    0.000000] BIOS-provided physical RAM map:
[    0.000000] BIOS-e820: [mem 0x0000000000000000-0x000000000009fbff] usable
[    0.000000] BIOS-e820: [mem 0x000000000009fc00-0x000000000009ffff] reserved
[    0.000000] BIOS-e820: [mem 0x00000000000f0000-0x00000000000fffff] reserved
[    0.000000] BIOS-e820: [mem 0x0000000000100000-0x000000003ffddfff] usable
[    0.000000] BIOS-e820: [mem 0x000000003ffde000-0x000000003fffffff] reserved
[    0.000000] BIOS-e820: [mem 0x00000000b0000000-0x00000000bfffffff] reserved
[    0.000000] BIOS-e820: [mem 0x00000000fed1c000-0x00000000fed1ffff] reserved
[    0.000000] BIOS-e820: [mem 0x00000000feffc000-0x00000000feffffff] reserved
[    0.000000] BIOS-e820: [mem 0x00000000fffc0000-0x00000000ffffffff] reserved
[    0.000000] NX (Execute Disable) protection: active
[    0.000000] APIC: Static calls initialized
[    0.000000] SMBIOS 3.0.0 present.
[    0.000000] DMI: QEMU Standard PC (Q35 + ICH9, 2009), BIOS 1.16.3-debian-1.16.3-2 04/01/2014
[    0.000000] Hypervisor detected: KVM
[    0.000000] kvm-clock: Using msrs 4b564d01 and 4b564d00
[    0.000000] kvm-clock: using sched offset of 279015777 cycles
[    0.000001] clocksource: kvm-clock: mask: 0xffffffffffffffff max_cycles: 0x1cd42e4dffb, max_idle_ns: 881590591483 ns
[    0.000004] tsc: Detected 2803.200 MHz processor
[    0.000623] last_pfn = 0x3ffde max_arch_pfn = 0x400000000
[    0.000658] MTRR map: 4 entries (3 fixed + 1 variable; max 19), built from 8 variable MTRRs
[    0.000661] x86/PAT: Configuration [0-7]: WB  WC  UC- UC  WB  WP  UC- WT  
[    0.004683] found SMP MP-table at [mem 0x000f5470-0x000f547f]
[    0.004695] Using GB pages for direct mapping
[    0.004744] RAMDISK: [mem 0x3ed2b000-0x3ffcffff]
[    0.004751] ACPI: Early table checksum verification disabled
[    0.004754] ACPI: RSDP 0x00000000000F52B0 000014 (v00 BOCHS )
[    0.004757] ACPI: RSDT 0x000000003FFE2304 000038 (v01 BOCHS  BXPC     00000001 BXPC 00000001)
[    0.004761] ACPI: FACP 0x000000003FFE20FC 0000F4 (v03 BOCHS  BXPC     00000001 BXPC 00000001)
[    0.004765] ACPI: DSDT 0x000000003FFE0040 0020BC (v01 BOCHS  BXPC     00000001 BXPC 00000001)
[    0.004768] ACPI: FACS 0x000000003FFE0000 000040
[    0.004770] ACPI: APIC 0x000000003FFE21F0 000078 (v03 BOCHS  BXPC     00000001 BXPC 00000001)
[    0.004772] ACPI: HPET 0x000000003FFE2268 000038 (v01 BOCHS  BXPC     00000001 BXPC 00000001)
[    0.004774] ACPI: MCFG 0x000000003FFE22A0 00003C (v01 BOCHS  BXPC     00000001 BXPC 00000001)
[    0.004775] ACPI: WAET 0x000000003FFE22DC 000028 (v01 BOCHS  BXPC     00000001 BXPC 00000001)
[    0.004777] ACPI: Reserving FACP table memory at [mem 0x3ffe20fc-0x3ffe21ef]
[    0.004778] ACPI: Reserving DSDT table memory at [mem 0x3ffe0040-0x3ffe20fb]
[    0.004779] ACPI: Reserving FACS table memory at [mem 0x3ffe0000-0x3ffe003f]
[    0.004779] ACPI: Reserving APIC table memory at [mem 0x3ffe21f0-0x3ffe2267]
[    0.004780] ACPI: Reserving HPET table memory at [mem 0x3ffe2268-0x3ffe229f]
[    0.004780] ACPI: Reserving MCFG table memory at [mem 0x3ffe22a0-0x3ffe22db]
[    0.004781] ACPI: Reserving WAET table memory at [mem 0x3ffe22dc-0x3ffe2303]
[    0.004995] No NUMA configuration found
[    0.004995] Faking a node at [mem 0x0000000000000000-0x000000003ffddfff]
[    0.005000] NODE_DATA(0) allocated [mem 0x3ed00000-0x3ed2afff]
[    0.005098] Zone ranges:
[    0.005099]   DMA      [mem 0x0000000000001000-0x0000000000ffffff]
[    0.005100]   DMA32    [mem 0x0000000001000000-0x000000003ffddfff]
[    0.005101]   Normal   empty
[    0.005102]   Device   empty
[    0.005102] Movable zone start for each node
[    0.005103] Early memory node ranges
[    0.005103]   node   0: [mem 0x0000000000001000-0x000000000009efff]
[    0.005105]   node   0: [mem 0x0000000000100000-0x000000003ffddfff]
[    0.005106] Initmem setup node 0 [mem 0x0000000000001000-0x000000003ffddfff]
[    0.005312] On node 0, zone DMA: 1 pages in unavailable ranges
[    0.005321] On node 0, zone DMA: 97 pages in unavailable ranges
[    0.007348] On node 0, zone DMA32: 34 pages in unavailable ranges
[    0.007586] ACPI: PM-Timer IO Port: 0x608
[    0.007597] ACPI: LAPIC_NMI (acpi_id[0xff] dfl dfl lint[0x1])
[    0.007624] IOAPIC[0]: apic_id 0, version 17, address 0xfec00000, GSI 0-23
[    0.007626] ACPI: INT_SRC_OVR (bus 0 bus_irq 0 global_irq 2 dfl dfl)
[    0.007627] ACPI: INT_SRC_OVR (bus 0 bus_irq 5 global_irq 5 high level)
[    0.007628] ACPI: INT_SRC_OVR (bus 0 bus_irq 9 global_irq 9 high level)
[    0.007629] ACPI: INT_SRC_OVR (bus 0 bus_irq 10 global_irq 10 high level)
[    0.007630] ACPI: INT_SRC_OVR (bus 0 bus_irq 11 global_irq 11 high level)
[    0.007632] ACPI: Using ACPI (MADT) for SMP configuration information
[    0.007633] ACPI: HPET id: 0x8086a201 base: 0xfed00000
[    0.007636] TSC deadline timer available
[    0.007637] smpboot: Allowing 1 CPUs, 0 hotplug CPUs
[    0.007652] kvm-guest: APIC: eoi() replaced with kvm_guest_apic_eoi_write()
[    0.007670] PM: hibernation: Registered nosave memory: [mem 0x00000000-0x00000fff]
[    0.007671] PM: hibernation: Registered nosave memory: [mem 0x0009f000-0x000fffff]
[    0.007673] [mem 0x40000000-0xafffffff] available for PCI devices
[    0.007674] Booting paravirtualized kernel on KVM
[    0.007675] clocksource: refined-jiffies: mask: 0xffffffff max_cycles: 0xffffffff, max_idle_ns: 1910969940391419 ns
[    0.007680] setup_percpu: NR_CPUS:8192 nr_cpumask_bits:1 nr_cpu_ids:1 nr_node_ids:1
[    0.007956] percpu: Embedded 86 pages/cpu s229376 r8192 d114688 u2097152
[    0.007986] kvm-guest: PV spinlocks disabled, single CPU
[    0.007987] Kernel command line: console=ttyS0 panic=-1 no_console_suspend rdinit=/init
[    0.008056] random: crng init done
[    0.008119] Dentry cache hash table entries: 131072 (order: 8, 1048576 bytes, linear)
[    0.008132] Inode-cache hash table entries: 65536 (order: 7, 524288 bytes, linear)
[    0.008161] Fallback order for Node 0: 0 
[    0.008163] Built 1 zonelists, mobility grouping on.  Total pages: 257758
[    0.008164] Policy zone: DMA32
[    0.008168] mem auto-init: stack:all(zero), heap alloc:on, heap free:off
[    0.009762] Memory: 956256K/1048048K available (22528K kernel code, 4439K rwdata, 14400K rodata, 4920K init, 4788K bss, 91532K reserved, 0K cma-reserved)
[    0.010384] SLUB: HWalign=64, Order=0-3, MinObjects=0, CPUs=1, Nodes=1
[    0.010411] ftrace: allocating 58250 entries in 228 pages
[    0.018230] ftrace: allocated 228 pages with 4 groups
[    0.019067] Dynamic Preempt: voluntary
[    0.019312] rcu: Preemptible hierarchical RCU implementation.
[    0.019314] rcu: 	RCU restricting CPUs from NR_CPUS=8192 to nr_cpu_ids=1.
[    0.019315] 	Trampoline variant of Tasks RCU enabled.
[    0.019316] 	Rude variant of Tasks RCU enabled.
[    0.019316] 	Tracing variant of Tasks RCU enabled.
[    0.019317] rcu: RCU calculated value of scheduler-enlistment delay is 100 jiffies.
[    0.019317] rcu: Adjusting geometry for rcu_fanout_leaf=16, nr_cpu_ids=1
[    0.019322] RCU Tasks: Setting shift to 0 and lim to 1 rcu_task_cb_adjust=1 rcu_task_cpu_ids=1.
[    0.019323] RCU Tasks Rude: Setting shift to 0 and lim to 1 rcu_task_cb_adjust=1 rcu_task_cpu_ids=1.
[    0.019324] RCU Tasks Trace: Setting shift to 0 and lim to 1 rcu_task_cb_adjust=1 rcu_task_cpu_ids=1.
[    0.021776] NR_IRQS: 524544, nr_irqs: 256, preallocated irqs: 16
[    0.021970] rcu: srcu_init: Setting srcu_struct sizes based on contention.
[    0.028199] Console: colour VGA+ 80x25
[    0.028231] printk: legacy console [ttyS0] enabled
[    0.076502] ACPI: Core revision 20230628
[    0.076870] clocksource: hpet: mask: 0xffffffff max_cycles: 0xffffffff, max_idle_ns: 19112604467 ns
[    0.077628] APIC: Switch to symmetric I/O mode setup
[    0.078108] x2apic enabled
[    0.078531] APIC: Switched APIC routing to: physical x2apic
[    0.079799] ..TIMER: vector=0x30 apic1=0 pin1=2 apic2=-1 pin2=-1
[    0.080256] clocksource: tsc-early: mask: 0xffffffffffffffff max_cycles: 0x28680fa287f, max_idle_ns: 440795281151 ns
[    0.080994] Calibrating delay loop (skipped) preset value.. 5606.40 BogoMIPS (lpj=2803200)
[    0.082115] x86/cpu: User Mode Instruction Prevention (UMIP) activated
[    0.082716] Last level iTLB entries: 4KB 0, 2MB 0, 4MB 0
[    0.082990] Last level dTLB entries: 4KB 0, 2MB 0, 4MB 0, 1GB 0
[    0.083379] Spectre V1 : Mitigation: usercopy/swapgs barriers and __user pointer sanitization
[    0.083993] Spectre V2 : Spectre BHI mitigation: SW BHB clearing on vm exit
[    0.084456] Spectre V2 : Spectre BHI mitigation: SW BHB clearing on syscall
[    0.084990] Spectre V2 : Mitigation: Enhanced / Automatic IBRS
[    0.085335] Spectre V2 : Spectre v2 / PBRSB-eIBRS: Retire a single CALL on VMEXIT
[    0.085789] Spectre V2 : mitigation: Enabling conditional Indirect Branch Prediction Barrier
[    0.085990] Speculative Store Bypass: Mitigation: Speculative Store Bypass disabled via prctl
[    0.086505] ITS: WARNING: ITS mitigation depends on retpoline and rethunk support
[    0.086990] ITS: Vulnerable
[    0.087177] x86/fpu: Supporting XSAVE feature 0x001: 'x87 floating point registers'
[    0.087990] x86/fpu: Supporting XSAVE feature 0x002: 'SSE registers'
[    0.088437] x86/fpu: Supporting XSAVE feature 0x004: 'AVX registers'
[    0.088990] x86/fpu: Supporting XSAVE feature 0x020: 'AVX-512 opmask'
[    0.089442] x86/fpu: Supporting XSAVE feature 0x040: 'AVX-512 Hi256'
[    0.089888] x86/fpu: Supporting XSAVE feature 0x080: 'AVX-512 ZMM_Hi256'
[    0.089990] x86/fpu: Supporting XSAVE feature 0x200: 'Protection Keys User registers'
[    0.090535] x86/fpu: xstate_offset[2]:  576, xstate_sizes[2]:  256
[    0.090990] x86/fpu: xstate_offset[5]:  832, xstate_sizes[5]:   64
[    0.091365] x86/fpu: xstate_offset[6]:  896, xstate_sizes[6]:  512
[    0.091990] x86/fpu: xstate_offset[7]: 1408, xstate_sizes[7]: 1024
[    0.092365] x86/fpu: xstate_offset[9]: 2432, xstate_sizes[9]:    8
[    0.092755] x86/fpu: Enabled xstate features 0x2e7, context size is 2440 bytes, using 'compacted' format.
[    0.116652] Freeing SMP alternatives memory: 48K
[    0.116992] pid_max: default: 32768 minimum: 301
[    0.117364] LSM: initializing lsm=lockdown,capability,landlock,yama,apparmor,integrity
[    0.117926] landlock: Up and running.
[    0.117990] Yama: becoming mindful.
[    0.118257] AppArmor: AppArmor initialized
[    0.118587] Mount-cache hash table entries: 2048 (order: 2, 16384 bytes, linear)
[    0.118991] Mountpoint-cache hash table entries: 2048 (order: 2, 16384 bytes, linear)
[    0.119709] smpboot: CPU0: 11th Gen Intel(R) Core(TM) i7-1165G7 @ 2.80GHz (family: 0x6, model: 0x8c, stepping: 0x1)
[    0.120008] Performance Events: Icelake events, full-width counters, Intel PMU driver.
[    0.120541] ... version:                2
[    0.120796] ... bit width:              48
[    0.120991] ... generic registers:      8
[    0.121256] ... value mask:             0000ffffffffffff
[    0.121590] ... max period:             00007fffffffffff
[    0.121951] ... fixed-purpose events:   3
[    0.121992] ... event mask:             00000007000000ff
[    0.122439] signal: max sigframe size: 3632
[    0.122785] rcu: Hierarchical SRCU implementation.
[    0.122992] rcu: 	Max phase no-delay instances is 400.
[    0.123601] smp: Bringing up secondary CPUs ...
[    0.123893] smp: Brought up 1 node, 1 CPU
[    0.123995] smpboot: Max logical packages: 1
[    0.124279] smpboot: Total of 1 processors activated (5606.40 BogoMIPS)
[    0.124829] devtmpfs: initialized
[    0.125014] x86/mm: Memory block size: 128MB
[    0.125478] clocksource: jiffies: mask: 0xffffffff max_cycles: 0xffffffff, max_idle_ns: 1911260446275000 ns
[    0.125998] futex hash table entries: 256 (order: 2, 16384 bytes, linear)
[    0.126459] pinctrl core: initialized pinctrl subsystem
[    0.126862] PM: RTC time: 22:11:10, date: 2026-03-07
[    0.127525] NET: Registered PF_NETLINK/PF_ROUTE protocol family
[    0.127971] DMA: preallocated 128 KiB GFP_KERNEL pool for atomic allocations
[    0.128001] DMA: preallocated 128 KiB GFP_KERNEL|GFP_DMA pool for atomic allocations
[    0.128531] DMA: preallocated 128 KiB GFP_KERNEL|GFP_DMA32 pool for atomic allocations
[    0.129007] audit: initializing netlink subsys (disabled)
[    0.129433] audit: type=2000 audit(1772921471.207:1): state=initialized audit_enabled=0 res=1
[    0.130077] thermal_sys: Registered thermal governor 'fair_share'
[    0.130078] thermal_sys: Registered thermal governor 'bang_bang'
[    0.130490] thermal_sys: Registered thermal governor 'step_wise'
[    0.130848] thermal_sys: Registered thermal governor 'user_space'
[    0.130991] thermal_sys: Registered thermal governor 'power_allocator'
[    0.131397] cpuidle: using governor ladder
[    0.131993] cpuidle: using governor menu
[    0.132309] acpiphp: ACPI Hot Plug PCI Controller Driver version: 0.5
[    0.132777] PCI: ECAM [mem 0xb0000000-0xbfffffff] (base 0xb0000000) for domain 0000 [bus 00-ff]
[    0.132993] PCI: ECAM [mem 0xb0000000-0xbfffffff] reserved as E820 entry
[    0.133474] PCI: Using configuration type 1 for base access
[    0.133929] kprobes: kprobe jump-optimization is enabled. All kprobes are optimized if possible.
[    0.160906] HugeTLB: registered 1.00 GiB page size, pre-allocated 0 pages
[    0.160992] HugeTLB: 16380 KiB vmemmap can be freed for a 1.00 GiB page
[    0.161442] HugeTLB: registered 2.00 MiB page size, pre-allocated 0 pages
[    0.161928] HugeTLB: 28 KiB vmemmap can be freed for a 2.00 MiB page
[    0.162494] ACPI: Added _OSI(Module Device)
[    0.162763] ACPI: Added _OSI(Processor Device)
[    0.162992] ACPI: Added _OSI(Processor Aggregator Device)
[    0.164084] ACPI: 1 ACPI AML tables successfully acquired and loaded
[    0.165032] ACPI: _OSC evaluation for CPUs failed, trying _PDC
[    0.165510] ACPI: Interpreter enabled
[    0.165740] ACPI: PM: (supports S0 S3 S4 S5)
[    0.165992] ACPI: Using IOAPIC for interrupt routing
[    0.166365] PCI: Using host bridge windows from ACPI; if necessary, use "pci=nocrs" and report a bug
[    0.166919] PCI: Using E820 reservations for host bridge windows
[    0.167053] ACPI: Enabled 2 GPEs in block 00 to 3F
[    0.168648] ACPI: PCI Root Bridge [PCI0] (domain 0000 [bus 00-ff])
[    0.168995] acpi PNP0A08:00: _OSC: OS supports [ExtendedConfig ASPM ClockPM Segments MSI EDR HPX-Type3]
[    0.169581] acpi PNP0A08:00: _OSC: platform does not support [PCIeHotplug LTR DPC]
[    0.170031] acpi PNP0A08:00: _OSC: OS now controls [SHPCHotplug PME AER PCIeCapability]
[    0.170627] PCI host bridge to bus 0000:00
[    0.170914] pci_bus 0000:00: root bus resource [io  0x0000-0x0cf7 window]
[    0.170991] pci_bus 0000:00: root bus resource [io  0x0d00-0xffff window]
[    0.171419] pci_bus 0000:00: root bus resource [mem 0x000a0000-0x000bffff window]
[    0.171869] pci_bus 0000:00: root bus resource [mem 0x40000000-0xafffffff window]
[    0.171991] pci_bus 0000:00: root bus resource [mem 0xc0000000-0xfebfffff window]
[    0.172506] pci_bus 0000:00: root bus resource [mem 0x100000000-0x8ffffffff window]
[    0.172991] pci_bus 0000:00: root bus resource [bus 00-ff]
[    0.173429] pci 0000:00:00.0: [8086:29c0] type 00 class 0x060000 conventional PCI endpoint
[    0.174375] pci 0000:00:01.0: [1af4:1000] type 00 class 0x020000 conventional PCI endpoint
[    0.175672] pci 0000:00:01.0: BAR 0 [io  0xc040-0xc05f]
[    0.176013] pci 0000:00:01.0: BAR 4 [mem 0xfe800000-0xfe803fff 64bit pref]
[    0.176438] pci 0000:00:01.0: ROM [mem 0xfeb00000-0xfeb7ffff pref]
[    0.177166] pci 0000:00:02.0: [1af4:1050] type 00 class 0x030000 conventional PCI endpoint
[    0.178541] pci 0000:00:02.0: BAR 0 [mem 0xfe000000-0xfe7fffff pref]
[    0.179001] pci 0000:00:02.0: BAR 2 [mem 0xfe804000-0xfe807fff 64bit pref]
[    0.179511] pci 0000:00:02.0: BAR 4 [mem 0xfeb94000-0xfeb94fff]
[    0.179893] pci 0000:00:02.0: ROM [mem 0xfeb80000-0xfeb8ffff pref]
[    0.180027] pci 0000:00:02.0: Video device with shadowed ROM at [mem 0x000c0000-0x000dffff]
[    0.180958] pci 0000:00:03.0: [1b36:000d] type 00 class 0x0c0330 PCIe Root Complex Integrated Endpoint
[    0.181389] pci 0000:00:03.0: BAR 0 [mem 0xfeb90000-0xfeb93fff 64bit]
[    0.188691] pci 0000:00:1f.0: [8086:2918] type 00 class 0x060100 conventional PCI endpoint
[    0.189177] pci 0000:00:1f.0: quirk: [io  0x0600-0x067f] claimed by ICH6 ACPI/GPIO/TCO
[    0.189795] pci 0000:00:1f.2: [8086:2922] type 00 class 0x010601 conventional PCI endpoint
[    0.190541] pci 0000:00:1f.2: BAR 4 [io  0xc060-0xc07f]
[    0.190876] pci 0000:00:1f.2: BAR 5 [mem 0xfeb95000-0xfeb95fff]
[    0.191234] pci 0000:00:1f.3: [8086:2930] type 00 class 0x0c0500 conventional PCI endpoint
[    0.192162] pci 0000:00:1f.3: BAR 4 [io  0x0700-0x073f]
[    0.192717] ACPI: PCI: Interrupt link LNKA configured for IRQ 10
[    0.193037] ACPI: PCI: Interrupt link LNKB configured for IRQ 10
[    0.193448] ACPI: PCI: Interrupt link LNKC configured for IRQ 11
[    0.193904] ACPI: PCI: Interrupt link LNKD configured for IRQ 11
[    0.194041] ACPI: PCI: Interrupt link LNKE configured for IRQ 10
[    0.194493] ACPI: PCI: Interrupt link LNKF configured for IRQ 10
[    0.194893] ACPI: PCI: Interrupt link LNKG configured for IRQ 11
[    0.195034] ACPI: PCI: Interrupt link LNKH configured for IRQ 11
[    0.195431] ACPI: PCI: Interrupt link GSIA configured for IRQ 16
[    0.195794] ACPI: PCI: Interrupt link GSIB configured for IRQ 17
[    0.195996] ACPI: PCI: Interrupt link GSIC configured for IRQ 18
[    0.196431] ACPI: PCI: Interrupt link GSID configured for IRQ 19
[    0.196876] ACPI: PCI: Interrupt link GSIE configured for IRQ 20
[    0.196996] ACPI: PCI: Interrupt link GSIF configured for IRQ 21
[    0.197362] ACPI: PCI: Interrupt link GSIG configured for IRQ 22
[    0.197769] ACPI: PCI: Interrupt link GSIH configured for IRQ 23
[    0.198227] iommu: Default domain type: Translated
[    0.198594] iommu: DMA domain TLB invalidation policy: lazy mode
[    0.199061] SCSI subsystem initialized
[    0.199329] ACPI: bus type USB registered
[    0.199611] usbcore: registered new interface driver usbfs
[    0.199947] usbcore: registered new interface driver hub
[    0.199993] usbcore: registered new device driver usb
[    0.200336] pps_core: LinuxPPS API ver. 1 registered
[    0.200682] pps_core: Software ver. 5.3.6 - Copyright 2005-2007 Rodolfo Giometti <giometti@linux.it>
[    0.200994] PTP clock support registered
[    0.201272] EDAC MC: Ver: 3.0.0
[    0.201736] NetLabel: Initializing
[    0.201992] NetLabel:  domain hash size = 128
[    0.202308] NetLabel:  protocols = UNLABELED CIPSOv4 CALIPSO
[    0.202727] NetLabel:  unlabeled traffic allowed by default
[    0.203023] mctp: management component transport protocol core
[    0.203479] NET: Registered PF_MCTP protocol family
[    0.203836] PCI: Using ACPI for IRQ routing
[    0.294804] pci 0000:00:02.0: vgaarb: setting as boot VGA device
[    0.294989] pci 0000:00:02.0: vgaarb: bridge control possible
[    0.294989] pci 0000:00:02.0: vgaarb: VGA device added: decodes=io+mem,owns=io+mem,locks=none
[    0.294993] vgaarb: loaded
[    0.295277] hpet0: at MMIO 0xfed00000, IRQs 2, 8, 0
[    0.295576] hpet0: 3 comparators, 64-bit 100.000000 MHz counter
[    0.299027] clocksource: Switched to clocksource kvm-clock
[    0.299880] VFS: Disk quotas dquot_6.6.0
[    0.300190] VFS: Dquot-cache hash table entries: 512 (order 0, 4096 bytes)
[    0.300809] AppArmor: AppArmor Filesystem Enabled
[    0.301176] pnp: PnP ACPI init
[    0.301496] system 00:05: [mem 0xb0000000-0xbfffffff window] has been reserved
[    0.302175] pnp: PnP ACPI: found 6 devices
[    0.307635] clocksource: acpi_pm: mask: 0xffffff max_cycles: 0xffffff, max_idle_ns: 2085701024 ns
[    0.308258] NET: Registered PF_INET protocol family
[    0.308576] IP idents hash table entries: 16384 (order: 5, 131072 bytes, linear)
[    0.318110] tcp_listen_portaddr_hash hash table entries: 512 (order: 1, 8192 bytes, linear)
[    0.318661] Table-perturb hash table entries: 65536 (order: 6, 262144 bytes, linear)
[    0.319163] TCP established hash table entries: 8192 (order: 4, 65536 bytes, linear)
[    0.319713] TCP bind hash table entries: 8192 (order: 6, 262144 bytes, linear)
[    0.320269] TCP: Hash tables configured (established 8192 bind 8192)
[    0.320686] MPTCP token hash table entries: 1024 (order: 2, 24576 bytes, linear)
[    0.321163] UDP hash table entries: 512 (order: 2, 16384 bytes, linear)
[    0.321561] UDP-Lite hash table entries: 512 (order: 2, 16384 bytes, linear)
[    0.322019] NET: Registered PF_UNIX/PF_LOCAL protocol family
[    0.322390] NET: Registered PF_XDP protocol family
[    0.322721] pci_bus 0000:00: resource 4 [io  0x0000-0x0cf7 window]
[    0.323147] pci_bus 0000:00: resource 5 [io  0x0d00-0xffff window]
[    0.323515] pci_bus 0000:00: resource 6 [mem 0x000a0000-0x000bffff window]
[    0.323923] pci_bus 0000:00: resource 7 [mem 0x40000000-0xafffffff window]
[    0.324385] pci_bus 0000:00: resource 8 [mem 0xc0000000-0xfebfffff window]
[    0.324805] pci_bus 0000:00: resource 9 [mem 0x100000000-0x8ffffffff window]
[    0.325430] ACPI: \_SB_.GSIH: Enabled at IRQ 23
[    0.326298] PCI: CLS 0 bytes, default 64
[    0.326667] Trying to unpack rootfs image as initramfs...
[    0.328115] clocksource: tsc: mask: 0xffffffffffffffff max_cycles: 0x28680fa287f, max_idle_ns: 440795281151 ns
[    0.328951] Initialise system trusted keyrings
[    0.329286] Key type blacklist registered
[    0.330147] workingset: timestamp_bits=36 max_order=18 bucket_order=0
[    0.330558] zbud: loaded
[    0.331219] squashfs: version 4.0 (2009/01/31) Phillip Lougher
[    0.333066] fuse: init (API version 7.39)
[    0.333405] integrity: Platform Keyring initialized
[    0.333709] integrity: Machine keyring initialized
[    0.347105] Key type asymmetric registered
[    0.347429] Asymmetric key parser 'x509' registered
[    0.347788] Block layer SCSI generic (bsg) driver version 0.4 loaded (major 243)
[    0.350280] io scheduler mq-deadline registered
[    0.350663] shpchp: Standard Hot Plug PCI Controller Driver version: 0.4
[    0.352235] input: Power Button as /devices/LNXSYSTM:00/LNXPWRBN:00/input/input0
[    0.352721] ACPI: button: Power Button [PWRF]
[    0.354630] ACPI: \_SB_.GSIF: Enabled at IRQ 21
[    0.355690] ACPI: \_SB_.GSIG: Enabled at IRQ 22
[    0.359029] Serial: 8250/16550 driver, 32 ports, IRQ sharing enabled
[    0.404171] 00:03: ttyS0 at I/O 0x3f8 (irq = 4, base_baud = 115200) is a 16550A
[    0.406691] Linux agpgart interface v0.103
[    0.408682] loop: module loaded
[    0.410295] ACPI: bus type drm_connector registered
[    0.410716] tun: Universal TUN/TAP device driver, 1.6
[    0.412042] PPP generic driver version 2.4.2
[    0.413221] i8042: PNP: PS/2 Controller [PNP0303:KBD,PNP0f13:MOU] at 0x60,0x64 irq 1,12
[    0.415248] serio: i8042 KBD port at 0x60,0x64 irq 1
[    0.415554] serio: i8042 AUX port at 0x60,0x64 irq 12
[    0.415911] mousedev: PS/2 mouse device common for all mice
[    0.417236] input: AT Translated Set 2 keyboard as /devices/platform/i8042/serio0/input/input1
[    0.417904] rtc_cmos 00:04: RTC can wake from S4
[    0.419051] rtc_cmos 00:04: registered as rtc0
[    0.419378] rtc_cmos 00:04: setting system clock to 2026-03-07T22:11:10 UTC (1772921470)
[    0.419892] rtc_cmos 00:04: alarms up to one day, y3k, 242 bytes nvram, hpet irqs
[    0.422058] i2c_dev: i2c /dev entries driver
[    0.422381] device-mapper: core: CONFIG_IMA_DISABLE_HTABLE is disabled. Duplicate IMA measurements will not be recorded in the IMA log.
[    0.424154] device-mapper: uevent: version 1.0.3
[    0.425088] device-mapper: ioctl: 4.48.0-ioctl (2023-03-01) initialised: dm-devel@redhat.com
[    0.425682] intel_pstate: CPU model not supported
[    0.427168] ledtrig-cpu: registered to indicate activity on CPUs
[    0.427603] drop_monitor: Initializing network drop monitor service
[    0.429119] NET: Registered PF_INET6 protocol family
[    0.559261] Freeing initrd memory: 19092K
[    0.559716] Segment Routing with IPv6
[    0.559984] In-situ OAM (IOAM) with IPv6
[    0.560299] NET: Registered PF_PACKET protocol family
[    0.560669] Key type dns_resolver registered
[    0.561139] IPI shorthand broadcast: enabled
[    0.562258] sched_clock: Marking stable (506001564, 56012683)->(574367492, -12353245)
[    0.562804] registered taskstats version 1
[    0.563132] Loading compiled-in X.509 certificates
[    0.563872] Loaded X.509 cert 'Build time autogenerated kernel key: 7f71bdefc17a4d88631555bf9efbb1c93d6f5260'
[    0.564998] Loaded X.509 cert 'Canonical Ltd. Live Patch Signing 2025 Kmod: d541cef61dc7e793b7eb7e899970a2eef0b5dc8c'
[    0.566156] Loaded X.509 cert 'Canonical Ltd. Live Patch Signing: 14df34d1a87cf37625abec039ef2bf521249b969'
[    0.567078] Loaded X.509 cert 'Canonical Ltd. Kernel Module Signing: 88f752e560a1e0737e31163a466ad7b70a850c19'
[    0.567741] blacklist: Loading compiled-in revocation X.509 certificates
[    0.568226] Loaded X.509 cert 'Canonical Ltd. Secure Boot Signing: 61482aa2830d0ab2ad5af10b7250da9033ddcef0'
[    0.568820] Loaded X.509 cert 'Canonical Ltd. Secure Boot Signing (2017): 242ade75ac4a15e50d50c84b0d45ff3eae707a03'
[    0.569517] Loaded X.509 cert 'Canonical Ltd. Secure Boot Signing (ESM 2018): 365188c1d374d6b07c3c8f240f8ef722433d6a8b'
[    0.570269] Loaded X.509 cert 'Canonical Ltd. Secure Boot Signing (2019): c0746fd6c5da3ae827864651ad66ae47fe24b3e8'
[    0.570983] Loaded X.509 cert 'Canonical Ltd. Secure Boot Signing (2021 v1): a8d54bbb3825cfb94fa13c9f8a594a195c107b8d'
[    0.571728] Loaded X.509 cert 'Canonical Ltd. Secure Boot Signing (2021 v2): 4cf046892d6fd3c9a5b03f98d845f90851dc6a8c'
[    0.572519] Loaded X.509 cert 'Canonical Ltd. Secure Boot Signing (2021 v3): 100437bb6de6e469b581e61cd66bce3ef4ed53af'
[    0.573254] Loaded X.509 cert 'Canonical Ltd. Secure Boot Signing (Ubuntu Core 2019): c1d57b8f6b743f23ee41f4f7ee292f06eecadfb9'
[    0.575784] Key type .fscrypt registered
[    0.576045] Key type fscrypt-provisioning registered
[    0.576526] Key type encrypted registered
[    0.576779] AppArmor: AppArmor sha256 policy hashing enabled
[    0.577152] ima: No TPM chip found, activating TPM-bypass!
[    0.577491] Loading compiled-in module X.509 certificates
[    0.578178] Loaded X.509 cert 'Build time autogenerated kernel key: 7f71bdefc17a4d88631555bf9efbb1c93d6f5260'
[    0.578797] ima: Allocated hash algorithm: sha256
[    0.579134] ima: No architecture policies found
[    0.579444] evm: Initialising EVM extended attributes:
[    0.579799] evm: security.selinux
[    0.580033] evm: security.SMACK64
[    0.580257] evm: security.SMACK64EXEC
[    0.580480] evm: security.SMACK64TRANSMUTE
[    0.580728] evm: security.SMACK64MMAP
[    0.580950] evm: security.apparmor
[    0.581173] evm: security.ima
[    0.581354] evm: security.capability
[    0.581571] evm: HMAC attrs: 0x1
[    0.581924] PM:   Magic number: 2:458:198
[    0.584033] RAS: Correctable Errors collector initialized.
[    0.584448] clk: Disabling unused clocks
[    0.590591] Freeing unused decrypted memory: 2028K
[    0.591206] Freeing unused kernel image (initmem) memory: 4920K
[    0.591496] Write protecting the kernel read-only data: 38912k
[    0.592169] Freeing unused kernel image (rodata/data gap) memory: 1984K
[    0.600386] x86/mm: Checked W+X mappings: passed, no W+X pages found.
[    0.600706] Run /init as init process
[init-phase2] booted
[init-phase2] loading module=/lib/modules/6.8.0-101-generic/kernel/drivers/virtio/virtio_dma_buf.ko
[init-phase2] loading module=/lib/modules/6.8.0-101-generic/kernel/drivers/gpu/drm/virtio/virtio-gpu.ko
[    0.606857] [drm] pci: virtio-vga detected at 0000:00:02.0
[    0.607164] virtio-pci 0000:00:02.0: vgaarb: deactivate vga console
[    0.611864] Console: switching to colour dummy device 80x25
[    0.612212] [drm] features: -virgl +edid -resource_blob -host_visible
[    0.612213] [drm] features: -context_init
[    0.612971] [drm] number of scanouts: 1
[    0.613178] [drm] number of cap sets: 0
[    0.613647] [drm] Initialized virtio_gpu 0.1.0 0 for 0000:00:02.0 on minor 0
[    0.615593] fbcon: virtio_gpudrmfb (fb0) is primary device
[    0.616103] Console: switching to colour frame buffer device 160x50
[    0.618683] virtio-pci 0000:00:02.0: [drm] fb0: virtio_gpudrmfb frame buffer device
[init-phase2] loading module=/lib/modules/6.8.0-101-generic/kernel/drivers/hid/hid.ko
[    0.623235] hid: raw HID events driver (C) Jiri Kosina
[init-phase2] loading module=/lib/modules/6.8.0-101-generic/kernel/drivers/hid/hid-generic.ko
[init-phase2] loading module=/lib/modules/6.8.0-101-generic/kernel/drivers/hid/usbhid/usbhid.ko
[    0.625937] usbcore: registered new interface driver usbhid
[    0.626233] usbhid: USB HID core driver
[init-phase2] loading module=/lib/modules/6.8.0-101-generic/kernel/drivers/input/mouse/psmouse.ko
[    0.629799] input: VirtualPS/2 VMware VMMouse as /devices/platform/i8042/serio1/input/input4
[    0.630540] input: VirtualPS/2 VMware VMMouse as /devices/platform/i8042/serio1/input/input3
Starting systemd-udevd version 255.4-1ubuntu8.8
total 0
drwxr-xr-x    2 root     root            80 Mar  7 22:11 by-path
crw-rw----    1 root     video     226,   0 Mar  7 22:11 card0
crw-rw----    1 root     root      226, 128 Mar  7 22:11 renderD128
total 0
drwxr-xr-x    2 root     root           100 Mar  7 22:11 by-path
crw-rw----    1 root     input      13,  64 Mar  7 22:11 event0
crw-rw----    1 root     input      13,  65 Mar  7 22:11 event1
crw-rw----    1 root     input      13,  66 Mar  7 22:11 event2
crw-rw----    1 root     input      13,  67 Mar  7 22:11 event3
crw-rw----    1 root     input      13,  63 Mar  7 22:11 mice
crw-rw----    1 root     input      13,  32 Mar  7 22:11 mouse0
crw-rw----    1 root     input      13,  33 Mar  7 22:11 mouse1
[init-phase2] seatd pid=115
[init-phase2] weston pid=116
[init-phase2] wayland ready
Date: 2026-03-07 UTC
[22:11:10.748] weston 13.0.0
               https://wayland.freedesktop.org
               Bug reports to: https://gitlab.freedesktop.org/wayland/weston/issues/
               Build: 13.0.0
[22:11:10.748] Command line: /usr/bin/weston --backend=drm --renderer=pixman --shell=kiosk-shell.so --socket=wayland-1 --continue-without-input --log=/var/log/weston.log
[22:11:10.748] OS: Linux, 6.8.0-101-generic, #101-Ubuntu SMP PREEMPT_DYNAMIC Mon Feb  9 10:15:05 UTC 2026, x86_64
[22:11:10.748] Flight recorder: enabled
[22:11:10.748] Using config file '/etc/xdg/weston/weston.ini'
[22:11:10.748] Output repaint window is 7 ms maximum.
[22:11:10.748] Loading module '/usr/lib/x86_64-linux-gnu/libweston-13/drm-backend.so'
[22:11:10.749] initializing drm backend
[22:11:10.749] Trying libseat launcher...
[22:11:10.749] [libseat/libseat.c:62] Seat opened with backend 'seatd'
[22:11:10.749] [libseat/backend/seatd.c:212] Enabling seat
[22:11:10.749] libseat: session control granted
[22:11:10.749] using /dev/dri/card0
[22:11:10.749] DRM: supports atomic modesetting
[22:11:10.749] DRM: does not support GBM modifiers
[22:11:10.749] DRM: does not support async page flipping
[22:11:10.749] DRM: supports picture aspect ratio
[22:11:10.749] Using Pixman renderer
[22:11:10.751] event0  - Power Button: is tagged by udev as: Keyboard
[22:11:10.751] event0  - Power Button: device is a keyboard
[22:11:10.751] event1  - AT Translated Set 2 keyboard: is tagged by udev as: Keyboard
[22:11:10.751] event1  - AT Translated Set 2 keyboard: device is a keyboard
[22:11:10.752] event3  - VirtualPS/2 VMware VMMouse: is tagged by udev as: Mouse
[22:11:10.752] event3  - VirtualPS/2 VMware VMMouse: device is a pointer
[22:11:10.752] event2  - VirtualPS/2 VMware VMMouse: is tagged by udev as: Mouse
[22:11:10.752] event2  - VirtualPS/2 VMware VMMouse: device is a pointer
[22:11:10.754] libinput: configuring device "Power Button".
[22:11:10.754] libinput: configuring device "AT Translated Set 2 keyboard".
[22:11:10.754] libinput: configuring device "VirtualPS/2 VMware VMMouse".
[22:11:10.754] libinput: configuring device "VirtualPS/2 VMware VMMouse".
[22:11:10.754] input device event2 has no enabled output associated (none named), skipping calibration for now.
[22:11:10.755] DRM: head 'Virtual-1' found, connector 36 is connected, EDID make 'RHT', model 'QEMU Monitor', serial ''
               Supported EOTF modes: SDR
[22:11:10.755] Registered plugin API 'weston_drm_output_api_v1' of size 40
[22:11:10.755] Registered plugin API 'weston_drm_virtual_output_api_v2' of size 48
[22:11:10.755] Color manager: no-op
[22:11:10.755] Output 'Virtual-1' attempts EOTF mode: SDR
[22:11:10.755] Output 'Virtual-1' using color profile: stock sRGB color profile
[22:11:10.756] DRM: output Virtual-1 uses shadow framebuffer.
[22:11:10.757] Output Virtual-1 (crtc 35) video modes:
               1280x800@75.0, preferred, current, 107.3 MHz
               5120x2160@50.0 64:27, 742.5 MHz
               4096x2160@50.0 256:135, 594.0 MHz
               3840x2160@60.0 16:9, 594.0 MHz
               3840x2160@59.9 16:9, 593.4 MHz
               3840x2160@50.0 16:9, 594.0 MHz
               1920x1440@60.0, 234.0 MHz
               2560x1080@50.0 64:27, 185.6 MHz
               1856x1392@60.0, 218.2 MHz
               1792x1344@60.0, 204.8 MHz
               2048x1152@60.0, 162.0 MHz
               1920x1200@59.9, 193.2 MHz
               1920x1080@60.0, 148.5 MHz
               1920x1080@50.0 16:9, 148.5 MHz
               1600x1200@60.0, 162.0 MHz
               1680x1050@60.0, 146.2 MHz
               1400x1050@60.0, 121.8 MHz
               1280x1024@60.0, 108.0 MHz
               1440x900@59.9, 106.5 MHz
               1280x960@60.0, 108.0 MHz
               1360x768@60.0, 85.5 MHz
               1280x768@59.9, 79.5 MHz
               1024x768@60.0, 65.0 MHz
               800x600@60.3, 40.0 MHz
               640x480@60.0 4:3, 25.2 MHz
               640x480@59.9, 25.2 MHz
[22:11:10.757] associating input device event0 with output Virtual-1 (none by udev)
[22:11:10.757] associating input device event1 with output Virtual-1 (none by udev)
[22:11:10.757] associating input device event3 with output Virtual-1 (none by udev)
[22:11:10.757] associating input device event2 with output Virtual-1 (none by udev)
[22:11:10.757] Output 'Virtual-1' enabled with head(s) Virtual-1
[22:11:10.757] Compositor capabilities:
               arbitrary surface rotation: yes
               screen capture uses y-flip: no
               cursor planes: yes
               arbitrary resolutions: no
               view mask clipping: yes
               explicit sync: no
               color operations: no
               presentation clock: CLOCK_MONOTONIC, id 1
               presentation clock resolution: 0.000000001 s
[22:11:10.757] Loading module '/usr/lib/x86_64-linux-gnu/weston/kiosk-shell.so'
[init-phase2] launching client=/bin/wl_sleepdemo
@@LOG kind=state global name=1 interface=wl_compositor version=5
@@LOG kind=state global name=2 interface=wl_subcompositor version=1
@@LOG kind=state global name=3 interface=wp_viewporter version=1
@@LOG kind=state global name=4 interface=zxdg_output_manager_v1 version=2
@@LOG kind=state global name=5 interface=wp_presentation version=1
@@LOG kind=state global name=6 interface=wp_single_pixel_buffer_manager_v1 version=1
@@LOG kind=state global name=7 interface=wp_tearing_control_manager_v1 version=1
@@LOG kind=state global name=8 interface=zwp_relative_pointer_manager_v1 version=1
@@LOG kind=state global name=9 interface=zwp_pointer_constraints_v1 version=1
@@LOG kind=state global name=10 interface=zwp_input_timestamps_manager_v1 version=1
@@LOG kind=state global name=11 interface=weston_capture_v1 version=1
@@LOG kind=state global name=12 interface=wl_data_device_manager version=3
@@LOG kind=state global name=13 interface=wl_shm version=1
@@LOG kind=state global name=14 interface=wl_seat version=7
@@LOG kind=state global name=15 interface=weston_content_protection version=1
@@LOG kind=state global name=16 interface=wl_output version=4
@@LOG kind=state global name=17 interface=xdg_wm_base version=5
@@LOG kind=state seat-listener-added
@@LOG kind=state keyboard-bound-fallback
@@LOG kind=state socket-hup
@@LOG kind=state socket-hup
@@LOG kind=state socket-hup
@@LOG kind=state socket-hup
@@LOG kind=state socket-hup
@@LOG kind=state socket-hup
@@LOG kind=state socket-hup
@@LOG kind=state socket-hup
@@LOG kind=state socket-hup
@@LOG kind=state socket-hup
@@LOG kind=state socket-hup
@@LOG kind=state socket-hup
@@LOG kind=state socket-hup
@@LOG kind=state socket-hup
@@LOG kind=state socket-hup
@@LOG kind=state socket-hup
@@LOG kind=state socket-hup
@@LOG kind=state socket-hup
@@LOG kind=state socket-hup
@@LOG kind=state socket-hup
@@LOG kind=state socket-hup
@@LOG kind=state socket-hup
@@LOG kind=state socket-hup
@@LOG kind=state socket-hup
@@LOG kind=state socket-hup
@@LOG kind=state socket-hup
@@LOG kind=state socket-hup
@@LOG kind=state socket-hup
@@LOG kind=state socket-hup
@@LOG kind=state socket-hup
@@LOG kind=state socket-hup
@@LOG kind=state socket-hup
@@LOG kind=state socket-hup
@@LOG kind=state socket-hup
@@LOG kind=state socket-hup
@@LOG kind=state socket-hup
@@LOG kind=state socket-hup
@@LOG kind=state socket-hup
@@LOG kind=state socket-hup
@@LOG kind=state socket-hup
@@LOG kind=state socket-hup
@@LOG kind=state socket-hup
@@LOG kind=state socket-hup
@@LOG kind=state socket-hup
