[    0.000000] Linux version 6.8.0-101-generic (buildd@lcy02-amd64-051) (x86_64-linux-gnu-gcc-13 (Ubuntu 13.3.0-6ubuntu2~24.04) 13.3.0, GNU ld (GNU Binutils for Ubuntu) 2.42) #101-Ubuntu SMP PREEMPT_DYNAMIC Mon Feb  9 10:15:05 UTC 2026 (Ubuntu 6.8.0-101.101-generic 6.8.12)
[    0.000000] Command line: console=ttyS0 panic=-1 no_console_suspend rdinit=/init
[    0.000000] KERNEL supported cpus:
[    0.000000]   Intel GenuineIntel
[    0.000000]   AMD AuthenticAMD
[    0.000000]   Hygon HygonGenuine
[    0.000000]   Centaur CentaurHauls
[    0.000000]   zhaoxin   Shanghai  
[    0.000000] BIOS-provided physical RAM map:
[    0.000000] BIOS-e820: [mem 0x0000000000000000-0x000000000009fbff] usable
[    0.000000] BIOS-e820: [mem 0x000000000009fc00-0x000000000009ffff] reserved
[    0.000000] BIOS-e820: [mem 0x00000000000f0000-0x00000000000fffff] reserved
[    0.000000] BIOS-e820: [mem 0x0000000000100000-0x000000003ffddfff] usable
[    0.000000] BIOS-e820: [mem 0x000000003ffde000-0x000000003fffffff] reserved
[    0.000000] BIOS-e820: [mem 0x00000000b0000000-0x00000000bfffffff] reserved
[    0.000000] BIOS-e820: [mem 0x00000000fed1c000-0x00000000fed1ffff] reserved
[    0.000000] BIOS-e820: [mem 0x00000000feffc000-0x00000000feffffff] reserved
[    0.000000] BIOS-e820: [mem 0x00000000fffc0000-0x00000000ffffffff] reserved
[    0.000000] NX (Execute Disable) protection: active
[    0.000000] APIC: Static calls initialized
[    0.000000] SMBIOS 3.0.0 present.
[    0.000000] DMI: QEMU Standard PC (Q35 + ICH9, 2009), BIOS 1.16.3-debian-1.16.3-2 04/01/2014
[    0.000000] Hypervisor detected: KVM
[    0.000000] kvm-clock: Using msrs 4b564d01 and 4b564d00
[    0.000000] kvm-clock: using sched offset of 260406992 cycles
[    0.000002] clocksource: kvm-clock: mask: 0xffffffffffffffff max_cycles: 0x1cd42e4dffb, max_idle_ns: 881590591483 ns
[    0.000004] tsc: Detected 2803.200 MHz processor
[    0.000625] last_pfn = 0x3ffde max_arch_pfn = 0x400000000
[    0.000663] MTRR map: 4 entries (3 fixed + 1 variable; max 19), built from 8 variable MTRRs
[    0.000666] x86/PAT: Configuration [0-7]: WB  WC  UC- UC  WB  WP  UC- WT  
[    0.004668] found SMP MP-table at [mem 0x000f5470-0x000f547f]
[    0.004684] Using GB pages for direct mapping
[    0.004750] RAMDISK: [mem 0x3ed2b000-0x3ffcffff]
[    0.004759] ACPI: Early table checksum verification disabled
[    0.004762] ACPI: RSDP 0x00000000000F52B0 000014 (v00 BOCHS )
[    0.004766] ACPI: RSDT 0x000000003FFE2304 000038 (v01 BOCHS  BXPC     00000001 BXPC 00000001)
[    0.004771] ACPI: FACP 0x000000003FFE20FC 0000F4 (v03 BOCHS  BXPC     00000001 BXPC 00000001)
[    0.004774] ACPI: DSDT 0x000000003FFE0040 0020BC (v01 BOCHS  BXPC     00000001 BXPC 00000001)
[    0.004777] ACPI: FACS 0x000000003FFE0000 000040
[    0.004779] ACPI: APIC 0x000000003FFE21F0 000078 (v03 BOCHS  BXPC     00000001 BXPC 00000001)
[    0.004781] ACPI: HPET 0x000000003FFE2268 000038 (v01 BOCHS  BXPC     00000001 BXPC 00000001)
[    0.004782] ACPI: MCFG 0x000000003FFE22A0 00003C (v01 BOCHS  BXPC     00000001 BXPC 00000001)
[    0.004784] ACPI: WAET 0x000000003FFE22DC 000028 (v01 BOCHS  BXPC     00000001 BXPC 00000001)
[    0.004786] ACPI: Reserving FACP table memory at [mem 0x3ffe20fc-0x3ffe21ef]
[    0.004787] ACPI: Reserving DSDT table memory at [mem 0x3ffe0040-0x3ffe20fb]
[    0.004788] ACPI: Reserving FACS table memory at [mem 0x3ffe0000-0x3ffe003f]
[    0.004788] ACPI: Reserving APIC table memory at [mem 0x3ffe21f0-0x3ffe2267]
[    0.004789] ACPI: Reserving HPET table memory at [mem 0x3ffe2268-0x3ffe229f]
[    0.004789] ACPI: Reserving MCFG table memory at [mem 0x3ffe22a0-0x3ffe22db]
[    0.004790] ACPI: Reserving WAET table memory at [mem 0x3ffe22dc-0x3ffe2303]
[    0.004999] No NUMA configuration found
[    0.005000] Faking a node at [mem 0x0000000000000000-0x000000003ffddfff]
[    0.005004] NODE_DATA(0) allocated [mem 0x3ed00000-0x3ed2afff]
[    0.005098] Zone ranges:
[    0.005099]   DMA      [mem 0x0000000000001000-0x0000000000ffffff]
[    0.005100]   DMA32    [mem 0x0000000001000000-0x000000003ffddfff]
[    0.005101]   Normal   empty
[    0.005101]   Device   empty
[    0.005102] Movable zone start for each node
[    0.005103] Early memory node ranges
[    0.005103]   node   0: [mem 0x0000000000001000-0x000000000009efff]
[    0.005104]   node   0: [mem 0x0000000000100000-0x000000003ffddfff]
[    0.005105] Initmem setup node 0 [mem 0x0000000000001000-0x000000003ffddfff]
[    0.005297] On node 0, zone DMA: 1 pages in unavailable ranges
[    0.005305] On node 0, zone DMA: 97 pages in unavailable ranges
[    0.007309] On node 0, zone DMA32: 34 pages in unavailable ranges
[    0.007528] ACPI: PM-Timer IO Port: 0x608
[    0.007541] ACPI: LAPIC_NMI (acpi_id[0xff] dfl dfl lint[0x1])
[    0.007574] IOAPIC[0]: apic_id 0, version 17, address 0xfec00000, GSI 0-23
[    0.007576] ACPI: INT_SRC_OVR (bus 0 bus_irq 0 global_irq 2 dfl dfl)
[    0.007577] ACPI: INT_SRC_OVR (bus 0 bus_irq 5 global_irq 5 high level)
[    0.007582] ACPI: INT_SRC_OVR (bus 0 bus_irq 9 global_irq 9 high level)
[    0.007583] ACPI: INT_SRC_OVR (bus 0 bus_irq 10 global_irq 10 high level)
[    0.007583] ACPI: INT_SRC_OVR (bus 0 bus_irq 11 global_irq 11 high level)
[    0.007587] ACPI: Using ACPI (MADT) for SMP configuration information
[    0.007588] ACPI: HPET id: 0x8086a201 base: 0xfed00000
[    0.007591] TSC deadline timer available
[    0.007592] smpboot: Allowing 1 CPUs, 0 hotplug CPUs
[    0.007609] kvm-guest: APIC: eoi() replaced with kvm_guest_apic_eoi_write()
[    0.007631] PM: hibernation: Registered nosave memory: [mem 0x00000000-0x00000fff]
[    0.007632] PM: hibernation: Registered nosave memory: [mem 0x0009f000-0x000fffff]
[    0.007634] [mem 0x40000000-0xafffffff] available for PCI devices
[    0.007635] Booting paravirtualized kernel on KVM
[    0.007637] clocksource: refined-jiffies: mask: 0xffffffff max_cycles: 0xffffffff, max_idle_ns: 1910969940391419 ns
[    0.007643] setup_percpu: NR_CPUS:8192 nr_cpumask_bits:1 nr_cpu_ids:1 nr_node_ids:1
[    0.007991] percpu: Embedded 86 pages/cpu s229376 r8192 d114688 u2097152
[    0.008042] kvm-guest: PV spinlocks disabled, single CPU
[    0.008044] Kernel command line: console=ttyS0 panic=-1 no_console_suspend rdinit=/init
[    0.008134] random: crng init done
[    0.008337] Dentry cache hash table entries: 131072 (order: 8, 1048576 bytes, linear)
[    0.008380] Inode-cache hash table entries: 65536 (order: 7, 524288 bytes, linear)
[    0.008420] Fallback order for Node 0: 0 
[    0.008422] Built 1 zonelists, mobility grouping on.  Total pages: 257758
[    0.008423] Policy zone: DMA32
[    0.008427] mem auto-init: stack:all(zero), heap alloc:on, heap free:off
[    0.010179] Memory: 956256K/1048048K available (22528K kernel code, 4439K rwdata, 14400K rodata, 4920K init, 4788K bss, 91532K reserved, 0K cma-reserved)
[    0.010799] SLUB: HWalign=64, Order=0-3, MinObjects=0, CPUs=1, Nodes=1
[    0.010832] ftrace: allocating 58250 entries in 228 pages
[    0.018545] ftrace: allocated 228 pages with 4 groups
[    0.019331] Dynamic Preempt: voluntary
[    0.019698] rcu: Preemptible hierarchical RCU implementation.
[    0.019700] rcu: 	RCU restricting CPUs from NR_CPUS=8192 to nr_cpu_ids=1.
[    0.019701] 	Trampoline variant of Tasks RCU enabled.
[    0.019702] 	Rude variant of Tasks RCU enabled.
[    0.019702] 	Tracing variant of Tasks RCU enabled.
[    0.019703] rcu: RCU calculated value of scheduler-enlistment delay is 100 jiffies.
[    0.019703] rcu: Adjusting geometry for rcu_fanout_leaf=16, nr_cpu_ids=1
[    0.019713] RCU Tasks: Setting shift to 0 and lim to 1 rcu_task_cb_adjust=1 rcu_task_cpu_ids=1.
[    0.019715] RCU Tasks Rude: Setting shift to 0 and lim to 1 rcu_task_cb_adjust=1 rcu_task_cpu_ids=1.
[    0.019716] RCU Tasks Trace: Setting shift to 0 and lim to 1 rcu_task_cb_adjust=1 rcu_task_cpu_ids=1.
[    0.022276] NR_IRQS: 524544, nr_irqs: 256, preallocated irqs: 16
[    0.022472] rcu: srcu_init: Setting srcu_struct sizes based on contention.
[    0.028933] Console: colour VGA+ 80x25
[    0.028969] printk: legacy console [ttyS0] enabled
[    0.078570] ACPI: Core revision 20230628
[    0.079095] clocksource: hpet: mask: 0xffffffff max_cycles: 0xffffffff, max_idle_ns: 19112604467 ns
[    0.079837] APIC: Switch to symmetric I/O mode setup
[    0.080363] x2apic enabled
[    0.080792] APIC: Switched APIC routing to: physical x2apic
[    0.082053] ..TIMER: vector=0x30 apic1=0 pin1=2 apic2=-1 pin2=-1
[    0.082517] clocksource: tsc-early: mask: 0xffffffffffffffff max_cycles: 0x28680fa287f, max_idle_ns: 440795281151 ns
[    0.083304] Calibrating delay loop (skipped) preset value.. 5606.40 BogoMIPS (lpj=2803200)
[    0.084412] x86/cpu: User Mode Instruction Prevention (UMIP) activated
[    0.084922] Last level iTLB entries: 4KB 0, 2MB 0, 4MB 0
[    0.085302] Last level dTLB entries: 4KB 0, 2MB 0, 4MB 0, 1GB 0
[    0.085715] Spectre V1 : Mitigation: usercopy/swapgs barriers and __user pointer sanitization
[    0.086307] Spectre V2 : Spectre BHI mitigation: SW BHB clearing on vm exit
[    0.086772] Spectre V2 : Spectre BHI mitigation: SW BHB clearing on syscall
[    0.087302] Spectre V2 : Mitigation: Enhanced / Automatic IBRS
[    0.087652] Spectre V2 : Spectre v2 / PBRSB-eIBRS: Retire a single CALL on VMEXIT
[    0.088304] Spectre V2 : mitigation: Enabling conditional Indirect Branch Prediction Barrier
[    0.088816] Speculative Store Bypass: Mitigation: Speculative Store Bypass disabled via prctl
[    0.089302] ITS: WARNING: ITS mitigation depends on retpoline and rethunk support
[    0.089740] ITS: Vulnerable
[    0.089926] x86/fpu: Supporting XSAVE feature 0x001: 'x87 floating point registers'
[    0.090301] x86/fpu: Supporting XSAVE feature 0x002: 'SSE registers'
[    0.090688] x86/fpu: Supporting XSAVE feature 0x004: 'AVX registers'
[    0.091302] x86/fpu: Supporting XSAVE feature 0x020: 'AVX-512 opmask'
[    0.091749] x86/fpu: Supporting XSAVE feature 0x040: 'AVX-512 Hi256'
[    0.092183] x86/fpu: Supporting XSAVE feature 0x080: 'AVX-512 ZMM_Hi256'
[    0.092301] x86/fpu: Supporting XSAVE feature 0x200: 'Protection Keys User registers'
[    0.092826] x86/fpu: xstate_offset[2]:  576, xstate_sizes[2]:  256
[    0.093304] x86/fpu: xstate_offset[5]:  832, xstate_sizes[5]:   64
[    0.093744] x86/fpu: xstate_offset[6]:  896, xstate_sizes[6]:  512
[    0.094301] x86/fpu: xstate_offset[7]: 1408, xstate_sizes[7]: 1024
[    0.094694] x86/fpu: xstate_offset[9]: 2432, xstate_sizes[9]:    8
[    0.095302] x86/fpu: Enabled xstate features 0x2e7, context size is 2440 bytes, using 'compacted' format.
[    0.119772] Freeing SMP alternatives memory: 48K
[    0.120150] pid_max: default: 32768 minimum: 301
[    0.120346] LSM: initializing lsm=lockdown,capability,landlock,yama,apparmor,integrity
[    0.120898] landlock: Up and running.
[    0.121152] Yama: becoming mindful.
[    0.121323] AppArmor: AppArmor initialized
[    0.121738] Mount-cache hash table entries: 2048 (order: 2, 16384 bytes, linear)
[    0.122304] Mountpoint-cache hash table entries: 2048 (order: 2, 16384 bytes, linear)
[    0.123040] smpboot: CPU0: 11th Gen Intel(R) Core(TM) i7-1165G7 @ 2.80GHz (family: 0x6, model: 0x8c, stepping: 0x1)
[    0.123319] Performance Events: Icelake events, full-width counters, Intel PMU driver.
[    0.123851] ... version:                2
[    0.124101] ... bit width:              48
[    0.124303] ... generic registers:      8
[    0.124544] ... value mask:             0000ffffffffffff
[    0.124863] ... max period:             00007fffffffffff
[    0.125208] ... fixed-purpose events:   3
[    0.125302] ... event mask:             00000007000000ff
[    0.125683] signal: max sigframe size: 3632
[    0.125975] rcu: Hierarchical SRCU implementation.
[    0.126271] rcu: 	Max phase no-delay instances is 400.
[    0.126523] smp: Bringing up secondary CPUs ...
[    0.126876] smp: Brought up 1 node, 1 CPU
[    0.127267] smpboot: Max logical packages: 1
[    0.127313] smpboot: Total of 1 processors activated (5606.40 BogoMIPS)
[    0.127951] devtmpfs: initialized
[    0.128215] x86/mm: Memory block size: 128MB
[    0.128475] clocksource: jiffies: mask: 0xffffffff max_cycles: 0xffffffff, max_idle_ns: 1911260446275000 ns
[    0.129126] futex hash table entries: 256 (order: 2, 16384 bytes, linear)
[    0.129345] pinctrl core: initialized pinctrl subsystem
[    0.129749] PM: RTC time: 22:12:06, date: 2026-03-07
[    0.130495] NET: Registered PF_NETLINK/PF_ROUTE protocol family
[    0.130940] DMA: preallocated 128 KiB GFP_KERNEL pool for atomic allocations
[    0.131315] DMA: preallocated 128 KiB GFP_KERNEL|GFP_DMA pool for atomic allocations
[    0.131826] DMA: preallocated 128 KiB GFP_KERNEL|GFP_DMA32 pool for atomic allocations
[    0.132311] audit: initializing netlink subsys (disabled)
[    0.132755] thermal_sys: Registered thermal governor 'fair_share'
[    0.132756] thermal_sys: Registered thermal governor 'bang_bang'
[    0.133130] thermal_sys: Registered thermal governor 'step_wise'
[    0.133306] thermal_sys: Registered thermal governor 'user_space'
[    0.133674] thermal_sys: Registered thermal governor 'power_allocator'
[    0.134066] audit: type=2000 audit(1772921526.850:1): state=initialized audit_enabled=0 res=1
[    0.134831] cpuidle: using governor ladder
[    0.135086] cpuidle: using governor menu
[    0.135349] acpiphp: ACPI Hot Plug PCI Controller Driver version: 0.5
[    0.135828] PCI: ECAM [mem 0xb0000000-0xbfffffff] (base 0xb0000000) for domain 0000 [bus 00-ff]
[    0.136304] PCI: ECAM [mem 0xb0000000-0xbfffffff] reserved as E820 entry
[    0.136731] PCI: Using configuration type 1 for base access
[    0.137146] kprobes: kprobe jump-optimization is enabled. All kprobes are optimized if possible.
[    0.163981] HugeTLB: registered 1.00 GiB page size, pre-allocated 0 pages
[    0.164303] HugeTLB: 16380 KiB vmemmap can be freed for a 1.00 GiB page
[    0.164731] HugeTLB: registered 2.00 MiB page size, pre-allocated 0 pages
[    0.165150] HugeTLB: 28 KiB vmemmap can be freed for a 2.00 MiB page
[    0.165744] ACPI: Added _OSI(Module Device)
[    0.166022] ACPI: Added _OSI(Processor Device)
[    0.166303] ACPI: Added _OSI(Processor Aggregator Device)
[    0.167645] ACPI: 1 ACPI AML tables successfully acquired and loaded
[    0.168734] ACPI: _OSC evaluation for CPUs failed, trying _PDC
[    0.169197] ACPI: Interpreter enabled
[    0.169311] ACPI: PM: (supports S0 S3 S4 S5)
[    0.169576] ACPI: Using IOAPIC for interrupt routing
[    0.169942] PCI: Using host bridge windows from ACPI; if necessary, use "pci=nocrs" and report a bug
[    0.170302] PCI: Using E820 reservations for host bridge windows
[    0.170722] ACPI: Enabled 2 GPEs in block 00 to 3F
[    0.172250] ACPI: PCI Root Bridge [PCI0] (domain 0000 [bus 00-ff])
[    0.172306] acpi PNP0A08:00: _OSC: OS supports [ExtendedConfig ASPM ClockPM Segments MSI EDR HPX-Type3]
[    0.172964] acpi PNP0A08:00: _OSC: platform does not support [PCIeHotplug LTR DPC]
[    0.173369] acpi PNP0A08:00: _OSC: OS now controls [SHPCHotplug PME AER PCIeCapability]
[    0.174055] PCI host bridge to bus 0000:00
[    0.174304] pci_bus 0000:00: root bus resource [io  0x0000-0x0cf7 window]
[    0.174769] pci_bus 0000:00: root bus resource [io  0x0d00-0xffff window]
[    0.175268] pci_bus 0000:00: root bus resource [mem 0x000a0000-0x000bffff window]
[    0.175303] pci_bus 0000:00: root bus resource [mem 0x40000000-0xafffffff window]
[    0.175812] pci_bus 0000:00: root bus resource [mem 0xc0000000-0xfebfffff window]
[    0.176275] pci_bus 0000:00: root bus resource [mem 0x100000000-0x8ffffffff window]
[    0.176303] pci_bus 0000:00: root bus resource [bus 00-ff]
[    0.176725] pci 0000:00:00.0: [8086:29c0] type 00 class 0x060000 conventional PCI endpoint
[    0.177640] pci 0000:00:01.0: [1af4:1000] type 00 class 0x020000 conventional PCI endpoint
[    0.178884] pci 0000:00:01.0: BAR 0 [io  0xc040-0xc05f]
[    0.179289] pci 0000:00:01.0: BAR 4 [mem 0xfe800000-0xfe803fff 64bit pref]
[    0.179308] pci 0000:00:01.0: ROM [mem 0xfeb00000-0xfeb7ffff pref]
[    0.180039] pci 0000:00:02.0: [1af4:1050] type 00 class 0x030000 conventional PCI endpoint
[    0.181315] pci 0000:00:02.0: BAR 0 [mem 0xfe000000-0xfe7fffff pref]
[    0.181748] pci 0000:00:02.0: BAR 2 [mem 0xfe804000-0xfe807fff 64bit pref]
[    0.182226] pci 0000:00:02.0: BAR 4 [mem 0xfeb94000-0xfeb94fff]
[    0.182312] pci 0000:00:02.0: ROM [mem 0xfeb80000-0xfeb8ffff pref]
[    0.182781] pci 0000:00:02.0: Video device with shadowed ROM at [mem 0x000c0000-0x000dffff]
[    0.183682] pci 0000:00:03.0: [1b36:000d] type 00 class 0x0c0330 PCIe Root Complex Integrated Endpoint
[    0.184808] pci 0000:00:03.0: BAR 0 [mem 0xfeb90000-0xfeb93fff 64bit]
[    0.191827] pci 0000:00:1f.0: [8086:2918] type 00 class 0x060100 conventional PCI endpoint
[    0.192518] pci 0000:00:1f.0: quirk: [io  0x0600-0x067f] claimed by ICH6 ACPI/GPIO/TCO
[    0.193172] pci 0000:00:1f.2: [8086:2922] type 00 class 0x010601 conventional PCI endpoint
[    0.193824] pci 0000:00:1f.2: BAR 4 [io  0xc060-0xc07f]
[    0.194149] pci 0000:00:1f.2: BAR 5 [mem 0xfeb95000-0xfeb95fff]
[    0.194519] pci 0000:00:1f.3: [8086:2930] type 00 class 0x0c0500 conventional PCI endpoint
[    0.195433] pci 0000:00:1f.3: BAR 4 [io  0x0700-0x073f]
[    0.196034] ACPI: PCI: Interrupt link LNKA configured for IRQ 10
[    0.196355] ACPI: PCI: Interrupt link LNKB configured for IRQ 10
[    0.197022] ACPI: PCI: Interrupt link LNKC configured for IRQ 11
[    0.197351] ACPI: PCI: Interrupt link LNKD configured for IRQ 11
[    0.197817] ACPI: PCI: Interrupt link LNKE configured for IRQ 10
[    0.198239] ACPI: PCI: Interrupt link LNKF configured for IRQ 10
[    0.198343] ACPI: PCI: Interrupt link LNKG configured for IRQ 11
[    0.198772] ACPI: PCI: Interrupt link LNKH configured for IRQ 11
[    0.199149] ACPI: PCI: Interrupt link GSIA configured for IRQ 16
[    0.199309] ACPI: PCI: Interrupt link GSIB configured for IRQ 17
[    0.199685] ACPI: PCI: Interrupt link GSIC configured for IRQ 18
[    0.200127] ACPI: PCI: Interrupt link GSID configured for IRQ 19
[    0.200308] ACPI: PCI: Interrupt link GSIE configured for IRQ 20
[    0.200734] ACPI: PCI: Interrupt link GSIF configured for IRQ 21
[    0.201160] ACPI: PCI: Interrupt link GSIG configured for IRQ 22
[    0.201307] ACPI: PCI: Interrupt link GSIH configured for IRQ 23
[    0.201994] iommu: Default domain type: Translated
[    0.202307] iommu: DMA domain TLB invalidation policy: lazy mode
[    0.202984] SCSI subsystem initialized
[    0.203307] ACPI: bus type USB registered
[    0.203610] usbcore: registered new interface driver usbfs
[    0.203992] usbcore: registered new interface driver hub
[    0.204305] usbcore: registered new device driver usb
[    0.204733] pps_core: LinuxPPS API ver. 1 registered
[    0.205112] pps_core: Software ver. 5.3.6 - Copyright 2005-2007 Rodolfo Giometti <giometti@linux.it>
[    0.205306] PTP clock support registered
[    0.205625] EDAC MC: Ver: 3.0.0
[    0.206143] NetLabel: Initializing
[    0.206303] NetLabel:  domain hash size = 128
[    0.206622] NetLabel:  protocols = UNLABELED CIPSOv4 CALIPSO
[    0.207030] NetLabel:  unlabeled traffic allowed by default
[    0.207335] mctp: management component transport protocol core
[    0.207747] NET: Registered PF_MCTP protocol family
[    0.208103] PCI: Using ACPI for IRQ routing
[    0.300413] pci 0000:00:02.0: vgaarb: setting as boot VGA device
[    0.300822] pci 0000:00:02.0: vgaarb: bridge control possible
[    0.301188] pci 0000:00:02.0: vgaarb: VGA device added: decodes=io+mem,owns=io+mem,locks=none
[    0.301308] vgaarb: loaded
[    0.301590] hpet0: at MMIO 0xfed00000, IRQs 2, 8, 0
[    0.301952] hpet0: 3 comparators, 64-bit 100.000000 MHz counter
[    0.306327] clocksource: Switched to clocksource kvm-clock
[    0.307188] VFS: Disk quotas dquot_6.6.0
[    0.307629] VFS: Dquot-cache hash table entries: 512 (order 0, 4096 bytes)
[    0.308236] AppArmor: AppArmor Filesystem Enabled
[    0.308602] pnp: PnP ACPI init
[    0.308932] system 00:05: [mem 0xb0000000-0xbfffffff window] has been reserved
[    0.309610] pnp: PnP ACPI: found 6 devices
[    0.315042] clocksource: acpi_pm: mask: 0xffffff max_cycles: 0xffffff, max_idle_ns: 2085701024 ns
[    0.315693] NET: Registered PF_INET protocol family
[    0.316066] IP idents hash table entries: 16384 (order: 5, 131072 bytes, linear)
[    0.325105] tcp_listen_portaddr_hash hash table entries: 512 (order: 1, 8192 bytes, linear)
[    0.325667] Table-perturb hash table entries: 65536 (order: 6, 262144 bytes, linear)
[    0.326156] TCP established hash table entries: 8192 (order: 4, 65536 bytes, linear)
[    0.326684] TCP bind hash table entries: 8192 (order: 6, 262144 bytes, linear)
[    0.327144] TCP: Hash tables configured (established 8192 bind 8192)
[    0.327583] MPTCP token hash table entries: 1024 (order: 2, 24576 bytes, linear)
[    0.328104] UDP hash table entries: 512 (order: 2, 16384 bytes, linear)
[    0.328669] UDP-Lite hash table entries: 512 (order: 2, 16384 bytes, linear)
[    0.329171] NET: Registered PF_UNIX/PF_LOCAL protocol family
[    0.329523] NET: Registered PF_XDP protocol family
[    0.329866] pci_bus 0000:00: resource 4 [io  0x0000-0x0cf7 window]
[    0.330301] pci_bus 0000:00: resource 5 [io  0x0d00-0xffff window]
[    0.330718] pci_bus 0000:00: resource 6 [mem 0x000a0000-0x000bffff window]
[    0.331191] pci_bus 0000:00: resource 7 [mem 0x40000000-0xafffffff window]
[    0.331692] pci_bus 0000:00: resource 8 [mem 0xc0000000-0xfebfffff window]
[    0.332161] pci_bus 0000:00: resource 9 [mem 0x100000000-0x8ffffffff window]
[    0.332835] ACPI: \_SB_.GSIH: Enabled at IRQ 23
[    0.333593] PCI: CLS 0 bytes, default 64
[    0.333928] Trying to unpack rootfs image as initramfs...
[    0.334945] clocksource: tsc: mask: 0xffffffffffffffff max_cycles: 0x28680fa287f, max_idle_ns: 440795281151 ns
[    0.337002] Initialise system trusted keyrings
[    0.337297] Key type blacklist registered
[    0.337846] workingset: timestamp_bits=36 max_order=18 bucket_order=0
[    0.338303] zbud: loaded
[    0.340039] squashfs: version 4.0 (2009/01/31) Phillip Lougher
[    0.340510] fuse: init (API version 7.39)
[    0.341941] integrity: Platform Keyring initialized
[    0.342306] integrity: Machine keyring initialized
[    0.355866] Key type asymmetric registered
[    0.356188] Asymmetric key parser 'x509' registered
[    0.356513] Block layer SCSI generic (bsg) driver version 0.4 loaded (major 243)
[    0.357935] io scheduler mq-deadline registered
[    0.359013] shpchp: Standard Hot Plug PCI Controller Driver version: 0.4
[    0.359563] input: Power Button as /devices/LNXSYSTM:00/LNXPWRBN:00/input/input0
[    0.361870] ACPI: button: Power Button [PWRF]
[    0.362415] ACPI: \_SB_.GSIF: Enabled at IRQ 21
[    0.364431] ACPI: \_SB_.GSIG: Enabled at IRQ 22
[    0.366876] Serial: 8250/16550 driver, 32 ports, IRQ sharing enabled
[    0.412012] 00:03: ttyS0 at I/O 0x3f8 (irq = 4, base_baud = 115200) is a 16550A
[    0.416412] Linux agpgart interface v0.103
[    0.418905] loop: module loaded
[    0.419895] ACPI: bus type drm_connector registered
[    0.420316] tun: Universal TUN/TAP device driver, 1.6
[    0.422375] PPP generic driver version 2.4.2
[    0.422728] i8042: PNP: PS/2 Controller [PNP0303:KBD,PNP0f13:MOU] at 0x60,0x64 irq 1,12
[    0.424438] serio: i8042 KBD port at 0x60,0x64 irq 1
[    0.424783] serio: i8042 AUX port at 0x60,0x64 irq 12
[    0.426933] mousedev: PS/2 mouse device common for all mice
[    0.427423] input: AT Translated Set 2 keyboard as /devices/platform/i8042/serio0/input/input1
[    0.428104] rtc_cmos 00:04: RTC can wake from S4
[    0.429897] rtc_cmos 00:04: registered as rtc0
[    0.430262] rtc_cmos 00:04: setting system clock to 2026-03-07T22:12:06 UTC (1772921526)
[    0.430853] rtc_cmos 00:04: alarms up to one day, y3k, 242 bytes nvram, hpet irqs
[    0.432872] i2c_dev: i2c /dev entries driver
[    0.433160] device-mapper: core: CONFIG_IMA_DISABLE_HTABLE is disabled. Duplicate IMA measurements will not be recorded in the IMA log.
[    0.434860] device-mapper: uevent: version 1.0.3
[    0.435243] device-mapper: ioctl: 4.48.0-ioctl (2023-03-01) initialised: dm-devel@redhat.com
[    0.435851] intel_pstate: CPU model not supported
[    0.436945] ledtrig-cpu: registered to indicate activity on CPUs
[    0.437437] drop_monitor: Initializing network drop monitor service
[    0.438941] NET: Registered PF_INET6 protocol family
[    0.568152] Freeing initrd memory: 19092K
[    0.568604] Segment Routing with IPv6
[    0.568886] In-situ OAM (IOAM) with IPv6
[    0.569188] NET: Registered PF_PACKET protocol family
[    0.569568] Key type dns_resolver registered
[    0.570001] IPI shorthand broadcast: enabled
[    0.571161] sched_clock: Marking stable (513001815, 57823432)->(582869066, -12043819)
[    0.571793] registered taskstats version 1
[    0.572181] Loading compiled-in X.509 certificates
[    0.573051] Loaded X.509 cert 'Build time autogenerated kernel key: 7f71bdefc17a4d88631555bf9efbb1c93d6f5260'
[    0.574250] Loaded X.509 cert 'Canonical Ltd. Live Patch Signing 2025 Kmod: d541cef61dc7e793b7eb7e899970a2eef0b5dc8c'
[    0.575288] Loaded X.509 cert 'Canonical Ltd. Live Patch Signing: 14df34d1a87cf37625abec039ef2bf521249b969'
[    0.576305] Loaded X.509 cert 'Canonical Ltd. Kernel Module Signing: 88f752e560a1e0737e31163a466ad7b70a850c19'
[    0.577008] blacklist: Loading compiled-in revocation X.509 certificates
[    0.577484] Loaded X.509 cert 'Canonical Ltd. Secure Boot Signing: 61482aa2830d0ab2ad5af10b7250da9033ddcef0'
[    0.578131] Loaded X.509 cert 'Canonical Ltd. Secure Boot Signing (2017): 242ade75ac4a15e50d50c84b0d45ff3eae707a03'
[    0.578809] Loaded X.509 cert 'Canonical Ltd. Secure Boot Signing (ESM 2018): 365188c1d374d6b07c3c8f240f8ef722433d6a8b'
[    0.579596] Loaded X.509 cert 'Canonical Ltd. Secure Boot Signing (2019): c0746fd6c5da3ae827864651ad66ae47fe24b3e8'
[    0.580496] Loaded X.509 cert 'Canonical Ltd. Secure Boot Signing (2021 v1): a8d54bbb3825cfb94fa13c9f8a594a195c107b8d'
[    0.581278] Loaded X.509 cert 'Canonical Ltd. Secure Boot Signing (2021 v2): 4cf046892d6fd3c9a5b03f98d845f90851dc6a8c'
[    0.581992] Loaded X.509 cert 'Canonical Ltd. Secure Boot Signing (2021 v3): 100437bb6de6e469b581e61cd66bce3ef4ed53af'
[    0.582665] Loaded X.509 cert 'Canonical Ltd. Secure Boot Signing (Ubuntu Core 2019): c1d57b8f6b743f23ee41f4f7ee292f06eecadfb9'
[    0.585346] Key type .fscrypt registered
[    0.585639] Key type fscrypt-provisioning registered
[    0.586182] Key type encrypted registered
[    0.586507] AppArmor: AppArmor sha256 policy hashing enabled
[    0.587072] ima: No TPM chip found, activating TPM-bypass!
[    0.587575] Loading compiled-in module X.509 certificates
[    0.588353] Loaded X.509 cert 'Build time autogenerated kernel key: 7f71bdefc17a4d88631555bf9efbb1c93d6f5260'
[    0.589080] ima: Allocated hash algorithm: sha256
[    0.589423] ima: No architecture policies found
[    0.589771] evm: Initialising EVM extended attributes:
[    0.590132] evm: security.selinux
[    0.590366] evm: security.SMACK64
[    0.590609] evm: security.SMACK64EXEC
[    0.590848] evm: security.SMACK64TRANSMUTE
[    0.591100] evm: security.SMACK64MMAP
[    0.591325] evm: security.apparmor
[    0.591541] evm: security.ima
[    0.591745] evm: security.capability
[    0.591968] evm: HMAC attrs: 0x1
[    0.592326] PM:   Magic number: 2:11:249
[    0.594998] RAS: Correctable Errors collector initialized.
[    0.595464] clk: Disabling unused clocks
[    0.602122] Freeing unused decrypted memory: 2028K
[    0.602810] Freeing unused kernel image (initmem) memory: 4920K
[    0.603114] Write protecting the kernel read-only data: 38912k
[    0.603748] Freeing unused kernel image (rodata/data gap) memory: 1984K
[    0.612046] x86/mm: Checked W+X mappings: passed, no W+X pages found.
[    0.612379] Run /init as init process
[init-phase2] booted
[init-phase2] loading module=/lib/modules/6.8.0-101-generic/kernel/drivers/virtio/virtio_dma_buf.ko
[init-phase2] loading module=/lib/modules/6.8.0-101-generic/kernel/drivers/gpu/drm/virtio/virtio-gpu.ko
[    0.618846] [drm] pci: virtio-vga detected at 0000:00:02.0
[    0.619108] virtio-pci 0000:00:02.0: vgaarb: deactivate vga console
[    0.623889] Console: switching to colour dummy device 80x25
[    0.624483] [drm] features: -virgl +edid -resource_blob -host_visible
[    0.624484] [drm] features: -context_init
[    0.625348] [drm] number of scanouts: 1
[    0.625524] [drm] number of cap sets: 0
[    0.625906] [drm] Initialized virtio_gpu 0.1.0 0 for 0000:00:02.0 on minor 0
[    0.627460] fbcon: virtio_gpudrmfb (fb0) is primary device
[    0.630693] Console: switching to colour frame buffer device 160x50
[    0.632284] virtio-pci 0000:00:02.0: [drm] fb0: virtio_gpudrmfb frame buffer device
[init-phase2] loading module=/lib/modules/6.8.0-101-generic/kernel/drivers/hid/hid.ko
[    0.638322] hid: raw HID events driver (C) Jiri Kosina
[init-phase2] loading module=/lib/modules/6.8.0-101-generic/kernel/drivers/hid/hid-generic.ko
[init-phase2] loading module=/lib/modules/6.8.0-101-generic/kernel/drivers/hid/usbhid/usbhid.ko
[    0.641336] usbcore: registered new interface driver usbhid
[    0.641614] usbhid: USB HID core driver
[init-phase2] loading module=/lib/modules/6.8.0-101-generic/kernel/drivers/input/mouse/psmouse.ko
[    0.645151] input: VirtualPS/2 VMware VMMouse as /devices/platform/i8042/serio1/input/input4
[    0.645935] input: VirtualPS/2 VMware VMMouse as /devices/platform/i8042/serio1/input/input3
Starting systemd-udevd version 255.4-1ubuntu8.8
total 0
drwxr-xr-x    2 root     root            80 Mar  7 22:12 by-path
crw-rw----    1 root     video     226,   0 Mar  7 22:12 card0
crw-rw----    1 root     root      226, 128 Mar  7 22:12 renderD128
total 0
drwxr-xr-x    2 root     root           100 Mar  7 22:12 by-path
crw-rw----    1 root     input      13,  64 Mar  7 22:12 event0
crw-rw----    1 root     input      13,  65 Mar  7 22:12 event1
crw-rw----    1 root     input      13,  66 Mar  7 22:12 event2
crw-rw----    1 root     input      13,  67 Mar  7 22:12 event3
crw-rw----    1 root     input      13,  63 Mar  7 22:12 mice
crw-rw----    1 root     input      13,  32 Mar  7 22:12 mouse0
crw-rw----    1 root     input      13,  33 Mar  7 22:12 mouse1
[init-phase2] seatd pid=116
[init-phase2] weston pid=117
[init-phase2] wayland ready
Date: 2026-03-07 UTC
[22:12:06.755] weston 13.0.0
               https://wayland.freedesktop.org
               Bug reports to: https://gitlab.freedesktop.org/wayland/weston/issues/
               Build: 13.0.0
[22:12:06.755] Command line: /usr/bin/weston --backend=drm --renderer=pixman --shell=kiosk-shell.so --socket=wayland-1 --continue-without-input --log=/var/log/weston.log
[22:12:06.755] OS: Linux, 6.8.0-101-generic, #101-Ubuntu SMP PREEMPT_DYNAMIC Mon Feb  9 10:15:05 UTC 2026, x86_64
[22:12:06.755] Flight recorder: enabled
[22:12:06.755] Using config file '/etc/xdg/weston/weston.ini'
[22:12:06.755] Output repaint window is 7 ms maximum.
[22:12:06.755] Loading module '/usr/lib/x86_64-linux-gnu/libweston-13/drm-backend.so'
[22:12:06.755] initializing drm backend
[22:12:06.755] Trying libseat launcher...
[22:12:06.755] [libseat/libseat.c:62] Seat opened with backend 'seatd'
[22:12:06.755] [libseat/backend/seatd.c:212] Enabling seat
[22:12:06.755] libseat: session control granted
[22:12:06.756] using /dev/dri/card0
[22:12:06.756] DRM: supports atomic modesetting
[22:12:06.756] DRM: does not support GBM modifiers
[22:12:06.756] DRM: does not support async page flipping
[22:12:06.756] DRM: supports picture aspect ratio
[22:12:06.756] Using Pixman renderer
[22:12:06.757] event0  - Power Button: is tagged by udev as: Keyboard
[22:12:06.757] event0  - Power Button: device is a keyboard
[22:12:06.758] event1  - AT Translated Set 2 keyboard: is tagged by udev as: Keyboard
[22:12:06.758] event1  - AT Translated Set 2 keyboard: device is a keyboard
[22:12:06.758] event3  - VirtualPS/2 VMware VMMouse: is tagged by udev as: Mouse
[22:12:06.758] event3  - VirtualPS/2 VMware VMMouse: device is a pointer
[22:12:06.759] event2  - VirtualPS/2 VMware VMMouse: is tagged by udev as: Mouse
[22:12:06.759] event2  - VirtualPS/2 VMware VMMouse: device is a pointer
[22:12:06.761] libinput: configuring device "Power Button".
[22:12:06.761] libinput: configuring device "AT Translated Set 2 keyboard".
[22:12:06.761] libinput: configuring device "VirtualPS/2 VMware VMMouse".
[22:12:06.761] libinput: configuring device "VirtualPS/2 VMware VMMouse".
[22:12:06.761] input device event2 has no enabled output associated (none named), skipping calibration for now.
[22:12:06.761] DRM: head 'Virtual-1' found, connector 36 is connected, EDID make 'RHT', model 'QEMU Monitor', serial ''
               Supported EOTF modes: SDR
[22:12:06.761] Registered plugin API 'weston_drm_output_api_v1' of size 40
[22:12:06.761] Registered plugin API 'weston_drm_virtual_output_api_v2' of size 48
[22:12:06.761] Color manager: no-op
[22:12:06.761] Output 'Virtual-1' attempts EOTF mode: SDR
[22:12:06.761] Output 'Virtual-1' using color profile: stock sRGB color profile
[22:12:06.763] DRM: output Virtual-1 uses shadow framebuffer.
[22:12:06.763] Output Virtual-1 (crtc 35) video modes:
               1280x800@75.0, preferred, current, 107.3 MHz
               5120x2160@50.0 64:27, 742.5 MHz
               4096x2160@50.0 256:135, 594.0 MHz
               3840x2160@60.0 16:9, 594.0 MHz
               3840x2160@59.9 16:9, 593.4 MHz
               3840x2160@50.0 16:9, 594.0 MHz
               1920x1440@60.0, 234.0 MHz
               2560x1080@50.0 64:27, 185.6 MHz
               1856x1392@60.0, 218.2 MHz
               1792x1344@60.0, 204.8 MHz
               2048x1152@60.0, 162.0 MHz
               1920x1200@59.9, 193.2 MHz
               1920x1080@60.0, 148.5 MHz
               1920x1080@50.0 16:9, 148.5 MHz
               1600x1200@60.0, 162.0 MHz
               1680x1050@60.0, 146.2 MHz
               1400x1050@60.0, 121.8 MHz
               1280x1024@60.0, 108.0 MHz
               1440x900@59.9, 106.5 MHz
               1280x960@60.0, 108.0 MHz
               1360x768@60.0, 85.5 MHz
               1280x768@59.9, 79.5 MHz
               1024x768@60.0, 65.0 MHz
               800x600@60.3, 40.0 MHz
               640x480@60.0 4:3, 25.2 MHz
               640x480@59.9, 25.2 MHz
[22:12:06.763] associating input device event0 with output Virtual-1 (none by udev)
[22:12:06.763] associating input device event1 with output Virtual-1 (none by udev)
[22:12:06.763] associating input device event3 with output Virtual-1 (none by udev)
[22:12:06.763] associating input device event2 with output Virtual-1 (none by udev)
[22:12:06.763] Output 'Virtual-1' enabled with head(s) Virtual-1
[22:12:06.763] Compositor capabilities:
               arbitrary surface rotation: yes
               screen capture uses y-flip: no
               cursor planes: yes
               arbitrary resolutions: no
               view mask clipping: yes
               explicit sync: no
               color operations: no
               presentation clock: CLOCK_MONOTONIC, id 1
               presentation clock resolution: 0.000000001 s
[22:12:06.764] Loading module '/usr/lib/x86_64-linux-gnu/weston/kiosk-shell.so'
[init-phase2] launching client=/bin/wl_sleepdemo
@@LOG kind=state global name=1 interface=wl_compositor version=5
@@LOG kind=state global name=2 interface=wl_subcompositor version=1
@@LOG kind=state global name=3 interface=wp_viewporter version=1
@@LOG kind=state global name=4 interface=zxdg_output_manager_v1 version=2
@@LOG kind=state global name=5 interface=wp_presentation version=1
@@LOG kind=state global name=6 interface=wp_single_pixel_buffer_manager_v1 version=1
@@LOG kind=state global name=7 interface=wp_tearing_control_manager_v1 version=1
@@LOG kind=state global name=8 interface=zwp_relative_pointer_manager_v1 version=1
@@LOG kind=state global name=9 interface=zwp_pointer_constraints_v1 version=1
@@LOG kind=state global name=10 interface=zwp_input_timestamps_manager_v1 version=1
@@LOG kind=state global name=11 interface=weston_capture_v1 version=1
@@LOG kind=state global name=12 interface=wl_data_device_manager version=3
@@LOG kind=state global name=13 interface=wl_shm version=1
@@LOG kind=state global name=14 interface=wl_seat version=7
@@LOG kind=state global name=15 interface=weston_content_protection version=1
@@LOG kind=state global name=16 interface=wl_output version=4
@@LOG kind=state global name=17 interface=xdg_wm_base version=5
@@LOG kind=state seat-listener-added
@@LOG kind=state keyboard-bound-fallback
@@LOG kind=state pointer-bound-fallback
@@LOG kind=state socket-hup
@@LOG kind=state socket-hup
@@LOG kind=state socket-hup
@@LOG kind=state socket-hup
@@LOG kind=state socket-hup
@@LOG kind=state socket-hup
@@LOG kind=state socket-hup
@@LOG kind=state socket-hup
@@LOG kind=state socket-hup
@@LOG kind=state socket-hup
@@LOG kind=state socket-hup
@@LOG kind=state seat-capabilities=3
@@LOG kind=state socket-hup
@@LOG kind=state socket-hup
@@LOG kind=state socket-hup
@@LOG kind=state socket-hup
@@LOG kind=state socket-hup
@@LOG kind=state socket-hup
@@LOG kind=state socket-hup
@@LOG kind=state socket-hup
@@LOG kind=state socket-hup
@@LOG kind=state socket-hup
@@LOG kind=state socket-hup
@@LOG kind=state socket-hup
@@LOG kind=state socket-hup
@@LOG kind=state socket-hup
@@LOG kind=state socket-hup
@@LOG kind=state socket-hup
@@LOG kind=state socket-hup
@@LOG kind=state socket-hup
@@LOG kind=state socket-hup
@@LOG kind=state socket-hup
@@LOG kind=state socket-hup
@@LOG kind=state socket-hup
@@LOG kind=state socket-hup
@@LOG kind=state socket-hup
@@LOG kind=state socket-hup
@@LOG kind=state socket-hup
@@LOG kind=state socket-hup
@@LOG kind=state socket-hup
@@LOG kind=state socket-hup
@@LOG kind=state socket-hup
@@LOG kind=state socket-hup
@@LOG kind=state socket-hup
@@LOG kind=state socket-hup
@@LOG kind=state socket-hup
@@LOG kind=state socket-hup
@@LOG kind=state socket-hup
@@LOG kind=state socket-hup
@@LOG kind=state socket-hup
@@LOG kind=state socket-hup
@@LOG kind=state socket-hup
@@LOG kind=state socket-hup
@@LOG kind=state socket-hup
@@LOG kind=state socket-hup
@@LOG kind=state socket-hup
@@LOG kind=state socket-hup
@@LOG kind=state socket-hup
@@LOG kind=state socket-hup
@@LOG kind=state socket-hup
@@LOG kind=state socket-hup
@@LOG kind=state socket-hup
@@LOG kind=state socket-hup
@@LOG kind=state socket-hup
@@LOG kind=state socket-hup
@@LOG kind=state socket-hup
@@LOG kind=state socket-hup
@@LOG kind=state socket-hup
@@LOG kind=state socket-hup
@@LOG kind=state socket-hup
@@LOG kind=state socket-hup
@@LOG kind=state socket-hup
@@LOG kind=state socket-hup
@@LOG kind=state socket-hup
@@LOG kind=state socket-hup
@@LOG kind=state socket-hup
@@LOG kind=state socket-hup
@@LOG kind=state socket-hup
@@LOG kind=state socket-hup
@@LOG kind=state socket-hup
@@LOG kind=state socket-hup
@@LOG kind=state socket-hup
@@LOG kind=state socket-hup
@@LOG kind=state socket-hup
@@LOG kind=state socket-hup
@@LOG kind=state socket-hup
@@LOG kind=state socket-hup
@@LOG kind=state socket-hup
@@LOG kind=state socket-hup
@@LOG kind=state socket-hup
@@LOG kind=state socket-hup
@@LOG kind=state socket-hup
@@LOG kind=state socket-hup
@@LOG kind=state socket-hup
@@LOG kind=state socket-hup
@@LOG kind=state socket-hup
@@LOG kind=state socket-hup
@@LOG kind=state socket-hup
@@LOG kind=state socket-hup
@@LOG kind=state socket-hup
@@LOG kind=state socket-hup
@@LOG kind=state socket-hup
@@LOG kind=state socket-hup
@@LOG kind=state socket-hup
@@LOG kind=state socket-hup
@@LOG kind=state socket-hup
@@LOG kind=state socket-hup
@@LOG kind=state socket-hup
@@LOG kind=state socket-hup
@@LOG kind=state socket-hup
@@LOG kind=state socket-hup
@@LOG kind=state socket-hup
@@LOG kind=state socket-hup
@@LOG kind=state socket-hup
@@LOG kind=state socket-hup
@@LOG kind=state socket-hup
@@LOG kind=state socket-hup
@@LOG kind=state socket-hup
@@LOG kind=state socket-hup
@@LOG kind=state socket-hup
@@LOG kind=state socket-hup
@@LOG kind=state socket-hup
@@LOG kind=state socket-hup
@@LOG kind=state socket-hup
@@LOG kind=state socket-hup
@@LOG kind=state socket-hup
@@LOG kind=state socket-hup
@@LOG kind=state socket-hup
@@LOG kind=state socket-hup
@@LOG kind=state socket-hup
@@LOG kind=state socket-hup
@@LOG kind=state socket-hup
@@LOG kind=state socket-hup
@@LOG kind=state socket-hup
@@LOG kind=state socket-hup
@@LOG kind=state socket-hup
@@LOG kind=state socket-hup
@@LOG kind=state socket-hup
@@LOG kind=state socket-hup
@@LOG kind=state socket-hup
@@LOG kind=state socket-hup
@@LOG kind=state socket-hup
@@LOG kind=state socket-hup
@@LOG kind=state socket-hup
@@LOG kind=state socket-hup
@@LOG kind=state socket-hup
@@LOG kind=state socket-hup
@@LOG kind=state socket-hup
@@LOG kind=state socket-hup
@@LOG kind=state socket-hup
@@LOG kind=state socket-hup
@@LOG kind=state socket-hup
@@LOG kind=state socket-hup
@@LOG kind=state socket-hup
@@LOG kind=state socket-hup
@@LOG kind=state socket-hup
@@LOG kind=state socket-hup
@@LOG kind=state socket-hup
@@LOG kind=state socket-hup
@@LOG kind=state socket-hup
@@LOG kind=state socket-hup
@@LOG kind=state socket-hup
@@LOG kind=state socket-hup
@@LOG kind=state socket-hup
@@LOG kind=state socket-hup
@@LOG kind=state socket-hup
@@LOG kind=state socket-hup
@@LOG kind=state socket-hup
@@LOG kind=state socket-hup
@@LOG kind=state socket-hup
@@LOG kind=state socket-hup
@@LOG kind=state socket-hup
@@LOG kind=state socket-hup
@@LOG kind=state socket-hup
@@LOG kind=state socket-hup
@@LOG kind=state socket-hup
@@LOG kind=state socket-hup
@@LOG kind=state socket-hup
@@LOG kind=state socket-hup
@@LOG kind=state socket-hup
@@LOG kind=state socket-hup
@@LOG kind=state socket-hup
@@LOG kind=state socket-hup
@@LOG kind=state socket-hup
@@LOG kind=state socket-hup
@@LOG kind=state socket-hup
@@LOG kind=state socket-hup
@@LOG kind=state socket-hup
@@LOG kind=state socket-hup
@@LOG kind=state socket-hup
@@LOG kind=state socket-hup
@@LOG kind=state socket-hup
@@LOG kind=state socket-hup
@@LOG kind=state socket-hup
@@LOG kind=state socket-hup
@@LOG kind=state socket-hup
@@LOG kind=state socket-hup
@@LOG kind=state socket-hup
@@LOG kind=state socket-hup
@@LOG kind=state socket-hup
@@LOG kind=state socket-hup
@@LOG kind=state socket-hup
@@LOG kind=state socket-hup
@@LOG kind=state socket-hup
@@LOG kind=state socket-hup
@@LOG kind=state socket-hup
@@LOG kind=state socket-hup
@@LOG kind=state socket-hup
@@LOG kind=state socket-hup
@@LOG kind=state socket-hup
@@LOG kind=state socket-hup
@@LOG kind=state socket-hup
@@LOG kind=state socket-hup
@@LOG kind=state socket-hup
@@LOG kind=state socket-hup
@@LOG kind=state socket-hup
@@LOG kind=state socket-hup
@@LOG kind=state socket-hup
@@LOG kind=state socket-hup
@@LOG kind=state socket-hup
@@LOG kind=state socket-hup
@@LOG kind=state socket-hup
@@LOG kind=state socket-hup
@@LOG kind=state socket-hup
@@LOG kind=state socket-hup
@@LOG kind=state socket-hup
@@LOG kind=state socket-hup
@@LOG kind=state socket-hup
@@LOG kind=state socket-hup
@@LOG kind=state socket-hup
@@LOG kind=state socket-hup
@@LOG kind=state socket-hup
@@LOG kind=state socket-hup
@@LOG kind=state socket-hup
@@LOG kind=state socket-hup
@@LOG kind=state socket-hup
@@LOG kind=state socket-hup
@@LOG kind=state socket-hup
@@LOG kind=state socket-hup
@@LOG kind=state socket-hup
@@LOG kind=state socket-hup
@@LOG kind=state socket-hup
@@LOG kind=state socket-hup
@@LOG kind=state socket-hup
@@LOG kind=state socket-hup
@@LOG kind=state socket-hup
@@LOG kind=state socket-hup
@@LOG kind=state socket-hup
@@LOG kind=state socket-hup
@@LOG kind=state socket-hup
@@LOG kind=state socket-hup
@@LOG kind=state socket-hup
@@LOG kind=state socket-hup
@@LOG kind=state socket-hup
@@LOG kind=state socket-hup
@@LOG kind=state socket-hup
@@LOG kind=state socket-hup
@@LOG kind=state socket-hup
@@LOG kind=state socket-hup
@@LOG kind=state socket-hup
@@LOG kind=state socket-hup
@@LOG kind=state socket-hup
@@LOG kind=state socket-hup
@@LOG kind=state socket-hup
@@LOG kind=state socket-hup
@@LOG kind=state socket-hup
@@LOG kind=state socket-hup
@@LOG kind=state socket-hup
@@LOG kind=state socket-hup
@@LOG kind=state socket-hup
@@LOG kind=state socket-hup
@@LOG kind=state socket-hup
@@LOG kind=state socket-hup
@@LOG kind=state socket-hup
@@LOG kind=state socket-hup
@@LOG kind=state socket-hup
@@LOG kind=state socket-hup
@@LOG kind=state socket-hup
@@LOG kind=state socket-hup
@@LOG kind=state socket-hup
@@LOG kind=state socket-hup
@@LOG kind=state socket-hup
@@LOG kind=state socket-hup
@@LOG kind=state socket-hup
@@LOG kind=state socket-hup
@@LOG kind=state socket-hup
@@LOG kind=state socket-hup
@@LOG kind=state socket-hup
@@LOG kind=state socket-hup
@@LOG kind=state socket-hup
@@LOG kind=state socket-hup
@@LOG kind=state socket-hup
@@LOG kind=state socket-hup
@@LOG kind=state socket-hup
@@LOG kind=state socket-hup
@@LOG kind=state socket-hup
@@LOG kind=state socket-hup
@@LOG kind=state socket-hup
@@LOG kind=state socket-hup
@@LOG kind=state socket-hup
@@LOG kind=state socket-hup
@@LOG kind=state socket-hup
@@LOG kind=state socket-hup
@@LOG kind=state socket-hup
@@LOG kind=state socket-hup
@@LOG kind=state socket-hup
@@LOG kind=state socket-hup
@@LOG kind=state socket-hup
@@LOG kind=state socket-hup
@@LOG kind=state socket-hup
@@LOG kind=state socket-hup
@@LOG kind=state socket-hup
@@LOG kind=state socket-hup
@@LOG kind=state socket-hup
@@LOG kind=state socket-hup
@@LOG kind=state socket-hup
@@LOG kind=state socket-hup
@@LOG kind=state socket-hup
@@LOG kind=state socket-hup
@@LOG kind=state socket-hup
@@LOG kind=state socket-hup
@@LOG kind=state socket-hup
@@LOG kind=state socket-hup
@@LOG kind=state socket-hup
@@LOG kind=state socket-hup
@@LOG kind=state socket-hup
@@LOG kind=state socket-hup
@@LOG kind=state socket-hup
@@LOG kind=state socket-hup
@@LOG kind=state socket-hup
@@LOG kind=state socket-hup
@@LOG kind=state socket-hup
@@LOG kind=state socket-hup
@@LOG kind=state socket-hup
@@LOG kind=state socket-hup
@@LOG kind=state socket-hup
@@LOG kind=state socket-hup
@@LOG kind=state socket-hup
@@LOG kind=state socket-hup
@@LOG kind=state socket-hup
@@LOG kind=state socket-hup
@@LOG kind=state socket-hup
@@LOG kind=state socket-hup
@@LOG kind=state socket-hup
@@LOG kind=state socket-hup
@@LOG kind=state socket-hup
@@LOG kind=state socket-hup
@@LOG kind=state socket-hup
@@LOG kind=state socket-hup
@@LOG kind=state socket-hup
@@LOG kind=state socket-hup
@@LOG kind=state socket-hup
@@LOG kind=state socket-hup
@@LOG kind=state socket-hup
@@LOG kind=state socket-hup
@@LOG kind=state socket-hup
@@LOG kind=state socket-hup
@@LOG kind=state socket-hup
@@LOG kind=state socket-hup
@@LOG kind=state socket-hup
@@LOG kind=state socket-hup
@@LOG kind=state socket-hup
@@LOG kind=state socket-hup
@@LOG kind=state socket-hup
@@LOG kind=state socket-hup
@@LOG kind=state socket-hup
@@LOG kind=state socket-hup
@@LOG kind=state socket-hup
@@LOG kind=state socket-hup
@@LOG kind=state socket-hup
@@LOG kind=state socket-hup
@@LOG kind=state socket-hup
@@LOG kind=state socket-hup
@@LOG kind=state socket-hup
@@LOG kind=state socket-hup
@@LOG kind=state socket-hup
@@LOG kind=state socket-hup
@@LOG kind=state socket-hup
@@LOG kind=state socket-hup
@@LOG kind=state socket-hup
@@LOG kind=state socket-hup
@@LOG kind=state socket-hup
@@LOG kind=state socket-hup
@@LOG kind=state socket-hup
@@LOG kind=state socket-hup
@@LOG kind=state socket-hup
@@LOG kind=state socket-hup
@@LOG kind=state socket-hup
@@LOG kind=state socket-hup
@@LOG kind=state socket-hup
@@LOG kind=state socket-hup
@@LOG kind=state socket-hup
@@LOG kind=state socket-hup
@@LOG kind=state socket-hup
@@LOG kind=state socket-hup
@@LOG kind=state socket-hup
@@LOG kind=state socket-hup
@@LOG kind=state socket-hup
@@LOG kind=state socket-hup
@@LOG kind=state socket-hup
@@LOG kind=state socket-hup
@@LOG kind=state socket-hup
@@LOG kind=state socket-hup
@@LOG kind=state socket-hup
@@LOG kind=state socket-hup
@@LOG kind=state socket-hup
@@LOG kind=state socket-hup
@@LOG kind=state socket-hup
@@LOG kind=state socket-hup
@@LOG kind=state socket-hup
@@LOG kind=state socket-hup
@@LOG kind=state socket-hup
@@LOG kind=state socket-hup
@@LOG kind=state socket-hup
@@LOG kind=state socket-hup
@@LOG kind=state socket-hup
@@LOG kind=state socket-hup
@@LOG kind=state socket-hup
@@LOG kind=state socket-hup
@@LOG kind=state socket-hup
@@LOG kind=state socket-hup
@@LOG kind=state socket-hup
@@LOG kind=state socket-hup
@@LOG kind=state socket-hup
@@LOG kind=state socket-hup
@@LOG kind=state socket-hup
@@LOG kind=state socket-hup
@@LOG kind=state socket-hup
@@LOG kind=state socket-hup
@@LOG kind=state socket-hup
@@LOG kind=state socket-hup
@@LOG kind=state socket-hup
@@LOG kind=state socket-hup
@@LOG kind=state socket-hup
@@LOG kind=state socket-hup
@@LOG kind=state socket-hup
@@LOG kind=state socket-hup
@@LOG kind=state socket-hup
@@LOG kind=state socket-hup
@@LOG kind=state socket-hup
@@LOG kind=state socket-hup
@@LOG kind=state socket-hup
@@LOG kind=state socket-hup
@@LOG kind=state socket-hup
@@LOG kind=state socket-hup
@@LOG kind=state socket-hup
@@LOG kind=state socket-hup
@@LOG kind=state socket-hup
@@LOG kind=state socket-hup
@@LOG kind=state socket-hup
@@LOG kind=state socket-hup
@@LOG kind=state socket-hup
@@LOG kind=state socket-hup
@@LOG kind=state socket-hup
@@LOG kind=state socket-hup
@@LOG kind=state socket-hup
@@LOG kind=state socket-hup
@@LOG kind=state socket-hup
@@LOG kind=state socket-hup
@@LOG kind=state socket-hup
@@LOG kind=state socket-hup
@@LOG kind=state socket-hup
@@LOG kind=state socket-hup
@@LOG kind=state socket-hup
@@LOG kind=state socket-hup
@@LOG kind=state socket-hup
@@LOG kind=state socket-hup
@@LOG kind=state socket-hup
@@LOG kind=state socket-hup
@@LOG kind=state socket-hup
@@LOG kind=state socket-hup
@@LOG kind=state socket-hup
@@LOG kind=state socket-hup
@@LOG kind=state socket-hup
@@LOG kind=state socket-hup
@@LOG kind=state socket-hup
@@LOG kind=state socket-hup
@@LOG kind=state socket-hup
@@LOG kind=state socket-hup
@@LOG kind=state socket-hup
@@LOG kind=state socket-hup
@@LOG kind=state socket-hup
@@LOG kind=state socket-hup
@@LOG kind=state socket-hup
@@LOG kind=state socket-hup
@@LOG kind=state socket-hup
@@LOG kind=state socket-hup
@@LOG kind=state socket-hup
@@LOG kind=state socket-hup
@@LOG kind=state socket-hup
@@LOG kind=state socket-hup
@@LOG kind=state socket-hup
@@LOG kind=state socket-hup
@@LOG kind=state socket-hup
@@LOG kind=state socket-hup
@@LOG kind=state socket-hup
@@LOG kind=state socket-hup
@@LOG kind=state socket-hup
@@LOG kind=state socket-hup
@@LOG kind=state socket-hup
@@LOG kind=state socket-hup
@@LOG kind=state socket-hup
@@LOG kind=state socket-hup
@@LOG kind=state socket-hup
@@LOG kind=state socket-hup
@@LOG kind=state socket-hup
@@LOG kind=state socket-hup
@@LOG kind=state socket-hup
@@LOG kind=state socket-hup
@@LOG kind=state socket-hup
@@LOG kind=state socket-hup
@@LOG kind=state socket-hup
@@LOG kind=state socket-hup
@@LOG kind=state socket-hup
@@LOG kind=state socket-hup
@@LOG kind=state socket-hup
@@LOG kind=state socket-hup
@@LOG kind=state socket-hup
@@LOG kind=state socket-hup
@@LOG kind=state socket-hup
@@LOG kind=state socket-hup
@@LOG kind=state socket-hup
@@LOG kind=state socket-hup
@@LOG kind=state socket-hup
@@LOG kind=state socket-hup
@@LOG kind=state socket-hup
@@LOG kind=state socket-hup
@@LOG kind=state socket-hup
@@LOG kind=state socket-hup
@@LOG kind=state socket-hup
@@LOG kind=state socket-hup
@@LOG kind=state socket-hup
@@LOG kind=state socket-hup
@@LOG kind=state socket-hup
@@LOG kind=state socket-hup
@@LOG kind=state socket-hup
@@LOG kind=state socket-hup
@@LOG kind=state socket-hup
@@LOG kind=state socket-hup
@@LOG kind=state socket-hup
@@LOG kind=state socket-hup
@@LOG kind=state socket-hup
@@LOG kind=state socket-hup
@@LOG kind=state socket-hup
@@LOG kind=state socket-hup
@@LOG kind=state socket-hup
@@LOG kind=state socket-hup
@@LOG kind=state socket-hup
@@LOG kind=state socket-hup
@@LOG kind=state socket-hup
@@LOG kind=state socket-hup
@@LOG kind=state socket-hup
@@LOG kind=state socket-hup
@@LOG kind=state socket-hup
@@LOG kind=state socket-hup
@@LOG kind=state socket-hup
@@LOG kind=state socket-hup
@@LOG kind=state socket-hup
@@LOG kind=state socket-hup
@@LOG kind=state socket-hup
@@LOG kind=state socket-hup
@@LOG kind=state socket-hup
@@LOG kind=state socket-hup
@@LOG kind=state socket-hup
@@LOG kind=state socket-hup
@@LOG kind=state socket-hup
@@LOG kind=state socket-hup
@@LOG kind=state socket-hup
@@LOG kind=state socket-hup
@@LOG kind=state socket-hup
@@LOG kind=state socket-hup
@@LOG kind=state socket-hup
@@LOG kind=state socket-hup
@@LOG kind=state socket-hup
@@LOG kind=state socket-hup
@@LOG kind=state socket-hup
@@LOG kind=state socket-hup
@@LOG kind=state socket-hup
@@LOG kind=state socket-hup
@@LOG kind=state socket-hup
@@LOG kind=state socket-hup
@@LOG kind=state socket-hup
@@LOG kind=state socket-hup
@@LOG kind=state socket-hup
@@LOG kind=state socket-hup
@@LOG kind=state socket-hup
@@LOG kind=state socket-hup
@@LOG kind=state socket-hup
@@LOG kind=state socket-hup
@@LOG kind=state socket-hup
@@LOG kind=state socket-hup
@@LOG kind=state socket-hup
@@LOG kind=state socket-hup
@@LOG kind=state socket-hup
@@LOG kind=state socket-hup
@@LOG kind=state socket-hup
@@LOG kind=state socket-hup
@@LOG kind=state socket-hup
@@LOG kind=state socket-hup
@@LOG kind=state socket-hup
@@LOG kind=state socket-hup
@@LOG kind=state socket-hup
@@LOG kind=state socket-hup
@@LOG kind=state socket-hup
@@LOG kind=state socket-hup
@@LOG kind=state socket-hup
@@LOG kind=state socket-hup
@@LOG kind=state socket-hup
@@LOG kind=state socket-hup
@@LOG kind=state socket-hup
@@LOG kind=state socket-hup
@@LOG kind=state socket-hup
@@LOG kind=state socket-hup
@@LOG kind=state socket-hup
@@LOG kind=state socket-hup
@@LOG kind=state socket-hup
@@LOG kind=state socket-hup
@@LOG kind=state socket-hup
@@LOG kind=state socket-hup
@@LOG kind=state socket-hup
@@LOG kind=state socket-hup
@@LOG kind=state socket-hup
@@LOG kind=state socket-hup
@@LOG kind=state socket-hup
@@LOG kind=state socket-hup
@@LOG kind=state socket-hup
@@LOG kind=state socket-hup
@@LOG kind=state socket-hup
@@LOG kind=state socket-hup
@@LOG kind=state socket-hup
@@LOG kind=state socket-hup
@@LOG kind=state socket-hup
@@LOG kind=state socket-hup
@@LOG kind=state socket-hup
@@LOG kind=state socket-hup
@@LOG kind=state socket-hup
@@LOG kind=state socket-hup
@@LOG kind=state socket-hup
@@LOG kind=state socket-hup
@@LOG kind=state socket-hup
@@LOG kind=state socket-hup
@@LOG kind=state socket-hup
@@LOG kind=state socket-hup
@@LOG kind=state socket-hup
@@LOG kind=state socket-hup
@@LOG kind=state socket-hup
@@LOG kind=state socket-hup
@@LOG kind=state socket-hup
@@LOG kind=state socket-hup
@@LOG kind=state socket-hup
@@LOG kind=state socket-hup
@@LOG kind=state socket-hup
@@LOG kind=state socket-hup
@@LOG kind=state socket-hup
@@LOG kind=state socket-hup
@@LOG kind=state socket-hup
@@LOG kind=state socket-hup
@@LOG kind=state socket-hup
@@LOG kind=state socket-hup
@@LOG kind=state socket-hup
@@LOG kind=state socket-hup
@@LOG kind=state socket-hup
@@LOG kind=state socket-hup
@@LOG kind=state socket-hup
@@LOG kind=state socket-hup
@@LOG kind=state socket-hup
@@LOG kind=state socket-hup
@@LOG kind=state socket-hup
@@LOG kind=state socket-hup
@@LOG kind=state socket-hup
@@LOG kind=state socket-hup
@@LOG kind=state socket-hup
@@LOG kind=state socket-hup
@@LOG kind=state socket-hup
@@LOG kind=state socket-hup
@@LOG kind=state socket-hup
@@LOG kind=state socket-hup
@@LOG kind=state socket-hup
@@LOG kind=state socket-hup
@@LOG kind=state socket-hup
@@LOG kind=state socket-hup
@@LOG kind=state socket-hup
@@LOG kind=state socket-hup
@@LOG kind=state socket-hup
@@LOG kind=state socket-hup
@@LOG kind=state socket-hup
@@LOG kind=state socket-hup
@@LOG kind=state socket-hup
@@LOG kind=state socket-hup
@@LOG kind=state socket-hup
@@LOG kind=state socket-hup
@@LOG kind=state socket-hup
@@LOG kind=state socket-hup
@@LOG kind=state socket-hup
@@LOG kind=state socket-hup
@@LOG kind=state socket-hup
@@LOG kind=state socket-hup
@@LOG kind=state socket-hup
@@LOG kind=state socket-hup
@@LOG kind=state socket-hup
@@LOG kind=state socket-hup
@@LOG kind=state socket-hup
@@LOG kind=state socket-hup
@@LOG kind=state socket-hup
@@LOG kind=state socket-hup
@@LOG kind=state socket-hup
@@LOG kind=state socket-hup
@@LOG kind=state socket-hup
@@LOG kind=state socket-hup
@@LOG kind=state socket-hup
@@LOG kind=state socket-hup
@@LOG kind=state socket-hup
@@LOG kind=state socket-hup
@@LOG kind=state socket-hup
@@LOG kind=state socket-hup
@@LOG kind=state socket-hup
@@LOG kind=state socket-hup
@@LOG kind=state socket-hup
