[    0.000000] Linux version 6.8.0-101-generic (buildd@lcy02-amd64-051) (x86_64-linux-gnu-gcc-13 (Ubuntu 13.3.0-6ubuntu2~24.04) 13.3.0, GNU ld (GNU Binutils for Ubuntu) 2.42) #101-Ubuntu SMP PREEMPT_DYNAMIC Mon Feb  9 10:15:05 UTC 2026 (Ubuntu 6.8.0-101.101-generic 6.8.12)
[    0.000000] Command line: console=ttyS0 panic=-1 no_console_suspend rdinit=/init phase3_client=weston-simple-shm phase3_runtime_seconds=35 phase3_suspend_delay_seconds=10 phase3_wake_seconds=5 phase3_pm_test=devices
[    0.000000] KERNEL supported cpus:
[    0.000000]   Intel GenuineIntel
[    0.000000]   AMD AuthenticAMD
[    0.000000]   Hygon HygonGenuine
[    0.000000]   Centaur CentaurHauls
[    0.000000]   zhaoxin   Shanghai  
[    0.000000] BIOS-provided physical RAM map:
[    0.000000] BIOS-e820: [mem 0x0000000000000000-0x000000000009fbff] usable
[    0.000000] BIOS-e820: [mem 0x000000000009fc00-0x000000000009ffff] reserved
[    0.000000] BIOS-e820: [mem 0x00000000000f0000-0x00000000000fffff] reserved
[    0.000000] BIOS-e820: [mem 0x0000000000100000-0x000000007ffddfff] usable
[    0.000000] BIOS-e820: [mem 0x000000007ffde000-0x000000007fffffff] reserved
[    0.000000] BIOS-e820: [mem 0x00000000b0000000-0x00000000bfffffff] reserved
[    0.000000] BIOS-e820: [mem 0x00000000fed1c000-0x00000000fed1ffff] reserved
[    0.000000] BIOS-e820: [mem 0x00000000feffc000-0x00000000feffffff] reserved
[    0.000000] BIOS-e820: [mem 0x00000000fffc0000-0x00000000ffffffff] reserved
[    0.000000] NX (Execute Disable) protection: active
[    0.000000] APIC: Static calls initialized
[    0.000000] SMBIOS 3.0.0 present.
[    0.000000] DMI: QEMU Standard PC (Q35 + ICH9, 2009), BIOS 1.16.3-debian-1.16.3-2 04/01/2014
[    0.000000] Hypervisor detected: KVM
[    0.000000] kvm-clock: Using msrs 4b564d01 and 4b564d00
[    0.000000] kvm-clock: using sched offset of 277020323 cycles
[    0.000001] clocksource: kvm-clock: mask: 0xffffffffffffffff max_cycles: 0x1cd42e4dffb, max_idle_ns: 881590591483 ns
[    0.000004] tsc: Detected 2803.200 MHz processor
[    0.000609] last_pfn = 0x7ffde max_arch_pfn = 0x400000000
[    0.000641] MTRR map: 4 entries (3 fixed + 1 variable; max 19), built from 8 variable MTRRs
[    0.000644] x86/PAT: Configuration [0-7]: WB  WC  UC- UC  WB  WP  UC- WT  
[    0.004419] found SMP MP-table at [mem 0x000f5470-0x000f547f]
[    0.004434] Using GB pages for direct mapping
[    0.004511] RAMDISK: [mem 0x75de7000-0x7ffcffff]
[    0.004516] ACPI: Early table checksum verification disabled
[    0.004519] ACPI: RSDP 0x00000000000F52B0 000014 (v00 BOCHS )
[    0.004523] ACPI: RSDT 0x000000007FFE2304 000038 (v01 BOCHS  BXPC     00000001 BXPC 00000001)
[    0.004527] ACPI: FACP 0x000000007FFE20FC 0000F4 (v03 BOCHS  BXPC     00000001 BXPC 00000001)
[    0.004532] ACPI: DSDT 0x000000007FFE0040 0020BC (v01 BOCHS  BXPC     00000001 BXPC 00000001)
[    0.004534] ACPI: FACS 0x000000007FFE0000 000040
[    0.004536] ACPI: APIC 0x000000007FFE21F0 000078 (v03 BOCHS  BXPC     00000001 BXPC 00000001)
[    0.004539] ACPI: HPET 0x000000007FFE2268 000038 (v01 BOCHS  BXPC     00000001 BXPC 00000001)
[    0.004541] ACPI: MCFG 0x000000007FFE22A0 00003C (v01 BOCHS  BXPC     00000001 BXPC 00000001)
[    0.004543] ACPI: WAET 0x000000007FFE22DC 000028 (v01 BOCHS  BXPC     00000001 BXPC 00000001)
[    0.004545] ACPI: Reserving FACP table memory at [mem 0x7ffe20fc-0x7ffe21ef]
[    0.004546] ACPI: Reserving DSDT table memory at [mem 0x7ffe0040-0x7ffe20fb]
[    0.004547] ACPI: Reserving FACS table memory at [mem 0x7ffe0000-0x7ffe003f]
[    0.004547] ACPI: Reserving APIC table memory at [mem 0x7ffe21f0-0x7ffe2267]
[    0.004548] ACPI: Reserving HPET table memory at [mem 0x7ffe2268-0x7ffe229f]
[    0.004548] ACPI: Reserving MCFG table memory at [mem 0x7ffe22a0-0x7ffe22db]
[    0.004549] ACPI: Reserving WAET table memory at [mem 0x7ffe22dc-0x7ffe2303]
[    0.004760] No NUMA configuration found
[    0.004761] Faking a node at [mem 0x0000000000000000-0x000000007ffddfff]
[    0.004766] NODE_DATA(0) allocated [mem 0x75dbc000-0x75de6fff]
[    0.004870] Zone ranges:
[    0.004870]   DMA      [mem 0x0000000000001000-0x0000000000ffffff]
[    0.004872]   DMA32    [mem 0x0000000001000000-0x000000007ffddfff]
[    0.004873]   Normal   empty
[    0.004874]   Device   empty
[    0.004874] Movable zone start for each node
[    0.004875] Early memory node ranges
[    0.004876]   node   0: [mem 0x0000000000001000-0x000000000009efff]
[    0.004877]   node   0: [mem 0x0000000000100000-0x000000007ffddfff]
[    0.004878] Initmem setup node 0 [mem 0x0000000000001000-0x000000007ffddfff]
[    0.005096] On node 0, zone DMA: 1 pages in unavailable ranges
[    0.005107] On node 0, zone DMA: 97 pages in unavailable ranges
[    0.009290] On node 0, zone DMA32: 34 pages in unavailable ranges
[    0.009526] ACPI: PM-Timer IO Port: 0x608
[    0.009538] ACPI: LAPIC_NMI (acpi_id[0xff] dfl dfl lint[0x1])
[    0.009568] IOAPIC[0]: apic_id 0, version 17, address 0xfec00000, GSI 0-23
[    0.009570] ACPI: INT_SRC_OVR (bus 0 bus_irq 0 global_irq 2 dfl dfl)
[    0.009571] ACPI: INT_SRC_OVR (bus 0 bus_irq 5 global_irq 5 high level)
[    0.009572] ACPI: INT_SRC_OVR (bus 0 bus_irq 9 global_irq 9 high level)
[    0.009573] ACPI: INT_SRC_OVR (bus 0 bus_irq 10 global_irq 10 high level)
[    0.009574] ACPI: INT_SRC_OVR (bus 0 bus_irq 11 global_irq 11 high level)
[    0.009577] ACPI: Using ACPI (MADT) for SMP configuration information
[    0.009578] ACPI: HPET id: 0x8086a201 base: 0xfed00000
[    0.009581] TSC deadline timer available
[    0.009582] smpboot: Allowing 1 CPUs, 0 hotplug CPUs
[    0.009598] kvm-guest: APIC: eoi() replaced with kvm_guest_apic_eoi_write()
[    0.009618] PM: hibernation: Registered nosave memory: [mem 0x00000000-0x00000fff]
[    0.009620] PM: hibernation: Registered nosave memory: [mem 0x0009f000-0x000fffff]
[    0.009621] [mem 0xc0000000-0xfed1bfff] available for PCI devices
[    0.009622] Booting paravirtualized kernel on KVM
[    0.009624] clocksource: refined-jiffies: mask: 0xffffffff max_cycles: 0xffffffff, max_idle_ns: 1910969940391419 ns
[    0.009630] setup_percpu: NR_CPUS:8192 nr_cpumask_bits:1 nr_cpu_ids:1 nr_node_ids:1
[    0.009914] percpu: Embedded 86 pages/cpu s229376 r8192 d114688 u2097152
[    0.009945] kvm-guest: PV spinlocks disabled, single CPU
[    0.009946] Kernel command line: console=ttyS0 panic=-1 no_console_suspend rdinit=/init phase3_client=weston-simple-shm phase3_runtime_seconds=35 phase3_suspend_delay_seconds=10 phase3_wake_seconds=5 phase3_pm_test=devices
[    0.010025] Unknown kernel command line parameters "phase3_client=weston-simple-shm phase3_runtime_seconds=35 phase3_suspend_delay_seconds=10 phase3_wake_seconds=5 phase3_pm_test=devices", will be passed to user space.
[    0.010067] random: crng init done
[    0.010325] Dentry cache hash table entries: 262144 (order: 9, 2097152 bytes, linear)
[    0.010430] Inode-cache hash table entries: 131072 (order: 8, 1048576 bytes, linear)
[    0.010462] Fallback order for Node 0: 0 
[    0.010464] Built 1 zonelists, mobility grouping on.  Total pages: 515806
[    0.010465] Policy zone: DMA32
[    0.010469] mem auto-init: stack:all(zero), heap alloc:on, heap free:off
[    0.013684] Memory: 1840200K/2096624K available (22528K kernel code, 4439K rwdata, 14400K rodata, 4920K init, 4788K bss, 256164K reserved, 0K cma-reserved)
[    0.014279] SLUB: HWalign=64, Order=0-3, MinObjects=0, CPUs=1, Nodes=1
[    0.014298] ftrace: allocating 58250 entries in 228 pages
[    0.021884] ftrace: allocated 228 pages with 4 groups
[    0.022582] Dynamic Preempt: voluntary
[    0.022794] rcu: Preemptible hierarchical RCU implementation.
[    0.022795] rcu: 	RCU restricting CPUs from NR_CPUS=8192 to nr_cpu_ids=1.
[    0.022796] 	Trampoline variant of Tasks RCU enabled.
[    0.022796] 	Rude variant of Tasks RCU enabled.
[    0.022797] 	Tracing variant of Tasks RCU enabled.
[    0.022797] rcu: RCU calculated value of scheduler-enlistment delay is 100 jiffies.
[    0.022798] rcu: Adjusting geometry for rcu_fanout_leaf=16, nr_cpu_ids=1
[    0.022804] RCU Tasks: Setting shift to 0 and lim to 1 rcu_task_cb_adjust=1 rcu_task_cpu_ids=1.
[    0.022805] RCU Tasks Rude: Setting shift to 0 and lim to 1 rcu_task_cb_adjust=1 rcu_task_cpu_ids=1.
[    0.022806] RCU Tasks Trace: Setting shift to 0 and lim to 1 rcu_task_cb_adjust=1 rcu_task_cpu_ids=1.
[    0.025133] NR_IRQS: 524544, nr_irqs: 256, preallocated irqs: 16
[    0.025337] rcu: srcu_init: Setting srcu_struct sizes based on contention.
[    0.031171] Console: colour VGA+ 80x25
[    0.031199] printk: legacy console [ttyS0] enabled
[    0.079638] ACPI: Core revision 20230628
[    0.080015] clocksource: hpet: mask: 0xffffffff max_cycles: 0xffffffff, max_idle_ns: 19112604467 ns
[    0.080689] APIC: Switch to symmetric I/O mode setup
[    0.081225] x2apic enabled
[    0.081658] APIC: Switched APIC routing to: physical x2apic
[    0.082811] ..TIMER: vector=0x30 apic1=0 pin1=2 apic2=-1 pin2=-1
[    0.083191] clocksource: tsc-early: mask: 0xffffffffffffffff max_cycles: 0x28680fa287f, max_idle_ns: 440795281151 ns
[    0.083955] Calibrating delay loop (skipped) preset value.. 5606.40 BogoMIPS (lpj=2803200)
[    0.084655] x86/cpu: User Mode Instruction Prevention (UMIP) activated
[    0.085048] Last level iTLB entries: 4KB 0, 2MB 0, 4MB 0
[    0.085400] Last level dTLB entries: 4KB 0, 2MB 0, 4MB 0, 1GB 0
[    0.085955] Spectre V1 : Mitigation: usercopy/swapgs barriers and __user pointer sanitization
[    0.086489] Spectre V2 : Spectre BHI mitigation: SW BHB clearing on vm exit
[    0.086950] Spectre V2 : Spectre BHI mitigation: SW BHB clearing on syscall
[    0.087401] Spectre V2 : Mitigation: Enhanced / Automatic IBRS
[    0.087950] Spectre V2 : Spectre v2 / PBRSB-eIBRS: Retire a single CALL on VMEXIT
[    0.088381] Spectre V2 : mitigation: Enabling conditional Indirect Branch Prediction Barrier
[    0.088951] Speculative Store Bypass: Mitigation: Speculative Store Bypass disabled via prctl
[    0.089517] ITS: WARNING: ITS mitigation depends on retpoline and rethunk support
[    0.089950] ITS: Vulnerable
[    0.090157] x86/fpu: Supporting XSAVE feature 0x001: 'x87 floating point registers'
[    0.090679] x86/fpu: Supporting XSAVE feature 0x002: 'SSE registers'
[    0.090951] x86/fpu: Supporting XSAVE feature 0x004: 'AVX registers'
[    0.091389] x86/fpu: Supporting XSAVE feature 0x020: 'AVX-512 opmask'
[    0.091950] x86/fpu: Supporting XSAVE feature 0x040: 'AVX-512 Hi256'
[    0.092378] x86/fpu: Supporting XSAVE feature 0x080: 'AVX-512 ZMM_Hi256'
[    0.092950] x86/fpu: Supporting XSAVE feature 0x200: 'Protection Keys User registers'
[    0.093476] x86/fpu: xstate_offset[2]:  576, xstate_sizes[2]:  256
[    0.093950] x86/fpu: xstate_offset[5]:  832, xstate_sizes[5]:   64
[    0.094313] x86/fpu: xstate_offset[6]:  896, xstate_sizes[6]:  512
[    0.094697] x86/fpu: xstate_offset[7]: 1408, xstate_sizes[7]: 1024
[    0.094950] x86/fpu: xstate_offset[9]: 2432, xstate_sizes[9]:    8
[    0.095313] x86/fpu: Enabled xstate features 0x2e7, context size is 2440 bytes, using 'compacted' format.
[    0.119076] Freeing SMP alternatives memory: 48K
[    0.119436] pid_max: default: 32768 minimum: 301
[    0.119802] LSM: initializing lsm=lockdown,capability,landlock,yama,apparmor,integrity
[    0.120013] landlock: Up and running.
[    0.120313] Yama: becoming mindful.
[    0.120974] AppArmor: AppArmor initialized
[    0.121304] Mount-cache hash table entries: 4096 (order: 3, 32768 bytes, linear)
[    0.121952] Mountpoint-cache hash table entries: 4096 (order: 3, 32768 bytes, linear)
[    0.122695] smpboot: CPU0: 11th Gen Intel(R) Core(TM) i7-1165G7 @ 2.80GHz (family: 0x6, model: 0x8c, stepping: 0x1)
[    0.122966] Performance Events: Icelake events, full-width counters, Intel PMU driver.
[    0.123547] ... version:                2
[    0.123824] ... bit width:              48
[    0.123952] ... generic registers:      8
[    0.124226] ... value mask:             0000ffffffffffff
[    0.124584] ... max period:             00007fffffffffff
[    0.124931] ... fixed-purpose events:   3
[    0.124951] ... event mask:             00000007000000ff
[    0.125337] signal: max sigframe size: 3632
[    0.125630] rcu: Hierarchical SRCU implementation.
[    0.125916] rcu: 	Max phase no-delay instances is 400.
[    0.126162] smp: Bringing up secondary CPUs ...
[    0.126440] smp: Brought up 1 node, 1 CPU
[    0.126681] smpboot: Max logical packages: 1
[    0.126935] smpboot: Total of 1 processors activated (5606.40 BogoMIPS)
[    0.127116] devtmpfs: initialized
[    0.127370] x86/mm: Memory block size: 128MB
[    0.128094] clocksource: jiffies: mask: 0xffffffff max_cycles: 0xffffffff, max_idle_ns: 1911260446275000 ns
[    0.128697] futex hash table entries: 256 (order: 2, 16384 bytes, linear)
[    0.128990] pinctrl core: initialized pinctrl subsystem
[    0.129389] PM: RTC time: 02:48:27, date: 2026-03-08
[    0.130176] NET: Registered PF_NETLINK/PF_ROUTE protocol family
[    0.130664] DMA: preallocated 256 KiB GFP_KERNEL pool for atomic allocations
[    0.130966] DMA: preallocated 256 KiB GFP_KERNEL|GFP_DMA pool for atomic allocations
[    0.131440] DMA: preallocated 256 KiB GFP_KERNEL|GFP_DMA32 pool for atomic allocations
[    0.131911] audit: initializing netlink subsys (disabled)
[    0.132034] thermal_sys: Registered thermal governor 'fair_share'
[    0.132035] thermal_sys: Registered thermal governor 'bang_bang'
[    0.132402] thermal_sys: Registered thermal governor 'step_wise'
[    0.132759] thermal_sys: Registered thermal governor 'user_space'
[    0.132953] audit: type=2000 audit(1772938107.720:1): state=initialized audit_enabled=0 res=1
[    0.133898] thermal_sys: Registered thermal governor 'power_allocator'
[    0.133905] cpuidle: using governor ladder
[    0.134197] cpuidle: using governor menu
[    0.134480] acpiphp: ACPI Hot Plug PCI Controller Driver version: 0.5
[    0.134952] PCI: ECAM [mem 0xb0000000-0xbfffffff] (base 0xb0000000) for domain 0000 [bus 00-ff]
[    0.135467] PCI: ECAM [mem 0xb0000000-0xbfffffff] reserved as E820 entry
[    0.135887] PCI: Using configuration type 1 for base access
[    0.136023] kprobes: kprobe jump-optimization is enabled. All kprobes are optimized if possible.
[    0.163645] HugeTLB: registered 1.00 GiB page size, pre-allocated 0 pages
[    0.163951] HugeTLB: 16380 KiB vmemmap can be freed for a 1.00 GiB page
[    0.164350] HugeTLB: registered 2.00 MiB page size, pre-allocated 0 pages
[    0.164758] HugeTLB: 28 KiB vmemmap can be freed for a 2.00 MiB page
[    0.165158] ACPI: Added _OSI(Module Device)
[    0.165415] ACPI: Added _OSI(Processor Device)
[    0.165679] ACPI: Added _OSI(Processor Aggregator Device)
[    0.166703] ACPI: 1 ACPI AML tables successfully acquired and loaded
[    0.167528] ACPI: _OSC evaluation for CPUs failed, trying _PDC
[    0.167961] ACPI: Interpreter enabled
[    0.168188] ACPI: PM: (supports S0 S3 S4 S5)
[    0.168444] ACPI: Using IOAPIC for interrupt routing
[    0.168791] PCI: Using host bridge windows from ACPI; if necessary, use "pci=nocrs" and report a bug
[    0.168951] PCI: Using E820 reservations for host bridge windows
[    0.169360] ACPI: Enabled 2 GPEs in block 00 to 3F
[    0.171027] ACPI: PCI Root Bridge [PCI0] (domain 0000 [bus 00-ff])
[    0.171461] acpi PNP0A08:00: _OSC: OS supports [ExtendedConfig ASPM ClockPM Segments MSI EDR HPX-Type3]
[    0.171983] acpi PNP0A08:00: _OSC: platform does not support [PCIeHotplug LTR DPC]
[    0.172589] acpi PNP0A08:00: _OSC: OS now controls [SHPCHotplug PME AER PCIeCapability]
[    0.173052] PCI host bridge to bus 0000:00
[    0.173338] pci_bus 0000:00: root bus resource [io  0x0000-0x0cf7 window]
[    0.173791] pci_bus 0000:00: root bus resource [io  0x0d00-0xffff window]
[    0.173951] pci_bus 0000:00: root bus resource [mem 0x000a0000-0x000bffff window]
[    0.174404] pci_bus 0000:00: root bus resource [mem 0x80000000-0xafffffff window]
[    0.174866] pci_bus 0000:00: root bus resource [mem 0xc0000000-0xfebfffff window]
[    0.174951] pci_bus 0000:00: root bus resource [mem 0x100000000-0x8ffffffff window]
[    0.175465] pci_bus 0000:00: root bus resource [bus 00-ff]
[    0.175872] pci 0000:00:00.0: [8086:29c0] type 00 class 0x060000 conventional PCI endpoint
[    0.176239] pci 0000:00:01.0: [1af4:1000] type 00 class 0x020000 conventional PCI endpoint
[    0.177297] pci 0000:00:01.0: BAR 0 [io  0xc040-0xc05f]
[    0.177630] pci 0000:00:01.0: BAR 4 [mem 0xfe800000-0xfe803fff 64bit pref]
[    0.177955] pci 0000:00:01.0: ROM [mem 0xfeb00000-0xfeb7ffff pref]
[    0.178691] pci 0000:00:02.0: [1af4:1050] type 00 class 0x030000 conventional PCI endpoint
[    0.179962] pci 0000:00:02.0: BAR 0 [mem 0xfe000000-0xfe7fffff pref]
[    0.180429] pci 0000:00:02.0: BAR 2 [mem 0xfe804000-0xfe807fff 64bit pref]
[    0.180907] pci 0000:00:02.0: BAR 4 [mem 0xfeb94000-0xfeb94fff]
[    0.180960] pci 0000:00:02.0: ROM [mem 0xfeb80000-0xfeb8ffff pref]
[    0.181407] pci 0000:00:02.0: Video device with shadowed ROM at [mem 0x000c0000-0x000dffff]
[    0.182291] pci 0000:00:03.0: [1b36:000d] type 00 class 0x0c0330 PCIe Root Complex Integrated Endpoint
[    0.183312] pci 0000:00:03.0: BAR 0 [mem 0xfeb90000-0xfeb93fff 64bit]
[    0.190360] pci 0000:00:1f.0: [8086:2918] type 00 class 0x060100 conventional PCI endpoint
[    0.191054] pci 0000:00:1f.0: quirk: [io  0x0600-0x067f] claimed by ICH6 ACPI/GPIO/TCO
[    0.191651] pci 0000:00:1f.2: [8086:2922] type 00 class 0x010601 conventional PCI endpoint
[    0.192443] pci 0000:00:1f.2: BAR 4 [io  0xc060-0xc07f]
[    0.192760] pci 0000:00:1f.2: BAR 5 [mem 0xfeb95000-0xfeb95fff]
[    0.193126] pci 0000:00:1f.3: [8086:2930] type 00 class 0x0c0500 conventional PCI endpoint
[    0.193955] pci 0000:00:1f.3: BAR 4 [io  0x0700-0x073f]
[    0.194518] ACPI: PCI: Interrupt link LNKA configured for IRQ 10
[    0.194918] ACPI: PCI: Interrupt link LNKB configured for IRQ 10
[    0.195009] ACPI: PCI: Interrupt link LNKC configured for IRQ 11
[    0.195414] ACPI: PCI: Interrupt link LNKD configured for IRQ 11
[    0.195816] ACPI: PCI: Interrupt link LNKE configured for IRQ 10
[    0.195994] ACPI: PCI: Interrupt link LNKF configured for IRQ 10
[    0.196389] ACPI: PCI: Interrupt link LNKG configured for IRQ 11
[    0.196793] ACPI: PCI: Interrupt link LNKH configured for IRQ 11
[    0.196967] ACPI: PCI: Interrupt link GSIA configured for IRQ 16
[    0.197326] ACPI: PCI: Interrupt link GSIB configured for IRQ 17
[    0.197689] ACPI: PCI: Interrupt link GSIC configured for IRQ 18
[    0.197956] ACPI: PCI: Interrupt link GSID configured for IRQ 19
[    0.198314] ACPI: PCI: Interrupt link GSIE configured for IRQ 20
[    0.198755] ACPI: PCI: Interrupt link GSIF configured for IRQ 21
[    0.198957] ACPI: PCI: Interrupt link GSIG configured for IRQ 22
[    0.199369] ACPI: PCI: Interrupt link GSIH configured for IRQ 23
[    0.199986] iommu: Default domain type: Translated
[    0.200348] iommu: DMA domain TLB invalidation policy: lazy mode
[    0.200851] SCSI subsystem initialized
[    0.201003] ACPI: bus type USB registered
[    0.201291] usbcore: registered new interface driver usbfs
[    0.201663] usbcore: registered new interface driver hub
[    0.201954] usbcore: registered new device driver usb
[    0.202311] pps_core: LinuxPPS API ver. 1 registered
[    0.202646] pps_core: Software ver. 5.3.6 - Copyright 2005-2007 Rodolfo Giometti <giometti@linux.it>
[    0.202952] PTP clock support registered
[    0.203219] EDAC MC: Ver: 3.0.0
[    0.203645] NetLabel: Initializing
[    0.203860] NetLabel:  domain hash size = 128
[    0.203951] NetLabel:  protocols = UNLABELED CIPSOv4 CALIPSO
[    0.204297] NetLabel:  unlabeled traffic allowed by default
[    0.204676] mctp: management component transport protocol core
[    0.204952] NET: Registered PF_MCTP protocol family
[    0.205246] PCI: Using ACPI for IRQ routing
[    0.294484] pci 0000:00:02.0: vgaarb: setting as boot VGA device
[    0.294907] pci 0000:00:02.0: vgaarb: bridge control possible
[    0.294949] pci 0000:00:02.0: vgaarb: VGA device added: decodes=io+mem,owns=io+mem,locks=none
[    0.294952] vgaarb: loaded
[    0.295245] hpet0: at MMIO 0xfed00000, IRQs 2, 8, 0
[    0.295585] hpet0: 3 comparators, 64-bit 100.000000 MHz counter
[    0.299979] clocksource: Switched to clocksource kvm-clock
[    0.300798] VFS: Disk quotas dquot_6.6.0
[    0.301109] VFS: Dquot-cache hash table entries: 512 (order 0, 4096 bytes)
[    0.301658] AppArmor: AppArmor Filesystem Enabled
[    0.301997] pnp: PnP ACPI init
[    0.302313] system 00:05: [mem 0xb0000000-0xbfffffff window] has been reserved
[    0.302995] pnp: PnP ACPI: found 6 devices
[    0.308412] clocksource: acpi_pm: mask: 0xffffff max_cycles: 0xffffff, max_idle_ns: 2085701024 ns
[    0.309060] NET: Registered PF_INET protocol family
[    0.309620] IP idents hash table entries: 32768 (order: 6, 262144 bytes, linear)
[    0.319564] tcp_listen_portaddr_hash hash table entries: 1024 (order: 2, 16384 bytes, linear)
[    0.320164] Table-perturb hash table entries: 65536 (order: 6, 262144 bytes, linear)
[    0.320647] TCP established hash table entries: 16384 (order: 5, 131072 bytes, linear)
[    0.321149] TCP bind hash table entries: 16384 (order: 7, 524288 bytes, linear)
[    0.321611] TCP: Hash tables configured (established 16384 bind 16384)
[    0.322026] MPTCP token hash table entries: 2048 (order: 3, 49152 bytes, linear)
[    0.322469] UDP hash table entries: 1024 (order: 3, 32768 bytes, linear)
[    0.322869] UDP-Lite hash table entries: 1024 (order: 3, 32768 bytes, linear)
[    0.323365] NET: Registered PF_UNIX/PF_LOCAL protocol family
[    0.323754] NET: Registered PF_XDP protocol family
[    0.324120] pci_bus 0000:00: resource 4 [io  0x0000-0x0cf7 window]
[    0.324550] pci_bus 0000:00: resource 5 [io  0x0d00-0xffff window]
[    0.324977] pci_bus 0000:00: resource 6 [mem 0x000a0000-0x000bffff window]
[    0.325388] pci_bus 0000:00: resource 7 [mem 0x80000000-0xafffffff window]
[    0.325794] pci_bus 0000:00: resource 8 [mem 0xc0000000-0xfebfffff window]
[    0.326239] pci_bus 0000:00: resource 9 [mem 0x100000000-0x8ffffffff window]
[    0.326905] ACPI: \_SB_.GSIH: Enabled at IRQ 23
[    0.327598] PCI: CLS 0 bytes, default 64
[    0.327912] Trying to unpack rootfs image as initramfs...
[    0.328692] clocksource: tsc: mask: 0xffffffffffffffff max_cycles: 0x28680fa287f, max_idle_ns: 440795281151 ns
[    0.330846] Initialise system trusted keyrings
[    0.331207] Key type blacklist registered
[    0.331533] workingset: timestamp_bits=36 max_order=19 bucket_order=0
[    0.332728] zbud: loaded
[    0.333040] squashfs: version 4.0 (2009/01/31) Phillip Lougher
[    0.334749] fuse: init (API version 7.39)
[    0.335122] integrity: Platform Keyring initialized
[    0.335458] integrity: Machine keyring initialized
[    0.349623] Key type asymmetric registered
[    0.349883] Asymmetric key parser 'x509' registered
[    0.350209] Block layer SCSI generic (bsg) driver version 0.4 loaded (major 243)
[    0.351644] io scheduler mq-deadline registered
[    0.352007] shpchp: Standard Hot Plug PCI Controller Driver version: 0.4
[    0.352473] input: Power Button as /devices/LNXSYSTM:00/LNXPWRBN:00/input/input0
[    0.354779] ACPI: button: Power Button [PWRF]
[    0.355553] ACPI: \_SB_.GSIF: Enabled at IRQ 21
[    0.357340] ACPI: \_SB_.GSIG: Enabled at IRQ 22
[    0.360727] Serial: 8250/16550 driver, 32 ports, IRQ sharing enabled
[    0.405751] 00:03: ttyS0 at I/O 0x3f8 (irq = 4, base_baud = 115200) is a 16550A
[    0.408270] Linux agpgart interface v0.103
[    0.410222] loop: module loaded
[    0.410512] ACPI: bus type drm_connector registered
[    0.411760] tun: Universal TUN/TAP device driver, 1.6
[    0.413741] PPP generic driver version 2.4.2
[    0.414093] i8042: PNP: PS/2 Controller [PNP0303:KBD,PNP0f13:MOU] at 0x60,0x64 irq 1,12
[    0.415882] serio: i8042 KBD port at 0x60,0x64 irq 1
[    0.416188] serio: i8042 AUX port at 0x60,0x64 irq 12
[    0.416537] mousedev: PS/2 mouse device common for all mice
[    0.417842] input: AT Translated Set 2 keyboard as /devices/platform/i8042/serio0/input/input1
[    0.418484] rtc_cmos 00:04: RTC can wake from S4
[    0.419636] rtc_cmos 00:04: registered as rtc0
[    0.419955] rtc_cmos 00:04: setting system clock to 2026-03-08T02:48:27 UTC (1772938107)
[    0.420516] rtc_cmos 00:04: alarms up to one day, y3k, 242 bytes nvram, hpet irqs
[    0.422634] i2c_dev: i2c /dev entries driver
[    0.422911] device-mapper: core: CONFIG_IMA_DISABLE_HTABLE is disabled. Duplicate IMA measurements will not be recorded in the IMA log.
[    0.424654] device-mapper: uevent: version 1.0.3
[    0.424967] device-mapper: ioctl: 4.48.0-ioctl (2023-03-01) initialised: dm-devel@redhat.com
[    0.425501] intel_pstate: CPU model not supported
[    0.426678] ledtrig-cpu: registered to indicate activity on CPUs
[    0.427107] drop_monitor: Initializing network drop monitor service
[    0.427539] NET: Registered PF_INET6 protocol family
[    1.759052] Freeing initrd memory: 165796K
[    1.759517] Segment Routing with IPv6
[    1.759790] In-situ OAM (IOAM) with IPv6
[    1.761097] NET: Registered PF_PACKET protocol family
[    1.761469] Key type dns_resolver registered
[    1.761906] IPI shorthand broadcast: enabled
[    1.763030] sched_clock: Marking stable (1707001669, 55606754)->(1773017075, -10408652)
[    1.763644] registered taskstats version 1
[    1.763982] Loading compiled-in X.509 certificates
[    1.764866] Loaded X.509 cert 'Build time autogenerated kernel key: 7f71bdefc17a4d88631555bf9efbb1c93d6f5260'
[    1.765915] Loaded X.509 cert 'Canonical Ltd. Live Patch Signing 2025 Kmod: d541cef61dc7e793b7eb7e899970a2eef0b5dc8c'
[    1.767024] Loaded X.509 cert 'Canonical Ltd. Live Patch Signing: 14df34d1a87cf37625abec039ef2bf521249b969'
[    1.767930] Loaded X.509 cert 'Canonical Ltd. Kernel Module Signing: 88f752e560a1e0737e31163a466ad7b70a850c19'
[    1.768584] blacklist: Loading compiled-in revocation X.509 certificates
[    1.769079] Loaded X.509 cert 'Canonical Ltd. Secure Boot Signing: 61482aa2830d0ab2ad5af10b7250da9033ddcef0'
[    1.769672] Loaded X.509 cert 'Canonical Ltd. Secure Boot Signing (2017): 242ade75ac4a15e50d50c84b0d45ff3eae707a03'
[    1.770345] Loaded X.509 cert 'Canonical Ltd. Secure Boot Signing (ESM 2018): 365188c1d374d6b07c3c8f240f8ef722433d6a8b'
[    1.771077] Loaded X.509 cert 'Canonical Ltd. Secure Boot Signing (2019): c0746fd6c5da3ae827864651ad66ae47fe24b3e8'
[    1.771699] Loaded X.509 cert 'Canonical Ltd. Secure Boot Signing (2021 v1): a8d54bbb3825cfb94fa13c9f8a594a195c107b8d'
[    1.772361] Loaded X.509 cert 'Canonical Ltd. Secure Boot Signing (2021 v2): 4cf046892d6fd3c9a5b03f98d845f90851dc6a8c'
[    1.773007] Loaded X.509 cert 'Canonical Ltd. Secure Boot Signing (2021 v3): 100437bb6de6e469b581e61cd66bce3ef4ed53af'
[    1.773652] Loaded X.509 cert 'Canonical Ltd. Secure Boot Signing (Ubuntu Core 2019): c1d57b8f6b743f23ee41f4f7ee292f06eecadfb9'
[    1.776187] Key type .fscrypt registered
[    1.776434] Key type fscrypt-provisioning registered
[    1.776868] Key type encrypted registered
[    1.777148] AppArmor: AppArmor sha256 policy hashing enabled
[    1.777563] ima: No TPM chip found, activating TPM-bypass!
[    1.777943] Loading compiled-in module X.509 certificates
[    1.778602] Loaded X.509 cert 'Build time autogenerated kernel key: 7f71bdefc17a4d88631555bf9efbb1c93d6f5260'
[    1.779210] ima: Allocated hash algorithm: sha256
[    1.779498] ima: No architecture policies found
[    1.779792] evm: Initialising EVM extended attributes:
[    1.780118] evm: security.selinux
[    1.780317] evm: security.SMACK64
[    1.780517] evm: security.SMACK64EXEC
[    1.780739] evm: security.SMACK64TRANSMUTE
[    1.780986] evm: security.SMACK64MMAP
[    1.781205] evm: security.apparmor
[    1.781410] evm: security.ima
[    1.781589] evm: security.capability
[    1.781806] evm: HMAC attrs: 0x1
[    1.782152] PM:   Magic number: 2:578:813
[    1.784361] RAS: Correctable Errors collector initialized.
[    1.784753] clk: Disabling unused clocks
[    1.790495] Freeing unused decrypted memory: 2028K
[    1.791111] Freeing unused kernel image (initmem) memory: 4920K
[    1.791360] Write protecting the kernel read-only data: 38912k
[    1.792014] Freeing unused kernel image (rodata/data gap) memory: 1984K
[    1.800158] x86/mm: Checked W+X mappings: passed, no W+X pages found.
[    1.800430] Run /init as init process
[init-phase3] booted
[init-phase3] loading module=/lib/modules/6.8.0-101-generic/kernel/drivers/virtio/virtio_dma_buf.ko
[init-phase3] loading module=/lib/modules/6.8.0-101-generic/kernel/drivers/gpu/drm/virtio/virtio-gpu.ko
[    1.806533] [drm] pci: virtio-vga detected at 0000:00:02.0
[    1.806849] virtio-pci 0000:00:02.0: vgaarb: deactivate vga console
[    1.811214] Console: switching to colour dummy device 80x25
[    1.811526] [drm] features: -virgl +edid -resource_blob -host_visible
[    1.811526] [drm] features: -context_init
[    1.811841] [drm] number of scanouts: 1
[    1.811844] [drm] number of cap sets: 0
[    1.812746] [drm] Initialized virtio_gpu 0.1.0 0 for 0000:00:02.0 on minor 0
[    1.814528] fbcon: virtio_gpudrmfb (fb0) is primary device
[    1.816506] Console: switching to colour frame buffer device 160x50
[    1.818245] virtio-pci 0000:00:02.0: [drm] fb0: virtio_gpudrmfb frame buffer device
[init-phase3] loading module=/lib/modules/6.8.0-101-generic/kernel/drivers/hid/hid.ko
[    1.822636] hid: raw HID events driver (C) Jiri Kosina
[init-phase3] loading module=/lib/modules/6.8.0-101-generic/kernel/drivers/hid/hid-generic.ko
[init-phase3] loading module=/lib/modules/6.8.0-101-generic/kernel/drivers/hid/usbhid/usbhid.ko
[    1.825302] usbcore: registered new interface driver usbhid
[    1.825571] usbhid: USB HID core driver
[init-phase3] loading module=/lib/modules/6.8.0-101-generic/kernel/drivers/hid/usbhid/usbkbd.ko
[    1.826835] usbcore: registered new interface driver usbkbd
[init-phase3] loading module=/lib/modules/6.8.0-101-generic/kernel/drivers/hid/usbhid/usbmouse.ko
[    1.828205] usbcore: registered new interface driver usbmouse
[init-phase3] loading module=/lib/modules/6.8.0-101-generic/kernel/drivers/input/mouse/psmouse.ko
[    1.831628] input: VirtualPS/2 VMware VMMouse as /devices/platform/i8042/serio1/input/input4
[    1.832187] input: VirtualPS/2 VMware VMMouse as /devices/platform/i8042/serio1/input/input3
[init-phase3] loading module=/lib/modules/6.8.0-101-generic/kernel/drivers/usb/host/xhci-pci-renesas.ko
[init-phase3] loading module=/lib/modules/6.8.0-101-generic/kernel/drivers/usb/host/xhci-pci.ko
[    1.835416] xhci_hcd 0000:00:03.0: xHCI Host Controller
[    1.835692] xhci_hcd 0000:00:03.0: new USB bus registered, assigned bus number 1
[    1.836201] xhci_hcd 0000:00:03.0: hcc params 0x00087001 hci version 0x100 quirks 0x0000000000000010
[    1.836929] xhci_hcd 0000:00:03.0: xHCI Host Controller
[    1.837184] xhci_hcd 0000:00:03.0: new USB bus registered, assigned bus number 2
[    1.837525] xhci_hcd 0000:00:03.0: Host supports USB 3.0 SuperSpeed
[    1.837861] usb usb1: New USB device found, idVendor=1d6b, idProduct=0002, bcdDevice= 6.08
[    1.838250] usb usb1: New USB device strings: Mfr=3, Product=2, SerialNumber=1
[    1.838582] usb usb1: Product: xHCI Host Controller
[    1.838833] usb usb1: Manufacturer: Linux 6.8.0-101-generic xhci-hcd
[    1.839126] usb usb1: SerialNumber: 0000:00:03.0
[    1.839373] hub 1-0:1.0: USB hub found
[    1.839547] hub 1-0:1.0: 4 ports detected
[    1.839851] usb usb2: We don't know the algorithms for LPM for this host, disabling LPM.
[    1.840222] usb usb2: New USB device found, idVendor=1d6b, idProduct=0003, bcdDevice= 6.08
[    1.840554] usb usb2: New USB device strings: Mfr=3, Product=2, SerialNumber=1
[    1.840849] usb usb2: Product: xHCI Host Controller
[    1.841068] usb usb2: Manufacturer: Linux 6.8.0-101-generic xhci-hcd
[    1.841333] usb usb2: SerialNumber: 0000:00:03.0
[    1.841558] hub 2-0:1.0: USB hub found
[    1.841737] hub 2-0:1.0: 4 ports detected
Starting systemd-udevd version 255.4-1ubuntu8.8
total 0
drwxr-xr-x    2 root     root            80 Mar  8 02:48 by-path
crw-rw----    1 root     video     226,   0 Mar  8 02:48 card0
crw-rw----    1 root     root      226, 128 Mar  8 02:48 renderD128
total 0
drwxr-xr-x    2 root     root           100 Mar  8 02:48 by-path
crw-rw----    1 root     input      13,  64 Mar  8 02:48 event0
crw-rw----    1 root     input      13,  65 Mar  8 02:48 event1
crw-rw----    1 root     input      13,  66 Mar  8 02:48 event2
crw-rw----    1 root     input      13,  67 Mar  8 02:48 event3
crw-rw----    1 root     input      13,  63 Mar  8 02:48 mice
crw-rw----    1 root     input      13,  32 Mar  8 02:48 mouse0
crw-rw----    1 root     input      13,  33 Mar  8 02:48 mouse1
[init-phase3] seatd pid=121
[init-phase3] weston pid=122
[init-phase3] wayland ready
Date: 2026-03-08 UTC
[02:48:28.960] weston 13.0.0
               https://wayland.freedesktop.org
               Bug reports to: https://gitlab.freedesktop.org/wayland/weston/issues/
               Build: 13.0.0
[02:48:28.960] Command line: /usr/bin/weston --backend=drm --renderer=pixman --shell=kiosk-shell.so --socket=wayland-1 --continue-without-input --log=/var/log/weston.log
[02:48:28.960] OS: Linux, 6.8.0-101-generic, #101-Ubuntu SMP PREEMPT_DYNAMIC Mon Feb  9 10:15:05 UTC 2026, x86_64
[02:48:28.960] Flight recorder: enabled
[02:48:28.960] Using config file '/etc/xdg/weston/weston.ini'
[02:48:28.961] Output repaint window is 7 ms maximum.
[02:48:28.961] Loading module '/usr/lib/x86_64-linux-gnu/libweston-13/drm-backend.so'
[02:48:28.961] initializing drm backend
[02:48:28.961] Trying libseat launcher...
[02:48:28.961] [libseat/libseat.c:62] Seat opened with backend 'seatd'
[02:48:28.961] [libseat/backend/seatd.c:212] Enabling seat
[02:48:28.961] libseat: session control granted
[02:48:28.962] using /dev/dri/card0
[02:48:28.962] DRM: supports atomic modesetting
[02:48:28.962] DRM: does not support GBM modifiers
[02:48:28.962] DRM: does not support async page flipping
[02:48:28.962] DRM: supports picture aspect ratio
[02:48:28.962] Using Pixman renderer
[02:48:28.963] event0  - Power Button: is tagged by udev as: Keyboard
[02:48:28.963] event0  - Power Button: device is a keyboard
[02:48:28.963] event1  - AT Translated Set 2 keyboard: is tagged by udev as: Keyboard
[02:48:28.964] event1  - AT Translated Set 2 keyboard: device is a keyboard
[02:48:28.964] event3  - VirtualPS/2 VMware VMMouse: is tagged by udev as: Mouse
[02:48:28.964] event3  - VirtualPS/2 VMware VMMouse: device is a pointer
[02:48:28.964] event2  - VirtualPS/2 VMware VMMouse: is tagged by udev as: Mouse
[02:48:28.965] event2  - VirtualPS/2 VMware VMMouse: device is a pointer
[02:48:28.967] libinput: configuring device "Power Button".
[02:48:28.967] libinput: configuring device "AT Translated Set 2 keyboard".
[02:48:28.967] libinput: configuring device "VirtualPS/2 VMware VMMouse".
[02:48:28.967] libinput: configuring device "VirtualPS/2 VMware VMMouse".
[02:48:28.967] input device event2 has no enabled output associated (none named), skipping calibration for now.
[02:48:28.967] DRM: head 'Virtual-1' found, connector 36 is connected, EDID make 'RHT', model 'QEMU Monitor', serial ''
               Supported EOTF modes: SDR
[02:48:28.967] Registered plugin API 'weston_drm_output_api_v1' of size 40
[02:48:28.967] Registered plugin API 'weston_drm_virtual_output_api_v2' of size 48
[02:48:28.967] Color manager: no-op
[02:48:28.967] Output 'Virtual-1' attempts EOTF mode: SDR
[02:48:28.967] Output 'Virtual-1' using color profile: stock sRGB color profile
[02:48:28.969] DRM: output Virtual-1 uses shadow framebuffer.
[02:48:28.969] Output Virtual-1 (crtc 35) video modes:
               1280x800@75.0, preferred, current, 107.3 MHz
               5120x2160@50.0 64:27, 742.5 MHz
               4096x2160@50.0 256:135, 594.0 MHz
               3840x2160@60.0 16:9, 594.0 MHz
               3840x2160@59.9 16:9, 593.4 MHz
               3840x2160@50.0 16:9, 594.0 MHz
               1920x1440@60.0, 234.0 MHz
               2560x1080@50.0 64:27, 185.6 MHz
               1856x1392@60.0, 218.2 MHz
               1792x1344@60.0, 204.8 MHz
               2048x1152@60.0, 162.0 MHz
               1920x1200@59.9, 193.2 MHz
               1920x1080@60.0, 148.5 MHz
               1920x1080@50.0 16:9, 148.5 MHz
               1600x1200@60.0, 162.0 MHz
               1680x1050@60.0, 146.2 MHz
               1400x1050@60.0, 121.8 MHz
               1280x1024@60.0, 108.0 MHz
               1440x900@59.9, 106.5 MHz
               1280x960@60.0, 108.0 MHz
               1360x768@60.0, 85.5 MHz
               1280x768@59.9, 79.5 MHz
               1024x768@60.0, 65.0 MHz
               800x600@60.3, 40.0 MHz
               640x480@60.0 4:3, 25.2 MHz
               640x480@59.9, 25.2 MHz
[02:48:28.969] associating input device event0 with output Virtual-1 (none by udev)
[02:48:28.969] associating input device event1 with output Virtual-1 (none by udev)
[02:48:28.969] associating input device event3 with output Virtual-1 (none by udev)
[02:48:28.969] associating input device event2 with output Virtual-1 (none by udev)
[02:48:28.969] Output 'Virtual-1' enabled with head(s) Virtual-1
[02:48:28.969] Compositor capabilities:
               arbitrary surface rotation: yes
               screen capture uses y-flip: no
               cursor planes: yes
               arbitrary resolutions: no
               view mask clipping: yes
               explicit sync: no
               color operations: no
               presentation clock: CLOCK_MONOTONIC, id 1
               presentation clock resolution: 0.000000001 s
[02:48:28.969] Loading module '/usr/lib/x86_64-linux-gnu/weston/kiosk-shell.so'
[init-phase3] launching client=weston-simple-shm url=about:blank runtime=35 suspend_delay=10 wake=5 pm_test=devices no_suspend=
[init-phase3] app pid=127 client=weston-simple-shm
               arbitrary surface rotation: yes
               screen capture uses y-flip: no
               cursor planes: yes
               arbitrary resolutions: no
               view mask clipping: yes
               explicit sync: no
               color operations: no
               presentation clock: CLOCK_MONOTONIC, id 1
               presentation clock resolution: 0.000000001 s
[02:48:28.969] Loading module '/usr/lib/x86_64-linux-gnu/weston/kiosk-shell.so'
[init-phase3] scheduling suspend args=--delay-seconds 10 --wake-seconds 5 --pm-test devices
[    2.076003] usb 1-1: new high-speed USB device number 2 using xhci_hcd
[    2.201989] usb 1-1: New USB device found, idVendor=0627, idProduct=0001, bcdDevice= 0.00
[    2.202463] usb 1-1: New USB device strings: Mfr=1, Product=4, SerialNumber=11
[    2.202871] usb 1-1: Product: QEMU USB Keyboard
[    2.203139] usb 1-1: Manufacturer: QEMU
[    2.203355] usb 1-1: SerialNumber: 68284-0000:00:03.0-1
[    2.206139] input: QEMU QEMU USB Keyboard as /devices/pci0000:00/0000:00:03.0/usb1/1-1/1-1:1.0/0003:0627:0001.0001/input/input5
[    2.258836] hid-generic 0003:0627:0001.0001: input,hidraw0: USB HID v1.11 Keyboard [QEMU QEMU USB Keyboard] on usb-0000:00:03.0-1/input0
[    2.375626] usb 1-2: new high-speed USB device number 3 using xhci_hcd
[    2.503895] usb 1-2: New USB device found, idVendor=0627, idProduct=0001, bcdDevice= 0.00
[    2.504378] usb 1-2: New USB device strings: Mfr=1, Product=3, SerialNumber=10
[    2.504763] usb 1-2: Product: QEMU USB Tablet
[    2.505020] usb 1-2: Manufacturer: QEMU
[    2.505227] usb 1-2: SerialNumber: 28754-0000:00:03.0-2
[    2.506316] input: QEMU QEMU USB Tablet as /devices/pci0000:00/0000:00:03.0/usb1/1-2/1-2:1.0/0003:0627:0001.0002/input/input6
[    2.507748] hid-generic 0003:0627:0001.0002: input,hidraw1: USB HID v0.01 Mouse [QEMU QEMU USB Tablet] on usb-0000:00:03.0-2/input0
[02:48:29.617] event4  - QEMU QEMU USB Keyboard: is tagged by udev as: Keyboard
[02:48:29.617] event4  - QEMU QEMU USB Keyboard: device is a keyboard
[02:48:29.617] libinput: configuring device "QEMU QEMU USB Keyboard".
[02:48:29.617] associating input device event4 with output Virtual-1 (none by udev)
[02:48:29.721] event5  - QEMU QEMU USB Tablet: is tagged by udev as: Mouse
[02:48:29.721] event5  - QEMU QEMU USB Tablet: device is a pointer
[02:48:29.722] libinput: configuring device "QEMU QEMU USB Tablet".
[02:48:29.722] input device event5 has no enabled output associated (none named), skipping calibration for now.
[02:48:29.722] associating input device event5 with output Virtual-1 (none by udev)
@@LOG kind=state wakealarm_seconds=5
@@LOG kind=state state=SUSPENDING cycle=1
[   12.023939] PM: suspend entry (s2idle)
[   12.025619] Filesystems sync: 0.001 seconds
[   12.027622] Freezing user space processes
[   12.028659] Freezing user space processes completed (elapsed 0.000 seconds)
[   12.028970] OOM killer disabled.
[   12.029136] Freezing remaining freezable tasks
[   12.030387] Freezing remaining freezable tasks completed (elapsed 0.001 seconds)
[   12.137925] PM: suspend debug: Waiting for 5 second(s).
[   17.140860] [drm:virtio_gpu_dequeue_ctrl_func [virtio_gpu]] *ERROR* response 0x1203 (command 0x105)
[   17.141323] [drm:virtio_gpu_dequeue_ctrl_func [virtio_gpu]] *ERROR* response 0x1203 (command 0x104)
[   17.141996] xhci_hcd 0000:00:03.0: xHC error in resume, USBSTS 0x401, Reinit
[   17.142311] usb usb1: root hub lost power or was reset
[   17.142527] usb usb2: root hub lost power or was reset
[   17.407762] usb 1-2: reset high-speed USB device number 3 using xhci_hcd
[   17.649872] usb 1-1: reset high-speed USB device number 2 using xhci_hcd
[   17.777952] OOM killer enabled.
[02:48:39.107] event5  - QEMU QEMU USB Tablet: device removed[   17.778490] Restarting tasks ... done.
[   17.785653] random: crng reseeded on system resumption

[02:48:44.862] event4  - QEMU QEMU USB Keyboard: device removed
[02:48:44.862] event2  - VirtualPS/2 VMware VMMouse: device removed
[02:48:44.862] event3  - VirtualPS/2 VMware VMMouse: device removed[   17.792120] PM: suspend exit

[02:48:44.862] event1  - AT Translated Set 2 keyboard: device removed
[02:48:44.862] event0  - Power Button: device removed
[02:48:44.862] [libseat/backend/seatd.c:207] Disabling seat
[02:48:44.862] deactivating session
@@LOG kind=state state=RESUMED cycle=1 sleep_ms=5770 resume_gap_ms=5770
@@METRIC name=sleep_duration value_ms=5770 cycle=1
@@METRIC name=suspend_resume_gap value_ms=5770 cycle=1
[02:48:44.868] [libseat/backend/seatd.c:212] Enabling seat
[02:48:44.868] activating session
[02:48:44.877] event0  - Power Button: is tagged by udev as: Keyboard
[02:48:44.878] event0  - Power Button: device is a keyboard
[02:48:44.880] event4  - QEMU QEMU USB Keyboard: is tagged by udev as: Keyboard
[02:48:44.880] event4  - QEMU QEMU USB Keyboard: device is a keyboard
[02:48:44.933] event5  - QEMU QEMU USB Tablet: is tagged by udev as: Mouse
[02:48:44.934] event5  - QEMU QEMU USB Tablet: device is a pointer
[02:48:44.935] event1  - AT Translated Set 2 keyboard: is tagged by udev as: Keyboard
[02:48:44.935] event1  - AT Translated Set 2 keyboard: device is a keyboard
[02:48:44.937] event3  - VirtualPS/2 VMware VMMouse: is tagged by udev as: Mouse
[02:48:44.937] event3  - VirtualPS/2 VMware VMMouse: device is a pointer
[02:48:44.939] event2  - VirtualPS/2 VMware VMMouse: is tagged by udev as: Mouse
[02:48:44.939] event2  - VirtualPS/2 VMware VMMouse: device is a pointer
[02:48:44.940] libinput: configuring device "Power Button".
[02:48:44.940] associating input device event0 with output Virtual-1 (none by udev)
[02:48:44.940] libinput: configuring device "QEMU QEMU USB Keyboard".
[02:48:44.940] associating input device event4 with output Virtual-1 (none by udev)
[02:48:44.940] libinput: configuring device "QEMU QEMU USB Tablet".
[02:48:44.940] input device event5 has no enabled output associated (none named), skipping calibration for now.
[02:48:44.940] associating input device event5 with output Virtual-1 (none by udev)
[02:48:44.940] libinput: configuring device "AT Translated Set 2 keyboard".
[02:48:44.940] associating input device event1 with output Virtual-1 (none by udev)
[02:48:44.940] libinput: configuring device "VirtualPS/2 VMware VMMouse".
[02:48:44.940] associating input device event3 with output Virtual-1 (none by udev)
[02:48:44.940] libinput: configuring device "VirtualPS/2 VMware VMMouse".
[02:48:44.940] input device event2 has no enabled output associated (none named), skipping calibration for now.
[02:48:44.940] associating input device event2 with output Virtual-1 (none by udev)
[init-phase3] runtime limit reached, terminating client=weston-simple-shm
Terminated
[init-phase3] client exited client=weston-simple-shm
[   37.030797] ACPI: PM: Preparing to enter system sleep state S5
[   37.031891] reboot: Power down
