[    0.000000] Linux version 6.8.0-101-generic (buildd@lcy02-amd64-051) (x86_64-linux-gnu-gcc-13 (Ubuntu 13.3.0-6ubuntu2~24.04) 13.3.0, GNU ld (GNU Binutils for Ubuntu) 2.42) #101-Ubuntu SMP PREEMPT_DYNAMIC Mon Feb  9 10:15:05 UTC 2026 (Ubuntu 6.8.0-101.101-generic 6.8.12)
[    0.000000] Command line: console=ttyS0 panic=-1 no_console_suspend rdinit=/init
[    0.000000] KERNEL supported cpus:
[    0.000000]   Intel GenuineIntel
[    0.000000]   AMD AuthenticAMD
[    0.000000]   Hygon HygonGenuine
[    0.000000]   Centaur CentaurHauls
[    0.000000]   zhaoxin   Shanghai  
[    0.000000] BIOS-provided physical RAM map:
[    0.000000] BIOS-e820: [mem 0x0000000000000000-0x000000000009fbff] usable
[    0.000000] BIOS-e820: [mem 0x000000000009fc00-0x000000000009ffff] reserved
[    0.000000] BIOS-e820: [mem 0x00000000000f0000-0x00000000000fffff] reserved
[    0.000000] BIOS-e820: [mem 0x0000000000100000-0x000000003ffddfff] usable
[    0.000000] BIOS-e820: [mem 0x000000003ffde000-0x000000003fffffff] reserved
[    0.000000] BIOS-e820: [mem 0x00000000b0000000-0x00000000bfffffff] reserved
[    0.000000] BIOS-e820: [mem 0x00000000fed1c000-0x00000000fed1ffff] reserved
[    0.000000] BIOS-e820: [mem 0x00000000feffc000-0x00000000feffffff] reserved
[    0.000000] BIOS-e820: [mem 0x00000000fffc0000-0x00000000ffffffff] reserved
[    0.000000] NX (Execute Disable) protection: active
[    0.000000] APIC: Static calls initialized
[    0.000000] SMBIOS 3.0.0 present.
[    0.000000] DMI: QEMU Standard PC (Q35 + ICH9, 2009), BIOS 1.16.3-debian-1.16.3-2 04/01/2014
[    0.000000] Hypervisor detected: KVM
[    0.000000] kvm-clock: Using msrs 4b564d01 and 4b564d00
[    0.000000] kvm-clock: using sched offset of 255657461 cycles
[    0.000001] clocksource: kvm-clock: mask: 0xffffffffffffffff max_cycles: 0x1cd42e4dffb, max_idle_ns: 881590591483 ns
[    0.000003] tsc: Detected 2803.200 MHz processor
[    0.000601] last_pfn = 0x3ffde max_arch_pfn = 0x400000000
[    0.000637] MTRR map: 4 entries (3 fixed + 1 variable; max 19), built from 8 variable MTRRs
[    0.000640] x86/PAT: Configuration [0-7]: WB  WC  UC- UC  WB  WP  UC- WT  
[    0.004386] found SMP MP-table at [mem 0x000f5470-0x000f547f]
[    0.004398] Using GB pages for direct mapping
[    0.004484] RAMDISK: [mem 0x3f1fa000-0x3ffcffff]
[    0.004489] ACPI: Early table checksum verification disabled
[    0.004492] ACPI: RSDP 0x00000000000F52B0 000014 (v00 BOCHS )
[    0.004495] ACPI: RSDT 0x000000003FFE2304 000038 (v01 BOCHS  BXPC     00000001 BXPC 00000001)
[    0.004499] ACPI: FACP 0x000000003FFE20FC 0000F4 (v03 BOCHS  BXPC     00000001 BXPC 00000001)
[    0.004503] ACPI: DSDT 0x000000003FFE0040 0020BC (v01 BOCHS  BXPC     00000001 BXPC 00000001)
[    0.004506] ACPI: FACS 0x000000003FFE0000 000040
[    0.004508] ACPI: APIC 0x000000003FFE21F0 000078 (v03 BOCHS  BXPC     00000001 BXPC 00000001)
[    0.004510] ACPI: HPET 0x000000003FFE2268 000038 (v01 BOCHS  BXPC     00000001 BXPC 00000001)
[    0.004512] ACPI: MCFG 0x000000003FFE22A0 00003C (v01 BOCHS  BXPC     00000001 BXPC 00000001)
[    0.004513] ACPI: WAET 0x000000003FFE22DC 000028 (v01 BOCHS  BXPC     00000001 BXPC 00000001)
[    0.004515] ACPI: Reserving FACP table memory at [mem 0x3ffe20fc-0x3ffe21ef]
[    0.004516] ACPI: Reserving DSDT table memory at [mem 0x3ffe0040-0x3ffe20fb]
[    0.004517] ACPI: Reserving FACS table memory at [mem 0x3ffe0000-0x3ffe003f]
[    0.004517] ACPI: Reserving APIC table memory at [mem 0x3ffe21f0-0x3ffe2267]
[    0.004518] ACPI: Reserving HPET table memory at [mem 0x3ffe2268-0x3ffe229f]
[    0.004518] ACPI: Reserving MCFG table memory at [mem 0x3ffe22a0-0x3ffe22db]
[    0.004519] ACPI: Reserving WAET table memory at [mem 0x3ffe22dc-0x3ffe2303]
[    0.004726] No NUMA configuration found
[    0.004727] Faking a node at [mem 0x0000000000000000-0x000000003ffddfff]
[    0.004731] NODE_DATA(0) allocated [mem 0x3f1cf000-0x3f1f9fff]
[    0.004837] Zone ranges:
[    0.004838]   DMA      [mem 0x0000000000001000-0x0000000000ffffff]
[    0.004839]   DMA32    [mem 0x0000000001000000-0x000000003ffddfff]
[    0.004840]   Normal   empty
[    0.004841]   Device   empty
[    0.004841] Movable zone start for each node
[    0.004842] Early memory node ranges
[    0.004843]   node   0: [mem 0x0000000000001000-0x000000000009efff]
[    0.004844]   node   0: [mem 0x0000000000100000-0x000000003ffddfff]
[    0.004845] Initmem setup node 0 [mem 0x0000000000001000-0x000000003ffddfff]
[    0.005036] On node 0, zone DMA: 1 pages in unavailable ranges
[    0.005044] On node 0, zone DMA: 97 pages in unavailable ranges
[    0.006779] On node 0, zone DMA32: 34 pages in unavailable ranges
[    0.006997] ACPI: PM-Timer IO Port: 0x608
[    0.007007] ACPI: LAPIC_NMI (acpi_id[0xff] dfl dfl lint[0x1])
[    0.007034] IOAPIC[0]: apic_id 0, version 17, address 0xfec00000, GSI 0-23
[    0.007036] ACPI: INT_SRC_OVR (bus 0 bus_irq 0 global_irq 2 dfl dfl)
[    0.007038] ACPI: INT_SRC_OVR (bus 0 bus_irq 5 global_irq 5 high level)
[    0.007039] ACPI: INT_SRC_OVR (bus 0 bus_irq 9 global_irq 9 high level)
[    0.007039] ACPI: INT_SRC_OVR (bus 0 bus_irq 10 global_irq 10 high level)
[    0.007040] ACPI: INT_SRC_OVR (bus 0 bus_irq 11 global_irq 11 high level)
[    0.007043] ACPI: Using ACPI (MADT) for SMP configuration information
[    0.007043] ACPI: HPET id: 0x8086a201 base: 0xfed00000
[    0.007046] TSC deadline timer available
[    0.007047] smpboot: Allowing 1 CPUs, 0 hotplug CPUs
[    0.007062] kvm-guest: APIC: eoi() replaced with kvm_guest_apic_eoi_write()
[    0.007080] PM: hibernation: Registered nosave memory: [mem 0x00000000-0x00000fff]
[    0.007081] PM: hibernation: Registered nosave memory: [mem 0x0009f000-0x000fffff]
[    0.007082] [mem 0x40000000-0xafffffff] available for PCI devices
[    0.007083] Booting paravirtualized kernel on KVM
[    0.007085] clocksource: refined-jiffies: mask: 0xffffffff max_cycles: 0xffffffff, max_idle_ns: 1910969940391419 ns
[    0.007090] setup_percpu: NR_CPUS:8192 nr_cpumask_bits:1 nr_cpu_ids:1 nr_node_ids:1
[    0.007374] percpu: Embedded 86 pages/cpu s229376 r8192 d114688 u2097152
[    0.007405] kvm-guest: PV spinlocks disabled, single CPU
[    0.007406] Kernel command line: console=ttyS0 panic=-1 no_console_suspend rdinit=/init
[    0.007473] random: crng init done
[    0.007564] Dentry cache hash table entries: 131072 (order: 8, 1048576 bytes, linear)
[    0.007621] Inode-cache hash table entries: 65536 (order: 7, 524288 bytes, linear)
[    0.007654] Fallback order for Node 0: 0 
[    0.007657] Built 1 zonelists, mobility grouping on.  Total pages: 257758
[    0.007658] Policy zone: DMA32
[    0.007662] mem auto-init: stack:all(zero), heap alloc:on, heap free:off
[    0.009709] Memory: 961180K/1048048K available (22528K kernel code, 4439K rwdata, 14400K rodata, 4920K init, 4788K bss, 86608K reserved, 0K cma-reserved)
[    0.010322] SLUB: HWalign=64, Order=0-3, MinObjects=0, CPUs=1, Nodes=1
[    0.010341] ftrace: allocating 58250 entries in 228 pages
[    0.018462] ftrace: allocated 228 pages with 4 groups
[    0.019345] Dynamic Preempt: voluntary
[    0.019675] rcu: Preemptible hierarchical RCU implementation.
[    0.019678] rcu: 	RCU restricting CPUs from NR_CPUS=8192 to nr_cpu_ids=1.
[    0.019679] 	Trampoline variant of Tasks RCU enabled.
[    0.019680] 	Rude variant of Tasks RCU enabled.
[    0.019680] 	Tracing variant of Tasks RCU enabled.
[    0.019681] rcu: RCU calculated value of scheduler-enlistment delay is 100 jiffies.
[    0.019681] rcu: Adjusting geometry for rcu_fanout_leaf=16, nr_cpu_ids=1
[    0.019687] RCU Tasks: Setting shift to 0 and lim to 1 rcu_task_cb_adjust=1 rcu_task_cpu_ids=1.
[    0.019689] RCU Tasks Rude: Setting shift to 0 and lim to 1 rcu_task_cb_adjust=1 rcu_task_cpu_ids=1.
[    0.019690] RCU Tasks Trace: Setting shift to 0 and lim to 1 rcu_task_cb_adjust=1 rcu_task_cpu_ids=1.
[    0.022302] NR_IRQS: 524544, nr_irqs: 256, preallocated irqs: 16
[    0.022503] rcu: srcu_init: Setting srcu_struct sizes based on contention.
[    0.029349] Console: colour VGA+ 80x25
[    0.029387] printk: legacy console [ttyS0] enabled
[    0.084992] ACPI: Core revision 20230628
[    0.085366] clocksource: hpet: mask: 0xffffffff max_cycles: 0xffffffff, max_idle_ns: 19112604467 ns
[    0.086094] APIC: Switch to symmetric I/O mode setup
[    0.086565] x2apic enabled
[    0.086961] APIC: Switched APIC routing to: physical x2apic
[    0.088102] ..TIMER: vector=0x30 apic1=0 pin1=2 apic2=-1 pin2=-1
[    0.088509] clocksource: tsc-early: mask: 0xffffffffffffffff max_cycles: 0x28680fa287f, max_idle_ns: 440795281151 ns
[    0.089204] Calibrating delay loop (skipped) preset value.. 5606.40 BogoMIPS (lpj=2803200)
[    0.089877] x86/cpu: User Mode Instruction Prevention (UMIP) activated
[    0.090303] Last level iTLB entries: 4KB 0, 2MB 0, 4MB 0
[    0.090717] Last level dTLB entries: 4KB 0, 2MB 0, 4MB 0, 1GB 0
[    0.091207] Spectre V1 : Mitigation: usercopy/swapgs barriers and __user pointer sanitization
[    0.091771] Spectre V2 : Spectre BHI mitigation: SW BHB clearing on vm exit
[    0.092202] Spectre V2 : Spectre BHI mitigation: SW BHB clearing on syscall
[    0.092674] Spectre V2 : Mitigation: Enhanced / Automatic IBRS
[    0.093202] Spectre V2 : Spectre v2 / PBRSB-eIBRS: Retire a single CALL on VMEXIT
[    0.093655] Spectre V2 : mitigation: Enabling conditional Indirect Branch Prediction Barrier
[    0.094202] Speculative Store Bypass: Mitigation: Speculative Store Bypass disabled via prctl
[    0.094699] ITS: WARNING: ITS mitigation depends on retpoline and rethunk support
[    0.095202] ITS: Vulnerable
[    0.095390] x86/fpu: Supporting XSAVE feature 0x001: 'x87 floating point registers'
[    0.095877] x86/fpu: Supporting XSAVE feature 0x002: 'SSE registers'
[    0.096202] x86/fpu: Supporting XSAVE feature 0x004: 'AVX registers'
[    0.096600] x86/fpu: Supporting XSAVE feature 0x020: 'AVX-512 opmask'
[    0.097202] x86/fpu: Supporting XSAVE feature 0x040: 'AVX-512 Hi256'
[    0.097666] x86/fpu: Supporting XSAVE feature 0x080: 'AVX-512 ZMM_Hi256'
[    0.098134] x86/fpu: Supporting XSAVE feature 0x200: 'Protection Keys User registers'
[    0.098202] x86/fpu: xstate_offset[2]:  576, xstate_sizes[2]:  256
[    0.098630] x86/fpu: xstate_offset[5]:  832, xstate_sizes[5]:   64
[    0.099202] x86/fpu: xstate_offset[6]:  896, xstate_sizes[6]:  512
[    0.099575] x86/fpu: xstate_offset[7]: 1408, xstate_sizes[7]: 1024
[    0.100202] x86/fpu: xstate_offset[9]: 2432, xstate_sizes[9]:    8
[    0.100577] x86/fpu: Enabled xstate features 0x2e7, context size is 2440 bytes, using 'compacted' format.
[    0.123061] Freeing SMP alternatives memory: 48K
[    0.123203] pid_max: default: 32768 minimum: 301
[    0.123573] LSM: initializing lsm=lockdown,capability,landlock,yama,apparmor,integrity
[    0.124212] landlock: Up and running.
[    0.124474] Yama: becoming mindful.
[    0.124746] AppArmor: AppArmor initialized
[    0.125228] Mount-cache hash table entries: 2048 (order: 2, 16384 bytes, linear)
[    0.125736] Mountpoint-cache hash table entries: 2048 (order: 2, 16384 bytes, linear)
[    0.126404] smpboot: CPU0: 11th Gen Intel(R) Core(TM) i7-1165G7 @ 2.80GHz (family: 0x6, model: 0x8c, stepping: 0x1)
[    0.127201] Performance Events: Icelake events, full-width counters, Intel PMU driver.
[    0.127749] ... version:                2
[    0.127996] ... bit width:              48
[    0.128203] ... generic registers:      8
[    0.128445] ... value mask:             0000ffffffffffff
[    0.128803] ... max period:             00007fffffffffff
[    0.129122] ... fixed-purpose events:   3
[    0.129203] ... event mask:             00000007000000ff
[    0.129605] signal: max sigframe size: 3632
[    0.129916] rcu: Hierarchical SRCU implementation.
[    0.130203] rcu: 	Max phase no-delay instances is 400.
[    0.130792] smp: Bringing up secondary CPUs ...
[    0.131085] smp: Brought up 1 node, 1 CPU
[    0.131207] smpboot: Max logical packages: 1
[    0.131496] smpboot: Total of 1 processors activated (5606.40 BogoMIPS)
[    0.132054] devtmpfs: initialized
[    0.132233] x86/mm: Memory block size: 128MB
[    0.132684] clocksource: jiffies: mask: 0xffffffff max_cycles: 0xffffffff, max_idle_ns: 1911260446275000 ns
[    0.133209] futex hash table entries: 256 (order: 2, 16384 bytes, linear)
[    0.133694] pinctrl core: initialized pinctrl subsystem
[    0.134110] PM: RTC time: 22:05:55, date: 2026-03-07
[    0.134728] NET: Registered PF_NETLINK/PF_ROUTE protocol family
[    0.135181] DMA: preallocated 128 KiB GFP_KERNEL pool for atomic allocations
[    0.135215] DMA: preallocated 128 KiB GFP_KERNEL|GFP_DMA pool for atomic allocations
[    0.135750] DMA: preallocated 128 KiB GFP_KERNEL|GFP_DMA32 pool for atomic allocations
[    0.136212] audit: initializing netlink subsys (disabled)
[    0.136704] thermal_sys: Registered thermal governor 'fair_share'
[    0.136706] thermal_sys: Registered thermal governor 'bang_bang'
[    0.137129] thermal_sys: Registered thermal governor 'step_wise'
[    0.137205] thermal_sys: Registered thermal governor 'user_space'
[    0.137738] thermal_sys: Registered thermal governor 'power_allocator'
[    0.138210] audit: type=2000 audit(1772921155.924:1): state=initialized audit_enabled=0 res=1
[    0.139222] cpuidle: using governor ladder
[    0.139507] cpuidle: using governor menu
[    0.139833] acpiphp: ACPI Hot Plug PCI Controller Driver version: 0.5
[    0.140304] PCI: ECAM [mem 0xb0000000-0xbfffffff] (base 0xb0000000) for domain 0000 [bus 00-ff]
[    0.140909] PCI: ECAM [mem 0xb0000000-0xbfffffff] reserved as E820 entry
[    0.141210] PCI: Using configuration type 1 for base access
[    0.141679] kprobes: kprobe jump-optimization is enabled. All kprobes are optimized if possible.
[    0.169219] HugeTLB: registered 1.00 GiB page size, pre-allocated 0 pages
[    0.169671] HugeTLB: 16380 KiB vmemmap can be freed for a 1.00 GiB page
[    0.170072] HugeTLB: registered 2.00 MiB page size, pre-allocated 0 pages
[    0.170203] HugeTLB: 28 KiB vmemmap can be freed for a 2.00 MiB page
[    0.171322] ACPI: Added _OSI(Module Device)
[    0.171592] ACPI: Added _OSI(Processor Device)
[    0.171861] ACPI: Added _OSI(Processor Aggregator Device)
[    0.172992] ACPI: 1 ACPI AML tables successfully acquired and loaded
[    0.173858] ACPI: _OSC evaluation for CPUs failed, trying _PDC
[    0.174280] ACPI: Interpreter enabled
[    0.174519] ACPI: PM: (supports S0 S3 S4 S5)
[    0.174785] ACPI: Using IOAPIC for interrupt routing
[    0.175162] PCI: Using host bridge windows from ACPI; if necessary, use "pci=nocrs" and report a bug
[    0.175204] PCI: Using E820 reservations for host bridge windows
[    0.175660] ACPI: Enabled 2 GPEs in block 00 to 3F
[    0.177130] ACPI: PCI Root Bridge [PCI0] (domain 0000 [bus 00-ff])
[    0.177208] acpi PNP0A08:00: _OSC: OS supports [ExtendedConfig ASPM ClockPM Segments MSI EDR HPX-Type3]
[    0.177887] acpi PNP0A08:00: _OSC: platform does not support [PCIeHotplug LTR DPC]
[    0.178251] acpi PNP0A08:00: _OSC: OS now controls [SHPCHotplug PME AER PCIeCapability]
[    0.178925] PCI host bridge to bus 0000:00
[    0.179177] pci_bus 0000:00: root bus resource [io  0x0000-0x0cf7 window]
[    0.179203] pci_bus 0000:00: root bus resource [io  0x0d00-0xffff window]
[    0.179642] pci_bus 0000:00: root bus resource [mem 0x000a0000-0x000bffff window]
[    0.180088] pci_bus 0000:00: root bus resource [mem 0x40000000-0xafffffff window]
[    0.180203] pci_bus 0000:00: root bus resource [mem 0xc0000000-0xfebfffff window]
[    0.180649] pci_bus 0000:00: root bus resource [mem 0x100000000-0x8ffffffff window]
[    0.181174] pci_bus 0000:00: root bus resource [bus 00-ff]
[    0.181255] pci 0000:00:00.0: [8086:29c0] type 00 class 0x060000 conventional PCI endpoint
[    0.182183] pci 0000:00:01.0: [1af4:1000] type 00 class 0x020000 conventional PCI endpoint
[    0.182998] pci 0000:00:01.0: BAR 0 [io  0xc040-0xc05f]
[    0.183225] pci 0000:00:01.0: BAR 4 [mem 0xfe800000-0xfe803fff 64bit pref]
[    0.183717] pci 0000:00:01.0: ROM [mem 0xfeb00000-0xfeb7ffff pref]
[    0.184474] pci 0000:00:02.0: [1af4:1050] type 00 class 0x030000 conventional PCI endpoint
[    0.185820] pci 0000:00:02.0: BAR 0 [mem 0xfe000000-0xfe7fffff pref]
[    0.186221] pci 0000:00:02.0: BAR 2 [mem 0xfe804000-0xfe807fff 64bit pref]
[    0.186682] pci 0000:00:02.0: BAR 4 [mem 0xfeb94000-0xfeb94fff]
[    0.187072] pci 0000:00:02.0: ROM [mem 0xfeb80000-0xfeb8ffff pref]
[    0.187238] pci 0000:00:02.0: Video device with shadowed ROM at [mem 0x000c0000-0x000dffff]
[    0.188101] pci 0000:00:03.0: [1b36:000d] type 00 class 0x0c0330 PCIe Root Complex Integrated Endpoint
[    0.188671] pci 0000:00:03.0: BAR 0 [mem 0xfeb90000-0xfeb93fff 64bit]
[    0.196074] pci 0000:00:1f.0: [8086:2918] type 00 class 0x060100 conventional PCI endpoint
[    0.196389] pci 0000:00:1f.0: quirk: [io  0x0600-0x067f] claimed by ICH6 ACPI/GPIO/TCO
[    0.196992] pci 0000:00:1f.2: [8086:2922] type 00 class 0x010601 conventional PCI endpoint
[    0.197724] pci 0000:00:1f.2: BAR 4 [io  0xc060-0xc07f]
[    0.198054] pci 0000:00:1f.2: BAR 5 [mem 0xfeb95000-0xfeb95fff]
[    0.198415] pci 0000:00:1f.3: [8086:2930] type 00 class 0x0c0500 conventional PCI endpoint
[    0.199223] pci 0000:00:1f.3: BAR 4 [io  0x0700-0x073f]
[    0.199780] ACPI: PCI: Interrupt link LNKA configured for IRQ 10
[    0.200226] ACPI: PCI: Interrupt link LNKB configured for IRQ 10
[    0.200637] ACPI: PCI: Interrupt link LNKC configured for IRQ 11
[    0.201037] ACPI: PCI: Interrupt link LNKD configured for IRQ 11
[    0.201243] ACPI: PCI: Interrupt link LNKE configured for IRQ 10
[    0.201650] ACPI: PCI: Interrupt link LNKF configured for IRQ 10
[    0.202050] ACPI: PCI: Interrupt link LNKG configured for IRQ 11
[    0.202244] ACPI: PCI: Interrupt link LNKH configured for IRQ 11
[    0.202643] ACPI: PCI: Interrupt link GSIA configured for IRQ 16
[    0.203184] ACPI: PCI: Interrupt link GSIB configured for IRQ 17
[    0.203208] ACPI: PCI: Interrupt link GSIC configured for IRQ 18
[    0.203574] ACPI: PCI: Interrupt link GSID configured for IRQ 19
[    0.203961] ACPI: PCI: Interrupt link GSIE configured for IRQ 20
[    0.204207] ACPI: PCI: Interrupt link GSIF configured for IRQ 21
[    0.204591] ACPI: PCI: Interrupt link GSIG configured for IRQ 22
[    0.205009] ACPI: PCI: Interrupt link GSIH configured for IRQ 23
[    0.205508] iommu: Default domain type: Translated
[    0.205873] iommu: DMA domain TLB invalidation policy: lazy mode
[    0.206332] SCSI subsystem initialized
[    0.206618] ACPI: bus type USB registered
[    0.206880] usbcore: registered new interface driver usbfs
[    0.207206] usbcore: registered new interface driver hub
[    0.207588] usbcore: registered new device driver usb
[    0.207924] pps_core: LinuxPPS API ver. 1 registered
[    0.208205] pps_core: Software ver. 5.3.6 - Copyright 2005-2007 Rodolfo Giometti <giometti@linux.it>
[    0.208768] PTP clock support registered
[    0.209032] EDAC MC: Ver: 3.0.0
[    0.209525] NetLabel: Initializing
[    0.209745] NetLabel:  domain hash size = 128
[    0.210021] NetLabel:  protocols = UNLABELED CIPSOv4 CALIPSO
[    0.210218] NetLabel:  unlabeled traffic allowed by default
[    0.210650] mctp: management component transport protocol core
[    0.211082] NET: Registered PF_MCTP protocol family
[    0.211207] PCI: Using ACPI for IRQ routing
[    0.302663] pci 0000:00:02.0: vgaarb: setting as boot VGA device
[    0.303060] pci 0000:00:02.0: vgaarb: bridge control possible
[    0.303201] pci 0000:00:02.0: vgaarb: VGA device added: decodes=io+mem,owns=io+mem,locks=none
[    0.303204] vgaarb: loaded
[    0.303473] hpet0: at MMIO 0xfed00000, IRQs 2, 8, 0
[    0.303839] hpet0: 3 comparators, 64-bit 100.000000 MHz counter
[    0.308234] clocksource: Switched to clocksource kvm-clock
[    0.309431] VFS: Disk quotas dquot_6.6.0
[    0.309947] VFS: Dquot-cache hash table entries: 512 (order 0, 4096 bytes)
[    0.310871] AppArmor: AppArmor Filesystem Enabled
[    0.311422] pnp: PnP ACPI init
[    0.311956] system 00:05: [mem 0xb0000000-0xbfffffff window] has been reserved
[    0.313115] pnp: PnP ACPI: found 6 devices
[    0.319254] clocksource: acpi_pm: mask: 0xffffff max_cycles: 0xffffff, max_idle_ns: 2085701024 ns
[    0.320204] NET: Registered PF_INET protocol family
[    0.320753] IP idents hash table entries: 16384 (order: 5, 131072 bytes, linear)
[    0.333401] tcp_listen_portaddr_hash hash table entries: 512 (order: 1, 8192 bytes, linear)
[    0.334309] Table-perturb hash table entries: 65536 (order: 6, 262144 bytes, linear)
[    0.335184] TCP established hash table entries: 8192 (order: 4, 65536 bytes, linear)
[    0.336059] TCP bind hash table entries: 8192 (order: 6, 262144 bytes, linear)
[    0.336894] TCP: Hash tables configured (established 8192 bind 8192)
[    0.337638] MPTCP token hash table entries: 1024 (order: 2, 24576 bytes, linear)
[    0.338462] UDP hash table entries: 512 (order: 2, 16384 bytes, linear)
[    0.339167] UDP-Lite hash table entries: 512 (order: 2, 16384 bytes, linear)
[    0.340041] NET: Registered PF_UNIX/PF_LOCAL protocol family
[    0.340534] NET: Registered PF_XDP protocol family
[    0.340934] pci_bus 0000:00: resource 4 [io  0x0000-0x0cf7 window]
[    0.341376] pci_bus 0000:00: resource 5 [io  0x0d00-0xffff window]
[    0.341832] pci_bus 0000:00: resource 6 [mem 0x000a0000-0x000bffff window]
[    0.342327] pci_bus 0000:00: resource 7 [mem 0x40000000-0xafffffff window]
[    0.342830] pci_bus 0000:00: resource 8 [mem 0xc0000000-0xfebfffff window]
[    0.343330] pci_bus 0000:00: resource 9 [mem 0x100000000-0x8ffffffff window]
[    0.344041] ACPI: \_SB_.GSIH: Enabled at IRQ 23
[    0.344932] PCI: CLS 0 bytes, default 64
[    0.345346] Trying to unpack rootfs image as initramfs...
[    0.346829] clocksource: tsc: mask: 0xffffffffffffffff max_cycles: 0x28680fa287f, max_idle_ns: 440795281151 ns
[    0.347796] Initialise system trusted keyrings
[    0.348126] Key type blacklist registered
[    0.349771] workingset: timestamp_bits=36 max_order=18 bucket_order=0
[    0.350248] zbud: loaded
[    0.351830] squashfs: version 4.0 (2009/01/31) Phillip Lougher
[    0.352332] fuse: init (API version 7.39)
[    0.353821] integrity: Platform Keyring initialized
[    0.354371] integrity: Machine keyring initialized
[    0.368766] Key type asymmetric registered
[    0.369088] Asymmetric key parser 'x509' registered
[    0.369445] Block layer SCSI generic (bsg) driver version 0.4 loaded (major 243)
[    0.370791] io scheduler mq-deadline registered
[    0.371813] shpchp: Standard Hot Plug PCI Controller Driver version: 0.4
[    0.372357] input: Power Button as /devices/LNXSYSTM:00/LNXPWRBN:00/input/input0
[    0.373826] ACPI: button: Power Button [PWRF]
[    0.375032] ACPI: \_SB_.GSIF: Enabled at IRQ 21
[    0.377214] ACPI: \_SB_.GSIG: Enabled at IRQ 22
[    0.379757] Serial: 8250/16550 driver, 32 ports, IRQ sharing enabled
[    0.425983] 00:03: ttyS0 at I/O 0x3f8 (irq = 4, base_baud = 115200) is a 16550A
[    0.428710] Linux agpgart interface v0.103
[    0.431036] loop: module loaded
[    0.432049] ACPI: bus type drm_connector registered
[    0.432601] tun: Universal TUN/TAP device driver, 1.6
[    0.435302] PPP generic driver version 2.4.2
[    0.436803] i8042: PNP: PS/2 Controller [PNP0303:KBD,PNP0f13:MOU] at 0x60,0x64 irq 1,12
[    0.438885] serio: i8042 KBD port at 0x60,0x64 irq 1
[    0.439242] serio: i8042 AUX port at 0x60,0x64 irq 12
[    0.439710] mousedev: PS/2 mouse device common for all mice
[    0.440938] input: AT Translated Set 2 keyboard as /devices/platform/i8042/serio0/input/input1
[    0.441678] rtc_cmos 00:04: RTC can wake from S4
[    0.442825] rtc_cmos 00:04: registered as rtc0
[    0.443135] rtc_cmos 00:04: setting system clock to 2026-03-07T22:05:55 UTC (1772921155)
[    0.443688] rtc_cmos 00:04: alarms up to one day, y3k, 242 bytes nvram, hpet irqs
[    0.445802] i2c_dev: i2c /dev entries driver
[    0.446085] device-mapper: core: CONFIG_IMA_DISABLE_HTABLE is disabled. Duplicate IMA measurements will not be recorded in the IMA log.
[    0.447734] device-mapper: uevent: version 1.0.3
[    0.448725] device-mapper: ioctl: 4.48.0-ioctl (2023-03-01) initialised: dm-devel@redhat.com
[    0.449262] intel_pstate: CPU model not supported
[    0.450708] ledtrig-cpu: registered to indicate activity on CPUs
[    0.451212] drop_monitor: Initializing network drop monitor service
[    0.452851] NET: Registered PF_INET6 protocol family
[    0.535216] Freeing initrd memory: 14168K
[    0.535676] Segment Routing with IPv6
[    0.535957] In-situ OAM (IOAM) with IPv6
[    0.536256] NET: Registered PF_PACKET protocol family
[    0.536647] Key type dns_resolver registered
[    0.537078] IPI shorthand broadcast: enabled
[    0.538293] sched_clock: Marking stable (474002059, 63691850)->(548899433, -11205524)
[    0.538928] registered taskstats version 1
[    0.539267] Loading compiled-in X.509 certificates
[    0.540075] Loaded X.509 cert 'Build time autogenerated kernel key: 7f71bdefc17a4d88631555bf9efbb1c93d6f5260'
[    0.541199] Loaded X.509 cert 'Canonical Ltd. Live Patch Signing 2025 Kmod: d541cef61dc7e793b7eb7e899970a2eef0b5dc8c'
[    0.542260] Loaded X.509 cert 'Canonical Ltd. Live Patch Signing: 14df34d1a87cf37625abec039ef2bf521249b969'
[    0.543223] Loaded X.509 cert 'Canonical Ltd. Kernel Module Signing: 88f752e560a1e0737e31163a466ad7b70a850c19'
[    0.543849] blacklist: Loading compiled-in revocation X.509 certificates
[    0.544264] Loaded X.509 cert 'Canonical Ltd. Secure Boot Signing: 61482aa2830d0ab2ad5af10b7250da9033ddcef0'
[    0.544885] Loaded X.509 cert 'Canonical Ltd. Secure Boot Signing (2017): 242ade75ac4a15e50d50c84b0d45ff3eae707a03'
[    0.545512] Loaded X.509 cert 'Canonical Ltd. Secure Boot Signing (ESM 2018): 365188c1d374d6b07c3c8f240f8ef722433d6a8b'
[    0.546267] Loaded X.509 cert 'Canonical Ltd. Secure Boot Signing (2019): c0746fd6c5da3ae827864651ad66ae47fe24b3e8'
[    0.546955] Loaded X.509 cert 'Canonical Ltd. Secure Boot Signing (2021 v1): a8d54bbb3825cfb94fa13c9f8a594a195c107b8d'
[    0.547613] Loaded X.509 cert 'Canonical Ltd. Secure Boot Signing (2021 v2): 4cf046892d6fd3c9a5b03f98d845f90851dc6a8c'
[    0.548397] Loaded X.509 cert 'Canonical Ltd. Secure Boot Signing (2021 v3): 100437bb6de6e469b581e61cd66bce3ef4ed53af'
[    0.549144] Loaded X.509 cert 'Canonical Ltd. Secure Boot Signing (Ubuntu Core 2019): c1d57b8f6b743f23ee41f4f7ee292f06eecadfb9'
[    0.551715] Key type .fscrypt registered
[    0.551974] Key type fscrypt-provisioning registered
[    0.552459] Key type encrypted registered
[    0.552765] AppArmor: AppArmor sha256 policy hashing enabled
[    0.553149] ima: No TPM chip found, activating TPM-bypass!
[    0.553487] Loading compiled-in module X.509 certificates
[    0.554226] Loaded X.509 cert 'Build time autogenerated kernel key: 7f71bdefc17a4d88631555bf9efbb1c93d6f5260'
[    0.554910] ima: Allocated hash algorithm: sha256
[    0.555243] ima: No architecture policies found
[    0.555539] evm: Initialising EVM extended attributes:
[    0.555893] evm: security.selinux
[    0.556135] evm: security.SMACK64
[    0.556365] evm: security.SMACK64EXEC
[    0.556622] evm: security.SMACK64TRANSMUTE
[    0.556893] evm: security.SMACK64MMAP
[    0.557115] evm: security.apparmor
[    0.557322] evm: security.ima
[    0.557511] evm: security.capability
[    0.557766] evm: HMAC attrs: 0x1
[    0.558122] PM:   Magic number: 2:355:97
[    0.560256] RAS: Correctable Errors collector initialized.
[    0.560684] clk: Disabling unused clocks
[    0.566892] Freeing unused decrypted memory: 2028K
[    0.567471] Freeing unused kernel image (initmem) memory: 4920K
[    0.567730] Write protecting the kernel read-only data: 38912k
[    0.568337] Freeing unused kernel image (rodata/data gap) memory: 1984K
[    0.576289] x86/mm: Checked W+X mappings: passed, no W+X pages found.
[    0.576641] Run /init as init process
[init-phase2] booted
[init-phase2] loading module=/lib/modules/6.8.0-101-generic/kernel/drivers/virtio/virtio_dma_buf.ko
[init-phase2] loading module=/lib/modules/6.8.0-101-generic/kernel/drivers/gpu/drm/virtio/virtio-gpu.ko
[    0.582882] [drm] pci: virtio-vga detected at 0000:00:02.0
[    0.583175] virtio-pci 0000:00:02.0: vgaarb: deactivate vga console
[    0.588150] Console: switching to colour dummy device 80x25
[    0.588487] [drm] features: -virgl +edid -resource_blob -host_visible
[    0.588488] [drm] features: -context_init
[    0.589357] [drm] number of scanouts: 1
[    0.589561] [drm] number of cap sets: 0
[    0.590001] [drm] Initialized virtio_gpu 0.1.0 0 for 0000:00:02.0 on minor 0
[    0.591856] fbcon: virtio_gpudrmfb (fb0) is primary device
[    0.592334] Console: switching to colour frame buffer device 160x50
[    0.595128] virtio-pci 0000:00:02.0: [drm] fb0: virtio_gpudrmfb frame buffer device
[init-phase2] loading module=/lib/modules/6.8.0-101-generic/kernel/drivers/hid/hid.ko
[    0.600111] hid: raw HID events driver (C) Jiri Kosina
[init-phase2] loading module=/lib/modules/6.8.0-101-generic/kernel/drivers/hid/hid-generic.ko
[init-phase2] loading module=/lib/modules/6.8.0-101-generic/kernel/drivers/hid/usbhid/usbhid.ko
[    0.603074] usbcore: registered new interface driver usbhid
[    0.603357] usbhid: USB HID core driver
total 0
crw-------    1 root     root      226,   0 Mar  7 22:05 card0
crw-------    1 root     root      226, 128 Mar  7 22:05 renderD128
total 0
crw-------    1 root     root       13,  64 Mar  7 22:05 event0
crw-------    1 root     root       13,  65 Mar  7 22:05 event1
crw-------    1 root     root       13,  63 Mar  7 22:05 mice
[init-phase2] seatd pid=94
[init-phase2] weston pid=95
[init-phase2] wayland ready
[init-phase2] launching client=/bin/wl_sleepdemo
@@LOG kind=state global name=1 interface=wl_compositor version=5
@@LOG kind=state global name=2 interface=wl_subcompositor version=1
@@LOG kind=state global name=3 interface=wp_viewporter version=1
@@LOG kind=state global name=4 interface=zxdg_output_manager_v1 version=2
@@LOG kind=state global name=5 interface=wp_presentation version=1
@@LOG kind=state global name=6 interface=wp_single_pixel_buffer_manager_v1 version=1
@@LOG kind=state global name=7 interface=wp_tearing_control_manager_v1 version=1
@@LOG kind=state global name=8 interface=zwp_relative_pointer_manager_v1 version=1
@@LOG kind=state global name=9 interface=zwp_pointer_constraints_v1 version=1
@@LOG kind=state global name=10 interface=zwp_input_timestamps_manager_v1 version=1
@@LOG kind=state global name=11 interface=weston_capture_v1 version=1
@@LOG kind=state global name=12 interface=wl_data_device_manager version=3
@@LOG kind=state global name=13 interface=wl_shm version=1
@@LOG kind=state global name=14 interface=weston_content_protection version=1
@@LOG kind=state global name=15 interface=wl_output version=4
@@LOG kind=state global name=16 interface=xdg_wm_base version=5
@@LOG kind=state seat-missing
@@LOG kind=state socket-hup
@@LOG kind=state socket-hup
@@LOG kind=state socket-hup
@@LOG kind=state socket-hup
@@LOG kind=state socket-hup
@@LOG kind=state socket-hup
@@LOG kind=state socket-hup
@@LOG kind=state socket-hup
@@LOG kind=state socket-hup
@@LOG kind=state socket-hup
@@LOG kind=state socket-hup
@@LOG kind=state socket-hup
@@LOG kind=state socket-hup
@@LOG kind=state socket-hup
@@LOG kind=state socket-hup
@@LOG kind=state socket-hup
@@LOG kind=state socket-hup
@@LOG kind=state socket-hup
@@LOG kind=state socket-hup
@@LOG kind=state socket-hup
@@LOG kind=state socket-hup
@@LOG kind=state socket-hup
@@LOG kind=state socket-hup
@@LOG kind=state socket-hup
@@LOG kind=state socket-hup
@@LOG kind=state socket-hup
@@LOG kind=state socket-hup
@@LOG kind=state socket-hup
@@LOG kind=state socket-hup
@@LOG kind=state socket-hup
@@LOG kind=state socket-hup
@@LOG kind=state socket-hup
@@LOG kind=state socket-hup
@@LOG kind=state socket-hup
@@LOG kind=state socket-hup
@@LOG kind=state socket-hup
@@LOG kind=state socket-hup
@@LOG kind=state socket-hup
@@LOG kind=state socket-hup
@@LOG kind=state socket-hup
@@LOG kind=state socket-hup
@@LOG kind=state socket-hup
@@LOG kind=state socket-hup
@@LOG kind=state socket-hup
@@LOG kind=state socket-hup
@@LOG kind=state socket-hup
@@LOG kind=state socket-hup
@@LOG kind=state socket-hup
@@LOG kind=state socket-hup
@@LOG kind=state socket-hup
@@LOG kind=state socket-hup
@@LOG kind=state socket-hup
@@LOG kind=state socket-hup
@@LOG kind=state socket-hup
@@LOG kind=state socket-hup
@@LOG kind=state socket-hup
@@LOG kind=state socket-hup
@@LOG kind=state socket-hup
@@LOG kind=state socket-hup
@@LOG kind=state socket-hup
@@LOG kind=state socket-hup
