[    0.000000] Linux version 6.8.0-101-generic (buildd@lcy02-amd64-051) (x86_64-linux-gnu-gcc-13 (Ubuntu 13.3.0-6ubuntu2~24.04) 13.3.0, GNU ld (GNU Binutils for Ubuntu) 2.42) #101-Ubuntu SMP PREEMPT_DYNAMIC Mon Feb  9 10:15:05 UTC 2026 (Ubuntu 6.8.0-101.101-generic 6.8.12)
[    0.000000] Command line: console=ttyS0 panic=-1 no_console_suspend rdinit=/init phase3_runtime_seconds=50 phase3_url=data:text/html;base64,PCFkb2N0eXBlIGh0bWw+CjxodG1sPgogIDxib2R5IHN0eWxlPSJtYXJnaW46MDtiYWNrZ3JvdW5kOndoaXRlO2ZvbnQtZmFtaWx5OkRlamFWdSBTYW5zLCBzYW5zLXNlcmlmIj4KICAgIDxpbnB1dCBpZD0iaSIgYXV0b2ZvY3VzIHN0eWxlPSJkaXNwbGF5OmJsb2NrO3dpZHRoOjk1dnc7aGVpZ2h0OjEyMHB4O2ZvbnQtc2l6ZTo3MnB4O21hcmdpbjoyMHB4IGF1dG8iIHZhbHVlPSIiPgogICAgPGJ1dHRvbiBpZD0iYiIgb25jbGljaz0iZG9jdW1lbnQuYm9keS5zdHlsZS5iYWNrZ3JvdW5kPSdsaW1lJztkb2N1bWVudC5nZXRFbGVtZW50QnlJZCgncycpLnRleHRDb250ZW50PSdjbGlja2VkJyIgc3R5bGU9ImRpc3BsYXk6YmxvY2s7Zm9udC1zaXplOjY0cHg7bWFyZ2luOjIwcHggYXV0byI+Q0xJQ0s8L2J1dHRvbj4KICAgIDxkaXYgaWQ9InMiIHN0eWxlPSJmb250LXNpemU6NzJweDt0ZXh0LWFsaWduOmNlbnRlciI+aWRsZTwvZGl2PgogIDwvYm9keT4KPC9odG1sPgo= phase3_suspend_delay_seconds=10 phase3_wake_seconds=5 phase3_pm_test=devices
[    0.000000] KERNEL supported cpus:
[    0.000000]   Intel GenuineIntel
[    0.000000]   AMD AuthenticAMD
[    0.000000]   Hygon HygonGenuine
[    0.000000]   Centaur CentaurHauls
[    0.000000]   zhaoxin   Shanghai  
[    0.000000] BIOS-provided physical RAM map:
[    0.000000] BIOS-e820: [mem 0x0000000000000000-0x000000000009fbff] usable
[    0.000000] BIOS-e820: [mem 0x000000000009fc00-0x000000000009ffff] reserved
[    0.000000] BIOS-e820: [mem 0x00000000000f0000-0x00000000000fffff] reserved
[    0.000000] BIOS-e820: [mem 0x0000000000100000-0x000000007ffddfff] usable
[    0.000000] BIOS-e820: [mem 0x000000007ffde000-0x000000007fffffff] reserved
[    0.000000] BIOS-e820: [mem 0x00000000b0000000-0x00000000bfffffff] reserved
[    0.000000] BIOS-e820: [mem 0x00000000fed1c000-0x00000000fed1ffff] reserved
[    0.000000] BIOS-e820: [mem 0x00000000feffc000-0x00000000feffffff] reserved
[    0.000000] BIOS-e820: [mem 0x00000000fffc0000-0x00000000ffffffff] reserved
[    0.000000] NX (Execute Disable) protection: active
[    0.000000] APIC: Static calls initialized
[    0.000000] SMBIOS 3.0.0 present.
[    0.000000] DMI: QEMU Standard PC (Q35 + ICH9, 2009), BIOS 1.16.3-debian-1.16.3-2 04/01/2014
[    0.000000] Hypervisor detected: KVM
[    0.000000] kvm-clock: Using msrs 4b564d01 and 4b564d00
[    0.000000] kvm-clock: using sched offset of 278216342 cycles
[    0.000002] clocksource: kvm-clock: mask: 0xffffffffffffffff max_cycles: 0x1cd42e4dffb, max_idle_ns: 881590591483 ns
[    0.000004] tsc: Detected 2803.200 MHz processor
[    0.000581] last_pfn = 0x7ffde max_arch_pfn = 0x400000000
[    0.000615] MTRR map: 4 entries (3 fixed + 1 variable; max 19), built from 8 variable MTRRs
[    0.000618] x86/PAT: Configuration [0-7]: WB  WC  UC- UC  WB  WP  UC- WT  
[    0.004391] found SMP MP-table at [mem 0x000f5470-0x000f547f]
[    0.004402] Using GB pages for direct mapping
[    0.004509] RAMDISK: [mem 0x75de7000-0x7ffcffff]
[    0.004514] ACPI: Early table checksum verification disabled
[    0.004516] ACPI: RSDP 0x00000000000F52B0 000014 (v00 BOCHS )
[    0.004519] ACPI: RSDT 0x000000007FFE2304 000038 (v01 BOCHS  BXPC     00000001 BXPC 00000001)
[    0.004523] ACPI: FACP 0x000000007FFE20FC 0000F4 (v03 BOCHS  BXPC     00000001 BXPC 00000001)
[    0.004527] ACPI: DSDT 0x000000007FFE0040 0020BC (v01 BOCHS  BXPC     00000001 BXPC 00000001)
[    0.004529] ACPI: FACS 0x000000007FFE0000 000040
[    0.004531] ACPI: APIC 0x000000007FFE21F0 000078 (v03 BOCHS  BXPC     00000001 BXPC 00000001)
[    0.004533] ACPI: HPET 0x000000007FFE2268 000038 (v01 BOCHS  BXPC     00000001 BXPC 00000001)
[    0.004535] ACPI: MCFG 0x000000007FFE22A0 00003C (v01 BOCHS  BXPC     00000001 BXPC 00000001)
[    0.004537] ACPI: WAET 0x000000007FFE22DC 000028 (v01 BOCHS  BXPC     00000001 BXPC 00000001)
[    0.004539] ACPI: Reserving FACP table memory at [mem 0x7ffe20fc-0x7ffe21ef]
[    0.004540] ACPI: Reserving DSDT table memory at [mem 0x7ffe0040-0x7ffe20fb]
[    0.004540] ACPI: Reserving FACS table memory at [mem 0x7ffe0000-0x7ffe003f]
[    0.004541] ACPI: Reserving APIC table memory at [mem 0x7ffe21f0-0x7ffe2267]
[    0.004541] ACPI: Reserving HPET table memory at [mem 0x7ffe2268-0x7ffe229f]
[    0.004542] ACPI: Reserving MCFG table memory at [mem 0x7ffe22a0-0x7ffe22db]
[    0.004542] ACPI: Reserving WAET table memory at [mem 0x7ffe22dc-0x7ffe2303]
[    0.004742] No NUMA configuration found
[    0.004742] Faking a node at [mem 0x0000000000000000-0x000000007ffddfff]
[    0.004747] NODE_DATA(0) allocated [mem 0x75dbc000-0x75de6fff]
[    0.004841] Zone ranges:
[    0.004842]   DMA      [mem 0x0000000000001000-0x0000000000ffffff]
[    0.004843]   DMA32    [mem 0x0000000001000000-0x000000007ffddfff]
[    0.004844]   Normal   empty
[    0.004845]   Device   empty
[    0.004846] Movable zone start for each node
[    0.004846] Early memory node ranges
[    0.004847]   node   0: [mem 0x0000000000001000-0x000000000009efff]
[    0.004848]   node   0: [mem 0x0000000000100000-0x000000007ffddfff]
[    0.004849] Initmem setup node 0 [mem 0x0000000000001000-0x000000007ffddfff]
[    0.005029] On node 0, zone DMA: 1 pages in unavailable ranges
[    0.005037] On node 0, zone DMA: 97 pages in unavailable ranges
[    0.008911] On node 0, zone DMA32: 34 pages in unavailable ranges
[    0.009137] ACPI: PM-Timer IO Port: 0x608
[    0.009149] ACPI: LAPIC_NMI (acpi_id[0xff] dfl dfl lint[0x1])
[    0.009177] IOAPIC[0]: apic_id 0, version 17, address 0xfec00000, GSI 0-23
[    0.009180] ACPI: INT_SRC_OVR (bus 0 bus_irq 0 global_irq 2 dfl dfl)
[    0.009181] ACPI: INT_SRC_OVR (bus 0 bus_irq 5 global_irq 5 high level)
[    0.009182] ACPI: INT_SRC_OVR (bus 0 bus_irq 9 global_irq 9 high level)
[    0.009183] ACPI: INT_SRC_OVR (bus 0 bus_irq 10 global_irq 10 high level)
[    0.009183] ACPI: INT_SRC_OVR (bus 0 bus_irq 11 global_irq 11 high level)
[    0.009186] ACPI: Using ACPI (MADT) for SMP configuration information
[    0.009187] ACPI: HPET id: 0x8086a201 base: 0xfed00000
[    0.009190] TSC deadline timer available
[    0.009191] smpboot: Allowing 1 CPUs, 0 hotplug CPUs
[    0.009207] kvm-guest: APIC: eoi() replaced with kvm_guest_apic_eoi_write()
[    0.009225] PM: hibernation: Registered nosave memory: [mem 0x00000000-0x00000fff]
[    0.009226] PM: hibernation: Registered nosave memory: [mem 0x0009f000-0x000fffff]
[    0.009227] [mem 0xc0000000-0xfed1bfff] available for PCI devices
[    0.009228] Booting paravirtualized kernel on KVM
[    0.009230] clocksource: refined-jiffies: mask: 0xffffffff max_cycles: 0xffffffff, max_idle_ns: 1910969940391419 ns
[    0.009237] setup_percpu: NR_CPUS:8192 nr_cpumask_bits:1 nr_cpu_ids:1 nr_node_ids:1
[    0.009519] percpu: Embedded 86 pages/cpu s229376 r8192 d114688 u2097152
[    0.009552] kvm-guest: PV spinlocks disabled, single CPU
[    0.009553] Kernel command line: console=ttyS0 panic=-1 no_console_suspend rdinit=/init phase3_runtime_seconds=50 phase3_url=data:text/html;base64,PCFkb2N0eXBlIGh0bWw+CjxodG1sPgogIDxib2R5IHN0eWxlPSJtYXJnaW46MDtiYWNrZ3JvdW5kOndoaXRlO2ZvbnQtZmFtaWx5OkRlamFWdSBTYW5zLCBzYW5zLXNlcmlmIj4KICAgIDxpbnB1dCBpZD0iaSIgYXV0b2ZvY3VzIHN0eWxlPSJkaXNwbGF5OmJsb2NrO3dpZHRoOjk1dnc7aGVpZ2h0OjEyMHB4O2ZvbnQtc2l6ZTo3MnB4O21hcmdpbjoyMHB4IGF1dG8iIHZhbHVlPSIiPgogICAgPGJ1dHRvbiBpZD0iYiIgb25jbGljaz0iZG9jdW1lbnQuYm9keS5zdHlsZS5iYWNrZ3JvdW5kPSdsaW1lJztkb2N1bWVudC5nZXRFbGVtZW50QnlJZCgncycpLnRleHRDb250ZW50PSdjbGlja2VkJyIgc3R5bGU9ImRpc3BsYXk6YmxvY2s7Zm9udC1zaXplOjY0cHg7bWFyZ2luOjIwcHggYXV0byI+Q0xJQ0s8L2J1dHRvbj4KICAgIDxkaXYgaWQ9InMiIHN0eWxlPSJmb250LXNpemU6NzJweDt0ZXh0LWFsaWduOmNlbnRlciI+aWRsZTwvZGl2PgogIDwvYm9keT4KPC9odG1sPgo= phase3_suspend_delay_seconds=10 phase3_wake_seconds=5 phase3_pm_test=devices
[    0.009625] Unknown kernel command line parameters "phase3_runtime_seconds=50 phase3_url=data:text/html;base64,PCFkb2N0eXBlIGh0bWw+CjxodG1sPgogIDxib2R5IHN0eWxlPSJtYXJnaW46MDtiYWNrZ3JvdW5kOndoaXRlO2ZvbnQtZmFtaWx5OkRlamFWdSBTYW5zLCBzYW5zLXNlcmlmIj4KICAgIDxpbnB1dCBpZD0iaSIgYXV0b2ZvY3VzIHN0eWxlPSJkaXNwbGF5OmJsb2NrO3dpZHRoOjk1dnc7aGVpZ2h0OjEyMHB4O2ZvbnQtc2l6ZTo3MnB4O21hcmdpbjoyMHB4IGF1dG8iIHZhbHVlPSIiPgogICAgPGJ1dHRvbiBpZD0iYiIgb25jbGljaz0iZG9jdW1lbnQuYm9keS5zdHlsZS5iYWNrZ3JvdW5kPSdsaW1lJztkb2N1bWVudC5nZXRFbGVtZW50QnlJZCgncycpLnRleHRDb250ZW50PSdjbGlja2VkJyIgc3R5bGU9ImRpc3BsYXk6YmxvY2s7Zm9udC1zaXplOjY0cHg7bWFyZ2luOjIwcHggYXV0byI+Q0xJQ0s8L2J1dHRvbj4KICAgIDxkaXYgaWQ9InMiIHN0eWxlPSJmb250LXNpemU6NzJweDt0ZXh0LWFsaWduOmNlbnRlciI+aWRsZTwvZGl2PgogIDwvYm9keT4KPC9odG1sPgo= phase3_suspend_delay_seconds=10 phase3_wake_seconds=5 phase3_pm_test=devices", will be passed to user space.
[    0.009668] random: crng init done
[    0.009923] Dentry cache hash table entries: 262144 (order: 9, 2097152 bytes, linear)
[    0.009996] Inode-cache hash table entries: 131072 (order: 8, 1048576 bytes, linear)
[    0.010030] Fallback order for Node 0: 0 
[    0.010033] Built 1 zonelists, mobility grouping on.  Total pages: 515806
[    0.010034] Policy zone: DMA32
[    0.010038] mem auto-init: stack:all(zero), heap alloc:on, heap free:off
[    0.013246] Memory: 1840200K/2096624K available (22528K kernel code, 4439K rwdata, 14400K rodata, 4920K init, 4788K bss, 256164K reserved, 0K cma-reserved)
[    0.013902] SLUB: HWalign=64, Order=0-3, MinObjects=0, CPUs=1, Nodes=1
[    0.013922] ftrace: allocating 58250 entries in 228 pages
[    0.020936] ftrace: allocated 228 pages with 4 groups
[    0.021635] Dynamic Preempt: voluntary
[    0.021851] rcu: Preemptible hierarchical RCU implementation.
[    0.021852] rcu: 	RCU restricting CPUs from NR_CPUS=8192 to nr_cpu_ids=1.
[    0.021853] 	Trampoline variant of Tasks RCU enabled.
[    0.021853] 	Rude variant of Tasks RCU enabled.
[    0.021854] 	Tracing variant of Tasks RCU enabled.
[    0.021854] rcu: RCU calculated value of scheduler-enlistment delay is 100 jiffies.
[    0.021855] rcu: Adjusting geometry for rcu_fanout_leaf=16, nr_cpu_ids=1
[    0.021861] RCU Tasks: Setting shift to 0 and lim to 1 rcu_task_cb_adjust=1 rcu_task_cpu_ids=1.
[    0.021863] RCU Tasks Rude: Setting shift to 0 and lim to 1 rcu_task_cb_adjust=1 rcu_task_cpu_ids=1.
[    0.021863] RCU Tasks Trace: Setting shift to 0 and lim to 1 rcu_task_cb_adjust=1 rcu_task_cpu_ids=1.
[    0.024535] NR_IRQS: 524544, nr_irqs: 256, preallocated irqs: 16
[    0.024724] rcu: srcu_init: Setting srcu_struct sizes based on contention.
[    0.031228] Console: colour VGA+ 80x25
[    0.031261] printk: legacy console [ttyS0] enabled
[    0.092400] ACPI: Core revision 20230628
[    0.092768] clocksource: hpet: mask: 0xffffffff max_cycles: 0xffffffff, max_idle_ns: 19112604467 ns
[    0.093418] APIC: Switch to symmetric I/O mode setup
[    0.093896] x2apic enabled
[    0.094299] APIC: Switched APIC routing to: physical x2apic
[    0.095386] ..TIMER: vector=0x30 apic1=0 pin1=2 apic2=-1 pin2=-1
[    0.095775] clocksource: tsc-early: mask: 0xffffffffffffffff max_cycles: 0x28680fa287f, max_idle_ns: 440795281151 ns
[    0.096461] Calibrating delay loop (skipped) preset value.. 5606.40 BogoMIPS (lpj=2803200)
[    0.097067] x86/cpu: User Mode Instruction Prevention (UMIP) activated
[    0.097574] Last level iTLB entries: 4KB 0, 2MB 0, 4MB 0
[    0.097948] Last level dTLB entries: 4KB 0, 2MB 0, 4MB 0, 1GB 0
[    0.098468] Spectre V1 : Mitigation: usercopy/swapgs barriers and __user pointer sanitization
[    0.099113] Spectre V2 : Spectre BHI mitigation: SW BHB clearing on vm exit
[    0.099459] Spectre V2 : Spectre BHI mitigation: SW BHB clearing on syscall
[    0.099950] Spectre V2 : Mitigation: Enhanced / Automatic IBRS
[    0.100459] Spectre V2 : Spectre v2 / PBRSB-eIBRS: Retire a single CALL on VMEXIT
[    0.100949] Spectre V2 : mitigation: Enabling conditional Indirect Branch Prediction Barrier
[    0.101460] Speculative Store Bypass: Mitigation: Speculative Store Bypass disabled via prctl
[    0.102015] ITS: WARNING: ITS mitigation depends on retpoline and rethunk support
[    0.102458] ITS: Vulnerable
[    0.102668] x86/fpu: Supporting XSAVE feature 0x001: 'x87 floating point registers'
[    0.103458] x86/fpu: Supporting XSAVE feature 0x002: 'SSE registers'
[    0.103884] x86/fpu: Supporting XSAVE feature 0x004: 'AVX registers'
[    0.104314] x86/fpu: Supporting XSAVE feature 0x020: 'AVX-512 opmask'
[    0.104459] x86/fpu: Supporting XSAVE feature 0x040: 'AVX-512 Hi256'
[    0.104891] x86/fpu: Supporting XSAVE feature 0x080: 'AVX-512 ZMM_Hi256'
[    0.105459] x86/fpu: Supporting XSAVE feature 0x200: 'Protection Keys User registers'
[    0.105992] x86/fpu: xstate_offset[2]:  576, xstate_sizes[2]:  256
[    0.106459] x86/fpu: xstate_offset[5]:  832, xstate_sizes[5]:   64
[    0.106890] x86/fpu: xstate_offset[6]:  896, xstate_sizes[6]:  512
[    0.107459] x86/fpu: xstate_offset[7]: 1408, xstate_sizes[7]: 1024
[    0.107878] x86/fpu: xstate_offset[9]: 2432, xstate_sizes[9]:    8
[    0.108301] x86/fpu: Enabled xstate features 0x2e7, context size is 2440 bytes, using 'compacted' format.
[    0.132577] Freeing SMP alternatives memory: 48K
[    0.132921] pid_max: default: 32768 minimum: 301
[    0.133305] LSM: initializing lsm=lockdown,capability,landlock,yama,apparmor,integrity
[    0.133469] landlock: Up and running.
[    0.133718] Yama: becoming mindful.
[    0.134008] AppArmor: AppArmor initialized
[    0.134487] Mount-cache hash table entries: 4096 (order: 3, 32768 bytes, linear)
[    0.134990] Mountpoint-cache hash table entries: 4096 (order: 3, 32768 bytes, linear)
[    0.135673] smpboot: CPU0: 11th Gen Intel(R) Core(TM) i7-1165G7 @ 2.80GHz (family: 0x6, model: 0x8c, stepping: 0x1)
[    0.136492] Performance Events: Icelake events, full-width counters, Intel PMU driver.
[    0.137085] ... version:                2
[    0.137357] ... bit width:              48
[    0.137461] ... generic registers:      8
[    0.137747] ... value mask:             0000ffffffffffff
[    0.138104] ... max period:             00007fffffffffff
[    0.138460] ... fixed-purpose events:   3
[    0.138731] ... event mask:             00000007000000ff
[    0.139156] signal: max sigframe size: 3632
[    0.139471] rcu: Hierarchical SRCU implementation.
[    0.139798] rcu: 	Max phase no-delay instances is 400.
[    0.140360] smp: Bringing up secondary CPUs ...
[    0.140473] smp: Brought up 1 node, 1 CPU
[    0.140746] smpboot: Max logical packages: 1
[    0.141034] smpboot: Total of 1 processors activated (5606.40 BogoMIPS)
[    0.141616] devtmpfs: initialized
[    0.141870] x86/mm: Memory block size: 128MB
[    0.142425] clocksource: jiffies: mask: 0xffffffff max_cycles: 0xffffffff, max_idle_ns: 1911260446275000 ns
[    0.142464] futex hash table entries: 256 (order: 2, 16384 bytes, linear)
[    0.142980] pinctrl core: initialized pinctrl subsystem
[    0.143425] PM: RTC time: 02:23:43, date: 2026-03-08
[    0.143973] NET: Registered PF_NETLINK/PF_ROUTE protocol family
[    0.144478] DMA: preallocated 256 KiB GFP_KERNEL pool for atomic allocations
[    0.144982] DMA: preallocated 256 KiB GFP_KERNEL|GFP_DMA pool for atomic allocations
[    0.145476] DMA: preallocated 256 KiB GFP_KERNEL|GFP_DMA32 pool for atomic allocations
[    0.146011] audit: initializing netlink subsys (disabled)
[    0.146486] thermal_sys: Registered thermal governor 'fair_share'
[    0.146487] thermal_sys: Registered thermal governor 'bang_bang'
[    0.146898] thermal_sys: Registered thermal governor 'step_wise'
[    0.147309] thermal_sys: Registered thermal governor 'user_space'
[    0.147461] audit: type=2000 audit(1772936623.914:1): state=initialized audit_enabled=0 res=1
[    0.148449] thermal_sys: Registered thermal governor 'power_allocator'
[    0.148460] cpuidle: using governor ladder
[    0.149196] cpuidle: using governor menu
[    0.149516] acpiphp: ACPI Hot Plug PCI Controller Driver version: 0.5
[    0.150070] PCI: ECAM [mem 0xb0000000-0xbfffffff] (base 0xb0000000) for domain 0000 [bus 00-ff]
[    0.150461] PCI: ECAM [mem 0xb0000000-0xbfffffff] reserved as E820 entry
[    0.150924] PCI: Using configuration type 1 for base access
[    0.151389] kprobes: kprobe jump-optimization is enabled. All kprobes are optimized if possible.
[    0.179508] HugeTLB: registered 1.00 GiB page size, pre-allocated 0 pages
[    0.179951] HugeTLB: 16380 KiB vmemmap can be freed for a 1.00 GiB page
[    0.180370] HugeTLB: registered 2.00 MiB page size, pre-allocated 0 pages
[    0.180459] HugeTLB: 28 KiB vmemmap can be freed for a 2.00 MiB page
[    0.181787] ACPI: Added _OSI(Module Device)
[    0.182078] ACPI: Added _OSI(Processor Device)
[    0.182343] ACPI: Added _OSI(Processor Aggregator Device)
[    0.183315] ACPI: 1 ACPI AML tables successfully acquired and loaded
[    0.184107] ACPI: _OSC evaluation for CPUs failed, trying _PDC
[    0.184547] ACPI: Interpreter enabled
[    0.184821] ACPI: PM: (supports S0 S3 S4 S5)
[    0.185111] ACPI: Using IOAPIC for interrupt routing
[    0.185492] PCI: Using host bridge windows from ACPI; if necessary, use "pci=nocrs" and report a bug
[    0.186051] PCI: Using E820 reservations for host bridge windows
[    0.186518] ACPI: Enabled 2 GPEs in block 00 to 3F
[    0.188074] ACPI: PCI Root Bridge [PCI0] (domain 0000 [bus 00-ff])
[    0.188462] acpi PNP0A08:00: _OSC: OS supports [ExtendedConfig ASPM ClockPM Segments MSI EDR HPX-Type3]
[    0.189045] acpi PNP0A08:00: _OSC: platform does not support [PCIeHotplug LTR DPC]
[    0.189504] acpi PNP0A08:00: _OSC: OS now controls [SHPCHotplug PME AER PCIeCapability]
[    0.190146] PCI host bridge to bus 0000:00
[    0.190462] pci_bus 0000:00: root bus resource [io  0x0000-0x0cf7 window]
[    0.190929] pci_bus 0000:00: root bus resource [io  0x0d00-0xffff window]
[    0.191364] pci_bus 0000:00: root bus resource [mem 0x000a0000-0x000bffff window]
[    0.191459] pci_bus 0000:00: root bus resource [mem 0x80000000-0xafffffff window]
[    0.191943] pci_bus 0000:00: root bus resource [mem 0xc0000000-0xfebfffff window]
[    0.192441] pci_bus 0000:00: root bus resource [mem 0x100000000-0x8ffffffff window]
[    0.192460] pci_bus 0000:00: root bus resource [bus 00-ff]
[    0.192867] pci 0000:00:00.0: [8086:29c0] type 00 class 0x060000 conventional PCI endpoint
[    0.193759] pci 0000:00:01.0: [1af4:1000] type 00 class 0x020000 conventional PCI endpoint
[    0.194828] pci 0000:00:01.0: BAR 0 [io  0xc040-0xc05f]
[    0.195204] pci 0000:00:01.0: BAR 4 [mem 0xfe800000-0xfe803fff 64bit pref]
[    0.195464] pci 0000:00:01.0: ROM [mem 0xfeb00000-0xfeb7ffff pref]
[    0.196190] pci 0000:00:02.0: [1af4:1050] type 00 class 0x030000 conventional PCI endpoint
[    0.197471] pci 0000:00:02.0: BAR 0 [mem 0xfe000000-0xfe7fffff pref]
[    0.197920] pci 0000:00:02.0: BAR 2 [mem 0xfe804000-0xfe807fff 64bit pref]
[    0.198387] pci 0000:00:02.0: BAR 4 [mem 0xfeb94000-0xfeb94fff]
[    0.198467] pci 0000:00:02.0: ROM [mem 0xfeb80000-0xfeb8ffff pref]
[    0.198861] pci 0000:00:02.0: Video device with shadowed ROM at [mem 0x000c0000-0x000dffff]
[    0.199744] pci 0000:00:03.0: [1b36:000d] type 00 class 0x0c0330 PCIe Root Complex Integrated Endpoint
[    0.200716] pci 0000:00:03.0: BAR 0 [mem 0xfeb90000-0xfeb93fff 64bit]
[    0.207747] pci 0000:00:1f.0: [8086:2918] type 00 class 0x060100 conventional PCI endpoint
[    0.208419] pci 0000:00:1f.0: quirk: [io  0x0600-0x067f] claimed by ICH6 ACPI/GPIO/TCO
[    0.208577] pci 0000:00:1f.2: [8086:2922] type 00 class 0x010601 conventional PCI endpoint
[    0.209481] pci 0000:00:1f.2: BAR 4 [io  0xc060-0xc07f]
[    0.209871] pci 0000:00:1f.2: BAR 5 [mem 0xfeb95000-0xfeb95fff]
[    0.210470] pci 0000:00:1f.3: [8086:2930] type 00 class 0x0c0500 conventional PCI endpoint
[    0.211286] pci 0000:00:1f.3: BAR 4 [io  0x0700-0x073f]
[    0.211676] ACPI: PCI: Interrupt link LNKA configured for IRQ 10
[    0.212076] ACPI: PCI: Interrupt link LNKB configured for IRQ 10
[    0.212493] ACPI: PCI: Interrupt link LNKC configured for IRQ 11
[    0.212895] ACPI: PCI: Interrupt link LNKD configured for IRQ 11
[    0.213291] ACPI: PCI: Interrupt link LNKE configured for IRQ 10
[    0.213503] ACPI: PCI: Interrupt link LNKF configured for IRQ 10
[    0.213958] ACPI: PCI: Interrupt link LNKG configured for IRQ 11
[    0.214403] ACPI: PCI: Interrupt link LNKH configured for IRQ 11
[    0.214478] ACPI: PCI: Interrupt link GSIA configured for IRQ 16
[    0.214841] ACPI: PCI: Interrupt link GSIB configured for IRQ 17
[    0.215226] ACPI: PCI: Interrupt link GSIC configured for IRQ 18
[    0.215464] ACPI: PCI: Interrupt link GSID configured for IRQ 19
[    0.215823] ACPI: PCI: Interrupt link GSIE configured for IRQ 20
[    0.216179] ACPI: PCI: Interrupt link GSIF configured for IRQ 21
[    0.216464] ACPI: PCI: Interrupt link GSIG configured for IRQ 22
[    0.216848] ACPI: PCI: Interrupt link GSIH configured for IRQ 23
[    0.217388] iommu: Default domain type: Translated
[    0.217459] iommu: DMA domain TLB invalidation policy: lazy mode
[    0.217914] SCSI subsystem initialized
[    0.218170] ACPI: bus type USB registered
[    0.218427] usbcore: registered new interface driver usbfs
[    0.218463] usbcore: registered new interface driver hub
[    0.218854] usbcore: registered new device driver usb
[    0.219211] pps_core: LinuxPPS API ver. 1 registered
[    0.219459] pps_core: Software ver. 5.3.6 - Copyright 2005-2007 Rodolfo Giometti <giometti@linux.it>
[    0.219993] PTP clock support registered
[    0.220288] EDAC MC: Ver: 3.0.0
[    0.220706] NetLabel: Initializing
[    0.220913] NetLabel:  domain hash size = 128
[    0.221197] NetLabel:  protocols = UNLABELED CIPSOv4 CALIPSO
[    0.221471] NetLabel:  unlabeled traffic allowed by default
[    0.221899] mctp: management component transport protocol core
[    0.222293] NET: Registered PF_MCTP protocol family
[    0.222464] PCI: Using ACPI for IRQ routing
[    0.313612] pci 0000:00:02.0: vgaarb: setting as boot VGA device
[    0.314070] pci 0000:00:02.0: vgaarb: bridge control possible
[    0.314455] pci 0000:00:02.0: vgaarb: VGA device added: decodes=io+mem,owns=io+mem,locks=none
[    0.314460] vgaarb: loaded
[    0.314740] hpet0: at MMIO 0xfed00000, IRQs 2, 8, 0
[    0.315080] hpet0: 3 comparators, 64-bit 100.000000 MHz counter
[    0.318483] clocksource: Switched to clocksource kvm-clock
[    0.319316] VFS: Disk quotas dquot_6.6.0
[    0.319606] VFS: Dquot-cache hash table entries: 512 (order 0, 4096 bytes)
[    0.320166] AppArmor: AppArmor Filesystem Enabled
[    0.320472] pnp: PnP ACPI init
[    0.320776] system 00:05: [mem 0xb0000000-0xbfffffff window] has been reserved
[    0.321382] pnp: PnP ACPI: found 6 devices
[    0.326760] clocksource: acpi_pm: mask: 0xffffff max_cycles: 0xffffff, max_idle_ns: 2085701024 ns
[    0.327411] NET: Registered PF_INET protocol family
[    0.327971] IP idents hash table entries: 32768 (order: 6, 262144 bytes, linear)
[    0.337433] tcp_listen_portaddr_hash hash table entries: 1024 (order: 2, 16384 bytes, linear)
[    0.337990] Table-perturb hash table entries: 65536 (order: 6, 262144 bytes, linear)
[    0.338512] TCP established hash table entries: 16384 (order: 5, 131072 bytes, linear)
[    0.339078] TCP bind hash table entries: 16384 (order: 7, 524288 bytes, linear)
[    0.339544] TCP: Hash tables configured (established 16384 bind 16384)
[    0.339968] MPTCP token hash table entries: 2048 (order: 3, 49152 bytes, linear)
[    0.340422] UDP hash table entries: 1024 (order: 3, 32768 bytes, linear)
[    0.340820] UDP-Lite hash table entries: 1024 (order: 3, 32768 bytes, linear)
[    0.341270] NET: Registered PF_UNIX/PF_LOCAL protocol family
[    0.341606] NET: Registered PF_XDP protocol family
[    0.341898] pci_bus 0000:00: resource 4 [io  0x0000-0x0cf7 window]
[    0.342264] pci_bus 0000:00: resource 5 [io  0x0d00-0xffff window]
[    0.342627] pci_bus 0000:00: resource 6 [mem 0x000a0000-0x000bffff window]
[    0.343034] pci_bus 0000:00: resource 7 [mem 0x80000000-0xafffffff window]
[    0.343437] pci_bus 0000:00: resource 8 [mem 0xc0000000-0xfebfffff window]
[    0.343842] pci_bus 0000:00: resource 9 [mem 0x100000000-0x8ffffffff window]
[    0.344528] ACPI: \_SB_.GSIH: Enabled at IRQ 23
[    0.345304] PCI: CLS 0 bytes, default 64
[    0.345644] Trying to unpack rootfs image as initramfs...
[    0.346080] clocksource: tsc: mask: 0xffffffffffffffff max_cycles: 0x28680fa287f, max_idle_ns: 440795281151 ns
[    0.347981] Initialise system trusted keyrings
[    0.348298] Key type blacklist registered
[    0.349800] workingset: timestamp_bits=36 max_order=19 bucket_order=0
[    0.350253] zbud: loaded
[    0.352010] squashfs: version 4.0 (2009/01/31) Phillip Lougher
[    0.352476] fuse: init (API version 7.39)
[    0.352818] integrity: Platform Keyring initialized
[    0.353170] integrity: Machine keyring initialized
[    0.367769] Key type asymmetric registered
[    0.368079] Asymmetric key parser 'x509' registered
[    0.368425] Block layer SCSI generic (bsg) driver version 0.4 loaded (major 243)
[    0.369798] io scheduler mq-deadline registered
[    0.370816] shpchp: Standard Hot Plug PCI Controller Driver version: 0.4
[    0.371360] input: Power Button as /devices/LNXSYSTM:00/LNXPWRBN:00/input/input0
[    0.372788] ACPI: button: Power Button [PWRF]
[    0.374033] ACPI: \_SB_.GSIF: Enabled at IRQ 21
[    0.376038] ACPI: \_SB_.GSIG: Enabled at IRQ 22
[    0.378741] Serial: 8250/16550 driver, 32 ports, IRQ sharing enabled
[    0.424885] 00:03: ttyS0 at I/O 0x3f8 (irq = 4, base_baud = 115200) is a 16550A
[    0.427554] Linux agpgart interface v0.103
[    0.429265] loop: module loaded
[    0.429563] ACPI: bus type drm_connector registered
[    0.430931] tun: Universal TUN/TAP device driver, 1.6
[    0.432788] PPP generic driver version 2.4.2
[    0.433162] i8042: PNP: PS/2 Controller [PNP0303:KBD,PNP0f13:MOU] at 0x60,0x64 irq 1,12
[    0.434958] serio: i8042 KBD port at 0x60,0x64 irq 1
[    0.435304] serio: i8042 AUX port at 0x60,0x64 irq 12
[    0.435844] mousedev: PS/2 mouse device common for all mice
[    0.436994] input: AT Translated Set 2 keyboard as /devices/platform/i8042/serio0/input/input1
[    0.437632] rtc_cmos 00:04: RTC can wake from S4
[    0.439022] rtc_cmos 00:04: registered as rtc0
[    0.439335] rtc_cmos 00:04: setting system clock to 2026-03-08T02:23:43 UTC (1772936623)
[    0.440773] rtc_cmos 00:04: alarms up to one day, y3k, 242 bytes nvram, hpet irqs
[    0.441255] i2c_dev: i2c /dev entries driver
[    0.441522] device-mapper: core: CONFIG_IMA_DISABLE_HTABLE is disabled. Duplicate IMA measurements will not be recorded in the IMA log.
[    0.443750] device-mapper: uevent: version 1.0.3
[    0.444096] device-mapper: ioctl: 4.48.0-ioctl (2023-03-01) initialised: dm-devel@redhat.com
[    0.444671] intel_pstate: CPU model not supported
[    0.446783] ledtrig-cpu: registered to indicate activity on CPUs
[    0.447220] drop_monitor: Initializing network drop monitor service
[    0.447669] NET: Registered PF_INET6 protocol family
[    1.780970] Freeing initrd memory: 165796K
[    1.781467] Segment Routing with IPv6
[    1.781761] In-situ OAM (IOAM) with IPv6
[    1.782085] NET: Registered PF_PACKET protocol family
[    1.782482] Key type dns_resolver registered
[    1.782936] IPI shorthand broadcast: enabled
[    1.784198] sched_clock: Marking stable (1715001736, 68728809)->(1793941649, -10211104)
[    1.784884] registered taskstats version 1
[    1.785253] Loading compiled-in X.509 certificates
[    1.786011] Loaded X.509 cert 'Build time autogenerated kernel key: 7f71bdefc17a4d88631555bf9efbb1c93d6f5260'
[    1.787081] Loaded X.509 cert 'Canonical Ltd. Live Patch Signing 2025 Kmod: d541cef61dc7e793b7eb7e899970a2eef0b5dc8c'
[    1.788228] Loaded X.509 cert 'Canonical Ltd. Live Patch Signing: 14df34d1a87cf37625abec039ef2bf521249b969'
[    1.789166] Loaded X.509 cert 'Canonical Ltd. Kernel Module Signing: 88f752e560a1e0737e31163a466ad7b70a850c19'
[    1.789822] blacklist: Loading compiled-in revocation X.509 certificates
[    1.790271] Loaded X.509 cert 'Canonical Ltd. Secure Boot Signing: 61482aa2830d0ab2ad5af10b7250da9033ddcef0'
[    1.790902] Loaded X.509 cert 'Canonical Ltd. Secure Boot Signing (2017): 242ade75ac4a15e50d50c84b0d45ff3eae707a03'
[    1.791589] Loaded X.509 cert 'Canonical Ltd. Secure Boot Signing (ESM 2018): 365188c1d374d6b07c3c8f240f8ef722433d6a8b'
[    1.792294] Loaded X.509 cert 'Canonical Ltd. Secure Boot Signing (2019): c0746fd6c5da3ae827864651ad66ae47fe24b3e8'
[    1.792919] Loaded X.509 cert 'Canonical Ltd. Secure Boot Signing (2021 v1): a8d54bbb3825cfb94fa13c9f8a594a195c107b8d'
[    1.793576] Loaded X.509 cert 'Canonical Ltd. Secure Boot Signing (2021 v2): 4cf046892d6fd3c9a5b03f98d845f90851dc6a8c'
[    1.794243] Loaded X.509 cert 'Canonical Ltd. Secure Boot Signing (2021 v3): 100437bb6de6e469b581e61cd66bce3ef4ed53af'
[    1.794881] Loaded X.509 cert 'Canonical Ltd. Secure Boot Signing (Ubuntu Core 2019): c1d57b8f6b743f23ee41f4f7ee292f06eecadfb9'
[    1.797513] Key type .fscrypt registered
[    1.797783] Key type fscrypt-provisioning registered
[    1.798292] Key type encrypted registered
[    1.798542] AppArmor: AppArmor sha256 policy hashing enabled
[    1.798897] ima: No TPM chip found, activating TPM-bypass!
[    1.799237] Loading compiled-in module X.509 certificates
[    1.799890] Loaded X.509 cert 'Build time autogenerated kernel key: 7f71bdefc17a4d88631555bf9efbb1c93d6f5260'
[    1.800494] ima: Allocated hash algorithm: sha256
[    1.800797] ima: No architecture policies found
[    1.801074] evm: Initialising EVM extended attributes:
[    1.801401] evm: security.selinux
[    1.801625] evm: security.SMACK64
[    1.801837] evm: security.SMACK64EXEC
[    1.802056] evm: security.SMACK64TRANSMUTE
[    1.802329] evm: security.SMACK64MMAP
[    1.802548] evm: security.apparmor
[    1.802754] evm: security.ima
[    1.802933] evm: security.capability
[    1.803150] evm: HMAC attrs: 0x1
[    1.803525] PM:   Magic number: 2:613:358
[    1.805652] RAS: Correctable Errors collector initialized.
[    1.806106] clk: Disabling unused clocks
[    1.812105] Freeing unused decrypted memory: 2028K
[    1.812688] Freeing unused kernel image (initmem) memory: 4920K
[    1.812938] Write protecting the kernel read-only data: 38912k
[    1.813481] Freeing unused kernel image (rodata/data gap) memory: 1984K
[    1.821521] x86/mm: Checked W+X mappings: passed, no W+X pages found.
[    1.821791] Run /init as init process
[init-phase3] booted
[init-phase3] loading module=/lib/modules/6.8.0-101-generic/kernel/drivers/virtio/virtio_dma_buf.ko
[init-phase3] loading module=/lib/modules/6.8.0-101-generic/kernel/drivers/gpu/drm/virtio/virtio-gpu.ko
[    1.828183] [drm] pci: virtio-vga detected at 0000:00:02.0
[    1.828467] virtio-pci 0000:00:02.0: vgaarb: deactivate vga console
[    1.833172] Console: switching to colour dummy device 80x25
[    1.833496] [drm] features: -virgl +edid -resource_blob -host_visible
[    1.833497] [drm] features: -context_init
[    1.834273] [drm] number of scanouts: 1
[    1.834443] [drm] number of cap sets: 0
[    1.834825] [drm] Initialized virtio_gpu 0.1.0 0 for 0000:00:02.0 on minor 0
[    1.836804] fbcon: virtio_gpudrmfb (fb0) is primary device
[    1.837256] Console: switching to colour frame buffer device 160x50
[    1.840124] virtio-pci 0000:00:02.0: [drm] fb0: virtio_gpudrmfb frame buffer device
[init-phase3] loading module=/lib/modules/6.8.0-101-generic/kernel/drivers/hid/hid.ko
[    1.844983] hid: raw HID events driver (C) Jiri Kosina
[init-phase3] loading module=/lib/modules/6.8.0-101-generic/kernel/drivers/hid/hid-generic.ko
[init-phase3] loading module=/lib/modules/6.8.0-101-generic/kernel/drivers/hid/usbhid/usbhid.ko
[    1.847651] usbcore: registered new interface driver usbhid
[    1.847894] usbhid: USB HID core driver
[init-phase3] loading module=/lib/modules/6.8.0-101-generic/kernel/drivers/hid/usbhid/usbkbd.ko
[    1.849162] usbcore: registered new interface driver usbkbd
[init-phase3] loading module=/lib/modules/6.8.0-101-generic/kernel/drivers/hid/usbhid/usbmouse.ko
[    1.850361] usbcore: registered new interface driver usbmouse
[init-phase3] loading module=/lib/modules/6.8.0-101-generic/kernel/drivers/input/mouse/psmouse.ko
[    1.853403] input: VirtualPS/2 VMware VMMouse as /devices/platform/i8042/serio1/input/input4
[    1.853866] input: VirtualPS/2 VMware VMMouse as /devices/platform/i8042/serio1/input/input3
[init-phase3] loading module=/lib/modules/6.8.0-101-generic/kernel/drivers/usb/host/xhci-pci-renesas.ko
[init-phase3] loading module=/lib/modules/6.8.0-101-generic/kernel/drivers/usb/host/xhci-pci.ko
[    1.856790] xhci_hcd 0000:00:03.0: xHCI Host Controller
[    1.857016] xhci_hcd 0000:00:03.0: new USB bus registered, assigned bus number 1
[    1.857484] xhci_hcd 0000:00:03.0: hcc params 0x00087001 hci version 0x100 quirks 0x0000000000000010
[    1.858157] xhci_hcd 0000:00:03.0: xHCI Host Controller
[    1.858402] xhci_hcd 0000:00:03.0: new USB bus registered, assigned bus number 2
[    1.858710] xhci_hcd 0000:00:03.0: Host supports USB 3.0 SuperSpeed
[    1.859018] usb usb1: New USB device found, idVendor=1d6b, idProduct=0002, bcdDevice= 6.08
[    1.859449] usb usb1: New USB device strings: Mfr=3, Product=2, SerialNumber=1
[    1.859781] usb usb1: Product: xHCI Host Controller
[    1.859987] usb usb1: Manufacturer: Linux 6.8.0-101-generic xhci-hcd
[    1.860281] usb usb1: SerialNumber: 0000:00:03.0
[    1.860527] hub 1-0:1.0: USB hub found
[    1.860701] hub 1-0:1.0: 4 ports detected
[    1.860968] usb usb2: We don't know the algorithms for LPM for this host, disabling LPM.
[    1.861331] usb usb2: New USB device found, idVendor=1d6b, idProduct=0003, bcdDevice= 6.08
[    1.861663] usb usb2: New USB device strings: Mfr=3, Product=2, SerialNumber=1
[    1.861959] usb usb2: Product: xHCI Host Controller
[    1.862163] usb usb2: Manufacturer: Linux 6.8.0-101-generic xhci-hcd
[    1.862442] usb usb2: SerialNumber: 0000:00:03.0
[    1.862669] hub 2-0:1.0: USB hub found
[    1.862845] hub 2-0:1.0: 4 ports detected
Starting systemd-udevd version 255.4-1ubuntu8.8
total 0
drwxr-xr-x    2 root     root            80 Mar  8 02:23 by-path
crw-rw----    1 root     video     226,   0 Mar  8 02:23 card0
crw-rw----    1 root     root      226, 128 Mar  8 02:23 renderD128
total 0
drwxr-xr-x    2 root     root           100 Mar  8 02:23 by-path
crw-rw----    1 root     input      13,  64 Mar  8 02:23 event0
crw-rw----    1 root     input      13,  65 Mar  8 02:23 event1
crw-rw----    1 root     input      13,  66 Mar  8 02:23 event2
crw-rw----    1 root     input      13,  67 Mar  8 02:23 event3
crw-rw----    1 root     input      13,  63 Mar  8 02:23 mice
crw-rw----    1 root     input      13,  32 Mar  8 02:23 mouse0
crw-rw----    1 root     input      13,  33 Mar  8 02:23 mouse1
[init-phase3] seatd pid=122
[init-phase3] weston pid=123
[init-phase3] wayland ready
Date: 2026-03-08 UTC
[02:23:44.961] weston 13.0.0
               https://wayland.freedesktop.org
               Bug reports to: https://gitlab.freedesktop.org/wayland/weston/issues/
               Build: 13.0.0
[02:23:44.961] Command line: /usr/bin/weston --backend=drm --renderer=pixman --shell=kiosk-shell.so --socket=wayland-1 --continue-without-input --log=/var/log/weston.log
[02:23:44.961] OS: Linux, 6.8.0-101-generic, #101-Ubuntu SMP PREEMPT_DYNAMIC Mon Feb  9 10:15:05 UTC 2026, x86_64
[02:23:44.961] Flight recorder: enabled
[02:23:44.961] Using config file '/etc/xdg/weston/weston.ini'
[02:23:44.961] Output repaint window is 7 ms maximum.
[02:23:44.961] Loading module '/usr/lib/x86_64-linux-gnu/libweston-13/drm-backend.so'
[02:23:44.962] initializing drm backend
[02:23:44.962] Trying libseat launcher...
[02:23:44.962] [libseat/libseat.c:62] Seat opened with backend 'seatd'
[02:23:44.962] [libseat/backend/seatd.c:212] Enabling seat
[02:23:44.962] libseat: session control granted
[02:23:44.962] using /dev/dri/card0
[02:23:44.962] DRM: supports atomic modesetting
[02:23:44.962] DRM: does not support GBM modifiers
[02:23:44.962] DRM: does not support async page flipping
[02:23:44.962] DRM: supports picture aspect ratio
[02:23:44.962] Using Pixman renderer
[02:23:44.964] event0  - Power Button: is tagged by udev as: Keyboard
[02:23:44.964] event0  - Power Button: device is a keyboard
[02:23:44.964] event1  - AT Translated Set 2 keyboard: is tagged by udev as: Keyboard
[02:23:44.964] event1  - AT Translated Set 2 keyboard: device is a keyboard
[02:23:44.965] event3  - VirtualPS/2 VMware VMMouse: is tagged by udev as: Mouse
[02:23:44.965] event3  - VirtualPS/2 VMware VMMouse: device is a pointer
[02:23:44.965] event2  - VirtualPS/2 VMware VMMouse: is tagged by udev as: Mouse
[02:23:44.965] event2  - VirtualPS/2 VMware VMMouse: device is a pointer
[02:23:44.968] libinput: configuring device "Power Button".
[02:23:44.968] libinput: configuring device "AT Translated Set 2 keyboard".
[02:23:44.968] libinput: configuring device "VirtualPS/2 VMware VMMouse".
[02:23:44.968] libinput: configuring device "VirtualPS/2 VMware VMMouse".
[02:23:44.968] input device event2 has no enabled output associated (none named), skipping calibration for now.
[02:23:44.968] DRM: head 'Virtual-1' found, connector 36 is connected, EDID make 'RHT', model 'QEMU Monitor', serial ''
               Supported EOTF modes: SDR
[02:23:44.968] Registered plugin API 'weston_drm_output_api_v1' of size 40
[02:23:44.968] Registered plugin API 'weston_drm_virtual_output_api_v2' of size 48
[02:23:44.968] Color manager: no-op
[02:23:44.968] Output 'Virtual-1' attempts EOTF mode: SDR
[02:23:44.968] Output 'Virtual-1' using color profile: stock sRGB color profile
[02:23:44.970] DRM: output Virtual-1 uses shadow framebuffer.
[02:23:44.970] Output Virtual-1 (crtc 35) video modes:
               1280x800@75.0, preferred, current, 107.3 MHz
               5120x2160@50.0 64:27, 742.5 MHz
               4096x2160@50.0 256:135, 594.0 MHz
               3840x2160@60.0 16:9, 594.0 MHz
               3840x2160@59.9 16:9, 593.4 MHz
               3840x2160@50.0 16:9, 594.0 MHz
               1920x1440@60.0, 234.0 MHz
               2560x1080@50.0 64:27, 185.6 MHz
               1856x1392@60.0, 218.2 MHz
               1792x1344@60.0, 204.8 MHz
               2048x1152@60.0, 162.0 MHz
               1920x1200@59.9, 193.2 MHz
               1920x1080@60.0, 148.5 MHz
               1920x1080@50.0 16:9, 148.5 MHz
               1600x1200@60.0, 162.0 MHz
               1680x1050@60.0, 146.2 MHz
               1400x1050@60.0, 121.8 MHz
               1280x1024@60.0, 108.0 MHz
               1440x900@59.9, 106.5 MHz
               1280x960@60.0, 108.0 MHz
               1360x768@60.0, 85.5 MHz
               1280x768@59.9, 79.5 MHz
               1024x768@60.0, 65.0 MHz
               800x600@60.3, 40.0 MHz
               640x480@60.0 4:3, 25.2 MHz
               640x480@59.9, 25.2 MHz
[02:23:44.970] associating input device event0 with output Virtual-1 (none by udev)
[02:23:44.970] associating input device event1 with output Virtual-1 (none by udev)
[02:23:44.970] associating input device event3 with output Virtual-1 (none by udev)
[02:23:44.970] associating input device event2 with output Virtual-1 (none by udev)
[02:23:44.970] Output 'Virtual-1' enabled with head(s) Virtual-1
[02:23:44.970] Compositor capabilities:
               arbitrary surface rotation: yes
               screen capture uses y-flip: no
               cursor planes: yes
               arbitrary resolutions: no
               view mask clipping: yes
               explicit sync: no
               color operations: no
               presentation clock: CLOCK_MONOTONIC, id 1
               presentation clock resolution: 0.000000001 s
[02:23:44.970] Loading module '/usr/lib/x86_64-linux-gnu/weston/kiosk-shell.so'
[init-phase3] launching chromium url=data:text/html;base64,PCFkb2N0eXBlIGh0bWw+CjxodG1sPgogIDxib2R5IHN0eWxlPSJtYXJnaW46MDtiYWNrZ3JvdW5kOndoaXRlO2ZvbnQtZmFtaWx5OkRlamFWdSBTYW5zLCBzYW5zLXNlcmlmIj4KICAgIDxpbnB1dCBpZD0iaSIgYXV0b2ZvY3VzIHN0eWxlPSJkaXNwbGF5OmJsb2NrO3dpZHRoOjk1dnc7aGVpZ2h0OjEyMHB4O2ZvbnQtc2l6ZTo3MnB4O21hcmdpbjoyMHB4IGF1dG8iIHZhbHVlPSIiPgogICAgPGJ1dHRvbiBpZD0iYiIgb25jbGljaz0iZG9jdW1lbnQuYm9keS5zdHlsZS5iYWNrZ3JvdW5kPSdsaW1lJztkb2N1bWVudC5nZXRFbGVtZW50QnlJZCgncycpLnRleHRDb250ZW50PSdjbGlja2VkJyIgc3R5bGU9ImRpc3BsYXk6YmxvY2s7Zm9udC1zaXplOjY0cHg7bWFyZ2luOjIwcHggYXV0byI+Q0xJQ0s8L2J1dHRvbj4KICAgIDxkaXYgaWQ9InMiIHN0eWxlPSJmb250LXNpemU6NzJweDt0ZXh0LWFsaWduOmNlbnRlciI+aWRsZTwvZGl2PgogIDwvYm9keT4KPC9odG1sPgo= runtime=50 suspend_delay=10 wake=5 pm_test=devices no_suspend=
[init-phase3] chromium pid=127
[init-phase3] scheduling suspend args=--delay-seconds 10 --wake-seconds 5 --pm-test devices
[    2.104747] usb 1-1: new high-speed USB device number 2 using xhci_hcd
[    2.237246] usb 1-1: New USB device found, idVendor=0627, idProduct=0001, bcdDevice= 0.00
[    2.237631] usb 1-1: New USB device strings: Mfr=1, Product=4, SerialNumber=11
[    2.237949] usb 1-1: Product: QEMU USB Keyboard
[    2.238140] usb 1-1: Manufacturer: QEMU
[    2.238322] usb 1-1: SerialNumber: 68284-0000:00:03.0-1
[    2.249400] input: QEMU QEMU USB Keyboard as /devices/pci0000:00/0000:00:03.0/usb1/1-1/1-1:1.0/0003:0627:0001.0001/input/input5
[    2.321802] hid-generic 0003:0627:0001.0001: input,hidraw0: USB HID v1.11 Keyboard [QEMU QEMU USB Keyboard] on usb-0000:00:03.0-1/input0
[    2.442816] usb 1-2: new high-speed USB device number 3 using xhci_hcd
[    2.570649] usb 1-2: New USB device found, idVendor=0627, idProduct=0001, bcdDevice= 0.00
[    2.571918] usb 1-2: New USB device strings: Mfr=1, Product=3, SerialNumber=10
[    2.572970] usb 1-2: Product: QEMU USB Tablet
[    2.573628] usb 1-2: Manufacturer: QEMU
[    2.574198] usb 1-2: SerialNumber: 28754-0000:00:03.0-2
[    2.577432] input: QEMU QEMU USB Tablet as /devices/pci0000:00/0000:00:03.0/usb1/1-2/1-2:1.0/0003:0627:0001.0002/input/input6
[    2.579381] hid-generic 0003:0627:0001.0002: input,hidraw1: USB HID v0.01 Mouse [QEMU QEMU USB Tablet] on usb-0000:00:03.0-2/input0
MESA-LOADER: failed to open dri: /usr/lib/x86_64-linux-gnu/gbm/dri_gbm.so: cannot open shared object file: No such file or directory (search paths /usr/lib/x86_64-linux-gnu/gbm, suffix _gbm)
[127:145:0308/022345.157758:ERROR:dbus/bus.cc:405] Failed to connect to the bus: Failed to connect to socket /run/dbus/system_bus_socket: No such file or directory
[127:145:0308/022345.157775:ERROR:dbus/bus.cc:405] Failed to connect to the bus: Could not parse server address: Unknown address type (examples of valid types are "tcp" and on UNIX "unix")
[127:145:0308/022345.157783:ERROR:dbus/bus.cc:405] Failed to connect to the bus: Failed to connect to socket /run/dbus/system_bus_socket: No such file or directory
[127:145:0308/022345.157790:ERROR:dbus/bus.cc:405] Failed to connect to the bus: Failed to connect to socket /run/dbus/system_bus_socket: No such file or directory
MESA-LOADER: failed to open dri: /usr/lib/x86_64-linux-gnu/gbm/dri_gbm.so: cannot open shared object file: No such file or directory (search paths /usr/lib/x86_64-linux-gnu/gbm, suffix _gbm)
[160:160:0308/022345.165044:ERROR:media/gpu/vaapi/vaapi_wrapper.cc:1626] vaInitialize failed: unknown libva error
[127:145:0308/022345.184443:ERROR:dbus/bus.cc:405] Failed to connect to the bus: Could not parse server address: Unknown address type (examples of valid types are "tcp" and on UNIX "unix")

(process:127): GLib-GIO-CRITICAL **: 02:23:45.197: g_settings_schema_source_lookup: assertion 'source != NULL' failed
[127:145:0308/022345.204391:ERROR:dbus/bus.cc:405] Failed to connect to the bus: Could not parse server address: Unknown address type (examples of valid types are "tcp" and on UNIX "unix")
[127:145:0308/022345.204410:ERROR:dbus/bus.cc:405] Failed to connect to the bus: Could not parse server address: Unknown address type (examples of valid types are "tcp" and on UNIX "unix")
[127:127:0308/022345.255487:ERROR:dbus/object_proxy.cc:572] Failed to call method: org.freedesktop.DBus.NameHasOwner: object_path= /org/freedesktop/DBus: unknown error type: 
[127:145:0308/022345.255780:ERROR:dbus/bus.cc:405] Failed to connect to the bus: Could not parse server address: Unknown address type (examples of valid types are "tcp" and on UNIX "unix")
[127:127:0308/022345.258735:ERROR:dbus/object_proxy.cc:572] Failed to call method: org.freedesktop.DBus.NameHasOwner: object_path= /org/freedesktop/DBus: unknown error type: 
[127:127:0308/022345.265164:ERROR:dbus/object_proxy.cc:572] Failed to call method: org.freedesktop.DBus.NameHasOwner: object_path= /org/freedesktop/DBus: unknown error type: 
[127:145:0308/022345.265201:ERROR:dbus/bus.cc:405] Failed to connect to the bus: Could not parse server address: Unknown address type (examples of valid types are "tcp" and on UNIX "unix")
[127:127:0308/022345.265209:ERROR:dbus/object_proxy.cc:572] Failed to call method: org.freedesktop.DBus.NameHasOwner: object_path= /org/freedesktop/DBus: unknown error type: 
[127:145:0308/022345.268969:ERROR:dbus/bus.cc:405] Failed to connect to the bus: Failed to connect to socket /run/dbus/system_bus_socket: No such file or directory
[127:145:0308/022345.269003:ERROR:dbus/bus.cc:405] Failed to connect to the bus: Failed to connect to socket /run/dbus/system_bus_socket: No such file or directory
[127:127:0308/022345.269102:ERROR:dbus/object_proxy.cc:572] Failed to call method: org.freedesktop.DBus.NameHasOwner: object_path= /org/freedesktop/DBus: unknown error type: 
[127:127:0308/022345.273227:ERROR:dbus/object_proxy.cc:572] Failed to call method: org.freedesktop.DBus.NameHasOwner: object_path= /org/freedesktop/DBus: unknown error type: 
[127:145:0308/022345.273927:ERROR:dbus/bus.cc:405] Failed to connect to the bus: Could not parse server address: Unknown address type (examples of valid types are "tcp" and on UNIX "unix")
[127:127:0308/022345.274514:ERROR:dbus/object_proxy.cc:572] Failed to call method: org.freedesktop.DBus.Properties.GetAll: object_path= /org/freedesktop/UPower/devices/DisplayDevice: unknown error type: 
[127:127:0308/022345.277053:ERROR:dbus/object_proxy.cc:572] Failed to call method: org.freedesktop.DBus.NameHasOwner: object_path= /org/freedesktop/DBus: unknown error type: 
[127:145:0308/022345.277430:ERROR:dbus/bus.cc:405] Failed to connect to the bus: Could not parse server address: Unknown address type (examples of valid types are "tcp" and on UNIX "unix")
[127:127:0308/022345.280637:ERROR:dbus/object_proxy.cc:572] Failed to call method: org.freedesktop.DBus.NameHasOwner: object_path= /org/freedesktop/DBus: unknown error type: 
[127:145:0308/022345.280667:ERROR:dbus/bus.cc:405] Failed to connect to the bus: Could not parse server address: Unknown address type (examples of valid types are "tcp" and on UNIX "unix")
[127:127:0308/022345.280871:ERROR:dbus/object_proxy.cc:572] Failed to call method: org.freedesktop.DBus.NameHasOwner: object_path= /org/freedesktop/DBus: unknown error type: 
@@LOG kind=state wakealarm_seconds=5
@@LOG kind=state state=SUSPENDING cycle=1
[   12.047140] PM: suspend entry (s2idle)
[   12.047721] Filesystems sync: 0.000 seconds
[   12.055518] Freezing user space processes
[   12.057379] Freezing user space processes completed (elapsed 0.001 seconds)
[   12.058471] OOM killer disabled.
[   12.058910] Freezing remaining freezable tasks
[   12.060503] Freezing remaining freezable tasks completed (elapsed 0.001 seconds)
[   12.169101] PM: suspend debug: Waiting for 5 second(s).
[   17.172539] xhci_hcd 0000:00:03.0: xHC error in resume, USBSTS 0x401, Reinit
[   17.172903] usb usb1: root hub lost power or was reset
[   17.173143] usb usb2: root hub lost power or was reset
[   17.436007] usb 1-2: reset high-speed USB device number 3 using xhci_hcd
[   17.677908] usb 1-1: reset high-speed USB device number 2 using xhci_hcd
[   17.806158] OOM killer enabled.
[   17.806873] Restarting tasks ... done.
[   17.819581] random: crng reseeded on system resumption
[   17.822492] PM: suspend exit
@@LOG kind=state state=RESUMED cycle=1 sleep_ms=5784 resume_gap_ms=5784
@@METRIC name=sleep_duration value_ms=5784 cycle=1
@@METRIC name=suspend_resume_gap value_ms=5784 cycle=1
[init-phase3] runtime limit reached, terminating chromium
[init-phase3] chromium exited
[   52.074775] ACPI: PM: Preparing to enter system sleep state S5
[   52.075147] reboot: Power down
