[    0.000000] Linux version 6.8.0-101-generic (buildd@lcy02-amd64-051) (x86_64-linux-gnu-gcc-13 (Ubuntu 13.3.0-6ubuntu2~24.04) 13.3.0, GNU ld (GNU Binutils for Ubuntu) 2.42) #101-Ubuntu SMP PREEMPT_DYNAMIC Mon Feb  9 10:15:05 UTC 2026 (Ubuntu 6.8.0-101.101-generic 6.8.12)
[    0.000000] Command line: console=ttyS0 panic=-1 no_console_suspend rdinit=/init phase3_client=weston-simple-shm display_probe=1 phase3_runtime_seconds=35 phase3_suspend_delay_seconds=10 phase3_wake_seconds=5 phase3_pm_test=devices phase3_drm_state_capture=1 phase3_drm_state_capture_pre_delay_seconds=4 phase3_drm_state_capture_post_delay_seconds=11
[    0.000000] KERNEL supported cpus:
[    0.000000]   Intel GenuineIntel
[    0.000000]   AMD AuthenticAMD
[    0.000000]   Hygon HygonGenuine
[    0.000000]   Centaur CentaurHauls
[    0.000000]   zhaoxin   Shanghai  
[    0.000000] BIOS-provided physical RAM map:
[    0.000000] BIOS-e820: [mem 0x0000000000000000-0x000000000009fbff] usable
[    0.000000] BIOS-e820: [mem 0x000000000009fc00-0x000000000009ffff] reserved
[    0.000000] BIOS-e820: [mem 0x00000000000f0000-0x00000000000fffff] reserved
[    0.000000] BIOS-e820: [mem 0x0000000000100000-0x000000007ffddfff] usable
[    0.000000] BIOS-e820: [mem 0x000000007ffde000-0x000000007fffffff] reserved
[    0.000000] BIOS-e820: [mem 0x00000000b0000000-0x00000000bfffffff] reserved
[    0.000000] BIOS-e820: [mem 0x00000000fed1c000-0x00000000fed1ffff] reserved
[    0.000000] BIOS-e820: [mem 0x00000000feffc000-0x00000000feffffff] reserved
[    0.000000] BIOS-e820: [mem 0x00000000fffc0000-0x00000000ffffffff] reserved
[    0.000000] NX (Execute Disable) protection: active
[    0.000000] APIC: Static calls initialized
[    0.000000] SMBIOS 3.0.0 present.
[    0.000000] DMI: QEMU Standard PC (Q35 + ICH9, 2009), BIOS 1.16.3-debian-1.16.3-2 04/01/2014
[    0.000000] Hypervisor detected: KVM
[    0.000000] kvm-clock: Using msrs 4b564d01 and 4b564d00
[    0.000000] kvm-clock: using sched offset of 293798763 cycles
[    0.000002] clocksource: kvm-clock: mask: 0xffffffffffffffff max_cycles: 0x1cd42e4dffb, max_idle_ns: 881590591483 ns
[    0.000004] tsc: Detected 2803.200 MHz processor
[    0.000640] last_pfn = 0x7ffde max_arch_pfn = 0x400000000
[    0.000677] MTRR map: 4 entries (3 fixed + 1 variable; max 19), built from 8 variable MTRRs
[    0.000680] x86/PAT: Configuration [0-7]: WB  WC  UC- UC  WB  WP  UC- WT  
[    0.004663] found SMP MP-table at [mem 0x000f5470-0x000f547f]
[    0.004682] Using GB pages for direct mapping
[    0.004792] RAMDISK: [mem 0x75de6000-0x7ffcffff]
[    0.004800] ACPI: Early table checksum verification disabled
[    0.004805] ACPI: RSDP 0x00000000000F52B0 000014 (v00 BOCHS )
[    0.004809] ACPI: RSDT 0x000000007FFE2304 000038 (v01 BOCHS  BXPC     00000001 BXPC 00000001)
[    0.004814] ACPI: FACP 0x000000007FFE20FC 0000F4 (v03 BOCHS  BXPC     00000001 BXPC 00000001)
[    0.004819] ACPI: DSDT 0x000000007FFE0040 0020BC (v01 BOCHS  BXPC     00000001 BXPC 00000001)
[    0.004821] ACPI: FACS 0x000000007FFE0000 000040
[    0.004823] ACPI: APIC 0x000000007FFE21F0 000078 (v03 BOCHS  BXPC     00000001 BXPC 00000001)
[    0.004826] ACPI: HPET 0x000000007FFE2268 000038 (v01 BOCHS  BXPC     00000001 BXPC 00000001)
[    0.004828] ACPI: MCFG 0x000000007FFE22A0 00003C (v01 BOCHS  BXPC     00000001 BXPC 00000001)
[    0.004830] ACPI: WAET 0x000000007FFE22DC 000028 (v01 BOCHS  BXPC     00000001 BXPC 00000001)
[    0.004832] ACPI: Reserving FACP table memory at [mem 0x7ffe20fc-0x7ffe21ef]
[    0.004833] ACPI: Reserving DSDT table memory at [mem 0x7ffe0040-0x7ffe20fb]
[    0.004834] ACPI: Reserving FACS table memory at [mem 0x7ffe0000-0x7ffe003f]
[    0.004834] ACPI: Reserving APIC table memory at [mem 0x7ffe21f0-0x7ffe2267]
[    0.004835] ACPI: Reserving HPET table memory at [mem 0x7ffe2268-0x7ffe229f]
[    0.004836] ACPI: Reserving MCFG table memory at [mem 0x7ffe22a0-0x7ffe22db]
[    0.004836] ACPI: Reserving WAET table memory at [mem 0x7ffe22dc-0x7ffe2303]
[    0.005091] No NUMA configuration found
[    0.005092] Faking a node at [mem 0x0000000000000000-0x000000007ffddfff]
[    0.005098] NODE_DATA(0) allocated [mem 0x75dbb000-0x75de5fff]
[    0.005234] Zone ranges:
[    0.005235]   DMA      [mem 0x0000000000001000-0x0000000000ffffff]
[    0.005236]   DMA32    [mem 0x0000000001000000-0x000000007ffddfff]
[    0.005237]   Normal   empty
[    0.005238]   Device   empty
[    0.005239] Movable zone start for each node
[    0.005240] Early memory node ranges
[    0.005240]   node   0: [mem 0x0000000000001000-0x000000000009efff]
[    0.005241]   node   0: [mem 0x0000000000100000-0x000000007ffddfff]
[    0.005242] Initmem setup node 0 [mem 0x0000000000001000-0x000000007ffddfff]
[    0.005516] On node 0, zone DMA: 1 pages in unavailable ranges
[    0.005525] On node 0, zone DMA: 97 pages in unavailable ranges
[    0.010096] On node 0, zone DMA32: 34 pages in unavailable ranges
[    0.010358] ACPI: PM-Timer IO Port: 0x608
[    0.010370] ACPI: LAPIC_NMI (acpi_id[0xff] dfl dfl lint[0x1])
[    0.010399] IOAPIC[0]: apic_id 0, version 17, address 0xfec00000, GSI 0-23
[    0.010401] ACPI: INT_SRC_OVR (bus 0 bus_irq 0 global_irq 2 dfl dfl)
[    0.010403] ACPI: INT_SRC_OVR (bus 0 bus_irq 5 global_irq 5 high level)
[    0.010404] ACPI: INT_SRC_OVR (bus 0 bus_irq 9 global_irq 9 high level)
[    0.010404] ACPI: INT_SRC_OVR (bus 0 bus_irq 10 global_irq 10 high level)
[    0.010405] ACPI: INT_SRC_OVR (bus 0 bus_irq 11 global_irq 11 high level)
[    0.010408] ACPI: Using ACPI (MADT) for SMP configuration information
[    0.010409] ACPI: HPET id: 0x8086a201 base: 0xfed00000
[    0.010413] TSC deadline timer available
[    0.010414] smpboot: Allowing 1 CPUs, 0 hotplug CPUs
[    0.010430] kvm-guest: APIC: eoi() replaced with kvm_guest_apic_eoi_write()
[    0.010452] PM: hibernation: Registered nosave memory: [mem 0x00000000-0x00000fff]
[    0.010453] PM: hibernation: Registered nosave memory: [mem 0x0009f000-0x000fffff]
[    0.010454] [mem 0xc0000000-0xfed1bfff] available for PCI devices
[    0.010456] Booting paravirtualized kernel on KVM
[    0.010457] clocksource: refined-jiffies: mask: 0xffffffff max_cycles: 0xffffffff, max_idle_ns: 1910969940391419 ns
[    0.010464] setup_percpu: NR_CPUS:8192 nr_cpumask_bits:1 nr_cpu_ids:1 nr_node_ids:1
[    0.010766] percpu: Embedded 86 pages/cpu s229376 r8192 d114688 u2097152
[    0.010798] kvm-guest: PV spinlocks disabled, single CPU
[    0.010800] Kernel command line: console=ttyS0 panic=-1 no_console_suspend rdinit=/init phase3_client=weston-simple-shm display_probe=1 phase3_runtime_seconds=35 phase3_suspend_delay_seconds=10 phase3_wake_seconds=5 phase3_pm_test=devices phase3_drm_state_capture=1 phase3_drm_state_capture_pre_delay_seconds=4 phase3_drm_state_capture_post_delay_seconds=11
[    0.010929] Unknown kernel command line parameters "phase3_client=weston-simple-shm display_probe=1 phase3_runtime_seconds=35 phase3_suspend_delay_seconds=10 phase3_wake_seconds=5 phase3_pm_test=devices phase3_drm_state_capture=1 phase3_drm_state_capture_pre_delay_seconds=4 phase3_drm_state_capture_post_delay_seconds=11", will be passed to user space.
[    0.010971] random: crng init done
[    0.011251] Dentry cache hash table entries: 262144 (order: 9, 2097152 bytes, linear)
[    0.011333] Inode-cache hash table entries: 131072 (order: 8, 1048576 bytes, linear)
[    0.011365] Fallback order for Node 0: 0 
[    0.011368] Built 1 zonelists, mobility grouping on.  Total pages: 515806
[    0.011369] Policy zone: DMA32
[    0.011373] mem auto-init: stack:all(zero), heap alloc:on, heap free:off
[    0.014726] Memory: 1840196K/2096624K available (22528K kernel code, 4439K rwdata, 14400K rodata, 4920K init, 4788K bss, 256168K reserved, 0K cma-reserved)
[    0.015354] SLUB: HWalign=64, Order=0-3, MinObjects=0, CPUs=1, Nodes=1
[    0.015374] ftrace: allocating 58250 entries in 228 pages
[    0.023254] ftrace: allocated 228 pages with 4 groups
[    0.024036] Dynamic Preempt: voluntary
[    0.024308] rcu: Preemptible hierarchical RCU implementation.
[    0.024309] rcu: 	RCU restricting CPUs from NR_CPUS=8192 to nr_cpu_ids=1.
[    0.024311] 	Trampoline variant of Tasks RCU enabled.
[    0.024311] 	Rude variant of Tasks RCU enabled.
[    0.024311] 	Tracing variant of Tasks RCU enabled.
[    0.024312] rcu: RCU calculated value of scheduler-enlistment delay is 100 jiffies.
[    0.024313] rcu: Adjusting geometry for rcu_fanout_leaf=16, nr_cpu_ids=1
[    0.024319] RCU Tasks: Setting shift to 0 and lim to 1 rcu_task_cb_adjust=1 rcu_task_cpu_ids=1.
[    0.024321] RCU Tasks Rude: Setting shift to 0 and lim to 1 rcu_task_cb_adjust=1 rcu_task_cpu_ids=1.
[    0.024322] RCU Tasks Trace: Setting shift to 0 and lim to 1 rcu_task_cb_adjust=1 rcu_task_cpu_ids=1.
[    0.026751] NR_IRQS: 524544, nr_irqs: 256, preallocated irqs: 16
[    0.026941] rcu: srcu_init: Setting srcu_struct sizes based on contention.
[    0.033937] Console: colour VGA+ 80x25
[    0.033969] printk: legacy console [ttyS0] enabled
[    0.088713] ACPI: Core revision 20230628
[    0.089065] clocksource: hpet: mask: 0xffffffff max_cycles: 0xffffffff, max_idle_ns: 19112604467 ns
[    0.089716] APIC: Switch to symmetric I/O mode setup
[    0.090209] x2apic enabled
[    0.090586] APIC: Switched APIC routing to: physical x2apic
[    0.091735] ..TIMER: vector=0x30 apic1=0 pin1=2 apic2=-1 pin2=-1
[    0.092216] clocksource: tsc-early: mask: 0xffffffffffffffff max_cycles: 0x28680fa287f, max_idle_ns: 440795281151 ns
[    0.092994] Calibrating delay loop (skipped) preset value.. 5606.40 BogoMIPS (lpj=2803200)
[    0.094030] x86/cpu: User Mode Instruction Prevention (UMIP) activated
[    0.094595] Last level iTLB entries: 4KB 0, 2MB 0, 4MB 0
[    0.094975] Last level dTLB entries: 4KB 0, 2MB 0, 4MB 0, 1GB 0
[    0.094998] Spectre V1 : Mitigation: usercopy/swapgs barriers and __user pointer sanitization
[    0.095995] Spectre V2 : Spectre BHI mitigation: SW BHB clearing on vm exit
[    0.096452] Spectre V2 : Spectre BHI mitigation: SW BHB clearing on syscall
[    0.096901] Spectre V2 : Mitigation: Enhanced / Automatic IBRS
[    0.096992] Spectre V2 : Spectre v2 / PBRSB-eIBRS: Retire a single CALL on VMEXIT
[    0.097486] Spectre V2 : mitigation: Enabling conditional Indirect Branch Prediction Barrier
[    0.097993] Speculative Store Bypass: Mitigation: Speculative Store Bypass disabled via prctl
[    0.098499] ITS: WARNING: ITS mitigation depends on retpoline and rethunk support
[    0.098992] ITS: Vulnerable
[    0.099214] x86/fpu: Supporting XSAVE feature 0x001: 'x87 floating point registers'
[    0.099992] x86/fpu: Supporting XSAVE feature 0x002: 'SSE registers'
[    0.100462] x86/fpu: Supporting XSAVE feature 0x004: 'AVX registers'
[    0.100992] x86/fpu: Supporting XSAVE feature 0x020: 'AVX-512 opmask'
[    0.101433] x86/fpu: Supporting XSAVE feature 0x040: 'AVX-512 Hi256'
[    0.101860] x86/fpu: Supporting XSAVE feature 0x080: 'AVX-512 ZMM_Hi256'
[    0.101992] x86/fpu: Supporting XSAVE feature 0x200: 'Protection Keys User registers'
[    0.102518] x86/fpu: xstate_offset[2]:  576, xstate_sizes[2]:  256
[    0.102992] x86/fpu: xstate_offset[5]:  832, xstate_sizes[5]:   64
[    0.103370] x86/fpu: xstate_offset[6]:  896, xstate_sizes[6]:  512
[    0.103992] x86/fpu: xstate_offset[7]: 1408, xstate_sizes[7]: 1024
[    0.104427] x86/fpu: xstate_offset[9]: 2432, xstate_sizes[9]:    8
[    0.104848] x86/fpu: Enabled xstate features 0x2e7, context size is 2440 bytes, using 'compacted' format.
[    0.128387] Freeing SMP alternatives memory: 48K
[    0.128728] pid_max: default: 32768 minimum: 301
[    0.129036] LSM: initializing lsm=lockdown,capability,landlock,yama,apparmor,integrity
[    0.129545] landlock: Up and running.
[    0.129766] Yama: becoming mindful.
[    0.130015] AppArmor: AppArmor initialized
[    0.130289] Mount-cache hash table entries: 4096 (order: 3, 32768 bytes, linear)
[    0.130785] Mountpoint-cache hash table entries: 4096 (order: 3, 32768 bytes, linear)
[    0.131215] smpboot: CPU0: 11th Gen Intel(R) Core(TM) i7-1165G7 @ 2.80GHz (family: 0x6, model: 0x8c, stepping: 0x1)
[    0.131991] Performance Events: Icelake events, full-width counters, Intel PMU driver.
[    0.132639] ... version:                2
[    0.132932] ... bit width:              48
[    0.132995] ... generic registers:      8
[    0.133268] ... value mask:             0000ffffffffffff
[    0.133632] ... max period:             00007fffffffffff
[    0.133989] ... fixed-purpose events:   3
[    0.133993] ... event mask:             00000007000000ff
[    0.134441] signal: max sigframe size: 3632
[    0.134724] rcu: Hierarchical SRCU implementation.
[    0.134993] rcu: 	Max phase no-delay instances is 400.
[    0.135609] smp: Bringing up secondary CPUs ...
[    0.135958] smp: Brought up 1 node, 1 CPU
[    0.135999] smpboot: Max logical packages: 1
[    0.136295] smpboot: Total of 1 processors activated (5606.40 BogoMIPS)
[    0.136862] devtmpfs: initialized
[    0.137019] x86/mm: Memory block size: 128MB
[    0.137636] clocksource: jiffies: mask: 0xffffffff max_cycles: 0xffffffff, max_idle_ns: 1911260446275000 ns
[    0.137998] futex hash table entries: 256 (order: 2, 16384 bytes, linear)
[    0.138509] pinctrl core: initialized pinctrl subsystem
[    0.138995] PM: RTC time: 05:36:38, date: 2026-03-08
[    0.139922] NET: Registered PF_NETLINK/PF_ROUTE protocol family
[    0.140120] DMA: preallocated 256 KiB GFP_KERNEL pool for atomic allocations
[    0.140606] DMA: preallocated 256 KiB GFP_KERNEL|GFP_DMA pool for atomic allocations
[    0.141007] DMA: preallocated 256 KiB GFP_KERNEL|GFP_DMA32 pool for atomic allocations
[    0.141522] audit: initializing netlink subsys (disabled)
[    0.141947] thermal_sys: Registered thermal governor 'fair_share'
[    0.141948] thermal_sys: Registered thermal governor 'bang_bang'
[    0.141994] thermal_sys: Registered thermal governor 'step_wise'
[    0.142352] thermal_sys: Registered thermal governor 'user_space'
[    0.142711] thermal_sys: Registered thermal governor 'power_allocator'
[    0.142994] audit: type=2000 audit(1772948198.863:1): state=initialized audit_enabled=0 res=1
[    0.143911] cpuidle: using governor ladder
[    0.143995] cpuidle: using governor menu
[    0.144357] acpiphp: ACPI Hot Plug PCI Controller Driver version: 0.5
[    0.144918] PCI: ECAM [mem 0xb0000000-0xbfffffff] (base 0xb0000000) for domain 0000 [bus 00-ff]
[    0.144995] PCI: ECAM [mem 0xb0000000-0xbfffffff] reserved as E820 entry
[    0.145422] PCI: Using configuration type 1 for base access
[    0.145862] kprobes: kprobe jump-optimization is enabled. All kprobes are optimized if possible.
[    0.173108] HugeTLB: registered 1.00 GiB page size, pre-allocated 0 pages
[    0.173771] HugeTLB: 16380 KiB vmemmap can be freed for a 1.00 GiB page
[    0.173996] HugeTLB: registered 2.00 MiB page size, pre-allocated 0 pages
[    0.174451] HugeTLB: 28 KiB vmemmap can be freed for a 2.00 MiB page
[    0.176178] ACPI: Added _OSI(Module Device)
[    0.176483] ACPI: Added _OSI(Processor Device)
[    0.176782] ACPI: Added _OSI(Processor Aggregator Device)
[    0.177860] ACPI: 1 ACPI AML tables successfully acquired and loaded
[    0.178708] ACPI: _OSC evaluation for CPUs failed, trying _PDC
[    0.179069] ACPI: Interpreter enabled
[    0.179324] ACPI: PM: (supports S0 S3 S4 S5)
[    0.179611] ACPI: Using IOAPIC for interrupt routing
[    0.180004] PCI: Using host bridge windows from ACPI; if necessary, use "pci=nocrs" and report a bug
[    0.180537] PCI: Using E820 reservations for host bridge windows
[    0.180964] ACPI: Enabled 2 GPEs in block 00 to 3F
[    0.182097] ACPI: PCI Root Bridge [PCI0] (domain 0000 [bus 00-ff])
[    0.182476] acpi PNP0A08:00: _OSC: OS supports [ExtendedConfig ASPM ClockPM Segments MSI EDR HPX-Type3]
[    0.183025] acpi PNP0A08:00: _OSC: platform does not support [PCIeHotplug LTR DPC]
[    0.183597] acpi PNP0A08:00: _OSC: OS now controls [SHPCHotplug PME AER PCIeCapability]
[    0.184079] PCI host bridge to bus 0000:00
[    0.184341] pci_bus 0000:00: root bus resource [io  0x0000-0x0cf7 window]
[    0.184875] pci_bus 0000:00: root bus resource [io  0x0d00-0xffff window]
[    0.184993] pci_bus 0000:00: root bus resource [mem 0x000a0000-0x000bffff window]
[    0.185440] pci_bus 0000:00: root bus resource [mem 0x80000000-0xafffffff window]
[    0.185879] pci_bus 0000:00: root bus resource [mem 0xc0000000-0xfebfffff window]
[    0.185993] pci_bus 0000:00: root bus resource [mem 0x100000000-0x8ffffffff window]
[    0.186440] pci_bus 0000:00: root bus resource [bus 00-ff]
[    0.186841] pci 0000:00:00.0: [8086:29c0] type 00 class 0x060000 conventional PCI endpoint
[    0.187344] pci 0000:00:01.0: [1af4:1000] type 00 class 0x020000 conventional PCI endpoint
[    0.188418] pci 0000:00:01.0: BAR 0 [io  0xc040-0xc05f]
[    0.188782] pci 0000:00:01.0: BAR 4 [mem 0xfe800000-0xfe803fff 64bit pref]
[    0.189000] pci 0000:00:01.0: ROM [mem 0xfeb00000-0xfeb7ffff pref]
[    0.189821] pci 0000:00:02.0: [1af4:1050] type 00 class 0x030000 conventional PCI endpoint
[    0.191004] pci 0000:00:02.0: BAR 0 [mem 0xfe000000-0xfe7fffff pref]
[    0.191418] pci 0000:00:02.0: BAR 2 [mem 0xfe804000-0xfe807fff 64bit pref]
[    0.191874] pci 0000:00:02.0: BAR 4 [mem 0xfeb94000-0xfeb94fff]
[    0.192002] pci 0000:00:02.0: ROM [mem 0xfeb80000-0xfeb8ffff pref]
[    0.192482] pci 0000:00:02.0: Video device with shadowed ROM at [mem 0x000c0000-0x000dffff]
[    0.193365] pci 0000:00:03.0: [1b36:000d] type 00 class 0x0c0330 PCIe Root Complex Integrated Endpoint
[    0.194321] pci 0000:00:03.0: BAR 0 [mem 0xfeb90000-0xfeb93fff 64bit]
[    0.201960] pci 0000:00:1f.0: [8086:2918] type 00 class 0x060100 conventional PCI endpoint
[    0.202218] pci 0000:00:1f.0: quirk: [io  0x0600-0x067f] claimed by ICH6 ACPI/GPIO/TCO
[    0.202910] pci 0000:00:1f.2: [8086:2922] type 00 class 0x010601 conventional PCI endpoint
[    0.203571] pci 0000:00:1f.2: BAR 4 [io  0xc060-0xc07f]
[    0.203888] pci 0000:00:1f.2: BAR 5 [mem 0xfeb95000-0xfeb95fff]
[    0.204208] pci 0000:00:1f.3: [8086:2930] type 00 class 0x0c0500 conventional PCI endpoint
[    0.205128] pci 0000:00:1f.3: BAR 4 [io  0x0700-0x073f]
[    0.205766] ACPI: PCI: Interrupt link LNKA configured for IRQ 10
[    0.206048] ACPI: PCI: Interrupt link LNKB configured for IRQ 10
[    0.206495] ACPI: PCI: Interrupt link LNKC configured for IRQ 11
[    0.206953] ACPI: PCI: Interrupt link LNKD configured for IRQ 11
[    0.207039] ACPI: PCI: Interrupt link LNKE configured for IRQ 10
[    0.207514] ACPI: PCI: Interrupt link LNKF configured for IRQ 10
[    0.207906] ACPI: PCI: Interrupt link LNKG configured for IRQ 11
[    0.208035] ACPI: PCI: Interrupt link LNKH configured for IRQ 11
[    0.208429] ACPI: PCI: Interrupt link GSIA configured for IRQ 16
[    0.208786] ACPI: PCI: Interrupt link GSIB configured for IRQ 17
[    0.208998] ACPI: PCI: Interrupt link GSIC configured for IRQ 18
[    0.209371] ACPI: PCI: Interrupt link GSID configured for IRQ 19
[    0.209728] ACPI: PCI: Interrupt link GSIE configured for IRQ 20
[    0.209998] ACPI: PCI: Interrupt link GSIF configured for IRQ 21
[    0.210404] ACPI: PCI: Interrupt link GSIG configured for IRQ 22
[    0.210811] ACPI: PCI: Interrupt link GSIH configured for IRQ 23
[    0.211305] iommu: Default domain type: Translated
[    0.211671] iommu: DMA domain TLB invalidation policy: lazy mode
[    0.212133] SCSI subsystem initialized
[    0.212440] ACPI: bus type USB registered
[    0.212735] usbcore: registered new interface driver usbfs
[    0.212998] usbcore: registered new interface driver hub
[    0.213366] usbcore: registered new device driver usb
[    0.213692] pps_core: LinuxPPS API ver. 1 registered
[    0.213985] pps_core: Software ver. 5.3.6 - Copyright 2005-2007 Rodolfo Giometti <giometti@linux.it>
[    0.213995] PTP clock support registered
[    0.214302] EDAC MC: Ver: 3.0.0
[    0.214799] NetLabel: Initializing
[    0.214993] NetLabel:  domain hash size = 128
[    0.215290] NetLabel:  protocols = UNLABELED CIPSOv4 CALIPSO
[    0.215709] NetLabel:  unlabeled traffic allowed by default
[    0.216023] mctp: management component transport protocol core
[    0.216413] NET: Registered PF_MCTP protocol family
[    0.216761] PCI: Using ACPI for IRQ routing
[    0.309320] pci 0000:00:02.0: vgaarb: setting as boot VGA device
[    0.309760] pci 0000:00:02.0: vgaarb: bridge control possible
[    0.309991] pci 0000:00:02.0: vgaarb: VGA device added: decodes=io+mem,owns=io+mem,locks=none
[    0.309994] vgaarb: loaded
[    0.310302] hpet0: at MMIO 0xfed00000, IRQs 2, 8, 0
[    0.310655] hpet0: 3 comparators, 64-bit 100.000000 MHz counter
[    0.315023] clocksource: Switched to clocksource kvm-clock
[    0.315850] VFS: Disk quotas dquot_6.6.0
[    0.316140] VFS: Dquot-cache hash table entries: 512 (order 0, 4096 bytes)
[    0.316684] AppArmor: AppArmor Filesystem Enabled
[    0.317015] pnp: PnP ACPI init
[    0.317384] system 00:05: [mem 0xb0000000-0xbfffffff window] has been reserved
[    0.318263] pnp: PnP ACPI: found 6 devices
[    0.323655] clocksource: acpi_pm: mask: 0xffffff max_cycles: 0xffffff, max_idle_ns: 2085701024 ns
[    0.324269] NET: Registered PF_INET protocol family
[    0.324903] IP idents hash table entries: 32768 (order: 6, 262144 bytes, linear)
[    0.334259] tcp_listen_portaddr_hash hash table entries: 1024 (order: 2, 16384 bytes, linear)
[    0.334868] Table-perturb hash table entries: 65536 (order: 6, 262144 bytes, linear)
[    0.335354] TCP established hash table entries: 16384 (order: 5, 131072 bytes, linear)
[    0.335916] TCP bind hash table entries: 16384 (order: 7, 524288 bytes, linear)
[    0.336375] TCP: Hash tables configured (established 16384 bind 16384)
[    0.336854] MPTCP token hash table entries: 2048 (order: 3, 49152 bytes, linear)
[    0.337391] UDP hash table entries: 1024 (order: 3, 32768 bytes, linear)
[    0.337809] UDP-Lite hash table entries: 1024 (order: 3, 32768 bytes, linear)
[    0.338264] NET: Registered PF_UNIX/PF_LOCAL protocol family
[    0.338626] NET: Registered PF_XDP protocol family
[    0.338915] pci_bus 0000:00: resource 4 [io  0x0000-0x0cf7 window]
[    0.339279] pci_bus 0000:00: resource 5 [io  0x0d00-0xffff window]
[    0.339663] pci_bus 0000:00: resource 6 [mem 0x000a0000-0x000bffff window]
[    0.340089] pci_bus 0000:00: resource 7 [mem 0x80000000-0xafffffff window]
[    0.340547] pci_bus 0000:00: resource 8 [mem 0xc0000000-0xfebfffff window]
[    0.340947] pci_bus 0000:00: resource 9 [mem 0x100000000-0x8ffffffff window]
[    0.341559] ACPI: \_SB_.GSIH: Enabled at IRQ 23
[    0.342318] PCI: CLS 0 bytes, default 64
[    0.342666] Trying to unpack rootfs image as initramfs...
[    0.344131] clocksource: tsc: mask: 0xffffffffffffffff max_cycles: 0x28680fa287f, max_idle_ns: 440795281151 ns
[    0.345237] Initialise system trusted keyrings
[    0.345531] Key type blacklist registered
[    0.347176] workingset: timestamp_bits=36 max_order=19 bucket_order=0
[    0.347667] zbud: loaded
[    0.349194] squashfs: version 4.0 (2009/01/31) Phillip Lougher
[    0.349707] fuse: init (API version 7.39)
[    0.351180] integrity: Platform Keyring initialized
[    0.351525] integrity: Machine keyring initialized
[    0.365122] Key type asymmetric registered
[    0.365474] Asymmetric key parser 'x509' registered
[    0.365841] Block layer SCSI generic (bsg) driver version 0.4 loaded (major 243)
[    0.367095] io scheduler mq-deadline registered
[    0.368109] shpchp: Standard Hot Plug PCI Controller Driver version: 0.4
[    0.368661] input: Power Button as /devices/LNXSYSTM:00/LNXPWRBN:00/input/input0
[    0.370184] ACPI: button: Power Button [PWRF]
[    0.371619] ACPI: \_SB_.GSIF: Enabled at IRQ 21
[    0.373588] ACPI: \_SB_.GSIG: Enabled at IRQ 22
[    0.376070] Serial: 8250/16550 driver, 32 ports, IRQ sharing enabled
[    0.422203] 00:03: ttyS0 at I/O 0x3f8 (irq = 4, base_baud = 115200) is a 16550A
[    0.426808] Linux agpgart interface v0.103
[    0.428773] loop: module loaded
[    0.430137] ACPI: bus type drm_connector registered
[    0.430572] tun: Universal TUN/TAP device driver, 1.6
[    0.432391] PPP generic driver version 2.4.2
[    0.432823] i8042: PNP: PS/2 Controller [PNP0303:KBD,PNP0f13:MOU] at 0x60,0x64 irq 1,12
[    0.434514] serio: i8042 KBD port at 0x60,0x64 irq 1
[    0.434869] serio: i8042 AUX port at 0x60,0x64 irq 12
[    0.437230] mousedev: PS/2 mouse device common for all mice
[    0.437754] input: AT Translated Set 2 keyboard as /devices/platform/i8042/serio0/input/input1
[    0.438483] rtc_cmos 00:04: RTC can wake from S4
[    0.439062] rtc_cmos 00:04: registered as rtc0
[    0.439369] rtc_cmos 00:04: setting system clock to 2026-03-08T05:36:38 UTC (1772948198)
[    0.439900] rtc_cmos 00:04: alarms up to one day, y3k, 242 bytes nvram, hpet irqs
[    0.442091] i2c_dev: i2c /dev entries driver
[    0.442369] device-mapper: core: CONFIG_IMA_DISABLE_HTABLE is disabled. Duplicate IMA measurements will not be recorded in the IMA log.
[    0.444120] device-mapper: uevent: version 1.0.3
[    0.445070] device-mapper: ioctl: 4.48.0-ioctl (2023-03-01) initialised: dm-devel@redhat.com
[    0.445653] intel_pstate: CPU model not supported
[    0.447060] ledtrig-cpu: registered to indicate activity on CPUs
[    0.447555] drop_monitor: Initializing network drop monitor service
[    0.447989] NET: Registered PF_INET6 protocol family
[    1.837169] Freeing initrd memory: 165800K
[    1.837638] Segment Routing with IPv6
[    1.837877] In-situ OAM (IOAM) with IPv6
[    1.838152] NET: Registered PF_PACKET protocol family
[    1.838492] Key type dns_resolver registered
[    1.838992] IPI shorthand broadcast: enabled
[    1.840146] sched_clock: Marking stable (1777001521, 63045308)->(1852671039, -12624210)
[    1.840721] registered taskstats version 1
[    1.841062] Loading compiled-in X.509 certificates
[    1.841814] Loaded X.509 cert 'Build time autogenerated kernel key: 7f71bdefc17a4d88631555bf9efbb1c93d6f5260'
[    1.842959] Loaded X.509 cert 'Canonical Ltd. Live Patch Signing 2025 Kmod: d541cef61dc7e793b7eb7e899970a2eef0b5dc8c'
[    1.844001] Loaded X.509 cert 'Canonical Ltd. Live Patch Signing: 14df34d1a87cf37625abec039ef2bf521249b969'
[    1.844931] Loaded X.509 cert 'Canonical Ltd. Kernel Module Signing: 88f752e560a1e0737e31163a466ad7b70a850c19'
[    1.845582] blacklist: Loading compiled-in revocation X.509 certificates
[    1.846062] Loaded X.509 cert 'Canonical Ltd. Secure Boot Signing: 61482aa2830d0ab2ad5af10b7250da9033ddcef0'
[    1.846744] Loaded X.509 cert 'Canonical Ltd. Secure Boot Signing (2017): 242ade75ac4a15e50d50c84b0d45ff3eae707a03'
[    1.847456] Loaded X.509 cert 'Canonical Ltd. Secure Boot Signing (ESM 2018): 365188c1d374d6b07c3c8f240f8ef722433d6a8b'
[    1.848244] Loaded X.509 cert 'Canonical Ltd. Secure Boot Signing (2019): c0746fd6c5da3ae827864651ad66ae47fe24b3e8'
[    1.848920] Loaded X.509 cert 'Canonical Ltd. Secure Boot Signing (2021 v1): a8d54bbb3825cfb94fa13c9f8a594a195c107b8d'
[    1.849581] Loaded X.509 cert 'Canonical Ltd. Secure Boot Signing (2021 v2): 4cf046892d6fd3c9a5b03f98d845f90851dc6a8c'
[    1.850233] Loaded X.509 cert 'Canonical Ltd. Secure Boot Signing (2021 v3): 100437bb6de6e469b581e61cd66bce3ef4ed53af'
[    1.850916] Loaded X.509 cert 'Canonical Ltd. Secure Boot Signing (Ubuntu Core 2019): c1d57b8f6b743f23ee41f4f7ee292f06eecadfb9'
[    1.854681] Key type .fscrypt registered
[    1.854954] Key type fscrypt-provisioning registered
[    1.855458] Key type encrypted registered
[    1.855733] AppArmor: AppArmor sha256 policy hashing enabled
[    1.856129] ima: No TPM chip found, activating TPM-bypass!
[    1.856512] Loading compiled-in module X.509 certificates
[    1.857197] Loaded X.509 cert 'Build time autogenerated kernel key: 7f71bdefc17a4d88631555bf9efbb1c93d6f5260'
[    1.857869] ima: Allocated hash algorithm: sha256
[    1.858222] ima: No architecture policies found
[    1.858533] evm: Initialising EVM extended attributes:
[    1.858849] evm: security.selinux
[    1.859057] evm: security.SMACK64
[    1.859261] evm: security.SMACK64EXEC
[    1.859510] evm: security.SMACK64TRANSMUTE
[    1.859804] evm: security.SMACK64MMAP
[    1.860063] evm: security.apparmor
[    1.860296] evm: security.ima
[    1.860512] evm: security.capability
[    1.860769] evm: HMAC attrs: 0x1
[    1.861217] PM:   Magic number: 2:690:617
[    1.864946] RAS: Correctable Errors collector initialized.
[    1.865362] clk: Disabling unused clocks
[    1.871490] Freeing unused decrypted memory: 2028K
[    1.872101] Freeing unused kernel image (initmem) memory: 4920K
[    1.872388] Write protecting the kernel read-only data: 38912k
[    1.873088] Freeing unused kernel image (rodata/data gap) memory: 1984K
[    1.881163] x86/mm: Checked W+X mappings: passed, no W+X pages found.
[    1.881501] Run /init as init process
[init-phase3] booted
[init-phase3] loading module=/lib/modules/6.8.0-101-generic/kernel/drivers/virtio/virtio_dma_buf.ko
[init-phase3] loading module=/lib/modules/6.8.0-101-generic/kernel/drivers/gpu/drm/virtio/virtio-gpu.ko
[    1.889505] [drm] pci: virtio-vga detected at 0000:00:02.0
[    1.889760] virtio-pci 0000:00:02.0: vgaarb: deactivate vga console
[    1.894221] Console: switching to colour dummy device 80x25
[    1.894640] [drm] features: -virgl +edid -resource_blob -host_visible
[    1.894641] [drm] features: -context_init
[    1.895478] [drm] number of scanouts: 1
[    1.895666] [drm] number of cap sets: 0
[    1.896094] [drm] Initialized virtio_gpu 0.1.0 0 for 0000:00:02.0 on minor 0
[    1.903906] fbcon: virtio_gpudrmfb (fb0) is primary device
[    1.906343] Console: switching to colour frame buffer device 160x50
[    1.908818] virtio-pci 0000:00:02.0: [drm] fb0: virtio_gpudrmfb frame buffer device
[init-phase3] loading module=/lib/modules/6.8.0-101-generic/kernel/drivers/hid/hid.ko
[    1.914657] hid: raw HID events driver (C) Jiri Kosina
[init-phase3] loading module=/lib/modules/6.8.0-101-generic/kernel/drivers/hid/hid-generic.ko
[init-phase3] loading module=/lib/modules/6.8.0-101-generic/kernel/drivers/hid/usbhid/usbhid.ko
[    1.918007] usbcore: registered new interface driver usbhid
[    1.918248] usbhid: USB HID core driver
[init-phase3] loading module=/lib/modules/6.8.0-101-generic/kernel/drivers/hid/usbhid/usbkbd.ko
[    1.919500] usbcore: registered new interface driver usbkbd
[init-phase3] loading module=/lib/modules/6.8.0-101-generic/kernel/drivers/hid/usbhid/usbmouse.ko
[    1.920825] usbcore: registered new interface driver usbmouse
[init-phase3] loading module=/lib/modules/6.8.0-101-generic/kernel/drivers/input/mouse/psmouse.ko
[    1.924439] input: VirtualPS/2 VMware VMMouse as /devices/platform/i8042/serio1/input/input4
[    1.924923] input: VirtualPS/2 VMware VMMouse as /devices/platform/i8042/serio1/input/input3
[init-phase3] loading module=/lib/modules/6.8.0-101-generic/kernel/drivers/usb/host/xhci-pci-renesas.ko
[init-phase3] loading module=/lib/modules/6.8.0-101-generic/kernel/drivers/usb/host/xhci-pci.ko
[    1.928318] xhci_hcd 0000:00:03.0: xHCI Host Controller
[    1.928585] xhci_hcd 0000:00:03.0: new USB bus registered, assigned bus number 1
[    1.929097] xhci_hcd 0000:00:03.0: hcc params 0x00087001 hci version 0x100 quirks 0x0000000000000010
[    1.929805] xhci_hcd 0000:00:03.0: xHCI Host Controller
[    1.930051] xhci_hcd 0000:00:03.0: new USB bus registered, assigned bus number 2
[    1.930384] xhci_hcd 0000:00:03.0: Host supports USB 3.0 SuperSpeed
[    1.930832] usb usb1: New USB device found, idVendor=1d6b, idProduct=0002, bcdDevice= 6.08
[    1.931180] usb usb1: New USB device strings: Mfr=3, Product=2, SerialNumber=1
[    1.931465] usb usb1: Product: xHCI Host Controller
[    1.931685] usb usb1: Manufacturer: Linux 6.8.0-101-generic xhci-hcd
[    1.931936] usb usb1: SerialNumber: 0000:00:03.0
[    1.932200] hub 1-0:1.0: USB hub found
[    1.932371] hub 1-0:1.0: 4 ports detected
[    1.932653] usb usb2: We don't know the algorithms for LPM for this host, disabling LPM.
[    1.932974] usb usb2: New USB device found, idVendor=1d6b, idProduct=0003, bcdDevice= 6.08
[    1.933299] usb usb2: New USB device strings: Mfr=3, Product=2, SerialNumber=1
[    1.933598] usb usb2: Product: xHCI Host Controller
[    1.933793] usb usb2: Manufacturer: Linux 6.8.0-101-generic xhci-hcd
[    1.934050] usb usb2: SerialNumber: 0000:00:03.0
[    1.934266] hub 2-0:1.0: USB hub found
[    1.934429] hub 2-0:1.0: 4 ports detected
Starting systemd-udevd version 255.4-1ubuntu8.8
total 0
drwxr-xr-x    2 root     root            80 Mar  8 05:36 by-path
crw-rw----    1 root     video     226,   0 Mar  8 05:36 card0
crw-rw----    1 root     root      226, 128 Mar  8 05:36 renderD128
total 0
drwxr-xr-x    2 root     root           100 Mar  8 05:36 by-path
crw-rw----    1 root     input      13,  64 Mar  8 05:36 event0
crw-rw----    1 root     input      13,  65 Mar  8 05:36 event1
crw-rw----    1 root     input      13,  66 Mar  8 05:36 event2
crw-rw----    1 root     input      13,  67 Mar  8 05:36 event3
crw-rw----    1 root     input      13,  63 Mar  8 05:36 mice
crw-rw----    1 root     input      13,  32 Mar  8 05:36 mouse0
crw-rw----    1 root     input      13,  33 Mar  8 05:36 mouse1
[init-phase3] seatd pid=123
[init-phase3] weston pid=124
[init-phase3] wayland ready
Date: 2026-03-08 UTC
[05:36:40.039] weston 13.0.0
               https://wayland.freedesktop.org
               Bug reports to: https://gitlab.freedesktop.org/wayland/weston/issues/
               Build: 13.0.0
[05:36:40.039] Command line: /usr/bin/weston --backend=drm --renderer=pixman --shell=kiosk-shell.so --socket=wayland-1 --continue-without-input --log=/var/log/weston.log
[05:36:40.039] OS: Linux, 6.8.0-101-generic, #101-Ubuntu SMP PREEMPT_DYNAMIC Mon Feb  9 10:15:05 UTC 2026, x86_64
[05:36:40.039] Flight recorder: enabled
[05:36:40.039] Using config file '/etc/xdg/weston/weston.ini'
[05:36:40.039] Output repaint window is 7 ms maximum.
[05:36:40.039] Loading module '/usr/lib/x86_64-linux-gnu/libweston-13/drm-backend.so'
[05:36:40.040] initializing drm backend
[05:36:40.040] Trying libseat launcher...
[05:36:40.040] [libseat/libseat.c:62] Seat opened with backend 'seatd'
[05:36:40.040] [libseat/backend/seatd.c:212] Enabling seat
[05:36:40.040] libseat: session control granted
[05:36:40.040] using /dev/dri/card0
[05:36:40.040] DRM: supports atomic modesetting
[05:36:40.040] DRM: does not support GBM modifiers
[05:36:40.040] DRM: does not support async page flipping
[05:36:40.040] DRM: supports picture aspect ratio
[05:36:40.040] Using Pixman renderer
[05:36:40.042] event0  - Power Button: is tagged by udev as: Keyboard
[05:36:40.042] event0  - Power Button: device is a keyboard
[05:36:40.042] event1  - AT Translated Set 2 keyboard: is tagged by udev as: Keyboard
[05:36:40.042] event1  - AT Translated Set 2 keyboard: device is a keyboard
[05:36:40.043] event3  - VirtualPS/2 VMware VMMouse: is tagged by udev as: Mouse
[05:36:40.043] event3  - VirtualPS/2 VMware VMMouse: device is a pointer
[05:36:40.043] event2  - VirtualPS/2 VMware VMMouse: is tagged by udev as: Mouse
[05:36:40.043] event2  - VirtualPS/2 VMware VMMouse: device is a pointer
[05:36:40.046] libinput: configuring device "Power Button".
[05:36:40.046] libinput: configuring device "AT Translated Set 2 keyboard".
[05:36:40.046] libinput: configuring device "VirtualPS/2 VMware VMMouse".
[05:36:40.046] libinput: configuring device "VirtualPS/2 VMware VMMouse".
[05:36:40.046] input device event2 has no enabled output associated (none named), skipping calibration for now.
[05:36:40.046] DRM: head 'Virtual-1' found, connector 36 is connected, EDID make 'RHT', model 'QEMU Monitor', serial ''
               Supported EOTF modes: SDR
[05:36:40.046] Registered plugin API 'weston_drm_output_api_v1' of size 40
[05:36:40.046] Registered plugin API 'weston_drm_virtual_output_api_v2' of size 48
[05:36:40.046] Color manager: no-op
[05:36:40.046] Output 'Virtual-1' attempts EOTF mode: SDR
[05:36:40.046] Output 'Virtual-1' using color profile: stock sRGB color profile
[05:36:40.066] DRM: output Virtual-1 uses shadow framebuffer.
[05:36:40.066] Output Virtual-1 (crtc 35) video modes:
               1280x800@75.0, preferred, current, 107.3 MHz
               5120x2160@50.0 64:27, 742.5 MHz
               4096x2160@50.0 256:135, 594.0 MHz
               3840x2160@60.0 16:9, 594.0 MHz
               3840x2160@59.9 16:9, 593.4 MHz
               3840x2160@50.0 16:9, 594.0 MHz
               1920x1440@60.0, 234.0 MHz
               2560x1080@50.0 64:27, 185.6 MHz
               1856x1392@60.0, 218.2 MHz
               1792x1344@60.0, 204.8 MHz
               2048x1152@60.0, 162.0 MHz
               1920x1200@59.9, 193.2 MHz
               1920x1080@60.0, 148.5 MHz
               1920x1080@50.0 16:9, 148.5 MHz
               1600x1200@60.0, 162.0 MHz
               1680x1050@60.0, 146.2 MHz
               1400x1050@60.0, 121.8 MHz
               1280x1024@60.0, 108.0 MHz
               1440x900@59.9, 106.5 MHz
               1280x960@60.0, 108.0 MHz
               1360x768@60.0, 85.5 MHz
               1280x768@59.9, 79.5 MHz
               1024x768@60.0, 65.0 MHz
               800x600@60.3, 40.0 MHz
               640x480@60.0 4:3, 25.2 MHz
               640x480@59.9, 25.2 MHz
[05:36:40.066] associating input device event0 with output Virtual-1 (none by udev)
[05:36:40.066] associating input device event1 with output Virtual-1 (none by udev)
[05:36:40.066] associating input device event3 with output Virtual-1 (none by udev)
[05:36:40.066] associating input device event2 with output Virtual-1 (none by udev)
[05:36:40.066] Output 'Virtual-1' enabled with head(s) Virtual-1
[05:36:40.066] Compositor capabilities:
               arbitrary surface rotation: yes
               screen capture uses y-flip: no
               cursor planes: yes
               arbitrary resolutions: no
               view mask clipping: yes
               explicit sync: no
               color operations: no
               presentation clock: CLOCK_MONOTONIC, id 1
               presentation clock resolution: 0.000000001 s
[05:36:40.066] Loading module '/usr/lib/x86_64-linux-gnu/weston/kiosk-shell.so'
[init-phase3] display_probe pid=126
[init-phase3] launching client=weston-simple-shm url=about:blank runtime=35 suspend_delay=10 wake=5 pm_test=devices no_suspend=
[init-phase3] app pid=130 client=weston-simple-shm
[    2.172100] usb 1-1: new high-speed USB device number 2 using xhci_hcd
[    2.299358] usb 1-1: New USB device found, idVendor=0627, idProduct=0001, bcdDevice= 0.00
[    2.299824] usb 1-1: New USB device strings: Mfr=1, Product=4, SerialNumber=11
[    2.300174] usb 1-1: Product: QEMU USB Keyboard
[    2.300390] usb 1-1: Manufacturer: QEMU
[    2.300579] usb 1-1: SerialNumber: 68284-0000:00:03.0-1
[    2.301593] input: QEMU QEMU USB Keyboard as /devices/pci0000:00/0000:00:03.0/usb1/1-1/1-1:1.0/0003:0627:0001.0001/input/input5
[    2.355234] hid-generic 0003:0627:0001.0001: input,hidraw0: USB HID v1.11 Keyboard [QEMU QEMU USB Keyboard] on usb-0000:00:03.0-1/input0
[    2.470066] usb 1-2: new high-speed USB device number 3 using xhci_hcd
[    2.596561] usb 1-2: New USB device found, idVendor=0627, idProduct=0001, bcdDevice= 0.00
[    2.597020] usb 1-2: New USB device strings: Mfr=1, Product=3, SerialNumber=10
[    2.597406] usb 1-2: Product: QEMU USB Tablet
[    2.597648] usb 1-2: Manufacturer: QEMU
[    2.597852] usb 1-2: SerialNumber: 28754-0000:00:03.0-2
[    2.599824] input: QEMU QEMU USB Tablet as /devices/pci0000:00/0000:00:03.0/usb1/1-2/1-2:1.0/0003:0627:0001.0002/input/input6
[    2.602228] hid-generic 0003:0627:0001.0002: input,hidraw1: USB HID v0.01 Mouse [QEMU QEMU USB Tablet] on usb-0000:00:03.0-2/input0
[init-phase3] drm-state-capture tag=pre delay=4
@@DRMSTATE tag=pre card=0 base=/sys/kernel/debug/dri/0 files=state,framebuffer,clients,gem_names,name text_size=2624 gzip_size=803 sha256_txt=cb01acff76ad2c5fdff1416ec7c6f3d65b0b93eff7e1c25176857f2015a4139e compression=gzip
@@DRMSTATE_BEGIN tag=pre
H4sIAAAAAAAAA9VUXWvbMBR9tn+F6FNLSZHtfDWgl7UdFMYeSjc2QjGyLbvebMmT5DTtr9+V7Pgj
SaF9GasSC91zpat7j6RDCDT0+fbLDVKaaoaMTdyqoJytA+9hhexwgl0nljompjNGGpGp5zoOLQoR
w7oERc+IoCemtOCAS5bGouaa+GCkQpZUkx93/hQVudYFmzCe5JSjU7wNpoE/82fLM5hYiiRPcyYJ
3sIejspfGPH8Jd4usbEL+sykWsHIutb4Yeh1qlzHjwaceb4FRJoqpg3SmNEvGNvlDqcla9A+1cCa
QIPUBGMP44AtG8jkMcWXc9xs5ORlJSQUTbiwdkUzpsJasbAv2nE2Ja0GYLN0Q5ME6ttrDbuTSqiu
onP4uY6SPXrRzDXOdnh+MHAdKeAcc8EJHA83xBeQfTJ5MVHMPqIQEuiPgWqekdv7b5M79On+Yo49
9PMqupK7KZLyjBELwaGVuTlji7UTwjIrdRg/GiiByO2V8bsr47VX5pTXRXFmr8ywTjjicYldff9j
dSbtdTCD4nYvgHEaFczkQWOdb+xIsSIN4T5Jph7DFoaplg/VRYOJcNHZIHobYojEgnMWayHVGD2S
WxM/LKn6bWJ3KzvE8sF62+y+Qie7m3ayQosZ8vAiwBgZEHlzM5oHS+Qt/CWCOfBN4YMx2Hg7NR11
u63WwRyo+Z5LXdOiO/kdVWNanqi0rJR0C+CfGiSDJWFUxV2BqqIxI9cspXWhXddKErr5en2oU6SX
r1TCk47qNGWydQ6Q9TQwD/8VteoUABJ/q1aNpWpPqXqhOqJT+zI1VqmBSPUaNZaogUItEuweEag9
fToqT8fU6RVxGhHpvYVI/6MR2Ur9PyQyuDxC5DqN4E09fOQr2TL3Tia9dzK5LwqHr38gDXGRM65V
60DDFouypDxBSGd5ghK2QSCSGoJQcNYA2VbSLI/HCxFSjGrj9/wAegzfM9p11mzbYbLjfAaJZqwM
DcV9qsZqdgM+EUh+UoB3R/5B5P0Ag9g2UoNuQKdzEWZVbSq25K7M37/AqOY5SPIIO9hlEOov0nj/
vEAKAAA=
@@DRMSTATE_END tag=pre
[init-phase3] drm-state-capture tag=post delay=11
@@DRMSTATE tag=post card=0 base=/sys/kernel/debug/dri/0 files=state,framebuffer,clients,gem_names,name text_size=2624 gzip_size=798 sha256_txt=05facdc54f4e2a54db9d05c694d7cc67af765062fb018fb5c232c776c8a1932d compression=gzip
@@DRMSTATE_BEGIN tag=post
H4sIAAAAAAAAA9VUXWvbMBR9tn+F6FNLSZHtfDWgl7UdFMYeSjc2QjGyLbvebMmT5DTtr9+V7Pgj
SaF9GasSC92jq6t7j6RDCDT0+fbLDVKaaoaMTdyqoJytA+9hhexwgl0nljompjNGGpFp4DoOLQoR
w7oERc+IoCemtOCAS5bGouaa+GCkQpZUkx93/hQVudYFmzCe5JSjU7wNpoE/82fLM3AsRZKnOZME
b2EPR+UvjHj+Em+X2NgFfWZSrWBkp9b4YTjrVLmOHw0483wLiDRVTBukMaNfMLbLHU5L1qB9qoE1
gQapCcYexouk8bB5TPHlHDcbOXlZCQlFEy6sXdGMqbBWLOyLdpxNSasB2Czd0CSB+vZaw+6kEqqr
6Bx+rqNkj140vmayHZ4fDFxHCjjHXHDiuQ43xBeQfTJ5MVHMPqIQEuiPgWqekdv7b5M79On+Yo49
9PMqupI7F0l5xoiF4NDK3JyxxVqHsMxKHcaPBkogcntl/O7KeO2VOeV1UZzZKzOsE454XGJX3/9Y
nUl7HcyguN0LYJxGBTN50FjnGztSrEhDuE+SqcewhcHV8qG6aOAIF50NorchhkgsOGexFlKN0SO5
NfHDkqrfJna3skMsH6y3ze4rdLK7aScrtJghDy8CjJEBkTc3o3mwRN7CXyLwgW8KH4zBxtup6ajb
bbUO5kDN91zqmhbdye+oGtPyRKVlpaRbAP/UIBksCaMq7gpUFY0ZuWYprQvtulaS0M3X60OdIr18
pRKedFSnKZPt5ABZTwPz8F9Rq6FYvVWrxlK1p1S9UB3RqX2ZGqvUQKR6jRpL1KFC7QvUnj4dladj
6vSKOI2I9N5CpPfRiAzY8h8TGVweIXKdRvCmHj4yky1z72TSeyeT+6Jw+PoH0hAXOeNatRNo2GJR
lpQnCOksT1DCNghEUkMQCpM1QLaVNMvj8UKEFKPazHt+AD2G7xntOmu27TDZcT6DRDNWhobiPlVj
NbsBnwgkPylgdkf+QeT9AIPYNlKDbkCncxFmVW0qtuSuzN+/wKjmOUjyCDvYZRDqL4u3fL1ACgAA
@@DRMSTATE_END tag=post
[init-phase3] scheduling suspend args=--delay-seconds 10 --wake-seconds 5 --pm-test devices
@@LOG kind=state wakealarm_seconds=5
@@LOG kind=state state=SUSPENDING cycle=1
[   27.147789] PM: suspend entry (s2idle)
[   27.147987] Filesystems sync: 0.000 seconds
[   27.155126] Freezing user space processes
[   27.156444] Freezing user space processes completed (elapsed 0.001 seconds)
[   27.156992] OOM killer disabled.
[   27.157253] Freezing remaining freezable tasks
[   27.158657] Freezing remaining freezable tasks completed (elapsed 0.001 seconds)
[   27.265873] PM: suspend debug: Waiting for 5 second(s).
[   32.267665] xhci_hcd 0000:00:03.0: xHC error in resume, USBSTS 0x401, Reinit
[   32.268063] usb usb1: root hub lost power or was reset
[   32.268329] usb usb2: root hub lost power or was reset
[   32.536122] usb 1-2: reset high-speed USB device number 3 using xhci_hcd
[   32.776150] usb 1-1: reset high-speed USB device number 2 using xhci_hcd
[   32.903659] OOM killer enabled.
[   32.903926] Restarting tasks ... done.
[   32.905025] random: crng reseeded on system resumption
[   32.906767] PM: suspend exit
@@LOG kind=state state=RESUMED cycle=1 sleep_ms=5760 resume_gap_ms=5760
@@METRIC name=sleep_duration value_ms=5760 cycle=1
@@METRIC name=suspend_resume_gap value_ms=5760 cycle=1
[init-phase3] runtime limit reached, terminating client=weston-simple-shm
Terminated
