[    0.000000] Linux version 6.8.0-101-generic (buildd@lcy02-amd64-051) (x86_64-linux-gnu-gcc-13 (Ubuntu 13.3.0-6ubuntu2~24.04) 13.3.0, GNU ld (GNU Binutils for Ubuntu) 2.42) #101-Ubuntu SMP PREEMPT_DYNAMIC Mon Feb  9 10:15:05 UTC 2026 (Ubuntu 6.8.0-101.101-generic 6.8.12)
[    0.000000] Command line: console=ttyS0 panic=-1 no_console_suspend rdinit=/init display_probe=1 display_unbind_fbcon=1 phase2_idle_seconds=5 phase2_max_suspend_cycles=1 phase2_wake_seconds=5 phase2_pm_test=devices phase2_runtime_seconds=20
[    0.000000] KERNEL supported cpus:
[    0.000000]   Intel GenuineIntel
[    0.000000]   AMD AuthenticAMD
[    0.000000]   Hygon HygonGenuine
[    0.000000]   Centaur CentaurHauls
[    0.000000]   zhaoxin   Shanghai  
[    0.000000] BIOS-provided physical RAM map:
[    0.000000] BIOS-e820: [mem 0x0000000000000000-0x000000000009fbff] usable
[    0.000000] BIOS-e820: [mem 0x000000000009fc00-0x000000000009ffff] reserved
[    0.000000] BIOS-e820: [mem 0x00000000000f0000-0x00000000000fffff] reserved
[    0.000000] BIOS-e820: [mem 0x0000000000100000-0x000000003ffddfff] usable
[    0.000000] BIOS-e820: [mem 0x000000003ffde000-0x000000003fffffff] reserved
[    0.000000] BIOS-e820: [mem 0x00000000b0000000-0x00000000bfffffff] reserved
[    0.000000] BIOS-e820: [mem 0x00000000fed1c000-0x00000000fed1ffff] reserved
[    0.000000] BIOS-e820: [mem 0x00000000feffc000-0x00000000feffffff] reserved
[    0.000000] BIOS-e820: [mem 0x00000000fffc0000-0x00000000ffffffff] reserved
[    0.000000] NX (Execute Disable) protection: active
[    0.000000] APIC: Static calls initialized
[    0.000000] SMBIOS 3.0.0 present.
[    0.000000] DMI: QEMU Standard PC (Q35 + ICH9, 2009), BIOS 1.16.3-debian-1.16.3-2 04/01/2014
[    0.000000] Hypervisor detected: KVM
[    0.000000] kvm-clock: Using msrs 4b564d01 and 4b564d00
[    0.000000] kvm-clock: using sched offset of 257463135 cycles
[    0.000002] clocksource: kvm-clock: mask: 0xffffffffffffffff max_cycles: 0x1cd42e4dffb, max_idle_ns: 881590591483 ns
[    0.000004] tsc: Detected 2803.200 MHz processor
[    0.000640] last_pfn = 0x3ffde max_arch_pfn = 0x400000000
[    0.000677] MTRR map: 4 entries (3 fixed + 1 variable; max 19), built from 8 variable MTRRs
[    0.000680] x86/PAT: Configuration [0-7]: WB  WC  UC- UC  WB  WP  UC- WT  
[    0.004807] found SMP MP-table at [mem 0x000f5470-0x000f547f]
[    0.004820] Using GB pages for direct mapping
[    0.004879] RAMDISK: [mem 0x3ed24000-0x3ffcffff]
[    0.004884] ACPI: Early table checksum verification disabled
[    0.004887] ACPI: RSDP 0x00000000000F52B0 000014 (v00 BOCHS )
[    0.004891] ACPI: RSDT 0x000000003FFE2304 000038 (v01 BOCHS  BXPC     00000001 BXPC 00000001)
[    0.004895] ACPI: FACP 0x000000003FFE20FC 0000F4 (v03 BOCHS  BXPC     00000001 BXPC 00000001)
[    0.004899] ACPI: DSDT 0x000000003FFE0040 0020BC (v01 BOCHS  BXPC     00000001 BXPC 00000001)
[    0.004901] ACPI: FACS 0x000000003FFE0000 000040
[    0.004903] ACPI: APIC 0x000000003FFE21F0 000078 (v03 BOCHS  BXPC     00000001 BXPC 00000001)
[    0.004905] ACPI: HPET 0x000000003FFE2268 000038 (v01 BOCHS  BXPC     00000001 BXPC 00000001)
[    0.004907] ACPI: MCFG 0x000000003FFE22A0 00003C (v01 BOCHS  BXPC     00000001 BXPC 00000001)
[    0.004909] ACPI: WAET 0x000000003FFE22DC 000028 (v01 BOCHS  BXPC     00000001 BXPC 00000001)
[    0.004911] ACPI: Reserving FACP table memory at [mem 0x3ffe20fc-0x3ffe21ef]
[    0.004912] ACPI: Reserving DSDT table memory at [mem 0x3ffe0040-0x3ffe20fb]
[    0.004912] ACPI: Reserving FACS table memory at [mem 0x3ffe0000-0x3ffe003f]
[    0.004913] ACPI: Reserving APIC table memory at [mem 0x3ffe21f0-0x3ffe2267]
[    0.004913] ACPI: Reserving HPET table memory at [mem 0x3ffe2268-0x3ffe229f]
[    0.004914] ACPI: Reserving MCFG table memory at [mem 0x3ffe22a0-0x3ffe22db]
[    0.004914] ACPI: Reserving WAET table memory at [mem 0x3ffe22dc-0x3ffe2303]
[    0.005123] No NUMA configuration found
[    0.005124] Faking a node at [mem 0x0000000000000000-0x000000003ffddfff]
[    0.005128] NODE_DATA(0) allocated [mem 0x3ecf9000-0x3ed23fff]
[    0.005226] Zone ranges:
[    0.005227]   DMA      [mem 0x0000000000001000-0x0000000000ffffff]
[    0.005228]   DMA32    [mem 0x0000000001000000-0x000000003ffddfff]
[    0.005244]   Normal   empty
[    0.005244]   Device   empty
[    0.005245] Movable zone start for each node
[    0.005246] Early memory node ranges
[    0.005247]   node   0: [mem 0x0000000000001000-0x000000000009efff]
[    0.005248]   node   0: [mem 0x0000000000100000-0x000000003ffddfff]
[    0.005249] Initmem setup node 0 [mem 0x0000000000001000-0x000000003ffddfff]
[    0.005450] On node 0, zone DMA: 1 pages in unavailable ranges
[    0.005459] On node 0, zone DMA: 97 pages in unavailable ranges
[    0.007896] On node 0, zone DMA32: 34 pages in unavailable ranges
[    0.008146] ACPI: PM-Timer IO Port: 0x608
[    0.008160] ACPI: LAPIC_NMI (acpi_id[0xff] dfl dfl lint[0x1])
[    0.008195] IOAPIC[0]: apic_id 0, version 17, address 0xfec00000, GSI 0-23
[    0.008198] ACPI: INT_SRC_OVR (bus 0 bus_irq 0 global_irq 2 dfl dfl)
[    0.008199] ACPI: INT_SRC_OVR (bus 0 bus_irq 5 global_irq 5 high level)
[    0.008200] ACPI: INT_SRC_OVR (bus 0 bus_irq 9 global_irq 9 high level)
[    0.008201] ACPI: INT_SRC_OVR (bus 0 bus_irq 10 global_irq 10 high level)
[    0.008202] ACPI: INT_SRC_OVR (bus 0 bus_irq 11 global_irq 11 high level)
[    0.008205] ACPI: Using ACPI (MADT) for SMP configuration information
[    0.008206] ACPI: HPET id: 0x8086a201 base: 0xfed00000
[    0.008225] TSC deadline timer available
[    0.008225] smpboot: Allowing 1 CPUs, 0 hotplug CPUs
[    0.008243] kvm-guest: APIC: eoi() replaced with kvm_guest_apic_eoi_write()
[    0.008264] PM: hibernation: Registered nosave memory: [mem 0x00000000-0x00000fff]
[    0.008265] PM: hibernation: Registered nosave memory: [mem 0x0009f000-0x000fffff]
[    0.008267] [mem 0x40000000-0xafffffff] available for PCI devices
[    0.008268] Booting paravirtualized kernel on KVM
[    0.008270] clocksource: refined-jiffies: mask: 0xffffffff max_cycles: 0xffffffff, max_idle_ns: 1910969940391419 ns
[    0.008275] setup_percpu: NR_CPUS:8192 nr_cpumask_bits:1 nr_cpu_ids:1 nr_node_ids:1
[    0.008580] percpu: Embedded 86 pages/cpu s229376 r8192 d114688 u2097152
[    0.008615] kvm-guest: PV spinlocks disabled, single CPU
[    0.008616] Kernel command line: console=ttyS0 panic=-1 no_console_suspend rdinit=/init display_probe=1 display_unbind_fbcon=1 phase2_idle_seconds=5 phase2_max_suspend_cycles=1 phase2_wake_seconds=5 phase2_pm_test=devices phase2_runtime_seconds=20
[    0.008716] Unknown kernel command line parameters "display_probe=1 display_unbind_fbcon=1 phase2_idle_seconds=5 phase2_max_suspend_cycles=1 phase2_wake_seconds=5 phase2_pm_test=devices phase2_runtime_seconds=20", will be passed to user space.
[    0.008761] random: crng init done
[    0.008790] Dentry cache hash table entries: 131072 (order: 8, 1048576 bytes, linear)
[    0.008824] Inode-cache hash table entries: 65536 (order: 7, 524288 bytes, linear)
[    0.008855] Fallback order for Node 0: 0 
[    0.008858] Built 1 zonelists, mobility grouping on.  Total pages: 257758
[    0.008859] Policy zone: DMA32
[    0.008863] mem auto-init: stack:all(zero), heap alloc:on, heap free:off
[    0.011536] Memory: 956224K/1048048K available (22528K kernel code, 4439K rwdata, 14400K rodata, 4920K init, 4788K bss, 91564K reserved, 0K cma-reserved)
[    0.012166] SLUB: HWalign=64, Order=0-3, MinObjects=0, CPUs=1, Nodes=1
[    0.012189] ftrace: allocating 58250 entries in 228 pages
[    0.019989] ftrace: allocated 228 pages with 4 groups
[    0.020721] Dynamic Preempt: voluntary
[    0.020968] rcu: Preemptible hierarchical RCU implementation.
[    0.020969] rcu: 	RCU restricting CPUs from NR_CPUS=8192 to nr_cpu_ids=1.
[    0.020971] 	Trampoline variant of Tasks RCU enabled.
[    0.020971] 	Rude variant of Tasks RCU enabled.
[    0.020972] 	Tracing variant of Tasks RCU enabled.
[    0.020972] rcu: RCU calculated value of scheduler-enlistment delay is 100 jiffies.
[    0.020973] rcu: Adjusting geometry for rcu_fanout_leaf=16, nr_cpu_ids=1
[    0.020981] RCU Tasks: Setting shift to 0 and lim to 1 rcu_task_cb_adjust=1 rcu_task_cpu_ids=1.
[    0.020983] RCU Tasks Rude: Setting shift to 0 and lim to 1 rcu_task_cb_adjust=1 rcu_task_cpu_ids=1.
[    0.020984] RCU Tasks Trace: Setting shift to 0 and lim to 1 rcu_task_cb_adjust=1 rcu_task_cpu_ids=1.
[    0.023499] NR_IRQS: 524544, nr_irqs: 256, preallocated irqs: 16
[    0.023687] rcu: srcu_init: Setting srcu_struct sizes based on contention.
[    0.030267] Console: colour VGA+ 80x25
[    0.030299] printk: legacy console [ttyS0] enabled
[    0.084363] ACPI: Core revision 20230628
[    0.084822] clocksource: hpet: mask: 0xffffffff max_cycles: 0xffffffff, max_idle_ns: 19112604467 ns
[    0.085597] APIC: Switch to symmetric I/O mode setup
[    0.086169] x2apic enabled
[    0.086803] APIC: Switched APIC routing to: physical x2apic
[    0.088095] ..TIMER: vector=0x30 apic1=0 pin1=2 apic2=-1 pin2=-1
[    0.088565] clocksource: tsc-early: mask: 0xffffffffffffffff max_cycles: 0x28680fa287f, max_idle_ns: 440795281151 ns
[    0.089362] Calibrating delay loop (skipped) preset value.. 5606.40 BogoMIPS (lpj=2803200)
[    0.090485] x86/cpu: User Mode Instruction Prevention (UMIP) activated
[    0.091455] Last level iTLB entries: 4KB 0, 2MB 0, 4MB 0
[    0.091845] Last level dTLB entries: 4KB 0, 2MB 0, 4MB 0, 1GB 0
[    0.092315] Spectre V1 : Mitigation: usercopy/swapgs barriers and __user pointer sanitization
[    0.092363] Spectre V2 : Spectre BHI mitigation: SW BHB clearing on vm exit
[    0.093360] Spectre V2 : Spectre BHI mitigation: SW BHB clearing on syscall
[    0.093822] Spectre V2 : Mitigation: Enhanced / Automatic IBRS
[    0.094221] Spectre V2 : Spectre v2 / PBRSB-eIBRS: Retire a single CALL on VMEXIT
[    0.094361] Spectre V2 : mitigation: Enabling conditional Indirect Branch Prediction Barrier
[    0.095360] Speculative Store Bypass: Mitigation: Speculative Store Bypass disabled via prctl
[    0.095858] ITS: WARNING: ITS mitigation depends on retpoline and rethunk support
[    0.096330] ITS: Vulnerable
[    0.096378] x86/fpu: Supporting XSAVE feature 0x001: 'x87 floating point registers'
[    0.096851] x86/fpu: Supporting XSAVE feature 0x002: 'SSE registers'
[    0.097359] x86/fpu: Supporting XSAVE feature 0x004: 'AVX registers'
[    0.097745] x86/fpu: Supporting XSAVE feature 0x020: 'AVX-512 opmask'
[    0.098159] x86/fpu: Supporting XSAVE feature 0x040: 'AVX-512 Hi256'
[    0.098359] x86/fpu: Supporting XSAVE feature 0x080: 'AVX-512 ZMM_Hi256'
[    0.098800] x86/fpu: Supporting XSAVE feature 0x200: 'Protection Keys User registers'
[    0.099360] x86/fpu: xstate_offset[2]:  576, xstate_sizes[2]:  256
[    0.099807] x86/fpu: xstate_offset[5]:  832, xstate_sizes[5]:   64
[    0.100360] x86/fpu: xstate_offset[6]:  896, xstate_sizes[6]:  512
[    0.100785] x86/fpu: xstate_offset[7]: 1408, xstate_sizes[7]: 1024
[    0.101360] x86/fpu: xstate_offset[9]: 2432, xstate_sizes[9]:    8
[    0.101786] x86/fpu: Enabled xstate features 0x2e7, context size is 2440 bytes, using 'compacted' format.
[    0.125954] Freeing SMP alternatives memory: 48K
[    0.126327] pid_max: default: 32768 minimum: 301
[    0.126409] LSM: initializing lsm=lockdown,capability,landlock,yama,apparmor,integrity
[    0.127004] landlock: Up and running.
[    0.127360] Yama: becoming mindful.
[    0.127627] AppArmor: AppArmor initialized
[    0.127946] Mount-cache hash table entries: 2048 (order: 2, 16384 bytes, linear)
[    0.128361] Mountpoint-cache hash table entries: 2048 (order: 2, 16384 bytes, linear)
[    0.129427] smpboot: CPU0: 11th Gen Intel(R) Core(TM) i7-1165G7 @ 2.80GHz (family: 0x6, model: 0x8c, stepping: 0x1)
[    0.130202] Performance Events: Icelake events, full-width counters, Intel PMU driver.
[    0.130363] ... version:                2
[    0.130639] ... bit width:              48
[    0.130887] ... generic registers:      8
[    0.131130] ... value mask:             0000ffffffffffff
[    0.131361] ... max period:             00007fffffffffff
[    0.131747] ... fixed-purpose events:   3
[    0.132029] ... event mask:             00000007000000ff
[    0.132433] signal: max sigframe size: 3632
[    0.132983] rcu: Hierarchical SRCU implementation.
[    0.133338] rcu: 	Max phase no-delay instances is 400.
[    0.133596] smp: Bringing up secondary CPUs ...
[    0.133922] smp: Brought up 1 node, 1 CPU
[    0.134209] smpboot: Max logical packages: 1
[    0.134365] smpboot: Total of 1 processors activated (5606.40 BogoMIPS)
[    0.134982] devtmpfs: initialized
[    0.135222] x86/mm: Memory block size: 128MB
[    0.135574] clocksource: jiffies: mask: 0xffffffff max_cycles: 0xffffffff, max_idle_ns: 1911260446275000 ns
[    0.136249] futex hash table entries: 256 (order: 2, 16384 bytes, linear)
[    0.136421] pinctrl core: initialized pinctrl subsystem
[    0.136832] PM: RTC time: 03:18:30, date: 2026-03-08
[    0.137563] NET: Registered PF_NETLINK/PF_ROUTE protocol family
[    0.138030] DMA: preallocated 128 KiB GFP_KERNEL pool for atomic allocations
[    0.138377] DMA: preallocated 128 KiB GFP_KERNEL|GFP_DMA pool for atomic allocations
[    0.138935] DMA: preallocated 128 KiB GFP_KERNEL|GFP_DMA32 pool for atomic allocations
[    0.139376] audit: initializing netlink subsys (disabled)
[    0.139816] thermal_sys: Registered thermal governor 'fair_share'
[    0.139817] thermal_sys: Registered thermal governor 'bang_bang'
[    0.140241] thermal_sys: Registered thermal governor 'step_wise'
[    0.140361] thermal_sys: Registered thermal governor 'user_space'
[    0.140811] thermal_sys: Registered thermal governor 'power_allocator'
[    0.141198] audit: type=2000 audit(1772939911.120:1): state=initialized audit_enabled=0 res=1
[    0.141954] cpuidle: using governor ladder
[    0.142240] cpuidle: using governor menu
[    0.142421] acpiphp: ACPI Hot Plug PCI Controller Driver version: 0.5
[    0.142894] PCI: ECAM [mem 0xb0000000-0xbfffffff] (base 0xb0000000) for domain 0000 [bus 00-ff]
[    0.143362] PCI: ECAM [mem 0xb0000000-0xbfffffff] reserved as E820 entry
[    0.143840] PCI: Using configuration type 1 for base access
[    0.144347] kprobes: kprobe jump-optimization is enabled. All kprobes are optimized if possible.
[    0.171383] HugeTLB: registered 1.00 GiB page size, pre-allocated 0 pages
[    0.171906] HugeTLB: 16380 KiB vmemmap can be freed for a 1.00 GiB page
[    0.172357] HugeTLB: registered 2.00 MiB page size, pre-allocated 0 pages
[    0.172361] HugeTLB: 28 KiB vmemmap can be freed for a 2.00 MiB page
[    0.173541] ACPI: Added _OSI(Module Device)
[    0.173845] ACPI: Added _OSI(Processor Device)
[    0.174161] ACPI: Added _OSI(Processor Aggregator Device)
[    0.175228] ACPI: 1 ACPI AML tables successfully acquired and loaded
[    0.176073] ACPI: _OSC evaluation for CPUs failed, trying _PDC
[    0.176450] ACPI: Interpreter enabled
[    0.176739] ACPI: PM: (supports S0 S3 S4 S5)
[    0.177036] ACPI: Using IOAPIC for interrupt routing
[    0.177421] PCI: Using host bridge windows from ACPI; if necessary, use "pci=nocrs" and report a bug
[    0.177986] PCI: Using E820 reservations for host bridge windows
[    0.178410] ACPI: Enabled 2 GPEs in block 00 to 3F
[    0.179982] ACPI: PCI Root Bridge [PCI0] (domain 0000 [bus 00-ff])
[    0.180363] acpi PNP0A08:00: _OSC: OS supports [ExtendedConfig ASPM ClockPM Segments MSI EDR HPX-Type3]
[    0.181049] acpi PNP0A08:00: _OSC: platform does not support [PCIeHotplug LTR DPC]
[    0.181407] acpi PNP0A08:00: _OSC: OS now controls [SHPCHotplug PME AER PCIeCapability]
[    0.182079] PCI host bridge to bus 0000:00
[    0.182363] pci_bus 0000:00: root bus resource [io  0x0000-0x0cf7 window]
[    0.182828] pci_bus 0000:00: root bus resource [io  0x0d00-0xffff window]
[    0.183298] pci_bus 0000:00: root bus resource [mem 0x000a0000-0x000bffff window]
[    0.183360] pci_bus 0000:00: root bus resource [mem 0x40000000-0xafffffff window]
[    0.183879] pci_bus 0000:00: root bus resource [mem 0xc0000000-0xfebfffff window]
[    0.184360] pci_bus 0000:00: root bus resource [mem 0x100000000-0x8ffffffff window]
[    0.184908] pci_bus 0000:00: root bus resource [bus 00-ff]
[    0.185328] pci 0000:00:00.0: [8086:29c0] type 00 class 0x060000 conventional PCI endpoint
[    0.185701] pci 0000:00:01.0: [1af4:1000] type 00 class 0x020000 conventional PCI endpoint
[    0.186778] pci 0000:00:01.0: BAR 0 [io  0xc040-0xc05f]
[    0.187182] pci 0000:00:01.0: BAR 4 [mem 0xfe800000-0xfe803fff 64bit pref]
[    0.187367] pci 0000:00:01.0: ROM [mem 0xfeb00000-0xfeb7ffff pref]
[    0.188188] pci 0000:00:02.0: [1af4:1050] type 00 class 0x030000 conventional PCI endpoint
[    0.189934] pci 0000:00:02.0: BAR 0 [mem 0xfe000000-0xfe7fffff pref]
[    0.190375] pci 0000:00:02.0: BAR 2 [mem 0xfe804000-0xfe807fff 64bit pref]
[    0.190851] pci 0000:00:02.0: BAR 4 [mem 0xfeb94000-0xfeb94fff]
[    0.191374] pci 0000:00:02.0: ROM [mem 0xfeb80000-0xfeb8ffff pref]
[    0.191863] pci 0000:00:02.0: Video device with shadowed ROM at [mem 0x000c0000-0x000dffff]
[    0.192759] pci 0000:00:03.0: [1b36:000d] type 00 class 0x0c0330 PCIe Root Complex Integrated Endpoint
[    0.193721] pci 0000:00:03.0: BAR 0 [mem 0xfeb90000-0xfeb93fff 64bit]
[    0.201309] pci 0000:00:1f.0: [8086:2918] type 00 class 0x060100 conventional PCI endpoint
[    0.201572] pci 0000:00:1f.0: quirk: [io  0x0600-0x067f] claimed by ICH6 ACPI/GPIO/TCO
[    0.202233] pci 0000:00:1f.2: [8086:2922] type 00 class 0x010601 conventional PCI endpoint
[    0.203018] pci 0000:00:1f.2: BAR 4 [io  0xc060-0xc07f]
[    0.203367] pci 0000:00:1f.2: BAR 5 [mem 0xfeb95000-0xfeb95fff]
[    0.204002] pci 0000:00:1f.3: [8086:2930] type 00 class 0x0c0500 conventional PCI endpoint
[    0.204782] pci 0000:00:1f.3: BAR 4 [io  0x0700-0x073f]
[    0.205445] ACPI: PCI: Interrupt link LNKA configured for IRQ 10
[    0.205923] ACPI: PCI: Interrupt link LNKB configured for IRQ 10
[    0.206396] ACPI: PCI: Interrupt link LNKC configured for IRQ 11
[    0.206851] ACPI: PCI: Interrupt link LNKD configured for IRQ 11
[    0.207325] ACPI: PCI: Interrupt link LNKE configured for IRQ 10
[    0.207412] ACPI: PCI: Interrupt link LNKF configured for IRQ 10
[    0.208070] ACPI: PCI: Interrupt link LNKG configured for IRQ 11
[    0.208409] ACPI: PCI: Interrupt link LNKH configured for IRQ 11
[    0.208849] ACPI: PCI: Interrupt link GSIA configured for IRQ 16
[    0.209268] ACPI: PCI: Interrupt link GSIB configured for IRQ 17
[    0.209367] ACPI: PCI: Interrupt link GSIC configured for IRQ 18
[    0.209782] ACPI: PCI: Interrupt link GSID configured for IRQ 19
[    0.210212] ACPI: PCI: Interrupt link GSIE configured for IRQ 20
[    0.210366] ACPI: PCI: Interrupt link GSIF configured for IRQ 21
[    0.210781] ACPI: PCI: Interrupt link GSIG configured for IRQ 22
[    0.211202] ACPI: PCI: Interrupt link GSIH configured for IRQ 23
[    0.211592] iommu: Default domain type: Translated
[    0.211939] iommu: DMA domain TLB invalidation policy: lazy mode
[    0.212460] SCSI subsystem initialized
[    0.212773] ACPI: bus type USB registered
[    0.213088] usbcore: registered new interface driver usbfs
[    0.213364] usbcore: registered new interface driver hub
[    0.213737] usbcore: registered new device driver usb
[    0.214099] pps_core: LinuxPPS API ver. 1 registered
[    0.214360] pps_core: Software ver. 5.3.6 - Copyright 2005-2007 Rodolfo Giometti <giometti@linux.it>
[    0.214931] PTP clock support registered
[    0.215197] EDAC MC: Ver: 3.0.0
[    0.215633] NetLabel: Initializing
[    0.215897] NetLabel:  domain hash size = 128
[    0.216199] NetLabel:  protocols = UNLABELED CIPSOv4 CALIPSO
[    0.216374] NetLabel:  unlabeled traffic allowed by default
[    0.216802] mctp: management component transport protocol core
[    0.217282] NET: Registered PF_MCTP protocol family
[    0.217364] PCI: Using ACPI for IRQ routing
[    0.311168] pci 0000:00:02.0: vgaarb: setting as boot VGA device
[    0.311359] pci 0000:00:02.0: vgaarb: bridge control possible
[    0.311359] pci 0000:00:02.0: vgaarb: VGA device added: decodes=io+mem,owns=io+mem,locks=none
[    0.311362] vgaarb: loaded
[    0.311686] hpet0: at MMIO 0xfed00000, IRQs 2, 8, 0
[    0.311991] hpet0: 3 comparators, 64-bit 100.000000 MHz counter
[    0.316385] clocksource: Switched to clocksource kvm-clock
[    0.317319] VFS: Disk quotas dquot_6.6.0
[    0.317624] VFS: Dquot-cache hash table entries: 512 (order 0, 4096 bytes)
[    0.318174] AppArmor: AppArmor Filesystem Enabled
[    0.318528] pnp: PnP ACPI init
[    0.318869] system 00:05: [mem 0xb0000000-0xbfffffff window] has been reserved
[    0.319556] pnp: PnP ACPI: found 6 devices
[    0.325052] clocksource: acpi_pm: mask: 0xffffff max_cycles: 0xffffff, max_idle_ns: 2085701024 ns
[    0.325717] NET: Registered PF_INET protocol family
[    0.326095] IP idents hash table entries: 16384 (order: 5, 131072 bytes, linear)
[    0.336372] tcp_listen_portaddr_hash hash table entries: 512 (order: 1, 8192 bytes, linear)
[    0.336939] Table-perturb hash table entries: 65536 (order: 6, 262144 bytes, linear)
[    0.337418] TCP established hash table entries: 8192 (order: 4, 65536 bytes, linear)
[    0.337911] TCP bind hash table entries: 8192 (order: 6, 262144 bytes, linear)
[    0.338361] TCP: Hash tables configured (established 8192 bind 8192)
[    0.338779] MPTCP token hash table entries: 1024 (order: 2, 24576 bytes, linear)
[    0.339229] UDP hash table entries: 512 (order: 2, 16384 bytes, linear)
[    0.339630] UDP-Lite hash table entries: 512 (order: 2, 16384 bytes, linear)
[    0.340084] NET: Registered PF_UNIX/PF_LOCAL protocol family
[    0.340429] NET: Registered PF_XDP protocol family
[    0.340753] pci_bus 0000:00: resource 4 [io  0x0000-0x0cf7 window]
[    0.341164] pci_bus 0000:00: resource 5 [io  0x0d00-0xffff window]
[    0.341604] pci_bus 0000:00: resource 6 [mem 0x000a0000-0x000bffff window]
[    0.342117] pci_bus 0000:00: resource 7 [mem 0x40000000-0xafffffff window]
[    0.342586] pci_bus 0000:00: resource 8 [mem 0xc0000000-0xfebfffff window]
[    0.343002] pci_bus 0000:00: resource 9 [mem 0x100000000-0x8ffffffff window]
[    0.343620] ACPI: \_SB_.GSIH: Enabled at IRQ 23
[    0.344294] PCI: CLS 0 bytes, default 64
[    0.344639] Trying to unpack rootfs image as initramfs...
[    0.345752] clocksource: tsc: mask: 0xffffffffffffffff max_cycles: 0x28680fa287f, max_idle_ns: 440795281151 ns
[    0.346895] Initialise system trusted keyrings
[    0.347181] Key type blacklist registered
[    0.348760] workingset: timestamp_bits=36 max_order=18 bucket_order=0
[    0.349180] zbud: loaded
[    0.349790] squashfs: version 4.0 (2009/01/31) Phillip Lougher
[    0.351723] fuse: init (API version 7.39)
[    0.352085] integrity: Platform Keyring initialized
[    0.352450] integrity: Machine keyring initialized
[    0.366751] Key type asymmetric registered
[    0.367071] Asymmetric key parser 'x509' registered
[    0.367427] Block layer SCSI generic (bsg) driver version 0.4 loaded (major 243)
[    0.368761] io scheduler mq-deadline registered
[    0.369865] shpchp: Standard Hot Plug PCI Controller Driver version: 0.4
[    0.370415] input: Power Button as /devices/LNXSYSTM:00/LNXPWRBN:00/input/input0
[    0.372872] ACPI: button: Power Button [PWRF]
[    0.373472] ACPI: \_SB_.GSIF: Enabled at IRQ 21
[    0.375606] ACPI: \_SB_.GSIG: Enabled at IRQ 22
[    0.378723] Serial: 8250/16550 driver, 32 ports, IRQ sharing enabled
[    0.423833] 00:03: ttyS0 at I/O 0x3f8 (irq = 4, base_baud = 115200) is a 16550A
[    0.427720] Linux agpgart interface v0.103
[    0.429890] loop: module loaded
[    0.430429] ACPI: bus type drm_connector registered
[    0.431870] tun: Universal TUN/TAP device driver, 1.6
[    0.433743] PPP generic driver version 2.4.2
[    0.434147] i8042: PNP: PS/2 Controller [PNP0303:KBD,PNP0f13:MOU] at 0x60,0x64 irq 1,12
[    0.436169] serio: i8042 KBD port at 0x60,0x64 irq 1
[    0.436523] serio: i8042 AUX port at 0x60,0x64 irq 12
[    0.437741] mousedev: PS/2 mouse device common for all mice
[    0.438864] input: AT Translated Set 2 keyboard as /devices/platform/i8042/serio0/input/input1
[    0.439623] rtc_cmos 00:04: RTC can wake from S4
[    0.441052] rtc_cmos 00:04: registered as rtc0
[    0.441405] rtc_cmos 00:04: setting system clock to 2026-03-08T03:18:30 UTC (1772939910)
[    0.443825] rtc_cmos 00:04: alarms up to one day, y3k, 242 bytes nvram, hpet irqs
[    0.444346] i2c_dev: i2c /dev entries driver
[    0.444662] device-mapper: core: CONFIG_IMA_DISABLE_HTABLE is disabled. Duplicate IMA measurements will not be recorded in the IMA log.
[    0.446767] device-mapper: uevent: version 1.0.3
[    0.447151] device-mapper: ioctl: 4.48.0-ioctl (2023-03-01) initialised: dm-devel@redhat.com
[    0.447744] intel_pstate: CPU model not supported
[    0.448788] ledtrig-cpu: registered to indicate activity on CPUs
[    0.449333] drop_monitor: Initializing network drop monitor service
[    0.450834] NET: Registered PF_INET6 protocol family
[    0.584316] Freeing initrd memory: 19120K
[    0.584785] Segment Routing with IPv6
[    0.585067] In-situ OAM (IOAM) with IPv6
[    0.585382] NET: Registered PF_PACKET protocol family
[    0.585797] Key type dns_resolver registered
[    0.586245] IPI shorthand broadcast: enabled
[    0.587520] sched_clock: Marking stable (524002021, 62666017)->(600412835, -13744797)
[    0.588076] registered taskstats version 1
[    0.588378] Loading compiled-in X.509 certificates
[    0.589085] Loaded X.509 cert 'Build time autogenerated kernel key: 7f71bdefc17a4d88631555bf9efbb1c93d6f5260'
[    0.590117] Loaded X.509 cert 'Canonical Ltd. Live Patch Signing 2025 Kmod: d541cef61dc7e793b7eb7e899970a2eef0b5dc8c'
[    0.591177] Loaded X.509 cert 'Canonical Ltd. Live Patch Signing: 14df34d1a87cf37625abec039ef2bf521249b969'
[    0.592234] Loaded X.509 cert 'Canonical Ltd. Kernel Module Signing: 88f752e560a1e0737e31163a466ad7b70a850c19'
[    0.592991] blacklist: Loading compiled-in revocation X.509 certificates
[    0.593503] Loaded X.509 cert 'Canonical Ltd. Secure Boot Signing: 61482aa2830d0ab2ad5af10b7250da9033ddcef0'
[    0.594199] Loaded X.509 cert 'Canonical Ltd. Secure Boot Signing (2017): 242ade75ac4a15e50d50c84b0d45ff3eae707a03'
[    0.594948] Loaded X.509 cert 'Canonical Ltd. Secure Boot Signing (ESM 2018): 365188c1d374d6b07c3c8f240f8ef722433d6a8b'
[    0.595697] Loaded X.509 cert 'Canonical Ltd. Secure Boot Signing (2019): c0746fd6c5da3ae827864651ad66ae47fe24b3e8'
[    0.596329] Loaded X.509 cert 'Canonical Ltd. Secure Boot Signing (2021 v1): a8d54bbb3825cfb94fa13c9f8a594a195c107b8d'
[    0.597024] Loaded X.509 cert 'Canonical Ltd. Secure Boot Signing (2021 v2): 4cf046892d6fd3c9a5b03f98d845f90851dc6a8c'
[    0.597717] Loaded X.509 cert 'Canonical Ltd. Secure Boot Signing (2021 v3): 100437bb6de6e469b581e61cd66bce3ef4ed53af'
[    0.598480] Loaded X.509 cert 'Canonical Ltd. Secure Boot Signing (Ubuntu Core 2019): c1d57b8f6b743f23ee41f4f7ee292f06eecadfb9'
[    0.601200] Key type .fscrypt registered
[    0.601460] Key type fscrypt-provisioning registered
[    0.601959] Key type encrypted registered
[    0.602213] AppArmor: AppArmor sha256 policy hashing enabled
[    0.602588] ima: No TPM chip found, activating TPM-bypass!
[    0.602942] Loading compiled-in module X.509 certificates
[    0.603606] Loaded X.509 cert 'Build time autogenerated kernel key: 7f71bdefc17a4d88631555bf9efbb1c93d6f5260'
[    0.604207] ima: Allocated hash algorithm: sha256
[    0.604516] ima: No architecture policies found
[    0.604830] evm: Initialising EVM extended attributes:
[    0.605143] evm: security.selinux
[    0.605347] evm: security.SMACK64
[    0.605588] evm: security.SMACK64EXEC
[    0.605855] evm: security.SMACK64TRANSMUTE
[    0.606139] evm: security.SMACK64MMAP
[    0.606395] evm: security.apparmor
[    0.606644] evm: security.ima
[    0.606832] evm: security.capability
[    0.607051] evm: HMAC attrs: 0x1
[    0.607406] PM:   Magic number: 2:169:310
[    0.607710] tty tty39: hash matches
[    0.609826] RAS: Correctable Errors collector initialized.
[    0.610219] clk: Disabling unused clocks
[    0.616323] Freeing unused decrypted memory: 2028K
[    0.616936] Freeing unused kernel image (initmem) memory: 4920K
[    0.617200] Write protecting the kernel read-only data: 38912k
[    0.617789] Freeing unused kernel image (rodata/data gap) memory: 1984K
[    0.626093] x86/mm: Checked W+X mappings: passed, no W+X pages found.
[    0.626454] Run /init as init process
[init-phase2] booted
[init-phase2] loading module=/lib/modules/6.8.0-101-generic/kernel/drivers/virtio/virtio_dma_buf.ko
[init-phase2] loading module=/lib/modules/6.8.0-101-generic/kernel/drivers/gpu/drm/virtio/virtio-gpu.ko
[    0.633015] [drm] pci: virtio-vga detected at 0000:00:02.0
[    0.633272] virtio-pci 0000:00:02.0: vgaarb: deactivate vga console
[    0.637855] Console: switching to colour dummy device 80x25
[    0.638375] [drm] features: -virgl +edid -resource_blob -host_visible
[    0.638376] [drm] features: -context_init
[    0.639185] [drm] number of scanouts: 1
[    0.639354] [drm] number of cap sets: 0
[    0.639718] [drm] Initialized virtio_gpu 0.1.0 0 for 0000:00:02.0 on minor 0
[    0.641595] fbcon: virtio_gpudrmfb (fb0) is primary device
[    0.643833] Console: switching to colour frame buffer device 160x50
[    0.645042] virtio-pci 0000:00:02.0: [drm] fb0: virtio_gpudrmfb frame buffer device
[init-phase2] loading module=/lib/modules/6.8.0-101-generic/kernel/drivers/hid/hid.ko
[    0.650040] hid: raw HID events driver (C) Jiri Kosina
[init-phase2] loading module=/lib/modules/6.8.0-101-generic/kernel/drivers/hid/hid-generic.ko
[init-phase2] loading module=/lib/modules/6.8.0-101-generic/kernel/drivers/hid/usbhid/usbhid.ko
[    0.653044] usbcore: registered new interface driver usbhid
[    0.653288] usbhid: USB HID core driver
[init-phase2] loading module=/lib/modules/6.8.0-101-generic/kernel/drivers/hid/usbhid/usbkbd.ko
[    0.654746] usbcore: registered new interface driver usbkbd
[init-phase2] loading module=/lib/modules/6.8.0-101-generic/kernel/drivers/hid/usbhid/usbmouse.ko
[    0.656158] usbcore: registered new interface driver usbmouse
[init-phase2] loading module=/lib/modules/6.8.0-101-generic/kernel/drivers/input/mouse/psmouse.ko
[    0.659742] input: VirtualPS/2 VMware VMMouse as /devices/platform/i8042/serio1/input/input4
[init-phase2] loading module=/lib/modules/6.8.0-101-generic/kernel/drivers/usb/host/xhci-pci-renesas.ko[    0.660859] input: VirtualPS/2 VMware VMMouse as /devices/platform/i8042/serio1/input/input3

[init-phase2] loading module=/lib/modules/6.8.0-101-generic/kernel/drivers/usb/host/xhci-pci.ko
[    0.663578] xhci_hcd 0000:00:03.0: xHCI Host Controller
[    0.663836] xhci_hcd 0000:00:03.0: new USB bus registered, assigned bus number 1
[    0.664303] xhci_hcd 0000:00:03.0: hcc params 0x00087001 hci version 0x100 quirks 0x0000000000000010
[    0.665017] xhci_hcd 0000:00:03.0: xHCI Host Controller
[    0.665240] xhci_hcd 0000:00:03.0: new USB bus registered, assigned bus number 2
[    0.665567] xhci_hcd 0000:00:03.0: Host supports USB 3.0 SuperSpeed
[    0.665878] usb usb1: New USB device found, idVendor=1d6b, idProduct=0002, bcdDevice= 6.08
[    0.666222] usb usb1: New USB device strings: Mfr=3, Product=2, SerialNumber=1
[    0.666528] usb usb1: Product: xHCI Host Controller
[    0.666747] usb usb1: Manufacturer: Linux 6.8.0-101-generic xhci-hcd
[    0.667005] usb usb1: SerialNumber: 0000:00:03.0
[    0.667262] hub 1-0:1.0: USB hub found
[    0.667436] hub 1-0:1.0: 4 ports detected
[    0.667745] usb usb2: We don't know the algorithms for LPM for this host, disabling LPM.
[    0.668102] usb usb2: New USB device found, idVendor=1d6b, idProduct=0003, bcdDevice= 6.08
[    0.668438] usb usb2: New USB device strings: Mfr=3, Product=2, SerialNumber=1
[    0.668753] usb usb2: Product: xHCI Host Controller
[    0.668962] usb usb2: Manufacturer: Linux 6.8.0-101-generic xhci-hcd
[    0.669223] usb usb2: SerialNumber: 0000:00:03.0
[    0.669454] hub 2-0:1.0: USB hub found
[    0.669673] hub 2-0:1.0: 4 ports detected
Starting systemd-udevd version 255.4-1ubuntu8.8
total 0
drwxr-xr-x    2 root     root            80 Mar  8 03:18 by-path
crw-rw----    1 root     video     226,   0 Mar  8 03:18 card0
crw-rw----    1 root     root      226, 128 Mar  8 03:18 renderD128
total 0
drwxr-xr-x    2 root     root           100 Mar  8 03:18 by-path
crw-rw----    1 root     input      13,  64 Mar  8 03:18 event0
crw-rw----    1 root     input      13,  65 Mar  8 03:18 event1
crw-rw----    1 root     input      13,  66 Mar  8 03:18 event2
crw-rw----    1 root     input      13,  67 Mar  8 03:18 event3
crw-rw----    1 root     input      13,  63 Mar  8 03:18 mice
crw-rw----    1 root     input      13,  32 Mar  8 03:18 mouse0
crw-rw----    1 root     input      13,  33 Mar  8 03:18 mouse1
[init-phase2] seatd pid=119
[init-phase2] weston pid=120
[init-phase2] wayland ready
Date: 2026-03-08 UTC
[03:18:30.766] weston 13.0.0
               https://wayland.freedesktop.org
               Bug reports to: https://gitlab.freedesktop.org/wayland/weston/issues/
               Build: 13.0.0
[03:18:30.766] Command line: /usr/bin/weston --backend=drm --renderer=pixman --shell=kiosk-shell.so --socket=wayland-1 --continue-without-input --log=/var/log/weston.log
[03:18:30.766] OS: Linux, 6.8.0-101-generic, #101-Ubuntu SMP PREEMPT_DYNAMIC Mon Feb  9 10:15:05 UTC 2026, x86_64
[03:18:30.766] Flight recorder: enabled
[03:18:30.766] Using config file '/etc/xdg/weston/weston.ini'
[03:18:30.766] Output repaint window is 7 ms maximum.
[03:18:30.766] Loading module '/usr/lib/x86_64-linux-gnu/libweston-13/drm-backend.so'
[03:18:30.766] initializing drm backend
[03:18:30.766] Trying libseat launcher...
[03:18:30.767] [libseat/libseat.c:62] Seat opened with backend 'seatd'
[03:18:30.767] [libseat/backend/seatd.c:212] Enabling seat
[03:18:30.767] libseat: session control granted
[03:18:30.767] using /dev/dri/card0
[03:18:30.767] DRM: supports atomic modesetting
[03:18:30.767] DRM: does not support GBM modifiers
[03:18:30.767] DRM: does not support async page flipping
[03:18:30.767] DRM: supports picture aspect ratio
[03:18:30.767] Using Pixman renderer
[03:18:30.769] event0  - Power Button: is tagged by udev as: Keyboard
[03:18:30.769] event0  - Power Button: device is a keyboard
[03:18:30.769] event1  - AT Translated Set 2 keyboard: is tagged by udev as: Keyboard
[03:18:30.769] event1  - AT Translated Set 2 keyboard: device is a keyboard
[03:18:30.769] event3  - VirtualPS/2 VMware VMMouse: is tagged by udev as: Mouse
[03:18:30.770] event3  - VirtualPS/2 VMware VMMouse: device is a pointer
[03:18:30.770] event2  - VirtualPS/2 VMware VMMouse: is tagged by udev as: Mouse
[03:18:30.770] event2  - VirtualPS/2 VMware VMMouse: device is a pointer
[03:18:30.772] libinput: configuring device "Power Button".
[03:18:30.772] libinput: configuring device "AT Translated Set 2 keyboard".
[03:18:30.772] libinput: configuring device "VirtualPS/2 VMware VMMouse".
[03:18:30.772] libinput: configuring device "VirtualPS/2 VMware VMMouse".
[03:18:30.772] input device event2 has no enabled output associated (none named), skipping calibration for now.
[03:18:30.773] DRM: head 'Virtual-1' found, connector 36 is connected, EDID make 'RHT', model 'QEMU Monitor', serial ''
               Supported EOTF modes: SDR
[03:18:30.773] Registered plugin API 'weston_drm_output_api_v1' of size 40
[03:18:30.773] Registered plugin API 'weston_drm_virtual_output_api_v2' of size 48
[03:18:30.773] Color manager: no-op
[03:18:30.773] Output 'Virtual-1' attempts EOTF mode: SDR
[03:18:30.773] Output 'Virtual-1' using color profile: stock sRGB color profile
[03:18:30.775] DRM: output Virtual-1 uses shadow framebuffer.
[03:18:30.775] Output Virtual-1 (crtc 35) video modes:
               1280x800@75.0, preferred, current, 107.3 MHz
               5120x2160@50.0 64:27, 742.5 MHz
               4096x2160@50.0 256:135, 594.0 MHz
               3840x2160@60.0 16:9, 594.0 MHz
               3840x2160@59.9 16:9, 593.4 MHz
               3840x2160@50.0 16:9, 594.0 MHz
               1920x1440@60.0, 234.0 MHz
               2560x1080@50.0 64:27, 185.6 MHz
               1856x1392@60.0, 218.2 MHz
               1792x1344@60.0, 204.8 MHz
               2048x1152@60.0, 162.0 MHz
               1920x1200@59.9, 193.2 MHz
               1920x1080@60.0, 148.5 MHz
               1920x1080@50.0 16:9, 148.5 MHz
               1600x1200@60.0, 162.0 MHz
               1680x1050@60.0, 146.2 MHz
               1400x1050@60.0, 121.8 MHz
               1280x1024@60.0, 108.0 MHz
               1440x900@59.9, 106.5 MHz
               1280x960@60.0, 108.0 MHz
               1360x768@60.0, 85.5 MHz
               1280x768@59.9, 79.5 MHz
               1024x768@60.0, 65.0 MHz
               800x600@60.3, 40.0 MHz
               640x480@60.0 4:3, 25.2 MHz
               640x480@59.9, 25.2 MHz
[03:18:30.775] associating input device event0 with output Virtual-1 (none by udev)
[03:18:30.775] associating input device event1 with output Virtual-1 (none by udev)
[03:18:30.775] associating input device event3 with output Virtual-1 (none by udev)
[03:18:30.775] associating input device event2 with output Virtual-1 (none by udev)
[03:18:30.775] Output 'Virtual-1' enabled with head(s) Virtual-1
[03:18:30.775] Compositor capabilities:
               arbitrary surface rotation: yes
               screen capture uses y-flip: no
               cursor planes: yes
               arbitrary resolutions: no
               view mask clipping: yes
               explicit sync: no
               color operations: no
               presentation clock: CLOCK_MONOTONIC, id 1
               presentation clock resolution: 0.000000001 s
[03:18:30.775] Loading module '/usr/lib/x86_64-linux-gnu/weston/kiosk-shell.so'
[init-phase2] unbound vtcon1 framebuffer console
[init-phase2] display_probe pid=123
[init-phase2] launching client=/bin/wl_sleepdemo args= --idle-seconds 5 --max-suspend-cycles 1 --wake-seconds 5 --pm-test devices --runtime-seconds 20
@@LOG kind=state global name=1 interface=wl_compositor version=5
@@LOG kind=state global name=2 interface=wl_subcompositor version=1
@@LOG kind=state global name=3 interface=wp_viewporter version=1
@@LOG kind=state global name=4 interface=zxdg_output_manager_v1 version=2
@@LOG kind=state global name=5 interface=wp_presentation version=1
@@LOG kind=state global name=6 interface=wp_single_pixel_buffer_manager_v1 version=1
@@LOG kind=state global name=7 interface=wp_tearing_control_manager_v1 version=1
@@LOG kind=state global name=8 interface=zwp_relative_pointer_manager_v1 version=1
@@LOG kind=state global name=9 interface=zwp_pointer_constraints_v1 version=1
@@LOG kind=state global name=10 interface=zwp_input_timestamps_manager_v1 version=1
@@LOG kind=state global name=11 interface=weston_capture_v1 version=1
@@LOG kind=state global name=12 interface=wl_data_device_manager version=3
@@LOG kind=state global name=13 interface=wl_shm version=1
@@LOG kind=state global name=14 interface=wl_seat version=7
@@LOG kind=state global name=15 interface=weston_content_protection version=1
@@LOG kind=state global name=16 interface=wl_output version=4
@@LOG kind=state global name=17 interface=xdg_wm_base version=5
@@LOG kind=state seat-listener-added
@@LOG kind=state keyboard-bound-fallback
@@LOG kind=state pointer-bound-fallback
@@LOG kind=state socket-hup
[    0.905796] usb 1-1: new high-speed USB device number 2 using xhci_hcd
[    1.031998] usb 1-1: New USB device found, idVendor=0627, idProduct=0001, bcdDevice= 0.00
[    1.032557] usb 1-1: New USB device strings: Mfr=1, Product=4, SerialNumber=11
[    1.033027] usb 1-1: Product: QEMU USB Keyboard
[    1.033322] usb 1-1: Manufacturer: QEMU
[    1.033582] usb 1-1: SerialNumber: 68284-0000:00:03.0-1
[    1.034740] input: QEMU QEMU USB Keyboard as /devices/pci0000:00/0000:00:03.0/usb1/1-1/1-1:1.0/0003:0627:0001.0001/input/input5
[    1.086939] hid-generic 0003:0627:0001.0001: input,hidraw0: USB HID v1.11 Keyboard [QEMU QEMU USB Keyboard] on usb-0000:00:03.0-1/input0
[    1.201790] usb 1-2: new high-speed USB device number 3 using xhci_hcd
[    1.327995] usb 1-2: New USB device found, idVendor=0627, idProduct=0001, bcdDevice= 0.00
[    1.328586] usb 1-2: New USB device strings: Mfr=1, Product=3, SerialNumber=10
[    1.329017] usb 1-2: Product: QEMU USB Tablet
[    1.329277] usb 1-2: Manufacturer: QEMU
[    1.329508] usb 1-2: SerialNumber: 28754-0000:00:03.0-2
[    1.330455] input: QEMU QEMU USB Tablet as /devices/pci0000:00/0000:00:03.0/usb1/1-2/1-2:1.0/0003:0627:0001.0002/input/input6
[    1.331538] hid-generic 0003:0627:0001.0002: input,hidraw1: USB HID v0.01 Mouse [QEMU QEMU USB Tablet] on usb-0000:00:03.0-2/input0
@@LOG kind=state socket-hup
@@LOG kind=state socket-hup
@@LOG kind=state socket-hup
@@LOG kind=state socket-hup
@@LOG kind=state wakealarm_seconds=5
@@LOG kind=state state=SUSPENDING cycle=1
[    5.856388] PM: suspend entry (s2idle)
[    5.856605] Filesystems sync: 0.000 seconds
[    5.861715] Freezing user space processes
[    5.865329] Freezing user space processes completed (elapsed 0.003 seconds)
[    5.865697] OOM killer disabled.
[    5.865879] Freezing remaining freezable tasks
[    5.867135] Freezing remaining freezable tasks completed (elapsed 0.001 seconds)
[    5.974328] PM: suspend debug: Waiting for 5 second(s).
[   10.978022] xhci_hcd 0000:00:03.0: xHC error in resume, USBSTS 0x401, Reinit
[   10.978408] usb usb1: root hub lost power or was reset
[   10.978671] usb usb2: root hub lost power or was reset
[   11.244785] usb 1-2: reset high-speed USB device number 3 using xhci_hcd
[   11.484743] usb 1-1: reset high-speed USB device number 2 using xhci_hcd
[   11.611399] OOM killer enabled.
[   11.611622] Restarting tasks ... done.
[   11.613154] random: crng reseeded on system resumption
[   11.614238] PM: suspend exit
@@LOG kind=state state=RESUMED cycle=1 sleep_ms=5758 resume_gap_ms=5758
@@METRIC name=sleep_duration value_ms=5758 cycle=1
@@METRIC name=suspend_resume_gap value_ms=5758 cycle=1
@@METRIC name=resume_to_redraw value_ms=9 cycle=1
@@LOG kind=state socket-hup
@@LOG kind=state seat-capabilities=0
@@LOG kind=state seat-capabilities=2
@@LOG kind=state keyboard-rebound
@@LOG kind=state socket-hup
@@LOG kind=state socket-hup
@@LOG kind=state socket-hup
@@LOG kind=state socket-hup
@@LOG kind=state socket-hup
@@LOG kind=state socket-hup
@@LOG kind=state socket-hup
@@LOG kind=state socket-hup
@@LOG kind=state socket-hup
@@LOG kind=state runtime_limit_reached=true
@@DISPLAY sample=1 uptime_s=0.77 fb0=virtio_gpudrmfb_ proc_fb=0_virtio_gpudrmfb_ vt=vtcon0nameM_frame_buffer_device_bind1__vtcon1nameM_dummy_device_bind0__ drm=card0-Virtual-1statusconnected_enabledenabled_dpmsOn__
@@DISPLAY sample=2 uptime_s=1.78 fb0=virtio_gpudrmfb_ proc_fb=0_virtio_gpudrmfb_ vt=vtcon0nameM_frame_buffer_device_bind1__vtcon1nameM_dummy_device_bind0__ drm=card0-Virtual-1statusconnected_enabledenabled_dpmsOn__
@@DISPLAY sample=3 uptime_s=2.80 fb0=virtio_gpudrmfb_ proc_fb=0_virtio_gpudrmfb_ vt=vtcon0nameM_frame_buffer_device_bind1__vtcon1nameM_dummy_device_bind0__ drm=card0-Virtual-1statusconnected_enabledenabled_dpmsOn__
@@DISPLAY sample=4 uptime_s=3.81 fb0=virtio_gpudrmfb_ proc_fb=0_virtio_gpudrmfb_ vt=vtcon0nameM_frame_buffer_device_bind1__vtcon1nameM_dummy_device_bind0__ drm=card0-Virtual-1statusconnected_enabledenabled_dpmsOn__
@@DISPLAY sample=5 uptime_s=4.83 fb0=virtio_gpudrmfb_ proc_fb=0_virtio_gpudrmfb_ vt=vtcon0nameM_frame_buffer_device_bind1__vtcon1nameM_dummy_device_bind0__ drm=card0-Virtual-1statusconnected_enabledenabled_dpmsOn__
@@DISPLAY sample=6 uptime_s=11.55 fb0=virtio_gpudrmfb_ proc_fb=0_virtio_gpudrmfb_ vt=vtcon0nameM_frame_buffer_device_bind1__vtcon1nameM_dummy_device_bind0__ drm=card0-Virtual-1statusconnected_enabledenabled_dpmsOn__
@@DISPLAY sample=7 uptime_s=12.57 fb0=virtio_gpudrmfb_ proc_fb=0_virtio_gpudrmfb_ vt=vtcon0nameM_frame_buffer_device_bind1__vtcon1nameM_dummy_device_bind0__ drm=card0-Virtual-1statusconnected_enabledenabled_dpmsOn__
@@DISPLAY sample=8 uptime_s=13.58 fb0=virtio_gpudrmfb_ proc_fb=0_virtio_gpudrmfb_ vt=vtcon0nameM_frame_buffer_device_bind1__vtcon1nameM_dummy_device_bind0__ drm=card0-Virtual-1statusconnected_enabledenabled_dpmsOn__
@@DISPLAY sample=9 uptime_s=14.59 fb0=virtio_gpudrmfb_ proc_fb=0_virtio_gpudrmfb_ vt=vtcon0nameM_frame_buffer_device_bind1__vtcon1nameM_dummy_device_bind0__ drm=card0-Virtual-1statusconnected_enabledenabled_dpmsOn__
@@DISPLAY sample=10 uptime_s=15.60 fb0=virtio_gpudrmfb_ proc_fb=0_virtio_gpudrmfb_ vt=vtcon0nameM_frame_buffer_device_bind1__vtcon1nameM_dummy_device_bind0__ drm=card0-Virtual-1statusconnected_enabledenabled_dpmsOn__
@@DISPLAY sample=11 uptime_s=16.62 fb0=virtio_gpudrmfb_ proc_fb=0_virtio_gpudrmfb_ vt=vtcon0nameM_frame_buffer_device_bind1__vtcon1nameM_dummy_device_bind0__ drm=card0-Virtual-1statusconnected_enabledenabled_dpmsOn__
@@DISPLAY sample=12 uptime_s=17.63 fb0=virtio_gpudrmfb_ proc_fb=0_virtio_gpudrmfb_ vt=vtcon0nameM_frame_buffer_device_bind1__vtcon1nameM_dummy_device_bind0__ drm=card0-Virtual-1statusconnected_enabledenabled_dpmsOn__
@@DISPLAY sample=13 uptime_s=18.64 fb0=virtio_gpudrmfb_ proc_fb=0_virtio_gpudrmfb_ vt=vtcon0nameM_frame_buffer_device_bind1__vtcon1nameM_dummy_device_bind0__ drm=card0-Virtual-1statusconnected_enabledenabled_dpmsOn__
@@DISPLAY sample=14 uptime_s=19.65 fb0=virtio_gpudrmfb_ proc_fb=0_virtio_gpudrmfb_ vt=vtcon0nameM_frame_buffer_device_bind1__vtcon1nameM_dummy_device_bind0__ drm=card0-Virtual-1statusconnected_enabledenabled_dpmsOn__
@@DISPLAY sample=15 uptime_s=20.66 fb0=virtio_gpudrmfb_ proc_fb=0_virtio_gpudrmfb_ vt=vtcon0nameM_frame_buffer_device_bind1__vtcon1nameM_dummy_device_bind0__ drm=card0-Virtual-1statusconnected_enabledenabled_dpmsOn__
[init-phase2] client exited status=0
[   21.020379] ACPI: PM: Preparing to enter system sleep state S5
[   21.020736] reboot: Power down
