[    0.000000] Linux version 6.8.0-101-generic (buildd@lcy02-amd64-051) (x86_64-linux-gnu-gcc-13 (Ubuntu 13.3.0-6ubuntu2~24.04) 13.3.0, GNU ld (GNU Binutils for Ubuntu) 2.42) #101-Ubuntu SMP PREEMPT_DYNAMIC Mon Feb  9 10:15:05 UTC 2026 (Ubuntu 6.8.0-101.101-generic 6.8.12)
[    0.000000] Command line: console=ttyS0 panic=-1 no_console_suspend rdinit=/init phase3_client=kms-pattern display_probe=1 phase3_runtime_seconds=25 phase3_suspend_delay_seconds=10 phase3_wake_seconds=5 phase3_pm_test=devices phase3_drm_state_capture=1 phase3_drm_state_capture_pre_delay_seconds=4 phase3_drm_state_capture_post_delay_seconds=17
[    0.000000] KERNEL supported cpus:
[    0.000000]   Intel GenuineIntel
[    0.000000]   AMD AuthenticAMD
[    0.000000]   Hygon HygonGenuine
[    0.000000]   Centaur CentaurHauls
[    0.000000]   zhaoxin   Shanghai  
[    0.000000] BIOS-provided physical RAM map:
[    0.000000] BIOS-e820: [mem 0x0000000000000000-0x000000000009fbff] usable
[    0.000000] BIOS-e820: [mem 0x000000000009fc00-0x000000000009ffff] reserved
[    0.000000] BIOS-e820: [mem 0x00000000000f0000-0x00000000000fffff] reserved
[    0.000000] BIOS-e820: [mem 0x0000000000100000-0x000000007ffddfff] usable
[    0.000000] BIOS-e820: [mem 0x000000007ffde000-0x000000007fffffff] reserved
[    0.000000] BIOS-e820: [mem 0x00000000b0000000-0x00000000bfffffff] reserved
[    0.000000] BIOS-e820: [mem 0x00000000fed1c000-0x00000000fed1ffff] reserved
[    0.000000] BIOS-e820: [mem 0x00000000feffc000-0x00000000feffffff] reserved
[    0.000000] BIOS-e820: [mem 0x00000000fffc0000-0x00000000ffffffff] reserved
[    0.000000] NX (Execute Disable) protection: active
[    0.000000] APIC: Static calls initialized
[    0.000000] SMBIOS 3.0.0 present.
[    0.000000] DMI: QEMU Standard PC (Q35 + ICH9, 2009), BIOS 1.16.3-debian-1.16.3-2 04/01/2014
[    0.000000] Hypervisor detected: KVM
[    0.000000] kvm-clock: Using msrs 4b564d01 and 4b564d00
[    0.000000] kvm-clock: using sched offset of 293357843 cycles
[    0.000002] clocksource: kvm-clock: mask: 0xffffffffffffffff max_cycles: 0x1cd42e4dffb, max_idle_ns: 881590591483 ns
[    0.000004] tsc: Detected 2803.200 MHz processor
[    0.000621] last_pfn = 0x7ffde max_arch_pfn = 0x400000000
[    0.000657] MTRR map: 4 entries (3 fixed + 1 variable; max 19), built from 8 variable MTRRs
[    0.000660] x86/PAT: Configuration [0-7]: WB  WC  UC- UC  WB  WP  UC- WT  
[    0.004765] found SMP MP-table at [mem 0x000f5470-0x000f547f]
[    0.004783] Using GB pages for direct mapping
[    0.004915] RAMDISK: [mem 0x75de5000-0x7ffcffff]
[    0.004924] ACPI: Early table checksum verification disabled
[    0.004927] ACPI: RSDP 0x00000000000F52B0 000014 (v00 BOCHS )
[    0.004931] ACPI: RSDT 0x000000007FFE2304 000038 (v01 BOCHS  BXPC     00000001 BXPC 00000001)
[    0.004936] ACPI: FACP 0x000000007FFE20FC 0000F4 (v03 BOCHS  BXPC     00000001 BXPC 00000001)
[    0.004940] ACPI: DSDT 0x000000007FFE0040 0020BC (v01 BOCHS  BXPC     00000001 BXPC 00000001)
[    0.004943] ACPI: FACS 0x000000007FFE0000 000040
[    0.004945] ACPI: APIC 0x000000007FFE21F0 000078 (v03 BOCHS  BXPC     00000001 BXPC 00000001)
[    0.004947] ACPI: HPET 0x000000007FFE2268 000038 (v01 BOCHS  BXPC     00000001 BXPC 00000001)
[    0.004949] ACPI: MCFG 0x000000007FFE22A0 00003C (v01 BOCHS  BXPC     00000001 BXPC 00000001)
[    0.004951] ACPI: WAET 0x000000007FFE22DC 000028 (v01 BOCHS  BXPC     00000001 BXPC 00000001)
[    0.004953] ACPI: Reserving FACP table memory at [mem 0x7ffe20fc-0x7ffe21ef]
[    0.004954] ACPI: Reserving DSDT table memory at [mem 0x7ffe0040-0x7ffe20fb]
[    0.004955] ACPI: Reserving FACS table memory at [mem 0x7ffe0000-0x7ffe003f]
[    0.004956] ACPI: Reserving APIC table memory at [mem 0x7ffe21f0-0x7ffe2267]
[    0.004956] ACPI: Reserving HPET table memory at [mem 0x7ffe2268-0x7ffe229f]
[    0.004957] ACPI: Reserving MCFG table memory at [mem 0x7ffe22a0-0x7ffe22db]
[    0.004957] ACPI: Reserving WAET table memory at [mem 0x7ffe22dc-0x7ffe2303]
[    0.005195] No NUMA configuration found
[    0.005196] Faking a node at [mem 0x0000000000000000-0x000000007ffddfff]
[    0.005201] NODE_DATA(0) allocated [mem 0x75dba000-0x75de4fff]
[    0.005299] Zone ranges:
[    0.005299]   DMA      [mem 0x0000000000001000-0x0000000000ffffff]
[    0.005301]   DMA32    [mem 0x0000000001000000-0x000000007ffddfff]
[    0.005302]   Normal   empty
[    0.005302]   Device   empty
[    0.005303] Movable zone start for each node
[    0.005304] Early memory node ranges
[    0.005304]   node   0: [mem 0x0000000000001000-0x000000000009efff]
[    0.005305]   node   0: [mem 0x0000000000100000-0x000000007ffddfff]
[    0.005306] Initmem setup node 0 [mem 0x0000000000001000-0x000000007ffddfff]
[    0.005497] On node 0, zone DMA: 1 pages in unavailable ranges
[    0.005506] On node 0, zone DMA: 97 pages in unavailable ranges
[    0.010810] On node 0, zone DMA32: 34 pages in unavailable ranges
[    0.011029] ACPI: PM-Timer IO Port: 0x608
[    0.011040] ACPI: LAPIC_NMI (acpi_id[0xff] dfl dfl lint[0x1])
[    0.011066] IOAPIC[0]: apic_id 0, version 17, address 0xfec00000, GSI 0-23
[    0.011068] ACPI: INT_SRC_OVR (bus 0 bus_irq 0 global_irq 2 dfl dfl)
[    0.011070] ACPI: INT_SRC_OVR (bus 0 bus_irq 5 global_irq 5 high level)
[    0.011071] ACPI: INT_SRC_OVR (bus 0 bus_irq 9 global_irq 9 high level)
[    0.011071] ACPI: INT_SRC_OVR (bus 0 bus_irq 10 global_irq 10 high level)
[    0.011072] ACPI: INT_SRC_OVR (bus 0 bus_irq 11 global_irq 11 high level)
[    0.011075] ACPI: Using ACPI (MADT) for SMP configuration information
[    0.011075] ACPI: HPET id: 0x8086a201 base: 0xfed00000
[    0.011079] TSC deadline timer available
[    0.011080] smpboot: Allowing 1 CPUs, 0 hotplug CPUs
[    0.011095] kvm-guest: APIC: eoi() replaced with kvm_guest_apic_eoi_write()
[    0.011115] PM: hibernation: Registered nosave memory: [mem 0x00000000-0x00000fff]
[    0.011116] PM: hibernation: Registered nosave memory: [mem 0x0009f000-0x000fffff]
[    0.011117] [mem 0xc0000000-0xfed1bfff] available for PCI devices
[    0.011125] Booting paravirtualized kernel on KVM
[    0.011127] clocksource: refined-jiffies: mask: 0xffffffff max_cycles: 0xffffffff, max_idle_ns: 1910969940391419 ns
[    0.011133] setup_percpu: NR_CPUS:8192 nr_cpumask_bits:1 nr_cpu_ids:1 nr_node_ids:1
[    0.011439] percpu: Embedded 86 pages/cpu s229376 r8192 d114688 u2097152
[    0.011469] kvm-guest: PV spinlocks disabled, single CPU
[    0.011471] Kernel command line: console=ttyS0 panic=-1 no_console_suspend rdinit=/init phase3_client=kms-pattern display_probe=1 phase3_runtime_seconds=25 phase3_suspend_delay_seconds=10 phase3_wake_seconds=5 phase3_pm_test=devices phase3_drm_state_capture=1 phase3_drm_state_capture_pre_delay_seconds=4 phase3_drm_state_capture_post_delay_seconds=17
[    0.011590] Unknown kernel command line parameters "phase3_client=kms-pattern display_probe=1 phase3_runtime_seconds=25 phase3_suspend_delay_seconds=10 phase3_wake_seconds=5 phase3_pm_test=devices phase3_drm_state_capture=1 phase3_drm_state_capture_pre_delay_seconds=4 phase3_drm_state_capture_post_delay_seconds=17", will be passed to user space.
[    0.011633] random: crng init done
[    0.011901] Dentry cache hash table entries: 262144 (order: 9, 2097152 bytes, linear)
[    0.011970] Inode-cache hash table entries: 131072 (order: 8, 1048576 bytes, linear)
[    0.012003] Fallback order for Node 0: 0 
[    0.012005] Built 1 zonelists, mobility grouping on.  Total pages: 515806
[    0.012006] Policy zone: DMA32
[    0.012011] mem auto-init: stack:all(zero), heap alloc:on, heap free:off
[    0.015300] Memory: 1840192K/2096624K available (22528K kernel code, 4439K rwdata, 14400K rodata, 4920K init, 4788K bss, 256172K reserved, 0K cma-reserved)
[    0.015887] SLUB: HWalign=64, Order=0-3, MinObjects=0, CPUs=1, Nodes=1
[    0.015904] ftrace: allocating 58250 entries in 228 pages
[    0.024068] ftrace: allocated 228 pages with 4 groups
[    0.024893] Dynamic Preempt: voluntary
[    0.025148] rcu: Preemptible hierarchical RCU implementation.
[    0.025149] rcu: 	RCU restricting CPUs from NR_CPUS=8192 to nr_cpu_ids=1.
[    0.025151] 	Trampoline variant of Tasks RCU enabled.
[    0.025151] 	Rude variant of Tasks RCU enabled.
[    0.025152] 	Tracing variant of Tasks RCU enabled.
[    0.025152] rcu: RCU calculated value of scheduler-enlistment delay is 100 jiffies.
[    0.025153] rcu: Adjusting geometry for rcu_fanout_leaf=16, nr_cpu_ids=1
[    0.025158] RCU Tasks: Setting shift to 0 and lim to 1 rcu_task_cb_adjust=1 rcu_task_cpu_ids=1.
[    0.025159] RCU Tasks Rude: Setting shift to 0 and lim to 1 rcu_task_cb_adjust=1 rcu_task_cpu_ids=1.
[    0.025174] RCU Tasks Trace: Setting shift to 0 and lim to 1 rcu_task_cb_adjust=1 rcu_task_cpu_ids=1.
[    0.027578] NR_IRQS: 524544, nr_irqs: 256, preallocated irqs: 16
[    0.027771] rcu: srcu_init: Setting srcu_struct sizes based on contention.
[    0.035000] Console: colour VGA+ 80x25
[    0.035035] printk: legacy console [ttyS0] enabled
[    0.091659] ACPI: Core revision 20230628
[    0.092010] clocksource: hpet: mask: 0xffffffff max_cycles: 0xffffffff, max_idle_ns: 19112604467 ns
[    0.092733] APIC: Switch to symmetric I/O mode setup
[    0.093212] x2apic enabled
[    0.093651] APIC: Switched APIC routing to: physical x2apic
[    0.095130] ..TIMER: vector=0x30 apic1=0 pin1=2 apic2=-1 pin2=-1
[    0.095610] clocksource: tsc-early: mask: 0xffffffffffffffff max_cycles: 0x28680fa287f, max_idle_ns: 440795281151 ns
[    0.096422] Calibrating delay loop (skipped) preset value.. 5606.40 BogoMIPS (lpj=2803200)
[    0.097561] x86/cpu: User Mode Instruction Prevention (UMIP) activated
[    0.098454] Last level iTLB entries: 4KB 0, 2MB 0, 4MB 0
[    0.098844] Last level dTLB entries: 4KB 0, 2MB 0, 4MB 0, 1GB 0
[    0.099284] Spectre V1 : Mitigation: usercopy/swapgs barriers and __user pointer sanitization
[    0.099424] Spectre V2 : Spectre BHI mitigation: SW BHB clearing on vm exit
[    0.100422] Spectre V2 : Spectre BHI mitigation: SW BHB clearing on syscall
[    0.100893] Spectre V2 : Mitigation: Enhanced / Automatic IBRS
[    0.101279] Spectre V2 : Spectre v2 / PBRSB-eIBRS: Retire a single CALL on VMEXIT
[    0.101426] Spectre V2 : mitigation: Enabling conditional Indirect Branch Prediction Barrier
[    0.102423] Speculative Store Bypass: Mitigation: Speculative Store Bypass disabled via prctl
[    0.103005] ITS: WARNING: ITS mitigation depends on retpoline and rethunk support
[    0.103430] ITS: Vulnerable
[    0.103683] x86/fpu: Supporting XSAVE feature 0x001: 'x87 floating point registers'
[    0.104420] x86/fpu: Supporting XSAVE feature 0x002: 'SSE registers'
[    0.104875] x86/fpu: Supporting XSAVE feature 0x004: 'AVX registers'
[    0.105420] x86/fpu: Supporting XSAVE feature 0x020: 'AVX-512 opmask'
[    0.105865] x86/fpu: Supporting XSAVE feature 0x040: 'AVX-512 Hi256'
[    0.106294] x86/fpu: Supporting XSAVE feature 0x080: 'AVX-512 ZMM_Hi256'
[    0.106419] x86/fpu: Supporting XSAVE feature 0x200: 'Protection Keys User registers'
[    0.106955] x86/fpu: xstate_offset[2]:  576, xstate_sizes[2]:  256
[    0.107419] x86/fpu: xstate_offset[5]:  832, xstate_sizes[5]:   64
[    0.107849] x86/fpu: xstate_offset[6]:  896, xstate_sizes[6]:  512
[    0.108422] x86/fpu: xstate_offset[7]: 1408, xstate_sizes[7]: 1024
[    0.108917] x86/fpu: xstate_offset[9]: 2432, xstate_sizes[9]:    8
[    0.109422] x86/fpu: Enabled xstate features 0x2e7, context size is 2440 bytes, using 'compacted' format.
[    0.133693] Freeing SMP alternatives memory: 48K
[    0.134064] pid_max: default: 32768 minimum: 301
[    0.134467] LSM: initializing lsm=lockdown,capability,landlock,yama,apparmor,integrity
[    0.135043] landlock: Up and running.
[    0.135300] Yama: becoming mindful.
[    0.135441] AppArmor: AppArmor initialized
[    0.135771] Mount-cache hash table entries: 4096 (order: 3, 32768 bytes, linear)
[    0.136421] Mountpoint-cache hash table entries: 4096 (order: 3, 32768 bytes, linear)
[    0.137270] smpboot: CPU0: 11th Gen Intel(R) Core(TM) i7-1165G7 @ 2.80GHz (family: 0x6, model: 0x8c, stepping: 0x1)
[    0.137438] Performance Events: Icelake events, full-width counters, Intel PMU driver.
[    0.138062] ... version:                2
[    0.138342] ... bit width:              48
[    0.138421] ... generic registers:      8
[    0.138743] ... value mask:             0000ffffffffffff
[    0.139105] ... max period:             00007fffffffffff
[    0.139421] ... fixed-purpose events:   3
[    0.139700] ... event mask:             00000007000000ff
[    0.140081] signal: max sigframe size: 3632
[    0.140358] rcu: Hierarchical SRCU implementation.
[    0.140421] rcu: 	Max phase no-delay instances is 400.
[    0.141016] smp: Bringing up secondary CPUs ...
[    0.141365] smp: Brought up 1 node, 1 CPU
[    0.141428] smpboot: Max logical packages: 1
[    0.141728] smpboot: Total of 1 processors activated (5606.40 BogoMIPS)
[    0.142365] devtmpfs: initialized
[    0.142447] x86/mm: Memory block size: 128MB
[    0.143021] clocksource: jiffies: mask: 0xffffffff max_cycles: 0xffffffff, max_idle_ns: 1911260446275000 ns
[    0.143424] futex hash table entries: 256 (order: 2, 16384 bytes, linear)
[    0.143883] pinctrl core: initialized pinctrl subsystem
[    0.144285] PM: RTC time: 05:47:02, date: 2026-03-08
[    0.144965] NET: Registered PF_NETLINK/PF_ROUTE protocol family
[    0.145488] DMA: preallocated 256 KiB GFP_KERNEL pool for atomic allocations
[    0.146031] DMA: preallocated 256 KiB GFP_KERNEL|GFP_DMA pool for atomic allocations
[    0.146437] DMA: preallocated 256 KiB GFP_KERNEL|GFP_DMA32 pool for atomic allocations
[    0.147006] audit: initializing netlink subsys (disabled)
[    0.147438] audit: type=2000 audit(1772948823.280:1): state=initialized audit_enabled=0 res=1
[    0.148065] thermal_sys: Registered thermal governor 'fair_share'
[    0.148066] thermal_sys: Registered thermal governor 'bang_bang'
[    0.148421] thermal_sys: Registered thermal governor 'step_wise'
[    0.148834] thermal_sys: Registered thermal governor 'user_space'
[    0.149270] thermal_sys: Registered thermal governor 'power_allocator'
[    0.149429] cpuidle: using governor ladder
[    0.150072] cpuidle: using governor menu
[    0.150427] acpiphp: ACPI Hot Plug PCI Controller Driver version: 0.5
[    0.150899] PCI: ECAM [mem 0xb0000000-0xbfffffff] (base 0xb0000000) for domain 0000 [bus 00-ff]
[    0.151422] PCI: ECAM [mem 0xb0000000-0xbfffffff] reserved as E820 entry
[    0.151829] PCI: Using configuration type 1 for base access
[    0.152292] kprobes: kprobe jump-optimization is enabled. All kprobes are optimized if possible.
[    0.180528] HugeTLB: registered 1.00 GiB page size, pre-allocated 0 pages
[    0.181028] HugeTLB: 16380 KiB vmemmap can be freed for a 1.00 GiB page
[    0.181421] HugeTLB: registered 2.00 MiB page size, pre-allocated 0 pages
[    0.181884] HugeTLB: 28 KiB vmemmap can be freed for a 2.00 MiB page
[    0.182503] ACPI: Added _OSI(Module Device)
[    0.182798] ACPI: Added _OSI(Processor Device)
[    0.183071] ACPI: Added _OSI(Processor Aggregator Device)
[    0.184190] ACPI: 1 ACPI AML tables successfully acquired and loaded
[    0.185039] ACPI: _OSC evaluation for CPUs failed, trying _PDC
[    0.185488] ACPI: Interpreter enabled
[    0.185719] ACPI: PM: (supports S0 S3 S4 S5)
[    0.185982] ACPI: Using IOAPIC for interrupt routing
[    0.186370] PCI: Using host bridge windows from ACPI; if necessary, use "pci=nocrs" and report a bug
[    0.186421] PCI: Using E820 reservations for host bridge windows
[    0.186887] ACPI: Enabled 2 GPEs in block 00 to 3F
[    0.188297] ACPI: PCI Root Bridge [PCI0] (domain 0000 [bus 00-ff])
[    0.188423] acpi PNP0A08:00: _OSC: OS supports [ExtendedConfig ASPM ClockPM Segments MSI EDR HPX-Type3]
[    0.189045] acpi PNP0A08:00: _OSC: platform does not support [PCIeHotplug LTR DPC]
[    0.189466] acpi PNP0A08:00: _OSC: OS now controls [SHPCHotplug PME AER PCIeCapability]
[    0.190027] PCI host bridge to bus 0000:00
[    0.190273] pci_bus 0000:00: root bus resource [io  0x0000-0x0cf7 window]
[    0.190420] pci_bus 0000:00: root bus resource [io  0x0d00-0xffff window]
[    0.190828] pci_bus 0000:00: root bus resource [mem 0x000a0000-0x000bffff window]
[    0.191361] pci_bus 0000:00: root bus resource [mem 0x80000000-0xafffffff window]
[    0.191421] pci_bus 0000:00: root bus resource [mem 0xc0000000-0xfebfffff window]
[    0.191937] pci_bus 0000:00: root bus resource [mem 0x100000000-0x8ffffffff window]
[    0.192421] pci_bus 0000:00: root bus resource [bus 00-ff]
[    0.192821] pci 0000:00:00.0: [8086:29c0] type 00 class 0x060000 conventional PCI endpoint
[    0.193647] pci 0000:00:01.0: [1af4:1000] type 00 class 0x020000 conventional PCI endpoint
[    0.194840] pci 0000:00:01.0: BAR 0 [io  0xc040-0xc05f]
[    0.195226] pci 0000:00:01.0: BAR 4 [mem 0xfe800000-0xfe803fff 64bit pref]
[    0.195426] pci 0000:00:01.0: ROM [mem 0xfeb00000-0xfeb7ffff pref]
[    0.196236] pci 0000:00:02.0: [1af4:1050] type 00 class 0x030000 conventional PCI endpoint
[    0.197434] pci 0000:00:02.0: BAR 0 [mem 0xfe000000-0xfe7fffff pref]
[    0.197898] pci 0000:00:02.0: BAR 2 [mem 0xfe804000-0xfe807fff 64bit pref]
[    0.198379] pci 0000:00:02.0: BAR 4 [mem 0xfeb94000-0xfeb94fff]
[    0.198430] pci 0000:00:02.0: ROM [mem 0xfeb80000-0xfeb8ffff pref]
[    0.198904] pci 0000:00:02.0: Video device with shadowed ROM at [mem 0x000c0000-0x000dffff]
[    0.199784] pci 0000:00:03.0: [1b36:000d] type 00 class 0x0c0330 PCIe Root Complex Integrated Endpoint
[    0.200875] pci 0000:00:03.0: BAR 0 [mem 0xfeb90000-0xfeb93fff 64bit]
[    0.208467] pci 0000:00:1f.0: [8086:2918] type 00 class 0x060100 conventional PCI endpoint
[    0.209194] pci 0000:00:1f.0: quirk: [io  0x0600-0x067f] claimed by ICH6 ACPI/GPIO/TCO
[    0.209557] pci 0000:00:1f.2: [8086:2922] type 00 class 0x010601 conventional PCI endpoint
[    0.210725] pci 0000:00:1f.2: BAR 4 [io  0xc060-0xc07f]
[    0.211096] pci 0000:00:1f.2: BAR 5 [mem 0xfeb95000-0xfeb95fff]
[    0.211634] pci 0000:00:1f.3: [8086:2930] type 00 class 0x0c0500 conventional PCI endpoint
[    0.212439] pci 0000:00:1f.3: BAR 4 [io  0x0700-0x073f]
[    0.212997] ACPI: PCI: Interrupt link LNKA configured for IRQ 10
[    0.213407] ACPI: PCI: Interrupt link LNKB configured for IRQ 10
[    0.213462] ACPI: PCI: Interrupt link LNKC configured for IRQ 11
[    0.213861] ACPI: PCI: Interrupt link LNKD configured for IRQ 11
[    0.214284] ACPI: PCI: Interrupt link LNKE configured for IRQ 10
[    0.214482] ACPI: PCI: Interrupt link LNKF configured for IRQ 10
[    0.214967] ACPI: PCI: Interrupt link LNKG configured for IRQ 11
[    0.215427] ACPI: PCI: Interrupt link LNKH configured for IRQ 11
[    0.215923] ACPI: PCI: Interrupt link GSIA configured for IRQ 16
[    0.216346] ACPI: PCI: Interrupt link GSIB configured for IRQ 17
[    0.216426] ACPI: PCI: Interrupt link GSIC configured for IRQ 18
[    0.216822] ACPI: PCI: Interrupt link GSID configured for IRQ 19
[    0.217192] ACPI: PCI: Interrupt link GSIE configured for IRQ 20
[    0.217426] ACPI: PCI: Interrupt link GSIF configured for IRQ 21
[    0.217810] ACPI: PCI: Interrupt link GSIG configured for IRQ 22
[    0.218233] ACPI: PCI: Interrupt link GSIH configured for IRQ 23
[    0.218635] iommu: Default domain type: Translated
[    0.218929] iommu: DMA domain TLB invalidation policy: lazy mode
[    0.219416] SCSI subsystem initialized
[    0.219452] ACPI: bus type USB registered
[    0.219741] usbcore: registered new interface driver usbfs
[    0.220125] usbcore: registered new interface driver hub
[    0.220424] usbcore: registered new device driver usb
[    0.220791] pps_core: LinuxPPS API ver. 1 registered
[    0.221140] pps_core: Software ver. 5.3.6 - Copyright 2005-2007 Rodolfo Giometti <giometti@linux.it>
[    0.221422] PTP clock support registered
[    0.221757] EDAC MC: Ver: 3.0.0
[    0.222265] NetLabel: Initializing
[    0.222421] NetLabel:  domain hash size = 128
[    0.222739] NetLabel:  protocols = UNLABELED CIPSOv4 CALIPSO
[    0.223137] NetLabel:  unlabeled traffic allowed by default
[    0.223477] mctp: management component transport protocol core
[    0.223912] NET: Registered PF_MCTP protocol family
[    0.224261] PCI: Using ACPI for IRQ routing
[    0.318609] pci 0000:00:02.0: vgaarb: setting as boot VGA device
[    0.319096] pci 0000:00:02.0: vgaarb: bridge control possible
[    0.319419] pci 0000:00:02.0: vgaarb: VGA device added: decodes=io+mem,owns=io+mem,locks=none
[    0.319421] vgaarb: loaded
[    0.319700] hpet0: at MMIO 0xfed00000, IRQs 2, 8, 0
[    0.319998] hpet0: 3 comparators, 64-bit 100.000000 MHz counter
[    0.323453] clocksource: Switched to clocksource kvm-clock
[    0.324264] VFS: Disk quotas dquot_6.6.0
[    0.324556] VFS: Dquot-cache hash table entries: 512 (order 0, 4096 bytes)
[    0.325106] AppArmor: AppArmor Filesystem Enabled
[    0.325456] pnp: PnP ACPI init
[    0.325784] system 00:05: [mem 0xb0000000-0xbfffffff window] has been reserved
[    0.326477] pnp: PnP ACPI: found 6 devices
[    0.331978] clocksource: acpi_pm: mask: 0xffffff max_cycles: 0xffffff, max_idle_ns: 2085701024 ns
[    0.332685] NET: Registered PF_INET protocol family
[    0.333250] IP idents hash table entries: 32768 (order: 6, 262144 bytes, linear)
[    0.342724] tcp_listen_portaddr_hash hash table entries: 1024 (order: 2, 16384 bytes, linear)
[    0.343300] Table-perturb hash table entries: 65536 (order: 6, 262144 bytes, linear)
[    0.343813] TCP established hash table entries: 16384 (order: 5, 131072 bytes, linear)
[    0.344340] TCP bind hash table entries: 16384 (order: 7, 524288 bytes, linear)
[    0.344820] TCP: Hash tables configured (established 16384 bind 16384)
[    0.345249] MPTCP token hash table entries: 2048 (order: 3, 49152 bytes, linear)
[    0.345719] UDP hash table entries: 1024 (order: 3, 32768 bytes, linear)
[    0.346123] UDP-Lite hash table entries: 1024 (order: 3, 32768 bytes, linear)
[    0.346606] NET: Registered PF_UNIX/PF_LOCAL protocol family
[    0.346953] NET: Registered PF_XDP protocol family
[    0.347249] pci_bus 0000:00: resource 4 [io  0x0000-0x0cf7 window]
[    0.347632] pci_bus 0000:00: resource 5 [io  0x0d00-0xffff window]
[    0.348003] pci_bus 0000:00: resource 6 [mem 0x000a0000-0x000bffff window]
[    0.348457] pci_bus 0000:00: resource 7 [mem 0x80000000-0xafffffff window]
[    0.348929] pci_bus 0000:00: resource 8 [mem 0xc0000000-0xfebfffff window]
[    0.349439] pci_bus 0000:00: resource 9 [mem 0x100000000-0x8ffffffff window]
[    0.350125] ACPI: \_SB_.GSIH: Enabled at IRQ 23
[    0.350940] PCI: CLS 0 bytes, default 64
[    0.351404] Trying to unpack rootfs image as initramfs...
[    0.352819] clocksource: tsc: mask: 0xffffffffffffffff max_cycles: 0x28680fa287f, max_idle_ns: 440795281151 ns
[    0.353838] Initialise system trusted keyrings
[    0.354154] Key type blacklist registered
[    0.355656] workingset: timestamp_bits=36 max_order=19 bucket_order=0
[    0.356118] zbud: loaded
[    0.357781] squashfs: version 4.0 (2009/01/31) Phillip Lougher
[    0.358271] fuse: init (API version 7.39)
[    0.358612] integrity: Platform Keyring initialized
[    0.358914] integrity: Machine keyring initialized
[    0.373684] Key type asymmetric registered
[    0.373963] Asymmetric key parser 'x509' registered
[    0.374279] Block layer SCSI generic (bsg) driver version 0.4 loaded (major 243)
[    0.375692] io scheduler mq-deadline registered
[    0.376111] shpchp: Standard Hot Plug PCI Controller Driver version: 0.4
[    0.377720] input: Power Button as /devices/LNXSYSTM:00/LNXPWRBN:00/input/input0
[    0.378787] ACPI: button: Power Button [PWRF]
[    0.379345] ACPI: \_SB_.GSIF: Enabled at IRQ 21
[    0.381468] ACPI: \_SB_.GSIG: Enabled at IRQ 22
[    0.384768] Serial: 8250/16550 driver, 32 ports, IRQ sharing enabled
[    0.429800] 00:03: ttyS0 at I/O 0x3f8 (irq = 4, base_baud = 115200) is a 16550A
[    0.433780] Linux agpgart interface v0.103
[    0.436113] loop: module loaded
[    0.436459] ACPI: bus type drm_connector registered
[    0.437908] tun: Universal TUN/TAP device driver, 1.6
[    0.439964] PPP generic driver version 2.4.2
[    0.440393] i8042: PNP: PS/2 Controller [PNP0303:KBD,PNP0f13:MOU] at 0x60,0x64 irq 1,12
[    0.442109] serio: i8042 KBD port at 0x60,0x64 irq 1
[    0.442445] serio: i8042 AUX port at 0x60,0x64 irq 12
[    0.444851] mousedev: PS/2 mouse device common for all mice
[    0.445447] input: AT Translated Set 2 keyboard as /devices/platform/i8042/serio0/input/input1
[    0.446204] rtc_cmos 00:04: RTC can wake from S4
[    0.447811] rtc_cmos 00:04: registered as rtc0
[    0.448125] rtc_cmos 00:04: setting system clock to 2026-03-08T05:47:02 UTC (1772948822)
[    0.449767] rtc_cmos 00:04: alarms up to one day, y3k, 242 bytes nvram, hpet irqs
[    0.450288] i2c_dev: i2c /dev entries driver
[    0.450597] device-mapper: core: CONFIG_IMA_DISABLE_HTABLE is disabled. Duplicate IMA measurements will not be recorded in the IMA log.
[    0.452766] device-mapper: uevent: version 1.0.3
[    0.453721] device-mapper: ioctl: 4.48.0-ioctl (2023-03-01) initialised: dm-devel@redhat.com
[    0.454311] intel_pstate: CPU model not supported
[    0.455683] ledtrig-cpu: registered to indicate activity on CPUs
[    0.456192] drop_monitor: Initializing network drop monitor service
[    0.457777] NET: Registered PF_INET6 protocol family
[    1.851843] Freeing initrd memory: 165804K
[    1.852415] Segment Routing with IPv6
[    1.852698] In-situ OAM (IOAM) with IPv6
[    1.852995] NET: Registered PF_PACKET protocol family
[    1.853371] Key type dns_resolver registered
[    1.853891] IPI shorthand broadcast: enabled
[    1.855113] sched_clock: Marking stable (1789002056, 65641920)->(1865505779, -10861803)
[    1.855841] registered taskstats version 1
[    1.856185] Loading compiled-in X.509 certificates
[    1.857101] Loaded X.509 cert 'Build time autogenerated kernel key: 7f71bdefc17a4d88631555bf9efbb1c93d6f5260'
[    1.858201] Loaded X.509 cert 'Canonical Ltd. Live Patch Signing 2025 Kmod: d541cef61dc7e793b7eb7e899970a2eef0b5dc8c'
[    1.859312] Loaded X.509 cert 'Canonical Ltd. Live Patch Signing: 14df34d1a87cf37625abec039ef2bf521249b969'
[    1.860341] Loaded X.509 cert 'Canonical Ltd. Kernel Module Signing: 88f752e560a1e0737e31163a466ad7b70a850c19'
[    1.861028] blacklist: Loading compiled-in revocation X.509 certificates
[    1.861496] Loaded X.509 cert 'Canonical Ltd. Secure Boot Signing: 61482aa2830d0ab2ad5af10b7250da9033ddcef0'
[    1.862096] Loaded X.509 cert 'Canonical Ltd. Secure Boot Signing (2017): 242ade75ac4a15e50d50c84b0d45ff3eae707a03'
[    1.862759] Loaded X.509 cert 'Canonical Ltd. Secure Boot Signing (ESM 2018): 365188c1d374d6b07c3c8f240f8ef722433d6a8b'
[    1.863444] Loaded X.509 cert 'Canonical Ltd. Secure Boot Signing (2019): c0746fd6c5da3ae827864651ad66ae47fe24b3e8'
[    1.864412] Loaded X.509 cert 'Canonical Ltd. Secure Boot Signing (2021 v1): a8d54bbb3825cfb94fa13c9f8a594a195c107b8d'
[    1.865155] Loaded X.509 cert 'Canonical Ltd. Secure Boot Signing (2021 v2): 4cf046892d6fd3c9a5b03f98d845f90851dc6a8c'
[    1.865908] Loaded X.509 cert 'Canonical Ltd. Secure Boot Signing (2021 v3): 100437bb6de6e469b581e61cd66bce3ef4ed53af'
[    1.866656] Loaded X.509 cert 'Canonical Ltd. Secure Boot Signing (Ubuntu Core 2019): c1d57b8f6b743f23ee41f4f7ee292f06eecadfb9'
[    1.869423] Key type .fscrypt registered
[    1.869719] Key type fscrypt-provisioning registered
[    1.870248] Key type encrypted registered
[    1.870543] AppArmor: AppArmor sha256 policy hashing enabled
[    1.871104] ima: No TPM chip found, activating TPM-bypass!
[    1.871509] Loading compiled-in module X.509 certificates
[    1.872278] Loaded X.509 cert 'Build time autogenerated kernel key: 7f71bdefc17a4d88631555bf9efbb1c93d6f5260'
[    1.872987] ima: Allocated hash algorithm: sha256
[    1.873325] ima: No architecture policies found
[    1.873653] evm: Initialising EVM extended attributes:
[    1.874005] evm: security.selinux
[    1.874235] evm: security.SMACK64
[    1.874472] evm: security.SMACK64EXEC
[    1.874757] evm: security.SMACK64TRANSMUTE
[    1.875050] evm: security.SMACK64MMAP
[    1.875319] evm: security.apparmor
[    1.875558] evm: security.ima
[    1.875769] evm: security.capability
[    1.876026] evm: HMAC attrs: 0x1
[    1.876429] PM:   Magic number: 2:346:769
[    1.876737] mem kmsg: hash matches
[    1.879638] RAS: Correctable Errors collector initialized.
[    1.880105] clk: Disabling unused clocks
[    1.886451] Freeing unused decrypted memory: 2028K
[    1.887075] Freeing unused kernel image (initmem) memory: 4920K
[    1.887355] Write protecting the kernel read-only data: 38912k
[    1.887929] Freeing unused kernel image (rodata/data gap) memory: 1984K
[    1.896165] x86/mm: Checked W+X mappings: passed, no W+X pages found.
[    1.896520] Run /init as init process
[init-phase3] booted
[init-phase3] loading module=/lib/modules/6.8.0-101-generic/kernel/drivers/virtio/virtio_dma_buf.ko
[init-phase3] loading module=/lib/modules/6.8.0-101-generic/kernel/drivers/gpu/drm/virtio/virtio-gpu.ko
[    1.903324] [drm] pci: virtio-vga detected at 0000:00:02.0
[    1.903613] virtio-pci 0000:00:02.0: vgaarb: deactivate vga console
[    1.908549] Console: switching to colour dummy device 80x25
[    1.908929] [drm] features: -virgl +edid -resource_blob -host_visible
[    1.908930] [drm] features: -context_init
[    1.909797] [drm] number of scanouts: 1
[    1.909986] [drm] number of cap sets: 0
[    1.910353] [drm] Initialized virtio_gpu 0.1.0 0 for 0000:00:02.0 on minor 0
[    1.912476] fbcon: virtio_gpudrmfb (fb0) is primary device
[    1.915025] Console: switching to colour frame buffer device 160x50
[    1.916675] virtio-pci 0000:00:02.0: [drm] fb0: virtio_gpudrmfb frame buffer device
[init-phase3] loading module=/lib/modules/6.8.0-101-generic/kernel/drivers/hid/hid.ko
[    1.921935] hid: raw HID events driver (C) Jiri Kosina
[init-phase3] loading module=/lib/modules/6.8.0-101-generic/kernel/drivers/hid/hid-generic.ko
[init-phase3] loading module=/lib/modules/6.8.0-101-generic/kernel/drivers/hid/usbhid/usbhid.ko
[    1.924758] usbcore: registered new interface driver usbhid
[    1.925028] usbhid: USB HID core driver
[init-phase3] loading module=/lib/modules/6.8.0-101-generic/kernel/drivers/hid/usbhid/usbkbd.ko
[    1.926218] usbcore: registered new interface driver usbkbd
[init-phase3] loading module=/lib/modules/6.8.0-101-generic/kernel/drivers/hid/usbhid/usbmouse.ko
[    1.927582] usbcore: registered new interface driver usbmouse
[init-phase3] loading module=/lib/modules/6.8.0-101-generic/kernel/drivers/input/mouse/psmouse.ko
[    1.931018] input: VirtualPS/2 VMware VMMouse as /devices/platform/i8042/serio1/input/input4
[init-phase3] loading module=/lib/modules/6.8.0-101-generic/kernel/drivers/usb/host/xhci-pci-renesas.ko
[    1.932716] input: VirtualPS/2 VMware VMMouse as /devices/platform/i8042/serio1/input/input3
[init-phase3] loading module=/lib/modules/6.8.0-101-generic/kernel/drivers/usb/host/xhci-pci.ko
[    1.934804] xhci_hcd 0000:00:03.0: xHCI Host Controller
[    1.935065] xhci_hcd 0000:00:03.0: new USB bus registered, assigned bus number 1
[    1.935574] xhci_hcd 0000:00:03.0: hcc params 0x00087001 hci version 0x100 quirks 0x0000000000000010
[    1.936323] xhci_hcd 0000:00:03.0: xHCI Host Controller
[    1.936556] xhci_hcd 0000:00:03.0: new USB bus registered, assigned bus number 2
[    1.936880] xhci_hcd 0000:00:03.0: Host supports USB 3.0 SuperSpeed
[    1.937172] usb usb1: New USB device found, idVendor=1d6b, idProduct=0002, bcdDevice= 6.08
[    1.937535] usb usb1: New USB device strings: Mfr=3, Product=2, SerialNumber=1
[    1.937838] usb usb1: Product: xHCI Host Controller
[    1.938043] usb usb1: Manufacturer: Linux 6.8.0-101-generic xhci-hcd
[    1.938314] usb usb1: SerialNumber: 0000:00:03.0
[    1.938580] hub 1-0:1.0: USB hub found
[    1.938785] hub 1-0:1.0: 4 ports detected
[    1.939124] usb usb2: We don't know the algorithms for LPM for this host, disabling LPM.
[    1.939520] usb usb2: New USB device found, idVendor=1d6b, idProduct=0003, bcdDevice= 6.08
[    1.939927] usb usb2: New USB device strings: Mfr=3, Product=2, SerialNumber=1
[    1.940271] usb usb2: Product: xHCI Host Controller
[    1.940509] usb usb2: Manufacturer: Linux 6.8.0-101-generic xhci-hcd
[    1.940819] usb usb2: SerialNumber: 0000:00:03.0
[    1.941101] hub 2-0:1.0: USB hub found
[    1.941310] hub 2-0:1.0: 4 ports detected
Starting systemd-udevd version 255.4-1ubuntu8.8
total 0
drwxr-xr-x    2 root     root            80 Mar  8 05:47 by-path
crw-rw----    1 root     video     226,   0 Mar  8 05:47 card0
crw-rw----    1 root     root      226, 128 Mar  8 05:47 renderD128
total 0
drwxr-xr-x    2 root     root           100 Mar  8 05:47 by-path
crw-rw----    1 root     input      13,  64 Mar  8 05:47 event0
crw-rw----    1 root     input      13,  65 Mar  8 05:47 event1
crw-rw----    1 root     input      13,  66 Mar  8 05:47 event2
crw-rw----    1 root     input      13,  67 Mar  8 05:47 event3
crw-rw----    1 root     input      13,  63 Mar  8 05:47 mice
crw-rw----    1 root     input      13,  32 Mar  8 05:47 mouse0
crw-rw----    1 root     input      13,  33 Mar  8 05:47 mouse1
[init-phase3] skipping weston for client=kms-pattern
[init-phase3] display_probe pid=122
[init-phase3] launching client=kms-pattern url=about:blank runtime=25 suspend_delay=10 wake=5 pm_test=devices no_suspend=
[    2.175771] usb 1-1: new high-speed USB device number 2 using xhci_hcd
[    2.301976] usb 1-1: New USB device found, idVendor=0627, idProduct=0001, bcdDevice= 0.00
[    2.302482] usb 1-1: New USB device strings: Mfr=1, Product=4, SerialNumber=11
[    2.302913] usb 1-1: Product: QEMU USB Keyboard
[    2.303166] usb 1-1: Manufacturer: QEMU
[    2.303386] usb 1-1: SerialNumber: 68284-0000:00:03.0-1
[    2.304310] input: QEMU QEMU USB Keyboard as /devices/pci0000:00/0000:00:03.0/usb1/1-1/1-1:1.0/0003:0627:0001.0001/input/input5
[    2.356862] hid-generic 0003:0627:0001.0001: input,hidraw0: USB HID v1.11 Keyboard [QEMU QEMU USB Keyboard] on usb-0000:00:03.0-1/input0
[    2.471711] usb 1-2: new high-speed USB device number 3 using xhci_hcd
[    2.598038] usb 1-2: New USB device found, idVendor=0627, idProduct=0001, bcdDevice= 0.00
[    2.598536] usb 1-2: New USB device strings: Mfr=1, Product=3, SerialNumber=10
[    2.598924] usb 1-2: Product: QEMU USB Tablet
[    2.599159] usb 1-2: Manufacturer: QEMU
[    2.599374] usb 1-2: SerialNumber: 28754-0000:00:03.0-2
[    2.600489] input: QEMU QEMU USB Tablet as /devices/pci0000:00/0000:00:03.0/usb1/1-2/1-2:1.0/0003:0627:0001.0002/input/input6
[    2.601189] hid-generic 0003:0627:0001.0002: input,hidraw1: USB HID v0.01 Mouse [QEMU QEMU USB Tablet] on usb-0000:00:03.0-2/input0
[init-phase3] app pid=196 client=kms-pattern
[init-phase3] scheduling suspend args=--delay-seconds 10 --wake-seconds 5 --pm-test devices
@@KMSPATTERN device=/dev/dri/card0 connector_id=36 crtc_id=35 fb_id=42 width=1280 height=800 pattern=pre
[init-phase3] drm-state-capture tag=pre delay=4
@@DRMSTATE tag=pre card=0 base=/sys/kernel/debug/dri/0 files=state,framebuffer,clients,gem_names,name text_size=1910 gzip_size=739 sha256_txt=35e6fdc7e4e66f5087eb66339b043ee558a16e66e02db1eead8101398c2df3fe compression=gzip
@@DRMSTATE_BEGIN tag=pre
H4sIAAAAAAAAA81UUW+bMBB+hl9h9anVlMpAkqaR/LK2kypNe6i6aVNUIQOGejM2s02W9tfvbAiB
pJX2OCcg33fmzvf5/BECA326/3yHjKWWIWeTsBFUsk0SPa2Rn85wGOTa5sS9nFFmJLkOg4AKoXL4
rkDZCyJoU2a5kk/g0KzMVSsticEola6pJd8f4jkS3FrBZkwWnEp0jnfJPIkX8WJ1AQtrVfCSM03w
DpIEhr8yEsUrvFthZwv6wrRZw8y7Nvhp7A0abvNnBy6i2AOqLA2zDunM7CfM/eeBpDXr0MNWE28C
D9oSjCPsRge5fczx9XIP8LpRGqomUnm7oRUzaWtY2kWKPLqtaTMCu0+3tCigvqPR0TtrlBkq+gC/
MDD6gF52a52zn344mYSBVnCQXEm3CemIF7D7Yvbqorg8SigN9OdAtazI/ePX2QP6+Hi5xBH6cZPd
6P0STWXFiIfg0GruDtlj/YK0rmqb5s8OKiBy3zPx0DNR3zPnshXiwvfMuE444mmJQ33/Y3Vu25tk
AcXtrwCTNBPM7YPmlm/9zDBRptBPmpnntIdhqefDDNFgITQ6G0XvQ4wRuEeS5VZpM0Xf2FsXP62p
+eViD18OiOeDHWyXfY3O9p12tkZXCxThqwRj5EAULd1smaxQdBWvEKyBZw4PzMHGu7l70XBItUmW
QM03rm1LxXDye6qmtPyh2rNS0x2Av1tmgPw0a/KhQNPQnJFbVtJW2DD0moTuvtyeChU56Fep4Upn
bVky3TtHyCa5dhf/Pbkaq9W/itVUq46k6qBUbwjVsU5NZWqkUgeRmmrUqUQdK9SRQL2pT2/J0zvq
dHwEp1yPDiIXnElregcaj1zVNZUFQrbiBSrYFkFLWghCwdkC5EdNK56f5JyGHeWrWJ06pg4ZneUj
OVoQ3JNCgHfP4Unk4wCj2D5Sh26hublKq6Z1G/ccrd0/vsSolRz6eIKdZBmF+gviunYkdgcAAA==
@@DRMSTATE_END tag=pre
@@LOG kind=state wakealarm_seconds=5
@@LOG kind=state state=SUSPENDING cycle=1
[   13.001047] PM: suspend entry (s2idle)
[   13.001292] Filesystems sync: 0.000 seconds
[   13.002622] Freezing user space processes
[   13.003676] Freezing user space processes completed (elapsed 0.000 seconds)
[   13.004046] OOM killer disabled.
[   13.004232] Freezing remaining freezable tasks
[   13.005525] Freezing remaining freezable tasks completed (elapsed 0.001 seconds)
[   13.028188] PM: suspend debug: Waiting for 5 second(s).
[   18.032754] xhci_hcd 0000:00:03.0: xHC error in resume, USBSTS 0x401, Reinit
[   18.033152] usb usb1: root hub lost power or was reset
[   18.033395] usb usb2: root hub lost power or was reset
[   18.291735] usb 1-2: reset high-speed USB device number 3 using xhci_hcd
[   18.531733] usb 1-1: reset high-speed USB device number 2 using xhci_hcd
[   18.658390] OOM killer enabled.
[   18.658689] Restarting tasks ... done.
[   18.661435] random: crng reseeded on system resumption
[   18.665143] PM: suspend exit
@@LOG kind=state state=RESUMED cycle=1 sleep_ms=5665 resume_gap_ms=5665
@@METRIC name=sleep_duration value_ms=5665 cycle=1
@@METRIC name=suspend_resume_gap value_ms=5665 cycle=1
[init-phase3] kms-pattern post delay=16
@@KMSPATTERN device=/dev/dri/card0 connector_id=36 crtc_id=35 fb_id=41 width=1280 height=800 pattern=post
[init-phase3] drm-state-capture tag=post delay=17
@@DRMSTATE tag=post card=0 base=/sys/kernel/debug/dri/0 files=state,framebuffer,clients,gem_names,name text_size=1915 gzip_size=757 sha256_txt=4bd671ae171a48d63aece112208db1916e09ac8fd862539c3594d88ab05d82e5 compression=gzip
@@DRMSTATE_BEGIN tag=post
H4sIAAAAAAAAA81V32vbMBB+tv8K0aeWkSLbSZoG9LK2g8LYQ+nGRihGtmVXqyx7kpyl/et3kh3/
Sgd7nBMH3SfpTvfd6Qsh8KBP95/vkDbUMGRt4teCSraLgqctcsMF9r1UmZTYH2vkCVkGvudRIaoU
9mUoeUUEvZQ6rqkxTEmYVCxPq0YaEoKRV6qkhnx/CJdIcGMEWzCZcSrROT5EyyhchavNBSwsq4zn
nCmCDxDI0/yNkSDc4MMGW1vQV6b0FkZuaoefxrNezU36bMFVEDqgynPNjEVaM/kJY7fdk7RkLToc
delM4EIZgnGAccQ2LWTPscTXa9wG8nhZVwoyJ7Jydk0LpuNGs3hI2vP2Ja1HYLt1T7MM8ps9LcWL
utJ9Rh/g43taDehlu9ZOdsMPJwPfUxUUk1eSQI2kJV7A6bPFm/Vi41SiUkB/ClTLgtw/fl08oI+P
l2scoB83yY06LlFUFow4CIpWcltoh3UL4rIoTZw+WygDz13fhH3fBF3fnMtGiAvXN+M8ocTTFPv8
/sfs7LF30QqSO14DJmkimD0HTQ3fu5FmIo+hnxTTz3EHw1LHh+69wUJodDby3rkYI2klJUtNpfQU
fedsrf+4pPrF+u539ojjgw22jb5FZ8dOO9uiqxUK8FWEMbIgCtZ2tI42KLgKNwjWwLuEF8Zg48PS
/lC/D7WL1kDNN65MQ0Vf+SNVU1p+U+VYKekBwF8N00B+nNRpn6CuacrILctpI4zvO11Cd19uT8WK
DBqWK7jSSZPnTHWTI2QXXduLP5OsXZ5ABk/+RK3+VaymWjWTqkGp3hGquU5NZWqkUoNI9QcMAn+q
UZ0kzSVqplBzgXJe3tOnv8jTvAanZI8qkQrOpNHdBBo/aVWWVGYImYJnKGN7BD0JfxmIwmQDkHtK
WvD0JObU7ShewcrYUjVEtJbzZGlBcFEyAbNHEk88zx2MfDtPLbqH7uZVXNSNPbjjaGu/4SVGjeTQ
yBPsJMrI1R8m74HjewcAAA==
@@DRMSTATE_END tag=post
[init-phase3] runtime limit reached, terminating client=kms-pattern
Terminated
@@DISPLAY sample=1 uptime_s=1.91 fb0=virtio_gpudrmfb_ proc_fb=0_virtio_gpudrmfb_ vt=vtcon0nameM_frame_buffer_device_bind1__vtcon1nameM_dummy_device_bind0__ drm=card0-Virtual-1statusconnected_enabledenabled_dpmsOn__
@@DISPLAY sample=2 uptime_s=2.93 fb0=virtio_gpudrmfb_ proc_fb=0_virtio_gpudrmfb_ vt=vtcon0nameM_frame_buffer_device_bind1__vtcon1nameM_dummy_device_bind0__ drm=card0-Virtual-1statusconnected_enabledenabled_dpmsOn__
@@DISPLAY sample=3 uptime_s=3.94 fb0=virtio_gpudrmfb_ proc_fb=0_virtio_gpudrmfb_ vt=vtcon0nameM_frame_buffer_device_bind1__vtcon1nameM_dummy_device_bind0__ drm=card0-Virtual-1statusconnected_enabledenabled_dpmsOn__
@@DISPLAY sample=4 uptime_s=4.95 fb0=virtio_gpudrmfb_ proc_fb=0_virtio_gpudrmfb_ vt=vtcon0nameM_frame_buffer_device_bind1__vtcon1nameM_dummy_device_bind0__ drm=card0-Virtual-1statusconnected_enabledenabled_dpmsOn__
@@DISPLAY sample=5 uptime_s=5.96 fb0=virtio_gpudrmfb_ proc_fb=0_virtio_gpudrmfb_ vt=vtcon0nameM_frame_buffer_device_bind1__vtcon1nameM_dummy_device_bind0__ drm=card0-Virtual-1statusconnected_enabledenabled_dpmsOn__
@@DISPLAY sample=6 uptime_s=6.97 fb0=virtio_gpudrmfb_ proc_fb=0_virtio_gpudrmfb_ vt=vtcon0nameM_frame_buffer_device_bind1__vtcon1nameM_dummy_device_bind0__ drm=card0-Virtual-1statusconnected_enabledenabled_dpmsOn__
@@DISPLAY sample=7 uptime_s=7.98 fb0=virtio_gpudrmfb_ proc_fb=0_virtio_gpudrmfb_ vt=vtcon0nameM_frame_buffer_device_bind1__vtcon1nameM_dummy_device_bind0__ drm=card0-Virtual-1statusconnected_enabledenabled_dpmsOn__
@@DISPLAY sample=8 uptime_s=9.00 fb0=virtio_gpudrmfb_ proc_fb=0_virtio_gpudrmfb_ vt=vtcon0nameM_frame_buffer_device_bind1__vtcon1nameM_dummy_device_bind0__ drm=card0-Virtual-1statusconnected_enabledenabled_dpmsOn__
@@DISPLAY sample=9 uptime_s=10.01 fb0=virtio_gpudrmfb_ proc_fb=0_virtio_gpudrmfb_ vt=vtcon0nameM_frame_buffer_device_bind1__vtcon1nameM_dummy_device_bind0__ drm=card0-Virtual-1statusconnected_enabledenabled_dpmsOn__
@@DISPLAY sample=10 uptime_s=11.02 fb0=virtio_gpudrmfb_ proc_fb=0_virtio_gpudrmfb_ vt=vtcon0nameM_frame_buffer_device_bind1__vtcon1nameM_dummy_device_bind0__ drm=card0-Virtual-1statusconnected_enabledenabled_dpmsOn__
@@DISPLAY sample=11 uptime_s=12.03 fb0=virtio_gpudrmfb_ proc_fb=0_virtio_gpudrmfb_ vt=vtcon0nameM_frame_buffer_device_bind1__vtcon1nameM_dummy_device_bind0__ drm=card0-Virtual-1statusconnected_enabledenabled_dpmsOn__
@@DISPLAY sample=12 uptime_s=18.59 fb0=virtio_gpudrmfb_ proc_fb=0_virtio_gpudrmfb_ vt=vtcon0nameM_frame_buffer_device_bind1__vtcon1nameM_dummy_device_bind0__ drm=card0-Virtual-1statusconnected_enabledenabled_dpmsOn__
@@DISPLAY sample=13 uptime_s=19.62 fb0=virtio_gpudrmfb_ proc_fb=0_virtio_gpudrmfb_ vt=vtcon0nameM_frame_buffer_device_bind1__vtcon1nameM_dummy_device_bind0__ drm=card0-Virtual-1statusconnected_enabledenabled_dpmsOn__
@@DISPLAY sample=14 uptime_s=20.63 fb0=virtio_gpudrmfb_ proc_fb=0_virtio_gpudrmfb_ vt=vtcon0nameM_frame_buffer_device_bind1__vtcon1nameM_dummy_device_bind0__ drm=card0-Virtual-1statusconnected_enabledenabled_dpmsOn__
@@DISPLAY sample=15 uptime_s=21.64 fb0=virtio_gpudrmfb_ proc_fb=0_virtio_gpudrmfb_ vt=vtcon0nameM_frame_buffer_device_bind1__vtcon1nameM_dummy_device_bind0__ drm=card0-Virtual-1statusconnected_enabledenabled_dpmsOn__
@@DISPLAY sample=16 uptime_s=22.65 fb0=virtio_gpudrmfb_ proc_fb=0_virtio_gpudrmfb_ vt=vtcon0nameM_frame_buffer_device_bind1__vtcon1nameM_dummy_device_bind0__ drm=card0-Virtual-1statusconnected_enabledenabled_dpmsOn__
@@DISPLAY sample=17 uptime_s=23.66 fb0=virtio_gpudrmfb_ proc_fb=0_virtio_gpudrmfb_ vt=vtcon0nameM_frame_buffer_device_bind1__vtcon1nameM_dummy_device_bind0__ drm=card0-Virtual-1statusconnected_enabledenabled_dpmsOn__
@@DISPLAY sample=18 uptime_s=24.67 fb0=virtio_gpudrmfb_ proc_fb=0_virtio_gpudrmfb_ vt=vtcon0nameM_frame_buffer_device_bind1__vtcon1nameM_dummy_device_bind0__ drm=card0-Virtual-1statusconnected_enabledenabled_dpmsOn__
@@DISPLAY sample=19 uptime_s=25.68 fb0=virtio_gpudrmfb_ proc_fb=0_virtio_gpudrmfb_ vt=vtcon0nameM_frame_buffer_device_bind1__vtcon1nameM_dummy_device_bind0__ drm=card0-Virtual-1statusconnected_enabledenabled_dpmsOn__
@@DISPLAY sample=20 uptime_s=26.69 fb0=virtio_gpudrmfb_ proc_fb=0_virtio_gpudrmfb_ vt=vtcon0nameM_frame_buffer_device_bind1__vtcon1nameM_dummy_device_bind0__ drm=card0-Virtual-1statusconnected_enabledenabled_dpmsOn__
@@DISPLAY sample=21 uptime_s=27.71 fb0=virtio_gpudrmfb_ proc_fb=0_virtio_gpudrmfb_ vt=vtcon0nameM_frame_buffer_device_bind1__vtcon1nameM_dummy_device_bind0__ drm=card0-Virtual-1statusconnected_enabledenabled_dpmsOn__
[init-phase3] client exited client=kms-pattern
[   28.026018] ACPI: PM: Preparing to enter system sleep state S5
[   28.026303] reboot: Power down
