[    0.000000] Linux version 6.8.0-101-generic (buildd@lcy02-amd64-051) (x86_64-linux-gnu-gcc-13 (Ubuntu 13.3.0-6ubuntu2~24.04) 13.3.0, GNU ld (GNU Binutils for Ubuntu) 2.42) #101-Ubuntu SMP PREEMPT_DYNAMIC Mon Feb  9 10:15:05 UTC 2026 (Ubuntu 6.8.0-101.101-generic 6.8.12)
[    0.000000] Command line: console=ttyS0 panic=-1 no_console_suspend rdinit=/init display_probe=1 display_unbind_fbcon=1 phase2_idle_seconds=5 phase2_max_suspend_cycles=1 phase2_wake_seconds=5 phase2_pm_test=devices phase2_runtime_seconds=20
[    0.000000] KERNEL supported cpus:
[    0.000000]   Intel GenuineIntel
[    0.000000]   AMD AuthenticAMD
[    0.000000]   Hygon HygonGenuine
[    0.000000]   Centaur CentaurHauls
[    0.000000]   zhaoxin   Shanghai  
[    0.000000] BIOS-provided physical RAM map:
[    0.000000] BIOS-e820: [mem 0x0000000000000000-0x000000000009fbff] usable
[    0.000000] BIOS-e820: [mem 0x000000000009fc00-0x000000000009ffff] reserved
[    0.000000] BIOS-e820: [mem 0x00000000000f0000-0x00000000000fffff] reserved
[    0.000000] BIOS-e820: [mem 0x0000000000100000-0x000000003ffddfff] usable
[    0.000000] BIOS-e820: [mem 0x000000003ffde000-0x000000003fffffff] reserved
[    0.000000] BIOS-e820: [mem 0x00000000b0000000-0x00000000bfffffff] reserved
[    0.000000] BIOS-e820: [mem 0x00000000fed1c000-0x00000000fed1ffff] reserved
[    0.000000] BIOS-e820: [mem 0x00000000feffc000-0x00000000feffffff] reserved
[    0.000000] BIOS-e820: [mem 0x00000000fffc0000-0x00000000ffffffff] reserved
[    0.000000] NX (Execute Disable) protection: active
[    0.000000] APIC: Static calls initialized
[    0.000000] SMBIOS 3.0.0 present.
[    0.000000] DMI: QEMU Standard PC (Q35 + ICH9, 2009), BIOS 1.16.3-debian-1.16.3-2 04/01/2014
[    0.000000] Hypervisor detected: KVM
[    0.000000] kvm-clock: Using msrs 4b564d01 and 4b564d00
[    0.000000] kvm-clock: using sched offset of 254395704 cycles
[    0.000002] clocksource: kvm-clock: mask: 0xffffffffffffffff max_cycles: 0x1cd42e4dffb, max_idle_ns: 881590591483 ns
[    0.000004] tsc: Detected 2803.200 MHz processor
[    0.000592] last_pfn = 0x3ffde max_arch_pfn = 0x400000000
[    0.000625] MTRR map: 4 entries (3 fixed + 1 variable; max 19), built from 8 variable MTRRs
[    0.000627] x86/PAT: Configuration [0-7]: WB  WC  UC- UC  WB  WP  UC- WT  
[    0.004504] found SMP MP-table at [mem 0x000f5470-0x000f547f]
[    0.004516] Using GB pages for direct mapping
[    0.004566] RAMDISK: [mem 0x3ed24000-0x3ffcffff]
[    0.004571] ACPI: Early table checksum verification disabled
[    0.004574] ACPI: RSDP 0x00000000000F52B0 000014 (v00 BOCHS )
[    0.004577] ACPI: RSDT 0x000000003FFE2304 000038 (v01 BOCHS  BXPC     00000001 BXPC 00000001)
[    0.004581] ACPI: FACP 0x000000003FFE20FC 0000F4 (v03 BOCHS  BXPC     00000001 BXPC 00000001)
[    0.004585] ACPI: DSDT 0x000000003FFE0040 0020BC (v01 BOCHS  BXPC     00000001 BXPC 00000001)
[    0.004587] ACPI: FACS 0x000000003FFE0000 000040
[    0.004589] ACPI: APIC 0x000000003FFE21F0 000078 (v03 BOCHS  BXPC     00000001 BXPC 00000001)
[    0.004591] ACPI: HPET 0x000000003FFE2268 000038 (v01 BOCHS  BXPC     00000001 BXPC 00000001)
[    0.004593] ACPI: MCFG 0x000000003FFE22A0 00003C (v01 BOCHS  BXPC     00000001 BXPC 00000001)
[    0.004595] ACPI: WAET 0x000000003FFE22DC 000028 (v01 BOCHS  BXPC     00000001 BXPC 00000001)
[    0.004597] ACPI: Reserving FACP table memory at [mem 0x3ffe20fc-0x3ffe21ef]
[    0.004598] ACPI: Reserving DSDT table memory at [mem 0x3ffe0040-0x3ffe20fb]
[    0.004598] ACPI: Reserving FACS table memory at [mem 0x3ffe0000-0x3ffe003f]
[    0.004599] ACPI: Reserving APIC table memory at [mem 0x3ffe21f0-0x3ffe2267]
[    0.004599] ACPI: Reserving HPET table memory at [mem 0x3ffe2268-0x3ffe229f]
[    0.004600] ACPI: Reserving MCFG table memory at [mem 0x3ffe22a0-0x3ffe22db]
[    0.004600] ACPI: Reserving WAET table memory at [mem 0x3ffe22dc-0x3ffe2303]
[    0.004798] No NUMA configuration found
[    0.004798] Faking a node at [mem 0x0000000000000000-0x000000003ffddfff]
[    0.004803] NODE_DATA(0) allocated [mem 0x3ecf9000-0x3ed23fff]
[    0.004899] Zone ranges:
[    0.004900]   DMA      [mem 0x0000000000001000-0x0000000000ffffff]
[    0.004901]   DMA32    [mem 0x0000000001000000-0x000000003ffddfff]
[    0.004902]   Normal   empty
[    0.004903]   Device   empty
[    0.004904] Movable zone start for each node
[    0.004905] Early memory node ranges
[    0.004905]   node   0: [mem 0x0000000000001000-0x000000000009efff]
[    0.004906]   node   0: [mem 0x0000000000100000-0x000000003ffddfff]
[    0.004907] Initmem setup node 0 [mem 0x0000000000001000-0x000000003ffddfff]
[    0.005092] On node 0, zone DMA: 1 pages in unavailable ranges
[    0.005100] On node 0, zone DMA: 97 pages in unavailable ranges
[    0.007128] On node 0, zone DMA32: 34 pages in unavailable ranges
[    0.007378] ACPI: PM-Timer IO Port: 0x608
[    0.007390] ACPI: LAPIC_NMI (acpi_id[0xff] dfl dfl lint[0x1])
[    0.007422] IOAPIC[0]: apic_id 0, version 17, address 0xfec00000, GSI 0-23
[    0.007424] ACPI: INT_SRC_OVR (bus 0 bus_irq 0 global_irq 2 dfl dfl)
[    0.007426] ACPI: INT_SRC_OVR (bus 0 bus_irq 5 global_irq 5 high level)
[    0.007427] ACPI: INT_SRC_OVR (bus 0 bus_irq 9 global_irq 9 high level)
[    0.007428] ACPI: INT_SRC_OVR (bus 0 bus_irq 10 global_irq 10 high level)
[    0.007429] ACPI: INT_SRC_OVR (bus 0 bus_irq 11 global_irq 11 high level)
[    0.007432] ACPI: Using ACPI (MADT) for SMP configuration information
[    0.007433] ACPI: HPET id: 0x8086a201 base: 0xfed00000
[    0.007437] TSC deadline timer available
[    0.007438] smpboot: Allowing 1 CPUs, 0 hotplug CPUs
[    0.007456] kvm-guest: APIC: eoi() replaced with kvm_guest_apic_eoi_write()
[    0.007478] PM: hibernation: Registered nosave memory: [mem 0x00000000-0x00000fff]
[    0.007479] PM: hibernation: Registered nosave memory: [mem 0x0009f000-0x000fffff]
[    0.007480] [mem 0x40000000-0xafffffff] available for PCI devices
[    0.007482] Booting paravirtualized kernel on KVM
[    0.007483] clocksource: refined-jiffies: mask: 0xffffffff max_cycles: 0xffffffff, max_idle_ns: 1910969940391419 ns
[    0.007490] setup_percpu: NR_CPUS:8192 nr_cpumask_bits:1 nr_cpu_ids:1 nr_node_ids:1
[    0.007875] percpu: Embedded 86 pages/cpu s229376 r8192 d114688 u2097152
[    0.007910] kvm-guest: PV spinlocks disabled, single CPU
[    0.007912] Kernel command line: console=ttyS0 panic=-1 no_console_suspend rdinit=/init display_probe=1 display_unbind_fbcon=1 phase2_idle_seconds=5 phase2_max_suspend_cycles=1 phase2_wake_seconds=5 phase2_pm_test=devices phase2_runtime_seconds=20
[    0.008011] Unknown kernel command line parameters "display_probe=1 display_unbind_fbcon=1 phase2_idle_seconds=5 phase2_max_suspend_cycles=1 phase2_wake_seconds=5 phase2_pm_test=devices phase2_runtime_seconds=20", will be passed to user space.
[    0.008055] random: crng init done
[    0.008097] Dentry cache hash table entries: 131072 (order: 8, 1048576 bytes, linear)
[    0.008148] Inode-cache hash table entries: 65536 (order: 7, 524288 bytes, linear)
[    0.008188] Fallback order for Node 0: 0 
[    0.008192] Built 1 zonelists, mobility grouping on.  Total pages: 257758
[    0.008193] Policy zone: DMA32
[    0.008199] mem auto-init: stack:all(zero), heap alloc:on, heap free:off
[    0.010046] Memory: 956224K/1048048K available (22528K kernel code, 4439K rwdata, 14400K rodata, 4920K init, 4788K bss, 91564K reserved, 0K cma-reserved)
[    0.010656] SLUB: HWalign=64, Order=0-3, MinObjects=0, CPUs=1, Nodes=1
[    0.010674] ftrace: allocating 58250 entries in 228 pages
[    0.019008] ftrace: allocated 228 pages with 4 groups
[    0.019771] Dynamic Preempt: voluntary
[    0.020007] rcu: Preemptible hierarchical RCU implementation.
[    0.020008] rcu: 	RCU restricting CPUs from NR_CPUS=8192 to nr_cpu_ids=1.
[    0.020009] 	Trampoline variant of Tasks RCU enabled.
[    0.020010] 	Rude variant of Tasks RCU enabled.
[    0.020010] 	Tracing variant of Tasks RCU enabled.
[    0.020011] rcu: RCU calculated value of scheduler-enlistment delay is 100 jiffies.
[    0.020011] rcu: Adjusting geometry for rcu_fanout_leaf=16, nr_cpu_ids=1
[    0.020019] RCU Tasks: Setting shift to 0 and lim to 1 rcu_task_cb_adjust=1 rcu_task_cpu_ids=1.
[    0.020020] RCU Tasks Rude: Setting shift to 0 and lim to 1 rcu_task_cb_adjust=1 rcu_task_cpu_ids=1.
[    0.020021] RCU Tasks Trace: Setting shift to 0 and lim to 1 rcu_task_cb_adjust=1 rcu_task_cpu_ids=1.
[    0.022521] NR_IRQS: 524544, nr_irqs: 256, preallocated irqs: 16
[    0.022713] rcu: srcu_init: Setting srcu_struct sizes based on contention.
[    0.028766] Console: colour VGA+ 80x25
[    0.028795] printk: legacy console [ttyS0] enabled
[    0.079834] ACPI: Core revision 20230628
[    0.080196] clocksource: hpet: mask: 0xffffffff max_cycles: 0xffffffff, max_idle_ns: 19112604467 ns
[    0.080965] APIC: Switch to symmetric I/O mode setup
[    0.081499] x2apic enabled
[    0.081917] APIC: Switched APIC routing to: physical x2apic
[    0.083073] ..TIMER: vector=0x30 apic1=0 pin1=2 apic2=-1 pin2=-1
[    0.083515] clocksource: tsc-early: mask: 0xffffffffffffffff max_cycles: 0x28680fa287f, max_idle_ns: 440795281151 ns
[    0.084260] Calibrating delay loop (skipped) preset value.. 5606.40 BogoMIPS (lpj=2803200)
[    0.085293] x86/cpu: User Mode Instruction Prevention (UMIP) activated
[    0.085892] Last level iTLB entries: 4KB 0, 2MB 0, 4MB 0
[    0.086255] Last level dTLB entries: 4KB 0, 2MB 0, 4MB 0, 1GB 0
[    0.086708] Spectre V1 : Mitigation: usercopy/swapgs barriers and __user pointer sanitization
[    0.087259] Spectre V2 : Spectre BHI mitigation: SW BHB clearing on vm exit
[    0.087746] Spectre V2 : Spectre BHI mitigation: SW BHB clearing on syscall
[    0.088255] Spectre V2 : Mitigation: Enhanced / Automatic IBRS
[    0.088654] Spectre V2 : Spectre v2 / PBRSB-eIBRS: Retire a single CALL on VMEXIT
[    0.089083] Spectre V2 : mitigation: Enabling conditional Indirect Branch Prediction Barrier
[    0.089256] Speculative Store Bypass: Mitigation: Speculative Store Bypass disabled via prctl
[    0.090255] ITS: WARNING: ITS mitigation depends on retpoline and rethunk support
[    0.090748] ITS: Vulnerable
[    0.090931] x86/fpu: Supporting XSAVE feature 0x001: 'x87 floating point registers'
[    0.091255] x86/fpu: Supporting XSAVE feature 0x002: 'SSE registers'
[    0.091693] x86/fpu: Supporting XSAVE feature 0x004: 'AVX registers'
[    0.092255] x86/fpu: Supporting XSAVE feature 0x020: 'AVX-512 opmask'
[    0.092733] x86/fpu: Supporting XSAVE feature 0x040: 'AVX-512 Hi256'
[    0.093177] x86/fpu: Supporting XSAVE feature 0x080: 'AVX-512 ZMM_Hi256'
[    0.093255] x86/fpu: Supporting XSAVE feature 0x200: 'Protection Keys User registers'
[    0.093787] x86/fpu: xstate_offset[2]:  576, xstate_sizes[2]:  256
[    0.094255] x86/fpu: xstate_offset[5]:  832, xstate_sizes[5]:   64
[    0.094624] x86/fpu: xstate_offset[6]:  896, xstate_sizes[6]:  512
[    0.095255] x86/fpu: xstate_offset[7]: 1408, xstate_sizes[7]: 1024
[    0.095628] x86/fpu: xstate_offset[9]: 2432, xstate_sizes[9]:    8
[    0.095996] x86/fpu: Enabled xstate features 0x2e7, context size is 2440 bytes, using 'compacted' format.
[    0.120174] Freeing SMP alternatives memory: 48K
[    0.120258] pid_max: default: 32768 minimum: 301
[    0.120622] LSM: initializing lsm=lockdown,capability,landlock,yama,apparmor,integrity
[    0.121266] landlock: Up and running.
[    0.121519] Yama: becoming mindful.
[    0.121778] AppArmor: AppArmor initialized
[    0.122280] Mount-cache hash table entries: 2048 (order: 2, 16384 bytes, linear)
[    0.122799] Mountpoint-cache hash table entries: 2048 (order: 2, 16384 bytes, linear)
[    0.123478] smpboot: CPU0: 11th Gen Intel(R) Core(TM) i7-1165G7 @ 2.80GHz (family: 0x6, model: 0x8c, stepping: 0x1)
[    0.124278] Performance Events: Icelake events, full-width counters, Intel PMU driver.
[    0.124875] ... version:                2
[    0.125152] ... bit width:              48
[    0.125256] ... generic registers:      8
[    0.125502] ... value mask:             0000ffffffffffff
[    0.125821] ... max period:             00007fffffffffff
[    0.126178] ... fixed-purpose events:   3
[    0.126257] ... event mask:             00000007000000ff
[    0.126712] signal: max sigframe size: 3632
[    0.127037] rcu: Hierarchical SRCU implementation.
[    0.127257] rcu: 	Max phase no-delay instances is 400.
[    0.127799] smp: Bringing up secondary CPUs ...
[    0.128090] smp: Brought up 1 node, 1 CPU
[    0.128260] smpboot: Max logical packages: 1
[    0.128522] smpboot: Total of 1 processors activated (5606.40 BogoMIPS)
[    0.129103] devtmpfs: initialized
[    0.129280] x86/mm: Memory block size: 128MB
[    0.129761] clocksource: jiffies: mask: 0xffffffff max_cycles: 0xffffffff, max_idle_ns: 1911260446275000 ns
[    0.130259] futex hash table entries: 256 (order: 2, 16384 bytes, linear)
[    0.130715] pinctrl core: initialized pinctrl subsystem
[    0.131124] PM: RTC time: 03:19:45, date: 2026-03-08
[    0.131781] NET: Registered PF_NETLINK/PF_ROUTE protocol family
[    0.132247] DMA: preallocated 128 KiB GFP_KERNEL pool for atomic allocations
[    0.132278] DMA: preallocated 128 KiB GFP_KERNEL|GFP_DMA pool for atomic allocations
[    0.132847] DMA: preallocated 128 KiB GFP_KERNEL|GFP_DMA32 pool for atomic allocations
[    0.133272] audit: initializing netlink subsys (disabled)
[    0.133787] thermal_sys: Registered thermal governor 'fair_share'
[    0.133788] thermal_sys: Registered thermal governor 'bang_bang'
[    0.134213] thermal_sys: Registered thermal governor 'step_wise'
[    0.134257] thermal_sys: Registered thermal governor 'user_space'
[    0.134631] thermal_sys: Registered thermal governor 'power_allocator'
[    0.135000] audit: type=2000 audit(1772939985.608:1): state=initialized audit_enabled=0 res=1
[    0.135762] cpuidle: using governor ladder
[    0.136011] cpuidle: using governor menu
[    0.136317] acpiphp: ACPI Hot Plug PCI Controller Driver version: 0.5
[    0.136784] PCI: ECAM [mem 0xb0000000-0xbfffffff] (base 0xb0000000) for domain 0000 [bus 00-ff]
[    0.137257] PCI: ECAM [mem 0xb0000000-0xbfffffff] reserved as E820 entry
[    0.137663] PCI: Using configuration type 1 for base access
[    0.138122] kprobes: kprobe jump-optimization is enabled. All kprobes are optimized if possible.
[    0.165279] HugeTLB: registered 1.00 GiB page size, pre-allocated 0 pages
[    0.165771] HugeTLB: 16380 KiB vmemmap can be freed for a 1.00 GiB page
[    0.166166] HugeTLB: registered 2.00 MiB page size, pre-allocated 0 pages
[    0.166256] HugeTLB: 28 KiB vmemmap can be freed for a 2.00 MiB page
[    0.167423] ACPI: Added _OSI(Module Device)
[    0.167689] ACPI: Added _OSI(Processor Device)
[    0.167963] ACPI: Added _OSI(Processor Aggregator Device)
[    0.169040] ACPI: 1 ACPI AML tables successfully acquired and loaded
[    0.170101] ACPI: _OSC evaluation for CPUs failed, trying _PDC
[    0.170332] ACPI: Interpreter enabled
[    0.170583] ACPI: PM: (supports S0 S3 S4 S5)
[    0.170909] ACPI: Using IOAPIC for interrupt routing
[    0.171332] PCI: Using host bridge windows from ACPI; if necessary, use "pci=nocrs" and report a bug
[    0.171926] PCI: Using E820 reservations for host bridge windows
[    0.172314] ACPI: Enabled 2 GPEs in block 00 to 3F
[    0.173901] ACPI: PCI Root Bridge [PCI0] (domain 0000 [bus 00-ff])
[    0.174259] acpi PNP0A08:00: _OSC: OS supports [ExtendedConfig ASPM ClockPM Segments MSI EDR HPX-Type3]
[    0.174906] acpi PNP0A08:00: _OSC: platform does not support [PCIeHotplug LTR DPC]
[    0.175303] acpi PNP0A08:00: _OSC: OS now controls [SHPCHotplug PME AER PCIeCapability]
[    0.175955] PCI host bridge to bus 0000:00
[    0.176201] pci_bus 0000:00: root bus resource [io  0x0000-0x0cf7 window]
[    0.176256] pci_bus 0000:00: root bus resource [io  0x0d00-0xffff window]
[    0.176676] pci_bus 0000:00: root bus resource [mem 0x000a0000-0x000bffff window]
[    0.177207] pci_bus 0000:00: root bus resource [mem 0x40000000-0xafffffff window]
[    0.177256] pci_bus 0000:00: root bus resource [mem 0xc0000000-0xfebfffff window]
[    0.177714] pci_bus 0000:00: root bus resource [mem 0x100000000-0x8ffffffff window]
[    0.178181] pci_bus 0000:00: root bus resource [bus 00-ff]
[    0.178290] pci 0000:00:00.0: [8086:29c0] type 00 class 0x060000 conventional PCI endpoint
[    0.179107] pci 0000:00:01.0: [1af4:1000] type 00 class 0x020000 conventional PCI endpoint
[    0.180100] pci 0000:00:01.0: BAR 0 [io  0xc040-0xc05f]
[    0.180276] pci 0000:00:01.0: BAR 4 [mem 0xfe800000-0xfe803fff 64bit pref]
[    0.180694] pci 0000:00:01.0: ROM [mem 0xfeb00000-0xfeb7ffff pref]
[    0.181412] pci 0000:00:02.0: [1af4:1050] type 00 class 0x030000 conventional PCI endpoint
[    0.182832] pci 0000:00:02.0: BAR 0 [mem 0xfe000000-0xfe7fffff pref]
[    0.183239] pci 0000:00:02.0: BAR 2 [mem 0xfe804000-0xfe807fff 64bit pref]
[    0.183261] pci 0000:00:02.0: BAR 4 [mem 0xfeb94000-0xfeb94fff]
[    0.183627] pci 0000:00:02.0: ROM [mem 0xfeb80000-0xfeb8ffff pref]
[    0.184051] pci 0000:00:02.0: Video device with shadowed ROM at [mem 0x000c0000-0x000dffff]
[    0.184570] pci 0000:00:03.0: [1b36:000d] type 00 class 0x0c0330 PCIe Root Complex Integrated Endpoint
[    0.185488] pci 0000:00:03.0: BAR 0 [mem 0xfeb90000-0xfeb93fff 64bit]
[    0.192998] pci 0000:00:1f.0: [8086:2918] type 00 class 0x060100 conventional PCI endpoint
[    0.193466] pci 0000:00:1f.0: quirk: [io  0x0600-0x067f] claimed by ICH6 ACPI/GPIO/TCO
[    0.194167] pci 0000:00:1f.2: [8086:2922] type 00 class 0x010601 conventional PCI endpoint
[    0.194864] pci 0000:00:1f.2: BAR 4 [io  0xc060-0xc07f]
[    0.195233] pci 0000:00:1f.2: BAR 5 [mem 0xfeb95000-0xfeb95fff]
[    0.195455] pci 0000:00:1f.3: [8086:2930] type 00 class 0x0c0500 conventional PCI endpoint
[    0.196267] pci 0000:00:1f.3: BAR 4 [io  0x0700-0x073f]
[    0.196806] ACPI: PCI: Interrupt link LNKA configured for IRQ 10
[    0.197210] ACPI: PCI: Interrupt link LNKB configured for IRQ 10
[    0.197299] ACPI: PCI: Interrupt link LNKC configured for IRQ 11
[    0.197696] ACPI: PCI: Interrupt link LNKD configured for IRQ 11
[    0.198103] ACPI: PCI: Interrupt link LNKE configured for IRQ 10
[    0.198296] ACPI: PCI: Interrupt link LNKF configured for IRQ 10
[    0.198721] ACPI: PCI: Interrupt link LNKG configured for IRQ 11
[    0.199176] ACPI: PCI: Interrupt link LNKH configured for IRQ 11
[    0.199274] ACPI: PCI: Interrupt link GSIA configured for IRQ 16
[    0.199709] ACPI: PCI: Interrupt link GSIB configured for IRQ 17
[    0.200141] ACPI: PCI: Interrupt link GSIC configured for IRQ 18
[    0.200262] ACPI: PCI: Interrupt link GSID configured for IRQ 19
[    0.200626] ACPI: PCI: Interrupt link GSIE configured for IRQ 20
[    0.200990] ACPI: PCI: Interrupt link GSIF configured for IRQ 21
[    0.201262] ACPI: PCI: Interrupt link GSIG configured for IRQ 22
[    0.201675] ACPI: PCI: Interrupt link GSIH configured for IRQ 23
[    0.202309] iommu: Default domain type: Translated
[    0.202644] iommu: DMA domain TLB invalidation policy: lazy mode
[    0.203200] SCSI subsystem initialized
[    0.203290] ACPI: bus type USB registered
[    0.203577] usbcore: registered new interface driver usbfs
[    0.203968] usbcore: registered new interface driver hub
[    0.204261] usbcore: registered new device driver usb
[    0.204634] pps_core: LinuxPPS API ver. 1 registered
[    0.204999] pps_core: Software ver. 5.3.6 - Copyright 2005-2007 Rodolfo Giometti <giometti@linux.it>
[    0.205257] PTP clock support registered
[    0.205586] EDAC MC: Ver: 3.0.0
[    0.206030] NetLabel: Initializing
[    0.206241] NetLabel:  domain hash size = 128
[    0.206256] NetLabel:  protocols = UNLABELED CIPSOv4 CALIPSO
[    0.206607] NetLabel:  unlabeled traffic allowed by default
[    0.206995] mctp: management component transport protocol core
[    0.207256] NET: Registered PF_MCTP protocol family
[    0.207562] PCI: Using ACPI for IRQ routing
[    0.300555] pci 0000:00:02.0: vgaarb: setting as boot VGA device
[    0.301005] pci 0000:00:02.0: vgaarb: bridge control possible
[    0.301254] pci 0000:00:02.0: vgaarb: VGA device added: decodes=io+mem,owns=io+mem,locks=none
[    0.301257] vgaarb: loaded
[    0.301539] hpet0: at MMIO 0xfed00000, IRQs 2, 8, 0
[    0.301836] hpet0: 3 comparators, 64-bit 100.000000 MHz counter
[    0.304282] clocksource: Switched to clocksource kvm-clock
[    0.305165] VFS: Disk quotas dquot_6.6.0
[    0.305474] VFS: Dquot-cache hash table entries: 512 (order 0, 4096 bytes)
[    0.306063] AppArmor: AppArmor Filesystem Enabled
[    0.306381] pnp: PnP ACPI init
[    0.306702] system 00:05: [mem 0xb0000000-0xbfffffff window] has been reserved
[    0.307307] pnp: PnP ACPI: found 6 devices
[    0.312770] clocksource: acpi_pm: mask: 0xffffff max_cycles: 0xffffff, max_idle_ns: 2085701024 ns
[    0.313395] NET: Registered PF_INET protocol family
[    0.313723] IP idents hash table entries: 16384 (order: 5, 131072 bytes, linear)
[    0.323156] tcp_listen_portaddr_hash hash table entries: 512 (order: 1, 8192 bytes, linear)
[    0.323708] Table-perturb hash table entries: 65536 (order: 6, 262144 bytes, linear)
[    0.324242] TCP established hash table entries: 8192 (order: 4, 65536 bytes, linear)
[    0.324831] TCP bind hash table entries: 8192 (order: 6, 262144 bytes, linear)
[    0.325367] TCP: Hash tables configured (established 8192 bind 8192)
[    0.325849] MPTCP token hash table entries: 1024 (order: 2, 24576 bytes, linear)
[    0.326333] UDP hash table entries: 512 (order: 2, 16384 bytes, linear)
[    0.326733] UDP-Lite hash table entries: 512 (order: 2, 16384 bytes, linear)
[    0.327215] NET: Registered PF_UNIX/PF_LOCAL protocol family
[    0.327561] NET: Registered PF_XDP protocol family
[    0.327927] pci_bus 0000:00: resource 4 [io  0x0000-0x0cf7 window]
[    0.328397] pci_bus 0000:00: resource 5 [io  0x0d00-0xffff window]
[    0.328778] pci_bus 0000:00: resource 6 [mem 0x000a0000-0x000bffff window]
[    0.329236] pci_bus 0000:00: resource 7 [mem 0x40000000-0xafffffff window]
[    0.329705] pci_bus 0000:00: resource 8 [mem 0xc0000000-0xfebfffff window]
[    0.330193] pci_bus 0000:00: resource 9 [mem 0x100000000-0x8ffffffff window]
[    0.330876] ACPI: \_SB_.GSIH: Enabled at IRQ 23
[    0.331704] PCI: CLS 0 bytes, default 64
[    0.332070] Trying to unpack rootfs image as initramfs...
[    0.332605] clocksource: tsc: mask: 0xffffffffffffffff max_cycles: 0x28680fa287f, max_idle_ns: 440795281151 ns
[    0.334698] Initialise system trusted keyrings
[    0.335048] Key type blacklist registered
[    0.335608] workingset: timestamp_bits=36 max_order=18 bucket_order=0
[    0.336069] zbud: loaded
[    0.337756] squashfs: version 4.0 (2009/01/31) Phillip Lougher
[    0.338299] fuse: init (API version 7.39)
[    0.339655] integrity: Platform Keyring initialized
[    0.340018] integrity: Machine keyring initialized
[    0.353619] Key type asymmetric registered
[    0.354073] Asymmetric key parser 'x509' registered
[    0.354430] Block layer SCSI generic (bsg) driver version 0.4 loaded (major 243)
[    0.356742] io scheduler mq-deadline registered
[    0.357676] shpchp: Standard Hot Plug PCI Controller Driver version: 0.4
[    0.358185] input: Power Button as /devices/LNXSYSTM:00/LNXPWRBN:00/input/input0
[    0.359609] ACPI: button: Power Button [PWRF]
[    0.360786] ACPI: \_SB_.GSIF: Enabled at IRQ 21
[    0.363088] ACPI: \_SB_.GSIG: Enabled at IRQ 22
[    0.366618] Serial: 8250/16550 driver, 32 ports, IRQ sharing enabled
[    0.411652] 00:03: ttyS0 at I/O 0x3f8 (irq = 4, base_baud = 115200) is a 16550A
[    0.414561] Linux agpgart interface v0.103
[    0.416963] loop: module loaded
[    0.417842] ACPI: bus type drm_connector registered
[    0.418276] tun: Universal TUN/TAP device driver, 1.6
[    0.420603] PPP generic driver version 2.4.2
[    0.421710] i8042: PNP: PS/2 Controller [PNP0303:KBD,PNP0f13:MOU] at 0x60,0x64 irq 1,12
[    0.423713] serio: i8042 KBD port at 0x60,0x64 irq 1
[    0.424069] serio: i8042 AUX port at 0x60,0x64 irq 12
[    0.424588] mousedev: PS/2 mouse device common for all mice
[    0.425748] input: AT Translated Set 2 keyboard as /devices/platform/i8042/serio0/input/input1
[    0.426422] rtc_cmos 00:04: RTC can wake from S4
[    0.427681] rtc_cmos 00:04: registered as rtc0
[    0.428138] rtc_cmos 00:04: setting system clock to 2026-03-08T03:19:45 UTC (1772939985)
[    0.429621] rtc_cmos 00:04: alarms up to one day, y3k, 242 bytes nvram, hpet irqs
[    0.430148] i2c_dev: i2c /dev entries driver
[    0.430427] device-mapper: core: CONFIG_IMA_DISABLE_HTABLE is disabled. Duplicate IMA measurements will not be recorded in the IMA log.
[    0.433569] device-mapper: uevent: version 1.0.3
[    0.433980] device-mapper: ioctl: 4.48.0-ioctl (2023-03-01) initialised: dm-devel@redhat.com
[    0.434567] intel_pstate: CPU model not supported
[    0.435665] ledtrig-cpu: registered to indicate activity on CPUs
[    0.436182] drop_monitor: Initializing network drop monitor service
[    0.437727] NET: Registered PF_INET6 protocol family
[    0.571146] Freeing initrd memory: 19120K
[    0.571601] Segment Routing with IPv6
[    0.571869] In-situ OAM (IOAM) with IPv6
[    0.572177] NET: Registered PF_PACKET protocol family
[    0.572556] Key type dns_resolver registered
[    0.573006] IPI shorthand broadcast: enabled
[    0.574154] sched_clock: Marking stable (515001546, 58535762)->(585818392, -12281084)
[    0.574771] registered taskstats version 1
[    0.575120] Loading compiled-in X.509 certificates
[    0.575806] Loaded X.509 cert 'Build time autogenerated kernel key: 7f71bdefc17a4d88631555bf9efbb1c93d6f5260'
[    0.576816] Loaded X.509 cert 'Canonical Ltd. Live Patch Signing 2025 Kmod: d541cef61dc7e793b7eb7e899970a2eef0b5dc8c'
[    0.577806] Loaded X.509 cert 'Canonical Ltd. Live Patch Signing: 14df34d1a87cf37625abec039ef2bf521249b969'
[    0.578723] Loaded X.509 cert 'Canonical Ltd. Kernel Module Signing: 88f752e560a1e0737e31163a466ad7b70a850c19'
[    0.579336] blacklist: Loading compiled-in revocation X.509 certificates
[    0.579754] Loaded X.509 cert 'Canonical Ltd. Secure Boot Signing: 61482aa2830d0ab2ad5af10b7250da9033ddcef0'
[    0.580388] Loaded X.509 cert 'Canonical Ltd. Secure Boot Signing (2017): 242ade75ac4a15e50d50c84b0d45ff3eae707a03'
[    0.581117] Loaded X.509 cert 'Canonical Ltd. Secure Boot Signing (ESM 2018): 365188c1d374d6b07c3c8f240f8ef722433d6a8b'
[    0.581860] Loaded X.509 cert 'Canonical Ltd. Secure Boot Signing (2019): c0746fd6c5da3ae827864651ad66ae47fe24b3e8'
[    0.582524] Loaded X.509 cert 'Canonical Ltd. Secure Boot Signing (2021 v1): a8d54bbb3825cfb94fa13c9f8a594a195c107b8d'
[    0.583202] Loaded X.509 cert 'Canonical Ltd. Secure Boot Signing (2021 v2): 4cf046892d6fd3c9a5b03f98d845f90851dc6a8c'
[    0.583871] Loaded X.509 cert 'Canonical Ltd. Secure Boot Signing (2021 v3): 100437bb6de6e469b581e61cd66bce3ef4ed53af'
[    0.584620] Loaded X.509 cert 'Canonical Ltd. Secure Boot Signing (Ubuntu Core 2019): c1d57b8f6b743f23ee41f4f7ee292f06eecadfb9'
[    0.587197] Key type .fscrypt registered
[    0.587451] Key type fscrypt-provisioning registered
[    0.587914] Key type encrypted registered
[    0.588188] AppArmor: AppArmor sha256 policy hashing enabled
[    0.588544] ima: No TPM chip found, activating TPM-bypass!
[    0.588876] Loading compiled-in module X.509 certificates
[    0.589549] Loaded X.509 cert 'Build time autogenerated kernel key: 7f71bdefc17a4d88631555bf9efbb1c93d6f5260'
[    0.590160] ima: Allocated hash algorithm: sha256
[    0.590458] ima: No architecture policies found
[    0.590775] evm: Initialising EVM extended attributes:
[    0.591156] evm: security.selinux
[    0.591407] evm: security.SMACK64
[    0.591643] evm: security.SMACK64EXEC
[    0.591895] evm: security.SMACK64TRANSMUTE
[    0.592190] evm: security.SMACK64MMAP
[    0.592444] evm: security.apparmor
[    0.592685] evm: security.ima
[    0.592890] evm: security.capability
[    0.593145] evm: HMAC attrs: 0x1
[    0.593560] PM:   Magic number: 2:169:310
[    0.593854] tty tty39: hash matches
[    0.596042] RAS: Correctable Errors collector initialized.
[    0.596482] clk: Disabling unused clocks
[    0.602879] Freeing unused decrypted memory: 2028K
[    0.603896] Freeing unused kernel image (initmem) memory: 4920K
[    0.604186] Write protecting the kernel read-only data: 38912k
[    0.604753] Freeing unused kernel image (rodata/data gap) memory: 1984K
[    0.612576] x86/mm: Checked W+X mappings: passed, no W+X pages found.
[    0.612904] Run /init as init process
[init-phase2] booted
[init-phase2] loading module=/lib/modules/6.8.0-101-generic/kernel/drivers/virtio/virtio_dma_buf.ko
[init-phase2] loading module=/lib/modules/6.8.0-101-generic/kernel/drivers/gpu/drm/virtio/virtio-gpu.ko
[    0.619069] [drm] pci: virtio-vga detected at 0000:00:02.0
[    0.619371] virtio-pci 0000:00:02.0: vgaarb: deactivate vga console
[    0.624281] Console: switching to colour dummy device 80x25
[    0.624672] [drm] features: -virgl +edid -resource_blob -host_visible
[    0.624673] [drm] features: -context_init
[    0.625613] [drm] number of scanouts: 1
[    0.625803] [drm] number of cap sets: 0
[    0.626211] [drm] Initialized virtio_gpu 0.1.0 0 for 0000:00:02.0 on minor 0
[    0.628029] fbcon: virtio_gpudrmfb (fb0) is primary device
[    0.628445] Console: switching to colour frame buffer device 160x50
[    0.631016] virtio-pci 0000:00:02.0: [drm] fb0: virtio_gpudrmfb frame buffer device
[init-phase2] loading module=/lib/modules/6.8.0-101-generic/kernel/drivers/hid/hid.ko
[    0.635904] hid: raw HID events driver (C) Jiri Kosina
[init-phase2] loading module=/lib/modules/6.8.0-101-generic/kernel/drivers/hid/hid-generic.ko
[init-phase2] loading module=/lib/modules/6.8.0-101-generic/kernel/drivers/hid/usbhid/usbhid.ko
[    0.638924] usbcore: registered new interface driver usbhid
[    0.639183] usbhid: USB HID core driver
[init-phase2] loading module=/lib/modules/6.8.0-101-generic/kernel/drivers/hid/usbhid/usbkbd.ko
[    0.640703] usbcore: registered new interface driver usbkbd
[init-phase2] loading module=/lib/modules/6.8.0-101-generic/kernel/drivers/hid/usbhid/usbmouse.ko
[    0.642011] usbcore: registered new interface driver usbmouse
[init-phase2] loading module=/lib/modules/6.8.0-101-generic/kernel/drivers/input/mouse/psmouse.ko
[    0.645270] input: VirtualPS/2 VMware VMMouse as /devices/platform/i8042/serio1/input/input4
[init-phase2] loading module=/lib/modules/6.8.0-101-generic/kernel/drivers/usb/host/xhci-pci-renesas.ko
[    0.646586] input: VirtualPS/2 VMware VMMouse as /devices/platform/i8042/serio1/input/input3
[init-phase2] loading module=/lib/modules/6.8.0-101-generic/kernel/drivers/usb/host/xhci-pci.ko
[    0.649423] xhci_hcd 0000:00:03.0: xHCI Host Controller
[    0.649707] xhci_hcd 0000:00:03.0: new USB bus registered, assigned bus number 1
[    0.650218] xhci_hcd 0000:00:03.0: hcc params 0x00087001 hci version 0x100 quirks 0x0000000000000010
[    0.650886] xhci_hcd 0000:00:03.0: xHCI Host Controller
[    0.651132] xhci_hcd 0000:00:03.0: new USB bus registered, assigned bus number 2
[    0.651435] xhci_hcd 0000:00:03.0: Host supports USB 3.0 SuperSpeed
[    0.651740] usb usb1: New USB device found, idVendor=1d6b, idProduct=0002, bcdDevice= 6.08
[    0.652101] usb usb1: New USB device strings: Mfr=3, Product=2, SerialNumber=1
[    0.652435] usb usb1: Product: xHCI Host Controller
[    0.652671] usb usb1: Manufacturer: Linux 6.8.0-101-generic xhci-hcd
[    0.652974] usb usb1: SerialNumber: 0000:00:03.0
[    0.653264] hub 1-0:1.0: USB hub found
[    0.653474] hub 1-0:1.0: 4 ports detected
[    0.653979] usb usb2: We don't know the algorithms for LPM for this host, disabling LPM.
[    0.654378] usb usb2: New USB device found, idVendor=1d6b, idProduct=0003, bcdDevice= 6.08
[    0.654770] usb usb2: New USB device strings: Mfr=3, Product=2, SerialNumber=1
[    0.655138] usb usb2: Product: xHCI Host Controller
[    0.655369] usb usb2: Manufacturer: Linux 6.8.0-101-generic xhci-hcd
[    0.655672] usb usb2: SerialNumber: 0000:00:03.0
[    0.655955] hub 2-0:1.0: USB hub found
[    0.656156] hub 2-0:1.0: 4 ports detected
Starting systemd-udevd version 255.4-1ubuntu8.8
total 0
drwxr-xr-x    2 root     root            80 Mar  8 03:19 by-path
crw-rw----    1 root     video     226,   0 Mar  8 03:19 card0
crw-rw----    1 root     root      226, 128 Mar  8 03:19 renderD128
total 0
drwxr-xr-x    2 root     root           100 Mar  8 03:19 by-path
crw-rw----    1 root     input      13,  64 Mar  8 03:19 event0
crw-rw----    1 root     input      13,  65 Mar  8 03:19 event1
crw-rw----    1 root     input      13,  66 Mar  8 03:19 event2
crw-rw----    1 root     input      13,  67 Mar  8 03:19 event3
crw-rw----    1 root     input      13,  63 Mar  8 03:19 mice
crw-rw----    1 root     input      13,  32 Mar  8 03:19 mouse0
crw-rw----    1 root     input      13,  33 Mar  8 03:19 mouse1
[init-phase2] seatd pid=120
[init-phase2] weston pid=121
[init-phase2] wayland ready
Date: 2026-03-08 UTC
[03:19:45.771] weston 13.0.0
               https://wayland.freedesktop.org
               Bug reports to: https://gitlab.freedesktop.org/wayland/weston/issues/
               Build: 13.0.0
[03:19:45.771] Command line: /usr/bin/weston --backend=drm --renderer=pixman --shell=kiosk-shell.so --socket=wayland-1 --continue-without-input --log=/var/log/weston.log
[03:19:45.771] OS: Linux, 6.8.0-101-generic, #101-Ubuntu SMP PREEMPT_DYNAMIC Mon Feb  9 10:15:05 UTC 2026, x86_64
[03:19:45.771] Flight recorder: enabled
[03:19:45.771] Using config file '/etc/xdg/weston/weston.ini'
[03:19:45.771] Output repaint window is 7 ms maximum.
[03:19:45.771] Loading module '/usr/lib/x86_64-linux-gnu/libweston-13/drm-backend.so'
[03:19:45.772] initializing drm backend
[03:19:45.772] Trying libseat launcher...
[03:19:45.772] [libseat/libseat.c:62] Seat opened with backend 'seatd'
[03:19:45.772] [libseat/backend/seatd.c:212] Enabling seat
[03:19:45.772] libseat: session control granted
[03:19:45.772] using /dev/dri/card0
[03:19:45.772] DRM: supports atomic modesetting
[03:19:45.772] DRM: does not support GBM modifiers
[03:19:45.772] DRM: does not support async page flipping
[03:19:45.772] DRM: supports picture aspect ratio
[03:19:45.772] Using Pixman renderer
[03:19:45.774] event0  - Power Button: is tagged by udev as: Keyboard
[03:19:45.775] event0  - Power Button: device is a keyboard
[03:19:45.775] event1  - AT Translated Set 2 keyboard: is tagged by udev as: Keyboard
[03:19:45.775] event1  - AT Translated Set 2 keyboard: device is a keyboard
[03:19:45.776] event3  - VirtualPS/2 VMware VMMouse: is tagged by udev as: Mouse
[03:19:45.776] event3  - VirtualPS/2 VMware VMMouse: device is a pointer
[03:19:45.776] event2  - VirtualPS/2 VMware VMMouse: is tagged by udev as: Mouse
[03:19:45.776] event2  - VirtualPS/2 VMware VMMouse: device is a pointer
[03:19:45.779] libinput: configuring device "Power Button".
[03:19:45.779] libinput: configuring device "AT Translated Set 2 keyboard".
[03:19:45.779] libinput: configuring device "VirtualPS/2 VMware VMMouse".
[03:19:45.779] libinput: configuring device "VirtualPS/2 VMware VMMouse".
[03:19:45.779] input device event2 has no enabled output associated (none named), skipping calibration for now.
[03:19:45.779] DRM: head 'Virtual-1' found, connector 36 is connected, EDID make 'RHT', model 'QEMU Monitor', serial ''
               Supported EOTF modes: SDR
[03:19:45.779] Registered plugin API 'weston_drm_output_api_v1' of size 40
[03:19:45.779] Registered plugin API 'weston_drm_virtual_output_api_v2' of size 48
[03:19:45.779] Color manager: no-op
[03:19:45.779] Output 'Virtual-1' attempts EOTF mode: SDR
[03:19:45.779] Output 'Virtual-1' using color profile: stock sRGB color profile
[03:19:45.781] DRM: output Virtual-1 uses shadow framebuffer.
[03:19:45.781] Output Virtual-1 (crtc 35) video modes:
               1280x800@75.0, preferred, current, 107.3 MHz
               5120x2160@50.0 64:27, 742.5 MHz
               4096x2160@50.0 256:135, 594.0 MHz
               3840x2160@60.0 16:9, 594.0 MHz
               3840x2160@59.9 16:9, 593.4 MHz
               3840x2160@50.0 16:9, 594.0 MHz
               1920x1440@60.0, 234.0 MHz
               2560x1080@50.0 64:27, 185.6 MHz
               1856x1392@60.0, 218.2 MHz
               1792x1344@60.0, 204.8 MHz
               2048x1152@60.0, 162.0 MHz
               1920x1200@59.9, 193.2 MHz
               1920x1080@60.0, 148.5 MHz
               1920x1080@50.0 16:9, 148.5 MHz
               1600x1200@60.0, 162.0 MHz
               1680x1050@60.0, 146.2 MHz
               1400x1050@60.0, 121.8 MHz
               1280x1024@60.0, 108.0 MHz
               1440x900@59.9, 106.5 MHz
               1280x960@60.0, 108.0 MHz
               1360x768@60.0, 85.5 MHz
               1280x768@59.9, 79.5 MHz
               1024x768@60.0, 65.0 MHz
               800x600@60.3, 40.0 MHz
               640x480@60.0 4:3, 25.2 MHz
               640x480@59.9, 25.2 MHz
[03:19:45.781] associating input device event0 with output Virtual-1 (none by udev)
[03:19:45.781] associating input device event1 with output Virtual-1 (none by udev)
[03:19:45.781] associating input device event3 with output Virtual-1 (none by udev)
[03:19:45.781] associating input device event2 with output Virtual-1 (none by udev)
[03:19:45.781] Output 'Virtual-1' enabled with head(s) Virtual-1
[03:19:45.781] Compositor capabilities:
               arbitrary surface rotation: yes
               screen capture uses y-flip: no
               cursor planes: yes
               arbitrary resolutions: no
               view mask clipping: yes
               explicit sync: no
               color operations: no
               presentation clock: CLOCK_MONOTONIC, id 1
               presentation clock resolution: 0.000000001 s
[03:19:45.781] Loading module '/usr/lib/x86_64-linux-gnu/weston/kiosk-shell.so'
[    0.826856] Console: switching to colour dummy device 80x25
[init-phase2] unbound vtcon0 framebuffer console
[init-phase2] display_probe pid=129
[init-phase2] launching client=/bin/wl_sleepdemo args= --idle-seconds 5 --max-suspend-cycles 1 --wake-seconds 5 --pm-test devices --runtime-seconds 20
@@LOG kind=state global name=1 interface=wl_compositor version=5
@@LOG kind=state global name=2 interface=wl_subcompositor version=1
@@LOG kind=state global name=3 interface=wp_viewporter version=1
@@LOG kind=state global name=4 interface=zxdg_output_manager_v1 version=2
@@LOG kind=state global name=5 interface=wp_presentation version=1
@@LOG kind=state global name=6 interface=wp_single_pixel_buffer_manager_v1 version=1
@@LOG kind=state global name=7 interface=wp_tearing_control_manager_v1 version=1
@@LOG kind=state global name=8 interface=zwp_relative_pointer_manager_v1 version=1
@@LOG kind=state global name=9 interface=zwp_pointer_constraints_v1 version=1
@@LOG kind=state global name=10 interface=zwp_input_timestamps_manager_v1 version=1
@@LOG kind=state global name=11 interface=weston_capture_v1 version=1
@@LOG kind=state global name=12 interface=wl_data_device_manager version=3
@@LOG kind=state global name=13 interface=wl_shm version=1
@@LOG kind=state global name=14 interface=wl_seat version=7
@@LOG kind=state global name=15 interface=weston_content_protection version=1
@@LOG kind=state global name=16 interface=wl_output version=4
@@LOG kind=state global name=17 interface=xdg_wm_base version=5
@@LOG kind=state seat-listener-added
@@LOG kind=state keyboard-bound-fallback
@@LOG kind=state pointer-bound-fallback
@@LOG kind=state socket-hup
[    0.892667] usb 1-1: new high-speed USB device number 2 using xhci_hcd
[    1.018870] usb 1-1: New USB device found, idVendor=0627, idProduct=0001, bcdDevice= 0.00
[    1.019364] usb 1-1: New USB device strings: Mfr=1, Product=4, SerialNumber=11
[    1.019916] usb 1-1: Product: QEMU USB Keyboard
[    1.020206] usb 1-1: Manufacturer: QEMU
[    1.020441] usb 1-1: SerialNumber: 68284-0000:00:03.0-1
[    1.021378] input: QEMU QEMU USB Keyboard as /devices/pci0000:00/0000:00:03.0/usb1/1-1/1-1:1.0/0003:0627:0001.0001/input/input5
[    1.073807] hid-generic 0003:0627:0001.0001: input,hidraw0: USB HID v1.11 Keyboard [QEMU QEMU USB Keyboard] on usb-0000:00:03.0-1/input0
[    1.188596] usb 1-2: new high-speed USB device number 3 using xhci_hcd
[    1.314919] usb 1-2: New USB device found, idVendor=0627, idProduct=0001, bcdDevice= 0.00
[    1.315405] usb 1-2: New USB device strings: Mfr=1, Product=3, SerialNumber=10
[    1.316019] usb 1-2: Product: QEMU USB Tablet
[    1.316279] usb 1-2: Manufacturer: QEMU
[    1.316529] usb 1-2: SerialNumber: 28754-0000:00:03.0-2
[    1.317786] input: QEMU QEMU USB Tablet as /devices/pci0000:00/0000:00:03.0/usb1/1-2/1-2:1.0/0003:0627:0001.0002/input/input6
[    1.318513] hid-generic 0003:0627:0001.0002: input,hidraw1: USB HID v0.01 Mouse [QEMU QEMU USB Tablet] on usb-0000:00:03.0-2/input0
@@LOG kind=state socket-hup
@@LOG kind=state socket-hup
@@LOG kind=state socket-hup
@@LOG kind=state socket-hup
@@LOG kind=state wakealarm_seconds=5
@@LOG kind=state state=SUSPENDING cycle=1
[    5.852296] PM: suspend entry (s2idle)
[    5.852513] Filesystems sync: 0.000 seconds
[    5.854075] Freezing user space processes
[    5.855388] Freezing user space processes completed (elapsed 0.001 seconds)
[    5.855796] OOM killer disabled.
[    5.855976] Freezing remaining freezable tasks
[    5.857250] Freezing remaining freezable tasks completed (elapsed 0.001 seconds)
[    5.964202] PM: suspend debug: Waiting for 5 second(s).
[   10.967676] xhci_hcd 0000:00:03.0: xHC error in resume, USBSTS 0x401, Reinit
[   10.968034] usb usb1: root hub lost power or was reset
[   10.968279] usb usb2: root hub lost power or was reset
[   11.231615] usb 1-2: reset high-speed USB device number 3 using xhci_hcd
[   11.471614] usb 1-1: reset high-speed USB device number 2 using xhci_hcd
[   11.598122] OOM killer enabled.
[   11.598309] Restarting tasks ... done.
[   11.599756] random: crng reseeded on system resumption
[   11.602703] PM: suspend exit
@@LOG kind=state state=RESUMED cycle=1 sleep_ms=5751 resume_gap_ms=5751
@@METRIC name=sleep_duration value_ms=5751 cycle=1
@@METRIC name=suspend_resume_gap value_ms=5751 cycle=1
@@METRIC name=resume_to_redraw value_ms=7 cycle=1
@@LOG kind=state seat-capabilities=0
@@LOG kind=state socket-hup
@@LOG kind=state seat-capabilities=2
@@LOG kind=state keyboard-rebound
@@LOG kind=state socket-hup
@@LOG kind=state socket-hup
@@LOG kind=state socket-hup
@@LOG kind=state socket-hup
@@LOG kind=state socket-hup
@@LOG kind=state socket-hup
@@LOG kind=state socket-hup
@@LOG kind=state socket-hup
@@LOG kind=state socket-hup
@@LOG kind=state runtime_limit_reached=true
@@DISPLAY sample=1 uptime_s=0.77 fb0=virtio_gpudrmfb_ proc_fb=0_virtio_gpudrmfb_ vt=vtcon0nameM_frame_buffer_device_bind0__vtcon1nameM_dummy_device_bind1__ drm=card0-Virtual-1statusconnected_enabledenabled_dpmsOn__
@@DISPLAY sample=2 uptime_s=1.78 fb0=virtio_gpudrmfb_ proc_fb=0_virtio_gpudrmfb_ vt=vtcon0nameM_frame_buffer_device_bind0__vtcon1nameM_dummy_device_bind1__ drm=card0-Virtual-1statusconnected_enabledenabled_dpmsOn__
@@DISPLAY sample=3 uptime_s=2.80 fb0=virtio_gpudrmfb_ proc_fb=0_virtio_gpudrmfb_ vt=vtcon0nameM_frame_buffer_device_bind0__vtcon1nameM_dummy_device_bind1__ drm=card0-Virtual-1statusconnected_enabledenabled_dpmsOn__
@@DISPLAY sample=4 uptime_s=3.81 fb0=virtio_gpudrmfb_ proc_fb=0_virtio_gpudrmfb_ vt=vtcon0nameM_frame_buffer_device_bind0__vtcon1nameM_dummy_device_bind1__ drm=card0-Virtual-1statusconnected_enabledenabled_dpmsOn__
@@DISPLAY sample=5 uptime_s=4.82 fb0=virtio_gpudrmfb_ proc_fb=0_virtio_gpudrmfb_ vt=vtcon0nameM_frame_buffer_device_bind0__vtcon1nameM_dummy_device_bind1__ drm=card0-Virtual-1statusconnected_enabledenabled_dpmsOn__
@@DISPLAY sample=6 uptime_s=11.54 fb0=virtio_gpudrmfb_ proc_fb=0_virtio_gpudrmfb_ vt=vtcon0nameM_frame_buffer_device_bind0__vtcon1nameM_dummy_device_bind1__ drm=card0-Virtual-1statusconnected_enabledenabled_dpmsOn__
@@DISPLAY sample=7 uptime_s=12.56 fb0=virtio_gpudrmfb_ proc_fb=0_virtio_gpudrmfb_ vt=vtcon0nameM_frame_buffer_device_bind0__vtcon1nameM_dummy_device_bind1__ drm=card0-Virtual-1statusconnected_enabledenabled_dpmsOn__
@@DISPLAY sample=8 uptime_s=13.57 fb0=virtio_gpudrmfb_ proc_fb=0_virtio_gpudrmfb_ vt=vtcon0nameM_frame_buffer_device_bind0__vtcon1nameM_dummy_device_bind1__ drm=card0-Virtual-1statusconnected_enabledenabled_dpmsOn__
@@DISPLAY sample=9 uptime_s=14.58 fb0=virtio_gpudrmfb_ proc_fb=0_virtio_gpudrmfb_ vt=vtcon0nameM_frame_buffer_device_bind0__vtcon1nameM_dummy_device_bind1__ drm=card0-Virtual-1statusconnected_enabledenabled_dpmsOn__
@@DISPLAY sample=10 uptime_s=15.59 fb0=virtio_gpudrmfb_ proc_fb=0_virtio_gpudrmfb_ vt=vtcon0nameM_frame_buffer_device_bind0__vtcon1nameM_dummy_device_bind1__ drm=card0-Virtual-1statusconnected_enabledenabled_dpmsOn__
@@DISPLAY sample=11 uptime_s=16.60 fb0=virtio_gpudrmfb_ proc_fb=0_virtio_gpudrmfb_ vt=vtcon0nameM_frame_buffer_device_bind0__vtcon1nameM_dummy_device_bind1__ drm=card0-Virtual-1statusconnected_enabledenabled_dpmsOn__
@@DISPLAY sample=12 uptime_s=17.62 fb0=virtio_gpudrmfb_ proc_fb=0_virtio_gpudrmfb_ vt=vtcon0nameM_frame_buffer_device_bind0__vtcon1nameM_dummy_device_bind1__ drm=card0-Virtual-1statusconnected_enabledenabled_dpmsOn__
@@DISPLAY sample=13 uptime_s=18.63 fb0=virtio_gpudrmfb_ proc_fb=0_virtio_gpudrmfb_ vt=vtcon0nameM_frame_buffer_device_bind0__vtcon1nameM_dummy_device_bind1__ drm=card0-Virtual-1statusconnected_enabledenabled_dpmsOn__
@@DISPLAY sample=14 uptime_s=19.64 fb0=virtio_gpudrmfb_ proc_fb=0_virtio_gpudrmfb_ vt=vtcon0nameM_frame_buffer_device_bind0__vtcon1nameM_dummy_device_bind1__ drm=card0-Virtual-1statusconnected_enabledenabled_dpmsOn__
@@DISPLAY sample=15 uptime_s=20.65 fb0=virtio_gpudrmfb_ proc_fb=0_virtio_gpudrmfb_ vt=vtcon0nameM_frame_buffer_device_bind0__vtcon1nameM_dummy_device_bind1__ drm=card0-Virtual-1statusconnected_enabledenabled_dpmsOn__
[init-phase2] client exited status=0
[   20.984987] ACPI: PM: Preparing to enter system sleep state S5
[   20.985274] reboot: Power down
