[    0.000000] Linux version 6.8.0-101-generic (buildd@lcy02-amd64-051) (x86_64-linux-gnu-gcc-13 (Ubuntu 13.3.0-6ubuntu2~24.04) 13.3.0, GNU ld (GNU Binutils for Ubuntu) 2.42) #101-Ubuntu SMP PREEMPT_DYNAMIC Mon Feb  9 10:15:05 UTC 2026 (Ubuntu 6.8.0-101.101-generic 6.8.12)
[    0.000000] Command line: console=ttyS0 panic=-1 no_console_suspend rdinit=/init phase3_runtime_seconds=15 phase3_url=chrome://version
[    0.000000] KERNEL supported cpus:
[    0.000000]   Intel GenuineIntel
[    0.000000]   AMD AuthenticAMD
[    0.000000]   Hygon HygonGenuine
[    0.000000]   Centaur CentaurHauls
[    0.000000]   zhaoxin   Shanghai  
[    0.000000] BIOS-provided physical RAM map:
[    0.000000] BIOS-e820: [mem 0x0000000000000000-0x000000000009fbff] usable
[    0.000000] BIOS-e820: [mem 0x000000000009fc00-0x000000000009ffff] reserved
[    0.000000] BIOS-e820: [mem 0x00000000000f0000-0x00000000000fffff] reserved
[    0.000000] BIOS-e820: [mem 0x0000000000100000-0x000000007ffddfff] usable
[    0.000000] BIOS-e820: [mem 0x000000007ffde000-0x000000007fffffff] reserved
[    0.000000] BIOS-e820: [mem 0x00000000b0000000-0x00000000bfffffff] reserved
[    0.000000] BIOS-e820: [mem 0x00000000fed1c000-0x00000000fed1ffff] reserved
[    0.000000] BIOS-e820: [mem 0x00000000feffc000-0x00000000feffffff] reserved
[    0.000000] BIOS-e820: [mem 0x00000000fffc0000-0x00000000ffffffff] reserved
[    0.000000] NX (Execute Disable) protection: active
[    0.000000] APIC: Static calls initialized
[    0.000000] SMBIOS 3.0.0 present.
[    0.000000] DMI: QEMU Standard PC (Q35 + ICH9, 2009), BIOS 1.16.3-debian-1.16.3-2 04/01/2014
[    0.000000] Hypervisor detected: KVM
[    0.000000] kvm-clock: Using msrs 4b564d01 and 4b564d00
[    0.000001] kvm-clock: using sched offset of 277969953 cycles
[    0.000002] clocksource: kvm-clock: mask: 0xffffffffffffffff max_cycles: 0x1cd42e4dffb, max_idle_ns: 881590591483 ns
[    0.000004] tsc: Detected 2803.200 MHz processor
[    0.000613] last_pfn = 0x7ffde max_arch_pfn = 0x400000000
[    0.000649] MTRR map: 4 entries (3 fixed + 1 variable; max 19), built from 8 variable MTRRs
[    0.000652] x86/PAT: Configuration [0-7]: WB  WC  UC- UC  WB  WP  UC- WT  
[    0.004533] found SMP MP-table at [mem 0x000f5470-0x000f547f]
[    0.004545] Using GB pages for direct mapping
[    0.004604] RAMDISK: [mem 0x75deb000-0x7ffcffff]
[    0.004610] ACPI: Early table checksum verification disabled
[    0.004612] ACPI: RSDP 0x00000000000F52B0 000014 (v00 BOCHS )
[    0.004616] ACPI: RSDT 0x000000007FFE2304 000038 (v01 BOCHS  BXPC     00000001 BXPC 00000001)
[    0.004620] ACPI: FACP 0x000000007FFE20FC 0000F4 (v03 BOCHS  BXPC     00000001 BXPC 00000001)
[    0.004624] ACPI: DSDT 0x000000007FFE0040 0020BC (v01 BOCHS  BXPC     00000001 BXPC 00000001)
[    0.004627] ACPI: FACS 0x000000007FFE0000 000040
[    0.004629] ACPI: APIC 0x000000007FFE21F0 000078 (v03 BOCHS  BXPC     00000001 BXPC 00000001)
[    0.004632] ACPI: HPET 0x000000007FFE2268 000038 (v01 BOCHS  BXPC     00000001 BXPC 00000001)
[    0.004634] ACPI: MCFG 0x000000007FFE22A0 00003C (v01 BOCHS  BXPC     00000001 BXPC 00000001)
[    0.004636] ACPI: WAET 0x000000007FFE22DC 000028 (v01 BOCHS  BXPC     00000001 BXPC 00000001)
[    0.004638] ACPI: Reserving FACP table memory at [mem 0x7ffe20fc-0x7ffe21ef]
[    0.004639] ACPI: Reserving DSDT table memory at [mem 0x7ffe0040-0x7ffe20fb]
[    0.004640] ACPI: Reserving FACS table memory at [mem 0x7ffe0000-0x7ffe003f]
[    0.004640] ACPI: Reserving APIC table memory at [mem 0x7ffe21f0-0x7ffe2267]
[    0.004641] ACPI: Reserving HPET table memory at [mem 0x7ffe2268-0x7ffe229f]
[    0.004641] ACPI: Reserving MCFG table memory at [mem 0x7ffe22a0-0x7ffe22db]
[    0.004642] ACPI: Reserving WAET table memory at [mem 0x7ffe22dc-0x7ffe2303]
[    0.004856] No NUMA configuration found
[    0.004857] Faking a node at [mem 0x0000000000000000-0x000000007ffddfff]
[    0.004861] NODE_DATA(0) allocated [mem 0x75dc0000-0x75deafff]
[    0.004954] Zone ranges:
[    0.004954]   DMA      [mem 0x0000000000001000-0x0000000000ffffff]
[    0.004956]   DMA32    [mem 0x0000000001000000-0x000000007ffddfff]
[    0.004957]   Normal   empty
[    0.004957]   Device   empty
[    0.004958] Movable zone start for each node
[    0.004959] Early memory node ranges
[    0.004959]   node   0: [mem 0x0000000000001000-0x000000000009efff]
[    0.004960]   node   0: [mem 0x0000000000100000-0x000000007ffddfff]
[    0.004961] Initmem setup node 0 [mem 0x0000000000001000-0x000000007ffddfff]
[    0.005144] On node 0, zone DMA: 1 pages in unavailable ranges
[    0.005152] On node 0, zone DMA: 97 pages in unavailable ranges
[    0.009126] On node 0, zone DMA32: 34 pages in unavailable ranges
[    0.009377] ACPI: PM-Timer IO Port: 0x608
[    0.009392] ACPI: LAPIC_NMI (acpi_id[0xff] dfl dfl lint[0x1])
[    0.009423] IOAPIC[0]: apic_id 0, version 17, address 0xfec00000, GSI 0-23
[    0.009426] ACPI: INT_SRC_OVR (bus 0 bus_irq 0 global_irq 2 dfl dfl)
[    0.009427] ACPI: INT_SRC_OVR (bus 0 bus_irq 5 global_irq 5 high level)
[    0.009428] ACPI: INT_SRC_OVR (bus 0 bus_irq 9 global_irq 9 high level)
[    0.009429] ACPI: INT_SRC_OVR (bus 0 bus_irq 10 global_irq 10 high level)
[    0.009430] ACPI: INT_SRC_OVR (bus 0 bus_irq 11 global_irq 11 high level)
[    0.009433] ACPI: Using ACPI (MADT) for SMP configuration information
[    0.009434] ACPI: HPET id: 0x8086a201 base: 0xfed00000
[    0.009437] TSC deadline timer available
[    0.009438] smpboot: Allowing 1 CPUs, 0 hotplug CPUs
[    0.009454] kvm-guest: APIC: eoi() replaced with kvm_guest_apic_eoi_write()
[    0.009475] PM: hibernation: Registered nosave memory: [mem 0x00000000-0x00000fff]
[    0.009476] PM: hibernation: Registered nosave memory: [mem 0x0009f000-0x000fffff]
[    0.009478] [mem 0xc0000000-0xfed1bfff] available for PCI devices
[    0.009479] Booting paravirtualized kernel on KVM
[    0.009481] clocksource: refined-jiffies: mask: 0xffffffff max_cycles: 0xffffffff, max_idle_ns: 1910969940391419 ns
[    0.009486] setup_percpu: NR_CPUS:8192 nr_cpumask_bits:1 nr_cpu_ids:1 nr_node_ids:1
[    0.009783] percpu: Embedded 86 pages/cpu s229376 r8192 d114688 u2097152
[    0.009818] kvm-guest: PV spinlocks disabled, single CPU
[    0.009819] Kernel command line: console=ttyS0 panic=-1 no_console_suspend rdinit=/init phase3_runtime_seconds=15 phase3_url=chrome://version
[    0.009869] Unknown kernel command line parameters "phase3_runtime_seconds=15 phase3_url=chrome://version", will be passed to user space.
[    0.009911] random: crng init done
[    0.010171] Dentry cache hash table entries: 262144 (order: 9, 2097152 bytes, linear)
[    0.010237] Inode-cache hash table entries: 131072 (order: 8, 1048576 bytes, linear)
[    0.010269] Fallback order for Node 0: 0 
[    0.010271] Built 1 zonelists, mobility grouping on.  Total pages: 515806
[    0.010272] Policy zone: DMA32
[    0.010276] mem auto-init: stack:all(zero), heap alloc:on, heap free:off
[    0.013402] Memory: 1840220K/2096624K available (22528K kernel code, 4439K rwdata, 14400K rodata, 4920K init, 4788K bss, 256144K reserved, 0K cma-reserved)
[    0.014005] SLUB: HWalign=64, Order=0-3, MinObjects=0, CPUs=1, Nodes=1
[    0.014023] ftrace: allocating 58250 entries in 228 pages
[    0.021167] ftrace: allocated 228 pages with 4 groups
[    0.021873] Dynamic Preempt: voluntary
[    0.022089] rcu: Preemptible hierarchical RCU implementation.
[    0.022091] rcu: 	RCU restricting CPUs from NR_CPUS=8192 to nr_cpu_ids=1.
[    0.022092] 	Trampoline variant of Tasks RCU enabled.
[    0.022092] 	Rude variant of Tasks RCU enabled.
[    0.022093] 	Tracing variant of Tasks RCU enabled.
[    0.022093] rcu: RCU calculated value of scheduler-enlistment delay is 100 jiffies.
[    0.022094] rcu: Adjusting geometry for rcu_fanout_leaf=16, nr_cpu_ids=1
[    0.022100] RCU Tasks: Setting shift to 0 and lim to 1 rcu_task_cb_adjust=1 rcu_task_cpu_ids=1.
[    0.022102] RCU Tasks Rude: Setting shift to 0 and lim to 1 rcu_task_cb_adjust=1 rcu_task_cpu_ids=1.
[    0.022103] RCU Tasks Trace: Setting shift to 0 and lim to 1 rcu_task_cb_adjust=1 rcu_task_cpu_ids=1.
[    0.024472] NR_IRQS: 524544, nr_irqs: 256, preallocated irqs: 16
[    0.024660] rcu: srcu_init: Setting srcu_struct sizes based on contention.
[    0.031000] Console: colour VGA+ 80x25
[    0.031033] printk: legacy console [ttyS0] enabled
[    0.081872] ACPI: Core revision 20230628
[    0.082233] clocksource: hpet: mask: 0xffffffff max_cycles: 0xffffffff, max_idle_ns: 19112604467 ns
[    0.082928] APIC: Switch to symmetric I/O mode setup
[    0.083518] x2apic enabled
[    0.083986] APIC: Switched APIC routing to: physical x2apic
[    0.085230] ..TIMER: vector=0x30 apic1=0 pin1=2 apic2=-1 pin2=-1
[    0.085690] clocksource: tsc-early: mask: 0xffffffffffffffff max_cycles: 0x28680fa287f, max_idle_ns: 440795281151 ns
[    0.086459] Calibrating delay loop (skipped) preset value.. 5606.40 BogoMIPS (lpj=2803200)
[    0.087572] x86/cpu: User Mode Instruction Prevention (UMIP) activated
[    0.088087] Last level iTLB entries: 4KB 0, 2MB 0, 4MB 0
[    0.088456] Last level dTLB entries: 4KB 0, 2MB 0, 4MB 0, 1GB 0
[    0.088842] Spectre V1 : Mitigation: usercopy/swapgs barriers and __user pointer sanitization
[    0.089460] Spectre V2 : Spectre BHI mitigation: SW BHB clearing on vm exit
[    0.089919] Spectre V2 : Spectre BHI mitigation: SW BHB clearing on syscall
[    0.090456] Spectre V2 : Mitigation: Enhanced / Automatic IBRS
[    0.090846] Spectre V2 : Spectre v2 / PBRSB-eIBRS: Retire a single CALL on VMEXIT
[    0.091357] Spectre V2 : mitigation: Enabling conditional Indirect Branch Prediction Barrier
[    0.091457] Speculative Store Bypass: Mitigation: Speculative Store Bypass disabled via prctl
[    0.092458] ITS: WARNING: ITS mitigation depends on retpoline and rethunk support
[    0.092961] ITS: Vulnerable
[    0.093175] x86/fpu: Supporting XSAVE feature 0x001: 'x87 floating point registers'
[    0.093456] x86/fpu: Supporting XSAVE feature 0x002: 'SSE registers'
[    0.093897] x86/fpu: Supporting XSAVE feature 0x004: 'AVX registers'
[    0.094457] x86/fpu: Supporting XSAVE feature 0x020: 'AVX-512 opmask'
[    0.094917] x86/fpu: Supporting XSAVE feature 0x040: 'AVX-512 Hi256'
[    0.095457] x86/fpu: Supporting XSAVE feature 0x080: 'AVX-512 ZMM_Hi256'
[    0.095914] x86/fpu: Supporting XSAVE feature 0x200: 'Protection Keys User registers'
[    0.096457] x86/fpu: xstate_offset[2]:  576, xstate_sizes[2]:  256
[    0.097052] x86/fpu: xstate_offset[5]:  832, xstate_sizes[5]:   64
[    0.097457] x86/fpu: xstate_offset[6]:  896, xstate_sizes[6]:  512
[    0.097877] x86/fpu: xstate_offset[7]: 1408, xstate_sizes[7]: 1024
[    0.098456] x86/fpu: xstate_offset[9]: 2432, xstate_sizes[9]:    8
[    0.098829] x86/fpu: Enabled xstate features 0x2e7, context size is 2440 bytes, using 'compacted' format.
[    0.122078] Freeing SMP alternatives memory: 48K
[    0.122389] pid_max: default: 32768 minimum: 301
[    0.122496] LSM: initializing lsm=lockdown,capability,landlock,yama,apparmor,integrity
[    0.122986] landlock: Up and running.
[    0.123215] Yama: becoming mindful.
[    0.123477] AppArmor: AppArmor initialized
[    0.123751] Mount-cache hash table entries: 4096 (order: 3, 32768 bytes, linear)
[    0.124458] Mountpoint-cache hash table entries: 4096 (order: 3, 32768 bytes, linear)
[    0.125206] smpboot: CPU0: 11th Gen Intel(R) Core(TM) i7-1165G7 @ 2.80GHz (family: 0x6, model: 0x8c, stepping: 0x1)
[    0.125456] Performance Events: Icelake events, full-width counters, Intel PMU driver.
[    0.125460] ... version:                2
[    0.125714] ... bit width:              48
[    0.126007] ... generic registers:      8
[    0.126306] ... value mask:             0000ffffffffffff
[    0.126458] ... max period:             00007fffffffffff
[    0.126829] ... fixed-purpose events:   3
[    0.127117] ... event mask:             00000007000000ff
[    0.127525] signal: max sigframe size: 3632
[    0.127847] rcu: Hierarchical SRCU implementation.
[    0.128175] rcu: 	Max phase no-delay instances is 400.
[    0.128672] smp: Bringing up secondary CPUs ...
[    0.129015] smp: Brought up 1 node, 1 CPU
[    0.129304] smpboot: Max logical packages: 1
[    0.129462] smpboot: Total of 1 processors activated (5606.40 BogoMIPS)
[    0.130042] devtmpfs: initialized
[    0.130274] x86/mm: Memory block size: 128MB
[    0.130704] clocksource: jiffies: mask: 0xffffffff max_cycles: 0xffffffff, max_idle_ns: 1911260446275000 ns
[    0.131361] futex hash table entries: 256 (order: 2, 16384 bytes, linear)
[    0.131497] pinctrl core: initialized pinctrl subsystem
[    0.131946] PM: RTC time: 02:10:24, date: 2026-03-08
[    0.133111] NET: Registered PF_NETLINK/PF_ROUTE protocol family
[    0.133545] DMA: preallocated 256 KiB GFP_KERNEL pool for atomic allocations
[    0.133998] DMA: preallocated 256 KiB GFP_KERNEL|GFP_DMA pool for atomic allocations
[    0.134471] DMA: preallocated 256 KiB GFP_KERNEL|GFP_DMA32 pool for atomic allocations
[    0.134949] audit: initializing netlink subsys (disabled)
[    0.135428] thermal_sys: Registered thermal governor 'fair_share'
[    0.135429] thermal_sys: Registered thermal governor 'bang_bang'
[    0.135458] thermal_sys: Registered thermal governor 'step_wise'
[    0.135853] thermal_sys: Registered thermal governor 'user_space'
[    0.136234] thermal_sys: Registered thermal governor 'power_allocator'
[    0.136459] audit: type=2000 audit(1772935825.106:1): state=initialized audit_enabled=0 res=1
[    0.137386] cpuidle: using governor ladder
[    0.137459] cpuidle: using governor menu
[    0.137735] acpiphp: ACPI Hot Plug PCI Controller Driver version: 0.5
[    0.138196] PCI: ECAM [mem 0xb0000000-0xbfffffff] (base 0xb0000000) for domain 0000 [bus 00-ff]
[    0.138459] PCI: ECAM [mem 0xb0000000-0xbfffffff] reserved as E820 entry
[    0.138920] PCI: Using configuration type 1 for base access
[    0.139364] kprobes: kprobe jump-optimization is enabled. All kprobes are optimized if possible.
[    0.166884] HugeTLB: registered 1.00 GiB page size, pre-allocated 0 pages
[    0.167315] HugeTLB: 16380 KiB vmemmap can be freed for a 1.00 GiB page
[    0.167458] HugeTLB: registered 2.00 MiB page size, pre-allocated 0 pages
[    0.167863] HugeTLB: 28 KiB vmemmap can be freed for a 2.00 MiB page
[    0.168603] ACPI: Added _OSI(Module Device)
[    0.168866] ACPI: Added _OSI(Processor Device)
[    0.169170] ACPI: Added _OSI(Processor Aggregator Device)
[    0.170231] ACPI: 1 ACPI AML tables successfully acquired and loaded
[    0.171110] ACPI: _OSC evaluation for CPUs failed, trying _PDC
[    0.171543] ACPI: Interpreter enabled
[    0.171778] ACPI: PM: (supports S0 S3 S4 S5)
[    0.172053] ACPI: Using IOAPIC for interrupt routing
[    0.172407] PCI: Using host bridge windows from ACPI; if necessary, use "pci=nocrs" and report a bug
[    0.172457] PCI: Using E820 reservations for host bridge windows
[    0.172873] ACPI: Enabled 2 GPEs in block 00 to 3F
[    0.174255] ACPI: PCI Root Bridge [PCI0] (domain 0000 [bus 00-ff])
[    0.174460] acpi PNP0A08:00: _OSC: OS supports [ExtendedConfig ASPM ClockPM Segments MSI EDR HPX-Type3]
[    0.175049] acpi PNP0A08:00: _OSC: platform does not support [PCIeHotplug LTR DPC]
[    0.175506] acpi PNP0A08:00: _OSC: OS now controls [SHPCHotplug PME AER PCIeCapability]
[    0.176161] PCI host bridge to bus 0000:00
[    0.176444] pci_bus 0000:00: root bus resource [io  0x0000-0x0cf7 window]
[    0.176458] pci_bus 0000:00: root bus resource [io  0x0d00-0xffff window]
[    0.176931] pci_bus 0000:00: root bus resource [mem 0x000a0000-0x000bffff window]
[    0.177440] pci_bus 0000:00: root bus resource [mem 0x80000000-0xafffffff window]
[    0.177457] pci_bus 0000:00: root bus resource [mem 0xc0000000-0xfebfffff window]
[    0.177904] pci_bus 0000:00: root bus resource [mem 0x100000000-0x8ffffffff window]
[    0.178382] pci_bus 0000:00: root bus resource [bus 00-ff]
[    0.178490] pci 0000:00:00.0: [8086:29c0] type 00 class 0x060000 conventional PCI endpoint
[    0.179395] pci 0000:00:01.0: [1af4:1000] type 00 class 0x020000 conventional PCI endpoint
[    0.180229] pci 0000:00:01.0: BAR 0 [io  0xc040-0xc05f]
[    0.180479] pci 0000:00:01.0: BAR 4 [mem 0xfe800000-0xfe803fff 64bit pref]
[    0.180954] pci 0000:00:01.0: ROM [mem 0xfeb00000-0xfeb7ffff pref]
[    0.181730] pci 0000:00:02.0: [1af4:1050] type 00 class 0x030000 conventional PCI endpoint
[    0.183025] pci 0000:00:02.0: BAR 0 [mem 0xfe000000-0xfe7fffff pref]
[    0.183472] pci 0000:00:02.0: BAR 2 [mem 0xfe804000-0xfe807fff 64bit pref]
[    0.183958] pci 0000:00:02.0: BAR 4 [mem 0xfeb94000-0xfeb94fff]
[    0.184371] pci 0000:00:02.0: ROM [mem 0xfeb80000-0xfeb8ffff pref]
[    0.184490] pci 0000:00:02.0: Video device with shadowed ROM at [mem 0x000c0000-0x000dffff]
[    0.185412] pci 0000:00:03.0: [1b36:000d] type 00 class 0x0c0330 PCIe Root Complex Integrated Endpoint
[    0.185867] pci 0000:00:03.0: BAR 0 [mem 0xfeb90000-0xfeb93fff 64bit]
[    0.193148] pci 0000:00:1f.0: [8086:2918] type 00 class 0x060100 conventional PCI endpoint
[    0.193661] pci 0000:00:1f.0: quirk: [io  0x0600-0x067f] claimed by ICH6 ACPI/GPIO/TCO
[    0.194337] pci 0000:00:1f.2: [8086:2922] type 00 class 0x010601 conventional PCI endpoint
[    0.195030] pci 0000:00:1f.2: BAR 4 [io  0xc060-0xc07f]
[    0.195352] pci 0000:00:1f.2: BAR 5 [mem 0xfeb95000-0xfeb95fff]
[    0.195632] pci 0000:00:1f.3: [8086:2930] type 00 class 0x0c0500 conventional PCI endpoint
[    0.196479] pci 0000:00:1f.3: BAR 4 [io  0x0700-0x073f]
[    0.197014] ACPI: PCI: Interrupt link LNKA configured for IRQ 10
[    0.197415] ACPI: PCI: Interrupt link LNKB configured for IRQ 10
[    0.197499] ACPI: PCI: Interrupt link LNKC configured for IRQ 11
[    0.197897] ACPI: PCI: Interrupt link LNKD configured for IRQ 11
[    0.198310] ACPI: PCI: Interrupt link LNKE configured for IRQ 10
[    0.198497] ACPI: PCI: Interrupt link LNKF configured for IRQ 10
[    0.198895] ACPI: PCI: Interrupt link LNKG configured for IRQ 11
[    0.199313] ACPI: PCI: Interrupt link LNKH configured for IRQ 11
[    0.199473] ACPI: PCI: Interrupt link GSIA configured for IRQ 16
[    0.199839] ACPI: PCI: Interrupt link GSIB configured for IRQ 17
[    0.200202] ACPI: PCI: Interrupt link GSIC configured for IRQ 18
[    0.200462] ACPI: PCI: Interrupt link GSID configured for IRQ 19
[    0.200827] ACPI: PCI: Interrupt link GSIE configured for IRQ 20
[    0.201190] ACPI: PCI: Interrupt link GSIF configured for IRQ 21
[    0.201461] ACPI: PCI: Interrupt link GSIG configured for IRQ 22
[    0.201849] ACPI: PCI: Interrupt link GSIH configured for IRQ 23
[    0.202497] iommu: Default domain type: Translated
[    0.202823] iommu: DMA domain TLB invalidation policy: lazy mode
[    0.203289] SCSI subsystem initialized
[    0.203490] ACPI: bus type USB registered
[    0.203770] usbcore: registered new interface driver usbfs
[    0.204142] usbcore: registered new interface driver hub
[    0.204462] usbcore: registered new device driver usb
[    0.204826] pps_core: LinuxPPS API ver. 1 registered
[    0.205166] pps_core: Software ver. 5.3.6 - Copyright 2005-2007 Rodolfo Giometti <giometti@linux.it>
[    0.205459] PTP clock support registered
[    0.205761] EDAC MC: Ver: 3.0.0
[    0.206239] NetLabel: Initializing
[    0.206451] NetLabel:  domain hash size = 128
[    0.206457] NetLabel:  protocols = UNLABELED CIPSOv4 CALIPSO
[    0.206808] NetLabel:  unlabeled traffic allowed by default
[    0.207209] mctp: management component transport protocol core
[    0.207457] NET: Registered PF_MCTP protocol family
[    0.207753] PCI: Using ACPI for IRQ routing
[    0.297572] pci 0000:00:02.0: vgaarb: setting as boot VGA device
[    0.297979] pci 0000:00:02.0: vgaarb: bridge control possible
[    0.298328] pci 0000:00:02.0: vgaarb: VGA device added: decodes=io+mem,owns=io+mem,locks=none
[    0.298458] vgaarb: loaded
[    0.298711] hpet0: at MMIO 0xfed00000, IRQs 2, 8, 0
[    0.299008] hpet0: 3 comparators, 64-bit 100.000000 MHz counter
[    0.302478] clocksource: Switched to clocksource kvm-clock
[    0.303223] VFS: Disk quotas dquot_6.6.0
[    0.303496] VFS: Dquot-cache hash table entries: 512 (order 0, 4096 bytes)
[    0.304012] AppArmor: AppArmor Filesystem Enabled
[    0.304327] pnp: PnP ACPI init
[    0.304618] system 00:05: [mem 0xb0000000-0xbfffffff window] has been reserved
[    0.305193] pnp: PnP ACPI: found 6 devices
[    0.310577] clocksource: acpi_pm: mask: 0xffffff max_cycles: 0xffffff, max_idle_ns: 2085701024 ns
[    0.311228] NET: Registered PF_INET protocol family
[    0.311799] IP idents hash table entries: 32768 (order: 6, 262144 bytes, linear)
[    0.320707] tcp_listen_portaddr_hash hash table entries: 1024 (order: 2, 16384 bytes, linear)
[    0.321287] Table-perturb hash table entries: 65536 (order: 6, 262144 bytes, linear)
[    0.321835] TCP established hash table entries: 16384 (order: 5, 131072 bytes, linear)
[    0.322417] TCP bind hash table entries: 16384 (order: 7, 524288 bytes, linear)
[    0.322890] TCP: Hash tables configured (established 16384 bind 16384)
[    0.323313] MPTCP token hash table entries: 2048 (order: 3, 49152 bytes, linear)
[    0.323766] UDP hash table entries: 1024 (order: 3, 32768 bytes, linear)
[    0.324171] UDP-Lite hash table entries: 1024 (order: 3, 32768 bytes, linear)
[    0.324668] NET: Registered PF_UNIX/PF_LOCAL protocol family
[    0.325064] NET: Registered PF_XDP protocol family
[    0.325397] pci_bus 0000:00: resource 4 [io  0x0000-0x0cf7 window]
[    0.325768] pci_bus 0000:00: resource 5 [io  0x0d00-0xffff window]
[    0.326142] pci_bus 0000:00: resource 6 [mem 0x000a0000-0x000bffff window]
[    0.326563] pci_bus 0000:00: resource 7 [mem 0x80000000-0xafffffff window]
[    0.326976] pci_bus 0000:00: resource 8 [mem 0xc0000000-0xfebfffff window]
[    0.327424] pci_bus 0000:00: resource 9 [mem 0x100000000-0x8ffffffff window]
[    0.328112] ACPI: \_SB_.GSIH: Enabled at IRQ 23
[    0.328908] PCI: CLS 0 bytes, default 64
[    0.329243] Trying to unpack rootfs image as initramfs...
[    0.329831] clocksource: tsc: mask: 0xffffffffffffffff max_cycles: 0x28680fa287f, max_idle_ns: 440795281151 ns
[    0.331988] Initialise system trusted keyrings
[    0.332273] Key type blacklist registered
[    0.332556] workingset: timestamp_bits=36 max_order=19 bucket_order=0
[    0.333838] zbud: loaded
[    0.334159] squashfs: version 4.0 (2009/01/31) Phillip Lougher
[    0.335835] fuse: init (API version 7.39)
[    0.336188] integrity: Platform Keyring initialized
[    0.336538] integrity: Machine keyring initialized
[    0.351845] Key type asymmetric registered
[    0.352107] Asymmetric key parser 'x509' registered
[    0.352449] Block layer SCSI generic (bsg) driver version 0.4 loaded (major 243)
[    0.353907] io scheduler mq-deadline registered
[    0.354345] shpchp: Standard Hot Plug PCI Controller Driver version: 0.4
[    0.355910] input: Power Button as /devices/LNXSYSTM:00/LNXPWRBN:00/input/input0
[    0.356812] ACPI: button: Power Button [PWRF]
[    0.358020] ACPI: \_SB_.GSIF: Enabled at IRQ 21
[    0.360987] ACPI: \_SB_.GSIG: Enabled at IRQ 22
[    0.363169] Serial: 8250/16550 driver, 32 ports, IRQ sharing enabled
[    0.408902] 00:03: ttyS0 at I/O 0x3f8 (irq = 4, base_baud = 115200) is a 16550A
[    0.411833] Linux agpgart interface v0.103
[    0.414083] loop: module loaded
[    0.414432] ACPI: bus type drm_connector registered
[    0.415905] tun: Universal TUN/TAP device driver, 1.6
[    0.417820] PPP generic driver version 2.4.2
[    0.418203] i8042: PNP: PS/2 Controller [PNP0303:KBD,PNP0f13:MOU] at 0x60,0x64 irq 1,12
[    0.420059] serio: i8042 KBD port at 0x60,0x64 irq 1
[    0.420406] serio: i8042 AUX port at 0x60,0x64 irq 12
[    0.420775] mousedev: PS/2 mouse device common for all mice
[    0.421940] input: AT Translated Set 2 keyboard as /devices/platform/i8042/serio0/input/input1
[    0.422649] rtc_cmos 00:04: RTC can wake from S4
[    0.423895] rtc_cmos 00:04: registered as rtc0
[    0.424252] rtc_cmos 00:04: setting system clock to 2026-03-08T02:10:24 UTC (1772935824)
[    0.425836] rtc_cmos 00:04: alarms up to one day, y3k, 242 bytes nvram, hpet irqs
[    0.426310] i2c_dev: i2c /dev entries driver
[    0.426602] device-mapper: core: CONFIG_IMA_DISABLE_HTABLE is disabled. Duplicate IMA measurements will not be recorded in the IMA log.
[    0.428913] device-mapper: uevent: version 1.0.3
[    0.429803] device-mapper: ioctl: 4.48.0-ioctl (2023-03-01) initialised: dm-devel@redhat.com
[    0.430381] intel_pstate: CPU model not supported
[    0.431846] ledtrig-cpu: registered to indicate activity on CPUs
[    0.432254] drop_monitor: Initializing network drop monitor service
[    0.432715] NET: Registered PF_INET6 protocol family
[    1.782554] Freeing initrd memory: 165780K
[    1.783040] Segment Routing with IPv6
[    1.783290] In-situ OAM (IOAM) with IPv6
[    1.783586] NET: Registered PF_PACKET protocol family
[    1.783975] Key type dns_resolver registered
[    1.784419] IPI shorthand broadcast: enabled
[    1.785634] sched_clock: Marking stable (1726001616, 58786858)->(1797190615, -12402141)
[    1.786270] registered taskstats version 1
[    1.786613] Loading compiled-in X.509 certificates
[    1.787447] Loaded X.509 cert 'Build time autogenerated kernel key: 7f71bdefc17a4d88631555bf9efbb1c93d6f5260'
[    1.788491] Loaded X.509 cert 'Canonical Ltd. Live Patch Signing 2025 Kmod: d541cef61dc7e793b7eb7e899970a2eef0b5dc8c'
[    1.789577] Loaded X.509 cert 'Canonical Ltd. Live Patch Signing: 14df34d1a87cf37625abec039ef2bf521249b969'
[    1.790487] Loaded X.509 cert 'Canonical Ltd. Kernel Module Signing: 88f752e560a1e0737e31163a466ad7b70a850c19'
[    1.791085] blacklist: Loading compiled-in revocation X.509 certificates
[    1.791515] Loaded X.509 cert 'Canonical Ltd. Secure Boot Signing: 61482aa2830d0ab2ad5af10b7250da9033ddcef0'
[    1.792108] Loaded X.509 cert 'Canonical Ltd. Secure Boot Signing (2017): 242ade75ac4a15e50d50c84b0d45ff3eae707a03'
[    1.792752] Loaded X.509 cert 'Canonical Ltd. Secure Boot Signing (ESM 2018): 365188c1d374d6b07c3c8f240f8ef722433d6a8b'
[    1.793423] Loaded X.509 cert 'Canonical Ltd. Secure Boot Signing (2019): c0746fd6c5da3ae827864651ad66ae47fe24b3e8'
[    1.794061] Loaded X.509 cert 'Canonical Ltd. Secure Boot Signing (2021 v1): a8d54bbb3825cfb94fa13c9f8a594a195c107b8d'
[    1.794723] Loaded X.509 cert 'Canonical Ltd. Secure Boot Signing (2021 v2): 4cf046892d6fd3c9a5b03f98d845f90851dc6a8c'
[    1.795370] Loaded X.509 cert 'Canonical Ltd. Secure Boot Signing (2021 v3): 100437bb6de6e469b581e61cd66bce3ef4ed53af'
[    1.796013] Loaded X.509 cert 'Canonical Ltd. Secure Boot Signing (Ubuntu Core 2019): c1d57b8f6b743f23ee41f4f7ee292f06eecadfb9'
[    1.798520] Key type .fscrypt registered
[    1.798771] Key type fscrypt-provisioning registered
[    1.799223] Key type encrypted registered
[    1.799506] AppArmor: AppArmor sha256 policy hashing enabled
[    1.799915] ima: No TPM chip found, activating TPM-bypass!
[    1.800299] Loading compiled-in module X.509 certificates
[    1.801020] Loaded X.509 cert 'Build time autogenerated kernel key: 7f71bdefc17a4d88631555bf9efbb1c93d6f5260'
[    1.801697] ima: Allocated hash algorithm: sha256
[    1.802045] ima: No architecture policies found
[    1.802359] evm: Initialising EVM extended attributes:
[    1.802677] evm: security.selinux
[    1.802881] evm: security.SMACK64
[    1.803082] evm: security.SMACK64EXEC
[    1.803313] evm: security.SMACK64TRANSMUTE
[    1.803568] evm: security.SMACK64MMAP
[    1.803792] evm: security.apparmor
[    1.803998] evm: security.ima
[    1.804178] evm: security.capability
[    1.804413] evm: HMAC attrs: 0x1
[    1.804772] PM:   Magic number: 2:407:156
[    1.805050] acpi PNP0A08:00: hash matches
[    1.807454] RAS: Correctable Errors collector initialized.
[    1.807858] clk: Disabling unused clocks
[    1.813805] Freeing unused decrypted memory: 2028K
[    1.814386] Freeing unused kernel image (initmem) memory: 4920K
[    1.814669] Write protecting the kernel read-only data: 38912k
[    1.815300] Freeing unused kernel image (rodata/data gap) memory: 1984K
[    1.823132] x86/mm: Checked W+X mappings: passed, no W+X pages found.
[    1.823431] Run /init as init process
[init-phase3] booted
[init-phase3] loading module=/lib/modules/6.8.0-101-generic/kernel/drivers/virtio/virtio_dma_buf.ko
[init-phase3] loading module=/lib/modules/6.8.0-101-generic/kernel/drivers/gpu/drm/virtio/virtio-gpu.ko
[    1.829413] [drm] pci: virtio-vga detected at 0000:00:02.0
[    1.829669] virtio-pci 0000:00:02.0: vgaarb: deactivate vga console
[    1.834384] Console: switching to colour dummy device 80x25
[    1.834705] [drm] features: -virgl +edid -resource_blob -host_visible
[    1.834706] [drm] features: -context_init
[    1.835484] [drm] number of scanouts: 1
[    1.835652] [drm] number of cap sets: 0
[    1.836038] [drm] Initialized virtio_gpu 0.1.0 0 for 0000:00:02.0 on minor 0
[    1.837901] fbcon: virtio_gpudrmfb (fb0) is primary device
[    1.838342] Console: switching to colour frame buffer device 160x50
[    1.841036] virtio-pci 0000:00:02.0: [drm] fb0: virtio_gpudrmfb frame buffer device
[init-phase3] loading module=/lib/modules/6.8.0-101-generic/kernel/drivers/hid/hid.ko
[    1.845983] hid: raw HID events driver (C) Jiri Kosina
[init-phase3] loading module=/lib/modules/6.8.0-101-generic/kernel/drivers/hid/hid-generic.ko
[init-phase3] loading module=/lib/modules/6.8.0-101-generic/kernel/drivers/hid/usbhid/usbhid.ko
[    1.848645] usbcore: registered new interface driver usbhid
[    1.848891] usbhid: USB HID core driver
[init-phase3] loading module=/lib/modules/6.8.0-101-generic/kernel/drivers/hid/usbhid/usbkbd.ko
[    1.850127] usbcore: registered new interface driver usbkbd
[init-phase3] loading module=/lib/modules/6.8.0-101-generic/kernel/drivers/hid/usbhid/usbmouse.ko
[    1.851487] usbcore: registered new interface driver usbmouse
[init-phase3] loading module=/lib/modules/6.8.0-101-generic/kernel/drivers/input/mouse/psmouse.ko
[    1.854507] input: VirtualPS/2 VMware VMMouse as /devices/platform/i8042/serio1/input/input4
[init-phase3] loading module=/lib/modules/6.8.0-101-generic/kernel/drivers/usb/host/xhci-pci-renesas.ko
[    1.855566] input: VirtualPS/2 VMware VMMouse as /devices/platform/i8042/serio1/input/input3
[init-phase3] loading module=/lib/modules/6.8.0-101-generic/kernel/drivers/usb/host/xhci-pci.ko
[    1.857830] xhci_hcd 0000:00:03.0: xHCI Host Controller
[    1.858057] xhci_hcd 0000:00:03.0: new USB bus registered, assigned bus number 1
[    1.858502] xhci_hcd 0000:00:03.0: hcc params 0x00087001 hci version 0x100 quirks 0x0000000000000010
[    1.859156] xhci_hcd 0000:00:03.0: xHCI Host Controller
[    1.859384] xhci_hcd 0000:00:03.0: new USB bus registered, assigned bus number 2
[    1.859691] xhci_hcd 0000:00:03.0: Host supports USB 3.0 SuperSpeed
[    1.859989] usb usb1: New USB device found, idVendor=1d6b, idProduct=0002, bcdDevice= 6.08
[    1.860330] usb usb1: New USB device strings: Mfr=3, Product=2, SerialNumber=1
[    1.860628] usb usb1: Product: xHCI Host Controller
[    1.860835] usb usb1: Manufacturer: Linux 6.8.0-101-generic xhci-hcd
[    1.861098] usb usb1: SerialNumber: 0000:00:03.0
[    1.861340] hub 1-0:1.0: USB hub found
[    1.861514] hub 1-0:1.0: 4 ports detected
[    1.861778] usb usb2: We don't know the algorithms for LPM for this host, disabling LPM.
[    1.862123] usb usb2: New USB device found, idVendor=1d6b, idProduct=0003, bcdDevice= 6.08
[    1.862464] usb usb2: New USB device strings: Mfr=3, Product=2, SerialNumber=1
[    1.862760] usb usb2: Product: xHCI Host Controller
[    1.862966] usb usb2: Manufacturer: Linux 6.8.0-101-generic xhci-hcd
[    1.863227] usb usb2: SerialNumber: 0000:00:03.0
[    1.863489] hub 2-0:1.0: USB hub found
[    1.863699] hub 2-0:1.0: 4 ports detected
Starting systemd-udevd version 255.4-1ubuntu8.8
total 0
drwxr-xr-x    2 root     root            80 Mar  8 02:10 by-path
crw-rw----    1 root     video     226,   0 Mar  8 02:10 card0
crw-rw----    1 root     root      226, 128 Mar  8 02:10 renderD128
total 0
drwxr-xr-x    2 root     root           100 Mar  8 02:10 by-path
crw-rw----    1 root     input      13,  64 Mar  8 02:10 event0
crw-rw----    1 root     input      13,  65 Mar  8 02:10 event1
crw-rw----    1 root     input      13,  66 Mar  8 02:10 event2
crw-rw----    1 root     input      13,  67 Mar  8 02:10 event3
crw-rw----    1 root     input      13,  63 Mar  8 02:10 mice
crw-rw----    1 root     input      13,  32 Mar  8 02:10 mouse0
crw-rw----    1 root     input      13,  33 Mar  8 02:10 mouse1
[init-phase3] seatd pid=122
[init-phase3] weston pid=123
[init-phase3] wayland ready
Date: 2026-03-08 UTC
[02:10:25.978] weston 13.0.0
               https://wayland.freedesktop.org
               Bug reports to: https://gitlab.freedesktop.org/wayland/weston/issues/
               Build: 13.0.0
[02:10:25.978] Command line: /usr/bin/weston --backend=drm --renderer=pixman --shell=kiosk-shell.so --socket=wayland-1 --continue-without-input --log=/var/log/weston.log
[02:10:25.978] OS: Linux, 6.8.0-101-generic, #101-Ubuntu SMP PREEMPT_DYNAMIC Mon Feb  9 10:15:05 UTC 2026, x86_64
[02:10:25.978] Flight recorder: enabled
[02:10:25.978] Using config file '/etc/xdg/weston/weston.ini'
[02:10:25.978] Output repaint window is 7 ms maximum.
[02:10:25.978] Loading module '/usr/lib/x86_64-linux-gnu/libweston-13/drm-backend.so'
[02:10:25.979] initializing drm backend
[02:10:25.979] Trying libseat launcher...
[02:10:25.979] [libseat/libseat.c:62] Seat opened with backend 'seatd'
[02:10:25.979] [libseat/backend/seatd.c:212] Enabling seat
[02:10:25.979] libseat: session control granted
[02:10:25.979] using /dev/dri/card0
[02:10:25.979] DRM: supports atomic modesetting
[02:10:25.979] DRM: does not support GBM modifiers
[02:10:25.979] DRM: does not support async page flipping
[02:10:25.979] DRM: supports picture aspect ratio
[02:10:25.979] Using Pixman renderer
[02:10:25.981] event0  - Power Button: is tagged by udev as: Keyboard
[02:10:25.981] event0  - Power Button: device is a keyboard
[02:10:25.981] event1  - AT Translated Set 2 keyboard: is tagged by udev as: Keyboard
[02:10:25.981] event1  - AT Translated Set 2 keyboard: device is a keyboard
[02:10:25.982] event3  - VirtualPS/2 VMware VMMouse: is tagged by udev as: Mouse
[02:10:25.982] event3  - VirtualPS/2 VMware VMMouse: device is a pointer
[02:10:25.982] event2  - VirtualPS/2 VMware VMMouse: is tagged by udev as: Mouse
[02:10:25.982] event2  - VirtualPS/2 VMware VMMouse: device is a pointer
[02:10:25.985] libinput: configuring device "Power Button".
[02:10:25.985] libinput: configuring device "AT Translated Set 2 keyboard".
[02:10:25.985] libinput: configuring device "VirtualPS/2 VMware VMMouse".
[02:10:25.985] libinput: configuring device "VirtualPS/2 VMware VMMouse".
[02:10:25.985] input device event2 has no enabled output associated (none named), skipping calibration for now.
[02:10:25.985] DRM: head 'Virtual-1' found, connector 36 is connected, EDID make 'RHT', model 'QEMU Monitor', serial ''
               Supported EOTF modes: SDR
[02:10:25.985] Registered plugin API 'weston_drm_output_api_v1' of size 40
[02:10:25.985] Registered plugin API 'weston_drm_virtual_output_api_v2' of size 48
[02:10:25.985] Color manager: no-op
[02:10:25.985] Output 'Virtual-1' attempts EOTF mode: SDR
[02:10:25.985] Output 'Virtual-1' using color profile: stock sRGB color profile
[02:10:25.987] DRM: output Virtual-1 uses shadow framebuffer.
[02:10:25.987] Output Virtual-1 (crtc 35) video modes:
               1280x800@75.0, preferred, current, 107.3 MHz
               5120x2160@50.0 64:27, 742.5 MHz
               4096x2160@50.0 256:135, 594.0 MHz
               3840x2160@60.0 16:9, 594.0 MHz
               3840x2160@59.9 16:9, 593.4 MHz
               3840x2160@50.0 16:9, 594.0 MHz
               1920x1440@60.0, 234.0 MHz
               2560x1080@50.0 64:27, 185.6 MHz
               1856x1392@60.0, 218.2 MHz
               1792x1344@60.0, 204.8 MHz
               2048x1152@60.0, 162.0 MHz
               1920x1200@59.9, 193.2 MHz
               1920x1080@60.0, 148.5 MHz
               1920x1080@50.0 16:9, 148.5 MHz
               1600x1200@60.0, 162.0 MHz
               1680x1050@60.0, 146.2 MHz
               1400x1050@60.0, 121.8 MHz
               1280x1024@60.0, 108.0 MHz
               1440x900@59.9, 106.5 MHz
               1280x960@60.0, 108.0 MHz
               1360x768@60.0, 85.5 MHz
               1280x768@59.9, 79.5 MHz
               1024x768@60.0, 65.0 MHz
               800x600@60.3, 40.0 MHz
               640x480@60.0 4:3, 25.2 MHz
               640x480@59.9, 25.2 MHz
[02:10:25.987] associating input device event0 with output Virtual-1 (none by udev)
[02:10:25.987] associating input device event1 with output Virtual-1 (none by udev)
[02:10:25.987] associating input device event3 with output Virtual-1 (none by udev)
[02:10:25.987] associating input device event2 with output Virtual-1 (none by udev)
[02:10:25.987] Output 'Virtual-1' enabled with head(s) Virtual-1
[02:10:25.987] Compositor capabilities:
               arbitrary surface rotation: yes
               screen capture uses y-flip: no
               cursor planes: yes
               arbitrary resolutions: no
               view mask clipping: yes
               explicit sync: no
               color operations: no
               presentation clock: CLOCK_MONOTONIC, id 1
               presentation clock resolution: 0.000000001 s
[02:10:25.987] Loading module '/usr/lib/x86_64-linux-gnu/weston/kiosk-shell.so'
[init-phase3] launching chromium url=chrome://version runtime=15
[init-phase3] chromium pid=127
[    2.103799] usb 1-1: new high-speed USB device number 2 using xhci_hcd
[    2.235181] usb 1-1: New USB device found, idVendor=0627, idProduct=0001, bcdDevice= 0.00
[    2.235556] usb 1-1: New USB device strings: Mfr=1, Product=4, SerialNumber=11
[    2.235890] usb 1-1: Product: QEMU USB Keyboard
[    2.236094] usb 1-1: Manufacturer: QEMU
[    2.236267] usb 1-1: SerialNumber: 68284-0000:00:03.0-1
[    2.247547] input: QEMU QEMU USB Keyboard as /devices/pci0000:00/0000:00:03.0/usb1/1-1/1-1:1.0/0003:0627:0001.0001/input/input5
[    2.309421] hid-generic 0003:0627:0001.0001: input,hidraw0: USB HID v1.11 Keyboard [QEMU QEMU USB Keyboard] on usb-0000:00:03.0-1/input0
[    2.429845] usb 1-2: new high-speed USB device number 3 using xhci_hcd
[    2.562268] usb 1-2: New USB device found, idVendor=0627, idProduct=0001, bcdDevice= 0.00
[    2.562973] usb 1-2: New USB device strings: Mfr=1, Product=3, SerialNumber=10
[    2.563580] usb 1-2: Product: QEMU USB Tablet
[    2.563955] usb 1-2: Manufacturer: QEMU
[    2.564283] usb 1-2: SerialNumber: 28754-0000:00:03.0-2
[    2.565934] input: QEMU QEMU USB Tablet as /devices/pci0000:00/0000:00:03.0/usb1/1-2/1-2:1.0/0003:0627:0001.0002/input/input6
[    2.566931] hid-generic 0003:0627:0001.0002: input,hidraw1: USB HID v0.01 Mouse [QEMU QEMU USB Tablet] on usb-0000:00:03.0-2/input0
MESA-LOADER: failed to open dri: /usr/lib/x86_64-linux-gnu/gbm/dri_gbm.so: cannot open shared object file: No such file or directory (search paths /usr/lib/x86_64-linux-gnu/gbm, suffix _gbm)
[127:144:0308/021026.160898:ERROR:dbus/bus.cc:405] Failed to connect to the bus: Failed to connect to socket /run/dbus/system_bus_socket: No such file or directory
[127:144:0308/021026.164830:ERROR:dbus/bus.cc:405] Failed to connect to the bus: Could not parse server address: Unknown address type (examples of valid types are "tcp" and on UNIX "unix")
[127:144:0308/021026.164854:ERROR:dbus/bus.cc:405] Failed to connect to the bus: Failed to connect to socket /run/dbus/system_bus_socket: No such file or directory
[127:144:0308/021026.164862:ERROR:dbus/bus.cc:405] Failed to connect to the bus: Failed to connect to socket /run/dbus/system_bus_socket: No such file or directory
MESA-LOADER: failed to open dri: /usr/lib/x86_64-linux-gnu/gbm/dri_gbm.so: cannot open shared object file: No such file or directory (search paths /usr/lib/x86_64-linux-gnu/gbm, suffix _gbm)
[158:158:0308/021026.172771:ERROR:media/gpu/vaapi/vaapi_wrapper.cc:1626] vaInitialize failed: unknown libva error
[127:144:0308/021026.193569:ERROR:dbus/bus.cc:405] Failed to connect to the bus: Could not parse server address: Unknown address type (examples of valid types are "tcp" and on UNIX "unix")

(process:127): GLib-GIO-CRITICAL **: 02:10:26.206: g_settings_schema_source_lookup: assertion 'source != NULL' failed
[127:144:0308/021026.209560:ERROR:dbus/bus.cc:405] Failed to connect to the bus: Could not parse server address: Unknown address type (examples of valid types are "tcp" and on UNIX "unix")
[127:144:0308/021026.209569:ERROR:dbus/bus.cc:405] Failed to connect to the bus: Could not parse server address: Unknown address type (examples of valid types are "tcp" and on UNIX "unix")
[127:127:0308/021026.269000:ERROR:dbus/object_proxy.cc:572] Failed to call method: org.freedesktop.DBus.NameHasOwner: object_path= /org/freedesktop/DBus: unknown error type: 
[127:144:0308/021026.269320:ERROR:dbus/bus.cc:405] Failed to connect to the bus: Could not parse server address: Unknown address type (examples of valid types are "tcp" and on UNIX "unix")
[127:127:0308/021026.273326:ERROR:dbus/object_proxy.cc:572] Failed to call method: org.freedesktop.DBus.NameHasOwner: object_path= /org/freedesktop/DBus: unknown error type: 
[127:127:0308/021026.284853:ERROR:dbus/object_proxy.cc:572] Failed to call method: org.freedesktop.DBus.NameHasOwner: object_path= /org/freedesktop/DBus: unknown error type: 
[127:127:0308/021026.284968:ERROR:dbus/object_proxy.cc:572] Failed to call method: org.freedesktop.DBus.NameHasOwner: object_path= /org/freedesktop/DBus: unknown error type: 
[127:144:0308/021026.285018:ERROR:dbus/bus.cc:405] Failed to connect to the bus: Could not parse server address: Unknown address type (examples of valid types are "tcp" and on UNIX "unix")
[127:144:0308/021026.289966:ERROR:dbus/bus.cc:405] Failed to connect to the bus: Failed to connect to socket /run/dbus/system_bus_socket: No such file or directory
[127:127:0308/021026.290098:ERROR:dbus/object_proxy.cc:572] Failed to call method: org.freedesktop.DBus.NameHasOwner: object_path= /org/freedesktop/DBus: unknown error type: 
[127:144:0308/021026.290585:ERROR:dbus/bus.cc:405] Failed to connect to the bus: Failed to connect to socket /run/dbus/system_bus_socket: No such file or directory
[127:127:0308/021026.293121:ERROR:dbus/object_proxy.cc:572] Failed to call method: org.freedesktop.DBus.NameHasOwner: object_path= /org/freedesktop/DBus: unknown error type: 
[127:144:0308/021026.293465:ERROR:dbus/bus.cc:405] Failed to connect to the bus: Could not parse server address: Unknown address type (examples of valid types are "tcp" and on UNIX "unix")
[127:127:0308/021026.297496:ERROR:dbus/object_proxy.cc:572] Failed to call method: org.freedesktop.DBus.Properties.GetAll: object_path= /org/freedesktop/UPower/devices/DisplayDevice: unknown error type: 
[127:127:0308/021026.300442:ERROR:dbus/object_proxy.cc:572] Failed to call method: org.freedesktop.DBus.NameHasOwner: object_path= /org/freedesktop/DBus: unknown error type: 
[127:144:0308/021026.302176:ERROR:dbus/bus.cc:405] Failed to connect to the bus: Could not parse server address: Unknown address type (examples of valid types are "tcp" and on UNIX "unix")
[127:127:0308/021026.302497:ERROR:dbus/object_proxy.cc:572] Failed to call method: org.freedesktop.DBus.NameHasOwner: object_path= /org/freedesktop/DBus: unknown error type: 
[127:144:0308/021026.302522:ERROR:dbus/bus.cc:405] Failed to connect to the bus: Could not parse server address: Unknown address type (examples of valid types are "tcp" and on UNIX "unix")
[127:127:0308/021026.305281:ERROR:dbus/object_proxy.cc:572] Failed to call method: org.freedesktop.DBus.NameHasOwner: object_path= /org/freedesktop/DBus: unknown error type: 
[init-phase3] runtime limit reached, terminating chromium
[init-phase3] chromium exited
[   17.064784] ACPI: PM: Preparing to enter system sleep state S5
[   17.065843] reboot: Power down
