[    0.000000] Linux version 6.8.0-101-generic (buildd@lcy02-amd64-051) (x86_64-linux-gnu-gcc-13 (Ubuntu 13.3.0-6ubuntu2~24.04) 13.3.0, GNU ld (GNU Binutils for Ubuntu) 2.42) #101-Ubuntu SMP PREEMPT_DYNAMIC Mon Feb  9 10:15:05 UTC 2026 (Ubuntu 6.8.0-101.101-generic 6.8.12)
[    0.000000] Command line: console=ttyS0 panic=-1 no_console_suspend rdinit=/init
[    0.000000] KERNEL supported cpus:
[    0.000000]   Intel GenuineIntel
[    0.000000]   AMD AuthenticAMD
[    0.000000]   Hygon HygonGenuine
[    0.000000]   Centaur CentaurHauls
[    0.000000]   zhaoxin   Shanghai  
[    0.000000] BIOS-provided physical RAM map:
[    0.000000] BIOS-e820: [mem 0x0000000000000000-0x000000000009fbff] usable
[    0.000000] BIOS-e820: [mem 0x000000000009fc00-0x000000000009ffff] reserved
[    0.000000] BIOS-e820: [mem 0x00000000000f0000-0x00000000000fffff] reserved
[    0.000000] BIOS-e820: [mem 0x0000000000100000-0x000000003ffddfff] usable
[    0.000000] BIOS-e820: [mem 0x000000003ffde000-0x000000003fffffff] reserved
[    0.000000] BIOS-e820: [mem 0x00000000b0000000-0x00000000bfffffff] reserved
[    0.000000] BIOS-e820: [mem 0x00000000fed1c000-0x00000000fed1ffff] reserved
[    0.000000] BIOS-e820: [mem 0x00000000feffc000-0x00000000feffffff] reserved
[    0.000000] BIOS-e820: [mem 0x00000000fffc0000-0x00000000ffffffff] reserved
[    0.000000] NX (Execute Disable) protection: active
[    0.000000] APIC: Static calls initialized
[    0.000000] SMBIOS 3.0.0 present.
[    0.000000] DMI: QEMU Standard PC (Q35 + ICH9, 2009), BIOS 1.16.3-debian-1.16.3-2 04/01/2014
[    0.000000] Hypervisor detected: KVM
[    0.000000] kvm-clock: Using msrs 4b564d01 and 4b564d00
[    0.000000] kvm-clock: using sched offset of 271265141 cycles
[    0.000002] clocksource: kvm-clock: mask: 0xffffffffffffffff max_cycles: 0x1cd42e4dffb, max_idle_ns: 881590591483 ns
[    0.000004] tsc: Detected 2803.200 MHz processor
[    0.000660] last_pfn = 0x3ffde max_arch_pfn = 0x400000000
[    0.000696] MTRR map: 4 entries (3 fixed + 1 variable; max 19), built from 8 variable MTRRs
[    0.000699] x86/PAT: Configuration [0-7]: WB  WC  UC- UC  WB  WP  UC- WT  
[    0.005428] found SMP MP-table at [mem 0x000f5470-0x000f547f]
[    0.005640] Using GB pages for direct mapping
[    0.005957] RAMDISK: [mem 0x3ed23000-0x3ffcffff]
[    0.005965] ACPI: Early table checksum verification disabled
[    0.005968] ACPI: RSDP 0x00000000000F52B0 000014 (v00 BOCHS )
[    0.005972] ACPI: RSDT 0x000000003FFE2304 000038 (v01 BOCHS  BXPC     00000001 BXPC 00000001)
[    0.005977] ACPI: FACP 0x000000003FFE20FC 0000F4 (v03 BOCHS  BXPC     00000001 BXPC 00000001)
[    0.005982] ACPI: DSDT 0x000000003FFE0040 0020BC (v01 BOCHS  BXPC     00000001 BXPC 00000001)
[    0.005984] ACPI: FACS 0x000000003FFE0000 000040
[    0.005986] ACPI: APIC 0x000000003FFE21F0 000078 (v03 BOCHS  BXPC     00000001 BXPC 00000001)
[    0.005989] ACPI: HPET 0x000000003FFE2268 000038 (v01 BOCHS  BXPC     00000001 BXPC 00000001)
[    0.005991] ACPI: MCFG 0x000000003FFE22A0 00003C (v01 BOCHS  BXPC     00000001 BXPC 00000001)
[    0.005993] ACPI: WAET 0x000000003FFE22DC 000028 (v01 BOCHS  BXPC     00000001 BXPC 00000001)
[    0.005995] ACPI: Reserving FACP table memory at [mem 0x3ffe20fc-0x3ffe21ef]
[    0.005996] ACPI: Reserving DSDT table memory at [mem 0x3ffe0040-0x3ffe20fb]
[    0.005997] ACPI: Reserving FACS table memory at [mem 0x3ffe0000-0x3ffe003f]
[    0.005998] ACPI: Reserving APIC table memory at [mem 0x3ffe21f0-0x3ffe2267]
[    0.005998] ACPI: Reserving HPET table memory at [mem 0x3ffe2268-0x3ffe229f]
[    0.005999] ACPI: Reserving MCFG table memory at [mem 0x3ffe22a0-0x3ffe22db]
[    0.005999] ACPI: Reserving WAET table memory at [mem 0x3ffe22dc-0x3ffe2303]
[    0.006253] No NUMA configuration found
[    0.006253] Faking a node at [mem 0x0000000000000000-0x000000003ffddfff]
[    0.006258] NODE_DATA(0) allocated [mem 0x3ecf8000-0x3ed22fff]
[    0.006359] Zone ranges:
[    0.006359]   DMA      [mem 0x0000000000001000-0x0000000000ffffff]
[    0.006360]   DMA32    [mem 0x0000000001000000-0x000000003ffddfff]
[    0.006361]   Normal   empty
[    0.006362]   Device   empty
[    0.006363] Movable zone start for each node
[    0.006364] Early memory node ranges
[    0.006364]   node   0: [mem 0x0000000000001000-0x000000000009efff]
[    0.006365]   node   0: [mem 0x0000000000100000-0x000000003ffddfff]
[    0.006366] Initmem setup node 0 [mem 0x0000000000001000-0x000000003ffddfff]
[    0.006552] On node 0, zone DMA: 1 pages in unavailable ranges
[    0.006560] On node 0, zone DMA: 97 pages in unavailable ranges
[    0.008538] On node 0, zone DMA32: 34 pages in unavailable ranges
[    0.008782] ACPI: PM-Timer IO Port: 0x608
[    0.008794] ACPI: LAPIC_NMI (acpi_id[0xff] dfl dfl lint[0x1])
[    0.008824] IOAPIC[0]: apic_id 0, version 17, address 0xfec00000, GSI 0-23
[    0.008827] ACPI: INT_SRC_OVR (bus 0 bus_irq 0 global_irq 2 dfl dfl)
[    0.008828] ACPI: INT_SRC_OVR (bus 0 bus_irq 5 global_irq 5 high level)
[    0.008829] ACPI: INT_SRC_OVR (bus 0 bus_irq 9 global_irq 9 high level)
[    0.008830] ACPI: INT_SRC_OVR (bus 0 bus_irq 10 global_irq 10 high level)
[    0.008830] ACPI: INT_SRC_OVR (bus 0 bus_irq 11 global_irq 11 high level)
[    0.008833] ACPI: Using ACPI (MADT) for SMP configuration information
[    0.008834] ACPI: HPET id: 0x8086a201 base: 0xfed00000
[    0.008837] TSC deadline timer available
[    0.008838] smpboot: Allowing 1 CPUs, 0 hotplug CPUs
[    0.008854] kvm-guest: APIC: eoi() replaced with kvm_guest_apic_eoi_write()
[    0.008875] PM: hibernation: Registered nosave memory: [mem 0x00000000-0x00000fff]
[    0.008876] PM: hibernation: Registered nosave memory: [mem 0x0009f000-0x000fffff]
[    0.008878] [mem 0x40000000-0xafffffff] available for PCI devices
[    0.008879] Booting paravirtualized kernel on KVM
[    0.008880] clocksource: refined-jiffies: mask: 0xffffffff max_cycles: 0xffffffff, max_idle_ns: 1910969940391419 ns
[    0.008886] setup_percpu: NR_CPUS:8192 nr_cpumask_bits:1 nr_cpu_ids:1 nr_node_ids:1
[    0.009188] percpu: Embedded 86 pages/cpu s229376 r8192 d114688 u2097152
[    0.009242] kvm-guest: PV spinlocks disabled, single CPU
[    0.009244] Kernel command line: console=ttyS0 panic=-1 no_console_suspend rdinit=/init
[    0.009317] random: crng init done
[    0.009351] Dentry cache hash table entries: 131072 (order: 8, 1048576 bytes, linear)
[    0.009392] Inode-cache hash table entries: 65536 (order: 7, 524288 bytes, linear)
[    0.009425] Fallback order for Node 0: 0 
[    0.009427] Built 1 zonelists, mobility grouping on.  Total pages: 257758
[    0.009429] Policy zone: DMA32
[    0.009433] mem auto-init: stack:all(zero), heap alloc:on, heap free:off
[    0.011667] Memory: 956224K/1048048K available (22528K kernel code, 4439K rwdata, 14400K rodata, 4920K init, 4788K bss, 91564K reserved, 0K cma-reserved)
[    0.013004] SLUB: HWalign=64, Order=0-3, MinObjects=0, CPUs=1, Nodes=1
[    0.013024] ftrace: allocating 58250 entries in 228 pages
[    0.022321] ftrace: allocated 228 pages with 4 groups
[    0.023132] Dynamic Preempt: voluntary
[    0.023380] rcu: Preemptible hierarchical RCU implementation.
[    0.023381] rcu: 	RCU restricting CPUs from NR_CPUS=8192 to nr_cpu_ids=1.
[    0.023383] 	Trampoline variant of Tasks RCU enabled.
[    0.023383] 	Rude variant of Tasks RCU enabled.
[    0.023384] 	Tracing variant of Tasks RCU enabled.
[    0.023384] rcu: RCU calculated value of scheduler-enlistment delay is 100 jiffies.
[    0.023385] rcu: Adjusting geometry for rcu_fanout_leaf=16, nr_cpu_ids=1
[    0.023392] RCU Tasks: Setting shift to 0 and lim to 1 rcu_task_cb_adjust=1 rcu_task_cpu_ids=1.
[    0.023393] RCU Tasks Rude: Setting shift to 0 and lim to 1 rcu_task_cb_adjust=1 rcu_task_cpu_ids=1.
[    0.023394] RCU Tasks Trace: Setting shift to 0 and lim to 1 rcu_task_cb_adjust=1 rcu_task_cpu_ids=1.
[    0.025903] NR_IRQS: 524544, nr_irqs: 256, preallocated irqs: 16
[    0.026118] rcu: srcu_init: Setting srcu_struct sizes based on contention.
[    0.035868] Console: colour VGA+ 80x25
[    0.035916] printk: legacy console [ttyS0] enabled
[    0.099123] ACPI: Core revision 20230628
[    0.099559] clocksource: hpet: mask: 0xffffffff max_cycles: 0xffffffff, max_idle_ns: 19112604467 ns
[    0.100339] APIC: Switch to symmetric I/O mode setup
[    0.100973] x2apic enabled
[    0.101437] APIC: Switched APIC routing to: physical x2apic
[    0.102955] ..TIMER: vector=0x30 apic1=0 pin1=2 apic2=-1 pin2=-1
[    0.103456] clocksource: tsc-early: mask: 0xffffffffffffffff max_cycles: 0x28680fa287f, max_idle_ns: 440795281151 ns
[    0.105038] Calibrating delay loop (skipped) preset value.. 5606.40 BogoMIPS (lpj=2803200)
[    0.106159] x86/cpu: User Mode Instruction Prevention (UMIP) activated
[    0.107075] Last level iTLB entries: 4KB 0, 2MB 0, 4MB 0
[    0.107471] Last level dTLB entries: 4KB 0, 2MB 0, 4MB 0, 1GB 0
[    0.108042] Spectre V1 : Mitigation: usercopy/swapgs barriers and __user pointer sanitization
[    0.108664] Spectre V2 : Spectre BHI mitigation: SW BHB clearing on vm exit
[    0.109036] Spectre V2 : Spectre BHI mitigation: SW BHB clearing on syscall
[    0.109505] Spectre V2 : Mitigation: Enhanced / Automatic IBRS
[    0.110036] Spectre V2 : Spectre v2 / PBRSB-eIBRS: Retire a single CALL on VMEXIT
[    0.110810] Spectre V2 : mitigation: Enabling conditional Indirect Branch Prediction Barrier
[    0.111038] Speculative Store Bypass: Mitigation: Speculative Store Bypass disabled via prctl
[    0.112037] ITS: WARNING: ITS mitigation depends on retpoline and rethunk support
[    0.112606] ITS: Vulnerable
[    0.112841] x86/fpu: Supporting XSAVE feature 0x001: 'x87 floating point registers'
[    0.113036] x86/fpu: Supporting XSAVE feature 0x002: 'SSE registers'
[    0.113487] x86/fpu: Supporting XSAVE feature 0x004: 'AVX registers'
[    0.114036] x86/fpu: Supporting XSAVE feature 0x020: 'AVX-512 opmask'
[    0.114487] x86/fpu: Supporting XSAVE feature 0x040: 'AVX-512 Hi256'
[    0.115036] x86/fpu: Supporting XSAVE feature 0x080: 'AVX-512 ZMM_Hi256'
[    0.115499] x86/fpu: Supporting XSAVE feature 0x200: 'Protection Keys User registers'
[    0.116036] x86/fpu: xstate_offset[2]:  576, xstate_sizes[2]:  256
[    0.116507] x86/fpu: xstate_offset[5]:  832, xstate_sizes[5]:   64
[    0.117036] x86/fpu: xstate_offset[6]:  896, xstate_sizes[6]:  512
[    0.117471] x86/fpu: xstate_offset[7]: 1408, xstate_sizes[7]: 1024
[    0.118037] x86/fpu: xstate_offset[9]: 2432, xstate_sizes[9]:    8
[    0.118535] x86/fpu: Enabled xstate features 0x2e7, context size is 2440 bytes, using 'compacted' format.
[    0.146708] Freeing SMP alternatives memory: 48K
[    0.147038] pid_max: default: 32768 minimum: 301
[    0.147424] LSM: initializing lsm=lockdown,capability,landlock,yama,apparmor,integrity
[    0.148047] landlock: Up and running.
[    0.148301] Yama: becoming mindful.
[    0.148599] AppArmor: AppArmor initialized
[    0.148945] Mount-cache hash table entries: 2048 (order: 2, 16384 bytes, linear)
[    0.149038] Mountpoint-cache hash table entries: 2048 (order: 2, 16384 bytes, linear)
[    0.150292] smpboot: CPU0: 11th Gen Intel(R) Core(TM) i7-1165G7 @ 2.80GHz (family: 0x6, model: 0x8c, stepping: 0x1)
[    0.151055] Performance Events: Icelake events, full-width counters, Intel PMU driver.
[    0.151663] ... version:                2
[    0.152038] ... bit width:              48
[    0.152384] ... generic registers:      8
[    0.152697] ... value mask:             0000ffffffffffff
[    0.153037] ... max period:             00007fffffffffff
[    0.153423] ... fixed-purpose events:   3
[    0.153704] ... event mask:             00000007000000ff
[    0.154108] signal: max sigframe size: 3632
[    0.154420] rcu: Hierarchical SRCU implementation.
[    0.154756] rcu: 	Max phase no-delay instances is 400.
[    0.155256] smp: Bringing up secondary CPUs ...
[    0.155585] smp: Brought up 1 node, 1 CPU
[    0.155862] smpboot: Max logical packages: 1
[    0.156041] smpboot: Total of 1 processors activated (5606.40 BogoMIPS)
[    0.156646] devtmpfs: initialized
[    0.156927] x86/mm: Memory block size: 128MB
[    0.157332] clocksource: jiffies: mask: 0xffffffff max_cycles: 0xffffffff, max_idle_ns: 1911260446275000 ns
[    0.158048] futex hash table entries: 256 (order: 2, 16384 bytes, linear)
[    0.158655] pinctrl core: initialized pinctrl subsystem
[    0.159149] PM: RTC time: 00:23:07, date: 2026-03-08
[    0.160151] NET: Registered PF_NETLINK/PF_ROUTE protocol family
[    0.160682] DMA: preallocated 128 KiB GFP_KERNEL pool for atomic allocations
[    0.161046] DMA: preallocated 128 KiB GFP_KERNEL|GFP_DMA pool for atomic allocations
[    0.161581] DMA: preallocated 128 KiB GFP_KERNEL|GFP_DMA32 pool for atomic allocations
[    0.162045] audit: initializing netlink subsys (disabled)
[    0.162517] thermal_sys: Registered thermal governor 'fair_share'
[    0.162518] thermal_sys: Registered thermal governor 'bang_bang'
[    0.162939] thermal_sys: Registered thermal governor 'step_wise'
[    0.163037] thermal_sys: Registered thermal governor 'user_space'
[    0.163605] thermal_sys: Registered thermal governor 'power_allocator'
[    0.164044] audit: type=2000 audit(1772929387.536:1): state=initialized audit_enabled=0 res=1
[    0.165055] cpuidle: using governor ladder
[    0.165355] cpuidle: using governor menu
[    0.165644] acpiphp: ACPI Hot Plug PCI Controller Driver version: 0.5
[    0.166130] PCI: ECAM [mem 0xb0000000-0xbfffffff] (base 0xb0000000) for domain 0000 [bus 00-ff]
[    0.166706] PCI: ECAM [mem 0xb0000000-0xbfffffff] reserved as E820 entry
[    0.167045] PCI: Using configuration type 1 for base access
[    0.167508] kprobes: kprobe jump-optimization is enabled. All kprobes are optimized if possible.
[    0.201710] HugeTLB: registered 1.00 GiB page size, pre-allocated 0 pages
[    0.202037] HugeTLB: 16380 KiB vmemmap can be freed for a 1.00 GiB page
[    0.202488] HugeTLB: registered 2.00 MiB page size, pre-allocated 0 pages
[    0.202952] HugeTLB: 28 KiB vmemmap can be freed for a 2.00 MiB page
[    0.203645] ACPI: Added _OSI(Module Device)
[    0.204040] ACPI: Added _OSI(Processor Device)
[    0.204486] ACPI: Added _OSI(Processor Aggregator Device)
[    0.205803] ACPI: 1 ACPI AML tables successfully acquired and loaded
[    0.206718] ACPI: _OSC evaluation for CPUs failed, trying _PDC
[    0.207126] ACPI: Interpreter enabled
[    0.207394] ACPI: PM: (supports S0 S3 S4 S5)
[    0.207688] ACPI: Using IOAPIC for interrupt routing
[    0.208095] PCI: Using host bridge windows from ACPI; if necessary, use "pci=nocrs" and report a bug
[    0.208717] PCI: Using E820 reservations for host bridge windows
[    0.209113] ACPI: Enabled 2 GPEs in block 00 to 3F
[    0.211237] ACPI: PCI Root Bridge [PCI0] (domain 0000 [bus 00-ff])
[    0.211813] acpi PNP0A08:00: _OSC: OS supports [ExtendedConfig ASPM ClockPM Segments MSI EDR HPX-Type3]
[    0.212071] acpi PNP0A08:00: _OSC: platform does not support [PCIeHotplug LTR DPC]
[    0.212659] acpi PNP0A08:00: _OSC: OS now controls [SHPCHotplug PME AER PCIeCapability]
[    0.213149] PCI host bridge to bus 0000:00
[    0.213493] pci_bus 0000:00: root bus resource [io  0x0000-0x0cf7 window]
[    0.213998] pci_bus 0000:00: root bus resource [io  0x0d00-0xffff window]
[    0.214038] pci_bus 0000:00: root bus resource [mem 0x000a0000-0x000bffff window]
[    0.214600] pci_bus 0000:00: root bus resource [mem 0x40000000-0xafffffff window]
[    0.215037] pci_bus 0000:00: root bus resource [mem 0xc0000000-0xfebfffff window]
[    0.215658] pci_bus 0000:00: root bus resource [mem 0x100000000-0x8ffffffff window]
[    0.216040] pci_bus 0000:00: root bus resource [bus 00-ff]
[    0.216518] pci 0000:00:00.0: [8086:29c0] type 00 class 0x060000 conventional PCI endpoint
[    0.217419] pci 0000:00:01.0: [1af4:1000] type 00 class 0x020000 conventional PCI endpoint
[    0.218831] pci 0000:00:01.0: BAR 0 [io  0xc040-0xc05f]
[    0.219059] pci 0000:00:01.0: BAR 4 [mem 0xfe800000-0xfe803fff 64bit pref]
[    0.219929] pci 0000:00:01.0: ROM [mem 0xfeb00000-0xfeb7ffff pref]
[    0.220429] pci 0000:00:02.0: [1af4:1050] type 00 class 0x030000 conventional PCI endpoint
[    0.222055] pci 0000:00:02.0: BAR 0 [mem 0xfe000000-0xfe7fffff pref]
[    0.223055] pci 0000:00:02.0: BAR 2 [mem 0xfe804000-0xfe807fff 64bit pref]
[    0.223567] pci 0000:00:02.0: BAR 4 [mem 0xfeb94000-0xfeb94fff]
[    0.224010] pci 0000:00:02.0: ROM [mem 0xfeb80000-0xfeb8ffff pref]
[    0.224083] pci 0000:00:02.0: Video device with shadowed ROM at [mem 0x000c0000-0x000dffff]
[    0.225031] pci 0000:00:03.0: [1b36:000d] type 00 class 0x0c0330 PCIe Root Complex Integrated Endpoint
[    0.225415] pci 0000:00:03.0: BAR 0 [mem 0xfeb90000-0xfeb93fff 64bit]
[    0.234024] pci 0000:00:1f.0: [8086:2918] type 00 class 0x060100 conventional PCI endpoint
[    0.234250] pci 0000:00:1f.0: quirk: [io  0x0600-0x067f] claimed by ICH6 ACPI/GPIO/TCO
[    0.235023] pci 0000:00:1f.2: [8086:2922] type 00 class 0x010601 conventional PCI endpoint
[    0.235650] pci 0000:00:1f.2: BAR 4 [io  0xc060-0xc07f]
[    0.236045] pci 0000:00:1f.2: BAR 5 [mem 0xfeb95000-0xfeb95fff]
[    0.237297] pci 0000:00:1f.3: [8086:2930] type 00 class 0x0c0500 conventional PCI endpoint
[    0.238301] pci 0000:00:1f.3: BAR 4 [io  0x0700-0x073f]
[    0.239071] ACPI: PCI: Interrupt link LNKA configured for IRQ 10
[    0.239540] ACPI: PCI: Interrupt link LNKB configured for IRQ 10
[    0.240026] ACPI: PCI: Interrupt link LNKC configured for IRQ 11
[    0.240086] ACPI: PCI: Interrupt link LNKD configured for IRQ 11
[    0.240546] ACPI: PCI: Interrupt link LNKE configured for IRQ 10
[    0.240999] ACPI: PCI: Interrupt link LNKF configured for IRQ 10
[    0.241084] ACPI: PCI: Interrupt link LNKG configured for IRQ 11
[    0.241537] ACPI: PCI: Interrupt link LNKH configured for IRQ 11
[    0.241977] ACPI: PCI: Interrupt link GSIA configured for IRQ 16
[    0.242057] ACPI: PCI: Interrupt link GSIB configured for IRQ 17
[    0.242780] ACPI: PCI: Interrupt link GSIC configured for IRQ 18
[    0.243043] ACPI: PCI: Interrupt link GSID configured for IRQ 19
[    0.243622] ACPI: PCI: Interrupt link GSIE configured for IRQ 20
[    0.244044] ACPI: PCI: Interrupt link GSIF configured for IRQ 21
[    0.244473] ACPI: PCI: Interrupt link GSIG configured for IRQ 22
[    0.244935] ACPI: PCI: Interrupt link GSIH configured for IRQ 23
[    0.245286] iommu: Default domain type: Translated
[    0.245651] iommu: DMA domain TLB invalidation policy: lazy mode
[    0.246145] SCSI subsystem initialized
[    0.246442] ACPI: bus type USB registered
[    0.246727] usbcore: registered new interface driver usbfs
[    0.247041] usbcore: registered new interface driver hub
[    0.248040] usbcore: registered new device driver usb
[    0.248415] pps_core: LinuxPPS API ver. 1 registered
[    0.248945] pps_core: Software ver. 5.3.6 - Copyright 2005-2007 Rodolfo Giometti <giometti@linux.it>
[    0.249046] PTP clock support registered
[    0.249398] EDAC MC: Ver: 3.0.0
[    0.249949] NetLabel: Initializing
[    0.250037] NetLabel:  domain hash size = 128
[    0.250342] NetLabel:  protocols = UNLABELED CIPSOv4 CALIPSO
[    0.250750] NetLabel:  unlabeled traffic allowed by default
[    0.251067] mctp: management component transport protocol core
[    0.251478] NET: Registered PF_MCTP protocol family
[    0.251958] PCI: Using ACPI for IRQ routing
[    0.367649] pci 0000:00:02.0: vgaarb: setting as boot VGA device
[    0.368035] pci 0000:00:02.0: vgaarb: bridge control possible
[    0.368035] pci 0000:00:02.0: vgaarb: VGA device added: decodes=io+mem,owns=io+mem,locks=none
[    0.368038] vgaarb: loaded
[    0.368282] hpet0: at MMIO 0xfed00000, IRQs 2, 8, 0
[    0.368585] hpet0: 3 comparators, 64-bit 100.000000 MHz counter
[    0.376071] clocksource: Switched to clocksource kvm-clock
[    0.377183] VFS: Disk quotas dquot_6.6.0
[    0.377560] VFS: Dquot-cache hash table entries: 512 (order 0, 4096 bytes)
[    0.378288] AppArmor: AppArmor Filesystem Enabled
[    0.378663] pnp: PnP ACPI init
[    0.379028] system 00:05: [mem 0xb0000000-0xbfffffff window] has been reserved
[    0.379699] pnp: PnP ACPI: found 6 devices
[    0.385131] clocksource: acpi_pm: mask: 0xffffff max_cycles: 0xffffff, max_idle_ns: 2085701024 ns
[    0.385871] NET: Registered PF_INET protocol family
[    0.386276] IP idents hash table entries: 16384 (order: 5, 131072 bytes, linear)
[    0.397324] tcp_listen_portaddr_hash hash table entries: 512 (order: 1, 8192 bytes, linear)
[    0.397970] Table-perturb hash table entries: 65536 (order: 6, 262144 bytes, linear)
[    0.398521] TCP established hash table entries: 8192 (order: 4, 65536 bytes, linear)
[    0.399081] TCP bind hash table entries: 8192 (order: 6, 262144 bytes, linear)
[    0.399586] TCP: Hash tables configured (established 8192 bind 8192)
[    0.400062] MPTCP token hash table entries: 1024 (order: 2, 24576 bytes, linear)
[    0.400573] UDP hash table entries: 512 (order: 2, 16384 bytes, linear)
[    0.401061] UDP-Lite hash table entries: 512 (order: 2, 16384 bytes, linear)
[    0.401582] NET: Registered PF_UNIX/PF_LOCAL protocol family
[    0.402059] NET: Registered PF_XDP protocol family
[    0.402455] pci_bus 0000:00: resource 4 [io  0x0000-0x0cf7 window]
[    0.403084] pci_bus 0000:00: resource 5 [io  0x0d00-0xffff window]
[    0.403553] pci_bus 0000:00: resource 6 [mem 0x000a0000-0x000bffff window]
[    0.404060] pci_bus 0000:00: resource 7 [mem 0x40000000-0xafffffff window]
[    0.404569] pci_bus 0000:00: resource 8 [mem 0xc0000000-0xfebfffff window]
[    0.405052] pci_bus 0000:00: resource 9 [mem 0x100000000-0x8ffffffff window]
[    0.405720] ACPI: \_SB_.GSIH: Enabled at IRQ 23
[    0.406508] PCI: CLS 0 bytes, default 64
[    0.406861] Trying to unpack rootfs image as initramfs...
[    0.408033] clocksource: tsc: mask: 0xffffffffffffffff max_cycles: 0x28680fa287f, max_idle_ns: 440795281151 ns
[    0.410100] Initialise system trusted keyrings
[    0.410438] Key type blacklist registered
[    0.412014] workingset: timestamp_bits=36 max_order=18 bucket_order=0
[    0.412636] zbud: loaded
[    0.414051] squashfs: version 4.0 (2009/01/31) Phillip Lougher
[    0.414547] fuse: init (API version 7.39)
[    0.416045] integrity: Platform Keyring initialized
[    0.416456] integrity: Machine keyring initialized
[    0.431993] Key type asymmetric registered
[    0.432346] Asymmetric key parser 'x509' registered
[    0.432719] Block layer SCSI generic (bsg) driver version 0.4 loaded (major 243)
[    0.435014] io scheduler mq-deadline registered
[    0.436225] shpchp: Standard Hot Plug PCI Controller Driver version: 0.4
[    0.436848] input: Power Button as /devices/LNXSYSTM:00/LNXPWRBN:00/input/input0
[    0.439132] ACPI: button: Power Button [PWRF]
[    0.441167] ACPI: \_SB_.GSIF: Enabled at IRQ 21
[    0.443221] ACPI: \_SB_.GSIG: Enabled at IRQ 22
[    0.445938] Serial: 8250/16550 driver, 32 ports, IRQ sharing enabled
[    0.492144] 00:03: ttyS0 at I/O 0x3f8 (irq = 4, base_baud = 115200) is a 16550A
[    0.496042] Linux agpgart interface v0.103
[    0.499671] loop: module loaded
[    0.501271] ACPI: bus type drm_connector registered
[    0.501762] tun: Universal TUN/TAP device driver, 1.6
[    0.506193] PPP generic driver version 2.4.2
[    0.506632] i8042: PNP: PS/2 Controller [PNP0303:KBD,PNP0f13:MOU] at 0x60,0x64 irq 1,12
[    0.508424] serio: i8042 KBD port at 0x60,0x64 irq 1
[    0.508758] serio: i8042 AUX port at 0x60,0x64 irq 12
[    0.510105] mousedev: PS/2 mouse device common for all mice
[    0.513174] input: AT Translated Set 2 keyboard as /devices/platform/i8042/serio0/input/input1
[    0.514077] rtc_cmos 00:04: RTC can wake from S4
[    0.516039] rtc_cmos 00:04: registered as rtc0
[    0.516408] rtc_cmos 00:04: setting system clock to 2026-03-08T00:23:07 UTC (1772929387)
[    0.518425] rtc_cmos 00:04: alarms up to one day, y3k, 242 bytes nvram, hpet irqs
[    0.519054] i2c_dev: i2c /dev entries driver
[    0.519419] device-mapper: core: CONFIG_IMA_DISABLE_HTABLE is disabled. Duplicate IMA measurements will not be recorded in the IMA log.
[    0.521960] device-mapper: uevent: version 1.0.3
[    0.522355] device-mapper: ioctl: 4.48.0-ioctl (2023-03-01) initialised: dm-devel@redhat.com
[    0.522977] intel_pstate: CPU model not supported
[    0.524003] ledtrig-cpu: registered to indicate activity on CPUs
[    0.524478] drop_monitor: Initializing network drop monitor service
[    0.528327] NET: Registered PF_INET6 protocol family
[    0.687682] Freeing initrd memory: 19124K
[    0.688226] Segment Routing with IPv6
[    0.688531] In-situ OAM (IOAM) with IPv6
[    0.688858] NET: Registered PF_PACKET protocol family
[    0.689245] Key type dns_resolver registered
[    0.689677] IPI shorthand broadcast: enabled
[    0.691382] sched_clock: Marking stable (615029184, 75911099)->(715168866, -24228583)
[    0.692041] registered taskstats version 1
[    0.692386] Loading compiled-in X.509 certificates
[    0.693232] Loaded X.509 cert 'Build time autogenerated kernel key: 7f71bdefc17a4d88631555bf9efbb1c93d6f5260'
[    0.694497] Loaded X.509 cert 'Canonical Ltd. Live Patch Signing 2025 Kmod: d541cef61dc7e793b7eb7e899970a2eef0b5dc8c'
[    0.695796] Loaded X.509 cert 'Canonical Ltd. Live Patch Signing: 14df34d1a87cf37625abec039ef2bf521249b969'
[    0.697342] Loaded X.509 cert 'Canonical Ltd. Kernel Module Signing: 88f752e560a1e0737e31163a466ad7b70a850c19'
[    0.698119] blacklist: Loading compiled-in revocation X.509 certificates
[    0.698881] Loaded X.509 cert 'Canonical Ltd. Secure Boot Signing: 61482aa2830d0ab2ad5af10b7250da9033ddcef0'
[    0.699769] Loaded X.509 cert 'Canonical Ltd. Secure Boot Signing (2017): 242ade75ac4a15e50d50c84b0d45ff3eae707a03'
[    0.700517] Loaded X.509 cert 'Canonical Ltd. Secure Boot Signing (ESM 2018): 365188c1d374d6b07c3c8f240f8ef722433d6a8b'
[    0.701264] Loaded X.509 cert 'Canonical Ltd. Secure Boot Signing (2019): c0746fd6c5da3ae827864651ad66ae47fe24b3e8'
[    0.702014] Loaded X.509 cert 'Canonical Ltd. Secure Boot Signing (2021 v1): a8d54bbb3825cfb94fa13c9f8a594a195c107b8d'
[    0.702950] Loaded X.509 cert 'Canonical Ltd. Secure Boot Signing (2021 v2): 4cf046892d6fd3c9a5b03f98d845f90851dc6a8c'
[    0.703947] Loaded X.509 cert 'Canonical Ltd. Secure Boot Signing (2021 v3): 100437bb6de6e469b581e61cd66bce3ef4ed53af'
[    0.704712] Loaded X.509 cert 'Canonical Ltd. Secure Boot Signing (Ubuntu Core 2019): c1d57b8f6b743f23ee41f4f7ee292f06eecadfb9'
[    0.707667] Key type .fscrypt registered
[    0.707966] Key type fscrypt-provisioning registered
[    0.708483] Key type encrypted registered
[    0.708766] AppArmor: AppArmor sha256 policy hashing enabled
[    0.709172] ima: No TPM chip found, activating TPM-bypass!
[    0.709550] Loading compiled-in module X.509 certificates
[    0.710320] Loaded X.509 cert 'Build time autogenerated kernel key: 7f71bdefc17a4d88631555bf9efbb1c93d6f5260'
[    0.711459] ima: Allocated hash algorithm: sha256
[    0.711818] ima: No architecture policies found
[    0.712198] evm: Initialising EVM extended attributes:
[    0.712568] evm: security.selinux
[    0.712820] evm: security.SMACK64
[    0.713058] evm: security.SMACK64EXEC
[    0.713311] evm: security.SMACK64TRANSMUTE
[    0.713623] evm: security.SMACK64MMAP
[    0.713900] evm: security.apparmor
[    0.714154] evm: security.ima
[    0.714365] evm: security.capability
[    0.714644] evm: HMAC attrs: 0x1
[    0.715070] PM:   Magic number: 2:401:354
[    0.715366] input event0: hash matches
[    0.717812] RAS: Correctable Errors collector initialized.
[    0.718378] clk: Disabling unused clocks
[    0.725437] Freeing unused decrypted memory: 2028K
[    0.726086] Freeing unused kernel image (initmem) memory: 4920K
[    0.726375] Write protecting the kernel read-only data: 38912k
[    0.726992] Freeing unused kernel image (rodata/data gap) memory: 1984K
[    0.736716] x86/mm: Checked W+X mappings: passed, no W+X pages found.
[    0.737172] Run /init as init process
[init-phase2] booted
[init-phase2] loading module=/lib/modules/6.8.0-101-generic/kernel/drivers/virtio/virtio_dma_buf.ko
[init-phase2] loading module=/lib/modules/6.8.0-101-generic/kernel/drivers/gpu/drm/virtio/virtio-gpu.ko
[    0.744409] [drm] pci: virtio-vga detected at 0000:00:02.0
[    0.744759] virtio-pci 0000:00:02.0: vgaarb: deactivate vga console
[    0.750511] Console: switching to colour dummy device 80x25
[    0.750918] [drm] features: -virgl +edid -resource_blob -host_visible
[    0.750919] [drm] features: -context_init
[    0.751835] [drm] number of scanouts: 1
[    0.752076] [drm] number of cap sets: 0
[    0.752449] [drm] Initialized virtio_gpu 0.1.0 0 for 0000:00:02.0 on minor 0
[    0.754723] fbcon: virtio_gpudrmfb (fb0) is primary device
[    0.757285] Console: switching to colour frame buffer device 160x50
[    0.758860] virtio-pci 0000:00:02.0: [drm] fb0: virtio_gpudrmfb frame buffer device
[init-phase2] loading module=/lib/modules/6.8.0-101-generic/kernel/drivers/hid/hid.ko
[    0.764448] hid: raw HID events driver (C) Jiri Kosina
[init-phase2] loading module=/lib/modules/6.8.0-101-generic/kernel/drivers/hid/hid-generic.ko
[init-phase2] loading module=/lib/modules/6.8.0-101-generic/kernel/drivers/hid/usbhid/usbhid.ko
[    0.767562] usbcore: registered new interface driver usbhid
[    0.767845] usbhid: USB HID core driver
[init-phase2] loading module=/lib/modules/6.8.0-101-generic/kernel/drivers/hid/usbhid/usbkbd.ko
[    0.769464] usbcore: registered new interface driver usbkbd
[init-phase2] loading module=/lib/modules/6.8.0-101-generic/kernel/drivers/hid/usbhid/usbmouse.ko
[    0.771846] usbcore: registered new interface driver usbmouse
[init-phase2] loading module=/lib/modules/6.8.0-101-generic/kernel/drivers/input/mouse/psmouse.ko
[    0.775602] input: VirtualPS/2 VMware VMMouse as /devices/platform/i8042/serio1/input/input4
[    0.776148] input: VirtualPS/2 VMware VMMouse as /devices/platform/i8042/serio1/input/input3
[init-phase2] loading module=/lib/modules/6.8.0-101-generic/kernel/drivers/usb/host/xhci-pci-renesas.ko
[init-phase2] loading module=/lib/modules/6.8.0-101-generic/kernel/drivers/usb/host/xhci-pci.ko
[    0.779688] xhci_hcd 0000:00:03.0: xHCI Host Controller
[    0.780011] xhci_hcd 0000:00:03.0: new USB bus registered, assigned bus number 1
[    0.780613] xhci_hcd 0000:00:03.0: hcc params 0x00087001 hci version 0x100 quirks 0x0000000000000010
[    0.781459] xhci_hcd 0000:00:03.0: xHCI Host Controller
[    0.781719] xhci_hcd 0000:00:03.0: new USB bus registered, assigned bus number 2
[    0.782105] xhci_hcd 0000:00:03.0: Host supports USB 3.0 SuperSpeed
[    0.782443] usb usb1: New USB device found, idVendor=1d6b, idProduct=0002, bcdDevice= 6.08
[    0.782832] usb usb1: New USB device strings: Mfr=3, Product=2, SerialNumber=1
[    0.783175] usb usb1: Product: xHCI Host Controller
[    0.783408] usb usb1: Manufacturer: Linux 6.8.0-101-generic xhci-hcd
[    0.783705] usb usb1: SerialNumber: 0000:00:03.0
[    0.784006] hub 1-0:1.0: USB hub found
[    0.784204] hub 1-0:1.0: 4 ports detected
[    0.784508] usb usb2: We don't know the algorithms for LPM for this host, disabling LPM.
[    0.784937] usb usb2: New USB device found, idVendor=1d6b, idProduct=0003, bcdDevice= 6.08
[    0.785322] usb usb2: New USB device strings: Mfr=3, Product=2, SerialNumber=1
[    0.785684] usb usb2: Product: xHCI Host Controller
[    0.785929] usb usb2: Manufacturer: Linux 6.8.0-101-generic xhci-hcd
[    0.786227] usb usb2: SerialNumber: 0000:00:03.0
[    0.786502] hub 2-0:1.0: USB hub found
[    0.786700] hub 2-0:1.0: 4 ports detected
Starting systemd-udevd version 255.4-1ubuntu8.8
total 0
drwxr-xr-x    2 root     root            80 Mar  8 00:23 by-path
crw-rw----    1 root     video     226,   0 Mar  8 00:23 card0
crw-rw----    1 root     root      226, 128 Mar  8 00:23 renderD128
total 0
drwxr-xr-x    2 root     root           100 Mar  8 00:23 by-path
crw-rw----    1 root     input      13,  64 Mar  8 00:23 event0
crw-rw----    1 root     input      13,  65 Mar  8 00:23 event1
crw-rw----    1 root     input      13,  66 Mar  8 00:23 event2
crw-rw----    1 root     input      13,  67 Mar  8 00:23 event3
crw-rw----    1 root     input      13,  63 Mar  8 00:23 mice
crw-rw----    1 root     input      13,  32 Mar  8 00:23 mouse0
crw-rw----    1 root     input      13,  33 Mar  8 00:23 mouse1
[init-phase2] seatd pid=119
[init-phase2] weston pid=120
[init-phase2] wayland ready
Date: 2026-03-08 UTC
[00:23:07.812] weston 13.0.0
               https://wayland.freedesktop.org
               Bug reports to: https://gitlab.freedesktop.org/wayland/weston/issues/
               Build: 13.0.0
[00:23:07.812] Command line: /usr/bin/weston --backend=drm --renderer=pixman --shell=kiosk-shell.so --socket=wayland-1 --continue-without-input --log=/var/log/weston.log
[00:23:07.812] OS: Linux, 6.8.0-101-generic, #101-Ubuntu SMP PREEMPT_DYNAMIC Mon Feb  9 10:15:05 UTC 2026, x86_64
[00:23:07.812] Flight recorder: enabled
[00:23:07.812] Using config file '/etc/xdg/weston/weston.ini'
[00:23:07.812] Output repaint window is 7 ms maximum.
[00:23:07.812] Loading module '/usr/lib/x86_64-linux-gnu/libweston-13/drm-backend.so'
[00:23:07.813] initializing drm backend
[00:23:07.813] Trying libseat launcher...
[00:23:07.813] [libseat/libseat.c:62] Seat opened with backend 'seatd'
[00:23:07.813] [libseat/backend/seatd.c:212] Enabling seat
[00:23:07.813] libseat: session control granted
[00:23:07.814] using /dev/dri/card0
[00:23:07.814] DRM: supports atomic modesetting
[00:23:07.814] DRM: does not support GBM modifiers
[00:23:07.814] DRM: does not support async page flipping
[00:23:07.814] DRM: supports picture aspect ratio
[00:23:07.814] Using Pixman renderer
[00:23:07.816] event0  - Power Button: is tagged by udev as: Keyboard
[00:23:07.816] event0  - Power Button: device is a keyboard
[00:23:07.816] event1  - AT Translated Set 2 keyboard: is tagged by udev as: Keyboard
[00:23:07.816] event1  - AT Translated Set 2 keyboard: device is a keyboard
[00:23:07.817] event3  - VirtualPS/2 VMware VMMouse: is tagged by udev as: Mouse
[00:23:07.817] event3  - VirtualPS/2 VMware VMMouse: device is a pointer
[00:23:07.817] event2  - VirtualPS/2 VMware VMMouse: is tagged by udev as: Mouse
[00:23:07.818] event2  - VirtualPS/2 VMware VMMouse: device is a pointer
[00:23:07.821] libinput: configuring device "Power Button".
[00:23:07.821] libinput: configuring device "AT Translated Set 2 keyboard".
[00:23:07.821] libinput: configuring device "VirtualPS/2 VMware VMMouse".
[00:23:07.821] libinput: configuring device "VirtualPS/2 VMware VMMouse".
[00:23:07.821] input device event2 has no enabled output associated (none named), skipping calibration for now.
[00:23:07.821] DRM: head 'Virtual-1' found, connector 36 is connected, EDID make 'RHT', model 'QEMU Monitor', serial ''
               Supported EOTF modes: SDR
[00:23:07.821] Registered plugin API 'weston_drm_output_api_v1' of size 40
[00:23:07.821] Registered plugin API 'weston_drm_virtual_output_api_v2' of size 48
[00:23:07.821] Color manager: no-op
[00:23:07.821] Output 'Virtual-1' attempts EOTF mode: SDR
[00:23:07.821] Output 'Virtual-1' using color profile: stock sRGB color profile
[00:23:07.823] DRM: output Virtual-1 uses shadow framebuffer.
[00:23:07.823] Output Virtual-1 (crtc 35) video modes:
               1280x800@75.0, preferred, current, 107.3 MHz
               5120x2160@50.0 64:27, 742.5 MHz
               4096x2160@50.0 256:135, 594.0 MHz
               3840x2160@60.0 16:9, 594.0 MHz
               3840x2160@59.9 16:9, 593.4 MHz
               3840x2160@50.0 16:9, 594.0 MHz
               1920x1440@60.0, 234.0 MHz
               2560x1080@50.0 64:27, 185.6 MHz
               1856x1392@60.0, 218.2 MHz
               1792x1344@60.0, 204.8 MHz
               2048x1152@60.0, 162.0 MHz
               1920x1200@59.9, 193.2 MHz
               1920x1080@60.0, 148.5 MHz
               1920x1080@50.0 16:9, 148.5 MHz
               1600x1200@60.0, 162.0 MHz
               1680x1050@60.0, 146.2 MHz
               1400x1050@60.0, 121.8 MHz
               1280x1024@60.0, 108.0 MHz
               1440x900@59.9, 106.5 MHz
               1280x960@60.0, 108.0 MHz
               1360x768@60.0, 85.5 MHz
               1280x768@59.9, 79.5 MHz
               1024x768@60.0, 65.0 MHz
               800x600@60.3, 40.0 MHz
               640x480@60.0 4:3, 25.2 MHz
               640x480@59.9, 25.2 MHz
[00:23:07.823] associating input device event0 with output Virtual-1 (none by udev)
[00:23:07.823] associating input device event1 with output Virtual-1 (none by udev)
[00:23:07.823] associating input device event3 with output Virtual-1 (none by udev)
[00:23:07.823] associating input device event2 with output Virtual-1 (none by udev)
[00:23:07.823] Output 'Virtual-1' enabled with head(s) Virtual-1
[00:23:07.823] Compositor capabilities:
               arbitrary surface rotation: yes
               screen capture uses y-flip: no
               cursor planes: yes
               arbitrary resolutions: no
               view mask clipping: yes
               explicit sync: no
               color operations: no
               presentation clock: CLOCK_MONOTONIC, id 1
               presentation clock resolution: 0.000000001 s
[00:23:07.823] Loading module '/usr/lib/x86_64-linux-gnu/weston/kiosk-shell.so'
[init-phase2] launching client=/bin/wl_sleepdemo args=--idle-seconds 5 --max-suspend-cycles 1 --wake-seconds 5 --pm-test devices
@@LOG kind=state global name=1 interface=wl_compositor version=5
@@LOG kind=state global name=2 interface=wl_subcompositor version=1
@@LOG kind=state global name=3 interface=wp_viewporter version=1
@@LOG kind=state global name=4 interface=zxdg_output_manager_v1 version=2
@@LOG kind=state global name=5 interface=wp_presentation version=1
@@LOG kind=state global name=6 interface=wp_single_pixel_buffer_manager_v1 version=1
@@LOG kind=state global name=7 interface=wp_tearing_control_manager_v1 version=1
@@LOG kind=state global name=8 interface=zwp_relative_pointer_manager_v1 version=1
@@LOG kind=state global name=9 interface=zwp_pointer_constraints_v1 version=1
@@LOG kind=state global name=10 interface=zwp_input_timestamps_manager_v1 version=1
@@LOG kind=state global name=11 interface=weston_capture_v1 version=1
@@LOG kind=state global name=12 interface=wl_data_device_manager version=3
@@LOG kind=state global name=13 interface=wl_shm version=1
@@LOG kind=state global name=14 interface=wl_seat version=7
@@LOG kind=state global name=15 interface=weston_content_protection version=1
@@LOG kind=state global name=16 interface=wl_output version=4
@@LOG kind=state global name=17 interface=xdg_wm_base version=5
@@LOG kind=state seat-listener-added
@@LOG kind=state keyboard-bound-fallback
@@LOG kind=state pointer-bound-fallback
@@LOG kind=state socket-hup
[    1.024958] usb 1-1: new high-speed USB device number 2 using xhci_hcd
[    1.151207] usb 1-1: New USB device found, idVendor=0627, idProduct=0001, bcdDevice= 0.00
[    1.151652] usb 1-1: New USB device strings: Mfr=1, Product=4, SerialNumber=11
[    1.152047] usb 1-1: Product: QEMU USB Keyboard
[    1.152301] usb 1-1: Manufacturer: QEMU
[    1.152733] usb 1-1: SerialNumber: 68284-0000:00:03.0-1
[    1.153669] input: QEMU QEMU USB Keyboard as /devices/pci0000:00/0000:00:03.0/usb1/1-1/1-1:1.0/0003:0627:0001.0001/input/input5
[    1.206110] hid-generic 0003:0627:0001.0001: input,hidraw0: USB HID v1.11 Keyboard [QEMU QEMU USB Keyboard] on usb-0000:00:03.0-1/input0
[    1.320961] usb 1-2: new high-speed USB device number 3 using xhci_hcd
[    1.447205] usb 1-2: New USB device found, idVendor=0627, idProduct=0001, bcdDevice= 0.00
[    1.447610] usb 1-2: New USB device strings: Mfr=1, Product=3, SerialNumber=10
[    1.447966] usb 1-2: Product: QEMU USB Tablet
[    1.448192] usb 1-2: Manufacturer: QEMU
[    1.448376] usb 1-2: SerialNumber: 28754-0000:00:03.0-2
[    1.449423] input: QEMU QEMU USB Tablet as /devices/pci0000:00/0000:00:03.0/usb1/1-2/1-2:1.0/0003:0627:0001.0002/input/input6
[    1.450063] hid-generic 0003:0627:0001.0002: input,hidraw1: USB HID v0.01 Mouse [QEMU QEMU USB Tablet] on usb-0000:00:03.0-2/input0
@@LOG kind=state socket-hup
@@LOG kind=state socket-hup
@@LOG kind=state socket-hup
@@LOG kind=state connected
@@LOG kind=state socket-hup
