[    0.000000] Linux version 6.8.0-101-generic (buildd@lcy02-amd64-051) (x86_64-linux-gnu-gcc-13 (Ubuntu 13.3.0-6ubuntu2~24.04) 13.3.0, GNU ld (GNU Binutils for Ubuntu) 2.42) #101-Ubuntu SMP PREEMPT_DYNAMIC Mon Feb  9 10:15:05 UTC 2026 (Ubuntu 6.8.0-101.101-generic 6.8.12)
[    0.000000] Command line: console=ttyS0 panic=-1 no_console_suspend rdinit=/init phase3_runtime_seconds=40 phase3_url=data:text/html;base64,PCFkb2N0eXBlIGh0bWw+CjxodG1sPgogIDxib2R5IHN0eWxlPSJtYXJnaW46MDtiYWNrZ3JvdW5kOndoaXRlO2ZvbnQtZmFtaWx5OkRlamFWdSBTYW5zLCBzYW5zLXNlcmlmIj4KICAgIDxpbnB1dCBpZD0iaSIgYXV0b2ZvY3VzIHN0eWxlPSJkaXNwbGF5OmJsb2NrO3dpZHRoOjk1dnc7aGVpZ2h0OjEyMHB4O2ZvbnQtc2l6ZTo3MnB4O21hcmdpbjoyMHB4IGF1dG8iIHZhbHVlPSIiPgogICAgPGJ1dHRvbiBpZD0iYiIgb25jbGljaz0iZG9jdW1lbnQuYm9keS5zdHlsZS5iYWNrZ3JvdW5kPSdsaW1lJztkb2N1bWVudC5nZXRFbGVtZW50QnlJZCgncycpLnRleHRDb250ZW50PSdjbGlja2VkJyIgc3R5bGU9ImRpc3BsYXk6YmxvY2s7Zm9udC1zaXplOjY0cHg7bWFyZ2luOjIwcHggYXV0byI+Q0xJQ0s8L2J1dHRvbj4KICAgIDxkaXYgaWQ9InMiIHN0eWxlPSJmb250LXNpemU6NzJweDt0ZXh0LWFsaWduOmNlbnRlciI+aWRsZTwvZGl2PgogIDwvYm9keT4KPC9odG1sPgo= phase3_suspend_delay_seconds=10 phase3_wake_seconds=5 phase3_pm_test=freezer
[    0.000000] KERNEL supported cpus:
[    0.000000]   Intel GenuineIntel
[    0.000000]   AMD AuthenticAMD
[    0.000000]   Hygon HygonGenuine
[    0.000000]   Centaur CentaurHauls
[    0.000000]   zhaoxin   Shanghai  
[    0.000000] BIOS-provided physical RAM map:
[    0.000000] BIOS-e820: [mem 0x0000000000000000-0x000000000009fbff] usable
[    0.000000] BIOS-e820: [mem 0x000000000009fc00-0x000000000009ffff] reserved
[    0.000000] BIOS-e820: [mem 0x00000000000f0000-0x00000000000fffff] reserved
[    0.000000] BIOS-e820: [mem 0x0000000000100000-0x000000007ffddfff] usable
[    0.000000] BIOS-e820: [mem 0x000000007ffde000-0x000000007fffffff] reserved
[    0.000000] BIOS-e820: [mem 0x00000000b0000000-0x00000000bfffffff] reserved
[    0.000000] BIOS-e820: [mem 0x00000000fed1c000-0x00000000fed1ffff] reserved
[    0.000000] BIOS-e820: [mem 0x00000000feffc000-0x00000000feffffff] reserved
[    0.000000] BIOS-e820: [mem 0x00000000fffc0000-0x00000000ffffffff] reserved
[    0.000000] NX (Execute Disable) protection: active
[    0.000000] APIC: Static calls initialized
[    0.000000] SMBIOS 3.0.0 present.
[    0.000000] DMI: QEMU Standard PC (Q35 + ICH9, 2009), BIOS 1.16.3-debian-1.16.3-2 04/01/2014
[    0.000000] Hypervisor detected: KVM
[    0.000000] kvm-clock: Using msrs 4b564d01 and 4b564d00
[    0.000000] kvm-clock: using sched offset of 279017496 cycles
[    0.000001] clocksource: kvm-clock: mask: 0xffffffffffffffff max_cycles: 0x1cd42e4dffb, max_idle_ns: 881590591483 ns
[    0.000004] tsc: Detected 2803.200 MHz processor
[    0.000642] last_pfn = 0x7ffde max_arch_pfn = 0x400000000
[    0.000681] MTRR map: 4 entries (3 fixed + 1 variable; max 19), built from 8 variable MTRRs
[    0.000688] x86/PAT: Configuration [0-7]: WB  WC  UC- UC  WB  WP  UC- WT  
[    0.004985] found SMP MP-table at [mem 0x000f5470-0x000f547f]
[    0.004998] Using GB pages for direct mapping
[    0.005073] RAMDISK: [mem 0x75de7000-0x7ffcffff]
[    0.005079] ACPI: Early table checksum verification disabled
[    0.005082] ACPI: RSDP 0x00000000000F52B0 000014 (v00 BOCHS )
[    0.005086] ACPI: RSDT 0x000000007FFE2304 000038 (v01 BOCHS  BXPC     00000001 BXPC 00000001)
[    0.005090] ACPI: FACP 0x000000007FFE20FC 0000F4 (v03 BOCHS  BXPC     00000001 BXPC 00000001)
[    0.005095] ACPI: DSDT 0x000000007FFE0040 0020BC (v01 BOCHS  BXPC     00000001 BXPC 00000001)
[    0.005097] ACPI: FACS 0x000000007FFE0000 000040
[    0.005100] ACPI: APIC 0x000000007FFE21F0 000078 (v03 BOCHS  BXPC     00000001 BXPC 00000001)
[    0.005102] ACPI: HPET 0x000000007FFE2268 000038 (v01 BOCHS  BXPC     00000001 BXPC 00000001)
[    0.005104] ACPI: MCFG 0x000000007FFE22A0 00003C (v01 BOCHS  BXPC     00000001 BXPC 00000001)
[    0.005106] ACPI: WAET 0x000000007FFE22DC 000028 (v01 BOCHS  BXPC     00000001 BXPC 00000001)
[    0.005108] ACPI: Reserving FACP table memory at [mem 0x7ffe20fc-0x7ffe21ef]
[    0.005109] ACPI: Reserving DSDT table memory at [mem 0x7ffe0040-0x7ffe20fb]
[    0.005110] ACPI: Reserving FACS table memory at [mem 0x7ffe0000-0x7ffe003f]
[    0.005111] ACPI: Reserving APIC table memory at [mem 0x7ffe21f0-0x7ffe2267]
[    0.005111] ACPI: Reserving HPET table memory at [mem 0x7ffe2268-0x7ffe229f]
[    0.005112] ACPI: Reserving MCFG table memory at [mem 0x7ffe22a0-0x7ffe22db]
[    0.005112] ACPI: Reserving WAET table memory at [mem 0x7ffe22dc-0x7ffe2303]
[    0.005339] No NUMA configuration found
[    0.005340] Faking a node at [mem 0x0000000000000000-0x000000007ffddfff]
[    0.005344] NODE_DATA(0) allocated [mem 0x75dbc000-0x75de6fff]
[    0.005453] Zone ranges:
[    0.005454]   DMA      [mem 0x0000000000001000-0x0000000000ffffff]
[    0.005455]   DMA32    [mem 0x0000000001000000-0x000000007ffddfff]
[    0.005456]   Normal   empty
[    0.005457]   Device   empty
[    0.005458] Movable zone start for each node
[    0.005459] Early memory node ranges
[    0.005459]   node   0: [mem 0x0000000000001000-0x000000000009efff]
[    0.005460]   node   0: [mem 0x0000000000100000-0x000000007ffddfff]
[    0.005461] Initmem setup node 0 [mem 0x0000000000001000-0x000000007ffddfff]
[    0.005661] On node 0, zone DMA: 1 pages in unavailable ranges
[    0.005671] On node 0, zone DMA: 97 pages in unavailable ranges
[    0.010176] On node 0, zone DMA32: 34 pages in unavailable ranges
[    0.010427] ACPI: PM-Timer IO Port: 0x608
[    0.010440] ACPI: LAPIC_NMI (acpi_id[0xff] dfl dfl lint[0x1])
[    0.010471] IOAPIC[0]: apic_id 0, version 17, address 0xfec00000, GSI 0-23
[    0.010474] ACPI: INT_SRC_OVR (bus 0 bus_irq 0 global_irq 2 dfl dfl)
[    0.010475] ACPI: INT_SRC_OVR (bus 0 bus_irq 5 global_irq 5 high level)
[    0.010476] ACPI: INT_SRC_OVR (bus 0 bus_irq 9 global_irq 9 high level)
[    0.010477] ACPI: INT_SRC_OVR (bus 0 bus_irq 10 global_irq 10 high level)
[    0.010477] ACPI: INT_SRC_OVR (bus 0 bus_irq 11 global_irq 11 high level)
[    0.010480] ACPI: Using ACPI (MADT) for SMP configuration information
[    0.010481] ACPI: HPET id: 0x8086a201 base: 0xfed00000
[    0.010485] TSC deadline timer available
[    0.010486] smpboot: Allowing 1 CPUs, 0 hotplug CPUs
[    0.010503] kvm-guest: APIC: eoi() replaced with kvm_guest_apic_eoi_write()
[    0.010525] PM: hibernation: Registered nosave memory: [mem 0x00000000-0x00000fff]
[    0.010526] PM: hibernation: Registered nosave memory: [mem 0x0009f000-0x000fffff]
[    0.010528] [mem 0xc0000000-0xfed1bfff] available for PCI devices
[    0.010529] Booting paravirtualized kernel on KVM
[    0.010531] clocksource: refined-jiffies: mask: 0xffffffff max_cycles: 0xffffffff, max_idle_ns: 1910969940391419 ns
[    0.010539] setup_percpu: NR_CPUS:8192 nr_cpumask_bits:1 nr_cpu_ids:1 nr_node_ids:1
[    0.010868] percpu: Embedded 86 pages/cpu s229376 r8192 d114688 u2097152
[    0.010900] kvm-guest: PV spinlocks disabled, single CPU
[    0.010901] Kernel command line: console=ttyS0 panic=-1 no_console_suspend rdinit=/init phase3_runtime_seconds=40 phase3_url=data:text/html;base64,PCFkb2N0eXBlIGh0bWw+CjxodG1sPgogIDxib2R5IHN0eWxlPSJtYXJnaW46MDtiYWNrZ3JvdW5kOndoaXRlO2ZvbnQtZmFtaWx5OkRlamFWdSBTYW5zLCBzYW5zLXNlcmlmIj4KICAgIDxpbnB1dCBpZD0iaSIgYXV0b2ZvY3VzIHN0eWxlPSJkaXNwbGF5OmJsb2NrO3dpZHRoOjk1dnc7aGVpZ2h0OjEyMHB4O2ZvbnQtc2l6ZTo3MnB4O21hcmdpbjoyMHB4IGF1dG8iIHZhbHVlPSIiPgogICAgPGJ1dHRvbiBpZD0iYiIgb25jbGljaz0iZG9jdW1lbnQuYm9keS5zdHlsZS5iYWNrZ3JvdW5kPSdsaW1lJztkb2N1bWVudC5nZXRFbGVtZW50QnlJZCgncycpLnRleHRDb250ZW50PSdjbGlja2VkJyIgc3R5bGU9ImRpc3BsYXk6YmxvY2s7Zm9udC1zaXplOjY0cHg7bWFyZ2luOjIwcHggYXV0byI+Q0xJQ0s8L2J1dHRvbj4KICAgIDxkaXYgaWQ9InMiIHN0eWxlPSJmb250LXNpemU6NzJweDt0ZXh0LWFsaWduOmNlbnRlciI+aWRsZTwvZGl2PgogIDwvYm9keT4KPC9odG1sPgo= phase3_suspend_delay_seconds=10 phase3_wake_seconds=5 phase3_pm_test=freezer
[    0.010974] Unknown kernel command line parameters "phase3_runtime_seconds=40 phase3_url=data:text/html;base64,PCFkb2N0eXBlIGh0bWw+CjxodG1sPgogIDxib2R5IHN0eWxlPSJtYXJnaW46MDtiYWNrZ3JvdW5kOndoaXRlO2ZvbnQtZmFtaWx5OkRlamFWdSBTYW5zLCBzYW5zLXNlcmlmIj4KICAgIDxpbnB1dCBpZD0iaSIgYXV0b2ZvY3VzIHN0eWxlPSJkaXNwbGF5OmJsb2NrO3dpZHRoOjk1dnc7aGVpZ2h0OjEyMHB4O2ZvbnQtc2l6ZTo3MnB4O21hcmdpbjoyMHB4IGF1dG8iIHZhbHVlPSIiPgogICAgPGJ1dHRvbiBpZD0iYiIgb25jbGljaz0iZG9jdW1lbnQuYm9keS5zdHlsZS5iYWNrZ3JvdW5kPSdsaW1lJztkb2N1bWVudC5nZXRFbGVtZW50QnlJZCgncycpLnRleHRDb250ZW50PSdjbGlja2VkJyIgc3R5bGU9ImRpc3BsYXk6YmxvY2s7Zm9udC1zaXplOjY0cHg7bWFyZ2luOjIwcHggYXV0byI+Q0xJQ0s8L2J1dHRvbj4KICAgIDxkaXYgaWQ9InMiIHN0eWxlPSJmb250LXNpemU6NzJweDt0ZXh0LWFsaWduOmNlbnRlciI+aWRsZTwvZGl2PgogIDwvYm9keT4KPC9odG1sPgo= phase3_suspend_delay_seconds=10 phase3_wake_seconds=5 phase3_pm_test=freezer", will be passed to user space.
[    0.011019] random: crng init done
[    0.011278] Dentry cache hash table entries: 262144 (order: 9, 2097152 bytes, linear)
[    0.011350] Inode-cache hash table entries: 131072 (order: 8, 1048576 bytes, linear)
[    0.011382] Fallback order for Node 0: 0 
[    0.011384] Built 1 zonelists, mobility grouping on.  Total pages: 515806
[    0.011385] Policy zone: DMA32
[    0.011389] mem auto-init: stack:all(zero), heap alloc:on, heap free:off
[    0.014664] Memory: 1840200K/2096624K available (22528K kernel code, 4439K rwdata, 14400K rodata, 4920K init, 4788K bss, 256164K reserved, 0K cma-reserved)
[    0.015285] SLUB: HWalign=64, Order=0-3, MinObjects=0, CPUs=1, Nodes=1
[    0.015305] ftrace: allocating 58250 entries in 228 pages
[    0.022748] ftrace: allocated 228 pages with 4 groups
[    0.023445] Dynamic Preempt: voluntary
[    0.023670] rcu: Preemptible hierarchical RCU implementation.
[    0.023671] rcu: 	RCU restricting CPUs from NR_CPUS=8192 to nr_cpu_ids=1.
[    0.023673] 	Trampoline variant of Tasks RCU enabled.
[    0.023673] 	Rude variant of Tasks RCU enabled.
[    0.023673] 	Tracing variant of Tasks RCU enabled.
[    0.023674] rcu: RCU calculated value of scheduler-enlistment delay is 100 jiffies.
[    0.023675] rcu: Adjusting geometry for rcu_fanout_leaf=16, nr_cpu_ids=1
[    0.023680] RCU Tasks: Setting shift to 0 and lim to 1 rcu_task_cb_adjust=1 rcu_task_cpu_ids=1.
[    0.023682] RCU Tasks Rude: Setting shift to 0 and lim to 1 rcu_task_cb_adjust=1 rcu_task_cpu_ids=1.
[    0.023683] RCU Tasks Trace: Setting shift to 0 and lim to 1 rcu_task_cb_adjust=1 rcu_task_cpu_ids=1.
[    0.025996] NR_IRQS: 524544, nr_irqs: 256, preallocated irqs: 16
[    0.026180] rcu: srcu_init: Setting srcu_struct sizes based on contention.
[    0.032442] Console: colour VGA+ 80x25
[    0.032469] printk: legacy console [ttyS0] enabled
[    0.093878] ACPI: Core revision 20230628
[    0.094236] clocksource: hpet: mask: 0xffffffff max_cycles: 0xffffffff, max_idle_ns: 19112604467 ns
[    0.094892] APIC: Switch to symmetric I/O mode setup
[    0.095373] x2apic enabled
[    0.095761] APIC: Switched APIC routing to: physical x2apic
[    0.096875] ..TIMER: vector=0x30 apic1=0 pin1=2 apic2=-1 pin2=-1
[    0.097271] clocksource: tsc-early: mask: 0xffffffffffffffff max_cycles: 0x28680fa287f, max_idle_ns: 440795281151 ns
[    0.097964] Calibrating delay loop (skipped) preset value.. 5606.40 BogoMIPS (lpj=2803200)
[    0.098598] x86/cpu: User Mode Instruction Prevention (UMIP) activated
[    0.099059] Last level iTLB entries: 4KB 0, 2MB 0, 4MB 0
[    0.099439] Last level dTLB entries: 4KB 0, 2MB 0, 4MB 0, 1GB 0
[    0.099967] Spectre V1 : Mitigation: usercopy/swapgs barriers and __user pointer sanitization
[    0.100522] Spectre V2 : Spectre BHI mitigation: SW BHB clearing on vm exit
[    0.100962] Spectre V2 : Spectre BHI mitigation: SW BHB clearing on syscall
[    0.101412] Spectre V2 : Mitigation: Enhanced / Automatic IBRS
[    0.101800] Spectre V2 : Spectre v2 / PBRSB-eIBRS: Retire a single CALL on VMEXIT
[    0.101963] Spectre V2 : mitigation: Enabling conditional Indirect Branch Prediction Barrier
[    0.102963] Speculative Store Bypass: Mitigation: Speculative Store Bypass disabled via prctl
[    0.103512] ITS: WARNING: ITS mitigation depends on retpoline and rethunk support
[    0.103964] ITS: Vulnerable
[    0.104194] x86/fpu: Supporting XSAVE feature 0x001: 'x87 floating point registers'
[    0.104754] x86/fpu: Supporting XSAVE feature 0x002: 'SSE registers'
[    0.104962] x86/fpu: Supporting XSAVE feature 0x004: 'AVX registers'
[    0.105389] x86/fpu: Supporting XSAVE feature 0x020: 'AVX-512 opmask'
[    0.105962] x86/fpu: Supporting XSAVE feature 0x040: 'AVX-512 Hi256'
[    0.106394] x86/fpu: Supporting XSAVE feature 0x080: 'AVX-512 ZMM_Hi256'
[    0.106962] x86/fpu: Supporting XSAVE feature 0x200: 'Protection Keys User registers'
[    0.107483] x86/fpu: xstate_offset[2]:  576, xstate_sizes[2]:  256
[    0.107962] x86/fpu: xstate_offset[5]:  832, xstate_sizes[5]:   64
[    0.108375] x86/fpu: xstate_offset[6]:  896, xstate_sizes[6]:  512
[    0.108809] x86/fpu: xstate_offset[7]: 1408, xstate_sizes[7]: 1024
[    0.108962] x86/fpu: xstate_offset[9]: 2432, xstate_sizes[9]:    8
[    0.109412] x86/fpu: Enabled xstate features 0x2e7, context size is 2440 bytes, using 'compacted' format.
[    0.132733] Freeing SMP alternatives memory: 48K
[    0.132963] pid_max: default: 32768 minimum: 301
[    0.133285] LSM: initializing lsm=lockdown,capability,landlock,yama,apparmor,integrity
[    0.133778] landlock: Up and running.
[    0.133962] Yama: becoming mindful.
[    0.134197] AppArmor: AppArmor initialized
[    0.134466] Mount-cache hash table entries: 4096 (order: 3, 32768 bytes, linear)
[    0.134963] Mountpoint-cache hash table entries: 4096 (order: 3, 32768 bytes, linear)
[    0.135671] smpboot: CPU0: 11th Gen Intel(R) Core(TM) i7-1165G7 @ 2.80GHz (family: 0x6, model: 0x8c, stepping: 0x1)
[    0.135980] Performance Events: Icelake events, full-width counters, Intel PMU driver.
[    0.136492] ... version:                2
[    0.136730] ... bit width:              48
[    0.136963] ... generic registers:      8
[    0.137232] ... value mask:             0000ffffffffffff
[    0.137587] ... max period:             00007fffffffffff
[    0.137945] ... fixed-purpose events:   3
[    0.137962] ... event mask:             00000007000000ff
[    0.138386] signal: max sigframe size: 3632
[    0.138711] rcu: Hierarchical SRCU implementation.
[    0.138963] rcu: 	Max phase no-delay instances is 400.
[    0.139522] smp: Bringing up secondary CPUs ...
[    0.139814] smp: Brought up 1 node, 1 CPU
[    0.139966] smpboot: Max logical packages: 1
[    0.140224] smpboot: Total of 1 processors activated (5606.40 BogoMIPS)
[    0.140827] devtmpfs: initialized
[    0.140990] x86/mm: Memory block size: 128MB
[    0.141549] clocksource: jiffies: mask: 0xffffffff max_cycles: 0xffffffff, max_idle_ns: 1911260446275000 ns
[    0.141965] futex hash table entries: 256 (order: 2, 16384 bytes, linear)
[    0.142435] pinctrl core: initialized pinctrl subsystem
[    0.142829] PM: RTC time: 02:25:53, date: 2026-03-08
[    0.143751] NET: Registered PF_NETLINK/PF_ROUTE protocol family
[    0.144071] DMA: preallocated 256 KiB GFP_KERNEL pool for atomic allocations
[    0.144514] DMA: preallocated 256 KiB GFP_KERNEL|GFP_DMA pool for atomic allocations
[    0.144978] DMA: preallocated 256 KiB GFP_KERNEL|GFP_DMA32 pool for atomic allocations
[    0.145496] audit: initializing netlink subsys (disabled)
[    0.145907] thermal_sys: Registered thermal governor 'fair_share'
[    0.145908] thermal_sys: Registered thermal governor 'bang_bang'
[    0.145963] thermal_sys: Registered thermal governor 'step_wise'
[    0.146315] thermal_sys: Registered thermal governor 'user_space'
[    0.146703] thermal_sys: Registered thermal governor 'power_allocator'
[    0.146964] audit: type=2000 audit(1772936753.558:1): state=initialized audit_enabled=0 res=1
[    0.147890] cpuidle: using governor ladder
[    0.147964] cpuidle: using governor menu
[    0.148264] acpiphp: ACPI Hot Plug PCI Controller Driver version: 0.5
[    0.148713] PCI: ECAM [mem 0xb0000000-0xbfffffff] (base 0xb0000000) for domain 0000 [bus 00-ff]
[    0.148964] PCI: ECAM [mem 0xb0000000-0xbfffffff] reserved as E820 entry
[    0.149363] PCI: Using configuration type 1 for base access
[    0.149765] kprobes: kprobe jump-optimization is enabled. All kprobes are optimized if possible.
[    0.175981] HugeTLB: registered 1.00 GiB page size, pre-allocated 0 pages
[    0.176456] HugeTLB: 16380 KiB vmemmap can be freed for a 1.00 GiB page
[    0.176910] HugeTLB: registered 2.00 MiB page size, pre-allocated 0 pages
[    0.176963] HugeTLB: 28 KiB vmemmap can be freed for a 2.00 MiB page
[    0.177928] ACPI: Added _OSI(Module Device)
[    0.177963] ACPI: Added _OSI(Processor Device)
[    0.178236] ACPI: Added _OSI(Processor Aggregator Device)
[    0.179349] ACPI: 1 ACPI AML tables successfully acquired and loaded
[    0.180366] ACPI: _OSC evaluation for CPUs failed, trying _PDC
[    0.180862] ACPI: Interpreter enabled
[    0.180973] ACPI: PM: (supports S0 S3 S4 S5)
[    0.181230] ACPI: Using IOAPIC for interrupt routing
[    0.181577] PCI: Using host bridge windows from ACPI; if necessary, use "pci=nocrs" and report a bug
[    0.181962] PCI: Using E820 reservations for host bridge windows
[    0.182367] ACPI: Enabled 2 GPEs in block 00 to 3F
[    0.183762] ACPI: PCI Root Bridge [PCI0] (domain 0000 [bus 00-ff])
[    0.183964] acpi PNP0A08:00: _OSC: OS supports [ExtendedConfig ASPM ClockPM Segments MSI EDR HPX-Type3]
[    0.184547] acpi PNP0A08:00: _OSC: platform does not support [PCIeHotplug LTR DPC]
[    0.185001] acpi PNP0A08:00: _OSC: OS now controls [SHPCHotplug PME AER PCIeCapability]
[    0.185605] PCI host bridge to bus 0000:00
[    0.185855] pci_bus 0000:00: root bus resource [io  0x0000-0x0cf7 window]
[    0.185962] pci_bus 0000:00: root bus resource [io  0x0d00-0xffff window]
[    0.186366] pci_bus 0000:00: root bus resource [mem 0x000a0000-0x000bffff window]
[    0.186803] pci_bus 0000:00: root bus resource [mem 0x80000000-0xafffffff window]
[    0.186962] pci_bus 0000:00: root bus resource [mem 0xc0000000-0xfebfffff window]
[    0.187400] pci_bus 0000:00: root bus resource [mem 0x100000000-0x8ffffffff window]
[    0.187876] pci_bus 0000:00: root bus resource [bus 00-ff]
[    0.187995] pci 0000:00:00.0: [8086:29c0] type 00 class 0x060000 conventional PCI endpoint
[    0.188780] pci 0000:00:01.0: [1af4:1000] type 00 class 0x020000 conventional PCI endpoint
[    0.189659] pci 0000:00:01.0: BAR 0 [io  0xc040-0xc05f]
[    0.189981] pci 0000:00:01.0: BAR 4 [mem 0xfe800000-0xfe803fff 64bit pref]
[    0.190396] pci 0000:00:01.0: ROM [mem 0xfeb00000-0xfeb7ffff pref]
[    0.191075] pci 0000:00:02.0: [1af4:1050] type 00 class 0x030000 conventional PCI endpoint
[    0.192507] pci 0000:00:02.0: BAR 0 [mem 0xfe000000-0xfe7fffff pref]
[    0.192902] pci 0000:00:02.0: BAR 2 [mem 0xfe804000-0xfe807fff 64bit pref]
[    0.192967] pci 0000:00:02.0: BAR 4 [mem 0xfeb94000-0xfeb94fff]
[    0.193324] pci 0000:00:02.0: ROM [mem 0xfeb80000-0xfeb8ffff pref]
[    0.193788] pci 0000:00:02.0: Video device with shadowed ROM at [mem 0x000c0000-0x000dffff]
[    0.194305] pci 0000:00:03.0: [1b36:000d] type 00 class 0x0c0330 PCIe Root Complex Integrated Endpoint
[    0.195355] pci 0000:00:03.0: BAR 0 [mem 0xfeb90000-0xfeb93fff 64bit]
[    0.202694] pci 0000:00:1f.0: [8086:2918] type 00 class 0x060100 conventional PCI endpoint
[    0.203144] pci 0000:00:1f.0: quirk: [io  0x0600-0x067f] claimed by ICH6 ACPI/GPIO/TCO
[    0.203742] pci 0000:00:1f.2: [8086:2922] type 00 class 0x010601 conventional PCI endpoint
[    0.204654] pci 0000:00:1f.2: BAR 4 [io  0xc060-0xc07f]
[    0.204967] pci 0000:00:1f.2: BAR 5 [mem 0xfeb95000-0xfeb95fff]
[    0.205504] pci 0000:00:1f.3: [8086:2930] type 00 class 0x0c0500 conventional PCI endpoint
[    0.206285] pci 0000:00:1f.3: BAR 4 [io  0x0700-0x073f]
[    0.206805] ACPI: PCI: Interrupt link LNKA configured for IRQ 10
[    0.207006] ACPI: PCI: Interrupt link LNKB configured for IRQ 10
[    0.207427] ACPI: PCI: Interrupt link LNKC configured for IRQ 11
[    0.207819] ACPI: PCI: Interrupt link LNKD configured for IRQ 11
[    0.208010] ACPI: PCI: Interrupt link LNKE configured for IRQ 10
[    0.208412] ACPI: PCI: Interrupt link LNKF configured for IRQ 10
[    0.208804] ACPI: PCI: Interrupt link LNKG configured for IRQ 11
[    0.209004] ACPI: PCI: Interrupt link LNKH configured for IRQ 11
[    0.209373] ACPI: PCI: Interrupt link GSIA configured for IRQ 16
[    0.209730] ACPI: PCI: Interrupt link GSIB configured for IRQ 17
[    0.209967] ACPI: PCI: Interrupt link GSIC configured for IRQ 18
[    0.210327] ACPI: PCI: Interrupt link GSID configured for IRQ 19
[    0.210696] ACPI: PCI: Interrupt link GSIE configured for IRQ 20
[    0.210966] ACPI: PCI: Interrupt link GSIF configured for IRQ 21
[    0.211323] ACPI: PCI: Interrupt link GSIG configured for IRQ 22
[    0.211699] ACPI: PCI: Interrupt link GSIH configured for IRQ 23
[    0.212156] iommu: Default domain type: Translated
[    0.212447] iommu: DMA domain TLB invalidation policy: lazy mode
[    0.212899] SCSI subsystem initialized
[    0.212996] ACPI: bus type USB registered
[    0.213285] usbcore: registered new interface driver usbfs
[    0.213656] usbcore: registered new interface driver hub
[    0.213965] usbcore: registered new device driver usb
[    0.214281] pps_core: LinuxPPS API ver. 1 registered
[    0.214574] pps_core: Software ver. 5.3.6 - Copyright 2005-2007 Rodolfo Giometti <giometti@linux.it>
[    0.214963] PTP clock support registered
[    0.215230] EDAC MC: Ver: 3.0.0
[    0.215662] NetLabel: Initializing
[    0.215870] NetLabel:  domain hash size = 128
[    0.215963] NetLabel:  protocols = UNLABELED CIPSOv4 CALIPSO
[    0.216306] NetLabel:  unlabeled traffic allowed by default
[    0.216670] mctp: management component transport protocol core
[    0.216963] NET: Registered PF_MCTP protocol family
[    0.217255] PCI: Using ACPI for IRQ routing
[    0.306400] pci 0000:00:02.0: vgaarb: setting as boot VGA device
[    0.306779] pci 0000:00:02.0: vgaarb: bridge control possible
[    0.306961] pci 0000:00:02.0: vgaarb: VGA device added: decodes=io+mem,owns=io+mem,locks=none
[    0.306963] vgaarb: loaded
[    0.307238] hpet0: at MMIO 0xfed00000, IRQs 2, 8, 0
[    0.307531] hpet0: 3 comparators, 64-bit 100.000000 MHz counter
[    0.309985] clocksource: Switched to clocksource kvm-clock
[    0.310803] VFS: Disk quotas dquot_6.6.0
[    0.311086] VFS: Dquot-cache hash table entries: 512 (order 0, 4096 bytes)
[    0.311633] AppArmor: AppArmor Filesystem Enabled
[    0.311968] pnp: PnP ACPI init
[    0.312276] system 00:05: [mem 0xb0000000-0xbfffffff window] has been reserved
[    0.312872] pnp: PnP ACPI: found 6 devices
[    0.318195] clocksource: acpi_pm: mask: 0xffffff max_cycles: 0xffffff, max_idle_ns: 2085701024 ns
[    0.318755] NET: Registered PF_INET protocol family
[    0.319280] IP idents hash table entries: 32768 (order: 6, 262144 bytes, linear)
[    0.328609] tcp_listen_portaddr_hash hash table entries: 1024 (order: 2, 16384 bytes, linear)
[    0.329490] Table-perturb hash table entries: 65536 (order: 6, 262144 bytes, linear)
[    0.330090] TCP established hash table entries: 16384 (order: 5, 131072 bytes, linear)
[    0.330661] TCP bind hash table entries: 16384 (order: 7, 524288 bytes, linear)
[    0.331279] TCP: Hash tables configured (established 16384 bind 16384)
[    0.331758] MPTCP token hash table entries: 2048 (order: 3, 49152 bytes, linear)
[    0.332318] UDP hash table entries: 1024 (order: 3, 32768 bytes, linear)
[    0.332763] UDP-Lite hash table entries: 1024 (order: 3, 32768 bytes, linear)
[    0.333319] NET: Registered PF_UNIX/PF_LOCAL protocol family
[    0.333765] NET: Registered PF_XDP protocol family
[    0.334113] pci_bus 0000:00: resource 4 [io  0x0000-0x0cf7 window]
[    0.334592] pci_bus 0000:00: resource 5 [io  0x0d00-0xffff window]
[    0.335025] pci_bus 0000:00: resource 6 [mem 0x000a0000-0x000bffff window]
[    0.335558] pci_bus 0000:00: resource 7 [mem 0x80000000-0xafffffff window]
[    0.336027] pci_bus 0000:00: resource 8 [mem 0xc0000000-0xfebfffff window]
[    0.336571] pci_bus 0000:00: resource 9 [mem 0x100000000-0x8ffffffff window]
[    0.337245] ACPI: \_SB_.GSIH: Enabled at IRQ 23
[    0.338048] PCI: CLS 0 bytes, default 64
[    0.338419] Trying to unpack rootfs image as initramfs...
[    0.339950] clocksource: tsc: mask: 0xffffffffffffffff max_cycles: 0x28680fa287f, max_idle_ns: 440795281151 ns
[    0.342041] Initialise system trusted keyrings
[    0.342507] Key type blacklist registered
[    0.343978] workingset: timestamp_bits=36 max_order=19 bucket_order=0
[    0.344609] zbud: loaded
[    0.346128] squashfs: version 4.0 (2009/01/31) Phillip Lougher
[    0.347892] fuse: init (API version 7.39)
[    0.348438] integrity: Platform Keyring initialized
[    0.349969] integrity: Machine keyring initialized
[    0.365794] Key type asymmetric registered
[    0.366072] Asymmetric key parser 'x509' registered
[    0.366423] Block layer SCSI generic (bsg) driver version 0.4 loaded (major 243)
[    0.368858] io scheduler mq-deadline registered
[    0.369274] shpchp: Standard Hot Plug PCI Controller Driver version: 0.4
[    0.369754] input: Power Button as /devices/LNXSYSTM:00/LNXPWRBN:00/input/input0
[    0.371820] ACPI: button: Power Button [PWRF]
[    0.372344] ACPI: \_SB_.GSIF: Enabled at IRQ 21
[    0.374345] ACPI: \_SB_.GSIG: Enabled at IRQ 22
[    0.376610] Serial: 8250/16550 driver, 32 ports, IRQ sharing enabled
[    0.421886] 00:03: ttyS0 at I/O 0x3f8 (irq = 4, base_baud = 115200) is a 16550A
[    0.425960] Linux agpgart interface v0.103
[    0.427882] loop: module loaded
[    0.428214] ACPI: bus type drm_connector registered
[    0.428606] tun: Universal TUN/TAP device driver, 1.6
[    0.430287] PPP generic driver version 2.4.2
[    0.431850] i8042: PNP: PS/2 Controller [PNP0303:KBD,PNP0f13:MOU] at 0x60,0x64 irq 1,12
[    0.432767] serio: i8042 KBD port at 0x60,0x64 irq 1
[    0.433900] serio: i8042 AUX port at 0x60,0x64 irq 12
[    0.434294] mousedev: PS/2 mouse device common for all mice
[    0.435933] input: AT Translated Set 2 keyboard as /devices/platform/i8042/serio0/input/input1
[    0.436625] rtc_cmos 00:04: RTC can wake from S4
[    0.437221] rtc_cmos 00:04: registered as rtc0
[    0.437532] rtc_cmos 00:04: setting system clock to 2026-03-08T02:25:53 UTC (1772936753)
[    0.438814] rtc_cmos 00:04: alarms up to one day, y3k, 242 bytes nvram, hpet irqs
[    0.439292] i2c_dev: i2c /dev entries driver
[    0.439591] device-mapper: core: CONFIG_IMA_DISABLE_HTABLE is disabled. Duplicate IMA measurements will not be recorded in the IMA log.
[    0.442793] device-mapper: uevent: version 1.0.3
[    0.443103] device-mapper: ioctl: 4.48.0-ioctl (2023-03-01) initialised: dm-devel@redhat.com
[    0.443607] intel_pstate: CPU model not supported
[    0.444935] ledtrig-cpu: registered to indicate activity on CPUs
[    0.445347] drop_monitor: Initializing network drop monitor service
[    0.446837] NET: Registered PF_INET6 protocol family
[    1.777213] Freeing initrd memory: 165796K
[    1.777619] Segment Routing with IPv6
[    1.777859] In-situ OAM (IOAM) with IPv6
[    1.778116] NET: Registered PF_PACKET protocol family
[    1.778438] Key type dns_resolver registered
[    1.778821] IPI shorthand broadcast: enabled
[    1.779948] sched_clock: Marking stable (1711001490, 68775463)->(1790361788, -10584835)
[    1.780503] registered taskstats version 1
[    1.780803] Loading compiled-in X.509 certificates
[    1.781473] Loaded X.509 cert 'Build time autogenerated kernel key: 7f71bdefc17a4d88631555bf9efbb1c93d6f5260'
[    1.782468] Loaded X.509 cert 'Canonical Ltd. Live Patch Signing 2025 Kmod: d541cef61dc7e793b7eb7e899970a2eef0b5dc8c'
[    1.783752] Loaded X.509 cert 'Canonical Ltd. Live Patch Signing: 14df34d1a87cf37625abec039ef2bf521249b969'
[    1.785281] Loaded X.509 cert 'Canonical Ltd. Kernel Module Signing: 88f752e560a1e0737e31163a466ad7b70a850c19'
[    1.786214] blacklist: Loading compiled-in revocation X.509 certificates
[    1.786878] Loaded X.509 cert 'Canonical Ltd. Secure Boot Signing: 61482aa2830d0ab2ad5af10b7250da9033ddcef0'
[    1.787805] Loaded X.509 cert 'Canonical Ltd. Secure Boot Signing (2017): 242ade75ac4a15e50d50c84b0d45ff3eae707a03'
[    1.788821] Loaded X.509 cert 'Canonical Ltd. Secure Boot Signing (ESM 2018): 365188c1d374d6b07c3c8f240f8ef722433d6a8b'
[    1.789906] Loaded X.509 cert 'Canonical Ltd. Secure Boot Signing (2019): c0746fd6c5da3ae827864651ad66ae47fe24b3e8'
[    1.790937] Loaded X.509 cert 'Canonical Ltd. Secure Boot Signing (2021 v1): a8d54bbb3825cfb94fa13c9f8a594a195c107b8d'
[    1.792024] Loaded X.509 cert 'Canonical Ltd. Secure Boot Signing (2021 v2): 4cf046892d6fd3c9a5b03f98d845f90851dc6a8c'
[    1.793163] Loaded X.509 cert 'Canonical Ltd. Secure Boot Signing (2021 v3): 100437bb6de6e469b581e61cd66bce3ef4ed53af'
[    1.794242] Loaded X.509 cert 'Canonical Ltd. Secure Boot Signing (Ubuntu Core 2019): c1d57b8f6b743f23ee41f4f7ee292f06eecadfb9'
[    1.797036] Key type .fscrypt registered
[    1.797327] Key type fscrypt-provisioning registered
[    1.797847] Key type encrypted registered
[    1.798126] AppArmor: AppArmor sha256 policy hashing enabled
[    1.798500] ima: No TPM chip found, activating TPM-bypass!
[    1.798852] Loading compiled-in module X.509 certificates
[    1.799573] Loaded X.509 cert 'Build time autogenerated kernel key: 7f71bdefc17a4d88631555bf9efbb1c93d6f5260'
[    1.800258] ima: Allocated hash algorithm: sha256
[    1.800596] ima: No architecture policies found
[    1.800924] evm: Initialising EVM extended attributes:
[    1.801311] evm: security.selinux
[    1.801548] evm: security.SMACK64
[    1.801781] evm: security.SMACK64EXEC
[    1.802031] evm: security.SMACK64TRANSMUTE
[    1.802319] evm: security.SMACK64MMAP
[    1.802569] evm: security.apparmor
[    1.802805] evm: security.ima
[    1.803010] evm: security.capability
[    1.803260] evm: HMAC attrs: 0x1
[    1.803649] PM:   Magic number: 2:166:409
[    1.805968] RAS: Correctable Errors collector initialized.
[    1.806398] clk: Disabling unused clocks
[    1.812235] Freeing unused decrypted memory: 2028K
[    1.812831] Freeing unused kernel image (initmem) memory: 4920K
[    1.813077] Write protecting the kernel read-only data: 38912k
[    1.813662] Freeing unused kernel image (rodata/data gap) memory: 1984K
[    1.822334] x86/mm: Checked W+X mappings: passed, no W+X pages found.
[    1.822651] Run /init as init process
[init-phase3] booted
[init-phase3] loading module=/lib/modules/6.8.0-101-generic/kernel/drivers/virtio/virtio_dma_buf.ko
[init-phase3] loading module=/lib/modules/6.8.0-101-generic/kernel/drivers/gpu/drm/virtio/virtio-gpu.ko
[    1.829106] [drm] pci: virtio-vga detected at 0000:00:02.0
[    1.829390] virtio-pci 0000:00:02.0: vgaarb: deactivate vga console
[    1.834245] Console: switching to colour dummy device 80x25
[    1.834611] [drm] features: -virgl +edid -resource_blob -host_visible
[    1.834612] [drm] features: -context_init
[    1.835472] [drm] number of scanouts: 1
[    1.835659] [drm] number of cap sets: 0
[    1.836005] [drm] Initialized virtio_gpu 0.1.0 0 for 0000:00:02.0 on minor 0
[    1.837877] fbcon: virtio_gpudrmfb (fb0) is primary device
[    1.838387] Console: switching to colour frame buffer device 160x50
[    1.841007] virtio-pci 0000:00:02.0: [drm] fb0: virtio_gpudrmfb frame buffer device
[init-phase3] loading module=/lib/modules/6.8.0-101-generic/kernel/drivers/hid/hid.ko
[    1.846101] hid: raw HID events driver (C) Jiri Kosina
[init-phase3] loading module=/lib/modules/6.8.0-101-generic/kernel/drivers/hid/hid-generic.ko
[init-phase3] loading module=/lib/modules/6.8.0-101-generic/kernel/drivers/hid/usbhid/usbhid.ko
[    1.849015] usbcore: registered new interface driver usbhid
[    1.849297] usbhid: USB HID core driver
[init-phase3] loading module=/lib/modules/6.8.0-101-generic/kernel/drivers/hid/usbhid/usbkbd.ko
[    1.850547] usbcore: registered new interface driver usbkbd
[init-phase3] loading module=/lib/modules/6.8.0-101-generic/kernel/drivers/hid/usbhid/usbmouse.ko
[    1.851906] usbcore: registered new interface driver usbmouse
[init-phase3] loading module=/lib/modules/6.8.0-101-generic/kernel/drivers/input/mouse/psmouse.ko
[    1.855068] input: VirtualPS/2 VMware VMMouse as /devices/platform/i8042/serio1/input/input4
[    1.855559] input: VirtualPS/2 VMware VMMouse as /devices/platform/i8042/serio1/input/input3
[init-phase3] loading module=/lib/modules/6.8.0-101-generic/kernel/drivers/usb/host/xhci-pci-renesas.ko
[init-phase3] loading module=/lib/modules/6.8.0-101-generic/kernel/drivers/usb/host/xhci-pci.ko
[    1.858372] xhci_hcd 0000:00:03.0: xHCI Host Controller
[    1.858614] xhci_hcd 0000:00:03.0: new USB bus registered, assigned bus number 1
[    1.859070] xhci_hcd 0000:00:03.0: hcc params 0x00087001 hci version 0x100 quirks 0x0000000000000010
[    1.859704] xhci_hcd 0000:00:03.0: xHCI Host Controller
[    1.859927] xhci_hcd 0000:00:03.0: new USB bus registered, assigned bus number 2
[    1.860231] xhci_hcd 0000:00:03.0: Host supports USB 3.0 SuperSpeed
[    1.860523] usb usb1: New USB device found, idVendor=1d6b, idProduct=0002, bcdDevice= 6.08
[    1.860859] usb usb1: New USB device strings: Mfr=3, Product=2, SerialNumber=1
[    1.861160] usb usb1: Product: xHCI Host Controller
[    1.861367] usb usb1: Manufacturer: Linux 6.8.0-101-generic xhci-hcd
[    1.861624] usb usb1: SerialNumber: 0000:00:03.0
[    1.861884] hub 1-0:1.0: USB hub found
[    1.862056] hub 1-0:1.0: 4 ports detected
[    1.862323] usb usb2: We don't know the algorithms for LPM for this host, disabling LPM.
[    1.862703] usb usb2: New USB device found, idVendor=1d6b, idProduct=0003, bcdDevice= 6.08
[    1.863121] usb usb2: New USB device strings: Mfr=3, Product=2, SerialNumber=1
[    1.863472] usb usb2: Product: xHCI Host Controller
[    1.863708] usb usb2: Manufacturer: Linux 6.8.0-101-generic xhci-hcd
[    1.864061] usb usb2: SerialNumber: 0000:00:03.0
[    1.864380] hub 2-0:1.0: USB hub found
[    1.864599] hub 2-0:1.0: 4 ports detected
Starting systemd-udevd version 255.4-1ubuntu8.8
total 0
drwxr-xr-x    2 root     root            80 Mar  8 02:25 by-path
crw-rw----    1 root     video     226,   0 Mar  8 02:25 card0
crw-rw----    1 root     root      226, 128 Mar  8 02:25 renderD128
total 0
drwxr-xr-x    2 root     root           100 Mar  8 02:25 by-path
crw-rw----    1 root     input      13,  64 Mar  8 02:25 event0
crw-rw----    1 root     input      13,  65 Mar  8 02:25 event1
crw-rw----    1 root     input      13,  66 Mar  8 02:25 event2
crw-rw----    1 root     input      13,  67 Mar  8 02:25 event3
crw-rw----    1 root     input      13,  63 Mar  8 02:25 mice
crw-rw----    1 root     input      13,  32 Mar  8 02:25 mouse0
crw-rw----    1 root     input      13,  33 Mar  8 02:25 mouse1
[init-phase3] seatd pid=121
[init-phase3] weston pid=122
[init-phase3] wayland ready
Date: 2026-03-08 UTC
[02:25:54.966] weston 13.0.0
               https://wayland.freedesktop.org
               Bug reports to: https://gitlab.freedesktop.org/wayland/weston/issues/
               Build: 13.0.0
[02:25:54.966] Command line: /usr/bin/weston --backend=drm --renderer=pixman --shell=kiosk-shell.so --socket=wayland-1 --continue-without-input --log=/var/log/weston.log
[02:25:54.966] OS: Linux, 6.8.0-101-generic, #101-Ubuntu SMP PREEMPT_DYNAMIC Mon Feb  9 10:15:05 UTC 2026, x86_64
[02:25:54.966] Flight recorder: enabled
[02:25:54.966] Using config file '/etc/xdg/weston/weston.ini'
[02:25:54.966] Output repaint window is 7 ms maximum.
[02:25:54.966] Loading module '/usr/lib/x86_64-linux-gnu/libweston-13/drm-backend.so'
[02:25:54.967] initializing drm backend
[02:25:54.967] Trying libseat launcher...
[02:25:54.967] [libseat/libseat.c:62] Seat opened with backend 'seatd'
[02:25:54.967] [libseat/backend/seatd.c:212] Enabling seat
[02:25:54.967] libseat: session control granted
[02:25:54.967] using /dev/dri/card0
[02:25:54.967] DRM: supports atomic modesetting
[02:25:54.967] DRM: does not support GBM modifiers
[02:25:54.967] DRM: does not support async page flipping
[02:25:54.967] DRM: supports picture aspect ratio
[02:25:54.967] Using Pixman renderer
[02:25:54.968] event0  - Power Button: is tagged by udev as: Keyboard
[02:25:54.968] event0  - Power Button: device is a keyboard
[02:25:54.969] event1  - AT Translated Set 2 keyboard: is tagged by udev as: Keyboard
[02:25:54.969] event1  - AT Translated Set 2 keyboard: device is a keyboard
[02:25:54.969] event3  - VirtualPS/2 VMware VMMouse: is tagged by udev as: Mouse
[02:25:54.969] event3  - VirtualPS/2 VMware VMMouse: device is a pointer
[02:25:54.970] event2  - VirtualPS/2 VMware VMMouse: is tagged by udev as: Mouse
[02:25:54.970] event2  - VirtualPS/2 VMware VMMouse: device is a pointer
[02:25:54.972] libinput: configuring device "Power Button".
[02:25:54.972] libinput: configuring device "AT Translated Set 2 keyboard".
[02:25:54.972] libinput: configuring device "VirtualPS/2 VMware VMMouse".
[02:25:54.972] libinput: configuring device "VirtualPS/2 VMware VMMouse".
[02:25:54.972] input device event2 has no enabled output associated (none named), skipping calibration for now.
[02:25:54.972] DRM: head 'Virtual-1' found, connector 36 is connected, EDID make 'RHT', model 'QEMU Monitor', serial ''
               Supported EOTF modes: SDR
[02:25:54.972] Registered plugin API 'weston_drm_output_api_v1' of size 40
[02:25:54.972] Registered plugin API 'weston_drm_virtual_output_api_v2' of size 48
[02:25:54.972] Color manager: no-op
[02:25:54.972] Output 'Virtual-1' attempts EOTF mode: SDR
[02:25:54.972] Output 'Virtual-1' using color profile: stock sRGB color profile
[02:25:54.974] DRM: output Virtual-1 uses shadow framebuffer.
[02:25:54.974] Output Virtual-1 (crtc 35) video modes:
               1280x800@75.0, preferred, current, 107.3 MHz
               5120x2160@50.0 64:27, 742.5 MHz
               4096x2160@50.0 256:135, 594.0 MHz
               3840x2160@60.0 16:9, 594.0 MHz
               3840x2160@59.9 16:9, 593.4 MHz
               3840x2160@50.0 16:9, 594.0 MHz
               1920x1440@60.0, 234.0 MHz
               2560x1080@50.0 64:27, 185.6 MHz
               1856x1392@60.0, 218.2 MHz
               1792x1344@60.0, 204.8 MHz
               2048x1152@60.0, 162.0 MHz
               1920x1200@59.9, 193.2 MHz
               1920x1080@60.0, 148.5 MHz
               1920x1080@50.0 16:9, 148.5 MHz
               1600x1200@60.0, 162.0 MHz
               1680x1050@60.0, 146.2 MHz
               1400x1050@60.0, 121.8 MHz
               1280x1024@60.0, 108.0 MHz
               1440x900@59.9, 106.5 MHz
               1280x960@60.0, 108.0 MHz
               1360x768@60.0, 85.5 MHz
               1280x768@59.9, 79.5 MHz
               1024x768@60.0, 65.0 MHz
               800x600@60.3, 40.0 MHz
               640x480@60.0 4:3, 25.2 MHz
               640x480@59.9, 25.2 MHz
[02:25:54.974] associating input device event0 with output Virtual-1 (none by udev)
[02:25:54.974] associating input device event1 with output Virtual-1 (none by udev)
[02:25:54.974] associating input device event3 with output Virtual-1 (none by udev)
[02:25:54.974] associating input device event2 with output Virtual-1 (none by udev)
[02:25:54.974] Output 'Virtual-1' enabled with head(s) Virtual-1
[02:25:54.974] Compositor capabilities:
               arbitrary surface rotation: yes
               screen capture uses y-flip: no
               cursor planes: yes
               arbitrary resolutions: no
               view mask clipping: yes
               explicit sync: no
               color operations: no
               presentation clock: CLOCK_MONOTONIC, id 1
               presentation clock resolution: 0.000000001 s
[02:25:54.974] Loading module '/usr/lib/x86_64-linux-gnu/weston/kiosk-shell.so'
[init-phase3] launching chromium url=data:text/html;base64,PCFkb2N0eXBlIGh0bWw+CjxodG1sPgogIDxib2R5IHN0eWxlPSJtYXJnaW46MDtiYWNrZ3JvdW5kOndoaXRlO2ZvbnQtZmFtaWx5OkRlamFWdSBTYW5zLCBzYW5zLXNlcmlmIj4KICAgIDxpbnB1dCBpZD0iaSIgYXV0b2ZvY3VzIHN0eWxlPSJkaXNwbGF5OmJsb2NrO3dpZHRoOjk1dnc7aGVpZ2h0OjEyMHB4O2ZvbnQtc2l6ZTo3MnB4O21hcmdpbjoyMHB4IGF1dG8iIHZhbHVlPSIiPgogICAgPGJ1dHRvbiBpZD0iYiIgb25jbGljaz0iZG9jdW1lbnQuYm9keS5zdHlsZS5iYWNrZ3JvdW5kPSdsaW1lJztkb2N1bWVudC5nZXRFbGVtZW50QnlJZCgncycpLnRleHRDb250ZW50PSdjbGlja2VkJyIgc3R5bGU9ImRpc3BsYXk6YmxvY2s7Zm9udC1zaXplOjY0cHg7bWFyZ2luOjIwcHggYXV0byI+Q0xJQ0s8L2J1dHRvbj4KICAgIDxkaXYgaWQ9InMiIHN0eWxlPSJmb250LXNpemU6NzJweDt0ZXh0LWFsaWduOmNlbnRlciI+aWRsZTwvZGl2PgogIDwvYm9keT4KPC9odG1sPgo= runtime=40 suspend_delay=10 wake=5 pm_test=freezer no_suspend=
[init-phase3] chromium pid=126
[init-phase3] scheduling suspend args=--delay-seconds 10 --wake-seconds 5 --pm-test freezer
[    2.101787] usb 1-1: new high-speed USB device number 2 using xhci_hcd
[    2.230049] usb 1-1: New USB device found, idVendor=0627, idProduct=0001, bcdDevice= 0.00
[    2.230461] usb 1-1: New USB device strings: Mfr=1, Product=4, SerialNumber=11
[    2.230762] usb 1-1: Product: QEMU USB Keyboard
[    2.230969] usb 1-1: Manufacturer: QEMU
[    2.231134] usb 1-1: SerialNumber: 68284-0000:00:03.0-1
[    2.245297] input: QEMU QEMU USB Keyboard as /devices/pci0000:00/0000:00:03.0/usb1/1-1/1-1:1.0/0003:0627:0001.0001/input/input5
[    2.317856] hid-generic 0003:0627:0001.0001: input,hidraw0: USB HID v1.11 Keyboard [QEMU QEMU USB Keyboard] on usb-0000:00:03.0-1/input0
[    2.435953] usb 1-2: new high-speed USB device number 3 using xhci_hcd
[    2.563463] usb 1-2: New USB device found, idVendor=0627, idProduct=0001, bcdDevice= 0.00
[    2.564703] usb 1-2: New USB device strings: Mfr=1, Product=3, SerialNumber=10
[    2.565679] usb 1-2: Product: QEMU USB Tablet
[    2.566325] usb 1-2: Manufacturer: QEMU
[    2.566922] usb 1-2: SerialNumber: 28754-0000:00:03.0-2
[    2.569497] input: QEMU QEMU USB Tablet as /devices/pci0000:00/0000:00:03.0/usb1/1-2/1-2:1.0/0003:0627:0001.0002/input/input6
[    2.571593] hid-generic 0003:0627:0001.0002: input,hidraw1: USB HID v0.01 Mouse [QEMU QEMU USB Tablet] on usb-0000:00:03.0-2/input0
MESA-LOADER: failed to open dri: /usr/lib/x86_64-linux-gnu/gbm/dri_gbm.so: cannot open shared object file: No such file or directory (search paths /usr/lib/x86_64-linux-gnu/gbm, suffix _gbm)
[126:144:0308/022555.139507:ERROR:dbus/bus.cc:405] Failed to connect to the bus: Failed to connect to socket /run/dbus/system_bus_socket: No such file or directory
[126:144:0308/022555.143217:ERROR:dbus/bus.cc:405] Failed to connect to the bus: Could not parse server address: Unknown address type (examples of valid types are "tcp" and on UNIX "unix")
[126:144:0308/022555.143235:ERROR:dbus/bus.cc:405] Failed to connect to the bus: Failed to connect to socket /run/dbus/system_bus_socket: No such file or directory
[126:144:0308/022555.143357:ERROR:dbus/bus.cc:405] Failed to connect to the bus: Failed to connect to socket /run/dbus/system_bus_socket: No such file or directory
MESA-LOADER: failed to open dri: /usr/lib/x86_64-linux-gnu/gbm/dri_gbm.so: cannot open shared object file: No such file or directory (search paths /usr/lib/x86_64-linux-gnu/gbm, suffix _gbm)
[159:159:0308/022555.151992:ERROR:media/gpu/vaapi/vaapi_wrapper.cc:1626] vaInitialize failed: unknown libva error
[126:144:0308/022555.173580:ERROR:dbus/bus.cc:405] Failed to connect to the bus: Could not parse server address: Unknown address type (examples of valid types are "tcp" and on UNIX "unix")

(process:126): GLib-GIO-CRITICAL **: 02:25:55.180: g_settings_schema_source_lookup: assertion 'source != NULL' failed
[126:144:0308/022555.183657:ERROR:dbus/bus.cc:405] Failed to connect to the bus: Could not parse server address: Unknown address type (examples of valid types are "tcp" and on UNIX "unix")
[126:144:0308/022555.184679:ERROR:dbus/bus.cc:405] Failed to connect to the bus: Could not parse server address: Unknown address type (examples of valid types are "tcp" and on UNIX "unix")
[126:126:0308/022555.242586:ERROR:dbus/object_proxy.cc:572] Failed to call method: org.freedesktop.DBus.NameHasOwner: object_path= /org/freedesktop/DBus: unknown error type: 
[126:144:0308/022555.242684:ERROR:dbus/bus.cc:405] Failed to connect to the bus: Could not parse server address: Unknown address type (examples of valid types are "tcp" and on UNIX "unix")
[126:126:0308/022555.247129:ERROR:dbus/object_proxy.cc:572] Failed to call method: org.freedesktop.DBus.NameHasOwner: object_path= /org/freedesktop/DBus: unknown error type: 
[126:126:0308/022555.248845:ERROR:dbus/object_proxy.cc:572] Failed to call method: org.freedesktop.DBus.NameHasOwner: object_path= /org/freedesktop/DBus: unknown error type: 
[126:144:0308/022555.249013:ERROR:dbus/bus.cc:405] Failed to connect to the bus: Could not parse server address: Unknown address type (examples of valid types are "tcp" and on UNIX "unix")
[126:126:0308/022555.249052:ERROR:dbus/object_proxy.cc:572] Failed to call method: org.freedesktop.DBus.NameHasOwner: object_path= /org/freedesktop/DBus: unknown error type: 
[126:126:0308/022555.257242:ERROR:dbus/object_proxy.cc:572] Failed to call method: org.freedesktop.DBus.NameHasOwner: object_path= /org/freedesktop/DBus: unknown error type: 
[126:144:0308/022555.257427:ERROR:dbus/bus.cc:405] Failed to connect to the bus: Failed to connect to socket /run/dbus/system_bus_socket: No such file or directory
[126:144:0308/022555.259973:ERROR:dbus/bus.cc:405] Failed to connect to the bus: Failed to connect to socket /run/dbus/system_bus_socket: No such file or directory
[126:126:0308/022555.263730:ERROR:dbus/object_proxy.cc:572] Failed to call method: org.freedesktop.DBus.NameHasOwner: object_path= /org/freedesktop/DBus: unknown error type: 
[126:144:0308/022555.264405:ERROR:dbus/bus.cc:405] Failed to connect to the bus: Could not parse server address: Unknown address type (examples of valid types are "tcp" and on UNIX "unix")
[126:126:0308/022555.265770:ERROR:dbus/object_proxy.cc:572] Failed to call method: org.freedesktop.DBus.Properties.GetAll: object_path= /org/freedesktop/UPower/devices/DisplayDevice: unknown error type: 
[126:126:0308/022555.267710:ERROR:dbus/object_proxy.cc:572] Failed to call method: org.freedesktop.DBus.NameHasOwner: object_path= /org/freedesktop/DBus: unknown error type: 
[126:144:0308/022555.267746:ERROR:dbus/bus.cc:405] Failed to connect to the bus: Could not parse server address: Unknown address type (examples of valid types are "tcp" and on UNIX "unix")
[126:126:0308/022555.268564:ERROR:dbus/object_proxy.cc:572] Failed to call method: org.freedesktop.DBus.NameHasOwner: object_path= /org/freedesktop/DBus: unknown error type: 
[126:144:0308/022555.268597:ERROR:dbus/bus.cc:405] Failed to connect to the bus: Could not parse server address: Unknown address type (examples of valid types are "tcp" and on UNIX "unix")
[126:126:0308/022555.268763:ERROR:dbus/object_proxy.cc:572] Failed to call method: org.freedesktop.DBus.NameHasOwner: object_path= /org/freedesktop/DBus: unknown error type: 
@@LOG kind=state wakealarm_seconds=5
@@LOG kind=state state=SUSPENDING cycle=1
[   12.037124] PM: suspend entry (s2idle)
[   12.037751] Filesystems sync: 0.000 seconds
[   12.048929] Freezing user space processes
[   12.050617] Freezing user space processes completed (elapsed 0.001 seconds)
[   12.051435] OOM killer disabled.
[   12.051743] Freezing remaining freezable tasks
[   12.053209] Freezing remaining freezable tasks completed (elapsed 0.001 seconds)
[   12.053763] PM: suspend debug: Waiting for 5 second(s).
[   17.055183] OOM killer enabled.
[   17.055763] Restarting tasks ... done.
[   17.062970] random: crng reseeded on system resumption
[   17.063347] PM: suspend exit
@@LOG kind=state state=RESUMED cycle=1 sleep_ms=5031 resume_gap_ms=5031
@@METRIC name=sleep_duration value_ms=5031 cycle=1
@@METRIC name=suspend_resume_gap value_ms=5031 cycle=1
[init-phase3] runtime limit reached, terminating chromium
[init-phase3] chromium exited
[   42.066343] ACPI: PM: Preparing to enter system sleep state S5
[   42.066964] reboot: Power down
