[    0.000000] Linux version 6.8.0-101-generic (buildd@lcy02-amd64-051) (x86_64-linux-gnu-gcc-13 (Ubuntu 13.3.0-6ubuntu2~24.04) 13.3.0, GNU ld (GNU Binutils for Ubuntu) 2.42) #101-Ubuntu SMP PREEMPT_DYNAMIC Mon Feb  9 10:15:05 UTC 2026 (Ubuntu 6.8.0-101.101-generic 6.8.12)
[    0.000000] Command line: console=ttyS0 panic=-1 no_console_suspend rdinit=/init
[    0.000000] KERNEL supported cpus:
[    0.000000]   Intel GenuineIntel
[    0.000000]   AMD AuthenticAMD
[    0.000000]   Hygon HygonGenuine
[    0.000000]   Centaur CentaurHauls
[    0.000000]   zhaoxin   Shanghai  
[    0.000000] BIOS-provided physical RAM map:
[    0.000000] BIOS-e820: [mem 0x0000000000000000-0x000000000009fbff] usable
[    0.000000] BIOS-e820: [mem 0x000000000009fc00-0x000000000009ffff] reserved
[    0.000000] BIOS-e820: [mem 0x00000000000f0000-0x00000000000fffff] reserved
[    0.000000] BIOS-e820: [mem 0x0000000000100000-0x000000003ffddfff] usable
[    0.000000] BIOS-e820: [mem 0x000000003ffde000-0x000000003fffffff] reserved
[    0.000000] BIOS-e820: [mem 0x00000000b0000000-0x00000000bfffffff] reserved
[    0.000000] BIOS-e820: [mem 0x00000000fed1c000-0x00000000fed1ffff] reserved
[    0.000000] BIOS-e820: [mem 0x00000000feffc000-0x00000000feffffff] reserved
[    0.000000] BIOS-e820: [mem 0x00000000fffc0000-0x00000000ffffffff] reserved
[    0.000000] NX (Execute Disable) protection: active
[    0.000000] APIC: Static calls initialized
[    0.000000] SMBIOS 3.0.0 present.
[    0.000000] DMI: QEMU Standard PC (Q35 + ICH9, 2009), BIOS 1.16.3-debian-1.16.3-2 04/01/2014
[    0.000000] Hypervisor detected: KVM
[    0.000000] kvm-clock: Using msrs 4b564d01 and 4b564d00
[    0.000000] kvm-clock: using sched offset of 252995659 cycles
[    0.000001] clocksource: kvm-clock: mask: 0xffffffffffffffff max_cycles: 0x1cd42e4dffb, max_idle_ns: 881590591483 ns
[    0.000003] tsc: Detected 2803.200 MHz processor
[    0.000582] last_pfn = 0x3ffde max_arch_pfn = 0x400000000
[    0.000616] MTRR map: 4 entries (3 fixed + 1 variable; max 19), built from 8 variable MTRRs
[    0.000619] x86/PAT: Configuration [0-7]: WB  WC  UC- UC  WB  WP  UC- WT  
[    0.004543] found SMP MP-table at [mem 0x000f5470-0x000f547f]
[    0.004554] Using GB pages for direct mapping
[    0.004600] RAMDISK: [mem 0x3ed23000-0x3ffcffff]
[    0.004605] ACPI: Early table checksum verification disabled
[    0.004608] ACPI: RSDP 0x00000000000F52B0 000014 (v00 BOCHS )
[    0.004611] ACPI: RSDT 0x000000003FFE2304 000038 (v01 BOCHS  BXPC     00000001 BXPC 00000001)
[    0.004615] ACPI: FACP 0x000000003FFE20FC 0000F4 (v03 BOCHS  BXPC     00000001 BXPC 00000001)
[    0.004619] ACPI: DSDT 0x000000003FFE0040 0020BC (v01 BOCHS  BXPC     00000001 BXPC 00000001)
[    0.004621] ACPI: FACS 0x000000003FFE0000 000040
[    0.004623] ACPI: APIC 0x000000003FFE21F0 000078 (v03 BOCHS  BXPC     00000001 BXPC 00000001)
[    0.004625] ACPI: HPET 0x000000003FFE2268 000038 (v01 BOCHS  BXPC     00000001 BXPC 00000001)
[    0.004627] ACPI: MCFG 0x000000003FFE22A0 00003C (v01 BOCHS  BXPC     00000001 BXPC 00000001)
[    0.004629] ACPI: WAET 0x000000003FFE22DC 000028 (v01 BOCHS  BXPC     00000001 BXPC 00000001)
[    0.004630] ACPI: Reserving FACP table memory at [mem 0x3ffe20fc-0x3ffe21ef]
[    0.004631] ACPI: Reserving DSDT table memory at [mem 0x3ffe0040-0x3ffe20fb]
[    0.004632] ACPI: Reserving FACS table memory at [mem 0x3ffe0000-0x3ffe003f]
[    0.004633] ACPI: Reserving APIC table memory at [mem 0x3ffe21f0-0x3ffe2267]
[    0.004633] ACPI: Reserving HPET table memory at [mem 0x3ffe2268-0x3ffe229f]
[    0.004634] ACPI: Reserving MCFG table memory at [mem 0x3ffe22a0-0x3ffe22db]
[    0.004634] ACPI: Reserving WAET table memory at [mem 0x3ffe22dc-0x3ffe2303]
[    0.004864] No NUMA configuration found
[    0.004864] Faking a node at [mem 0x0000000000000000-0x000000003ffddfff]
[    0.004869] NODE_DATA(0) allocated [mem 0x3ecf8000-0x3ed22fff]
[    0.004961] Zone ranges:
[    0.004962]   DMA      [mem 0x0000000000001000-0x0000000000ffffff]
[    0.004963]   DMA32    [mem 0x0000000001000000-0x000000003ffddfff]
[    0.004964]   Normal   empty
[    0.004965]   Device   empty
[    0.004965] Movable zone start for each node
[    0.004966] Early memory node ranges
[    0.004967]   node   0: [mem 0x0000000000001000-0x000000000009efff]
[    0.004968]   node   0: [mem 0x0000000000100000-0x000000003ffddfff]
[    0.004968] Initmem setup node 0 [mem 0x0000000000001000-0x000000003ffddfff]
[    0.005156] On node 0, zone DMA: 1 pages in unavailable ranges
[    0.005164] On node 0, zone DMA: 97 pages in unavailable ranges
[    0.007175] On node 0, zone DMA32: 34 pages in unavailable ranges
[    0.007437] ACPI: PM-Timer IO Port: 0x608
[    0.007448] ACPI: LAPIC_NMI (acpi_id[0xff] dfl dfl lint[0x1])
[    0.007478] IOAPIC[0]: apic_id 0, version 17, address 0xfec00000, GSI 0-23
[    0.007480] ACPI: INT_SRC_OVR (bus 0 bus_irq 0 global_irq 2 dfl dfl)
[    0.007482] ACPI: INT_SRC_OVR (bus 0 bus_irq 5 global_irq 5 high level)
[    0.007483] ACPI: INT_SRC_OVR (bus 0 bus_irq 9 global_irq 9 high level)
[    0.007484] ACPI: INT_SRC_OVR (bus 0 bus_irq 10 global_irq 10 high level)
[    0.007484] ACPI: INT_SRC_OVR (bus 0 bus_irq 11 global_irq 11 high level)
[    0.007487] ACPI: Using ACPI (MADT) for SMP configuration information
[    0.007488] ACPI: HPET id: 0x8086a201 base: 0xfed00000
[    0.007492] TSC deadline timer available
[    0.007493] smpboot: Allowing 1 CPUs, 0 hotplug CPUs
[    0.007508] kvm-guest: APIC: eoi() replaced with kvm_guest_apic_eoi_write()
[    0.007529] PM: hibernation: Registered nosave memory: [mem 0x00000000-0x00000fff]
[    0.007530] PM: hibernation: Registered nosave memory: [mem 0x0009f000-0x000fffff]
[    0.007532] [mem 0x40000000-0xafffffff] available for PCI devices
[    0.007533] Booting paravirtualized kernel on KVM
[    0.007534] clocksource: refined-jiffies: mask: 0xffffffff max_cycles: 0xffffffff, max_idle_ns: 1910969940391419 ns
[    0.007539] setup_percpu: NR_CPUS:8192 nr_cpumask_bits:1 nr_cpu_ids:1 nr_node_ids:1
[    0.007829] percpu: Embedded 86 pages/cpu s229376 r8192 d114688 u2097152
[    0.007863] kvm-guest: PV spinlocks disabled, single CPU
[    0.007864] Kernel command line: console=ttyS0 panic=-1 no_console_suspend rdinit=/init
[    0.007931] random: crng init done
[    0.007960] Dentry cache hash table entries: 131072 (order: 8, 1048576 bytes, linear)
[    0.007997] Inode-cache hash table entries: 65536 (order: 7, 524288 bytes, linear)
[    0.008031] Fallback order for Node 0: 0 
[    0.008034] Built 1 zonelists, mobility grouping on.  Total pages: 257758
[    0.008035] Policy zone: DMA32
[    0.008040] mem auto-init: stack:all(zero), heap alloc:on, heap free:off
[    0.009713] Memory: 956224K/1048048K available (22528K kernel code, 4439K rwdata, 14400K rodata, 4920K init, 4788K bss, 91564K reserved, 0K cma-reserved)
[    0.010336] SLUB: HWalign=64, Order=0-3, MinObjects=0, CPUs=1, Nodes=1
[    0.010356] ftrace: allocating 58250 entries in 228 pages
[    0.018509] ftrace: allocated 228 pages with 4 groups
[    0.019326] Dynamic Preempt: voluntary
[    0.019570] rcu: Preemptible hierarchical RCU implementation.
[    0.019572] rcu: 	RCU restricting CPUs from NR_CPUS=8192 to nr_cpu_ids=1.
[    0.019573] 	Trampoline variant of Tasks RCU enabled.
[    0.019574] 	Rude variant of Tasks RCU enabled.
[    0.019574] 	Tracing variant of Tasks RCU enabled.
[    0.019575] rcu: RCU calculated value of scheduler-enlistment delay is 100 jiffies.
[    0.019575] rcu: Adjusting geometry for rcu_fanout_leaf=16, nr_cpu_ids=1
[    0.019580] RCU Tasks: Setting shift to 0 and lim to 1 rcu_task_cb_adjust=1 rcu_task_cpu_ids=1.
[    0.019582] RCU Tasks Rude: Setting shift to 0 and lim to 1 rcu_task_cb_adjust=1 rcu_task_cpu_ids=1.
[    0.019583] RCU Tasks Trace: Setting shift to 0 and lim to 1 rcu_task_cb_adjust=1 rcu_task_cpu_ids=1.
[    0.022139] NR_IRQS: 524544, nr_irqs: 256, preallocated irqs: 16
[    0.022340] rcu: srcu_init: Setting srcu_struct sizes based on contention.
[    0.029206] Console: colour VGA+ 80x25
[    0.029238] printk: legacy console [ttyS0] enabled
[    0.081832] ACPI: Core revision 20230628
[    0.082186] clocksource: hpet: mask: 0xffffffff max_cycles: 0xffffffff, max_idle_ns: 19112604467 ns
[    0.082866] APIC: Switch to symmetric I/O mode setup
[    0.083439] x2apic enabled
[    0.083881] APIC: Switched APIC routing to: physical x2apic
[    0.085101] ..TIMER: vector=0x30 apic1=0 pin1=2 apic2=-1 pin2=-1
[    0.085555] clocksource: tsc-early: mask: 0xffffffffffffffff max_cycles: 0x28680fa287f, max_idle_ns: 440795281151 ns
[    0.086333] Calibrating delay loop (skipped) preset value.. 5606.40 BogoMIPS (lpj=2803200)
[    0.087458] x86/cpu: User Mode Instruction Prevention (UMIP) activated
[    0.088026] Last level iTLB entries: 4KB 0, 2MB 0, 4MB 0
[    0.088331] Last level dTLB entries: 4KB 0, 2MB 0, 4MB 0, 1GB 0
[    0.088768] Spectre V1 : Mitigation: usercopy/swapgs barriers and __user pointer sanitization
[    0.089334] Spectre V2 : Spectre BHI mitigation: SW BHB clearing on vm exit
[    0.089787] Spectre V2 : Spectre BHI mitigation: SW BHB clearing on syscall
[    0.090331] Spectre V2 : Mitigation: Enhanced / Automatic IBRS
[    0.090712] Spectre V2 : Spectre v2 / PBRSB-eIBRS: Retire a single CALL on VMEXIT
[    0.091331] Spectre V2 : mitigation: Enabling conditional Indirect Branch Prediction Barrier
[    0.091881] Speculative Store Bypass: Mitigation: Speculative Store Bypass disabled via prctl
[    0.092331] ITS: WARNING: ITS mitigation depends on retpoline and rethunk support
[    0.092826] ITS: Vulnerable
[    0.093038] x86/fpu: Supporting XSAVE feature 0x001: 'x87 floating point registers'
[    0.093330] x86/fpu: Supporting XSAVE feature 0x002: 'SSE registers'
[    0.093714] x86/fpu: Supporting XSAVE feature 0x004: 'AVX registers'
[    0.094331] x86/fpu: Supporting XSAVE feature 0x020: 'AVX-512 opmask'
[    0.094773] x86/fpu: Supporting XSAVE feature 0x040: 'AVX-512 Hi256'
[    0.095330] x86/fpu: Supporting XSAVE feature 0x080: 'AVX-512 ZMM_Hi256'
[    0.095735] x86/fpu: Supporting XSAVE feature 0x200: 'Protection Keys User registers'
[    0.096331] x86/fpu: xstate_offset[2]:  576, xstate_sizes[2]:  256
[    0.096752] x86/fpu: xstate_offset[5]:  832, xstate_sizes[5]:   64
[    0.097179] x86/fpu: xstate_offset[6]:  896, xstate_sizes[6]:  512
[    0.097330] x86/fpu: xstate_offset[7]: 1408, xstate_sizes[7]: 1024
[    0.097744] x86/fpu: xstate_offset[9]: 2432, xstate_sizes[9]:    8
[    0.098331] x86/fpu: Enabled xstate features 0x2e7, context size is 2440 bytes, using 'compacted' format.
[    0.123050] Freeing SMP alternatives memory: 48K
[    0.123332] pid_max: default: 32768 minimum: 301
[    0.123693] LSM: initializing lsm=lockdown,capability,landlock,yama,apparmor,integrity
[    0.124244] landlock: Up and running.
[    0.124331] Yama: becoming mindful.
[    0.124561] AppArmor: AppArmor initialized
[    0.124832] Mount-cache hash table entries: 2048 (order: 2, 16384 bytes, linear)
[    0.125332] Mountpoint-cache hash table entries: 2048 (order: 2, 16384 bytes, linear)
[    0.126082] smpboot: CPU0: 11th Gen Intel(R) Core(TM) i7-1165G7 @ 2.80GHz (family: 0x6, model: 0x8c, stepping: 0x1)
[    0.126349] Performance Events: Icelake events, full-width counters, Intel PMU driver.
[    0.126946] ... version:                2
[    0.127225] ... bit width:              48
[    0.127332] ... generic registers:      8
[    0.127604] ... value mask:             0000ffffffffffff
[    0.127963] ... max period:             00007fffffffffff
[    0.128307] ... fixed-purpose events:   3
[    0.128331] ... event mask:             00000007000000ff
[    0.128817] signal: max sigframe size: 3632
[    0.129158] rcu: Hierarchical SRCU implementation.
[    0.129332] rcu: 	Max phase no-delay instances is 400.
[    0.129894] smp: Bringing up secondary CPUs ...
[    0.130218] smp: Brought up 1 node, 1 CPU
[    0.130336] smpboot: Max logical packages: 1
[    0.130634] smpboot: Total of 1 processors activated (5606.40 BogoMIPS)
[    0.131239] devtmpfs: initialized
[    0.131364] x86/mm: Memory block size: 128MB
[    0.131861] clocksource: jiffies: mask: 0xffffffff max_cycles: 0xffffffff, max_idle_ns: 1911260446275000 ns
[    0.132335] futex hash table entries: 256 (order: 2, 16384 bytes, linear)
[    0.132833] pinctrl core: initialized pinctrl subsystem
[    0.133291] PM: RTC time: 00:19:53, date: 2026-03-08
[    0.133907] NET: Registered PF_NETLINK/PF_ROUTE protocol family
[    0.134379] DMA: preallocated 128 KiB GFP_KERNEL pool for atomic allocations
[    0.134872] DMA: preallocated 128 KiB GFP_KERNEL|GFP_DMA pool for atomic allocations
[    0.135340] DMA: preallocated 128 KiB GFP_KERNEL|GFP_DMA32 pool for atomic allocations
[    0.135883] audit: initializing netlink subsys (disabled)
[    0.136341] thermal_sys: Registered thermal governor 'fair_share'
[    0.136342] thermal_sys: Registered thermal governor 'bang_bang'
[    0.136756] thermal_sys: Registered thermal governor 'step_wise'
[    0.137165] thermal_sys: Registered thermal governor 'user_space'
[    0.137334] audit: type=2000 audit(1772929193.505:1): state=initialized audit_enabled=0 res=1
[    0.138335] thermal_sys: Registered thermal governor 'power_allocator'
[    0.138346] cpuidle: using governor ladder
[    0.139083] cpuidle: using governor menu
[    0.139371] acpiphp: ACPI Hot Plug PCI Controller Driver version: 0.5
[    0.139906] PCI: ECAM [mem 0xb0000000-0xbfffffff] (base 0xb0000000) for domain 0000 [bus 00-ff]
[    0.140333] PCI: ECAM [mem 0xb0000000-0xbfffffff] reserved as E820 entry
[    0.140795] PCI: Using configuration type 1 for base access
[    0.141246] kprobes: kprobe jump-optimization is enabled. All kprobes are optimized if possible.
[    0.169468] HugeTLB: registered 1.00 GiB page size, pre-allocated 0 pages
[    0.169960] HugeTLB: 16380 KiB vmemmap can be freed for a 1.00 GiB page
[    0.170332] HugeTLB: registered 2.00 MiB page size, pre-allocated 0 pages
[    0.170793] HugeTLB: 28 KiB vmemmap can be freed for a 2.00 MiB page
[    0.172515] ACPI: Added _OSI(Module Device)
[    0.172812] ACPI: Added _OSI(Processor Device)
[    0.173121] ACPI: Added _OSI(Processor Aggregator Device)
[    0.174385] ACPI: 1 ACPI AML tables successfully acquired and loaded
[    0.175371] ACPI: _OSC evaluation for CPUs failed, trying _PDC
[    0.175883] ACPI: Interpreter enabled
[    0.176156] ACPI: PM: (supports S0 S3 S4 S5)
[    0.176333] ACPI: Using IOAPIC for interrupt routing
[    0.176727] PCI: Using host bridge windows from ACPI; if necessary, use "pci=nocrs" and report a bug
[    0.177332] PCI: Using E820 reservations for host bridge windows
[    0.177799] ACPI: Enabled 2 GPEs in block 00 to 3F
[    0.179504] ACPI: PCI Root Bridge [PCI0] (domain 0000 [bus 00-ff])
[    0.179940] acpi PNP0A08:00: _OSC: OS supports [ExtendedConfig ASPM ClockPM Segments MSI EDR HPX-Type3]
[    0.180367] acpi PNP0A08:00: _OSC: platform does not support [PCIeHotplug LTR DPC]
[    0.180936] acpi PNP0A08:00: _OSC: OS now controls [SHPCHotplug PME AER PCIeCapability]
[    0.181431] PCI host bridge to bus 0000:00
[    0.181721] pci_bus 0000:00: root bus resource [io  0x0000-0x0cf7 window]
[    0.182177] pci_bus 0000:00: root bus resource [io  0x0d00-0xffff window]
[    0.182332] pci_bus 0000:00: root bus resource [mem 0x000a0000-0x000bffff window]
[    0.182838] pci_bus 0000:00: root bus resource [mem 0x40000000-0xafffffff window]
[    0.183332] pci_bus 0000:00: root bus resource [mem 0xc0000000-0xfebfffff window]
[    0.183834] pci_bus 0000:00: root bus resource [mem 0x100000000-0x8ffffffff window]
[    0.184332] pci_bus 0000:00: root bus resource [bus 00-ff]
[    0.184741] pci 0000:00:00.0: [8086:29c0] type 00 class 0x060000 conventional PCI endpoint
[    0.185632] pci 0000:00:01.0: [1af4:1000] type 00 class 0x020000 conventional PCI endpoint
[    0.186696] pci 0000:00:01.0: BAR 0 [io  0xc040-0xc05f]
[    0.187052] pci 0000:00:01.0: BAR 4 [mem 0xfe800000-0xfe803fff 64bit pref]
[    0.187337] pci 0000:00:01.0: ROM [mem 0xfeb00000-0xfeb7ffff pref]
[    0.188128] pci 0000:00:02.0: [1af4:1050] type 00 class 0x030000 conventional PCI endpoint
[    0.189342] pci 0000:00:02.0: BAR 0 [mem 0xfe000000-0xfe7fffff pref]
[    0.189792] pci 0000:00:02.0: BAR 2 [mem 0xfe804000-0xfe807fff 64bit pref]
[    0.190269] pci 0000:00:02.0: BAR 4 [mem 0xfeb94000-0xfeb94fff]
[    0.190340] pci 0000:00:02.0: ROM [mem 0xfeb80000-0xfeb8ffff pref]
[    0.190791] pci 0000:00:02.0: Video device with shadowed ROM at [mem 0x000c0000-0x000dffff]
[    0.191616] pci 0000:00:03.0: [1b36:000d] type 00 class 0x0c0330 PCIe Root Complex Integrated Endpoint
[    0.192563] pci 0000:00:03.0: BAR 0 [mem 0xfeb90000-0xfeb93fff 64bit]
[    0.200213] pci 0000:00:1f.0: [8086:2918] type 00 class 0x060100 conventional PCI endpoint
[    0.200544] pci 0000:00:1f.0: quirk: [io  0x0600-0x067f] claimed by ICH6 ACPI/GPIO/TCO
[    0.201210] pci 0000:00:1f.2: [8086:2922] type 00 class 0x010601 conventional PCI endpoint
[    0.201915] pci 0000:00:1f.2: BAR 4 [io  0xc060-0xc07f]
[    0.202285] pci 0000:00:1f.2: BAR 5 [mem 0xfeb95000-0xfeb95fff]
[    0.202546] pci 0000:00:1f.3: [8086:2930] type 00 class 0x0c0500 conventional PCI endpoint
[    0.203454] pci 0000:00:1f.3: BAR 4 [io  0x0700-0x073f]
[    0.204032] ACPI: PCI: Interrupt link LNKA configured for IRQ 10
[    0.204381] ACPI: PCI: Interrupt link LNKB configured for IRQ 10
[    0.204809] ACPI: PCI: Interrupt link LNKC configured for IRQ 11
[    0.205206] ACPI: PCI: Interrupt link LNKD configured for IRQ 11
[    0.205372] ACPI: PCI: Interrupt link LNKE configured for IRQ 10
[    0.205769] ACPI: PCI: Interrupt link LNKF configured for IRQ 10
[    0.206174] ACPI: PCI: Interrupt link LNKG configured for IRQ 11
[    0.206377] ACPI: PCI: Interrupt link LNKH configured for IRQ 11
[    0.206804] ACPI: PCI: Interrupt link GSIA configured for IRQ 16
[    0.207225] ACPI: PCI: Interrupt link GSIB configured for IRQ 17
[    0.207337] ACPI: PCI: Interrupt link GSIC configured for IRQ 18
[    0.207743] ACPI: PCI: Interrupt link GSID configured for IRQ 19
[    0.208105] ACPI: PCI: Interrupt link GSIE configured for IRQ 20
[    0.208336] ACPI: PCI: Interrupt link GSIF configured for IRQ 21
[    0.208708] ACPI: PCI: Interrupt link GSIG configured for IRQ 22
[    0.209069] ACPI: PCI: Interrupt link GSIH configured for IRQ 23
[    0.209538] iommu: Default domain type: Translated
[    0.209870] iommu: DMA domain TLB invalidation policy: lazy mode
[    0.210393] SCSI subsystem initialized
[    0.210694] ACPI: bus type USB registered
[    0.210979] usbcore: registered new interface driver usbfs
[    0.211311] usbcore: registered new interface driver hub
[    0.211334] usbcore: registered new device driver usb
[    0.211650] pps_core: LinuxPPS API ver. 1 registered
[    0.211960] pps_core: Software ver. 5.3.6 - Copyright 2005-2007 Rodolfo Giometti <giometti@linux.it>
[    0.212332] PTP clock support registered
[    0.212596] EDAC MC: Ver: 3.0.0
[    0.213065] NetLabel: Initializing
[    0.213293] NetLabel:  domain hash size = 128
[    0.213332] NetLabel:  protocols = UNLABELED CIPSOv4 CALIPSO
[    0.213727] NetLabel:  unlabeled traffic allowed by default
[    0.214136] mctp: management component transport protocol core
[    0.214332] NET: Registered PF_MCTP protocol family
[    0.214674] PCI: Using ACPI for IRQ routing
[    0.306499] pci 0000:00:02.0: vgaarb: setting as boot VGA device
[    0.306893] pci 0000:00:02.0: vgaarb: bridge control possible
[    0.307295] pci 0000:00:02.0: vgaarb: VGA device added: decodes=io+mem,owns=io+mem,locks=none
[    0.307332] vgaarb: loaded
[    0.307586] hpet0: at MMIO 0xfed00000, IRQs 2, 8, 0
[    0.307930] hpet0: 3 comparators, 64-bit 100.000000 MHz counter
[    0.311359] clocksource: Switched to clocksource kvm-clock
[    0.312192] VFS: Disk quotas dquot_6.6.0
[    0.312471] VFS: Dquot-cache hash table entries: 512 (order 0, 4096 bytes)
[    0.313029] AppArmor: AppArmor Filesystem Enabled
[    0.313364] pnp: PnP ACPI init
[    0.313685] system 00:05: [mem 0xb0000000-0xbfffffff window] has been reserved
[    0.314333] pnp: PnP ACPI: found 6 devices
[    0.319743] clocksource: acpi_pm: mask: 0xffffff max_cycles: 0xffffff, max_idle_ns: 2085701024 ns
[    0.320336] NET: Registered PF_INET protocol family
[    0.320691] IP idents hash table entries: 16384 (order: 5, 131072 bytes, linear)
[    0.330208] tcp_listen_portaddr_hash hash table entries: 512 (order: 1, 8192 bytes, linear)
[    0.330786] Table-perturb hash table entries: 65536 (order: 6, 262144 bytes, linear)
[    0.331325] TCP established hash table entries: 8192 (order: 4, 65536 bytes, linear)
[    0.331866] TCP bind hash table entries: 8192 (order: 6, 262144 bytes, linear)
[    0.332385] TCP: Hash tables configured (established 8192 bind 8192)
[    0.333052] MPTCP token hash table entries: 1024 (order: 2, 24576 bytes, linear)
[    0.333577] UDP hash table entries: 512 (order: 2, 16384 bytes, linear)
[    0.333989] UDP-Lite hash table entries: 512 (order: 2, 16384 bytes, linear)
[    0.334436] NET: Registered PF_UNIX/PF_LOCAL protocol family
[    0.334817] NET: Registered PF_XDP protocol family
[    0.335112] pci_bus 0000:00: resource 4 [io  0x0000-0x0cf7 window]
[    0.335481] pci_bus 0000:00: resource 5 [io  0x0d00-0xffff window]
[    0.335898] pci_bus 0000:00: resource 6 [mem 0x000a0000-0x000bffff window]
[    0.336365] pci_bus 0000:00: resource 7 [mem 0x40000000-0xafffffff window]
[    0.336807] pci_bus 0000:00: resource 8 [mem 0xc0000000-0xfebfffff window]
[    0.337249] pci_bus 0000:00: resource 9 [mem 0x100000000-0x8ffffffff window]
[    0.337911] ACPI: \_SB_.GSIH: Enabled at IRQ 23
[    0.338641] PCI: CLS 0 bytes, default 64
[    0.338946] Trying to unpack rootfs image as initramfs...
[    0.340067] clocksource: tsc: mask: 0xffffffffffffffff max_cycles: 0x28680fa287f, max_idle_ns: 440795281151 ns
[    0.342136] Initialise system trusted keyrings
[    0.342424] Key type blacklist registered
[    0.342718] workingset: timestamp_bits=36 max_order=18 bucket_order=0
[    0.344068] zbud: loaded
[    0.344358] squashfs: version 4.0 (2009/01/31) Phillip Lougher
[    0.345037] fuse: init (API version 7.39)
[    0.346079] integrity: Platform Keyring initialized
[    0.346379] integrity: Machine keyring initialized
[    0.359041] Key type asymmetric registered
[    0.359336] Asymmetric key parser 'x509' registered
[    0.359689] Block layer SCSI generic (bsg) driver version 0.4 loaded (major 243)
[    0.361105] io scheduler mq-deadline registered
[    0.362113] shpchp: Standard Hot Plug PCI Controller Driver version: 0.4
[    0.362653] input: Power Button as /devices/LNXSYSTM:00/LNXPWRBN:00/input/input0
[    0.364058] ACPI: button: Power Button [PWRF]
[    0.365254] ACPI: \_SB_.GSIF: Enabled at IRQ 21
[    0.367237] ACPI: \_SB_.GSIG: Enabled at IRQ 22
[    0.370026] Serial: 8250/16550 driver, 32 ports, IRQ sharing enabled
[    0.415131] 00:03: ttyS0 at I/O 0x3f8 (irq = 4, base_baud = 115200) is a 16550A
[    0.418213] Linux agpgart interface v0.103
[    0.420539] loop: module loaded
[    0.422142] ACPI: bus type drm_connector registered
[    0.422547] tun: Universal TUN/TAP device driver, 1.6
[    0.424094] PPP generic driver version 2.4.2
[    0.425071] i8042: PNP: PS/2 Controller [PNP0303:KBD,PNP0f13:MOU] at 0x60,0x64 irq 1,12
[    0.427056] serio: i8042 KBD port at 0x60,0x64 irq 1
[    0.427405] serio: i8042 AUX port at 0x60,0x64 irq 12
[    0.428120] mousedev: PS/2 mouse device common for all mice
[    0.429177] input: AT Translated Set 2 keyboard as /devices/platform/i8042/serio0/input/input1
[    0.429915] rtc_cmos 00:04: RTC can wake from S4
[    0.431346] rtc_cmos 00:04: registered as rtc0
[    0.431708] rtc_cmos 00:04: setting system clock to 2026-03-08T00:19:53 UTC (1772929193)
[    0.433039] rtc_cmos 00:04: alarms up to one day, y3k, 242 bytes nvram, hpet irqs
[    0.433566] i2c_dev: i2c /dev entries driver
[    0.433875] device-mapper: core: CONFIG_IMA_DISABLE_HTABLE is disabled. Duplicate IMA measurements will not be recorded in the IMA log.
[    0.437105] device-mapper: uevent: version 1.0.3
[    0.437462] device-mapper: ioctl: 4.48.0-ioctl (2023-03-01) initialised: dm-devel@redhat.com
[    0.438020] intel_pstate: CPU model not supported
[    0.439023] ledtrig-cpu: registered to indicate activity on CPUs
[    0.439511] drop_monitor: Initializing network drop monitor service
[    0.439972] NET: Registered PF_INET6 protocol family
[    0.573578] Freeing initrd memory: 19124K
[    0.574012] Segment Routing with IPv6
[    0.574251] In-situ OAM (IOAM) with IPv6
[    0.574520] NET: Registered PF_PACKET protocol family
[    0.574901] Key type dns_resolver registered
[    0.575267] IPI shorthand broadcast: enabled
[    0.576367] sched_clock: Marking stable (515001728, 60983654)->(586134916, -10149534)
[    0.576917] registered taskstats version 1
[    0.577216] Loading compiled-in X.509 certificates
[    0.577952] Loaded X.509 cert 'Build time autogenerated kernel key: 7f71bdefc17a4d88631555bf9efbb1c93d6f5260'
[    0.579097] Loaded X.509 cert 'Canonical Ltd. Live Patch Signing 2025 Kmod: d541cef61dc7e793b7eb7e899970a2eef0b5dc8c'
[    0.580128] Loaded X.509 cert 'Canonical Ltd. Live Patch Signing: 14df34d1a87cf37625abec039ef2bf521249b969'
[    0.581059] Loaded X.509 cert 'Canonical Ltd. Kernel Module Signing: 88f752e560a1e0737e31163a466ad7b70a850c19'
[    0.581680] blacklist: Loading compiled-in revocation X.509 certificates
[    0.582094] Loaded X.509 cert 'Canonical Ltd. Secure Boot Signing: 61482aa2830d0ab2ad5af10b7250da9033ddcef0'
[    0.582707] Loaded X.509 cert 'Canonical Ltd. Secure Boot Signing (2017): 242ade75ac4a15e50d50c84b0d45ff3eae707a03'
[    0.583437] Loaded X.509 cert 'Canonical Ltd. Secure Boot Signing (ESM 2018): 365188c1d374d6b07c3c8f240f8ef722433d6a8b'
[    0.584119] Loaded X.509 cert 'Canonical Ltd. Secure Boot Signing (2019): c0746fd6c5da3ae827864651ad66ae47fe24b3e8'
[    0.584767] Loaded X.509 cert 'Canonical Ltd. Secure Boot Signing (2021 v1): a8d54bbb3825cfb94fa13c9f8a594a195c107b8d'
[    0.585412] Loaded X.509 cert 'Canonical Ltd. Secure Boot Signing (2021 v2): 4cf046892d6fd3c9a5b03f98d845f90851dc6a8c'
[    0.586082] Loaded X.509 cert 'Canonical Ltd. Secure Boot Signing (2021 v3): 100437bb6de6e469b581e61cd66bce3ef4ed53af'
[    0.586752] Loaded X.509 cert 'Canonical Ltd. Secure Boot Signing (Ubuntu Core 2019): c1d57b8f6b743f23ee41f4f7ee292f06eecadfb9'
[    0.589395] Key type .fscrypt registered
[    0.589682] Key type fscrypt-provisioning registered
[    0.590185] Key type encrypted registered
[    0.590468] AppArmor: AppArmor sha256 policy hashing enabled
[    0.590877] ima: No TPM chip found, activating TPM-bypass!
[    0.591244] Loading compiled-in module X.509 certificates
[    0.591933] Loaded X.509 cert 'Build time autogenerated kernel key: 7f71bdefc17a4d88631555bf9efbb1c93d6f5260'
[    0.592523] ima: Allocated hash algorithm: sha256
[    0.592839] ima: No architecture policies found
[    0.593136] evm: Initialising EVM extended attributes:
[    0.593462] evm: security.selinux
[    0.593694] evm: security.SMACK64
[    0.593898] evm: security.SMACK64EXEC
[    0.594122] evm: security.SMACK64TRANSMUTE
[    0.594395] evm: security.SMACK64MMAP
[    0.594658] evm: security.apparmor
[    0.594892] evm: security.ima
[    0.595101] evm: security.capability
[    0.595346] evm: HMAC attrs: 0x1
[    0.595770] PM:   Magic number: 2:848:303
[    0.596269] tty tty32: hash matches
[    0.598850] RAS: Correctable Errors collector initialized.
[    0.599391] clk: Disabling unused clocks
[    0.605935] Freeing unused decrypted memory: 2028K
[    0.606588] Freeing unused kernel image (initmem) memory: 4920K
[    0.606879] Write protecting the kernel read-only data: 38912k
[    0.607480] Freeing unused kernel image (rodata/data gap) memory: 1984K
[    0.616702] x86/mm: Checked W+X mappings: passed, no W+X pages found.
[    0.617049] Run /init as init process
[init-phase2] booted
[init-phase2] loading module=/lib/modules/6.8.0-101-generic/kernel/drivers/virtio/virtio_dma_buf.ko
[init-phase2] loading module=/lib/modules/6.8.0-101-generic/kernel/drivers/gpu/drm/virtio/virtio-gpu.ko
[    0.623697] [drm] pci: virtio-vga detected at 0000:00:02.0
[    0.624028] virtio-pci 0000:00:02.0: vgaarb: deactivate vga console
[    0.629252] Console: switching to colour dummy device 80x25
[    0.629643] [drm] features: -virgl +edid -resource_blob -host_visible
[    0.629644] [drm] features: -context_init
[    0.630505] [drm] number of scanouts: 1
[    0.630707] [drm] number of cap sets: 0
[    0.631057] [drm] Initialized virtio_gpu 0.1.0 0 for 0000:00:02.0 on minor 0
[    0.633006] fbcon: virtio_gpudrmfb (fb0) is primary device
[    0.635148] Console: switching to colour frame buffer device 160x50
[    0.636331] virtio-pci 0000:00:02.0: [drm] fb0: virtio_gpudrmfb frame buffer device
[init-phase2] loading module=/lib/modules/6.8.0-101-generic/kernel/drivers/hid/hid.ko
[    0.642288] hid: raw HID events driver (C) Jiri Kosina
[init-phase2] loading module=/lib/modules/6.8.0-101-generic/kernel/drivers/hid/hid-generic.ko
[init-phase2] loading module=/lib/modules/6.8.0-101-generic/kernel/drivers/hid/usbhid/usbhid.ko
[    0.645086] usbcore: registered new interface driver usbhid
[    0.645322] usbhid: USB HID core driver
[init-phase2] loading module=/lib/modules/6.8.0-101-generic/kernel/drivers/hid/usbhid/usbkbd.ko
[    0.646424] usbcore: registered new interface driver usbkbd
[init-phase2] loading module=/lib/modules/6.8.0-101-generic/kernel/drivers/hid/usbhid/usbmouse.ko
[    0.647591] usbcore: registered new interface driver usbmouse
[init-phase2] loading module=/lib/modules/6.8.0-101-generic/kernel/drivers/input/mouse/psmouse.ko
[    0.650746] input: VirtualPS/2 VMware VMMouse as /devices/platform/i8042/serio1/input/input4
[    0.651217] input: VirtualPS/2 VMware VMMouse as /devices/platform/i8042/serio1/input/input3
[init-phase2] loading module=/lib/modules/6.8.0-101-generic/kernel/drivers/usb/host/xhci-pci-renesas.ko
[init-phase2] loading module=/lib/modules/6.8.0-101-generic/kernel/drivers/usb/host/xhci-pci.ko
[    0.654098] xhci_hcd 0000:00:03.0: xHCI Host Controller
[    0.654335] xhci_hcd 0000:00:03.0: new USB bus registered, assigned bus number 1
[    0.654789] xhci_hcd 0000:00:03.0: hcc params 0x00087001 hci version 0x100 quirks 0x0000000000000010
[    0.655461] xhci_hcd 0000:00:03.0: xHCI Host Controller
[    0.655717] xhci_hcd 0000:00:03.0: new USB bus registered, assigned bus number 2
[    0.656036] xhci_hcd 0000:00:03.0: Host supports USB 3.0 SuperSpeed
[    0.656348] usb usb1: New USB device found, idVendor=1d6b, idProduct=0002, bcdDevice= 6.08
[    0.656727] usb usb1: New USB device strings: Mfr=3, Product=2, SerialNumber=1
[    0.657072] usb usb1: Product: xHCI Host Controller
[    0.657305] usb usb1: Manufacturer: Linux 6.8.0-101-generic xhci-hcd
[    0.657625] usb usb1: SerialNumber: 0000:00:03.0
[    0.657909] hub 1-0:1.0: USB hub found
[    0.658116] hub 1-0:1.0: 4 ports detected
[    0.658428] usb usb2: We don't know the algorithms for LPM for this host, disabling LPM.
[    0.658817] usb usb2: New USB device found, idVendor=1d6b, idProduct=0003, bcdDevice= 6.08
[    0.659203] usb usb2: New USB device strings: Mfr=3, Product=2, SerialNumber=1
[    0.659543] usb usb2: Product: xHCI Host Controller
[    0.659775] usb usb2: Manufacturer: Linux 6.8.0-101-generic xhci-hcd
[    0.660073] usb usb2: SerialNumber: 0000:00:03.0
[    0.660330] hub 2-0:1.0: USB hub found
[    0.660526] hub 2-0:1.0: 4 ports detected
Starting systemd-udevd version 255.4-1ubuntu8.8
total 0
drwxr-xr-x    2 root     root            80 Mar  8 00:19 by-path
crw-rw----    1 root     video     226,   0 Mar  8 00:19 card0
crw-rw----    1 root     root      226, 128 Mar  8 00:19 renderD128
total 0
drwxr-xr-x    2 root     root           100 Mar  8 00:19 by-path
crw-rw----    1 root     input      13,  64 Mar  8 00:19 event0
crw-rw----    1 root     input      13,  65 Mar  8 00:19 event1
crw-rw----    1 root     input      13,  66 Mar  8 00:19 event2
crw-rw----    1 root     input      13,  67 Mar  8 00:19 event3
crw-rw----    1 root     input      13,  63 Mar  8 00:19 mice
crw-rw----    1 root     input      13,  32 Mar  8 00:19 mouse0
crw-rw----    1 root     input      13,  33 Mar  8 00:19 mouse1
[init-phase2] seatd pid=120
[init-phase2] weston pid=121
[init-phase2] wayland ready
Date: 2026-03-08 UTC
[00:19:53.771] weston 13.0.0
               https://wayland.freedesktop.org
               Bug reports to: https://gitlab.freedesktop.org/wayland/weston/issues/
               Build: 13.0.0
[00:19:53.771] Command line: /usr/bin/weston --backend=drm --renderer=pixman --shell=kiosk-shell.so --socket=wayland-1 --continue-without-input --log=/var/log/weston.log
[00:19:53.771] OS: Linux, 6.8.0-101-generic, #101-Ubuntu SMP PREEMPT_DYNAMIC Mon Feb  9 10:15:05 UTC 2026, x86_64
[00:19:53.771] Flight recorder: enabled
[00:19:53.771] Using config file '/etc/xdg/weston/weston.ini'
[00:19:53.772] Output repaint window is 7 ms maximum.
[00:19:53.772] Loading module '/usr/lib/x86_64-linux-gnu/libweston-13/drm-backend.so'
[00:19:53.772] initializing drm backend
[00:19:53.772] Trying libseat launcher...
[00:19:53.772] [libseat/libseat.c:62] Seat opened with backend 'seatd'
[00:19:53.772] [libseat/backend/seatd.c:212] Enabling seat
[00:19:53.772] libseat: session control granted
[00:19:53.773] using /dev/dri/card0
[00:19:53.773] DRM: supports atomic modesetting
[00:19:53.773] DRM: does not support GBM modifiers
[00:19:53.773] DRM: does not support async page flipping
[00:19:53.773] DRM: supports picture aspect ratio
[00:19:53.773] Using Pixman renderer
[00:19:53.774] event0  - Power Button: is tagged by udev as: Keyboard
[00:19:53.774] event0  - Power Button: device is a keyboard
[00:19:53.775] event1  - AT Translated Set 2 keyboard: is tagged by udev as: Keyboard
[00:19:53.775] event1  - AT Translated Set 2 keyboard: device is a keyboard
[00:19:53.775] event3  - VirtualPS/2 VMware VMMouse: is tagged by udev as: Mouse
[00:19:53.775] event3  - VirtualPS/2 VMware VMMouse: device is a pointer
[00:19:53.776] event2  - VirtualPS/2 VMware VMMouse: is tagged by udev as: Mouse
[00:19:53.776] event2  - VirtualPS/2 VMware VMMouse: device is a pointer
[00:19:53.778] libinput: configuring device "Power Button".
[00:19:53.778] libinput: configuring device "AT Translated Set 2 keyboard".
[00:19:53.778] libinput: configuring device "VirtualPS/2 VMware VMMouse".
[00:19:53.778] libinput: configuring device "VirtualPS/2 VMware VMMouse".
[00:19:53.778] input device event2 has no enabled output associated (none named), skipping calibration for now.
[00:19:53.778] DRM: head 'Virtual-1' found, connector 36 is connected, EDID make 'RHT', model 'QEMU Monitor', serial ''
               Supported EOTF modes: SDR
[00:19:53.779] Registered plugin API 'weston_drm_output_api_v1' of size 40
[00:19:53.779] Registered plugin API 'weston_drm_virtual_output_api_v2' of size 48
[00:19:53.779] Color manager: no-op
[00:19:53.779] Output 'Virtual-1' attempts EOTF mode: SDR
[00:19:53.779] Output 'Virtual-1' using color profile: stock sRGB color profile
[00:19:53.780] DRM: output Virtual-1 uses shadow framebuffer.
[00:19:53.780] Output Virtual-1 (crtc 35) video modes:
               1280x800@75.0, preferred, current, 107.3 MHz
               5120x2160@50.0 64:27, 742.5 MHz
               4096x2160@50.0 256:135, 594.0 MHz
               3840x2160@60.0 16:9, 594.0 MHz
               3840x2160@59.9 16:9, 593.4 MHz
               3840x2160@50.0 16:9, 594.0 MHz
               1920x1440@60.0, 234.0 MHz
               2560x1080@50.0 64:27, 185.6 MHz
               1856x1392@60.0, 218.2 MHz
               1792x1344@60.0, 204.8 MHz
               2048x1152@60.0, 162.0 MHz
               1920x1200@59.9, 193.2 MHz
               1920x1080@60.0, 148.5 MHz
               1920x1080@50.0 16:9, 148.5 MHz
               1600x1200@60.0, 162.0 MHz
               1680x1050@60.0, 146.2 MHz
               1400x1050@60.0, 121.8 MHz
               1280x1024@60.0, 108.0 MHz
               1440x900@59.9, 106.5 MHz
               1280x960@60.0, 108.0 MHz
               1360x768@60.0, 85.5 MHz
               1280x768@59.9, 79.5 MHz
               1024x768@60.0, 65.0 MHz
               800x600@60.3, 40.0 MHz
               640x480@60.0 4:3, 25.2 MHz
               640x480@59.9, 25.2 MHz
[00:19:53.780] associating input device event0 with output Virtual-1 (none by udev)
[00:19:53.780] associating input device event1 with output Virtual-1 (none by udev)
[00:19:53.780] associating input device event3 with output Virtual-1 (none by udev)
[00:19:53.780] associating input device event2 with output Virtual-1 (none by udev)
[00:19:53.780] Output 'Virtual-1' enabled with head(s) Virtual-1
[00:19:53.780] Compositor capabilities:
               arbitrary surface rotation: yes
               screen capture uses y-flip: no
               cursor planes: yes
               arbitrary resolutions: no
               view mask clipping: yes
               explicit sync: no
               color operations: no
               presentation clock: CLOCK_MONOTONIC, id 1
               presentation clock resolution: 0.000000001 s
[00:19:53.780] Loading module '/usr/lib/x86_64-linux-gnu/weston/kiosk-shell.so'
[init-phase2] launching client=/bin/wl_sleepdemo args=--idle-seconds 5 --max-suspend-cycles 1 --wake-seconds 5 --pm-test devices
@@LOG kind=state global name=1 interface=wl_compositor version=5
@@LOG kind=state global name=2 interface=wl_subcompositor version=1
@@LOG kind=state global name=3 interface=wp_viewporter version=1
@@LOG kind=state global name=4 interface=zxdg_output_manager_v1 version=2
@@LOG kind=state global name=5 interface=wp_presentation version=1
@@LOG kind=state global name=6 interface=wp_single_pixel_buffer_manager_v1 version=1
@@LOG kind=state global name=7 interface=wp_tearing_control_manager_v1 version=1
@@LOG kind=state global name=8 interface=zwp_relative_pointer_manager_v1 version=1
@@LOG kind=state global name=9 interface=zwp_pointer_constraints_v1 version=1
@@LOG kind=state global name=10 interface=zwp_input_timestamps_manager_v1 version=1
@@LOG kind=state global name=11 interface=weston_capture_v1 version=1
@@LOG kind=state global name=12 interface=wl_data_device_manager version=3
@@LOG kind=state global name=13 interface=wl_shm version=1
@@LOG kind=state global name=14 interface=wl_seat version=7
@@LOG kind=state global name=15 interface=weston_content_protection version=1
@@LOG kind=state global name=16 interface=wl_output version=4
@@LOG kind=state global name=17 interface=xdg_wm_base version=5
@@LOG kind=state seat-listener-added
@@LOG kind=state keyboard-bound-fallback
@@LOG kind=state pointer-bound-fallback
@@LOG kind=state socket-hup
[    0.895174] usb 1-1: new high-speed USB device number 2 using xhci_hcd
[    1.022302] usb 1-1: New USB device found, idVendor=0627, idProduct=0001, bcdDevice= 0.00
[    1.022746] usb 1-1: New USB device strings: Mfr=1, Product=4, SerialNumber=11
[    1.023123] usb 1-1: Product: QEMU USB Keyboard
[    1.023400] usb 1-1: Manufacturer: QEMU
[    1.023591] usb 1-1: SerialNumber: 68284-0000:00:03.0-1
[    1.024809] input: QEMU QEMU USB Keyboard as /devices/pci0000:00/0000:00:03.0/usb1/1-1/1-1:1.0/0003:0627:0001.0001/input/input5
[    1.077396] hid-generic 0003:0627:0001.0001: input,hidraw0: USB HID v1.11 Keyboard [QEMU QEMU USB Keyboard] on usb-0000:00:03.0-1/input0
[    1.192036] usb 1-2: new high-speed USB device number 3 using xhci_hcd
[    1.318915] usb 1-2: New USB device found, idVendor=0627, idProduct=0001, bcdDevice= 0.00
[    1.320360] usb 1-2: New USB device strings: Mfr=1, Product=3, SerialNumber=10
[    1.321559] usb 1-2: Product: QEMU USB Tablet
[    1.322322] usb 1-2: Manufacturer: QEMU
[    1.322907] usb 1-2: SerialNumber: 28754-0000:00:03.0-2
[    1.325675] input: QEMU QEMU USB Tablet as /devices/pci0000:00/0000:00:03.0/usb1/1-2/1-2:1.0/0003:0627:0001.0002/input/input6
[    1.327830] hid-generic 0003:0627:0001.0002: input,hidraw1: USB HID v0.01 Mouse [QEMU QEMU USB Tablet] on usb-0000:00:03.0-2/input0
@@LOG kind=state socket-hup
@@LOG kind=state socket-hup
@@LOG kind=state socket-hup
@@LOG kind=state socket-hup
@@LOG kind=state wakealarm_seconds=5
@@LOG kind=state state=SUSPENDING cycle=1
[    5.853265] PM: suspend entry (s2idle)
[    5.853457] Filesystems sync: 0.000 seconds
[    5.857530] Freezing user space processes
[    5.861043] Freezing user space processes completed (elapsed 0.002 seconds)
[    5.861390] OOM killer disabled.
[    5.861548] Freezing remaining freezable tasks
[    5.862789] Freezing remaining freezable tasks completed (elapsed 0.001 seconds)
[    5.969904] PM: suspend debug: Waiting for 5 second(s).
[   10.987781] xhci_hcd 0000:00:03.0: xHC error in resume, USBSTS 0x401, Reinit
[   10.989038] usb usb1: root hub lost power or was reset
[   10.989318] usb usb2: root hub lost power or was reset
[   11.258092] usb 1-2: reset high-speed USB device number 3 using xhci_hcd
[   11.498079] usb 1-1: reset high-speed USB device number 2 using xhci_hcd
[   11.624614] OOM killer enabled.
[   11.624804] Restarting tasks ... done.
[   11.626643] random: crng reseeded on system resumption
[   11.627994] PM: suspend exit
@@LOG kind=state state=RESUMED cycle=1 sleep_ms=5775 resume_gap_ms=5775
@@METRIC name=sleep_duration value_ms=5775 cycle=1
@@METRIC name=suspend_resume_gap value_ms=5775 cycle=1
@@METRIC name=resume_to_redraw value_ms=4 cycle=1
@@LOG kind=state seat-capabilities=0
@@LOG kind=state socket-hup
@@LOG kind=state seat-capabilities=2
@@LOG kind=state keyboard-rebound
@@LOG kind=state socket-hup
@@LOG kind=state socket-hup
@@LOG kind=state socket-hup
@@LOG kind=state socket-hup
@@LOG kind=state socket-hup
@@LOG kind=state socket-hup
@@LOG kind=state socket-hup
@@LOG kind=state socket-hup
@@LOG kind=state socket-hup
@@LOG kind=state socket-hup
@@LOG kind=state socket-hup
@@LOG kind=state socket-hup
@@LOG kind=state socket-hup
@@LOG kind=state socket-hup
@@LOG kind=state socket-hup
@@LOG kind=state socket-hup
@@LOG kind=state socket-hup
@@LOG kind=state socket-hup
@@LOG kind=state socket-hup
@@LOG kind=state socket-hup
@@LOG kind=state socket-hup
@@LOG kind=state connected
@@METRIC name=resume_to_reconnect value_ms=26727 cycle=1
@@LOG kind=state socket-hup
