c[?7l[2J[0mSeaBIOS (version 1.16.3-debian-1.16.3-2)


iPXE (https://ipxe.org) 00:02.0 CA00 PCI2.10 PnP PMM+1EFCAA90+1EF0AA90 CA00
Press Ctrl-B to configure iPXE (PCI 00:02.0)...                                                                               


Booting from ROM..c[?7l[2J[    0.000000] Linux version 6.8.0-101-generic (buildd@lcy02-amd64-051) (x86_64-linux-gnu-gcc-13 (Ubuntu 13.3.0-6ubuntu2~24.04) 13.3.0, GNU ld (GNU Binutils for Ubuntu) 2.42) #101-Ubuntu SMP PREEMPT_DYNAMIC Mon Feb  9 10:15:05 UTC 2026 (Ubuntu 6.8.0-101.101-generic 6.8.12)
[    0.000000] Command line: console=ttyS0 panic=-1 no_console_suspend rdinit=/init sleepdemo.host=10.0.2.2 sleepdemo.port=5555 sleepdemo.idle=3 sleepdemo.reconnect_ms=7000 sleepdemo.pm_test=devices sleepdemo.max_suspend_cycles=1 sleepdemo.runtime=17 sleepdemo.wake=4
[    0.000000] KERNEL supported cpus:
[    0.000000]   Intel GenuineIntel
[    0.000000]   AMD AuthenticAMD
[    0.000000]   Hygon HygonGenuine
[    0.000000]   Centaur CentaurHauls
[    0.000000]   zhaoxin   Shanghai  
[    0.000000] BIOS-provided physical RAM map:
[    0.000000] BIOS-e820: [mem 0x0000000000000000-0x000000000009fbff] usable
[    0.000000] BIOS-e820: [mem 0x000000000009fc00-0x000000000009ffff] reserved
[    0.000000] BIOS-e820: [mem 0x00000000000f0000-0x00000000000fffff] reserved
[    0.000000] BIOS-e820: [mem 0x0000000000100000-0x000000001ffdefff] usable
[    0.000000] BIOS-e820: [mem 0x000000001ffdf000-0x000000001fffffff] reserved
[    0.000000] BIOS-e820: [mem 0x00000000b0000000-0x00000000bfffffff] reserved
[    0.000000] BIOS-e820: [mem 0x00000000fed1c000-0x00000000fed1ffff] reserved
[    0.000000] BIOS-e820: [mem 0x00000000feffc000-0x00000000feffffff] reserved
[    0.000000] BIOS-e820: [mem 0x00000000fffc0000-0x00000000ffffffff] reserved
[    0.000000] NX (Execute Disable) protection: active
[    0.000000] APIC: Static calls initialized
[    0.000000] SMBIOS 3.0.0 present.
[    0.000000] DMI: QEMU Standard PC (Q35 + ICH9, 2009), BIOS 1.16.3-debian-1.16.3-2 04/01/2014
[    0.000000] Hypervisor detected: KVM
[    0.000000] kvm-clock: Using msrs 4b564d01 and 4b564d00
[    0.000000] kvm-clock: using sched offset of 133699443 cycles
[    0.000001] clocksource: kvm-clock: mask: 0xffffffffffffffff max_cycles: 0x1cd42e4dffb, max_idle_ns: 881590591483 ns
[    0.000003] tsc: Detected 2803.200 MHz processor
[    0.000581] last_pfn = 0x1ffdf max_arch_pfn = 0x400000000
[    0.000615] MTRR map: 4 entries (3 fixed + 1 variable; max 19), built from 8 variable MTRRs
[    0.000618] x86/PAT: Configuration [0-7]: WB  WC  UC- UC  WB  WP  UC- WT  
[    0.004330] found SMP MP-table at [mem 0x000f5480-0x000f548f]
[    0.004340] Using GB pages for direct mapping
[    0.004434] RAMDISK: [mem 0x1fe67000-0x1ffcffff]
[    0.004436] ACPI: Early table checksum verification disabled
[    0.004439] ACPI: RSDP 0x00000000000F52C0 000014 (v00 BOCHS )
[    0.004442] ACPI: RSDT 0x000000001FFE230E 000038 (v01 BOCHS  BXPC     00000001 BXPC 00000001)
[    0.004446] ACPI: FACP 0x000000001FFE2106 0000F4 (v03 BOCHS  BXPC     00000001 BXPC 00000001)
[    0.004449] ACPI: DSDT 0x000000001FFE0040 0020C6 (v01 BOCHS  BXPC     00000001 BXPC 00000001)
[    0.004452] ACPI: FACS 0x000000001FFE0000 000040
[    0.004454] ACPI: APIC 0x000000001FFE21FA 000078 (v03 BOCHS  BXPC     00000001 BXPC 00000001)
[    0.004456] ACPI: HPET 0x000000001FFE2272 000038 (v01 BOCHS  BXPC     00000001 BXPC 00000001)
[    0.004458] ACPI: MCFG 0x000000001FFE22AA 00003C (v01 BOCHS  BXPC     00000001 BXPC 00000001)
[    0.004460] ACPI: WAET 0x000000001FFE22E6 000028 (v01 BOCHS  BXPC     00000001 BXPC 00000001)
[    0.004461] ACPI: Reserving FACP table memory at [mem 0x1ffe2106-0x1ffe21f9]
[    0.004462] ACPI: Reserving DSDT table memory at [mem 0x1ffe0040-0x1ffe2105]
[    0.004463] ACPI: Reserving FACS table memory at [mem 0x1ffe0000-0x1ffe003f]
[    0.004463] ACPI: Reserving APIC table memory at [mem 0x1ffe21fa-0x1ffe2271]
[    0.004464] ACPI: Reserving HPET table memory at [mem 0x1ffe2272-0x1ffe22a9]
[    0.004464] ACPI: Reserving MCFG table memory at [mem 0x1ffe22aa-0x1ffe22e5]
[    0.004465] ACPI: Reserving WAET table memory at [mem 0x1ffe22e6-0x1ffe230d]
[    0.004664] No NUMA configuration found
[    0.004664] Faking a node at [mem 0x0000000000000000-0x000000001ffdefff]
[    0.004669] NODE_DATA(0) allocated [mem 0x1fe3c000-0x1fe66fff]
[    0.004762] Zone ranges:
[    0.004763]   DMA      [mem 0x0000000000001000-0x0000000000ffffff]
[    0.004764]   DMA32    [mem 0x0000000001000000-0x000000001ffdefff]
[    0.004765]   Normal   empty
[    0.004766]   Device   empty
[    0.004766] Movable zone start for each node
[    0.004767] Early memory node ranges
[    0.004767]   node   0: [mem 0x0000000000001000-0x000000000009efff]
[    0.004768]   node   0: [mem 0x0000000000100000-0x000000001ffdefff]
[    0.004769] Initmem setup node 0 [mem 0x0000000000001000-0x000000001ffdefff]
[    0.004951] On node 0, zone DMA: 1 pages in unavailable ranges
[    0.004959] On node 0, zone DMA: 97 pages in unavailable ranges
[    0.005885] On node 0, zone DMA32: 33 pages in unavailable ranges
[    0.006083] ACPI: PM-Timer IO Port: 0x608
[    0.006092] ACPI: LAPIC_NMI (acpi_id[0xff] dfl dfl lint[0x1])
[    0.006121] IOAPIC[0]: apic_id 0, version 17, address 0xfec00000, GSI 0-23
[    0.006123] ACPI: INT_SRC_OVR (bus 0 bus_irq 0 global_irq 2 dfl dfl)
[    0.006124] ACPI: INT_SRC_OVR (bus 0 bus_irq 5 global_irq 5 high level)
[    0.006125] ACPI: INT_SRC_OVR (bus 0 bus_irq 9 global_irq 9 high level)
[    0.006126] ACPI: INT_SRC_OVR (bus 0 bus_irq 10 global_irq 10 high level)
[    0.006127] ACPI: INT_SRC_OVR (bus 0 bus_irq 11 global_irq 11 high level)
[    0.006129] ACPI: Using ACPI (MADT) for SMP configuration information
[    0.006130] ACPI: HPET id: 0x8086a201 base: 0xfed00000
[    0.006133] TSC deadline timer available
[    0.006133] smpboot: Allowing 1 CPUs, 0 hotplug CPUs
[    0.006147] kvm-guest: APIC: eoi() replaced with kvm_guest_apic_eoi_write()
[    0.006166] PM: hibernation: Registered nosave memory: [mem 0x00000000-0x00000fff]
[    0.006167] PM: hibernation: Registered nosave memory: [mem 0x0009f000-0x000fffff]
[    0.006169] [mem 0x20000000-0xafffffff] available for PCI devices
[    0.006170] Booting paravirtualized kernel on KVM
[    0.006171] clocksource: refined-jiffies: mask: 0xffffffff max_cycles: 0xffffffff, max_idle_ns: 1910969940391419 ns
[    0.006177] setup_percpu: NR_CPUS:8192 nr_cpumask_bits:1 nr_cpu_ids:1 nr_node_ids:1
[    0.006484] percpu: Embedded 86 pages/cpu s229376 r8192 d114688 u2097152
[    0.006513] kvm-guest: PV spinlocks disabled, single CPU
[    0.006514] Kernel command line: console=ttyS0 panic=-1 no_console_suspend rdinit=/init sleepdemo.host=10.0.2.2 sleepdemo.port=5555 sleepdemo.idle=3 sleepdemo.reconnect_ms=7000 sleepdemo.pm_test=devices sleepdemo.max_suspend_cycles=1 sleepdemo.runtime=17 sleepdemo.wake=4
[    0.006642] random: crng init done
[    0.006654] Dentry cache hash table entries: 65536 (order: 7, 524288 bytes, linear)
[    0.006662] Inode-cache hash table entries: 32768 (order: 6, 262144 bytes, linear)
[    0.006688] Fallback order for Node 0: 0 
[    0.006690] Built 1 zonelists, mobility grouping on.  Total pages: 128735
[    0.006691] Policy zone: DMA32
[    0.006694] mem auto-init: stack:all(zero), heap alloc:on, heap free:off
[    0.007515] Memory: 458576K/523764K available (22528K kernel code, 4439K rwdata, 14400K rodata, 4920K init, 4788K bss, 64928K reserved, 0K cma-reserved)
[    0.008071] SLUB: HWalign=64, Order=0-3, MinObjects=0, CPUs=1, Nodes=1
[    0.008087] ftrace: allocating 58250 entries in 228 pages
[    0.015368] ftrace: allocated 228 pages with 4 groups
[    0.016105] Dynamic Preempt: voluntary
[    0.016323] rcu: Preemptible hierarchical RCU implementation.
[    0.016325] rcu: 	RCU restricting CPUs from NR_CPUS=8192 to nr_cpu_ids=1.
[    0.016326] 	Trampoline variant of Tasks RCU enabled.
[    0.016326] 	Rude variant of Tasks RCU enabled.
[    0.016326] 	Tracing variant of Tasks RCU enabled.
[    0.016327] rcu: RCU calculated value of scheduler-enlistment delay is 100 jiffies.
[    0.016327] rcu: Adjusting geometry for rcu_fanout_leaf=16, nr_cpu_ids=1
[    0.016332] RCU Tasks: Setting shift to 0 and lim to 1 rcu_task_cb_adjust=1 rcu_task_cpu_ids=1.
[    0.016333] RCU Tasks Rude: Setting shift to 0 and lim to 1 rcu_task_cb_adjust=1 rcu_task_cpu_ids=1.
[    0.016334] RCU Tasks Trace: Setting shift to 0 and lim to 1 rcu_task_cb_adjust=1 rcu_task_cpu_ids=1.
[    0.018672] NR_IRQS: 524544, nr_irqs: 256, preallocated irqs: 16
[    0.018859] rcu: srcu_init: Setting srcu_struct sizes based on contention.
[    0.025149] Console: colour VGA+ 80x25
[    0.025177] printk: legacy console [ttyS0] enabled
[    0.073413] ACPI: Core revision 20230628
[    0.073761] clocksource: hpet: mask: 0xffffffff max_cycles: 0xffffffff, max_idle_ns: 19112604467 ns
[    0.074406] APIC: Switch to symmetric I/O mode setup
[    0.074895] x2apic enabled
[    0.075271] APIC: Switched APIC routing to: physical x2apic
[    0.076415] ..TIMER: vector=0x30 apic1=0 pin1=2 apic2=-1 pin2=-1
[    0.076845] clocksource: tsc-early: mask: 0xffffffffffffffff max_cycles: 0x28680fa287f, max_idle_ns: 440795281151 ns
[    0.077550] Calibrating delay loop (skipped) preset value.. 5606.40 BogoMIPS (lpj=2803200)
[    0.078196] x86/cpu: User Mode Instruction Prevention (UMIP) activated
[    0.078648] Last level iTLB entries: 4KB 0, 2MB 0, 4MB 0
[    0.079036] Last level dTLB entries: 4KB 0, 2MB 0, 4MB 0, 1GB 0
[    0.079554] Spectre V1 : Mitigation: usercopy/swapgs barriers and __user pointer sanitization
[    0.080100] Spectre V2 : Spectre BHI mitigation: SW BHB clearing on vm exit
[    0.080548] Spectre V2 : Spectre BHI mitigation: SW BHB clearing on syscall
[    0.080953] Spectre V2 : Mitigation: Enhanced / Automatic IBRS
[    0.081294] Spectre V2 : Spectre v2 / PBRSB-eIBRS: Retire a single CALL on VMEXIT
[    0.081549] Spectre V2 : mitigation: Enabling conditional Indirect Branch Prediction Barrier
[    0.082112] Speculative Store Bypass: Mitigation: Speculative Store Bypass disabled via prctl
[    0.082551] ITS: WARNING: ITS mitigation depends on retpoline and rethunk support
[    0.083549] ITS: Vulnerable
[    0.083832] x86/fpu: Supporting XSAVE feature 0x001: 'x87 floating point registers'
[    0.084355] x86/fpu: Supporting XSAVE feature 0x002: 'SSE registers'
[    0.084549] x86/fpu: Supporting XSAVE feature 0x004: 'AVX registers'
[    0.084982] x86/fpu: Supporting XSAVE feature 0x020: 'AVX-512 opmask'
[    0.085548] x86/fpu: Supporting XSAVE feature 0x040: 'AVX-512 Hi256'
[    0.085981] x86/fpu: Supporting XSAVE feature 0x080: 'AVX-512 ZMM_Hi256'
[    0.086548] x86/fpu: Supporting XSAVE feature 0x200: 'Protection Keys User registers'
[    0.087014] x86/fpu: xstate_offset[2]:  576, xstate_sizes[2]:  256
[    0.087548] x86/fpu: xstate_offset[5]:  832, xstate_sizes[5]:   64
[    0.087930] x86/fpu: xstate_offset[6]:  896, xstate_sizes[6]:  512
[    0.088299] x86/fpu: xstate_offset[7]: 1408, xstate_sizes[7]: 1024
[    0.088548] x86/fpu: xstate_offset[9]: 2432, xstate_sizes[9]:    8
[    0.088917] x86/fpu: Enabled xstate features 0x2e7, context size is 2440 bytes, using 'compacted' format.
[    0.111301] Freeing SMP alternatives memory: 48K
[    0.111548] pid_max: default: 32768 minimum: 301
[    0.111589] LSM: initializing lsm=lockdown,capability,landlock,yama,apparmor,integrity
[    0.112076] landlock: Up and running.
[    0.112548] Yama: becoming mindful.
[    0.112782] AppArmor: AppArmor initialized
[    0.113050] Mount-cache hash table entries: 1024 (order: 1, 8192 bytes, linear)
[    0.113549] Mountpoint-cache hash table entries: 1024 (order: 1, 8192 bytes, linear)
[    0.114199] smpboot: CPU0: 11th Gen Intel(R) Core(TM) i7-1165G7 @ 2.80GHz (family: 0x6, model: 0x8c, stepping: 0x1)
[    0.114548] Performance Events: Icelake events, full-width counters, Intel PMU driver.
[    0.114552] ... version:                2
[    0.114803] ... bit width:              48
[    0.115051] ... generic registers:      8
[    0.115298] ... value mask:             0000ffffffffffff
[    0.115549] ... max period:             00007fffffffffff
[    0.115877] ... fixed-purpose events:   3
[    0.116118] ... event mask:             00000007000000ff
[    0.116517] signal: max sigframe size: 3632
[    0.116570] rcu: Hierarchical SRCU implementation.
[    0.116860] rcu: 	Max phase no-delay instances is 400.
[    0.117399] smp: Bringing up secondary CPUs ...
[    0.117562] smp: Brought up 1 node, 1 CPU
[    0.117812] smpboot: Max logical packages: 1
[    0.118111] smpboot: Total of 1 processors activated (5606.40 BogoMIPS)
[    0.118849] devtmpfs: initialized
[    0.119101] x86/mm: Memory block size: 128MB
[    0.119573] clocksource: jiffies: mask: 0xffffffff max_cycles: 0xffffffff, max_idle_ns: 1911260446275000 ns
[    0.120190] futex hash table entries: 256 (order: 2, 16384 bytes, linear)
[    0.120591] pinctrl core: initialized pinctrl subsystem
[    0.120994] PM: RTC time: 20:35:20, date: 2026-03-07
[    0.121758] NET: Registered PF_NETLINK/PF_ROUTE protocol family
[    0.122223] DMA: preallocated 128 KiB GFP_KERNEL pool for atomic allocations
[    0.122562] DMA: preallocated 128 KiB GFP_KERNEL|GFP_DMA pool for atomic allocations
[    0.123055] DMA: preallocated 128 KiB GFP_KERNEL|GFP_DMA32 pool for atomic allocations
[    0.123531] audit: initializing netlink subsys (disabled)
[    0.123632] thermal_sys: Registered thermal governor 'fair_share'
[    0.123633] thermal_sys: Registered thermal governor 'bang_bang'
[    0.124000] thermal_sys: Registered thermal governor 'step_wise'
[    0.124361] thermal_sys: Registered thermal governor 'user_space'
[    0.124551] audit: type=2000 audit(1772915720.628:1): state=initialized audit_enabled=0 res=1
[    0.125436] thermal_sys: Registered thermal governor 'power_allocator'
[    0.125442] cpuidle: using governor ladder
[    0.125798] cpuidle: using governor menu
[    0.126097] acpiphp: ACPI Hot Plug PCI Controller Driver version: 0.5
[    0.126562] PCI: ECAM [mem 0xb0000000-0xbfffffff] (base 0xb0000000) for domain 0000 [bus 00-ff]
[    0.127150] PCI: ECAM [mem 0xb0000000-0xbfffffff] reserved as E820 entry
[    0.127556] PCI: Using configuration type 1 for base access
[    0.127984] kprobes: kprobe jump-optimization is enabled. All kprobes are optimized if possible.
[    0.153592] HugeTLB: registered 1.00 GiB page size, pre-allocated 0 pages
[    0.154019] HugeTLB: 16380 KiB vmemmap can be freed for a 1.00 GiB page
[    0.154414] HugeTLB: registered 2.00 MiB page size, pre-allocated 0 pages
[    0.154549] HugeTLB: 28 KiB vmemmap can be freed for a 2.00 MiB page
[    0.155685] ACPI: Added _OSI(Module Device)
[    0.155946] ACPI: Added _OSI(Processor Device)
[    0.156219] ACPI: Added _OSI(Processor Aggregator Device)
[    0.157342] ACPI: 1 ACPI AML tables successfully acquired and loaded
[    0.158079] ACPI: _OSC evaluation for CPUs failed, trying _PDC
[    0.158516] ACPI: Interpreter enabled
[    0.158558] ACPI: PM: (supports S0 S3 S4 S5)
[    0.158818] ACPI: Using IOAPIC for interrupt routing
[    0.159173] PCI: Using host bridge windows from ACPI; if necessary, use "pci=nocrs" and report a bug
[    0.159550] PCI: Using E820 reservations for host bridge windows
[    0.159979] ACPI: Enabled 2 GPEs in block 00 to 3F
[    0.161372] ACPI: PCI Root Bridge [PCI0] (domain 0000 [bus 00-ff])
[    0.161552] acpi PNP0A08:00: _OSC: OS supports [ExtendedConfig ASPM ClockPM Segments MSI EDR HPX-Type3]
[    0.162161] acpi PNP0A08:00: _OSC: platform does not support [PCIeHotplug LTR DPC]
[    0.162591] acpi PNP0A08:00: _OSC: OS now controls [SHPCHotplug PME AER PCIeCapability]
[    0.163222] PCI host bridge to bus 0000:00
[    0.163504] pci_bus 0000:00: root bus resource [io  0x0000-0x0cf7 window]
[    0.163550] pci_bus 0000:00: root bus resource [io  0x0d00-0xffff window]
[    0.163957] pci_bus 0000:00: root bus resource [mem 0x000a0000-0x000bffff window]
[    0.164428] pci_bus 0000:00: root bus resource [mem 0x20000000-0xafffffff window]
[    0.164550] pci_bus 0000:00: root bus resource [mem 0xc0000000-0xfebfffff window]
[    0.165023] pci_bus 0000:00: root bus resource [mem 0x100000000-0x8ffffffff window]
[    0.165545] pci_bus 0000:00: root bus resource [bus 00-ff]
[    0.165608] pci 0000:00:00.0: [8086:29c0] type 00 class 0x060000 conventional PCI endpoint
[    0.166351] pci 0000:00:01.0: [1234:1111] type 00 class 0x030000 conventional PCI endpoint
[    0.167408] pci 0000:00:01.0: BAR 0 [mem 0xfd000000-0xfdffffff pref]
[    0.167558] pci 0000:00:01.0: BAR 2 [mem 0xfeb90000-0xfeb90fff]
[    0.167930] pci 0000:00:01.0: ROM [mem 0xfeb80000-0xfeb8ffff pref]
[    0.168349] pci 0000:00:01.0: Video device with shadowed ROM at [mem 0x000c0000-0x000dffff]
[    0.168682] pci 0000:00:02.0: [1af4:1000] type 00 class 0x020000 conventional PCI endpoint
[    0.169555] pci 0000:00:02.0: BAR 0 [io  0xc040-0xc05f]
[    0.169913] pci 0000:00:02.0: BAR 4 [mem 0xfe000000-0xfe003fff 64bit pref]
[    0.170328] pci 0000:00:02.0: ROM [mem 0xfeb00000-0xfeb7ffff pref]
[    0.177166] pci 0000:00:1f.0: [8086:2918] type 00 class 0x060100 conventional PCI endpoint
[    0.177732] pci 0000:00:1f.0: quirk: [io  0x0600-0x067f] claimed by ICH6 ACPI/GPIO/TCO
[    0.178326] pci 0000:00:1f.2: [8086:2922] type 00 class 0x010601 conventional PCI endpoint
[    0.178906] pci 0000:00:1f.2: BAR 4 [io  0xc060-0xc07f]
[    0.179230] pci 0000:00:1f.2: BAR 5 [mem 0xfeb91000-0xfeb91fff]
[    0.179722] pci 0000:00:1f.3: [8086:2930] type 00 class 0x0c0500 conventional PCI endpoint
[    0.180520] pci 0000:00:1f.3: BAR 4 [io  0x0700-0x073f]
[    0.180740] ACPI: PCI: Interrupt link LNKA configured for IRQ 10
[    0.181145] ACPI: PCI: Interrupt link LNKB configured for IRQ 10
[    0.181545] ACPI: PCI: Interrupt link LNKC configured for IRQ 11
[    0.181591] ACPI: PCI: Interrupt link LNKD configured for IRQ 11
[    0.181991] ACPI: PCI: Interrupt link LNKE configured for IRQ 10
[    0.182394] ACPI: PCI: Interrupt link LNKF configured for IRQ 10
[    0.182590] ACPI: PCI: Interrupt link LNKG configured for IRQ 11
[    0.182989] ACPI: PCI: Interrupt link LNKH configured for IRQ 11
[    0.183368] ACPI: PCI: Interrupt link GSIA configured for IRQ 16
[    0.183553] ACPI: PCI: Interrupt link GSIB configured for IRQ 17
[    0.183929] ACPI: PCI: Interrupt link GSIC configured for IRQ 18
[    0.184299] ACPI: PCI: Interrupt link GSID configured for IRQ 19
[    0.184553] ACPI: PCI: Interrupt link GSIE configured for IRQ 20
[    0.184922] ACPI: PCI: Interrupt link GSIF configured for IRQ 21
[    0.185288] ACPI: PCI: Interrupt link GSIG configured for IRQ 22
[    0.185553] ACPI: PCI: Interrupt link GSIH configured for IRQ 23
[    0.186263] iommu: Default domain type: Translated
[    0.186549] iommu: DMA domain TLB invalidation policy: lazy mode
[    0.187010] SCSI subsystem initialized
[    0.187267] ACPI: bus type USB registered
[    0.187518] usbcore: registered new interface driver usbfs
[    0.187552] usbcore: registered new interface driver hub
[    0.187879] usbcore: registered new device driver usb
[    0.188263] pps_core: LinuxPPS API ver. 1 registered
[    0.188549] pps_core: Software ver. 5.3.6 - Copyright 2005-2007 Rodolfo Giometti <giometti@linux.it>
[    0.189095] PTP clock support registered
[    0.189376] EDAC MC: Ver: 3.0.0
[    0.189773] NetLabel: Initializing
[    0.189984] NetLabel:  domain hash size = 128
[    0.190248] NetLabel:  protocols = UNLABELED CIPSOv4 CALIPSO
[    0.190560] NetLabel:  unlabeled traffic allowed by default
[    0.190980] mctp: management component transport protocol core
[    0.191374] NET: Registered PF_MCTP protocol family
[    0.191553] PCI: Using ACPI for IRQ routing
[    0.279449] pci 0000:00:01.0: vgaarb: setting as boot VGA device
[    0.279548] pci 0000:00:01.0: vgaarb: bridge control possible
[    0.279548] pci 0000:00:01.0: vgaarb: VGA device added: decodes=io+mem,owns=io+mem,locks=none
[    0.279550] vgaarb: loaded
[    0.279837] hpet0: at MMIO 0xfed00000, IRQs 2, 8, 0
[    0.280178] hpet0: 3 comparators, 64-bit 100.000000 MHz counter
[    0.283573] clocksource: Switched to clocksource kvm-clock
[    0.284352] VFS: Disk quotas dquot_6.6.0
[    0.284648] VFS: Dquot-cache hash table entries: 512 (order 0, 4096 bytes)
[    0.285201] AppArmor: AppArmor Filesystem Enabled
[    0.285554] pnp: PnP ACPI init
[    0.285901] system 00:05: [mem 0xb0000000-0xbfffffff window] has been reserved
[    0.286650] pnp: PnP ACPI: found 6 devices
[    0.292298] clocksource: acpi_pm: mask: 0xffffff max_cycles: 0xffffff, max_idle_ns: 2085701024 ns
[    0.292963] NET: Registered PF_INET protocol family
[    0.293321] IP idents hash table entries: 8192 (order: 4, 65536 bytes, linear)
[    0.302775] tcp_listen_portaddr_hash hash table entries: 256 (order: 0, 4096 bytes, linear)
[    0.303319] Table-perturb hash table entries: 65536 (order: 6, 262144 bytes, linear)
[    0.303868] TCP established hash table entries: 4096 (order: 3, 32768 bytes, linear)
[    0.304408] TCP bind hash table entries: 4096 (order: 5, 131072 bytes, linear)
[    0.304861] TCP: Hash tables configured (established 4096 bind 4096)
[    0.305264] MPTCP token hash table entries: 512 (order: 1, 12288 bytes, linear)
[    0.305758] UDP hash table entries: 256 (order: 1, 8192 bytes, linear)
[    0.306205] UDP-Lite hash table entries: 256 (order: 1, 8192 bytes, linear)
[    0.306686] NET: Registered PF_UNIX/PF_LOCAL protocol family
[    0.307030] NET: Registered PF_XDP protocol family
[    0.307325] pci_bus 0000:00: resource 4 [io  0x0000-0x0cf7 window]
[    0.307719] pci_bus 0000:00: resource 5 [io  0x0d00-0xffff window]
[    0.308089] pci_bus 0000:00: resource 6 [mem 0x000a0000-0x000bffff window]
[    0.308502] pci_bus 0000:00: resource 7 [mem 0x20000000-0xafffffff window]
[    0.308915] pci_bus 0000:00: resource 8 [mem 0xc0000000-0xfebfffff window]
[    0.309326] pci_bus 0000:00: resource 9 [mem 0x100000000-0x8ffffffff window]
[    0.309800] PCI: CLS 0 bytes, default 64
[    0.310098] Trying to unpack rootfs image as initramfs...
[    0.310835] clocksource: tsc: mask: 0xffffffffffffffff max_cycles: 0x28680fa287f, max_idle_ns: 440795281151 ns
[    0.312823] Initialise system trusted keyrings
[    0.313109] Key type blacklist registered
[    0.313706] workingset: timestamp_bits=36 max_order=17 bucket_order=0
[    0.314104] zbud: loaded
[    0.315786] squashfs: version 4.0 (2009/01/31) Phillip Lougher
[    0.316197] fuse: init (API version 7.39)
[    0.316506] integrity: Platform Keyring initialized
[    0.317690] integrity: Machine keyring initialized
[    0.329755] Key type asymmetric registered
[    0.330015] Asymmetric key parser 'x509' registered
[    0.330322] Block layer SCSI generic (bsg) driver version 0.4 loaded (major 243)
[    0.332720] io scheduler mq-deadline registered
[    0.333078] shpchp: Standard Hot Plug PCI Controller Driver version: 0.4
[    0.333548] input: Power Button as /devices/LNXSYSTM:00/LNXPWRBN:00/input/input0
[    0.334721] ACPI: button: Power Button [PWRF]
[    0.335579] Freeing initrd memory: 1444K
[    0.336033] ACPI: \_SB_.GSIG: Enabled at IRQ 22
[    0.336900] Serial: 8250/16550 driver, 32 ports, IRQ sharing enabled
[    0.359416] 00:03: ttyS0 at I/O 0x3f8 (irq = 4, base_baud = 115200) is a 16550A
[    0.360746] Linux agpgart interface v0.103
[    0.361765] loop: module loaded
[    0.362061] ACPI: bus type drm_connector registered
[    0.362475] tun: Universal TUN/TAP device driver, 1.6
[    0.363307] PPP generic driver version 2.4.2
[    0.363676] i8042: PNP: PS/2 Controller [PNP0303:KBD,PNP0f13:MOU] at 0x60,0x64 irq 1,12
[    0.364576] serio: i8042 KBD port at 0x60,0x64 irq 1
[    0.364884] serio: i8042 AUX port at 0x60,0x64 irq 12
[    0.365230] mousedev: PS/2 mouse device common for all mice
[    0.365697] input: AT Translated Set 2 keyboard as /devices/platform/i8042/serio0/input/input1
[    0.366336] rtc_cmos 00:04: RTC can wake from S4
[    0.366885] rtc_cmos 00:04: registered as rtc0
[    0.367208] rtc_cmos 00:04: setting system clock to 2026-03-07T20:35:20 UTC (1772915720)
[    0.367764] rtc_cmos 00:04: alarms up to one day, y3k, 242 bytes nvram, hpet irqs
[    0.368224] i2c_dev: i2c /dev entries driver
[    0.368509] device-mapper: core: CONFIG_IMA_DISABLE_HTABLE is disabled. Duplicate IMA measurements will not be recorded in the IMA log.
[    0.369307] device-mapper: uevent: version 1.0.3
[    0.369635] device-mapper: ioctl: 4.48.0-ioctl (2023-03-01) initialised: dm-devel@redhat.com
[    0.370182] intel_pstate: CPU model not supported
[    0.370474] ledtrig-cpu: registered to indicate activity on CPUs
[    0.370865] drop_monitor: Initializing network drop monitor service
[    0.371296] NET: Registered PF_INET6 protocol family
[    0.371809] Segment Routing with IPv6
[    0.372041] In-situ OAM (IOAM) with IPv6
[    0.372294] NET: Registered PF_PACKET protocol family
[    0.372617] Key type dns_resolver registered
[    0.372989] IPI shorthand broadcast: enabled
[    0.374044] sched_clock: Marking stable (318001449, 55682950)->(383712565, -10028166)
[    0.374572] registered taskstats version 1
[    0.374885] Loading compiled-in X.509 certificates
[    0.375538] Loaded X.509 cert 'Build time autogenerated kernel key: 7f71bdefc17a4d88631555bf9efbb1c93d6f5260'
[    0.376514] Loaded X.509 cert 'Canonical Ltd. Live Patch Signing 2025 Kmod: d541cef61dc7e793b7eb7e899970a2eef0b5dc8c'
[    0.377508] Loaded X.509 cert 'Canonical Ltd. Live Patch Signing: 14df34d1a87cf37625abec039ef2bf521249b969'
[    0.378418] Loaded X.509 cert 'Canonical Ltd. Kernel Module Signing: 88f752e560a1e0737e31163a466ad7b70a850c19'
[    0.379018] blacklist: Loading compiled-in revocation X.509 certificates
[    0.379430] Loaded X.509 cert 'Canonical Ltd. Secure Boot Signing: 61482aa2830d0ab2ad5af10b7250da9033ddcef0'
[    0.380029] Loaded X.509 cert 'Canonical Ltd. Secure Boot Signing (2017): 242ade75ac4a15e50d50c84b0d45ff3eae707a03'
[    0.380664] Loaded X.509 cert 'Canonical Ltd. Secure Boot Signing (ESM 2018): 365188c1d374d6b07c3c8f240f8ef722433d6a8b'
[    0.381320] Loaded X.509 cert 'Canonical Ltd. Secure Boot Signing (2019): c0746fd6c5da3ae827864651ad66ae47fe24b3e8'
[    0.381980] Loaded X.509 cert 'Canonical Ltd. Secure Boot Signing (2021 v1): a8d54bbb3825cfb94fa13c9f8a594a195c107b8d'
[    0.382665] Loaded X.509 cert 'Canonical Ltd. Secure Boot Signing (2021 v2): 4cf046892d6fd3c9a5b03f98d845f90851dc6a8c'
[    0.383341] Loaded X.509 cert 'Canonical Ltd. Secure Boot Signing (2021 v3): 100437bb6de6e469b581e61cd66bce3ef4ed53af'
[    0.383991] Loaded X.509 cert 'Canonical Ltd. Secure Boot Signing (Ubuntu Core 2019): c1d57b8f6b743f23ee41f4f7ee292f06eecadfb9'
[    0.386545] Key type .fscrypt registered
[    0.386798] Key type fscrypt-provisioning registered
[    0.387238] Key type encrypted registered
[    0.387542] AppArmor: AppArmor sha256 policy hashing enabled
[    0.387896] ima: No TPM chip found, activating TPM-bypass!
[    0.388230] Loading compiled-in module X.509 certificates
[    0.388904] Loaded X.509 cert 'Build time autogenerated kernel key: 7f71bdefc17a4d88631555bf9efbb1c93d6f5260'
[    0.389513] ima: Allocated hash algorithm: sha256
[    0.389824] ima: No architecture policies found
[    0.390108] evm: Initialising EVM extended attributes:
[    0.390428] evm: security.selinux
[    0.390632] evm: security.SMACK64
[    0.390840] evm: security.SMACK64EXEC
[    0.391064] evm: security.SMACK64TRANSMUTE
[    0.391314] evm: security.SMACK64MMAP
[    0.391541] evm: security.apparmor
[    0.391752] evm: security.ima
[    0.391935] evm: security.capability
[    0.392154] evm: HMAC attrs: 0x1
[    0.392513] PM:   Magic number: 2:658:598
[    0.392791] acpi PNP0C0F:0a: hash matches
[    0.394908] RAS: Correctable Errors collector initialized.
[    0.395300] clk: Disabling unused clocks
[    0.401011] Freeing unused decrypted memory: 2028K
[    0.401631] Freeing unused kernel image (initmem) memory: 4920K
[    0.401884] Write protecting the kernel read-only data: 38912k
[    0.402455] Freeing unused kernel image (rodata/data gap) memory: 1984K
[    0.410023] x86/mm: Checked W+X mappings: passed, no W+X pages found.
[    0.410299] Run /init as init process
[init] booted
[init] launching sleepdemo host=10.0.2.2 port=5555 idle=3 pm_test=devices no_suspend=0 runtime=17 wake=4
@@LOG kind=state mono_ms=0 boot_ms=0 state=STARTING
@@LOG kind=state mono_ms=0 boot_ms=0 state=CONNECTING host=10.0.2.2 port=5555 connect_attempt=1
@@LOG kind=state mono_ms=1 boot_ms=1 state=CONNECTED host=10.0.2.2 port=5555 connect_attempt=1
[2J[Hsleepdemo stage-1 lab
=====================
connection: CONNECTED
host: 10.0.2.2:5555
uptime_s: 0.002
bytes_received: 0
packets_received: 0
suspend_cycles: 0
connect_attempts: 1
idle_seconds: 3
redraw_ms: 1000
pm_test: devices
no_suspend: false
last_network_age_ms: 0
last_sleep_ms: 0
last_resume_gap_ms: 0
last_redraw_latency_ms: 0
last_reconnect_latency_ms: 0

Recent metrics are also emitted as @@METRIC lines for parsing.
[2J[Hsleepdemo stage-1 lab
=====================
connection: CONNECTED
host: 10.0.2.2:5555
uptime_s: 1.001
bytes_received: 20
packets_received: 4
suspend_cycles: 0
connect_attempts: 1
idle_seconds: 3
redraw_ms: 1000
pm_test: devices
no_suspend: false
last_network_age_ms: 96
last_sleep_ms: 0
last_resume_gap_ms: 0
last_redraw_latency_ms: 0
last_reconnect_latency_ms: 0

Recent metrics are also emitted as @@METRIC lines for parsing.
[2J[Hsleepdemo stage-1 lab
=====================
connection: CONNECTED
host: 10.0.2.2:5555
uptime_s: 2.001
bytes_received: 35
packets_received: 7
suspend_cycles: 0
connect_attempts: 1
idle_seconds: 3
redraw_ms: 1000
pm_test: devices
no_suspend: false
last_network_age_ms: 193
last_sleep_ms: 0
last_resume_gap_ms: 0
last_redraw_latency_ms: 0
last_reconnect_latency_ms: 0

Recent metrics are also emitted as @@METRIC lines for parsing.
@@LOG kind=state mono_ms=2609 boot_ms=2609 state=DISCONNECTED reason=peer_closed reconnect_in_ms=7000
[2J[Hsleepdemo stage-1 lab
=====================
connection: DISCONNECTED
host: 10.0.2.2:5555
uptime_s: 3.001
bytes_received: 45
packets_received: 9
suspend_cycles: 0
connect_attempts: 1
idle_seconds: 3
redraw_ms: 1000
pm_test: devices
no_suspend: false
last_network_age_ms: 592
last_sleep_ms: 0
last_resume_gap_ms: 0
last_redraw_latency_ms: 0
last_reconnect_latency_ms: 0

Recent metrics are also emitted as @@METRIC lines for parsing.
@@LOG kind=state mono_ms=5409 boot_ms=5409 wakealarm_seconds=4
@@LOG kind=state mono_ms=5411 boot_ms=5411 state=SUSPENDING cycle=1
[    5.826112] PM: suspend entry (s2idle)
[    5.826774] Filesystems sync: 0.000 seconds
[    5.833900] Freezing user space processes
[    5.835141] Freezing user space processes completed (elapsed 0.001 seconds)
[    5.835453] OOM killer disabled.
[    5.835616] Freezing remaining freezable tasks
[    5.836869] Freezing remaining freezable tasks completed (elapsed 0.001 seconds)
[    5.838085] PM: suspend debug: Waiting for 5 second(s).
[   10.844943] OOM killer enabled.
[   10.845091] Restarting tasks ... done.
[   10.845397] random: crng reseeded on system resumption
[   10.851693] PM: suspend exit
@@LOG kind=state mono_ms=10437 boot_ms=10437 state=RESUMED cycle=1 sleep_ms=5028 resume_gap_ms=5028
@@METRIC name=sleep_duration value_ms=5028 cycle=1
@@METRIC name=suspend_resume_gap value_ms=5028 cycle=1
[2J[Hsleepdemo stage-1 lab
=====================
connection: DISCONNECTED
host: 10.0.2.2:5555
uptime_s: 10.439
bytes_received: 45
packets_received: 9
suspend_cycles: 1
connect_attempts: 1
idle_seconds: 3
redraw_ms: 1000
pm_test: devices
no_suspend: false
last_network_age_ms: 8029
last_sleep_ms: 5028
last_resume_gap_ms: 5028
last_redraw_latency_ms: 0
last_reconnect_latency_ms: 0

Recent metrics are also emitted as @@METRIC lines for parsing.
@@METRIC name=resume_to_redraw value_ms=3 cycle=1
@@LOG kind=state mono_ms=10441 boot_ms=10441 state=CONNECTING host=10.0.2.2 port=5555 connect_attempt=2
@@LOG kind=state mono_ms=10442 boot_ms=10442 state=CONNECTED host=10.0.2.2 port=5555 connect_attempt=2
@@METRIC name=resume_to_reconnect value_ms=4 cycle=1
[2J[Hsleepdemo stage-1 lab
=====================
connection: CONNECTED
host: 10.0.2.2:5555
uptime_s: 11.001
bytes_received: 55
packets_received: 11
suspend_cycles: 1
connect_attempts: 2
idle_seconds: 3
redraw_ms: 1000
pm_test: devices
no_suspend: false
last_network_age_ms: 58
last_sleep_ms: 5028
last_resume_gap_ms: 5028
last_redraw_latency_ms: 3
last_reconnect_latency_ms: 4

Recent metrics are also emitted as @@METRIC lines for parsing.
[2J[Hsleepdemo stage-1 lab
=====================
connection: CONNECTED
host: 10.0.2.2:5555
uptime_s: 12.001
bytes_received: 70
packets_received: 14
suspend_cycles: 1
connect_attempts: 2
idle_seconds: 3
redraw_ms: 1000
pm_test: devices
no_suspend: false
last_network_age_ms: 156
last_sleep_ms: 5028
last_resume_gap_ms: 5028
last_redraw_latency_ms: 3
last_reconnect_latency_ms: 4

Recent metrics are also emitted as @@METRIC lines for parsing.
[2J[Hsleepdemo stage-1 lab
=====================
connection: CONNECTED
host: 10.0.2.2:5555
uptime_s: 13.001
bytes_received: 85
packets_received: 17
suspend_cycles: 1
connect_attempts: 2
idle_seconds: 3
redraw_ms: 1000
pm_test: devices
no_suspend: false
last_network_age_ms: 254
last_sleep_ms: 5028
last_resume_gap_ms: 5028
last_redraw_latency_ms: 3
last_reconnect_latency_ms: 4

Recent metrics are also emitted as @@METRIC lines for parsing.
@@LOG kind=state mono_ms=13648 boot_ms=13648 state=DISCONNECTED reason=peer_closed reconnect_in_ms=7000
[2J[Hsleepdemo stage-1 lab
=====================
connection: DISCONNECTED
host: 10.0.2.2:5555
uptime_s: 14.001
bytes_received: 95
packets_received: 19
suspend_cycles: 1
connect_attempts: 2
idle_seconds: 3
redraw_ms: 1000
pm_test: devices
no_suspend: false
last_network_age_ms: 652
last_sleep_ms: 5028
last_resume_gap_ms: 5028
last_redraw_latency_ms: 3
last_reconnect_latency_ms: 4

Recent metrics are also emitted as @@METRIC lines for parsing.
@@LOG kind=state mono_ms=17001 boot_ms=17001 runtime_limit_reached=true
@@LOG kind=state mono_ms=17002 boot_ms=17002 state=EXITING
[init] sleepdemo exited status=0
[   17.419808] ACPI: PM: Preparing to enter system sleep state S5
[   17.421155] reboot: Power down
