[    0.000000] Linux version 6.8.0-101-generic (buildd@lcy02-amd64-051) (x86_64-linux-gnu-gcc-13 (Ubuntu 13.3.0-6ubuntu2~24.04) 13.3.0, GNU ld (GNU Binutils for Ubuntu) 2.42) #101-Ubuntu SMP PREEMPT_DYNAMIC Mon Feb  9 10:15:05 UTC 2026 (Ubuntu 6.8.0-101.101-generic 6.8.12)
[    0.000000] Command line: console=ttyS0 panic=-1 no_console_suspend rdinit=/init
[    0.000000] KERNEL supported cpus:
[    0.000000]   Intel GenuineIntel
[    0.000000]   AMD AuthenticAMD
[    0.000000]   Hygon HygonGenuine
[    0.000000]   Centaur CentaurHauls
[    0.000000]   zhaoxin   Shanghai  
[    0.000000] BIOS-provided physical RAM map:
[    0.000000] BIOS-e820: [mem 0x0000000000000000-0x000000000009fbff] usable
[    0.000000] BIOS-e820: [mem 0x000000000009fc00-0x000000000009ffff] reserved
[    0.000000] BIOS-e820: [mem 0x00000000000f0000-0x00000000000fffff] reserved
[    0.000000] BIOS-e820: [mem 0x0000000000100000-0x000000003ffddfff] usable
[    0.000000] BIOS-e820: [mem 0x000000003ffde000-0x000000003fffffff] reserved
[    0.000000] BIOS-e820: [mem 0x00000000b0000000-0x00000000bfffffff] reserved
[    0.000000] BIOS-e820: [mem 0x00000000fed1c000-0x00000000fed1ffff] reserved
[    0.000000] BIOS-e820: [mem 0x00000000feffc000-0x00000000feffffff] reserved
[    0.000000] BIOS-e820: [mem 0x00000000fffc0000-0x00000000ffffffff] reserved
[    0.000000] NX (Execute Disable) protection: active
[    0.000000] APIC: Static calls initialized
[    0.000000] SMBIOS 3.0.0 present.
[    0.000000] DMI: QEMU Standard PC (Q35 + ICH9, 2009), BIOS 1.16.3-debian-1.16.3-2 04/01/2014
[    0.000000] Hypervisor detected: KVM
[    0.000000] kvm-clock: Using msrs 4b564d01 and 4b564d00
[    0.000002] kvm-clock: using sched offset of 491385788 cycles
[    0.000008] clocksource: kvm-clock: mask: 0xffffffffffffffff max_cycles: 0x1cd42e4dffb, max_idle_ns: 881590591483 ns
[    0.000014] tsc: Detected 2803.200 MHz processor
[    0.001844] last_pfn = 0x3ffde max_arch_pfn = 0x400000000
[    0.001912] MTRR map: 4 entries (3 fixed + 1 variable; max 19), built from 8 variable MTRRs
[    0.001918] x86/PAT: Configuration [0-7]: WB  WC  UC- UC  WB  WP  UC- WT  
[    0.010449] found SMP MP-table at [mem 0x000f5470-0x000f547f]
[    0.010481] Using GB pages for direct mapping
[    0.010670] RAMDISK: [mem 0x3ed23000-0x3ffcffff]
[    0.010688] ACPI: Early table checksum verification disabled
[    0.010694] ACPI: RSDP 0x00000000000F52B0 000014 (v00 BOCHS )
[    0.010701] ACPI: RSDT 0x000000003FFE2304 000038 (v01 BOCHS  BXPC     00000001 BXPC 00000001)
[    0.010711] ACPI: FACP 0x000000003FFE20FC 0000F4 (v03 BOCHS  BXPC     00000001 BXPC 00000001)
[    0.010722] ACPI: DSDT 0x000000003FFE0040 0020BC (v01 BOCHS  BXPC     00000001 BXPC 00000001)
[    0.010729] ACPI: FACS 0x000000003FFE0000 000040
[    0.010735] ACPI: APIC 0x000000003FFE21F0 000078 (v03 BOCHS  BXPC     00000001 BXPC 00000001)
[    0.010741] ACPI: HPET 0x000000003FFE2268 000038 (v01 BOCHS  BXPC     00000001 BXPC 00000001)
[    0.010748] ACPI: MCFG 0x000000003FFE22A0 00003C (v01 BOCHS  BXPC     00000001 BXPC 00000001)
[    0.010754] ACPI: WAET 0x000000003FFE22DC 000028 (v01 BOCHS  BXPC     00000001 BXPC 00000001)
[    0.010760] ACPI: Reserving FACP table memory at [mem 0x3ffe20fc-0x3ffe21ef]
[    0.010762] ACPI: Reserving DSDT table memory at [mem 0x3ffe0040-0x3ffe20fb]
[    0.010764] ACPI: Reserving FACS table memory at [mem 0x3ffe0000-0x3ffe003f]
[    0.010766] ACPI: Reserving APIC table memory at [mem 0x3ffe21f0-0x3ffe2267]
[    0.010768] ACPI: Reserving HPET table memory at [mem 0x3ffe2268-0x3ffe229f]
[    0.010769] ACPI: Reserving MCFG table memory at [mem 0x3ffe22a0-0x3ffe22db]
[    0.010771] ACPI: Reserving WAET table memory at [mem 0x3ffe22dc-0x3ffe2303]
[    0.011325] No NUMA configuration found
[    0.011327] Faking a node at [mem 0x0000000000000000-0x000000003ffddfff]
[    0.011339] NODE_DATA(0) allocated [mem 0x3ecf8000-0x3ed22fff]
[    0.011613] Zone ranges:
[    0.011614]   DMA      [mem 0x0000000000001000-0x0000000000ffffff]
[    0.011618]   DMA32    [mem 0x0000000001000000-0x000000003ffddfff]
[    0.011621]   Normal   empty
[    0.011623]   Device   empty
[    0.011625] Movable zone start for each node
[    0.011630] Early memory node ranges
[    0.011631]   node   0: [mem 0x0000000000001000-0x000000000009efff]
[    0.011634]   node   0: [mem 0x0000000000100000-0x000000003ffddfff]
[    0.011636] Initmem setup node 0 [mem 0x0000000000001000-0x000000003ffddfff]
[    0.011907] On node 0, zone DMA: 1 pages in unavailable ranges
[    0.011932] On node 0, zone DMA: 97 pages in unavailable ranges
[    0.015282] On node 0, zone DMA32: 34 pages in unavailable ranges
[    0.015853] ACPI: PM-Timer IO Port: 0x608
[    0.015875] ACPI: LAPIC_NMI (acpi_id[0xff] dfl dfl lint[0x1])
[    0.015938] IOAPIC[0]: apic_id 0, version 17, address 0xfec00000, GSI 0-23
[    0.015943] ACPI: INT_SRC_OVR (bus 0 bus_irq 0 global_irq 2 dfl dfl)
[    0.015946] ACPI: INT_SRC_OVR (bus 0 bus_irq 5 global_irq 5 high level)
[    0.015949] ACPI: INT_SRC_OVR (bus 0 bus_irq 9 global_irq 9 high level)
[    0.015952] ACPI: INT_SRC_OVR (bus 0 bus_irq 10 global_irq 10 high level)
[    0.015954] ACPI: INT_SRC_OVR (bus 0 bus_irq 11 global_irq 11 high level)
[    0.015962] ACPI: Using ACPI (MADT) for SMP configuration information
[    0.015964] ACPI: HPET id: 0x8086a201 base: 0xfed00000
[    0.015971] TSC deadline timer available
[    0.015973] smpboot: Allowing 1 CPUs, 0 hotplug CPUs
[    0.016004] kvm-guest: APIC: eoi() replaced with kvm_guest_apic_eoi_write()
[    0.016044] PM: hibernation: Registered nosave memory: [mem 0x00000000-0x00000fff]
[    0.016047] PM: hibernation: Registered nosave memory: [mem 0x0009f000-0x000fffff]
[    0.016050] [mem 0x40000000-0xafffffff] available for PCI devices
[    0.016053] Booting paravirtualized kernel on KVM
[    0.016056] clocksource: refined-jiffies: mask: 0xffffffff max_cycles: 0xffffffff, max_idle_ns: 1910969940391419 ns
[    0.016066] setup_percpu: NR_CPUS:8192 nr_cpumask_bits:1 nr_cpu_ids:1 nr_node_ids:1
[    0.016588] percpu: Embedded 86 pages/cpu s229376 r8192 d114688 u2097152
[    0.016662] kvm-guest: PV spinlocks disabled, single CPU
[    0.016665] Kernel command line: console=ttyS0 panic=-1 no_console_suspend rdinit=/init
[    0.016777] random: crng init done
[    0.016838] Dentry cache hash table entries: 131072 (order: 8, 1048576 bytes, linear)
[    0.016916] Inode-cache hash table entries: 65536 (order: 7, 524288 bytes, linear)
[    0.016978] Fallback order for Node 0: 0 
[    0.016983] Built 1 zonelists, mobility grouping on.  Total pages: 257758
[    0.016986] Policy zone: DMA32
[    0.016994] mem auto-init: stack:all(zero), heap alloc:on, heap free:off
[    0.020264] Memory: 956224K/1048048K available (22528K kernel code, 4439K rwdata, 14400K rodata, 4920K init, 4788K bss, 91564K reserved, 0K cma-reserved)
[    0.022061] SLUB: HWalign=64, Order=0-3, MinObjects=0, CPUs=1, Nodes=1
[    0.022104] ftrace: allocating 58250 entries in 228 pages
[    0.037715] ftrace: allocated 228 pages with 4 groups
[    0.039163] Dynamic Preempt: voluntary
[    0.039524] rcu: Preemptible hierarchical RCU implementation.
[    0.039527] rcu: 	RCU restricting CPUs from NR_CPUS=8192 to nr_cpu_ids=1.
[    0.039530] 	Trampoline variant of Tasks RCU enabled.
[    0.039531] 	Rude variant of Tasks RCU enabled.
[    0.039532] 	Tracing variant of Tasks RCU enabled.
[    0.039534] rcu: RCU calculated value of scheduler-enlistment delay is 100 jiffies.
[    0.039535] rcu: Adjusting geometry for rcu_fanout_leaf=16, nr_cpu_ids=1
[    0.039551] RCU Tasks: Setting shift to 0 and lim to 1 rcu_task_cb_adjust=1 rcu_task_cpu_ids=1.
[    0.039554] RCU Tasks Rude: Setting shift to 0 and lim to 1 rcu_task_cb_adjust=1 rcu_task_cpu_ids=1.
[    0.039556] RCU Tasks Trace: Setting shift to 0 and lim to 1 rcu_task_cb_adjust=1 rcu_task_cpu_ids=1.
[    0.045431] NR_IRQS: 524544, nr_irqs: 256, preallocated irqs: 16
[    0.045717] rcu: srcu_init: Setting srcu_struct sizes based on contention.
[    0.062413] Console: colour VGA+ 80x25
[    0.062484] printk: legacy console [ttyS0] enabled
[    0.192196] ACPI: Core revision 20230628
[    0.193168] clocksource: hpet: mask: 0xffffffff max_cycles: 0xffffffff, max_idle_ns: 19112604467 ns
[    0.195042] APIC: Switch to symmetric I/O mode setup
[    0.196389] x2apic enabled
[    0.197435] APIC: Switched APIC routing to: physical x2apic
[    0.200218] ..TIMER: vector=0x30 apic1=0 pin1=2 apic2=-1 pin2=-1
[    0.201365] clocksource: tsc-early: mask: 0xffffffffffffffff max_cycles: 0x28680fa287f, max_idle_ns: 440795281151 ns
[    0.203344] Calibrating delay loop (skipped) preset value.. 5606.40 BogoMIPS (lpj=2803200)
[    0.205461] x86/cpu: User Mode Instruction Prevention (UMIP) activated
[    0.206516] Last level iTLB entries: 4KB 0, 2MB 0, 4MB 0
[    0.207342] Last level dTLB entries: 4KB 0, 2MB 0, 4MB 0, 1GB 0
[    0.208356] Spectre V1 : Mitigation: usercopy/swapgs barriers and __user pointer sanitization
[    0.209349] Spectre V2 : Spectre BHI mitigation: SW BHB clearing on vm exit
[    0.210342] Spectre V2 : Spectre BHI mitigation: SW BHB clearing on syscall
[    0.211342] Spectre V2 : Mitigation: Enhanced / Automatic IBRS
[    0.212342] Spectre V2 : Spectre v2 / PBRSB-eIBRS: Retire a single CALL on VMEXIT
[    0.213348] Spectre V2 : mitigation: Enabling conditional Indirect Branch Prediction Barrier
[    0.214343] Speculative Store Bypass: Mitigation: Speculative Store Bypass disabled via prctl
[    0.215343] ITS: WARNING: ITS mitigation depends on retpoline and rethunk support
[    0.216342] ITS: Vulnerable
[    0.216887] x86/fpu: Supporting XSAVE feature 0x001: 'x87 floating point registers'
[    0.217342] x86/fpu: Supporting XSAVE feature 0x002: 'SSE registers'
[    0.218342] x86/fpu: Supporting XSAVE feature 0x004: 'AVX registers'
[    0.219342] x86/fpu: Supporting XSAVE feature 0x020: 'AVX-512 opmask'
[    0.220342] x86/fpu: Supporting XSAVE feature 0x040: 'AVX-512 Hi256'
[    0.221342] x86/fpu: Supporting XSAVE feature 0x080: 'AVX-512 ZMM_Hi256'
[    0.222342] x86/fpu: Supporting XSAVE feature 0x200: 'Protection Keys User registers'
[    0.223343] x86/fpu: xstate_offset[2]:  576, xstate_sizes[2]:  256
[    0.224343] x86/fpu: xstate_offset[5]:  832, xstate_sizes[5]:   64
[    0.225342] x86/fpu: xstate_offset[6]:  896, xstate_sizes[6]:  512
[    0.226342] x86/fpu: xstate_offset[7]: 1408, xstate_sizes[7]: 1024
[    0.227343] x86/fpu: xstate_offset[9]: 2432, xstate_sizes[9]:    8
[    0.228342] x86/fpu: Enabled xstate features 0x2e7, context size is 2440 bytes, using 'compacted' format.
[    0.287540] Freeing SMP alternatives memory: 48K
[    0.288343] pid_max: default: 32768 minimum: 301
[    0.289220] LSM: initializing lsm=lockdown,capability,landlock,yama,apparmor,integrity
[    0.289368] landlock: Up and running.
[    0.290342] Yama: becoming mindful.
[    0.291004] AppArmor: AppArmor initialized
[    0.291402] Mount-cache hash table entries: 2048 (order: 2, 16384 bytes, linear)
[    0.292344] Mountpoint-cache hash table entries: 2048 (order: 2, 16384 bytes, linear)
[    0.293784] smpboot: CPU0: 11th Gen Intel(R) Core(TM) i7-1165G7 @ 2.80GHz (family: 0x6, model: 0x8c, stepping: 0x1)
[    0.294881] Performance Events: Icelake events, full-width counters, Intel PMU driver.
[    0.295350] ... version:                2
[    0.296075] ... bit width:              48
[    0.296345] ... generic registers:      8
[    0.297062] ... value mask:             0000ffffffffffff
[    0.297345] ... max period:             00007fffffffffff
[    0.298247] ... fixed-purpose events:   3
[    0.298345] ... event mask:             00000007000000ff
[    0.299420] signal: max sigframe size: 3632
[    0.300203] rcu: Hierarchical SRCU implementation.
[    0.300345] rcu: 	Max phase no-delay instances is 400.
[    0.301717] smp: Bringing up secondary CPUs ...
[    0.302364] smp: Brought up 1 node, 1 CPU
[    0.303057] smpboot: Max logical packages: 1
[    0.303350] smpboot: Total of 1 processors activated (5606.40 BogoMIPS)
[    0.304699] devtmpfs: initialized
[    0.305356] x86/mm: Memory block size: 128MB
[    0.306601] clocksource: jiffies: mask: 0xffffffff max_cycles: 0xffffffff, max_idle_ns: 1911260446275000 ns
[    0.307360] futex hash table entries: 256 (order: 2, 16384 bytes, linear)
[    0.308459] pinctrl core: initialized pinctrl subsystem
[    0.309576] PM: RTC time: 00:20:58, date: 2026-03-08
[    0.311440] NET: Registered PF_NETLINK/PF_ROUTE protocol family
[    0.312498] DMA: preallocated 128 KiB GFP_KERNEL pool for atomic allocations
[    0.313440] DMA: preallocated 128 KiB GFP_KERNEL|GFP_DMA pool for atomic allocations
[    0.314360] DMA: preallocated 128 KiB GFP_KERNEL|GFP_DMA32 pool for atomic allocations
[    0.315369] audit: initializing netlink subsys (disabled)
[    0.316349] audit: type=2000 audit(1772929258.763:1): state=initialized audit_enabled=0 res=1
[    0.317549] thermal_sys: Registered thermal governor 'fair_share'
[    0.317552] thermal_sys: Registered thermal governor 'bang_bang'
[    0.318351] thermal_sys: Registered thermal governor 'step_wise'
[    0.319346] thermal_sys: Registered thermal governor 'user_space'
[    0.320346] thermal_sys: Registered thermal governor 'power_allocator'
[    0.321383] cpuidle: using governor ladder
[    0.323049] cpuidle: using governor menu
[    0.323460] acpiphp: ACPI Hot Plug PCI Controller Driver version: 0.5
[    0.324595] PCI: ECAM [mem 0xb0000000-0xbfffffff] (base 0xb0000000) for domain 0000 [bus 00-ff]
[    0.325349] PCI: ECAM [mem 0xb0000000-0xbfffffff] reserved as E820 entry
[    0.326360] PCI: Using configuration type 1 for base access
[    0.327547] kprobes: kprobe jump-optimization is enabled. All kprobes are optimized if possible.
[    0.385405] HugeTLB: registered 1.00 GiB page size, pre-allocated 0 pages
[    0.386345] HugeTLB: 16380 KiB vmemmap can be freed for a 1.00 GiB page
[    0.387346] HugeTLB: registered 2.00 MiB page size, pre-allocated 0 pages
[    0.388345] HugeTLB: 28 KiB vmemmap can be freed for a 2.00 MiB page
[    0.390303] ACPI: Added _OSI(Module Device)
[    0.390346] ACPI: Added _OSI(Processor Device)
[    0.391146] ACPI: Added _OSI(Processor Aggregator Device)
[    0.393914] ACPI: 1 ACPI AML tables successfully acquired and loaded
[    0.395434] ACPI: _OSC evaluation for CPUs failed, trying _PDC
[    0.396631] ACPI: Interpreter enabled
[    0.397337] ACPI: PM: (supports S0 S3 S4 S5)
[    0.398104] ACPI: Using IOAPIC for interrupt routing
[    0.398507] PCI: Using host bridge windows from ACPI; if necessary, use "pci=nocrs" and report a bug
[    0.399345] PCI: Using E820 reservations for host bridge windows
[    0.400515] ACPI: Enabled 2 GPEs in block 00 to 3F
[    0.405190] ACPI: PCI Root Bridge [PCI0] (domain 0000 [bus 00-ff])
[    0.405352] acpi PNP0A08:00: _OSC: OS supports [ExtendedConfig ASPM ClockPM Segments MSI EDR HPX-Type3]
[    0.406457] acpi PNP0A08:00: _OSC: platform does not support [PCIeHotplug LTR DPC]
[    0.407494] acpi PNP0A08:00: _OSC: OS now controls [SHPCHotplug PME AER PCIeCapability]
[    0.408630] PCI host bridge to bus 0000:00
[    0.409353] pci_bus 0000:00: root bus resource [io  0x0000-0x0cf7 window]
[    0.410346] pci_bus 0000:00: root bus resource [io  0x0d00-0xffff window]
[    0.411346] pci_bus 0000:00: root bus resource [mem 0x000a0000-0x000bffff window]
[    0.412346] pci_bus 0000:00: root bus resource [mem 0x40000000-0xafffffff window]
[    0.413345] pci_bus 0000:00: root bus resource [mem 0xc0000000-0xfebfffff window]
[    0.414345] pci_bus 0000:00: root bus resource [mem 0x100000000-0x8ffffffff window]
[    0.415346] pci_bus 0000:00: root bus resource [bus 00-ff]
[    0.416456] pci 0000:00:00.0: [8086:29c0] type 00 class 0x060000 conventional PCI endpoint
[    0.418186] pci 0000:00:01.0: [1af4:1000] type 00 class 0x020000 conventional PCI endpoint
[    0.420200] pci 0000:00:01.0: BAR 0 [io  0xc040-0xc05f]
[    0.420394] pci 0000:00:01.0: BAR 4 [mem 0xfe800000-0xfe803fff 64bit pref]
[    0.421358] pci 0000:00:01.0: ROM [mem 0xfeb00000-0xfeb7ffff pref]
[    0.423280] pci 0000:00:02.0: [1af4:1050] type 00 class 0x030000 conventional PCI endpoint
[    0.425370] pci 0000:00:02.0: BAR 0 [mem 0xfe000000-0xfe7fffff pref]
[    0.426379] pci 0000:00:02.0: BAR 2 [mem 0xfe804000-0xfe807fff 64bit pref]
[    0.427357] pci 0000:00:02.0: BAR 4 [mem 0xfeb94000-0xfeb94fff]
[    0.428366] pci 0000:00:02.0: ROM [mem 0xfeb80000-0xfeb8ffff pref]
[    0.429434] pci 0000:00:02.0: Video device with shadowed ROM at [mem 0x000c0000-0x000dffff]
[    0.431242] pci 0000:00:03.0: [1b36:000d] type 00 class 0x0c0330 PCIe Root Complex Integrated Endpoint
[    0.432949] pci 0000:00:03.0: BAR 0 [mem 0xfeb90000-0xfeb93fff 64bit]
[    0.448998] pci 0000:00:1f.0: [8086:2918] type 00 class 0x060100 conventional PCI endpoint
[    0.449864] pci 0000:00:1f.0: quirk: [io  0x0600-0x067f] claimed by ICH6 ACPI/GPIO/TCO
[    0.450752] pci 0000:00:1f.2: [8086:2922] type 00 class 0x010601 conventional PCI endpoint
[    0.452401] pci 0000:00:1f.2: BAR 4 [io  0xc060-0xc07f]
[    0.453357] pci 0000:00:1f.2: BAR 5 [mem 0xfeb95000-0xfeb95fff]
[    0.454905] pci 0000:00:1f.3: [8086:2930] type 00 class 0x0c0500 conventional PCI endpoint
[    0.456315] pci 0000:00:1f.3: BAR 4 [io  0x0700-0x073f]
[    0.456974] ACPI: PCI: Interrupt link LNKA configured for IRQ 10
[    0.457498] ACPI: PCI: Interrupt link LNKB configured for IRQ 10
[    0.458496] ACPI: PCI: Interrupt link LNKC configured for IRQ 11
[    0.459482] ACPI: PCI: Interrupt link LNKD configured for IRQ 11
[    0.460495] ACPI: PCI: Interrupt link LNKE configured for IRQ 10
[    0.461494] ACPI: PCI: Interrupt link LNKF configured for IRQ 10
[    0.462484] ACPI: PCI: Interrupt link LNKG configured for IRQ 11
[    0.463489] ACPI: PCI: Interrupt link LNKH configured for IRQ 11
[    0.464406] ACPI: PCI: Interrupt link GSIA configured for IRQ 16
[    0.465371] ACPI: PCI: Interrupt link GSIB configured for IRQ 17
[    0.466363] ACPI: PCI: Interrupt link GSIC configured for IRQ 18
[    0.467363] ACPI: PCI: Interrupt link GSID configured for IRQ 19
[    0.468366] ACPI: PCI: Interrupt link GSIE configured for IRQ 20
[    0.469367] ACPI: PCI: Interrupt link GSIF configured for IRQ 21
[    0.470364] ACPI: PCI: Interrupt link GSIG configured for IRQ 22
[    0.471363] ACPI: PCI: Interrupt link GSIH configured for IRQ 23
[    0.472884] iommu: Default domain type: Translated
[    0.473345] iommu: DMA domain TLB invalidation policy: lazy mode
[    0.474628] SCSI subsystem initialized
[    0.475395] ACPI: bus type USB registered
[    0.476150] usbcore: registered new interface driver usbfs
[    0.476360] usbcore: registered new interface driver hub
[    0.477314] usbcore: registered new device driver usb
[    0.477390] pps_core: LinuxPPS API ver. 1 registered
[    0.478249] pps_core: Software ver. 5.3.6 - Copyright 2005-2007 Rodolfo Giometti <giometti@linux.it>
[    0.478353] PTP clock support registered
[    0.479162] EDAC MC: Ver: 3.0.0
[    0.479983] NetLabel: Initializing
[    0.480345] NetLabel:  domain hash size = 128
[    0.481126] NetLabel:  protocols = UNLABELED CIPSOv4 CALIPSO
[    0.481375] NetLabel:  unlabeled traffic allowed by default
[    0.482424] mctp: management component transport protocol core
[    0.483345] NET: Registered PF_MCTP protocol family
[    0.484214] PCI: Using ACPI for IRQ routing
[    0.700045] pci 0000:00:02.0: vgaarb: setting as boot VGA device
[    0.700339] pci 0000:00:02.0: vgaarb: bridge control possible
[    0.700339] pci 0000:00:02.0: vgaarb: VGA device added: decodes=io+mem,owns=io+mem,locks=none
[    0.700348] vgaarb: loaded
[    0.700969] hpet0: at MMIO 0xfed00000, IRQs 2, 8, 0
[    0.701344] hpet0: 3 comparators, 64-bit 100.000000 MHz counter
[    0.706395] clocksource: Switched to clocksource kvm-clock
[    0.708325] VFS: Disk quotas dquot_6.6.0
[    0.709120] VFS: Dquot-cache hash table entries: 512 (order 0, 4096 bytes)
[    0.710517] AppArmor: AppArmor Filesystem Enabled
[    0.711358] pnp: PnP ACPI init
[    0.712152] system 00:05: [mem 0xb0000000-0xbfffffff window] has been reserved
[    0.713843] pnp: PnP ACPI: found 6 devices
[    0.720763] clocksource: acpi_pm: mask: 0xffffff max_cycles: 0xffffff, max_idle_ns: 2085701024 ns
[    0.722457] NET: Registered PF_INET protocol family
[    0.723347] IP idents hash table entries: 16384 (order: 5, 131072 bytes, linear)
[    0.745905] tcp_listen_portaddr_hash hash table entries: 512 (order: 1, 8192 bytes, linear)
[    0.747397] Table-perturb hash table entries: 65536 (order: 6, 262144 bytes, linear)
[    0.748731] TCP established hash table entries: 8192 (order: 4, 65536 bytes, linear)
[    0.750124] TCP bind hash table entries: 8192 (order: 6, 262144 bytes, linear)
[    0.751426] TCP: Hash tables configured (established 8192 bind 8192)
[    0.752624] MPTCP token hash table entries: 1024 (order: 2, 24576 bytes, linear)
[    0.753897] UDP hash table entries: 512 (order: 2, 16384 bytes, linear)
[    0.755073] UDP-Lite hash table entries: 512 (order: 2, 16384 bytes, linear)
[    0.756361] NET: Registered PF_UNIX/PF_LOCAL protocol family
[    0.757343] NET: Registered PF_XDP protocol family
[    0.758210] pci_bus 0000:00: resource 4 [io  0x0000-0x0cf7 window]
[    0.759304] pci_bus 0000:00: resource 5 [io  0x0d00-0xffff window]
[    0.760323] pci_bus 0000:00: resource 6 [mem 0x000a0000-0x000bffff window]
[    0.761463] pci_bus 0000:00: resource 7 [mem 0x40000000-0xafffffff window]
[    0.762636] pci_bus 0000:00: resource 8 [mem 0xc0000000-0xfebfffff window]
[    0.763824] pci_bus 0000:00: resource 9 [mem 0x100000000-0x8ffffffff window]
[    0.765520] ACPI: \_SB_.GSIH: Enabled at IRQ 23
[    0.767343] PCI: CLS 0 bytes, default 64
[    0.768194] Trying to unpack rootfs image as initramfs...
[    0.769795] clocksource: tsc: mask: 0xffffffffffffffff max_cycles: 0x28680fa287f, max_idle_ns: 440795281151 ns
[    0.774306] Initialise system trusted keyrings
[    0.776657] Key type blacklist registered
[    0.777643] workingset: timestamp_bits=36 max_order=18 bucket_order=0
[    0.780753] zbud: loaded
[    0.781532] squashfs: version 4.0 (2009/01/31) Phillip Lougher
[    0.784684] fuse: init (API version 7.39)
[    0.786851] integrity: Platform Keyring initialized
[    0.788699] integrity: Machine keyring initialized
[    0.828771] Key type asymmetric registered
[    0.829462] Asymmetric key parser 'x509' registered
[    0.831776] Block layer SCSI generic (bsg) driver version 0.4 loaded (major 243)
[    0.834771] io scheduler mq-deadline registered
[    0.836872] shpchp: Standard Hot Plug PCI Controller Driver version: 0.4
[    0.839889] input: Power Button as /devices/LNXSYSTM:00/LNXPWRBN:00/input/input0
[    0.842838] ACPI: button: Power Button [PWRF]
[    0.845511] ACPI: \_SB_.GSIF: Enabled at IRQ 21
[    0.851960] ACPI: \_SB_.GSIG: Enabled at IRQ 22
[    0.857873] Serial: 8250/16550 driver, 32 ports, IRQ sharing enabled
[    0.915110] 00:03: ttyS0 at I/O 0x3f8 (irq = 4, base_baud = 115200) is a 16550A
[    0.923802] Linux agpgart interface v0.103
[    0.930352] loop: module loaded
[    0.931493] ACPI: bus type drm_connector registered
[    0.934050] tun: Universal TUN/TAP device driver, 1.6
[    0.938777] PPP generic driver version 2.4.2
[    0.940875] i8042: PNP: PS/2 Controller [PNP0303:KBD,PNP0f13:MOU] at 0x60,0x64 irq 1,12
[    0.945580] serio: i8042 KBD port at 0x60,0x64 irq 1
[    0.948644] serio: i8042 AUX port at 0x60,0x64 irq 12
[    0.949745] mousedev: PS/2 mouse device common for all mice
[    0.952187] input: AT Translated Set 2 keyboard as /devices/platform/i8042/serio0/input/input1
[    0.953821] rtc_cmos 00:04: RTC can wake from S4
[    0.957773] rtc_cmos 00:04: registered as rtc0
[    0.962459] rtc_cmos 00:04: setting system clock to 2026-03-08T00:20:59 UTC (1772929259)
[    0.964039] rtc_cmos 00:04: alarms up to one day, y3k, 242 bytes nvram, hpet irqs
[    0.965371] i2c_dev: i2c /dev entries driver
[    0.966803] device-mapper: core: CONFIG_IMA_DISABLE_HTABLE is disabled. Duplicate IMA measurements will not be recorded in the IMA log.
[    0.971966] device-mapper: uevent: version 1.0.3
[    0.973784] device-mapper: ioctl: 4.48.0-ioctl (2023-03-01) initialised: dm-devel@redhat.com
[    0.975302] intel_pstate: CPU model not supported
[    0.978741] ledtrig-cpu: registered to indicate activity on CPUs
[    0.980941] drop_monitor: Initializing network drop monitor service
[    0.983764] NET: Registered PF_INET6 protocol family
[    1.288546] Freeing initrd memory: 19124K
[    1.289577] Segment Routing with IPv6
[    1.290291] In-situ OAM (IOAM) with IPv6
[    1.291009] NET: Registered PF_PACKET protocol family
[    1.291997] Key type dns_resolver registered
[    1.293126] IPI shorthand broadcast: enabled
[    1.296736] sched_clock: Marking stable (1144003272, 152610409)->(1365624804, -69011123)
[    1.298490] registered taskstats version 1
[    1.299432] Loading compiled-in X.509 certificates
[    1.301311] Loaded X.509 cert 'Build time autogenerated kernel key: 7f71bdefc17a4d88631555bf9efbb1c93d6f5260'
[    1.304058] Loaded X.509 cert 'Canonical Ltd. Live Patch Signing 2025 Kmod: d541cef61dc7e793b7eb7e899970a2eef0b5dc8c'
[    1.306832] Loaded X.509 cert 'Canonical Ltd. Live Patch Signing: 14df34d1a87cf37625abec039ef2bf521249b969'
[    1.309441] Loaded X.509 cert 'Canonical Ltd. Kernel Module Signing: 88f752e560a1e0737e31163a466ad7b70a850c19'
[    1.311297] blacklist: Loading compiled-in revocation X.509 certificates
[    1.312438] Loaded X.509 cert 'Canonical Ltd. Secure Boot Signing: 61482aa2830d0ab2ad5af10b7250da9033ddcef0'
[    1.314038] Loaded X.509 cert 'Canonical Ltd. Secure Boot Signing (2017): 242ade75ac4a15e50d50c84b0d45ff3eae707a03'
[    1.315750] Loaded X.509 cert 'Canonical Ltd. Secure Boot Signing (ESM 2018): 365188c1d374d6b07c3c8f240f8ef722433d6a8b'
[    1.317518] Loaded X.509 cert 'Canonical Ltd. Secure Boot Signing (2019): c0746fd6c5da3ae827864651ad66ae47fe24b3e8'
[    1.319246] Loaded X.509 cert 'Canonical Ltd. Secure Boot Signing (2021 v1): a8d54bbb3825cfb94fa13c9f8a594a195c107b8d'
[    1.320970] Loaded X.509 cert 'Canonical Ltd. Secure Boot Signing (2021 v2): 4cf046892d6fd3c9a5b03f98d845f90851dc6a8c'
[    1.322785] Loaded X.509 cert 'Canonical Ltd. Secure Boot Signing (2021 v3): 100437bb6de6e469b581e61cd66bce3ef4ed53af'
[    1.324560] Loaded X.509 cert 'Canonical Ltd. Secure Boot Signing (Ubuntu Core 2019): c1d57b8f6b743f23ee41f4f7ee292f06eecadfb9'
[    1.332262] Key type .fscrypt registered
[    1.333042] Key type fscrypt-provisioning registered
[    1.334355] Key type encrypted registered
[    1.335102] AppArmor: AppArmor sha256 policy hashing enabled
[    1.336148] ima: No TPM chip found, activating TPM-bypass!
[    1.337191] Loading compiled-in module X.509 certificates
[    1.339110] Loaded X.509 cert 'Build time autogenerated kernel key: 7f71bdefc17a4d88631555bf9efbb1c93d6f5260'
[    1.340852] ima: Allocated hash algorithm: sha256
[    1.341751] ima: No architecture policies found
[    1.342582] evm: Initialising EVM extended attributes:
[    1.343525] evm: security.selinux
[    1.344135] evm: security.SMACK64
[    1.344723] evm: security.SMACK64EXEC
[    1.345283] evm: security.SMACK64TRANSMUTE
[    1.345903] evm: security.SMACK64MMAP
[    1.346495] evm: security.apparmor
[    1.347123] evm: security.ima
[    1.347674] evm: security.capability
[    1.348337] evm: HMAC attrs: 0x1
[    1.349293] PM:   Magic number: 2:848:303
[    1.350039] tty tty32: hash matches
[    1.355637] RAS: Correctable Errors collector initialized.
[    1.356632] clk: Disabling unused clocks
[    1.374061] Freeing unused decrypted memory: 2028K
[    1.375439] Freeing unused kernel image (initmem) memory: 4920K
[    1.376193] Write protecting the kernel read-only data: 38912k
[    1.377601] Freeing unused kernel image (rodata/data gap) memory: 1984K
[    1.402692] x86/mm: Checked W+X mappings: passed, no W+X pages found.
[    1.403561] Run /init as init process
[init-phase2] booted
[init-phase2] loading module=/lib/modules/6.8.0-101-generic/kernel/drivers/virtio/virtio_dma_buf.ko
[init-phase2] loading module=/lib/modules/6.8.0-101-generic/kernel/drivers/gpu/drm/virtio/virtio-gpu.ko
[    1.419107] [drm] pci: virtio-vga detected at 0000:00:02.0
[    1.419862] virtio-pci 0000:00:02.0: vgaarb: deactivate vga console
[    1.433909] Console: switching to colour dummy device 80x25
[    1.434911] [drm] features: -virgl +edid -resource_blob -host_visible
[    1.434914] [drm] features: -context_init
[    1.437232] [drm] number of scanouts: 1
[    1.437787] [drm] number of cap sets: 0
[    1.438655] [drm] Initialized virtio_gpu 0.1.0 0 for 0000:00:02.0 on minor 0
[    1.442607] fbcon: virtio_gpudrmfb (fb0) is primary device
[    1.446861] Console: switching to colour frame buffer device 160x50
[    1.452005] virtio-pci 0000:00:02.0: [drm] fb0: virtio_gpudrmfb frame buffer device
[init-phase2] loading module=/lib/modules/6.8.0-101-generic/kernel/drivers/hid/hid.ko
[    1.460843] hid: raw HID events driver (C) Jiri Kosina
[init-phase2] loading module=/lib/modules/6.8.0-101-generic/kernel/drivers/hid/hid-generic.ko
[init-phase2] loading module=/lib/modules/6.8.0-101-generic/kernel/drivers/hid/usbhid/usbhid.ko
[    1.468363] usbcore: registered new interface driver usbhid
[    1.469061] usbhid: USB HID core driver
[init-phase2] loading module=/lib/modules/6.8.0-101-generic/kernel/drivers/hid/usbhid/usbkbd.ko
[    1.472376] usbcore: registered new interface driver usbkbd
[init-phase2] loading module=/lib/modules/6.8.0-101-generic/kernel/drivers/hid/usbhid/usbmouse.ko
[    1.475873] usbcore: registered new interface driver usbmouse
[init-phase2] loading module=/lib/modules/6.8.0-101-generic/kernel/drivers/input/mouse/psmouse.ko
[    1.484342] input: VirtualPS/2 VMware VMMouse as /devices/platform/i8042/serio1/input/input4
[init-phase2] loading module=/lib/modules/6.8.0-101-generic/kernel/drivers/usb/host/xhci-pci-renesas.ko[    1.487299] input: VirtualPS/2 VMware VMMouse as /devices/platform/i8042/serio1/input/input3

[init-phase2] loading module=/lib/modules/6.8.0-101-generic/kernel/drivers/usb/host/xhci-pci.ko
[    1.493877] xhci_hcd 0000:00:03.0: xHCI Host Controller
[    1.494542] xhci_hcd 0000:00:03.0: new USB bus registered, assigned bus number 1
[    1.495884] xhci_hcd 0000:00:03.0: hcc params 0x00087001 hci version 0x100 quirks 0x0000000000000010
[    1.497758] xhci_hcd 0000:00:03.0: xHCI Host Controller
[    1.498422] xhci_hcd 0000:00:03.0: new USB bus registered, assigned bus number 2
[    1.499339] xhci_hcd 0000:00:03.0: Host supports USB 3.0 SuperSpeed
[    1.500214] usb usb1: New USB device found, idVendor=1d6b, idProduct=0002, bcdDevice= 6.08
[    1.501209] usb usb1: New USB device strings: Mfr=3, Product=2, SerialNumber=1
[    1.502099] usb usb1: Product: xHCI Host Controller
[    1.502677] usb usb1: Manufacturer: Linux 6.8.0-101-generic xhci-hcd
[    1.503442] usb usb1: SerialNumber: 0000:00:03.0
[    1.504200] hub 1-0:1.0: USB hub found
[    1.504733] hub 1-0:1.0: 4 ports detected
[    1.505562] usb usb2: We don't know the algorithms for LPM for this host, disabling LPM.
[    1.506578] usb usb2: New USB device found, idVendor=1d6b, idProduct=0003, bcdDevice= 6.08
[    1.507532] usb usb2: New USB device strings: Mfr=3, Product=2, SerialNumber=1
[    1.508405] usb usb2: Product: xHCI Host Controller
[    1.509002] usb usb2: Manufacturer: Linux 6.8.0-101-generic xhci-hcd
[    1.509764] usb usb2: SerialNumber: 0000:00:03.0
[    1.510534] hub 2-0:1.0: USB hub found
[    1.511071] hub 2-0:1.0: 4 ports detected
Starting systemd-udevd version 255.4-1ubuntu8.8
total 0
drwxr-xr-x    2 root     root            80 Mar  8 00:21 by-path
crw-rw----    1 root     video     226,   0 Mar  8 00:21 card0
crw-rw----    1 root     root      226, 128 Mar  8 00:21 renderD128
total 0
drwxr-xr-x    2 root     root           100 Mar  8 00:21 by-path
crw-rw----    1 root     input      13,  64 Mar  8 00:21 event0
crw-rw----    1 root     input      13,  65 Mar  8 00:21 event1
crw-rw----    1 root     input      13,  66 Mar  8 00:21 event2
crw-rw----    1 root     input      13,  67 Mar  8 00:21 event3
crw-rw----    1 root     input      13,  63 Mar  8 00:21 mice
crw-rw----    1 root     input      13,  32 Mar  8 00:21 mouse0
crw-rw----    1 root     input      13,  33 Mar  8 00:21 mouse1
[init-phase2] seatd pid=121
[init-phase2] weston pid=122
[init-phase2] wayland ready
Date: 2026-03-08 UTC
[00:21:00.157] weston 13.0.0
               https://wayland.freedesktop.org
               Bug reports to: https://gitlab.freedesktop.org/wayland/weston/issues/
               Build: 13.0.0
[00:21:00.157] Command line: /usr/bin/weston --backend=drm --renderer=pixman --shell=kiosk-shell.so --socket=wayland-1 --continue-without-input --log=/var/log/weston.log
[00:21:00.157] OS: Linux, 6.8.0-101-generic, #101-Ubuntu SMP PREEMPT_DYNAMIC Mon Feb  9 10:15:05 UTC 2026, x86_64
[00:21:00.157] Flight recorder: enabled
[00:21:00.157] Using config file '/etc/xdg/weston/weston.ini'
[00:21:00.157] Output repaint window is 7 ms maximum.
[00:21:00.157] Loading module '/usr/lib/x86_64-linux-gnu/libweston-13/drm-backend.so'
[00:21:00.159] initializing drm backend
[00:21:00.159] Trying libseat launcher...
[00:21:00.159] [libseat/libseat.c:62] Seat opened with backend 'seatd'
[00:21:00.159] [libseat/backend/seatd.c:212] Enabling seat
[00:21:00.159] libseat: session control granted
[00:21:00.160] using /dev/dri/card0
[00:21:00.160] DRM: supports atomic modesetting
[00:21:00.160] DRM: does not support GBM modifiers
[00:21:00.160] DRM: does not support async page flipping
[00:21:00.160] DRM: supports picture aspect ratio
[00:21:00.160] Using Pixman renderer
[00:21:00.165] event0  - Power Button: is tagged by udev as: Keyboard
[00:21:00.165] event0  - Power Button: device is a keyboard
[00:21:00.166] event1  - AT Translated Set 2 keyboard: is tagged by udev as: Keyboard
[00:21:00.166] event1  - AT Translated Set 2 keyboard: device is a keyboard
[00:21:00.167] event3  - VirtualPS/2 VMware VMMouse: is tagged by udev as: Mouse
[00:21:00.168] event3  - VirtualPS/2 VMware VMMouse: device is a pointer
[00:21:00.169] event2  - VirtualPS/2 VMware VMMouse: is tagged by udev as: Mouse
[00:21:00.169] event2  - VirtualPS/2 VMware VMMouse: device is a pointer
[00:21:00.176] libinput: configuring device "Power Button".
[00:21:00.177] libinput: configuring device "AT Translated Set 2 keyboard".
[00:21:00.177] libinput: configuring device "VirtualPS/2 VMware VMMouse".
[00:21:00.177] libinput: configuring device "VirtualPS/2 VMware VMMouse".
[00:21:00.177] input device event2 has no enabled output associated (none named), skipping calibration for now.
[00:21:00.177] DRM: head 'Virtual-1' found, connector 36 is connected, EDID make 'RHT', model 'QEMU Monitor', serial ''
               Supported EOTF modes: SDR
[00:21:00.177] Registered plugin API 'weston_drm_output_api_v1' of size 40
[00:21:00.177] Registered plugin API 'weston_drm_virtual_output_api_v2' of size 48
[00:21:00.177] Color manager: no-op
[00:21:00.177] Output 'Virtual-1' attempts EOTF mode: SDR[    1.747326] usb 1-1: new high-speed USB device number 2 using xhci_hcd

[00:21:00.177] Output 'Virtual-1' using color profile: stock sRGB color profile
[00:21:00.181] DRM: output Virtual-1 uses shadow framebuffer.
[00:21:00.181] Output Virtual-1 (crtc 35) video modes:
               1280x800@75.0, preferred, current, 107.3 MHz
               5120x2160@50.0 64:27, 742.5 MHz
               4096x2160@50.0 256:135, 594.0 MHz
               3840x2160@60.0 16:9, 594.0 MHz
               3840x2160@59.9 16:9, 593.4 MHz
               3840x2160@50.0 16:9, 594.0 MHz
               1920x1440@60.0, 234.0 MHz
               2560x1080@50.0 64:27, 185.6 MHz
               1856x1392@60.0, 218.2 MHz
               1792x1344@60.0, 204.8 MHz
               2048x1152@60.0, 162.0 MHz
               1920x1200@59.9, 193.2 MHz
               1920x1080@60.0, 148.5 MHz
               1920x1080@50.0 16:9, 148.5 MHz
               1600x1200@60.0, 162.0 MHz
               1680x1050@60.0, 146.2 MHz
               1400x1050@60.0, 121.8 MHz
               1280x1024@60.0, 108.0 MHz
               1440x900@59.9, 106.5 MHz
               1280x960@60.0, 108.0 MHz
               1360x768@60.0, 85.5 MHz
               1280x768@59.9, 79.5 MHz
               1024x768@60.0, 65.0 MHz
               800x600@60.3, 40.0 MHz
               640x480@60.0 4:3, 25.2 MHz
               640x480@59.9, 25.2 MHz
[00:21:00.181] associating input device event0 with output Virtual-1 (none by udev)
[00:21:00.181] associating input device event1 with output Virtual-1 (none by udev)
[00:21:00.181] associating input device event3 with output Virtual-1 (none by udev)
[00:21:00.181] associating input device event2 with output Virtual-1 (none by udev)
[00:21:00.182] Output 'Virtual-1' enabled with head(s) Virtual-1
[00:21:00.182] Compositor capabilities:
               arbitrary surface rotation: yes
               screen capture uses y-flip: no
               cursor planes: yes
               arbitrary resolutions: no
               view mask clipping: yes
               explicit sync: no
               color operations: no
               presentation clock: CLOCK_MONOTONIC, id 1
               presentation clock resolution: 0.000000001 s
[00:21:00.182] Loading module '/usr/lib/x86_64-linux-gnu/weston/kiosk-shell.so'
[init-phase2] launching client=/bin/wl_sleepdemo args=--idle-seconds 5 --max-suspend-cycles 1 --wake-seconds 5 --pm-test devices
@@LOG kind=state global name=1 interface=wl_compositor version=5
@@LOG kind=state global name=2 interface=wl_subcompositor version=1
@@LOG kind=state global name=3 interface=wp_viewporter version=1
@@LOG kind=state global name=4 interface=zxdg_output_manager_v1 version=2
@@LOG kind=state global name=5 interface=wp_presentation version=1
@@LOG kind=state global name=6 interface=wp_single_pixel_buffer_manager_v1 version=1
@@LOG kind=state global name=7 interface=wp_tearing_control_manager_v1 version=1
@@LOG kind=state global name=8 interface=zwp_relative_pointer_manager_v1 version=1
@@LOG kind=state global name=9 interface=zwp_pointer_constraints_v1 version=1
@@LOG kind=state global name=10 interface=zwp_input_timestamps_manager_v1 version=1
@@LOG kind=state global name=11 interface=weston_capture_v1 version=1
@@LOG kind=state global name=12 interface=wl_data_device_manager version=3
@@LOG kind=state global name=13 interface=wl_shm version=1
@@LOG kind=state global name=14 interface=wl_seat version=7
@@LOG kind=state global name=15 interface=weston_content_protection version=1
@@LOG kind=state global name=16 interface=wl_output version=4
@@LOG kind=state global name=17 interface=xdg_wm_base version=5
@@LOG kind=state seat-listener-added
@@LOG kind=state keyboard-bound-fallback
@@LOG kind=state pointer-bound-fallback
@@LOG kind=state connected
[    1.876203] usb 1-1: New USB device found, idVendor=0627, idProduct=0001, bcdDevice= 0.00
[    1.877230] usb 1-1: New USB device strings: Mfr=1, Product=4, SerialNumber=11
[    1.878093] usb 1-1: Product: QEMU USB Keyboard
[    1.878665] usb 1-1: Manufacturer: QEMU
[    1.879129] usb 1-1: SerialNumber: 68284-0000:00:03.0-1
[    1.886378] input: QEMU QEMU USB Keyboard as /devices/pci0000:00/0000:00:03.0/usb1/1-1/1-1:1.0/0003:0627:0001.0001/input/input5
[    1.942904] hid-generic 0003:0627:0001.0001: input,hidraw0: USB HID v1.11 Keyboard [QEMU QEMU USB Keyboard] on usb-0000:00:03.0-1/input0
[    2.061639] usb 1-2: new high-speed USB device number 3 using xhci_hcd
[    2.191187] usb 1-2: New USB device found, idVendor=0627, idProduct=0001, bcdDevice= 0.00
[    2.192258] usb 1-2: New USB device strings: Mfr=1, Product=3, SerialNumber=10
[    2.193183] usb 1-2: Product: QEMU USB Tablet
[    2.193757] usb 1-2: Manufacturer: QEMU
[    2.194228] usb 1-2: SerialNumber: 28754-0000:00:03.0-2
[    2.201282] input: QEMU QEMU USB Tablet as /devices/pci0000:00/0000:00:03.0/usb1/1-2/1-2:1.0/0003:0627:0001.0002/input/input6
[    2.204895] hid-generic 0003:0627:0001.0002: input,hidraw1: USB HID v0.01 Mouse [QEMU QEMU USB Tablet] on usb-0000:00:03.0-2/input0
@@LOG kind=state socket-hup
