[    0.000000] Linux version 6.8.0-101-generic (buildd@lcy02-amd64-051) (x86_64-linux-gnu-gcc-13 (Ubuntu 13.3.0-6ubuntu2~24.04) 13.3.0, GNU ld (GNU Binutils for Ubuntu) 2.42) #101-Ubuntu SMP PREEMPT_DYNAMIC Mon Feb  9 10:15:05 UTC 2026 (Ubuntu 6.8.0-101.101-generic 6.8.12)
[    0.000000] Command line: console=ttyS0 panic=-1 no_console_suspend rdinit=/init phase3_runtime_seconds=20 phase3_url=about:blank
[    0.000000] KERNEL supported cpus:
[    0.000000]   Intel GenuineIntel
[    0.000000]   AMD AuthenticAMD
[    0.000000]   Hygon HygonGenuine
[    0.000000]   Centaur CentaurHauls
[    0.000000]   zhaoxin   Shanghai  
[    0.000000] BIOS-provided physical RAM map:
[    0.000000] BIOS-e820: [mem 0x0000000000000000-0x000000000009fbff] usable
[    0.000000] BIOS-e820: [mem 0x000000000009fc00-0x000000000009ffff] reserved
[    0.000000] BIOS-e820: [mem 0x00000000000f0000-0x00000000000fffff] reserved
[    0.000000] BIOS-e820: [mem 0x0000000000100000-0x000000007ffddfff] usable
[    0.000000] BIOS-e820: [mem 0x000000007ffde000-0x000000007fffffff] reserved
[    0.000000] BIOS-e820: [mem 0x00000000b0000000-0x00000000bfffffff] reserved
[    0.000000] BIOS-e820: [mem 0x00000000fed1c000-0x00000000fed1ffff] reserved
[    0.000000] BIOS-e820: [mem 0x00000000feffc000-0x00000000feffffff] reserved
[    0.000000] BIOS-e820: [mem 0x00000000fffc0000-0x00000000ffffffff] reserved
[    0.000000] NX (Execute Disable) protection: active
[    0.000000] APIC: Static calls initialized
[    0.000000] SMBIOS 3.0.0 present.
[    0.000000] DMI: QEMU Standard PC (Q35 + ICH9, 2009), BIOS 1.16.3-debian-1.16.3-2 04/01/2014
[    0.000000] Hypervisor detected: KVM
[    0.000000] kvm-clock: Using msrs 4b564d01 and 4b564d00
[    0.000000] kvm-clock: using sched offset of 278919894 cycles
[    0.000002] clocksource: kvm-clock: mask: 0xffffffffffffffff max_cycles: 0x1cd42e4dffb, max_idle_ns: 881590591483 ns
[    0.000004] tsc: Detected 2803.200 MHz processor
[    0.000603] last_pfn = 0x7ffde max_arch_pfn = 0x400000000
[    0.000637] MTRR map: 4 entries (3 fixed + 1 variable; max 19), built from 8 variable MTRRs
[    0.000640] x86/PAT: Configuration [0-7]: WB  WC  UC- UC  WB  WP  UC- WT  
[    0.004557] found SMP MP-table at [mem 0x000f5470-0x000f547f]
[    0.004570] Using GB pages for direct mapping
[    0.004792] RAMDISK: [mem 0x75deb000-0x7ffcffff]
[    0.004798] ACPI: Early table checksum verification disabled
[    0.004801] ACPI: RSDP 0x00000000000F52B0 000014 (v00 BOCHS )
[    0.004805] ACPI: RSDT 0x000000007FFE2304 000038 (v01 BOCHS  BXPC     00000001 BXPC 00000001)
[    0.004810] ACPI: FACP 0x000000007FFE20FC 0000F4 (v03 BOCHS  BXPC     00000001 BXPC 00000001)
[    0.004815] ACPI: DSDT 0x000000007FFE0040 0020BC (v01 BOCHS  BXPC     00000001 BXPC 00000001)
[    0.004817] ACPI: FACS 0x000000007FFE0000 000040
[    0.004819] ACPI: APIC 0x000000007FFE21F0 000078 (v03 BOCHS  BXPC     00000001 BXPC 00000001)
[    0.004821] ACPI: HPET 0x000000007FFE2268 000038 (v01 BOCHS  BXPC     00000001 BXPC 00000001)
[    0.004823] ACPI: MCFG 0x000000007FFE22A0 00003C (v01 BOCHS  BXPC     00000001 BXPC 00000001)
[    0.004825] ACPI: WAET 0x000000007FFE22DC 000028 (v01 BOCHS  BXPC     00000001 BXPC 00000001)
[    0.004827] ACPI: Reserving FACP table memory at [mem 0x7ffe20fc-0x7ffe21ef]
[    0.004828] ACPI: Reserving DSDT table memory at [mem 0x7ffe0040-0x7ffe20fb]
[    0.004829] ACPI: Reserving FACS table memory at [mem 0x7ffe0000-0x7ffe003f]
[    0.004829] ACPI: Reserving APIC table memory at [mem 0x7ffe21f0-0x7ffe2267]
[    0.004830] ACPI: Reserving HPET table memory at [mem 0x7ffe2268-0x7ffe229f]
[    0.004830] ACPI: Reserving MCFG table memory at [mem 0x7ffe22a0-0x7ffe22db]
[    0.004831] ACPI: Reserving WAET table memory at [mem 0x7ffe22dc-0x7ffe2303]
[    0.005053] No NUMA configuration found
[    0.005055] Faking a node at [mem 0x0000000000000000-0x000000007ffddfff]
[    0.005060] NODE_DATA(0) allocated [mem 0x75dc0000-0x75deafff]
[    0.005168] Zone ranges:
[    0.005168]   DMA      [mem 0x0000000000001000-0x0000000000ffffff]
[    0.005170]   DMA32    [mem 0x0000000001000000-0x000000007ffddfff]
[    0.005171]   Normal   empty
[    0.005172]   Device   empty
[    0.005173] Movable zone start for each node
[    0.005174] Early memory node ranges
[    0.005174]   node   0: [mem 0x0000000000001000-0x000000000009efff]
[    0.005176]   node   0: [mem 0x0000000000100000-0x000000007ffddfff]
[    0.005176] Initmem setup node 0 [mem 0x0000000000001000-0x000000007ffddfff]
[    0.005393] On node 0, zone DMA: 1 pages in unavailable ranges
[    0.005402] On node 0, zone DMA: 97 pages in unavailable ranges
[    0.009530] On node 0, zone DMA32: 34 pages in unavailable ranges
[    0.009765] ACPI: PM-Timer IO Port: 0x608
[    0.009778] ACPI: LAPIC_NMI (acpi_id[0xff] dfl dfl lint[0x1])
[    0.009816] IOAPIC[0]: apic_id 0, version 17, address 0xfec00000, GSI 0-23
[    0.009818] ACPI: INT_SRC_OVR (bus 0 bus_irq 0 global_irq 2 dfl dfl)
[    0.009819] ACPI: INT_SRC_OVR (bus 0 bus_irq 5 global_irq 5 high level)
[    0.009820] ACPI: INT_SRC_OVR (bus 0 bus_irq 9 global_irq 9 high level)
[    0.009821] ACPI: INT_SRC_OVR (bus 0 bus_irq 10 global_irq 10 high level)
[    0.009822] ACPI: INT_SRC_OVR (bus 0 bus_irq 11 global_irq 11 high level)
[    0.009824] ACPI: Using ACPI (MADT) for SMP configuration information
[    0.009825] ACPI: HPET id: 0x8086a201 base: 0xfed00000
[    0.009829] TSC deadline timer available
[    0.009829] smpboot: Allowing 1 CPUs, 0 hotplug CPUs
[    0.009845] kvm-guest: APIC: eoi() replaced with kvm_guest_apic_eoi_write()
[    0.009864] PM: hibernation: Registered nosave memory: [mem 0x00000000-0x00000fff]
[    0.009865] PM: hibernation: Registered nosave memory: [mem 0x0009f000-0x000fffff]
[    0.009867] [mem 0xc0000000-0xfed1bfff] available for PCI devices
[    0.009868] Booting paravirtualized kernel on KVM
[    0.009869] clocksource: refined-jiffies: mask: 0xffffffff max_cycles: 0xffffffff, max_idle_ns: 1910969940391419 ns
[    0.009874] setup_percpu: NR_CPUS:8192 nr_cpumask_bits:1 nr_cpu_ids:1 nr_node_ids:1
[    0.010154] percpu: Embedded 86 pages/cpu s229376 r8192 d114688 u2097152
[    0.010184] kvm-guest: PV spinlocks disabled, single CPU
[    0.010186] Kernel command line: console=ttyS0 panic=-1 no_console_suspend rdinit=/init phase3_runtime_seconds=20 phase3_url=about:blank
[    0.010231] Unknown kernel command line parameters "phase3_runtime_seconds=20 phase3_url=about:blank", will be passed to user space.
[    0.010272] random: crng init done
[    0.010523] Dentry cache hash table entries: 262144 (order: 9, 2097152 bytes, linear)
[    0.010584] Inode-cache hash table entries: 131072 (order: 8, 1048576 bytes, linear)
[    0.010616] Fallback order for Node 0: 0 
[    0.010619] Built 1 zonelists, mobility grouping on.  Total pages: 515806
[    0.010619] Policy zone: DMA32
[    0.010623] mem auto-init: stack:all(zero), heap alloc:on, heap free:off
[    0.013839] Memory: 1840220K/2096624K available (22528K kernel code, 4439K rwdata, 14400K rodata, 4920K init, 4788K bss, 256144K reserved, 0K cma-reserved)
[    0.014458] SLUB: HWalign=64, Order=0-3, MinObjects=0, CPUs=1, Nodes=1
[    0.014476] ftrace: allocating 58250 entries in 228 pages
[    0.022343] ftrace: allocated 228 pages with 4 groups
[    0.023254] Dynamic Preempt: voluntary
[    0.023600] rcu: Preemptible hierarchical RCU implementation.
[    0.023602] rcu: 	RCU restricting CPUs from NR_CPUS=8192 to nr_cpu_ids=1.
[    0.023603] 	Trampoline variant of Tasks RCU enabled.
[    0.023604] 	Rude variant of Tasks RCU enabled.
[    0.023604] 	Tracing variant of Tasks RCU enabled.
[    0.023605] rcu: RCU calculated value of scheduler-enlistment delay is 100 jiffies.
[    0.023605] rcu: Adjusting geometry for rcu_fanout_leaf=16, nr_cpu_ids=1
[    0.023614] RCU Tasks: Setting shift to 0 and lim to 1 rcu_task_cb_adjust=1 rcu_task_cpu_ids=1.
[    0.023615] RCU Tasks Rude: Setting shift to 0 and lim to 1 rcu_task_cb_adjust=1 rcu_task_cpu_ids=1.
[    0.023616] RCU Tasks Trace: Setting shift to 0 and lim to 1 rcu_task_cb_adjust=1 rcu_task_cpu_ids=1.
[    0.026224] NR_IRQS: 524544, nr_irqs: 256, preallocated irqs: 16
[    0.026432] rcu: srcu_init: Setting srcu_struct sizes based on contention.
[    0.032660] Console: colour VGA+ 80x25
[    0.032689] printk: legacy console [ttyS0] enabled
[    0.082783] ACPI: Core revision 20230628
[    0.083173] clocksource: hpet: mask: 0xffffffff max_cycles: 0xffffffff, max_idle_ns: 19112604467 ns
[    0.083917] APIC: Switch to symmetric I/O mode setup
[    0.084388] x2apic enabled
[    0.084785] APIC: Switched APIC routing to: physical x2apic
[    0.085993] ..TIMER: vector=0x30 apic1=0 pin1=2 apic2=-1 pin2=-1
[    0.086394] clocksource: tsc-early: mask: 0xffffffffffffffff max_cycles: 0x28680fa287f, max_idle_ns: 440795281151 ns
[    0.087094] Calibrating delay loop (skipped) preset value.. 5606.40 BogoMIPS (lpj=2803200)
[    0.087746] x86/cpu: User Mode Instruction Prevention (UMIP) activated
[    0.088189] Last level iTLB entries: 4KB 0, 2MB 0, 4MB 0
[    0.088579] Last level dTLB entries: 4KB 0, 2MB 0, 4MB 0, 1GB 0
[    0.089097] Spectre V1 : Mitigation: usercopy/swapgs barriers and __user pointer sanitization
[    0.089648] Spectre V2 : Spectre BHI mitigation: SW BHB clearing on vm exit
[    0.090094] Spectre V2 : Spectre BHI mitigation: SW BHB clearing on syscall
[    0.090567] Spectre V2 : Mitigation: Enhanced / Automatic IBRS
[    0.091092] Spectre V2 : Spectre v2 / PBRSB-eIBRS: Retire a single CALL on VMEXIT
[    0.091590] Spectre V2 : mitigation: Enabling conditional Indirect Branch Prediction Barrier
[    0.092093] Speculative Store Bypass: Mitigation: Speculative Store Bypass disabled via prctl
[    0.092651] ITS: WARNING: ITS mitigation depends on retpoline and rethunk support
[    0.093092] ITS: Vulnerable
[    0.093305] x86/fpu: Supporting XSAVE feature 0x001: 'x87 floating point registers'
[    0.094092] x86/fpu: Supporting XSAVE feature 0x002: 'SSE registers'
[    0.094523] x86/fpu: Supporting XSAVE feature 0x004: 'AVX registers'
[    0.094941] x86/fpu: Supporting XSAVE feature 0x020: 'AVX-512 opmask'
[    0.095092] x86/fpu: Supporting XSAVE feature 0x040: 'AVX-512 Hi256'
[    0.095469] x86/fpu: Supporting XSAVE feature 0x080: 'AVX-512 ZMM_Hi256'
[    0.096092] x86/fpu: Supporting XSAVE feature 0x200: 'Protection Keys User registers'
[    0.096623] x86/fpu: xstate_offset[2]:  576, xstate_sizes[2]:  256
[    0.097092] x86/fpu: xstate_offset[5]:  832, xstate_sizes[5]:   64
[    0.097460] x86/fpu: xstate_offset[6]:  896, xstate_sizes[6]:  512
[    0.097842] x86/fpu: xstate_offset[7]: 1408, xstate_sizes[7]: 1024
[    0.098092] x86/fpu: xstate_offset[9]: 2432, xstate_sizes[9]:    8
[    0.098486] x86/fpu: Enabled xstate features 0x2e7, context size is 2440 bytes, using 'compacted' format.
[    0.122828] Freeing SMP alternatives memory: 48K
[    0.123093] pid_max: default: 32768 minimum: 301
[    0.123419] LSM: initializing lsm=lockdown,capability,landlock,yama,apparmor,integrity
[    0.123936] landlock: Up and running.
[    0.124092] Yama: becoming mindful.
[    0.124356] AppArmor: AppArmor initialized
[    0.124663] Mount-cache hash table entries: 4096 (order: 3, 32768 bytes, linear)
[    0.125093] Mountpoint-cache hash table entries: 4096 (order: 3, 32768 bytes, linear)
[    0.125771] smpboot: CPU0: 11th Gen Intel(R) Core(TM) i7-1165G7 @ 2.80GHz (family: 0x6, model: 0x8c, stepping: 0x1)
[    0.126109] Performance Events: Icelake events, full-width counters, Intel PMU driver.
[    0.126704] ... version:                2
[    0.126982] ... bit width:              48
[    0.127094] ... generic registers:      8
[    0.127445] ... value mask:             0000ffffffffffff
[    0.127805] ... max period:             00007fffffffffff
[    0.128093] ... fixed-purpose events:   3
[    0.128332] ... event mask:             00000007000000ff
[    0.128720] signal: max sigframe size: 3632
[    0.129001] rcu: Hierarchical SRCU implementation.
[    0.129093] rcu: 	Max phase no-delay instances is 400.
[    0.129619] smp: Bringing up secondary CPUs ...
[    0.129902] smp: Brought up 1 node, 1 CPU
[    0.130097] smpboot: Max logical packages: 1
[    0.130359] smpboot: Total of 1 processors activated (5606.40 BogoMIPS)
[    0.130926] devtmpfs: initialized
[    0.131120] x86/mm: Memory block size: 128MB
[    0.131612] clocksource: jiffies: mask: 0xffffffff max_cycles: 0xffffffff, max_idle_ns: 1911260446275000 ns
[    0.132097] futex hash table entries: 256 (order: 2, 16384 bytes, linear)
[    0.132574] pinctrl core: initialized pinctrl subsystem
[    0.132983] PM: RTC time: 02:12:23, date: 2026-03-08
[    0.133638] NET: Registered PF_NETLINK/PF_ROUTE protocol family
[    0.134084] DMA: preallocated 256 KiB GFP_KERNEL pool for atomic allocations
[    0.134112] DMA: preallocated 256 KiB GFP_KERNEL|GFP_DMA pool for atomic allocations
[    0.134614] DMA: preallocated 256 KiB GFP_KERNEL|GFP_DMA32 pool for atomic allocations
[    0.135093] audit: initializing netlink subsys (disabled)
[    0.135503] thermal_sys: Registered thermal governor 'fair_share'
[    0.135504] thermal_sys: Registered thermal governor 'bang_bang'
[    0.135873] thermal_sys: Registered thermal governor 'step_wise'
[    0.136093] thermal_sys: Registered thermal governor 'user_space'
[    0.136458] thermal_sys: Registered thermal governor 'power_allocator'
[    0.136828] audit: type=2000 audit(1772935943.462:1): state=initialized audit_enabled=0 res=1
[    0.137706] cpuidle: using governor ladder
[    0.137962] cpuidle: using governor menu
[    0.138134] acpiphp: ACPI Hot Plug PCI Controller Driver version: 0.5
[    0.138611] PCI: ECAM [mem 0xb0000000-0xbfffffff] (base 0xb0000000) for domain 0000 [bus 00-ff]
[    0.139094] PCI: ECAM [mem 0xb0000000-0xbfffffff] reserved as E820 entry
[    0.139503] PCI: Using configuration type 1 for base access
[    0.139904] kprobes: kprobe jump-optimization is enabled. All kprobes are optimized if possible.
[    0.165960] HugeTLB: registered 1.00 GiB page size, pre-allocated 0 pages
[    0.166093] HugeTLB: 16380 KiB vmemmap can be freed for a 1.00 GiB page
[    0.166504] HugeTLB: registered 2.00 MiB page size, pre-allocated 0 pages
[    0.166912] HugeTLB: 28 KiB vmemmap can be freed for a 2.00 MiB page
[    0.167304] ACPI: Added _OSI(Module Device)
[    0.167564] ACPI: Added _OSI(Processor Device)
[    0.167832] ACPI: Added _OSI(Processor Aggregator Device)
[    0.168906] ACPI: 1 ACPI AML tables successfully acquired and loaded
[    0.169800] ACPI: _OSC evaluation for CPUs failed, trying _PDC
[    0.170167] ACPI: Interpreter enabled
[    0.170401] ACPI: PM: (supports S0 S3 S4 S5)
[    0.170695] ACPI: Using IOAPIC for interrupt routing
[    0.171058] PCI: Using host bridge windows from ACPI; if necessary, use "pci=nocrs" and report a bug
[    0.171093] PCI: Using E820 reservations for host bridge windows
[    0.171505] ACPI: Enabled 2 GPEs in block 00 to 3F
[    0.172908] ACPI: PCI Root Bridge [PCI0] (domain 0000 [bus 00-ff])
[    0.173095] acpi PNP0A08:00: _OSC: OS supports [ExtendedConfig ASPM ClockPM Segments MSI EDR HPX-Type3]
[    0.173700] acpi PNP0A08:00: _OSC: platform does not support [PCIeHotplug LTR DPC]
[    0.174132] acpi PNP0A08:00: _OSC: OS now controls [SHPCHotplug PME AER PCIeCapability]
[    0.174699] PCI host bridge to bus 0000:00
[    0.174948] pci_bus 0000:00: root bus resource [io  0x0000-0x0cf7 window]
[    0.175093] pci_bus 0000:00: root bus resource [io  0x0d00-0xffff window]
[    0.175521] pci_bus 0000:00: root bus resource [mem 0x000a0000-0x000bffff window]
[    0.175977] pci_bus 0000:00: root bus resource [mem 0x80000000-0xafffffff window]
[    0.176093] pci_bus 0000:00: root bus resource [mem 0xc0000000-0xfebfffff window]
[    0.176567] pci_bus 0000:00: root bus resource [mem 0x100000000-0x8ffffffff window]
[    0.177070] pci_bus 0000:00: root bus resource [bus 00-ff]
[    0.177123] pci 0000:00:00.0: [8086:29c0] type 00 class 0x060000 conventional PCI endpoint
[    0.177944] pci 0000:00:01.0: [1af4:1000] type 00 class 0x020000 conventional PCI endpoint
[    0.178784] pci 0000:00:01.0: BAR 0 [io  0xc040-0xc05f]
[    0.179112] pci 0000:00:01.0: BAR 4 [mem 0xfe800000-0xfe803fff 64bit pref]
[    0.179530] pci 0000:00:01.0: ROM [mem 0xfeb00000-0xfeb7ffff pref]
[    0.180277] pci 0000:00:02.0: [1af4:1050] type 00 class 0x030000 conventional PCI endpoint
[    0.181757] pci 0000:00:02.0: BAR 0 [mem 0xfe000000-0xfe7fffff pref]
[    0.182105] pci 0000:00:02.0: BAR 2 [mem 0xfe804000-0xfe807fff 64bit pref]
[    0.182529] pci 0000:00:02.0: BAR 4 [mem 0xfeb94000-0xfeb94fff]
[    0.182916] pci 0000:00:02.0: ROM [mem 0xfeb80000-0xfeb8ffff pref]
[    0.183118] pci 0000:00:02.0: Video device with shadowed ROM at [mem 0x000c0000-0x000dffff]
[    0.183940] pci 0000:00:03.0: [1b36:000d] type 00 class 0x0c0330 PCIe Root Complex Integrated Endpoint
[    0.184500] pci 0000:00:03.0: BAR 0 [mem 0xfeb90000-0xfeb93fff 64bit]
[    0.191500] pci 0000:00:1f.0: [8086:2918] type 00 class 0x060100 conventional PCI endpoint
[    0.192204] pci 0000:00:1f.0: quirk: [io  0x0600-0x067f] claimed by ICH6 ACPI/GPIO/TCO
[    0.192877] pci 0000:00:1f.2: [8086:2922] type 00 class 0x010601 conventional PCI endpoint
[    0.193655] pci 0000:00:1f.2: BAR 4 [io  0xc060-0xc07f]
[    0.194024] pci 0000:00:1f.2: BAR 5 [mem 0xfeb95000-0xfeb95fff]
[    0.194294] pci 0000:00:1f.3: [8086:2930] type 00 class 0x0c0500 conventional PCI endpoint
[    0.195277] pci 0000:00:1f.3: BAR 4 [io  0x0700-0x073f]
[    0.195866] ACPI: PCI: Interrupt link LNKA configured for IRQ 10
[    0.196149] ACPI: PCI: Interrupt link LNKB configured for IRQ 10
[    0.196572] ACPI: PCI: Interrupt link LNKC configured for IRQ 11
[    0.196972] ACPI: PCI: Interrupt link LNKD configured for IRQ 11
[    0.197153] ACPI: PCI: Interrupt link LNKE configured for IRQ 10
[    0.197738] ACPI: PCI: Interrupt link LNKF configured for IRQ 10
[    0.198136] ACPI: PCI: Interrupt link LNKG configured for IRQ 11
[    0.198560] ACPI: PCI: Interrupt link LNKH configured for IRQ 11
[    0.199018] ACPI: PCI: Interrupt link GSIA configured for IRQ 16
[    0.199098] ACPI: PCI: Interrupt link GSIB configured for IRQ 17
[    0.199467] ACPI: PCI: Interrupt link GSIC configured for IRQ 18
[    0.199833] ACPI: PCI: Interrupt link GSID configured for IRQ 19
[    0.200097] ACPI: PCI: Interrupt link GSIE configured for IRQ 20
[    0.200466] ACPI: PCI: Interrupt link GSIF configured for IRQ 21
[    0.200827] ACPI: PCI: Interrupt link GSIG configured for IRQ 22
[    0.201097] ACPI: PCI: Interrupt link GSIH configured for IRQ 23
[    0.201635] iommu: Default domain type: Translated
[    0.201927] iommu: DMA domain TLB invalidation policy: lazy mode
[    0.202184] SCSI subsystem initialized
[    0.202466] ACPI: bus type USB registered
[    0.202720] usbcore: registered new interface driver usbfs
[    0.203053] usbcore: registered new interface driver hub
[    0.203095] usbcore: registered new device driver usb
[    0.203412] pps_core: LinuxPPS API ver. 1 registered
[    0.203710] pps_core: Software ver. 5.3.6 - Copyright 2005-2007 Rodolfo Giometti <giometti@linux.it>
[    0.204094] PTP clock support registered
[    0.204416] EDAC MC: Ver: 3.0.0
[    0.204960] NetLabel: Initializing
[    0.205093] NetLabel:  domain hash size = 128
[    0.205365] NetLabel:  protocols = UNLABELED CIPSOv4 CALIPSO
[    0.205772] NetLabel:  unlabeled traffic allowed by default
[    0.206122] mctp: management component transport protocol core
[    0.206539] NET: Registered PF_MCTP protocol family
[    0.206882] PCI: Using ACPI for IRQ routing
[    0.297300] pci 0000:00:02.0: vgaarb: setting as boot VGA device
[    0.297697] pci 0000:00:02.0: vgaarb: bridge control possible
[    0.298044] pci 0000:00:02.0: vgaarb: VGA device added: decodes=io+mem,owns=io+mem,locks=none
[    0.298093] vgaarb: loaded
[    0.298349] hpet0: at MMIO 0xfed00000, IRQs 2, 8, 0
[    0.298645] hpet0: 3 comparators, 64-bit 100.000000 MHz counter
[    0.302137] clocksource: Switched to clocksource kvm-clock
[    0.303152] VFS: Disk quotas dquot_6.6.0
[    0.303415] VFS: Dquot-cache hash table entries: 512 (order 0, 4096 bytes)
[    0.303963] AppArmor: AppArmor Filesystem Enabled
[    0.304308] pnp: PnP ACPI init
[    0.304629] system 00:05: [mem 0xb0000000-0xbfffffff window] has been reserved
[    0.305269] pnp: PnP ACPI: found 6 devices
[    0.310679] clocksource: acpi_pm: mask: 0xffffff max_cycles: 0xffffff, max_idle_ns: 2085701024 ns
[    0.311270] NET: Registered PF_INET protocol family
[    0.311835] IP idents hash table entries: 32768 (order: 6, 262144 bytes, linear)
[    0.321362] tcp_listen_portaddr_hash hash table entries: 1024 (order: 2, 16384 bytes, linear)
[    0.321926] Table-perturb hash table entries: 65536 (order: 6, 262144 bytes, linear)
[    0.322406] TCP established hash table entries: 16384 (order: 5, 131072 bytes, linear)
[    0.322912] TCP bind hash table entries: 16384 (order: 7, 524288 bytes, linear)
[    0.323397] TCP: Hash tables configured (established 16384 bind 16384)
[    0.323930] MPTCP token hash table entries: 2048 (order: 3, 49152 bytes, linear)
[    0.324412] UDP hash table entries: 1024 (order: 3, 32768 bytes, linear)
[    0.324832] UDP-Lite hash table entries: 1024 (order: 3, 32768 bytes, linear)
[    0.325288] NET: Registered PF_UNIX/PF_LOCAL protocol family
[    0.325638] NET: Registered PF_XDP protocol family
[    0.325951] pci_bus 0000:00: resource 4 [io  0x0000-0x0cf7 window]
[    0.326321] pci_bus 0000:00: resource 5 [io  0x0d00-0xffff window]
[    0.326696] pci_bus 0000:00: resource 6 [mem 0x000a0000-0x000bffff window]
[    0.327122] pci_bus 0000:00: resource 7 [mem 0x80000000-0xafffffff window]
[    0.327715] pci_bus 0000:00: resource 8 [mem 0xc0000000-0xfebfffff window]
[    0.328162] pci_bus 0000:00: resource 9 [mem 0x100000000-0x8ffffffff window]
[    0.328825] ACPI: \_SB_.GSIH: Enabled at IRQ 23
[    0.329470] PCI: CLS 0 bytes, default 64
[    0.329796] Trying to unpack rootfs image as initramfs...
[    0.330696] clocksource: tsc: mask: 0xffffffffffffffff max_cycles: 0x28680fa287f, max_idle_ns: 440795281151 ns
[    0.332854] Initialise system trusted keyrings
[    0.333141] Key type blacklist registered
[    0.333410] workingset: timestamp_bits=36 max_order=19 bucket_order=0
[    0.334811] zbud: loaded
[    0.335104] squashfs: version 4.0 (2009/01/31) Phillip Lougher
[    0.336729] fuse: init (API version 7.39)
[    0.337038] integrity: Platform Keyring initialized
[    0.337336] integrity: Machine keyring initialized
[    0.348662] Key type asymmetric registered
[    0.348919] Asymmetric key parser 'x509' registered
[    0.349223] Block layer SCSI generic (bsg) driver version 0.4 loaded (major 243)
[    0.350716] io scheduler mq-deadline registered
[    0.351811] shpchp: Standard Hot Plug PCI Controller Driver version: 0.4
[    0.352283] input: Power Button as /devices/LNXSYSTM:00/LNXPWRBN:00/input/input0
[    0.353749] ACPI: button: Power Button [PWRF]
[    0.355100] ACPI: \_SB_.GSIF: Enabled at IRQ 21
[    0.357181] ACPI: \_SB_.GSIG: Enabled at IRQ 22
[    0.359691] Serial: 8250/16550 driver, 32 ports, IRQ sharing enabled
[    0.404787] 00:03: ttyS0 at I/O 0x3f8 (irq = 4, base_baud = 115200) is a 16550A
[    0.408767] Linux agpgart interface v0.103
[    0.409727] loop: module loaded
[    0.410729] ACPI: bus type drm_connector registered
[    0.411146] tun: Universal TUN/TAP device driver, 1.6
[    0.413230] PPP generic driver version 2.4.2
[    0.413792] i8042: PNP: PS/2 Controller [PNP0303:KBD,PNP0f13:MOU] at 0x60,0x64 irq 1,12
[    0.415725] serio: i8042 KBD port at 0x60,0x64 irq 1
[    0.416038] serio: i8042 AUX port at 0x60,0x64 irq 12
[    0.417740] mousedev: PS/2 mouse device common for all mice
[    0.418207] input: AT Translated Set 2 keyboard as /devices/platform/i8042/serio0/input/input1
[    0.418857] rtc_cmos 00:04: RTC can wake from S4
[    0.419768] rtc_cmos 00:04: registered as rtc0
[    0.420082] rtc_cmos 00:04: setting system clock to 2026-03-08T02:12:23 UTC (1772935943)
[    0.420597] rtc_cmos 00:04: alarms up to one day, y3k, 242 bytes nvram, hpet irqs
[    0.422714] i2c_dev: i2c /dev entries driver
[    0.422992] device-mapper: core: CONFIG_IMA_DISABLE_HTABLE is disabled. Duplicate IMA measurements will not be recorded in the IMA log.
[    0.424695] device-mapper: uevent: version 1.0.3
[    0.425737] device-mapper: ioctl: 4.48.0-ioctl (2023-03-01) initialised: dm-devel@redhat.com
[    0.426246] intel_pstate: CPU model not supported
[    0.427803] ledtrig-cpu: registered to indicate activity on CPUs
[    0.428270] drop_monitor: Initializing network drop monitor service
[    0.428770] NET: Registered PF_INET6 protocol family
[    1.769309] Freeing initrd memory: 165780K
[    1.769731] Segment Routing with IPv6
[    1.769966] In-situ OAM (IOAM) with IPv6
[    1.770226] NET: Registered PF_PACKET protocol family
[    1.770570] Key type dns_resolver registered
[    1.770955] IPI shorthand broadcast: enabled
[    1.772014] sched_clock: Marking stable (1714001607, 57653775)->(1783667691, -12012309)
[    1.772556] registered taskstats version 1
[    1.772923] Loading compiled-in X.509 certificates
[    1.773572] Loaded X.509 cert 'Build time autogenerated kernel key: 7f71bdefc17a4d88631555bf9efbb1c93d6f5260'
[    1.774671] Loaded X.509 cert 'Canonical Ltd. Live Patch Signing 2025 Kmod: d541cef61dc7e793b7eb7e899970a2eef0b5dc8c'
[    1.775626] Loaded X.509 cert 'Canonical Ltd. Live Patch Signing: 14df34d1a87cf37625abec039ef2bf521249b969'
[    1.776525] Loaded X.509 cert 'Canonical Ltd. Kernel Module Signing: 88f752e560a1e0737e31163a466ad7b70a850c19'
[    1.777123] blacklist: Loading compiled-in revocation X.509 certificates
[    1.777535] Loaded X.509 cert 'Canonical Ltd. Secure Boot Signing: 61482aa2830d0ab2ad5af10b7250da9033ddcef0'
[    1.778134] Loaded X.509 cert 'Canonical Ltd. Secure Boot Signing (2017): 242ade75ac4a15e50d50c84b0d45ff3eae707a03'
[    1.778765] Loaded X.509 cert 'Canonical Ltd. Secure Boot Signing (ESM 2018): 365188c1d374d6b07c3c8f240f8ef722433d6a8b'
[    1.779408] Loaded X.509 cert 'Canonical Ltd. Secure Boot Signing (2019): c0746fd6c5da3ae827864651ad66ae47fe24b3e8'
[    1.780037] Loaded X.509 cert 'Canonical Ltd. Secure Boot Signing (2021 v1): a8d54bbb3825cfb94fa13c9f8a594a195c107b8d'
[    1.780715] Loaded X.509 cert 'Canonical Ltd. Secure Boot Signing (2021 v2): 4cf046892d6fd3c9a5b03f98d845f90851dc6a8c'
[    1.781354] Loaded X.509 cert 'Canonical Ltd. Secure Boot Signing (2021 v3): 100437bb6de6e469b581e61cd66bce3ef4ed53af'
[    1.782016] Loaded X.509 cert 'Canonical Ltd. Secure Boot Signing (Ubuntu Core 2019): c1d57b8f6b743f23ee41f4f7ee292f06eecadfb9'
[    1.784480] Key type .fscrypt registered
[    1.784872] Key type fscrypt-provisioning registered
[    1.785616] Key type encrypted registered
[    1.785932] AppArmor: AppArmor sha256 policy hashing enabled
[    1.786332] ima: No TPM chip found, activating TPM-bypass!
[    1.786712] Loading compiled-in module X.509 certificates
[    1.787360] Loaded X.509 cert 'Build time autogenerated kernel key: 7f71bdefc17a4d88631555bf9efbb1c93d6f5260'
[    1.788041] ima: Allocated hash algorithm: sha256
[    1.788373] ima: No architecture policies found
[    1.788700] evm: Initialising EVM extended attributes:
[    1.789052] evm: security.selinux
[    1.789314] evm: security.SMACK64
[    1.789548] evm: security.SMACK64EXEC
[    1.789802] evm: security.SMACK64TRANSMUTE
[    1.790051] evm: security.SMACK64MMAP
[    1.790273] evm: security.apparmor
[    1.790480] evm: security.ima
[    1.790691] evm: security.capability
[    1.790939] evm: HMAC attrs: 0x1
[    1.791332] PM:   Magic number: 2:957:206
[    1.793489] RAS: Correctable Errors collector initialized.
[    1.793930] clk: Disabling unused clocks
[    1.800407] Freeing unused decrypted memory: 2028K
[    1.801075] Freeing unused kernel image (initmem) memory: 4920K
[    1.801326] Write protecting the kernel read-only data: 38912k
[    1.801934] Freeing unused kernel image (rodata/data gap) memory: 1984K
[    1.810012] x86/mm: Checked W+X mappings: passed, no W+X pages found.
[    1.810286] Run /init as init process
[init-phase3] booted
[init-phase3] loading module=/lib/modules/6.8.0-101-generic/kernel/drivers/virtio/virtio_dma_buf.ko
[init-phase3] loading module=/lib/modules/6.8.0-101-generic/kernel/drivers/gpu/drm/virtio/virtio-gpu.ko
[    1.816306] [drm] pci: virtio-vga detected at 0000:00:02.0
[    1.816648] virtio-pci 0000:00:02.0: vgaarb: deactivate vga console
[    1.821283] Console: switching to colour dummy device 80x25
[    1.821622] [drm] features: -virgl +edid -resource_blob -host_visible
[    1.821624] [drm] features: -context_init
[    1.822520] [drm] number of scanouts: 1
[    1.822722] [drm] number of cap sets: 0
[    1.823036] [drm] Initialized virtio_gpu 0.1.0 0 for 0000:00:02.0 on minor 0
[    1.824855] fbcon: virtio_gpudrmfb (fb0) is primary device
[    1.825324] Console: switching to colour frame buffer device 160x50
[    1.828058] virtio-pci 0000:00:02.0: [drm] fb0: virtio_gpudrmfb frame buffer device
[init-phase3] loading module=/lib/modules/6.8.0-101-generic/kernel/drivers/hid/hid.ko
[    1.832856] hid: raw HID events driver (C) Jiri Kosina
[init-phase3] loading module=/lib/modules/6.8.0-101-generic/kernel/drivers/hid/hid-generic.ko
[init-phase3] loading module=/lib/modules/6.8.0-101-generic/kernel/drivers/hid/usbhid/usbhid.ko
[    1.835593] usbcore: registered new interface driver usbhid
[    1.835866] usbhid: USB HID core driver
[init-phase3] loading module=/lib/modules/6.8.0-101-generic/kernel/drivers/hid/usbhid/usbkbd.ko
[    1.837006] usbcore: registered new interface driver usbkbd
[init-phase3] loading module=/lib/modules/6.8.0-101-generic/kernel/drivers/hid/usbhid/usbmouse.ko
[    1.838414] usbcore: registered new interface driver usbmouse
[init-phase3] loading module=/lib/modules/6.8.0-101-generic/kernel/drivers/input/mouse/psmouse.ko
[    1.841421] input: VirtualPS/2 VMware VMMouse as /devices/platform/i8042/serio1/input/input4
[    1.842077] input: VirtualPS/2 VMware VMMouse as /devices/platform/i8042/serio1/input/input3
[init-phase3] loading module=/lib/modules/6.8.0-101-generic/kernel/drivers/usb/host/xhci-pci-renesas.ko
[init-phase3] loading module=/lib/modules/6.8.0-101-generic/kernel/drivers/usb/host/xhci-pci.ko
[    1.845423] xhci_hcd 0000:00:03.0: xHCI Host Controller
[    1.845696] xhci_hcd 0000:00:03.0: new USB bus registered, assigned bus number 1
[    1.846136] xhci_hcd 0000:00:03.0: hcc params 0x00087001 hci version 0x100 quirks 0x0000000000000010
[    1.846831] xhci_hcd 0000:00:03.0: xHCI Host Controller
[    1.847052] xhci_hcd 0000:00:03.0: new USB bus registered, assigned bus number 2
[    1.847354] xhci_hcd 0000:00:03.0: Host supports USB 3.0 SuperSpeed
[    1.847651] usb usb1: New USB device found, idVendor=1d6b, idProduct=0002, bcdDevice= 6.08
[    1.847998] usb usb1: New USB device strings: Mfr=3, Product=2, SerialNumber=1
[    1.848364] usb usb1: Product: xHCI Host Controller
[    1.848683] usb usb1: Manufacturer: Linux 6.8.0-101-generic xhci-hcd
[    1.849023] usb usb1: SerialNumber: 0000:00:03.0
[    1.849309] hub 1-0:1.0: USB hub found
[    1.849507] hub 1-0:1.0: 4 ports detected
[    1.849818] usb usb2: We don't know the algorithms for LPM for this host, disabling LPM.
[    1.850155] usb usb2: New USB device found, idVendor=1d6b, idProduct=0003, bcdDevice= 6.08
[    1.850490] usb usb2: New USB device strings: Mfr=3, Product=2, SerialNumber=1
[    1.850821] usb usb2: Product: xHCI Host Controller
[    1.851053] usb usb2: Manufacturer: Linux 6.8.0-101-generic xhci-hcd
[    1.851351] usb usb2: SerialNumber: 0000:00:03.0
[    1.851631] hub 2-0:1.0: USB hub found
[    1.851837] hub 2-0:1.0: 4 ports detected
Starting systemd-udevd version 255.4-1ubuntu8.8
total 0
drwxr-xr-x    2 root     root            80 Mar  8 02:12 by-path
crw-rw----    1 root     video     226,   0 Mar  8 02:12 card0
crw-rw----    1 root     root      226, 128 Mar  8 02:12 renderD128
total 0
drwxr-xr-x    2 root     root           100 Mar  8 02:12 by-path
crw-rw----    1 root     input      13,  64 Mar  8 02:12 event0
crw-rw----    1 root     input      13,  65 Mar  8 02:12 event1
crw-rw----    1 root     input      13,  66 Mar  8 02:12 event2
crw-rw----    1 root     input      13,  67 Mar  8 02:12 event3
crw-rw----    1 root     input      13,  63 Mar  8 02:12 mice
crw-rw----    1 root     input      13,  32 Mar  8 02:12 mouse0
crw-rw----    1 root     input      13,  33 Mar  8 02:12 mouse1
[init-phase3] seatd pid=121
[init-phase3] weston pid=122
[init-phase3] wayland ready
Date: 2026-03-08 UTC
[02:12:24.973] weston 13.0.0
               https://wayland.freedesktop.org
               Bug reports to: https://gitlab.freedesktop.org/wayland/weston/issues/
               Build: 13.0.0
[02:12:24.973] Command line: /usr/bin/weston --backend=drm --renderer=pixman --shell=kiosk-shell.so --socket=wayland-1 --continue-without-input --log=/var/log/weston.log
[02:12:24.973] OS: Linux, 6.8.0-101-generic, #101-Ubuntu SMP PREEMPT_DYNAMIC Mon Feb  9 10:15:05 UTC 2026, x86_64
[02:12:24.973] Flight recorder: enabled
[02:12:24.973] Using config file '/etc/xdg/weston/weston.ini'
[02:12:24.973] Output repaint window is 7 ms maximum.
[02:12:24.973] Loading module '/usr/lib/x86_64-linux-gnu/libweston-13/drm-backend.so'
[02:12:24.974] initializing drm backend
[02:12:24.974] Trying libseat launcher...
[02:12:24.974] [libseat/libseat.c:62] Seat opened with backend 'seatd'
[02:12:24.974] [libseat/backend/seatd.c:212] Enabling seat
[02:12:24.974] libseat: session control granted
[02:12:24.974] using /dev/dri/card0
[02:12:24.974] DRM: supports atomic modesetting
[02:12:24.974] DRM: does not support GBM modifiers
[02:12:24.974] DRM: does not support async page flipping
[02:12:24.974] DRM: supports picture aspect ratio
[02:12:24.974] Using Pixman renderer
[02:12:24.976] event0  - Power Button: is tagged by udev as: Keyboard
[02:12:24.976] event0  - Power Button: device is a keyboard
[02:12:24.976] event1  - AT Translated Set 2 keyboard: is tagged by udev as: Keyboard
[02:12:24.976] event1  - AT Translated Set 2 keyboard: device is a keyboard
[02:12:24.977] event3  - VirtualPS/2 VMware VMMouse: is tagged by udev as: Mouse
[02:12:24.977] event3  - VirtualPS/2 VMware VMMouse: device is a pointer
[02:12:24.977] event2  - VirtualPS/2 VMware VMMouse: is tagged by udev as: Mouse
[02:12:24.977] event2  - VirtualPS/2 VMware VMMouse: device is a pointer
[02:12:24.980] libinput: configuring device "Power Button".
[02:12:24.980] libinput: configuring device "AT Translated Set 2 keyboard".
[02:12:24.980] libinput: configuring device "VirtualPS/2 VMware VMMouse".
[02:12:24.980] libinput: configuring device "VirtualPS/2 VMware VMMouse".
[02:12:24.980] input device event2 has no enabled output associated (none named), skipping calibration for now.
[02:12:24.980] DRM: head 'Virtual-1' found, connector 36 is connected, EDID make 'RHT', model 'QEMU Monitor', serial ''
               Supported EOTF modes: SDR
[02:12:24.980] Registered plugin API 'weston_drm_output_api_v1' of size 40
[02:12:24.980] Registered plugin API 'weston_drm_virtual_output_api_v2' of size 48
[02:12:24.980] Color manager: no-op
[02:12:24.980] Output 'Virtual-1' attempts EOTF mode: SDR
[02:12:24.980] Output 'Virtual-1' using color profile: stock sRGB color profile
[02:12:24.982] DRM: output Virtual-1 uses shadow framebuffer.
[02:12:24.982] Output Virtual-1 (crtc 35) video modes:
               1280x800@75.0, preferred, current, 107.3 MHz
               5120x2160@50.0 64:27, 742.5 MHz
               4096x2160@50.0 256:135, 594.0 MHz
               3840x2160@60.0 16:9, 594.0 MHz
               3840x2160@59.9 16:9, 593.4 MHz
               3840x2160@50.0 16:9, 594.0 MHz
               1920x1440@60.0, 234.0 MHz
               2560x1080@50.0 64:27, 185.6 MHz
               1856x1392@60.0, 218.2 MHz
               1792x1344@60.0, 204.8 MHz
               2048x1152@60.0, 162.0 MHz
               1920x1200@59.9, 193.2 MHz
               1920x1080@60.0, 148.5 MHz
               1920x1080@50.0 16:9, 148.5 MHz
               1600x1200@60.0, 162.0 MHz
               1680x1050@60.0, 146.2 MHz
               1400x1050@60.0, 121.8 MHz
               1280x1024@60.0, 108.0 MHz
               1440x900@59.9, 106.5 MHz
               1280x960@60.0, 108.0 MHz
               1360x768@60.0, 85.5 MHz
               1280x768@59.9, 79.5 MHz
               1024x768@60.0, 65.0 MHz
               800x600@60.3, 40.0 MHz
               640x480@60.0 4:3, 25.2 MHz
               640x480@59.9, 25.2 MHz
[02:12:24.982] associating input device event0 with output Virtual-1 (none by udev)
[02:12:24.982] associating input device event1 with output Virtual-1 (none by udev)
[02:12:24.982] associating input device event3 with output Virtual-1 (none by udev)
[02:12:24.982] associating input device event2 with output Virtual-1 (none by udev)
[02:12:24.982] Output 'Virtual-1' enabled with head(s) Virtual-1
[02:12:24.982] Compositor capabilities:
               arbitrary surface rotation: yes
               screen capture uses y-flip: no
               cursor planes: yes
               arbitrary resolutions: no
               view mask clipping: yes
               explicit sync: no
               color operations: no
               presentation clock: CLOCK_MONOTONIC, id 1
               presentation clock resolution: 0.000000001 s
[02:12:24.982] Loading module '/usr/lib/x86_64-linux-gnu/weston/kiosk-shell.so'
[init-phase3] launching chromium url=about:blank runtime=20
[init-phase3] chromium pid=126
[    2.087668] usb 1-1: new high-speed USB device number 2 using xhci_hcd
[    2.219916] usb 1-1: New USB device found, idVendor=0627, idProduct=0001, bcdDevice= 0.00
[    2.220328] usb 1-1: New USB device strings: Mfr=1, Product=4, SerialNumber=11
[    2.220681] usb 1-1: Product: QEMU USB Keyboard
[    2.220899] usb 1-1: Manufacturer: QEMU
[    2.221083] usb 1-1: SerialNumber: 68284-0000:00:03.0-1
[    2.233047] input: QEMU QEMU USB Keyboard as /devices/pci0000:00/0000:00:03.0/usb1/1-1/1-1:1.0/0003:0627:0001.0001/input/input5
[    2.290182] hid-generic 0003:0627:0001.0001: input,hidraw0: USB HID v1.11 Keyboard [QEMU QEMU USB Keyboard] on usb-0000:00:03.0-1/input0
[    2.413815] usb 1-2: new high-speed USB device number 3 using xhci_hcd
[    2.541546] usb 1-2: New USB device found, idVendor=0627, idProduct=0001, bcdDevice= 0.00
[    2.542932] usb 1-2: New USB device strings: Mfr=1, Product=3, SerialNumber=10
[    2.544004] usb 1-2: Product: QEMU USB Tablet
[    2.544673] usb 1-2: Manufacturer: QEMU
[    2.545240] usb 1-2: SerialNumber: 28754-0000:00:03.0-2
[    2.549043] input: QEMU QEMU USB Tablet as /devices/pci0000:00/0000:00:03.0/usb1/1-2/1-2:1.0/0003:0627:0001.0002/input/input6
[    2.550966] hid-generic 0003:0627:0001.0002: input,hidraw1: USB HID v0.01 Mouse [QEMU QEMU USB Tablet] on usb-0000:00:03.0-2/input0
MESA-LOADER: failed to open dri: /usr/lib/x86_64-linux-gnu/gbm/dri_gbm.so: cannot open shared object file: No such file or directory (search paths /usr/lib/x86_64-linux-gnu/gbm, suffix _gbm)
[126:144:0308/021225.151868:ERROR:dbus/bus.cc:405] Failed to connect to the bus: Failed to connect to socket /run/dbus/system_bus_socket: No such file or directory
[126:144:0308/021225.156027:ERROR:dbus/bus.cc:405] Failed to connect to the bus: Could not parse server address: Unknown address type (examples of valid types are "tcp" and on UNIX "unix")
[126:144:0308/021225.156048:ERROR:dbus/bus.cc:405] Failed to connect to the bus: Failed to connect to socket /run/dbus/system_bus_socket: No such file or directory
[126:144:0308/021225.156056:ERROR:dbus/bus.cc:405] Failed to connect to the bus: Failed to connect to socket /run/dbus/system_bus_socket: No such file or directory
MESA-LOADER: failed to open dri: /usr/lib/x86_64-linux-gnu/gbm/dri_gbm.so: cannot open shared object file: No such file or directory (search paths /usr/lib/x86_64-linux-gnu/gbm, suffix _gbm)
[158:158:0308/021225.163235:ERROR:media/gpu/vaapi/vaapi_wrapper.cc:1626] vaInitialize failed: unknown libva error
[126:144:0308/021225.182173:ERROR:dbus/bus.cc:405] Failed to connect to the bus: Could not parse server address: Unknown address type (examples of valid types are "tcp" and on UNIX "unix")

(process:126): GLib-GIO-CRITICAL **: 02:12:25.194: g_settings_schema_source_lookup: assertion 'source != NULL' failed
[126:144:0308/021225.199604:ERROR:dbus/bus.cc:405] Failed to connect to the bus: Could not parse server address: Unknown address type (examples of valid types are "tcp" and on UNIX "unix")
[126:144:0308/021225.199614:ERROR:dbus/bus.cc:405] Failed to connect to the bus: Could not parse server address: Unknown address type (examples of valid types are "tcp" and on UNIX "unix")
[126:126:0308/021225.254664:ERROR:dbus/object_proxy.cc:572] Failed to call method: org.freedesktop.DBus.NameHasOwner: object_path= /org/freedesktop/DBus: unknown error type: 
[126:144:0308/021225.254806:ERROR:dbus/bus.cc:405] Failed to connect to the bus: Could not parse server address: Unknown address type (examples of valid types are "tcp" and on UNIX "unix")
[126:126:0308/021225.257567:ERROR:dbus/object_proxy.cc:572] Failed to call method: org.freedesktop.DBus.NameHasOwner: object_path= /org/freedesktop/DBus: unknown error type: 
[126:126:0308/021225.268414:ERROR:dbus/object_proxy.cc:572] Failed to call method: org.freedesktop.DBus.NameHasOwner: object_path= /org/freedesktop/DBus: unknown error type: 
[126:144:0308/021225.268454:ERROR:dbus/bus.cc:405] Failed to connect to the bus: Could not parse server address: Unknown address type (examples of valid types are "tcp" and on UNIX "unix")
[126:126:0308/021225.268463:ERROR:dbus/object_proxy.cc:572] Failed to call method: org.freedesktop.DBus.NameHasOwner: object_path= /org/freedesktop/DBus: unknown error type: 
[126:126:0308/021225.273821:ERROR:dbus/object_proxy.cc:572] Failed to call method: org.freedesktop.DBus.NameHasOwner: object_path= /org/freedesktop/DBus: unknown error type: 
[126:144:0308/021225.274440:ERROR:dbus/bus.cc:405] Failed to connect to the bus: Failed to connect to socket /run/dbus/system_bus_socket: No such file or directory
[126:144:0308/021225.274452:ERROR:dbus/bus.cc:405] Failed to connect to the bus: Failed to connect to socket /run/dbus/system_bus_socket: No such file or directory
[126:126:0308/021225.276304:ERROR:dbus/object_proxy.cc:572] Failed to call method: org.freedesktop.DBus.NameHasOwner: object_path= /org/freedesktop/DBus: unknown error type: 
[126:144:0308/021225.277633:ERROR:dbus/bus.cc:405] Failed to connect to the bus: Could not parse server address: Unknown address type (examples of valid types are "tcp" and on UNIX "unix")
[126:126:0308/021225.280891:ERROR:dbus/object_proxy.cc:572] Failed to call method: org.freedesktop.DBus.Properties.GetAll: object_path= /org/freedesktop/UPower/devices/DisplayDevice: unknown error type: 
[126:126:0308/021225.281704:ERROR:dbus/object_proxy.cc:572] Failed to call method: org.freedesktop.DBus.NameHasOwner: object_path= /org/freedesktop/DBus: unknown error type: 
[126:144:0308/021225.282069:ERROR:dbus/bus.cc:405] Failed to connect to the bus: Could not parse server address: Unknown address type (examples of valid types are "tcp" and on UNIX "unix")
[126:126:0308/021225.282395:ERROR:dbus/object_proxy.cc:572] Failed to call method: org.freedesktop.DBus.NameHasOwner: object_path= /org/freedesktop/DBus: unknown error type: 
[126:144:0308/021225.283154:ERROR:dbus/bus.cc:405] Failed to connect to the bus: Could not parse server address: Unknown address type (examples of valid types are "tcp" and on UNIX "unix")
[126:126:0308/021225.285923:ERROR:dbus/object_proxy.cc:572] Failed to call method: org.freedesktop.DBus.NameHasOwner: object_path= /org/freedesktop/DBus: unknown error type: 
[init-phase3] runtime limit reached, terminating chromium
[init-phase3] chromium exited
[   22.057556] ACPI: PM: Preparing to enter system sleep state S5
[   22.058897] reboot: Power down
