[    0.000000] Linux version 6.8.0-101-generic (buildd@lcy02-amd64-051) (x86_64-linux-gnu-gcc-13 (Ubuntu 13.3.0-6ubuntu2~24.04) 13.3.0, GNU ld (GNU Binutils for Ubuntu) 2.42) #101-Ubuntu SMP PREEMPT_DYNAMIC Mon Feb  9 10:15:05 UTC 2026 (Ubuntu 6.8.0-101.101-generic 6.8.12)
[    0.000000] Command line: console=ttyS0 panic=-1 no_console_suspend rdinit=/init
[    0.000000] KERNEL supported cpus:
[    0.000000]   Intel GenuineIntel
[    0.000000]   AMD AuthenticAMD
[    0.000000]   Hygon HygonGenuine
[    0.000000]   Centaur CentaurHauls
[    0.000000]   zhaoxin   Shanghai  
[    0.000000] BIOS-provided physical RAM map:
[    0.000000] BIOS-e820: [mem 0x0000000000000000-0x000000000009fbff] usable
[    0.000000] BIOS-e820: [mem 0x000000000009fc00-0x000000000009ffff] reserved
[    0.000000] BIOS-e820: [mem 0x00000000000f0000-0x00000000000fffff] reserved
[    0.000000] BIOS-e820: [mem 0x0000000000100000-0x000000003ffddfff] usable
[    0.000000] BIOS-e820: [mem 0x000000003ffde000-0x000000003fffffff] reserved
[    0.000000] BIOS-e820: [mem 0x00000000b0000000-0x00000000bfffffff] reserved
[    0.000000] BIOS-e820: [mem 0x00000000fed1c000-0x00000000fed1ffff] reserved
[    0.000000] BIOS-e820: [mem 0x00000000feffc000-0x00000000feffffff] reserved
[    0.000000] BIOS-e820: [mem 0x00000000fffc0000-0x00000000ffffffff] reserved
[    0.000000] NX (Execute Disable) protection: active
[    0.000000] APIC: Static calls initialized
[    0.000000] SMBIOS 3.0.0 present.
[    0.000000] DMI: QEMU Standard PC (Q35 + ICH9, 2009), BIOS 1.16.3-debian-1.16.3-2 04/01/2014
[    0.000000] Hypervisor detected: KVM
[    0.000000] kvm-clock: Using msrs 4b564d01 and 4b564d00
[    0.000000] kvm-clock: using sched offset of 244397277 cycles
[    0.000001] clocksource: kvm-clock: mask: 0xffffffffffffffff max_cycles: 0x1cd42e4dffb, max_idle_ns: 881590591483 ns
[    0.000003] tsc: Detected 2803.200 MHz processor
[    0.000633] last_pfn = 0x3ffde max_arch_pfn = 0x400000000
[    0.000669] MTRR map: 4 entries (3 fixed + 1 variable; max 19), built from 8 variable MTRRs
[    0.000672] x86/PAT: Configuration [0-7]: WB  WC  UC- UC  WB  WP  UC- WT  
[    0.004375] found SMP MP-table at [mem 0x000f5470-0x000f547f]
[    0.004386] Using GB pages for direct mapping
[    0.004425] RAMDISK: [mem 0x3f270000-0x3ffcffff]
[    0.004429] ACPI: Early table checksum verification disabled
[    0.004433] ACPI: RSDP 0x00000000000F52B0 000014 (v00 BOCHS )
[    0.004436] ACPI: RSDT 0x000000003FFE2304 000038 (v01 BOCHS  BXPC     00000001 BXPC 00000001)
[    0.004440] ACPI: FACP 0x000000003FFE20FC 0000F4 (v03 BOCHS  BXPC     00000001 BXPC 00000001)
[    0.004444] ACPI: DSDT 0x000000003FFE0040 0020BC (v01 BOCHS  BXPC     00000001 BXPC 00000001)
[    0.004446] ACPI: FACS 0x000000003FFE0000 000040
[    0.004448] ACPI: APIC 0x000000003FFE21F0 000078 (v03 BOCHS  BXPC     00000001 BXPC 00000001)
[    0.004450] ACPI: HPET 0x000000003FFE2268 000038 (v01 BOCHS  BXPC     00000001 BXPC 00000001)
[    0.004452] ACPI: MCFG 0x000000003FFE22A0 00003C (v01 BOCHS  BXPC     00000001 BXPC 00000001)
[    0.004454] ACPI: WAET 0x000000003FFE22DC 000028 (v01 BOCHS  BXPC     00000001 BXPC 00000001)
[    0.004455] ACPI: Reserving FACP table memory at [mem 0x3ffe20fc-0x3ffe21ef]
[    0.004456] ACPI: Reserving DSDT table memory at [mem 0x3ffe0040-0x3ffe20fb]
[    0.004457] ACPI: Reserving FACS table memory at [mem 0x3ffe0000-0x3ffe003f]
[    0.004457] ACPI: Reserving APIC table memory at [mem 0x3ffe21f0-0x3ffe2267]
[    0.004458] ACPI: Reserving HPET table memory at [mem 0x3ffe2268-0x3ffe229f]
[    0.004459] ACPI: Reserving MCFG table memory at [mem 0x3ffe22a0-0x3ffe22db]
[    0.004459] ACPI: Reserving WAET table memory at [mem 0x3ffe22dc-0x3ffe2303]
[    0.004655] No NUMA configuration found
[    0.004655] Faking a node at [mem 0x0000000000000000-0x000000003ffddfff]
[    0.004660] NODE_DATA(0) allocated [mem 0x3f245000-0x3f26ffff]
[    0.004751] Zone ranges:
[    0.004752]   DMA      [mem 0x0000000000001000-0x0000000000ffffff]
[    0.004753]   DMA32    [mem 0x0000000001000000-0x000000003ffddfff]
[    0.004754]   Normal   empty
[    0.004755]   Device   empty
[    0.004756] Movable zone start for each node
[    0.004757] Early memory node ranges
[    0.004757]   node   0: [mem 0x0000000000001000-0x000000000009efff]
[    0.004758]   node   0: [mem 0x0000000000100000-0x000000003ffddfff]
[    0.004759] Initmem setup node 0 [mem 0x0000000000001000-0x000000003ffddfff]
[    0.004947] On node 0, zone DMA: 1 pages in unavailable ranges
[    0.004955] On node 0, zone DMA: 97 pages in unavailable ranges
[    0.006662] On node 0, zone DMA32: 34 pages in unavailable ranges
[    0.006872] ACPI: PM-Timer IO Port: 0x608
[    0.006881] ACPI: LAPIC_NMI (acpi_id[0xff] dfl dfl lint[0x1])
[    0.006908] IOAPIC[0]: apic_id 0, version 17, address 0xfec00000, GSI 0-23
[    0.006910] ACPI: INT_SRC_OVR (bus 0 bus_irq 0 global_irq 2 dfl dfl)
[    0.006911] ACPI: INT_SRC_OVR (bus 0 bus_irq 5 global_irq 5 high level)
[    0.006912] ACPI: INT_SRC_OVR (bus 0 bus_irq 9 global_irq 9 high level)
[    0.006913] ACPI: INT_SRC_OVR (bus 0 bus_irq 10 global_irq 10 high level)
[    0.006914] ACPI: INT_SRC_OVR (bus 0 bus_irq 11 global_irq 11 high level)
[    0.006916] ACPI: Using ACPI (MADT) for SMP configuration information
[    0.006917] ACPI: HPET id: 0x8086a201 base: 0xfed00000
[    0.006919] TSC deadline timer available
[    0.006920] smpboot: Allowing 1 CPUs, 0 hotplug CPUs
[    0.006934] kvm-guest: APIC: eoi() replaced with kvm_guest_apic_eoi_write()
[    0.006952] PM: hibernation: Registered nosave memory: [mem 0x00000000-0x00000fff]
[    0.006953] PM: hibernation: Registered nosave memory: [mem 0x0009f000-0x000fffff]
[    0.006954] [mem 0x40000000-0xafffffff] available for PCI devices
[    0.006955] Booting paravirtualized kernel on KVM
[    0.006957] clocksource: refined-jiffies: mask: 0xffffffff max_cycles: 0xffffffff, max_idle_ns: 1910969940391419 ns
[    0.006961] setup_percpu: NR_CPUS:8192 nr_cpumask_bits:1 nr_cpu_ids:1 nr_node_ids:1
[    0.007236] percpu: Embedded 86 pages/cpu s229376 r8192 d114688 u2097152
[    0.007265] kvm-guest: PV spinlocks disabled, single CPU
[    0.007267] Kernel command line: console=ttyS0 panic=-1 no_console_suspend rdinit=/init
[    0.007329] random: crng init done
[    0.007357] Dentry cache hash table entries: 131072 (order: 8, 1048576 bytes, linear)
[    0.007374] Inode-cache hash table entries: 65536 (order: 7, 524288 bytes, linear)
[    0.007400] Fallback order for Node 0: 0 
[    0.007402] Built 1 zonelists, mobility grouping on.  Total pages: 257758
[    0.007403] Policy zone: DMA32
[    0.007407] mem auto-init: stack:all(zero), heap alloc:on, heap free:off
[    0.009002] Memory: 961652K/1048048K available (22528K kernel code, 4439K rwdata, 14400K rodata, 4920K init, 4788K bss, 86136K reserved, 0K cma-reserved)
[    0.009583] SLUB: HWalign=64, Order=0-3, MinObjects=0, CPUs=1, Nodes=1
[    0.009600] ftrace: allocating 58250 entries in 228 pages
[    0.016536] ftrace: allocated 228 pages with 4 groups
[    0.017256] Dynamic Preempt: voluntary
[    0.017504] rcu: Preemptible hierarchical RCU implementation.
[    0.017505] rcu: 	RCU restricting CPUs from NR_CPUS=8192 to nr_cpu_ids=1.
[    0.017506] 	Trampoline variant of Tasks RCU enabled.
[    0.017506] 	Rude variant of Tasks RCU enabled.
[    0.017507] 	Tracing variant of Tasks RCU enabled.
[    0.017507] rcu: RCU calculated value of scheduler-enlistment delay is 100 jiffies.
[    0.017508] rcu: Adjusting geometry for rcu_fanout_leaf=16, nr_cpu_ids=1
[    0.017512] RCU Tasks: Setting shift to 0 and lim to 1 rcu_task_cb_adjust=1 rcu_task_cpu_ids=1.
[    0.017514] RCU Tasks Rude: Setting shift to 0 and lim to 1 rcu_task_cb_adjust=1 rcu_task_cpu_ids=1.
[    0.017514] RCU Tasks Trace: Setting shift to 0 and lim to 1 rcu_task_cb_adjust=1 rcu_task_cpu_ids=1.
[    0.019830] NR_IRQS: 524544, nr_irqs: 256, preallocated irqs: 16
[    0.020016] rcu: srcu_init: Setting srcu_struct sizes based on contention.
[    0.026255] Console: colour VGA+ 80x25
[    0.026292] printk: legacy console [ttyS0] enabled
[    0.074158] ACPI: Core revision 20230628
[    0.074513] clocksource: hpet: mask: 0xffffffff max_cycles: 0xffffffff, max_idle_ns: 19112604467 ns
[    0.075179] APIC: Switch to symmetric I/O mode setup
[    0.075690] x2apic enabled
[    0.076080] APIC: Switched APIC routing to: physical x2apic
[    0.077184] ..TIMER: vector=0x30 apic1=0 pin1=2 apic2=-1 pin2=-1
[    0.077587] clocksource: tsc-early: mask: 0xffffffffffffffff max_cycles: 0x28680fa287f, max_idle_ns: 440795281151 ns
[    0.078262] Calibrating delay loop (skipped) preset value.. 5606.40 BogoMIPS (lpj=2803200)
[    0.078893] x86/cpu: User Mode Instruction Prevention (UMIP) activated
[    0.079351] Last level iTLB entries: 4KB 0, 2MB 0, 4MB 0
[    0.079703] Last level dTLB entries: 4KB 0, 2MB 0, 4MB 0, 1GB 0
[    0.080266] Spectre V1 : Mitigation: usercopy/swapgs barriers and __user pointer sanitization
[    0.080813] Spectre V2 : Spectre BHI mitigation: SW BHB clearing on vm exit
[    0.081260] Spectre V2 : Spectre BHI mitigation: SW BHB clearing on syscall
[    0.081657] Spectre V2 : Mitigation: Enhanced / Automatic IBRS
[    0.082005] Spectre V2 : Spectre v2 / PBRSB-eIBRS: Retire a single CALL on VMEXIT
[    0.082261] Spectre V2 : mitigation: Enabling conditional Indirect Branch Prediction Barrier
[    0.082821] Speculative Store Bypass: Mitigation: Speculative Store Bypass disabled via prctl
[    0.083261] ITS: WARNING: ITS mitigation depends on retpoline and rethunk support
[    0.083749] ITS: Vulnerable
[    0.084280] x86/fpu: Supporting XSAVE feature 0x001: 'x87 floating point registers'
[    0.084744] x86/fpu: Supporting XSAVE feature 0x002: 'SSE registers'
[    0.085155] x86/fpu: Supporting XSAVE feature 0x004: 'AVX registers'
[    0.085261] x86/fpu: Supporting XSAVE feature 0x020: 'AVX-512 opmask'
[    0.085698] x86/fpu: Supporting XSAVE feature 0x040: 'AVX-512 Hi256'
[    0.086260] x86/fpu: Supporting XSAVE feature 0x080: 'AVX-512 ZMM_Hi256'
[    0.086714] x86/fpu: Supporting XSAVE feature 0x200: 'Protection Keys User registers'
[    0.087261] x86/fpu: xstate_offset[2]:  576, xstate_sizes[2]:  256
[    0.087937] x86/fpu: xstate_offset[5]:  832, xstate_sizes[5]:   64
[    0.088260] x86/fpu: xstate_offset[6]:  896, xstate_sizes[6]:  512
[    0.088653] x86/fpu: xstate_offset[7]: 1408, xstate_sizes[7]: 1024
[    0.089260] x86/fpu: xstate_offset[9]: 2432, xstate_sizes[9]:    8
[    0.089676] x86/fpu: Enabled xstate features 0x2e7, context size is 2440 bytes, using 'compacted' format.
[    0.113272] Freeing SMP alternatives memory: 48K
[    0.113574] pid_max: default: 32768 minimum: 301
[    0.113894] LSM: initializing lsm=lockdown,capability,landlock,yama,apparmor,integrity
[    0.114268] landlock: Up and running.
[    0.114491] Yama: becoming mindful.
[    0.114721] AppArmor: AppArmor initialized
[    0.115010] Mount-cache hash table entries: 2048 (order: 2, 16384 bytes, linear)
[    0.115261] Mountpoint-cache hash table entries: 2048 (order: 2, 16384 bytes, linear)
[    0.116346] smpboot: CPU0: 11th Gen Intel(R) Core(TM) i7-1165G7 @ 2.80GHz (family: 0x6, model: 0x8c, stepping: 0x1)
[    0.117278] Performance Events: Icelake events, full-width counters, Intel PMU driver.
[    0.117867] ... version:                2
[    0.118142] ... bit width:              48
[    0.118262] ... generic registers:      8
[    0.118532] ... value mask:             0000ffffffffffff
[    0.118866] ... max period:             00007fffffffffff
[    0.119178] ... fixed-purpose events:   3
[    0.119261] ... event mask:             00000007000000ff
[    0.119642] signal: max sigframe size: 3632
[    0.119911] rcu: Hierarchical SRCU implementation.
[    0.120214] rcu: 	Max phase no-delay instances is 400.
[    0.120455] smp: Bringing up secondary CPUs ...
[    0.120738] smp: Brought up 1 node, 1 CPU
[    0.120982] smpboot: Max logical packages: 1
[    0.121265] smpboot: Total of 1 processors activated (5606.40 BogoMIPS)
[    0.121797] devtmpfs: initialized
[    0.122028] x86/mm: Memory block size: 128MB
[    0.122437] clocksource: jiffies: mask: 0xffffffff max_cycles: 0xffffffff, max_idle_ns: 1911260446275000 ns
[    0.123032] futex hash table entries: 256 (order: 2, 16384 bytes, linear)
[    0.123305] pinctrl core: initialized pinctrl subsystem
[    0.123760] PM: RTC time: 21:48:49, date: 2026-03-07
[    0.124480] NET: Registered PF_NETLINK/PF_ROUTE protocol family
[    0.124945] DMA: preallocated 128 KiB GFP_KERNEL pool for atomic allocations
[    0.125276] DMA: preallocated 128 KiB GFP_KERNEL|GFP_DMA pool for atomic allocations
[    0.125776] DMA: preallocated 128 KiB GFP_KERNEL|GFP_DMA32 pool for atomic allocations
[    0.126253] audit: initializing netlink subsys (disabled)
[    0.126367] thermal_sys: Registered thermal governor 'fair_share'
[    0.126368] thermal_sys: Registered thermal governor 'bang_bang'
[    0.126796] thermal_sys: Registered thermal governor 'step_wise'
[    0.127203] thermal_sys: Registered thermal governor 'user_space'
[    0.127264] audit: type=2000 audit(1772920129.589:1): state=initialized audit_enabled=0 res=1
[    0.128222] thermal_sys: Registered thermal governor 'power_allocator'
[    0.128227] cpuidle: using governor ladder
[    0.128510] cpuidle: using governor menu
[    0.128800] acpiphp: ACPI Hot Plug PCI Controller Driver version: 0.5
[    0.129277] PCI: ECAM [mem 0xb0000000-0xbfffffff] (base 0xb0000000) for domain 0000 [bus 00-ff]
[    0.129817] PCI: ECAM [mem 0xb0000000-0xbfffffff] reserved as E820 entry
[    0.130262] PCI: Using configuration type 1 for base access
[    0.130721] kprobes: kprobe jump-optimization is enabled. All kprobes are optimized if possible.
[    0.157909] HugeTLB: registered 1.00 GiB page size, pre-allocated 0 pages
[    0.158266] HugeTLB: 16380 KiB vmemmap can be freed for a 1.00 GiB page
[    0.158727] HugeTLB: registered 2.00 MiB page size, pre-allocated 0 pages
[    0.159184] HugeTLB: 28 KiB vmemmap can be freed for a 2.00 MiB page
[    0.159469] ACPI: Added _OSI(Module Device)
[    0.159728] ACPI: Added _OSI(Processor Device)
[    0.160012] ACPI: Added _OSI(Processor Aggregator Device)
[    0.161131] ACPI: 1 ACPI AML tables successfully acquired and loaded
[    0.161939] ACPI: _OSC evaluation for CPUs failed, trying _PDC
[    0.162341] ACPI: Interpreter enabled
[    0.162603] ACPI: PM: (supports S0 S3 S4 S5)
[    0.162864] ACPI: Using IOAPIC for interrupt routing
[    0.163217] PCI: Using host bridge windows from ACPI; if necessary, use "pci=nocrs" and report a bug
[    0.163262] PCI: Using E820 reservations for host bridge windows
[    0.163677] ACPI: Enabled 2 GPEs in block 00 to 3F
[    0.165228] ACPI: PCI Root Bridge [PCI0] (domain 0000 [bus 00-ff])
[    0.165265] acpi PNP0A08:00: _OSC: OS supports [ExtendedConfig ASPM ClockPM Segments MSI EDR HPX-Type3]
[    0.165861] acpi PNP0A08:00: _OSC: platform does not support [PCIeHotplug LTR DPC]
[    0.166300] acpi PNP0A08:00: _OSC: OS now controls [SHPCHotplug PME AER PCIeCapability]
[    0.166865] PCI host bridge to bus 0000:00
[    0.167113] pci_bus 0000:00: root bus resource [io  0x0000-0x0cf7 window]
[    0.167262] pci_bus 0000:00: root bus resource [io  0x0d00-0xffff window]
[    0.167666] pci_bus 0000:00: root bus resource [mem 0x000a0000-0x000bffff window]
[    0.168111] pci_bus 0000:00: root bus resource [mem 0x40000000-0xafffffff window]
[    0.168261] pci_bus 0000:00: root bus resource [mem 0xc0000000-0xfebfffff window]
[    0.168706] pci_bus 0000:00: root bus resource [mem 0x100000000-0x8ffffffff window]
[    0.169161] pci_bus 0000:00: root bus resource [bus 00-ff]
[    0.169292] pci 0000:00:00.0: [8086:29c0] type 00 class 0x060000 conventional PCI endpoint
[    0.170125] pci 0000:00:01.0: [1af4:1000] type 00 class 0x020000 conventional PCI endpoint
[    0.171007] pci 0000:00:01.0: BAR 0 [io  0xc040-0xc05f]
[    0.171281] pci 0000:00:01.0: BAR 4 [mem 0xfe800000-0xfe803fff 64bit pref]
[    0.171692] pci 0000:00:01.0: ROM [mem 0xfeb00000-0xfeb7ffff pref]
[    0.172396] pci 0000:00:02.0: [1af4:1050] type 00 class 0x030000 conventional PCI endpoint
[    0.173808] pci 0000:00:02.0: BAR 0 [mem 0xfe000000-0xfe7fffff pref]
[    0.174262] pci 0000:00:02.0: BAR 2 [mem 0xfe804000-0xfe807fff 64bit pref]
[    0.174951] pci 0000:00:02.0: BAR 4 [mem 0xfeb94000-0xfeb94fff]
[    0.175270] pci 0000:00:02.0: ROM [mem 0xfeb80000-0xfeb8ffff pref]
[    0.175788] pci 0000:00:02.0: Video device with shadowed ROM at [mem 0x000c0000-0x000dffff]
[    0.176788] pci 0000:00:03.0: [1b36:000d] type 00 class 0x0c0330 PCIe Root Complex Integrated Endpoint
[    0.177720] pci 0000:00:03.0: BAR 0 [mem 0xfeb90000-0xfeb93fff 64bit]
[    0.185410] pci 0000:00:1f.0: [8086:2918] type 00 class 0x060100 conventional PCI endpoint
[    0.186160] pci 0000:00:1f.0: quirk: [io  0x0600-0x067f] claimed by ICH6 ACPI/GPIO/TCO
[    0.186438] pci 0000:00:1f.2: [8086:2922] type 00 class 0x010601 conventional PCI endpoint
[    0.187626] pci 0000:00:1f.2: BAR 4 [io  0xc060-0xc07f]
[    0.188009] pci 0000:00:1f.2: BAR 5 [mem 0xfeb95000-0xfeb95fff]
[    0.188470] pci 0000:00:1f.3: [8086:2930] type 00 class 0x0c0500 conventional PCI endpoint
[    0.189412] pci 0000:00:1f.3: BAR 4 [io  0x0700-0x073f]
[    0.190024] ACPI: PCI: Interrupt link LNKA configured for IRQ 10
[    0.190322] ACPI: PCI: Interrupt link LNKB configured for IRQ 10
[    0.190818] ACPI: PCI: Interrupt link LNKC configured for IRQ 11
[    0.191278] ACPI: PCI: Interrupt link LNKD configured for IRQ 11
[    0.191726] ACPI: PCI: Interrupt link LNKE configured for IRQ 10
[    0.192180] ACPI: PCI: Interrupt link LNKF configured for IRQ 10
[    0.192310] ACPI: PCI: Interrupt link LNKG configured for IRQ 11
[    0.192765] ACPI: PCI: Interrupt link LNKH configured for IRQ 11
[    0.193197] ACPI: PCI: Interrupt link GSIA configured for IRQ 16
[    0.193267] ACPI: PCI: Interrupt link GSIB configured for IRQ 17
[    0.193684] ACPI: PCI: Interrupt link GSIC configured for IRQ 18
[    0.194043] ACPI: PCI: Interrupt link GSID configured for IRQ 19
[    0.194266] ACPI: PCI: Interrupt link GSIE configured for IRQ 20
[    0.194649] ACPI: PCI: Interrupt link GSIF configured for IRQ 21
[    0.195010] ACPI: PCI: Interrupt link GSIG configured for IRQ 22
[    0.195266] ACPI: PCI: Interrupt link GSIH configured for IRQ 23
[    0.195845] iommu: Default domain type: Translated
[    0.196137] iommu: DMA domain TLB invalidation policy: lazy mode
[    0.196362] SCSI subsystem initialized
[    0.196622] ACPI: bus type USB registered
[    0.196872] usbcore: registered new interface driver usbfs
[    0.197208] usbcore: registered new interface driver hub
[    0.197264] usbcore: registered new device driver usb
[    0.197578] pps_core: LinuxPPS API ver. 1 registered
[    0.197884] pps_core: Software ver. 5.3.6 - Copyright 2005-2007 Rodolfo Giometti <giometti@linux.it>
[    0.198262] PTP clock support registered
[    0.198529] EDAC MC: Ver: 3.0.0
[    0.198976] NetLabel: Initializing
[    0.199185] NetLabel:  domain hash size = 128
[    0.199264] NetLabel:  protocols = UNLABELED CIPSOv4 CALIPSO
[    0.199627] NetLabel:  unlabeled traffic allowed by default
[    0.199989] mctp: management component transport protocol core
[    0.200262] NET: Registered PF_MCTP protocol family
[    0.200559] PCI: Using ACPI for IRQ routing
[    0.290029] pci 0000:00:02.0: vgaarb: setting as boot VGA device
[    0.290260] pci 0000:00:02.0: vgaarb: bridge control possible
[    0.290260] pci 0000:00:02.0: vgaarb: VGA device added: decodes=io+mem,owns=io+mem,locks=none
[    0.290263] vgaarb: loaded
[    0.290519] hpet0: at MMIO 0xfed00000, IRQs 2, 8, 0
[    0.290820] hpet0: 3 comparators, 64-bit 100.000000 MHz counter
[    0.293282] clocksource: Switched to clocksource kvm-clock
[    0.294016] VFS: Disk quotas dquot_6.6.0
[    0.294289] VFS: Dquot-cache hash table entries: 512 (order 0, 4096 bytes)
[    0.294802] AppArmor: AppArmor Filesystem Enabled
[    0.295115] pnp: PnP ACPI init
[    0.295419] system 00:05: [mem 0xb0000000-0xbfffffff window] has been reserved
[    0.296002] pnp: PnP ACPI: found 6 devices
[    0.301358] clocksource: acpi_pm: mask: 0xffffff max_cycles: 0xffffff, max_idle_ns: 2085701024 ns
[    0.301951] NET: Registered PF_INET protocol family
[    0.302274] IP idents hash table entries: 16384 (order: 5, 131072 bytes, linear)
[    0.311381] tcp_listen_portaddr_hash hash table entries: 512 (order: 1, 8192 bytes, linear)
[    0.311926] Table-perturb hash table entries: 65536 (order: 6, 262144 bytes, linear)
[    0.312446] TCP established hash table entries: 8192 (order: 4, 65536 bytes, linear)
[    0.312926] TCP bind hash table entries: 8192 (order: 6, 262144 bytes, linear)
[    0.313400] TCP: Hash tables configured (established 8192 bind 8192)
[    0.313805] MPTCP token hash table entries: 1024 (order: 2, 24576 bytes, linear)
[    0.314281] UDP hash table entries: 512 (order: 2, 16384 bytes, linear)
[    0.314736] UDP-Lite hash table entries: 512 (order: 2, 16384 bytes, linear)
[    0.315262] NET: Registered PF_UNIX/PF_LOCAL protocol family
[    0.315617] NET: Registered PF_XDP protocol family
[    0.315950] pci_bus 0000:00: resource 4 [io  0x0000-0x0cf7 window]
[    0.316374] pci_bus 0000:00: resource 5 [io  0x0d00-0xffff window]
[    0.316739] pci_bus 0000:00: resource 6 [mem 0x000a0000-0x000bffff window]
[    0.317144] pci_bus 0000:00: resource 7 [mem 0x40000000-0xafffffff window]
[    0.317595] pci_bus 0000:00: resource 8 [mem 0xc0000000-0xfebfffff window]
[    0.318002] pci_bus 0000:00: resource 9 [mem 0x100000000-0x8ffffffff window]
[    0.318632] ACPI: \_SB_.GSIH: Enabled at IRQ 23
[    0.319404] PCI: CLS 0 bytes, default 64
[    0.319731] Trying to unpack rootfs image as initramfs...
[    0.321366] clocksource: tsc: mask: 0xffffffffffffffff max_cycles: 0x28680fa287f, max_idle_ns: 440795281151 ns
[    0.322459] Initialise system trusted keyrings
[    0.322766] Key type blacklist registered
[    0.324350] workingset: timestamp_bits=36 max_order=18 bucket_order=0
[    0.324807] zbud: loaded
[    0.325425] squashfs: version 4.0 (2009/01/31) Phillip Lougher
[    0.327287] fuse: init (API version 7.39)
[    0.327618] integrity: Platform Keyring initialized
[    0.327914] integrity: Machine keyring initialized
[    0.340384] Key type asymmetric registered
[    0.340642] Asymmetric key parser 'x509' registered
[    0.340946] Block layer SCSI generic (bsg) driver version 0.4 loaded (major 243)
[    0.342375] io scheduler mq-deadline registered
[    0.343307] shpchp: Standard Hot Plug PCI Controller Driver version: 0.4
[    0.343840] input: Power Button as /devices/LNXSYSTM:00/LNXPWRBN:00/input/input0
[    0.346323] ACPI: button: Power Button [PWRF]
[    0.346872] ACPI: \_SB_.GSIF: Enabled at IRQ 21
[    0.348107] ACPI: \_SB_.GSIG: Enabled at IRQ 22
[    0.352356] Serial: 8250/16550 driver, 32 ports, IRQ sharing enabled
[    0.397371] 00:03: ttyS0 at I/O 0x3f8 (irq = 4, base_baud = 115200) is a 16550A
[    0.400532] Linux agpgart interface v0.103
[    0.403379] loop: module loaded
[    0.403671] ACPI: bus type drm_connector registered
[    0.404078] tun: Universal TUN/TAP device driver, 1.6
[    0.405280] PPP generic driver version 2.4.2
[    0.406328] i8042: PNP: PS/2 Controller [PNP0303:KBD,PNP0f13:MOU] at 0x60,0x64 irq 1,12
[    0.407232] serio: i8042 KBD port at 0x60,0x64 irq 1
[    0.408252] serio: i8042 AUX port at 0x60,0x64 irq 12
[    0.408614] mousedev: PS/2 mouse device common for all mice
[    0.410441] input: AT Translated Set 2 keyboard as /devices/platform/i8042/serio0/input/input1
[    0.411100] rtc_cmos 00:04: RTC can wake from S4
[    0.411658] rtc_cmos 00:04: registered as rtc0
[    0.411965] rtc_cmos 00:04: setting system clock to 2026-03-07T21:48:49 UTC (1772920129)
[    0.413372] rtc_cmos 00:04: alarms up to one day, y3k, 242 bytes nvram, hpet irqs
[    0.413824] i2c_dev: i2c /dev entries driver
[    0.414109] device-mapper: core: CONFIG_IMA_DISABLE_HTABLE is disabled. Duplicate IMA measurements will not be recorded in the IMA log.
[    0.416342] device-mapper: uevent: version 1.0.3
[    0.417332] device-mapper: ioctl: 4.48.0-ioctl (2023-03-01) initialised: dm-devel@redhat.com
[    0.417843] intel_pstate: CPU model not supported
[    0.419360] ledtrig-cpu: registered to indicate activity on CPUs
[    0.419774] drop_monitor: Initializing network drop monitor service
[    0.420205] NET: Registered PF_INET6 protocol family
[    0.493909] Freeing initrd memory: 13696K
[    0.494324] Segment Routing with IPv6
[    0.494564] In-situ OAM (IOAM) with IPv6
[    0.494823] NET: Registered PF_PACKET protocol family
[    0.495144] Key type dns_resolver registered
[    0.495518] IPI shorthand broadcast: enabled
[    0.496641] sched_clock: Marking stable (441001641, 55238471)->(507844451, -11604339)
[    0.497251] registered taskstats version 1
[    0.497552] Loading compiled-in X.509 certificates
[    0.498195] Loaded X.509 cert 'Build time autogenerated kernel key: 7f71bdefc17a4d88631555bf9efbb1c93d6f5260'
[    0.499162] Loaded X.509 cert 'Canonical Ltd. Live Patch Signing 2025 Kmod: d541cef61dc7e793b7eb7e899970a2eef0b5dc8c'
[    0.500147] Loaded X.509 cert 'Canonical Ltd. Live Patch Signing: 14df34d1a87cf37625abec039ef2bf521249b969'
[    0.501043] Loaded X.509 cert 'Canonical Ltd. Kernel Module Signing: 88f752e560a1e0737e31163a466ad7b70a850c19'
[    0.501642] blacklist: Loading compiled-in revocation X.509 certificates
[    0.502056] Loaded X.509 cert 'Canonical Ltd. Secure Boot Signing: 61482aa2830d0ab2ad5af10b7250da9033ddcef0'
[    0.502672] Loaded X.509 cert 'Canonical Ltd. Secure Boot Signing (2017): 242ade75ac4a15e50d50c84b0d45ff3eae707a03'
[    0.503310] Loaded X.509 cert 'Canonical Ltd. Secure Boot Signing (ESM 2018): 365188c1d374d6b07c3c8f240f8ef722433d6a8b'
[    0.503974] Loaded X.509 cert 'Canonical Ltd. Secure Boot Signing (2019): c0746fd6c5da3ae827864651ad66ae47fe24b3e8'
[    0.504702] Loaded X.509 cert 'Canonical Ltd. Secure Boot Signing (2021 v1): a8d54bbb3825cfb94fa13c9f8a594a195c107b8d'
[    0.505426] Loaded X.509 cert 'Canonical Ltd. Secure Boot Signing (2021 v2): 4cf046892d6fd3c9a5b03f98d845f90851dc6a8c'
[    0.506062] Loaded X.509 cert 'Canonical Ltd. Secure Boot Signing (2021 v3): 100437bb6de6e469b581e61cd66bce3ef4ed53af'
[    0.506725] Loaded X.509 cert 'Canonical Ltd. Secure Boot Signing (Ubuntu Core 2019): c1d57b8f6b743f23ee41f4f7ee292f06eecadfb9'
[    0.509313] Key type .fscrypt registered
[    0.509574] Key type fscrypt-provisioning registered
[    0.510044] Key type encrypted registered
[    0.510441] AppArmor: AppArmor sha256 policy hashing enabled
[    0.510916] ima: No TPM chip found, activating TPM-bypass!
[    0.511323] Loading compiled-in module X.509 certificates
[    0.512106] Loaded X.509 cert 'Build time autogenerated kernel key: 7f71bdefc17a4d88631555bf9efbb1c93d6f5260'
[    0.512833] ima: Allocated hash algorithm: sha256
[    0.513199] ima: No architecture policies found
[    0.513534] evm: Initialising EVM extended attributes:
[    0.513886] evm: security.selinux
[    0.514154] evm: security.SMACK64
[    0.514396] evm: security.SMACK64EXEC
[    0.514657] evm: security.SMACK64TRANSMUTE
[    0.514983] evm: security.SMACK64MMAP
[    0.515284] evm: security.apparmor
[    0.515541] evm: security.ima
[    0.515751] evm: security.capability
[    0.516053] evm: HMAC attrs: 0x1
[    0.516473] PM:   Magic number: 2:523:853
[    0.519173] RAS: Correctable Errors collector initialized.
[    0.519703] clk: Disabling unused clocks
[    0.528758] Freeing unused decrypted memory: 2028K
[    0.529422] Freeing unused kernel image (initmem) memory: 4920K
[    0.529717] Write protecting the kernel read-only data: 38912k
[    0.530321] Freeing unused kernel image (rodata/data gap) memory: 1984K
[    0.538686] x86/mm: Checked W+X mappings: passed, no W+X pages found.
[    0.538997] Run /init as init process
[init-phase2] booted
[init-phase2] loading module=/lib/modules/6.8.0-101-generic/kernel/drivers/virtio/virtio_dma_buf.ko
[init-phase2] loading module=/lib/modules/6.8.0-101-generic/kernel/drivers/gpu/drm/virtio/virtio-gpu.ko
[    0.545628] [drm] pci: virtio-vga detected at 0000:00:02.0
[    0.545909] virtio-pci 0000:00:02.0: vgaarb: deactivate vga console
[    0.550647] Console: switching to colour dummy device 80x25
[    0.551009] [drm] features: -virgl +edid -resource_blob -host_visible
[    0.551010] [drm] features: -context_init
[    0.551835] [drm] number of scanouts: 1
[    0.551998] [drm] number of cap sets: 0
[    0.552388] [drm] Initialized virtio_gpu 0.1.0 0 for 0000:00:02.0 on minor 0
[    0.554069] fbcon: virtio_gpudrmfb (fb0) is primary device
[    0.554693] Console: switching to colour frame buffer device 160x50
[    0.557768] virtio-pci 0000:00:02.0: [drm] fb0: virtio_gpudrmfb frame buffer device
total 0
crw-------    1 root     root      226,   0 Mar  7 21:48 card0
crw-------    1 root     root      226, 128 Mar  7 21:48 renderD128
[init-phase2] seatd pid=89
[init-phase2] weston pid=90
/usr/bin/weston: error while loading shared libraries: libwayland-client.so.0: cannot open shared object file: No such file or directory
[init-phase2] wayland socket did not appear
sed: /var/log/weston.log: No such file or directory
[   10.494401] ACPI: PM: Preparing to enter system sleep state S5
[   10.495373] reboot: Power down
