[    0.000000] Linux version 6.8.0-101-generic (buildd@lcy02-amd64-051) (x86_64-linux-gnu-gcc-13 (Ubuntu 13.3.0-6ubuntu2~24.04) 13.3.0, GNU ld (GNU Binutils for Ubuntu) 2.42) #101-Ubuntu SMP PREEMPT_DYNAMIC Mon Feb  9 10:15:05 UTC 2026 (Ubuntu 6.8.0-101.101-generic 6.8.12)
[    0.000000] Command line: console=ttyS0 panic=-1 no_console_suspend rdinit=/init display_probe=1 phase3_guest_capture=1 phase3_guest_capture_pre_delay_seconds=6 phase3_client=weston-simple-shm phase3_runtime_seconds=15 phase3_no_suspend=1
[    0.000000] KERNEL supported cpus:
[    0.000000]   Intel GenuineIntel
[    0.000000]   AMD AuthenticAMD
[    0.000000]   Hygon HygonGenuine
[    0.000000]   Centaur CentaurHauls
[    0.000000]   zhaoxin   Shanghai  
[    0.000000] BIOS-provided physical RAM map:
[    0.000000] BIOS-e820: [mem 0x0000000000000000-0x000000000009fbff] usable
[    0.000000] BIOS-e820: [mem 0x000000000009fc00-0x000000000009ffff] reserved
[    0.000000] BIOS-e820: [mem 0x00000000000f0000-0x00000000000fffff] reserved
[    0.000000] BIOS-e820: [mem 0x0000000000100000-0x000000007ffddfff] usable
[    0.000000] BIOS-e820: [mem 0x000000007ffde000-0x000000007fffffff] reserved
[    0.000000] BIOS-e820: [mem 0x00000000b0000000-0x00000000bfffffff] reserved
[    0.000000] BIOS-e820: [mem 0x00000000fed1c000-0x00000000fed1ffff] reserved
[    0.000000] BIOS-e820: [mem 0x00000000feffc000-0x00000000feffffff] reserved
[    0.000000] BIOS-e820: [mem 0x00000000fffc0000-0x00000000ffffffff] reserved
[    0.000000] NX (Execute Disable) protection: active
[    0.000000] APIC: Static calls initialized
[    0.000000] SMBIOS 3.0.0 present.
[    0.000000] DMI: QEMU Standard PC (Q35 + ICH9, 2009), BIOS 1.16.3-debian-1.16.3-2 04/01/2014
[    0.000000] Hypervisor detected: KVM
[    0.000000] kvm-clock: Using msrs 4b564d01 and 4b564d00
[    0.000001] kvm-clock: using sched offset of 361637882 cycles
[    0.000003] clocksource: kvm-clock: mask: 0xffffffffffffffff max_cycles: 0x1cd42e4dffb, max_idle_ns: 881590591483 ns
[    0.000005] tsc: Detected 2803.200 MHz processor
[    0.000936] last_pfn = 0x7ffde max_arch_pfn = 0x400000000
[    0.000985] MTRR map: 4 entries (3 fixed + 1 variable; max 19), built from 8 variable MTRRs
[    0.000988] x86/PAT: Configuration [0-7]: WB  WC  UC- UC  WB  WP  UC- WT  
[    0.007302] found SMP MP-table at [mem 0x000f5470-0x000f547f]
[    0.007322] Using GB pages for direct mapping
[    0.007466] RAMDISK: [mem 0x75de7000-0x7ffcffff]
[    0.007477] ACPI: Early table checksum verification disabled
[    0.007481] ACPI: RSDP 0x00000000000F52B0 000014 (v00 BOCHS )
[    0.007486] ACPI: RSDT 0x000000007FFE2304 000038 (v01 BOCHS  BXPC     00000001 BXPC 00000001)
[    0.007492] ACPI: FACP 0x000000007FFE20FC 0000F4 (v03 BOCHS  BXPC     00000001 BXPC 00000001)
[    0.007498] ACPI: DSDT 0x000000007FFE0040 0020BC (v01 BOCHS  BXPC     00000001 BXPC 00000001)
[    0.007501] ACPI: FACS 0x000000007FFE0000 000040
[    0.007504] ACPI: APIC 0x000000007FFE21F0 000078 (v03 BOCHS  BXPC     00000001 BXPC 00000001)
[    0.007507] ACPI: HPET 0x000000007FFE2268 000038 (v01 BOCHS  BXPC     00000001 BXPC 00000001)
[    0.007510] ACPI: MCFG 0x000000007FFE22A0 00003C (v01 BOCHS  BXPC     00000001 BXPC 00000001)
[    0.007514] ACPI: WAET 0x000000007FFE22DC 000028 (v01 BOCHS  BXPC     00000001 BXPC 00000001)
[    0.007516] ACPI: Reserving FACP table memory at [mem 0x7ffe20fc-0x7ffe21ef]
[    0.007517] ACPI: Reserving DSDT table memory at [mem 0x7ffe0040-0x7ffe20fb]
[    0.007518] ACPI: Reserving FACS table memory at [mem 0x7ffe0000-0x7ffe003f]
[    0.007519] ACPI: Reserving APIC table memory at [mem 0x7ffe21f0-0x7ffe2267]
[    0.007520] ACPI: Reserving HPET table memory at [mem 0x7ffe2268-0x7ffe229f]
[    0.007521] ACPI: Reserving MCFG table memory at [mem 0x7ffe22a0-0x7ffe22db]
[    0.007521] ACPI: Reserving WAET table memory at [mem 0x7ffe22dc-0x7ffe2303]
[    0.007825] No NUMA configuration found
[    0.007826] Faking a node at [mem 0x0000000000000000-0x000000007ffddfff]
[    0.007832] NODE_DATA(0) allocated [mem 0x75dbc000-0x75de6fff]
[    0.007973] Zone ranges:
[    0.007974]   DMA      [mem 0x0000000000001000-0x0000000000ffffff]
[    0.007976]   DMA32    [mem 0x0000000001000000-0x000000007ffddfff]
[    0.007977]   Normal   empty
[    0.007979]   Device   empty
[    0.007979] Movable zone start for each node
[    0.007981] Early memory node ranges
[    0.007981]   node   0: [mem 0x0000000000001000-0x000000000009efff]
[    0.007983]   node   0: [mem 0x0000000000100000-0x000000007ffddfff]
[    0.007984] Initmem setup node 0 [mem 0x0000000000001000-0x000000007ffddfff]
[    0.008224] On node 0, zone DMA: 1 pages in unavailable ranges
[    0.008236] On node 0, zone DMA: 97 pages in unavailable ranges
[    0.013808] On node 0, zone DMA32: 34 pages in unavailable ranges
[    0.014134] ACPI: PM-Timer IO Port: 0x608
[    0.014149] ACPI: LAPIC_NMI (acpi_id[0xff] dfl dfl lint[0x1])
[    0.014186] IOAPIC[0]: apic_id 0, version 17, address 0xfec00000, GSI 0-23
[    0.014189] ACPI: INT_SRC_OVR (bus 0 bus_irq 0 global_irq 2 dfl dfl)
[    0.014200] ACPI: INT_SRC_OVR (bus 0 bus_irq 5 global_irq 5 high level)
[    0.014202] ACPI: INT_SRC_OVR (bus 0 bus_irq 9 global_irq 9 high level)
[    0.014204] ACPI: INT_SRC_OVR (bus 0 bus_irq 10 global_irq 10 high level)
[    0.014205] ACPI: INT_SRC_OVR (bus 0 bus_irq 11 global_irq 11 high level)
[    0.014209] ACPI: Using ACPI (MADT) for SMP configuration information
[    0.014211] ACPI: HPET id: 0x8086a201 base: 0xfed00000
[    0.014215] TSC deadline timer available
[    0.014216] smpboot: Allowing 1 CPUs, 0 hotplug CPUs
[    0.014237] kvm-guest: APIC: eoi() replaced with kvm_guest_apic_eoi_write()
[    0.014262] PM: hibernation: Registered nosave memory: [mem 0x00000000-0x00000fff]
[    0.014264] PM: hibernation: Registered nosave memory: [mem 0x0009f000-0x000fffff]
[    0.014266] [mem 0xc0000000-0xfed1bfff] available for PCI devices
[    0.014268] Booting paravirtualized kernel on KVM
[    0.014269] clocksource: refined-jiffies: mask: 0xffffffff max_cycles: 0xffffffff, max_idle_ns: 1910969940391419 ns
[    0.014277] setup_percpu: NR_CPUS:8192 nr_cpumask_bits:1 nr_cpu_ids:1 nr_node_ids:1
[    0.014623] percpu: Embedded 86 pages/cpu s229376 r8192 d114688 u2097152
[    0.014665] kvm-guest: PV spinlocks disabled, single CPU
[    0.014666] Kernel command line: console=ttyS0 panic=-1 no_console_suspend rdinit=/init display_probe=1 phase3_guest_capture=1 phase3_guest_capture_pre_delay_seconds=6 phase3_client=weston-simple-shm phase3_runtime_seconds=15 phase3_no_suspend=1
[    0.014791] Unknown kernel command line parameters "display_probe=1 phase3_guest_capture=1 phase3_guest_capture_pre_delay_seconds=6 phase3_client=weston-simple-shm phase3_runtime_seconds=15 phase3_no_suspend=1", will be passed to user space.
[    0.014845] random: crng init done
[    0.015248] Dentry cache hash table entries: 262144 (order: 9, 2097152 bytes, linear)
[    0.015392] Inode-cache hash table entries: 131072 (order: 8, 1048576 bytes, linear)
[    0.015448] Fallback order for Node 0: 0 
[    0.015452] Built 1 zonelists, mobility grouping on.  Total pages: 515806
[    0.015454] Policy zone: DMA32
[    0.015462] mem auto-init: stack:all(zero), heap alloc:on, heap free:off
[    0.019667] Memory: 1840204K/2096624K available (22528K kernel code, 4439K rwdata, 14400K rodata, 4920K init, 4788K bss, 256160K reserved, 0K cma-reserved)
[    0.020933] SLUB: HWalign=64, Order=0-3, MinObjects=0, CPUs=1, Nodes=1
[    0.020974] ftrace: allocating 58250 entries in 228 pages
[    0.032106] ftrace: allocated 228 pages with 4 groups
[    0.033052] Dynamic Preempt: voluntary
[    0.033343] rcu: Preemptible hierarchical RCU implementation.
[    0.033344] rcu: 	RCU restricting CPUs from NR_CPUS=8192 to nr_cpu_ids=1.
[    0.033346] 	Trampoline variant of Tasks RCU enabled.
[    0.033347] 	Rude variant of Tasks RCU enabled.
[    0.033347] 	Tracing variant of Tasks RCU enabled.
[    0.033348] rcu: RCU calculated value of scheduler-enlistment delay is 100 jiffies.
[    0.033349] rcu: Adjusting geometry for rcu_fanout_leaf=16, nr_cpu_ids=1
[    0.033358] RCU Tasks: Setting shift to 0 and lim to 1 rcu_task_cb_adjust=1 rcu_task_cpu_ids=1.
[    0.033360] RCU Tasks Rude: Setting shift to 0 and lim to 1 rcu_task_cb_adjust=1 rcu_task_cpu_ids=1.
[    0.033361] RCU Tasks Trace: Setting shift to 0 and lim to 1 rcu_task_cb_adjust=1 rcu_task_cpu_ids=1.
[    0.036803] NR_IRQS: 524544, nr_irqs: 256, preallocated irqs: 16
[    0.037025] rcu: srcu_init: Setting srcu_struct sizes based on contention.
[    0.046315] Console: colour VGA+ 80x25
[    0.046359] printk: legacy console [ttyS0] enabled
[    0.123577] ACPI: Core revision 20230628
[    0.124100] clocksource: hpet: mask: 0xffffffff max_cycles: 0xffffffff, max_idle_ns: 19112604467 ns
[    0.125081] APIC: Switch to symmetric I/O mode setup
[    0.125793] x2apic enabled
[    0.126459] APIC: Switched APIC routing to: physical x2apic
[    0.128117] ..TIMER: vector=0x30 apic1=0 pin1=2 apic2=-1 pin2=-1
[    0.128738] clocksource: tsc-early: mask: 0xffffffffffffffff max_cycles: 0x28680fa287f, max_idle_ns: 440795281151 ns
[    0.129788] Calibrating delay loop (skipped) preset value.. 5606.40 BogoMIPS (lpj=2803200)
[    0.130943] x86/cpu: User Mode Instruction Prevention (UMIP) activated
[    0.131916] Last level iTLB entries: 4KB 0, 2MB 0, 4MB 0
[    0.132785] Last level dTLB entries: 4KB 0, 2MB 0, 4MB 0, 1GB 0
[    0.133385] Spectre V1 : Mitigation: usercopy/swapgs barriers and __user pointer sanitization
[    0.133790] Spectre V2 : Spectre BHI mitigation: SW BHB clearing on vm exit
[    0.134785] Spectre V2 : Spectre BHI mitigation: SW BHB clearing on syscall
[    0.135412] Spectre V2 : Mitigation: Enhanced / Automatic IBRS
[    0.135786] Spectre V2 : Spectre v2 / PBRSB-eIBRS: Retire a single CALL on VMEXIT
[    0.136787] Spectre V2 : mitigation: Enabling conditional Indirect Branch Prediction Barrier
[    0.137538] Speculative Store Bypass: Mitigation: Speculative Store Bypass disabled via prctl
[    0.137786] ITS: WARNING: ITS mitigation depends on retpoline and rethunk support
[    0.138785] ITS: Vulnerable
[    0.139203] x86/fpu: Supporting XSAVE feature 0x001: 'x87 floating point registers'
[    0.139786] x86/fpu: Supporting XSAVE feature 0x002: 'SSE registers'
[    0.140785] x86/fpu: Supporting XSAVE feature 0x004: 'AVX registers'
[    0.141370] x86/fpu: Supporting XSAVE feature 0x020: 'AVX-512 opmask'
[    0.141785] x86/fpu: Supporting XSAVE feature 0x040: 'AVX-512 Hi256'
[    0.142785] x86/fpu: Supporting XSAVE feature 0x080: 'AVX-512 ZMM_Hi256'
[    0.143411] x86/fpu: Supporting XSAVE feature 0x200: 'Protection Keys User registers'
[    0.143786] x86/fpu: xstate_offset[2]:  576, xstate_sizes[2]:  256
[    0.144785] x86/fpu: xstate_offset[5]:  832, xstate_sizes[5]:   64
[    0.145360] x86/fpu: xstate_offset[6]:  896, xstate_sizes[6]:  512
[    0.145785] x86/fpu: xstate_offset[7]: 1408, xstate_sizes[7]: 1024
[    0.146359] x86/fpu: xstate_offset[9]: 2432, xstate_sizes[9]:    8
[    0.146786] x86/fpu: Enabled xstate features 0x2e7, context size is 2440 bytes, using 'compacted' format.
[    0.180693] Freeing SMP alternatives memory: 48K
[    0.180789] pid_max: default: 32768 minimum: 301
[    0.181280] LSM: initializing lsm=lockdown,capability,landlock,yama,apparmor,integrity
[    0.181813] landlock: Up and running.
[    0.182170] Yama: becoming mindful.
[    0.182525] AppArmor: AppArmor initialized
[    0.182823] Mount-cache hash table entries: 4096 (order: 3, 32768 bytes, linear)
[    0.183503] Mountpoint-cache hash table entries: 4096 (order: 3, 32768 bytes, linear)
[    0.184063] smpboot: CPU0: 11th Gen Intel(R) Core(TM) i7-1165G7 @ 2.80GHz (family: 0x6, model: 0x8c, stepping: 0x1)
[    0.185184] Performance Events: Icelake events, full-width counters, Intel PMU driver.
[    0.185789] ... version:                2
[    0.186161] ... bit width:              48
[    0.186541] ... generic registers:      8
[    0.186787] ... value mask:             0000ffffffffffff
[    0.187292] ... max period:             00007fffffffffff
[    0.187786] ... fixed-purpose events:   3
[    0.188190] ... event mask:             00000007000000ff
[    0.188794] signal: max sigframe size: 3632
[    0.189229] rcu: Hierarchical SRCU implementation.
[    0.189682] rcu: 	Max phase no-delay instances is 400.
[    0.190145] smp: Bringing up secondary CPUs ...
[    0.190600] smp: Brought up 1 node, 1 CPU
[    0.190792] smpboot: Max logical packages: 1
[    0.191201] smpboot: Total of 1 processors activated (5606.40 BogoMIPS)
[    0.192054] devtmpfs: initialized
[    0.192421] x86/mm: Memory block size: 128MB
[    0.193179] clocksource: jiffies: mask: 0xffffffff max_cycles: 0xffffffff, max_idle_ns: 1911260446275000 ns
[    0.193794] futex hash table entries: 256 (order: 2, 16384 bytes, linear)
[    0.194502] pinctrl core: initialized pinctrl subsystem
[    0.194923] PM: RTC time: 04:11:30, date: 2026-03-08
[    0.196273] NET: Registered PF_NETLINK/PF_ROUTE protocol family
[    0.196916] DMA: preallocated 256 KiB GFP_KERNEL pool for atomic allocations
[    0.197583] DMA: preallocated 256 KiB GFP_KERNEL|GFP_DMA pool for atomic allocations
[    0.197808] DMA: preallocated 256 KiB GFP_KERNEL|GFP_DMA32 pool for atomic allocations
[    0.198741] audit: initializing netlink subsys (disabled)
[    0.198840] audit: type=2000 audit(1772943091.432:1): state=initialized audit_enabled=0 res=1
[    0.199764] thermal_sys: Registered thermal governor 'fair_share'
[    0.199766] thermal_sys: Registered thermal governor 'bang_bang'
[    0.199787] thermal_sys: Registered thermal governor 'step_wise'
[    0.200360] thermal_sys: Registered thermal governor 'user_space'
[    0.200787] thermal_sys: Registered thermal governor 'power_allocator'
[    0.201378] cpuidle: using governor ladder
[    0.202173] cpuidle: using governor menu
[    0.202640] acpiphp: ACPI Hot Plug PCI Controller Driver version: 0.5
[    0.202923] PCI: ECAM [mem 0xb0000000-0xbfffffff] (base 0xb0000000) for domain 0000 [bus 00-ff]
[    0.203793] PCI: ECAM [mem 0xb0000000-0xbfffffff] reserved as E820 entry
[    0.204446] PCI: Using configuration type 1 for base access
[    0.204940] kprobes: kprobe jump-optimization is enabled. All kprobes are optimized if possible.
[    0.244858] HugeTLB: registered 1.00 GiB page size, pre-allocated 0 pages
[    0.245540] HugeTLB: 16380 KiB vmemmap can be freed for a 1.00 GiB page
[    0.245791] HugeTLB: registered 2.00 MiB page size, pre-allocated 0 pages
[    0.246745] HugeTLB: 28 KiB vmemmap can be freed for a 2.00 MiB page
[    0.249386] ACPI: Added _OSI(Module Device)
[    0.249788] ACPI: Added _OSI(Processor Device)
[    0.250201] ACPI: Added _OSI(Processor Aggregator Device)
[    0.251932] ACPI: 1 ACPI AML tables successfully acquired and loaded
[    0.253859] ACPI: _OSC evaluation for CPUs failed, trying _PDC
[    0.254710] ACPI: Interpreter enabled
[    0.254798] ACPI: PM: (supports S0 S3 S4 S5)
[    0.255214] ACPI: Using IOAPIC for interrupt routing
[    0.255753] PCI: Using host bridge windows from ACPI; if necessary, use "pci=nocrs" and report a bug
[    0.255787] PCI: Using E820 reservations for host bridge windows
[    0.256436] ACPI: Enabled 2 GPEs in block 00 to 3F
[    0.258595] ACPI: PCI Root Bridge [PCI0] (domain 0000 [bus 00-ff])
[    0.258791] acpi PNP0A08:00: _OSC: OS supports [ExtendedConfig ASPM ClockPM Segments MSI EDR HPX-Type3]
[    0.259873] acpi PNP0A08:00: _OSC: platform does not support [PCIeHotplug LTR DPC]
[    0.260788] acpi PNP0A08:00: _OSC: OS now controls [SHPCHotplug PME AER PCIeCapability]
[    0.261688] PCI host bridge to bus 0000:00
[    0.261788] pci_bus 0000:00: root bus resource [io  0x0000-0x0cf7 window]
[    0.262445] pci_bus 0000:00: root bus resource [io  0x0d00-0xffff window]
[    0.262788] pci_bus 0000:00: root bus resource [mem 0x000a0000-0x000bffff window]
[    0.263484] pci_bus 0000:00: root bus resource [mem 0x80000000-0xafffffff window]
[    0.263787] pci_bus 0000:00: root bus resource [mem 0xc0000000-0xfebfffff window]
[    0.264483] pci_bus 0000:00: root bus resource [mem 0x100000000-0x8ffffffff window]
[    0.264789] pci_bus 0000:00: root bus resource [bus 00-ff]
[    0.265384] pci 0000:00:00.0: [8086:29c0] type 00 class 0x060000 conventional PCI endpoint
[    0.266247] pci 0000:00:01.0: [1af4:1000] type 00 class 0x020000 conventional PCI endpoint
[    0.267797] pci 0000:00:01.0: BAR 0 [io  0xc040-0xc05f]
[    0.268411] pci 0000:00:01.0: BAR 4 [mem 0xfe800000-0xfe803fff 64bit pref]
[    0.268800] pci 0000:00:01.0: ROM [mem 0xfeb00000-0xfeb7ffff pref]
[    0.269976] pci 0000:00:02.0: [1af4:1050] type 00 class 0x030000 conventional PCI endpoint
[    0.271805] pci 0000:00:02.0: BAR 0 [mem 0xfe000000-0xfe7fffff pref]
[    0.272451] pci 0000:00:02.0: BAR 2 [mem 0xfe804000-0xfe807fff 64bit pref]
[    0.272794] pci 0000:00:02.0: BAR 4 [mem 0xfeb94000-0xfeb94fff]
[    0.273361] pci 0000:00:02.0: ROM [mem 0xfeb80000-0xfeb8ffff pref]
[    0.273856] pci 0000:00:02.0: Video device with shadowed ROM at [mem 0x000c0000-0x000dffff]
[    0.275308] pci 0000:00:03.0: [1b36:000d] type 00 class 0x0c0330 PCIe Root Complex Integrated Endpoint
[    0.276413] pci 0000:00:03.0: BAR 0 [mem 0xfeb90000-0xfeb93fff 64bit]
[    0.288482] pci 0000:00:1f.0: [8086:2918] type 00 class 0x060100 conventional PCI endpoint
[    0.289126] pci 0000:00:1f.0: quirk: [io  0x0600-0x067f] claimed by ICH6 ACPI/GPIO/TCO
[    0.290111] pci 0000:00:1f.2: [8086:2922] type 00 class 0x010601 conventional PCI endpoint
[    0.291834] pci 0000:00:1f.2: BAR 4 [io  0xc060-0xc07f]
[    0.292558] pci 0000:00:1f.2: BAR 5 [mem 0xfeb95000-0xfeb95fff]
[    0.293244] pci 0000:00:1f.3: [8086:2930] type 00 class 0x0c0500 conventional PCI endpoint
[    0.294798] pci 0000:00:1f.3: BAR 4 [io  0x0700-0x073f]
[    0.295926] ACPI: PCI: Interrupt link LNKA configured for IRQ 10
[    0.296571] ACPI: PCI: Interrupt link LNKB configured for IRQ 10
[    0.296913] ACPI: PCI: Interrupt link LNKC configured for IRQ 11
[    0.297691] ACPI: PCI: Interrupt link LNKD configured for IRQ 11
[    0.297852] ACPI: PCI: Interrupt link LNKE configured for IRQ 10
[    0.298477] ACPI: PCI: Interrupt link LNKF configured for IRQ 10
[    0.298879] ACPI: PCI: Interrupt link LNKG configured for IRQ 11
[    0.299862] ACPI: PCI: Interrupt link LNKH configured for IRQ 11
[    0.300683] ACPI: PCI: Interrupt link GSIA configured for IRQ 16
[    0.300796] ACPI: PCI: Interrupt link GSIB configured for IRQ 17
[    0.301437] ACPI: PCI: Interrupt link GSIC configured for IRQ 18
[    0.301808] ACPI: PCI: Interrupt link GSID configured for IRQ 19
[    0.302667] ACPI: PCI: Interrupt link GSIE configured for IRQ 20
[    0.302808] ACPI: PCI: Interrupt link GSIF configured for IRQ 21
[    0.303649] ACPI: PCI: Interrupt link GSIG configured for IRQ 22
[    0.303807] ACPI: PCI: Interrupt link GSIH configured for IRQ 23
[    0.305071] iommu: Default domain type: Translated
[    0.305756] iommu: DMA domain TLB invalidation policy: lazy mode
[    0.305953] SCSI subsystem initialized
[    0.306550] ACPI: bus type USB registered
[    0.306810] usbcore: registered new interface driver usbfs
[    0.307621] usbcore: registered new interface driver hub
[    0.307797] usbcore: registered new device driver usb
[    0.308336] pps_core: LinuxPPS API ver. 1 registered
[    0.308787] pps_core: Software ver. 5.3.6 - Copyright 2005-2007 Rodolfo Giometti <giometti@linux.it>
[    0.309632] PTP clock support registered
[    0.309854] EDAC MC: Ver: 3.0.0
[    0.310528] NetLabel: Initializing
[    0.310787] NetLabel:  domain hash size = 128
[    0.311203] NetLabel:  protocols = UNLABELED CIPSOv4 CALIPSO
[    0.311759] NetLabel:  unlabeled traffic allowed by default
[    0.311825] mctp: management component transport protocol core
[    0.312371] NET: Registered PF_MCTP protocol family
[    0.312791] PCI: Using ACPI for IRQ routing
[    0.454435] pci 0000:00:02.0: vgaarb: setting as boot VGA device
[    0.454784] pci 0000:00:02.0: vgaarb: bridge control possible
[    0.454784] pci 0000:00:02.0: vgaarb: VGA device added: decodes=io+mem,owns=io+mem,locks=none
[    0.454788] vgaarb: loaded
[    0.455185] hpet0: at MMIO 0xfed00000, IRQs 2, 8, 0
[    0.455654] hpet0: 3 comparators, 64-bit 100.000000 MHz counter
[    0.458823] clocksource: Switched to clocksource kvm-clock
[    0.460316] VFS: Disk quotas dquot_6.6.0
[    0.460937] VFS: Dquot-cache hash table entries: 512 (order 0, 4096 bytes)
[    0.462080] AppArmor: AppArmor Filesystem Enabled
[    0.462584] pnp: PnP ACPI init
[    0.463040] system 00:05: [mem 0xb0000000-0xbfffffff window] has been reserved
[    0.464177] pnp: PnP ACPI: found 6 devices
[    0.470100] clocksource: acpi_pm: mask: 0xffffff max_cycles: 0xffffff, max_idle_ns: 2085701024 ns
[    0.471054] NET: Registered PF_INET protocol family
[    0.471834] IP idents hash table entries: 32768 (order: 6, 262144 bytes, linear)
[    0.485932] tcp_listen_portaddr_hash hash table entries: 1024 (order: 2, 16384 bytes, linear)
[    0.487109] Table-perturb hash table entries: 65536 (order: 6, 262144 bytes, linear)
[    0.487958] TCP established hash table entries: 16384 (order: 5, 131072 bytes, linear)
[    0.488725] TCP bind hash table entries: 16384 (order: 7, 524288 bytes, linear)
[    0.489487] TCP: Hash tables configured (established 16384 bind 16384)
[    0.490154] MPTCP token hash table entries: 2048 (order: 3, 49152 bytes, linear)
[    0.490929] UDP hash table entries: 1024 (order: 3, 32768 bytes, linear)
[    0.491603] UDP-Lite hash table entries: 1024 (order: 3, 32768 bytes, linear)
[    0.492334] NET: Registered PF_UNIX/PF_LOCAL protocol family
[    0.492920] NET: Registered PF_XDP protocol family
[    0.493409] pci_bus 0000:00: resource 4 [io  0x0000-0x0cf7 window]
[    0.494001] pci_bus 0000:00: resource 5 [io  0x0d00-0xffff window]
[    0.494825] pci_bus 0000:00: resource 6 [mem 0x000a0000-0x000bffff window]
[    0.495645] pci_bus 0000:00: resource 7 [mem 0x80000000-0xafffffff window]
[    0.496322] pci_bus 0000:00: resource 8 [mem 0xc0000000-0xfebfffff window]
[    0.497004] pci_bus 0000:00: resource 9 [mem 0x100000000-0x8ffffffff window]
[    0.497957] ACPI: \_SB_.GSIH: Enabled at IRQ 23
[    0.498944] PCI: CLS 0 bytes, default 64
[    0.499460] Trying to unpack rootfs image as initramfs...
[    0.500859] clocksource: tsc: mask: 0xffffffffffffffff max_cycles: 0x28680fa287f, max_idle_ns: 440795281151 ns
[    0.503183] Initialise system trusted keyrings
[    0.503720] Key type blacklist registered
[    0.505880] workingset: timestamp_bits=36 max_order=19 bucket_order=0
[    0.506577] zbud: loaded
[    0.508149] squashfs: version 4.0 (2009/01/31) Phillip Lougher
[    0.510007] fuse: init (API version 7.39)
[    0.510504] integrity: Platform Keyring initialized
[    0.510979] integrity: Machine keyring initialized
[    0.533808] Key type asymmetric registered
[    0.534287] Asymmetric key parser 'x509' registered
[    0.535798] Block layer SCSI generic (bsg) driver version 0.4 loaded (major 243)
[    0.537874] io scheduler mq-deadline registered
[    0.538989] shpchp: Standard Hot Plug PCI Controller Driver version: 0.4
[    0.539734] input: Power Button as /devices/LNXSYSTM:00/LNXPWRBN:00/input/input0
[    0.542992] ACPI: button: Power Button [PWRF]
[    0.544924] ACPI: \_SB_.GSIF: Enabled at IRQ 21
[    0.547485] ACPI: \_SB_.GSIG: Enabled at IRQ 22
[    0.551225] Serial: 8250/16550 driver, 32 ports, IRQ sharing enabled
[    0.598944] 00:03: ttyS0 at I/O 0x3f8 (irq = 4, base_baud = 115200) is a 16550A
[    0.604645] Linux agpgart interface v0.103
[    0.608253] loop: module loaded
[    0.609918] ACPI: bus type drm_connector registered
[    0.610541] tun: Universal TUN/TAP device driver, 1.6
[    0.616919] PPP generic driver version 2.4.2
[    0.617477] i8042: PNP: PS/2 Controller [PNP0303:KBD,PNP0f13:MOU] at 0x60,0x64 irq 1,12
[    0.620583] serio: i8042 KBD port at 0x60,0x64 irq 1
[    0.621811] serio: i8042 AUX port at 0x60,0x64 irq 12
[    0.622431] mousedev: PS/2 mouse device common for all mice
[    0.624138] input: AT Translated Set 2 keyboard as /devices/platform/i8042/serio0/input/input1
[    0.624982] rtc_cmos 00:04: RTC can wake from S4
[    0.626885] rtc_cmos 00:04: registered as rtc0
[    0.627419] rtc_cmos 00:04: setting system clock to 2026-03-08T04:11:31 UTC (1772943091)
[    0.630046] rtc_cmos 00:04: alarms up to one day, y3k, 242 bytes nvram, hpet irqs
[    0.631774] i2c_dev: i2c /dev entries driver
[    0.632205] device-mapper: core: CONFIG_IMA_DISABLE_HTABLE is disabled. Duplicate IMA measurements will not be recorded in the IMA log.
[    0.634820] device-mapper: uevent: version 1.0.3
[    0.636869] device-mapper: ioctl: 4.48.0-ioctl (2023-03-01) initialised: dm-devel@redhat.com
[    0.637670] intel_pstate: CPU model not supported
[    0.639816] ledtrig-cpu: registered to indicate activity on CPUs
[    0.640459] drop_monitor: Initializing network drop monitor service
[    0.642900] NET: Registered PF_INET6 protocol family
[    2.683225] Freeing initrd memory: 165796K
[    2.683867] Segment Routing with IPv6
[    2.684282] In-situ OAM (IOAM) with IPv6
[    2.684683] NET: Registered PF_PACKET protocol family
[    2.685216] Key type dns_resolver registered
[    2.685859] IPI shorthand broadcast: enabled
[    2.688106] sched_clock: Marking stable (2598004903, 89751033)->(2715157863, -27401927)
[    2.689111] registered taskstats version 1
[    2.689583] Loading compiled-in X.509 certificates
[    2.690651] Loaded X.509 cert 'Build time autogenerated kernel key: 7f71bdefc17a4d88631555bf9efbb1c93d6f5260'
[    2.692138] Loaded X.509 cert 'Canonical Ltd. Live Patch Signing 2025 Kmod: d541cef61dc7e793b7eb7e899970a2eef0b5dc8c'
[    2.693671] Loaded X.509 cert 'Canonical Ltd. Live Patch Signing: 14df34d1a87cf37625abec039ef2bf521249b969'
[    2.695197] Loaded X.509 cert 'Canonical Ltd. Kernel Module Signing: 88f752e560a1e0737e31163a466ad7b70a850c19'
[    2.696161] blacklist: Loading compiled-in revocation X.509 certificates
[    2.696815] Loaded X.509 cert 'Canonical Ltd. Secure Boot Signing: 61482aa2830d0ab2ad5af10b7250da9033ddcef0'
[    2.697772] Loaded X.509 cert 'Canonical Ltd. Secure Boot Signing (2017): 242ade75ac4a15e50d50c84b0d45ff3eae707a03'
[    2.698887] Loaded X.509 cert 'Canonical Ltd. Secure Boot Signing (ESM 2018): 365188c1d374d6b07c3c8f240f8ef722433d6a8b'
[    2.699923] Loaded X.509 cert 'Canonical Ltd. Secure Boot Signing (2019): c0746fd6c5da3ae827864651ad66ae47fe24b3e8'
[    2.700909] Loaded X.509 cert 'Canonical Ltd. Secure Boot Signing (2021 v1): a8d54bbb3825cfb94fa13c9f8a594a195c107b8d'
[    2.701957] Loaded X.509 cert 'Canonical Ltd. Secure Boot Signing (2021 v2): 4cf046892d6fd3c9a5b03f98d845f90851dc6a8c'
[    2.702997] Loaded X.509 cert 'Canonical Ltd. Secure Boot Signing (2021 v3): 100437bb6de6e469b581e61cd66bce3ef4ed53af'
[    2.704139] Loaded X.509 cert 'Canonical Ltd. Secure Boot Signing (Ubuntu Core 2019): c1d57b8f6b743f23ee41f4f7ee292f06eecadfb9'
[    2.708051] Key type .fscrypt registered
[    2.708465] Key type fscrypt-provisioning registered
[    2.709215] Key type encrypted registered
[    2.709599] AppArmor: AppArmor sha256 policy hashing enabled
[    2.710155] ima: No TPM chip found, activating TPM-bypass!
[    2.710682] Loading compiled-in module X.509 certificates
[    2.711847] Loaded X.509 cert 'Build time autogenerated kernel key: 7f71bdefc17a4d88631555bf9efbb1c93d6f5260'
[    2.712776] ima: Allocated hash algorithm: sha256
[    2.713238] ima: No architecture policies found
[    2.713674] evm: Initialising EVM extended attributes:
[    2.714290] evm: security.selinux
[    2.714616] evm: security.SMACK64
[    2.714959] evm: security.SMACK64EXEC
[    2.715382] evm: security.SMACK64TRANSMUTE
[    2.715769] evm: security.SMACK64MMAP
[    2.716123] evm: security.apparmor
[    2.716442] evm: security.ima
[    2.716736] evm: security.capability
[    2.717084] evm: HMAC attrs: 0x1
[    2.717636] PM:   Magic number: 2:619:160
[    2.718051] vc vcs1: hash matches
[    2.721440] RAS: Correctable Errors collector initialized.
[    2.722098] clk: Disabling unused clocks
[    2.731421] Freeing unused decrypted memory: 2028K
[    2.732278] Freeing unused kernel image (initmem) memory: 4920K
[    2.732723] Write protecting the kernel read-only data: 38912k
[    2.733559] Freeing unused kernel image (rodata/data gap) memory: 1984K
[    2.746112] x86/mm: Checked W+X mappings: passed, no W+X pages found.
[    2.746567] Run /init as init process
[init-phase3] booted
[init-phase3] loading module=/lib/modules/6.8.0-101-generic/kernel/drivers/virtio/virtio_dma_buf.ko
[init-phase3] loading module=/lib/modules/6.8.0-101-generic/kernel/drivers/gpu/drm/virtio/virtio-gpu.ko
[    2.755871] [drm] pci: virtio-vga detected at 0000:00:02.0
[    2.756264] virtio-pci 0000:00:02.0: vgaarb: deactivate vga console
[    2.763670] Console: switching to colour dummy device 80x25
[    2.764399] [drm] features: -virgl +edid -resource_blob -host_visible
[    2.764401] [drm] features: -context_init
[    2.765608] [drm] number of scanouts: 1
[    2.765942] [drm] number of cap sets: 0
[    2.766413] [drm] Initialized virtio_gpu 0.1.0 0 for 0000:00:02.0 on minor 0
[    2.768867] fbcon: virtio_gpudrmfb (fb0) is primary device
[    2.772030] Console: switching to colour frame buffer device 160x50
[    2.775179] virtio-pci 0000:00:02.0: [drm] fb0: virtio_gpudrmfb frame buffer device
[init-phase3] loading module=/lib/modules/6.8.0-101-generic/kernel/drivers/hid/hid.ko
[    2.781228] hid: raw HID events driver (C) Jiri Kosina
[init-phase3] loading module=/lib/modules/6.8.0-101-generic/kernel/drivers/hid/hid-generic.ko
[init-phase3] loading module=/lib/modules/6.8.0-101-generic/kernel/drivers/hid/usbhid/usbhid.ko
[    2.785717] usbcore: registered new interface driver usbhid
[    2.786127] usbhid: USB HID core driver
[init-phase3] loading module=/lib/modules/6.8.0-101-generic/kernel/drivers/hid/usbhid/usbkbd.ko
[    2.788172] usbcore: registered new interface driver usbkbd
[init-phase3] loading module=/lib/modules/6.8.0-101-generic/kernel/drivers/hid/usbhid/usbmouse.ko
[    2.790078] usbcore: registered new interface driver usbmouse
[init-phase3] loading module=/lib/modules/6.8.0-101-generic/kernel/drivers/input/mouse/psmouse.ko
[    2.794937] input: VirtualPS/2 VMware VMMouse as /devices/platform/i8042/serio1/input/input4
[init-phase3] loading module=/lib/modules/6.8.0-101-generic/kernel/drivers/usb/host/xhci-pci-renesas.ko
[    2.796855] input: VirtualPS/2 VMware VMMouse as /devices/platform/i8042/serio1/input/input3
[init-phase3] loading module=/lib/modules/6.8.0-101-generic/kernel/drivers/usb/host/xhci-pci.ko
[    2.800510] xhci_hcd 0000:00:03.0: xHCI Host Controller
[    2.801024] xhci_hcd 0000:00:03.0: new USB bus registered, assigned bus number 1
[    2.801966] xhci_hcd 0000:00:03.0: hcc params 0x00087001 hci version 0x100 quirks 0x0000000000000010
[    2.803355] xhci_hcd 0000:00:03.0: xHCI Host Controller
[    2.803991] xhci_hcd 0000:00:03.0: new USB bus registered, assigned bus number 2
[    2.804688] xhci_hcd 0000:00:03.0: Host supports USB 3.0 SuperSpeed
[    2.805333] usb usb1: New USB device found, idVendor=1d6b, idProduct=0002, bcdDevice= 6.08
[    2.806068] usb usb1: New USB device strings: Mfr=3, Product=2, SerialNumber=1
[    2.806706] usb usb1: Product: xHCI Host Controller
[    2.807154] usb usb1: Manufacturer: Linux 6.8.0-101-generic xhci-hcd
[    2.807696] usb usb1: SerialNumber: 0000:00:03.0
[    2.808318] hub 1-0:1.0: USB hub found
[    2.808738] hub 1-0:1.0: 4 ports detected
[    2.809314] usb usb2: We don't know the algorithms for LPM for this host, disabling LPM.
[    2.810033] usb usb2: New USB device found, idVendor=1d6b, idProduct=0003, bcdDevice= 6.08
[    2.810731] usb usb2: New USB device strings: Mfr=3, Product=2, SerialNumber=1
[    2.811383] usb usb2: Product: xHCI Host Controller
[    2.811817] usb usb2: Manufacturer: Linux 6.8.0-101-generic xhci-hcd
[    2.812373] usb usb2: SerialNumber: 0000:00:03.0
[    2.812890] hub 2-0:1.0: USB hub found
[    2.813248] hub 2-0:1.0: 4 ports detected
Starting systemd-udevd version 255.4-1ubuntu8.8
total 0
drwxr-xr-x    2 root     root            80 Mar  8 04:11 by-path
crw-rw----    1 root     video     226,   0 Mar  8 04:11 card0
crw-rw----    1 root     root      226, 128 Mar  8 04:11 renderD128
total 0
drwxr-xr-x    2 root     root           100 Mar  8 04:11 by-path
crw-rw----    1 root     input      13,  64 Mar  8 04:11 event0
crw-rw----    1 root     input      13,  65 Mar  8 04:11 event1
crw-rw----    1 root     input      13,  66 Mar  8 04:11 event2
crw-rw----    1 root     input      13,  67 Mar  8 04:11 event3
crw-rw----    1 root     input      13,  63 Mar  8 04:11 mice
crw-rw----    1 root     input      13,  32 Mar  8 04:11 mouse0
crw-rw----    1 root     input      13,  33 Mar  8 04:11 mouse1
[init-phase3] seatd pid=122
[init-phase3] weston pid=123
[init-phase3] wayland ready
Date: 2026-03-08 UTC
[04:11:33.744] weston 13.0.0
               https://wayland.freedesktop.org
               Bug reports to: https://gitlab.freedesktop.org/wayland/weston/issues/
               Build: 13.0.0
[04:11:33.744] Command line: /usr/bin/weston --backend=drm --renderer=pixman --shell=kiosk-shell.so --socket=wayland-1 --continue-without-input --log=/var/log/weston.log
[04:11:33.744] OS: Linux, 6.8.0-101-generic, #101-Ubuntu SMP PREEMPT_DYNAMIC Mon Feb  9 10:15:05 UTC 2026, x86_64
[04:11:33.744] Flight recorder: enabled
[04:11:33.744] Using config file '/etc/xdg/weston/weston.ini'
[04:11:33.744] Output repaint window is 7 ms maximum.
[04:11:33.744] Loading module '/usr/lib/x86_64-linux-gnu/libweston-13/drm-backend.so'
[04:11:33.745] initializing drm backend
[04:11:33.745] Trying libseat launcher...
[04:11:33.745] [libseat/libseat.c:62] Seat opened with backend 'seatd'
[04:11:33.745] [libseat/backend/seatd.c:212] Enabling seat
[04:11:33.745] libseat: session control granted
[04:11:33.746] using /dev/dri/card0
[04:11:33.746] DRM: supports atomic modesetting
[04:11:33.746] DRM: does not support GBM modifiers
[04:11:33.746] DRM: does not support async page flipping
[04:11:33.746] DRM: supports picture aspect ratio
[04:11:33.746] Using Pixman renderer
[04:11:33.748] event0  - Power Button: is tagged by udev as: Keyboard
[04:11:33.748] event0  - Power Button: device is a keyboard
[04:11:33.749] event1  - AT Translated Set 2 keyboard: is tagged by udev as: Keyboard
[04:11:33.749] event1  - AT Translated Set 2 keyboard: device is a keyboard
[04:11:33.749] event3  - VirtualPS/2 VMware VMMouse: is tagged by udev as: Mouse
[04:11:33.749] event3  - VirtualPS/2 VMware VMMouse: device is a pointer
[04:11:33.750] event2  - VirtualPS/2 VMware VMMouse: is tagged by udev as: Mouse
[04:11:33.750] event2  - VirtualPS/2 VMware VMMouse: device is a pointer
[04:11:33.754] libinput: configuring device "Power Button".
[04:11:33.754] libinput: configuring device "AT Translated Set 2 keyboard".
[04:11:33.754] libinput: configuring device "VirtualPS/2 VMware VMMouse".
[04:11:33.754] libinput: configuring device "VirtualPS/2 VMware VMMouse".
[04:11:33.754] input device event2 has no enabled output associated (none named), skipping calibration for now.
[04:11:33.754] DRM: head 'Virtual-1' found, connector 36 is connected, EDID make 'RHT', model 'QEMU Monitor', serial ''
               Supported EOTF modes: SDR
[04:11:33.754] Registered plugin API 'weston_drm_output_api_v1' of size 40
[04:11:33.754] Registered plugin API 'weston_drm_virtual_output_api_v2' of size 48
[04:11:33.754] Color manager: no-op
[04:11:33.754] Output 'Virtual-1' attempts EOTF mode: SDR
[04:11:33.754] Output 'Virtual-1' using color profile: stock sRGB color profile
[04:11:33.756] DRM: output Virtual-1 uses shadow framebuffer.
[04:11:33.756] Output Virtual-1 (crtc 35) video modes:
               1280x800@75.0, preferred, current, 107.3 MHz
               5120x2160@50.0 64:27, 742.5 MHz
               4096x2160@50.0 256:135, 594.0 MHz
               3840x2160@60.0 16:9, 594.0 MHz
               3840x2160@59.9 16:9, 593.4 MHz
               3840x2160@50.0 16:9, 594.0 MHz
               1920x1440@60.0, 234.0 MHz
               2560x1080@50.0 64:27, 185.6 MHz
               1856x1392@60.0, 218.2 MHz
               1792x1344@60.0, 204.8 MHz
               2048x1152@60.0, 162.0 MHz
               1920x1200@59.9, 193.2 MHz
               1920x1080@60.0, 148.5 MHz
               1920x1080@50.0 16:9, 148.5 MHz
               1600x1200@60.0, 162.0 MHz
               1680x1050@60.0, 146.2 MHz
               1400x1050@60.0, 121.8 MHz
               1280x1024@60.0, 108.0 MHz
               1440x900@59.9, 106.5 MHz
               1280x960@60.0, 108.0 MHz
               1360x768@60.0, 85.5 MHz
               1280x768@59.9, 79.5 MHz
               1024x768@60.0, 65.0 MHz
               800x600@60.3, 40.0 MHz
               640x480@60.0 4:3, 25.2 MHz
               640x480@59.9, 25.2 MHz
[04:11:33.757] associating input device event0 with output Virtual-1 (none by udev)
[04:11:33.757] associating input device event1 with output Virtual-1 (none by udev)
[04:11:33.757] associating input device event3 with output Virtual-1 (none by udev)
[04:11:33.757] associating input device event2 with output Virtual-1 (none by udev)
[04:11:33.757] Output 'Virtual-1' enabled with head(s) Virtual-1
[04:11:33.757] Compositor capabilities:
               arbitrary surface rotation: yes
               screen capture uses y-flip: no
               cursor planes: yes
               arbitrary resolutions: no
               view mask clipping: yes
               explicit sync: no
               color operations: no
               presentation clock: CLOCK_MONOTONIC, id 1
               presentation clock resolution: 0.000000001 s
[04:11:33.757] Loading module '/usr/lib/x86_64-linux-gnu/weston/kiosk-shell.so'
[init-phase3] display_probe pid=126
[init-phase3] launching client=weston-simple-shm url=about:blank runtime=15 suspend_delay= wake= pm_test= no_suspend=1
[init-phase3] app pid=134 client=weston-simple-shm
[    3.050768] usb 1-1: new high-speed USB device number 2 using xhci_hcd
[    3.179102] usb 1-1: New USB device found, idVendor=0627, idProduct=0001, bcdDevice= 0.00
[    3.179670] usb 1-1: New USB device strings: Mfr=1, Product=4, SerialNumber=11
[    3.180112] usb 1-1: Product: QEMU USB Keyboard
[    3.180386] usb 1-1: Manufacturer: QEMU
[    3.180620] usb 1-1: SerialNumber: 68284-0000:00:03.0-1
[    3.182465] input: QEMU QEMU USB Keyboard as /devices/pci0000:00/0000:00:03.0/usb1/1-1/1-1:1.0/0003:0627:0001.0001/input/input5
[    3.238996] hid-generic 0003:0627:0001.0001: input,hidraw0: USB HID v1.11 Keyboard [QEMU QEMU USB Keyboard] on usb-0000:00:03.0-1/input0
[    3.353814] usb 1-2: new high-speed USB device number 3 using xhci_hcd
[    3.480088] usb 1-2: New USB device found, idVendor=0627, idProduct=0001, bcdDevice= 0.00
[    3.480722] usb 1-2: New USB device strings: Mfr=1, Product=3, SerialNumber=10
[    3.481636] usb 1-2: Product: QEMU USB Tablet
[    3.482116] usb 1-2: Manufacturer: QEMU
[    3.482492] usb 1-2: SerialNumber: 28754-0000:00:03.0-2
[    3.485143] input: QEMU QEMU USB Tablet as /devices/pci0000:00/0000:00:03.0/usb1/1-2/1-2:1.0/0003:0627:0001.0002/input/input6
[    3.488341] hid-generic 0003:0627:0001.0002: input,hidraw1: USB HID v0.01 Mouse [QEMU QEMU USB Tablet] on usb-0000:00:03.0-2/input0
[init-phase3] guest-capture tag=pre delay=6
@@GUESTSHOT_ERROR tag=pre reason=missing-output
Output capture error: unauthorized
Error: screenshot or protocol failure
[init-phase3] runtime limit reached, terminating client=weston-simple-shm
Terminated
@@DISPLAY sample=1 uptime_s=2.91 fb0=virtio_gpudrmfb_ proc_fb=0_virtio_gpudrmfb_ vt=vtcon0nameM_frame_buffer_device_bind1__vtcon1nameM_dummy_device_bind0__ drm=card0-Virtual-1statusconnected_enabledenabled_dpmsOn__
@@DISPLAY sample=2 uptime_s=3.93 fb0=virtio_gpudrmfb_ proc_fb=0_virtio_gpudrmfb_ vt=vtcon0nameM_frame_buffer_device_bind1__vtcon1nameM_dummy_device_bind0__ drm=card0-Virtual-1statusconnected_enabledenabled_dpmsOn__
@@DISPLAY sample=3 uptime_s=4.96 fb0=virtio_gpudrmfb_ proc_fb=0_virtio_gpudrmfb_ vt=vtcon0nameM_frame_buffer_device_bind1__vtcon1nameM_dummy_device_bind0__ drm=card0-Virtual-1statusconnected_enabledenabled_dpmsOn__
@@DISPLAY sample=4 uptime_s=5.98 fb0=virtio_gpudrmfb_ proc_fb=0_virtio_gpudrmfb_ vt=vtcon0nameM_frame_buffer_device_bind1__vtcon1nameM_dummy_device_bind0__ drm=card0-Virtual-1statusconnected_enabledenabled_dpmsOn__
@@DISPLAY sample=5 uptime_s=7.00 fb0=virtio_gpudrmfb_ proc_fb=0_virtio_gpudrmfb_ vt=vtcon0nameM_frame_buffer_device_bind1__vtcon1nameM_dummy_device_bind0__ drm=card0-Virtual-1statusconnected_enabledenabled_dpmsOn__
@@DISPLAY sample=6 uptime_s=8.02 fb0=virtio_gpudrmfb_ proc_fb=0_virtio_gpudrmfb_ vt=vtcon0nameM_frame_buffer_device_bind1__vtcon1nameM_dummy_device_bind0__ drm=card0-Virtual-1statusconnected_enabledenabled_dpmsOn__
@@DISPLAY sample=7 uptime_s=9.05 fb0=virtio_gpudrmfb_ proc_fb=0_virtio_gpudrmfb_ vt=vtcon0nameM_frame_buffer_device_bind1__vtcon1nameM_dummy_device_bind0__ drm=card0-Virtual-1statusconnected_enabledenabled_dpmsOn__
@@DISPLAY sample=8 uptime_s=10.07 fb0=virtio_gpudrmfb_ proc_fb=0_virtio_gpudrmfb_ vt=vtcon0nameM_frame_buffer_device_bind1__vtcon1nameM_dummy_device_bind0__ drm=card0-Virtual-1statusconnected_enabledenabled_dpmsOn__
@@DISPLAY sample=9 uptime_s=11.09 fb0=virtio_gpudrmfb_ proc_fb=0_virtio_gpudrmfb_ vt=vtcon0nameM_frame_buffer_device_bind1__vtcon1nameM_dummy_device_bind0__ drm=card0-Virtual-1statusconnected_enabledenabled_dpmsOn__
@@DISPLAY sample=10 uptime_s=12.11 fb0=virtio_gpudrmfb_ proc_fb=0_virtio_gpudrmfb_ vt=vtcon0nameM_frame_buffer_device_bind1__vtcon1nameM_dummy_device_bind0__ drm=card0-Virtual-1statusconnected_enabledenabled_dpmsOn__
@@DISPLAY sample=11 uptime_s=13.13 fb0=virtio_gpudrmfb_ proc_fb=0_virtio_gpudrmfb_ vt=vtcon0nameM_frame_buffer_device_bind1__vtcon1nameM_dummy_device_bind0__ drm=card0-Virtual-1statusconnected_enabledenabled_dpmsOn__
@@DISPLAY sample=12 uptime_s=14.15 fb0=virtio_gpudrmfb_ proc_fb=0_virtio_gpudrmfb_ vt=vtcon0nameM_frame_buffer_device_bind1__vtcon1nameM_dummy_device_bind0__ drm=card0-Virtual-1statusconnected_enabledenabled_dpmsOn__
@@DISPLAY sample=13 uptime_s=15.17 fb0=virtio_gpudrmfb_ proc_fb=0_virtio_gpudrmfb_ vt=vtcon0nameM_frame_buffer_device_bind1__vtcon1nameM_dummy_device_bind0__ drm=card0-Virtual-1statusconnected_enabledenabled_dpmsOn__
@@DISPLAY sample=14 uptime_s=16.19 fb0=virtio_gpudrmfb_ proc_fb=0_virtio_gpudrmfb_ vt=vtcon0nameM_frame_buffer_device_bind1__vtcon1nameM_dummy_device_bind0__ drm=card0-Virtual-1statusconnected_enabledenabled_dpmsOn__
@@DISPLAY sample=15 uptime_s=17.22 fb0=virtio_gpudrmfb_ proc_fb=0_virtio_gpudrmfb_ vt=vtcon0nameM_frame_buffer_device_bind1__vtcon1nameM_dummy_device_bind0__ drm=card0-Virtual-1statusconnected_enabledenabled_dpmsOn__
@@DISPLAY sample=16 uptime_s=18.24 fb0=virtio_gpudrmfb_ proc_fb=0_virtio_gpudrmfb_ vt=vtcon0nameM_frame_buffer_device_bind1__vtcon1nameM_dummy_device_bind0__ drm=card0-Virtual-1statusconnected_enabledenabled_dpmsOn__
@@DISPLAY sample=17 uptime_s=19.26 fb0=virtio_gpudrmfb_ proc_fb=0_virtio_gpudrmfb_ vt=vtcon0nameM_frame_buffer_device_bind1__vtcon1nameM_dummy_device_bind0__ drm=card0-Virtual-1statusconnected_enabledenabled_dpmsOn__
@@DISPLAY sample=18 uptime_s=20.29 fb0=virtio_gpudrmfb_ proc_fb=0_virtio_gpudrmfb_ vt=vtcon0nameM_frame_buffer_device_bind1__vtcon1nameM_dummy_device_bind0__ drm=card0-Virtual-1statusconnected_enabledenabled_dpmsOn__
@@DISPLAY sample=19 uptime_s=21.31 fb0=virtio_gpudrmfb_ proc_fb=0_virtio_gpudrmfb_ vt=vtcon0nameM_frame_buffer_device_bind1__vtcon1nameM_dummy_device_bind0__ drm=card0-Virtual-1statusconnected_enabledenabled_dpmsOn__
@@DISPLAY sample=20 uptime_s=22.33 fb0=virtio_gpudrmfb_ proc_fb=0_virtio_gpudrmfb_ vt=vtcon0nameM_frame_buffer_device_bind1__vtcon1nameM_dummy_device_bind0__ drm=card0-Virtual-1statusconnected_enabledenabled_dpmsOn__
@@DISPLAY sample=21 uptime_s=23.35 fb0=virtio_gpudrmfb_ proc_fb=0_virtio_gpudrmfb_ vt=vtcon0nameM_frame_buffer_device_bind1__vtcon1nameM_dummy_device_bind0__ drm=card0-Virtual-1statusconnected_enabledenabled_dpmsOn__
@@DISPLAY sample=22 uptime_s=24.37 fb0=virtio_gpudrmfb_ proc_fb=0_virtio_gpudrmfb_ vt=vtcon0nameM_frame_buffer_device_bind1__vtcon1nameM_dummy_device_bind0__ drm=card0-Virtual-1statusconnected_enabledenabled_dpmsOn__
@@DISPLAY sample=23 uptime_s=25.38 fb0=virtio_gpudrmfb_ proc_fb=0_virtio_gpudrmfb_ vt=vtcon0nameM_frame_buffer_device_bind1__vtcon1nameM_dummy_device_bind0__ drm=card0-Virtual-1statusconnected_enabledenabled_dpmsOn__
[init-phase3] client exited client=weston-simple-shm
[   26.096745] ACPI: PM: Preparing to enter system sleep state S5
[   26.097085] reboot: Power down
