[    0.000000] Linux version 6.8.0-101-generic (buildd@lcy02-amd64-051) (x86_64-linux-gnu-gcc-13 (Ubuntu 13.3.0-6ubuntu2~24.04) 13.3.0, GNU ld (GNU Binutils for Ubuntu) 2.42) #101-Ubuntu SMP PREEMPT_DYNAMIC Mon Feb  9 10:15:05 UTC 2026 (Ubuntu 6.8.0-101.101-generic 6.8.12)
[    0.000000] Command line: console=ttyS0 panic=-1 no_console_suspend rdinit=/init display_probe=1 phase3_client=weston-simple-shm phase3_runtime_seconds=35 phase3_suspend_delay_seconds=10 phase3_wake_seconds=5 phase3_pm_test=devices
[    0.000000] KERNEL supported cpus:
[    0.000000]   Intel GenuineIntel
[    0.000000]   AMD AuthenticAMD
[    0.000000]   Hygon HygonGenuine
[    0.000000]   Centaur CentaurHauls
[    0.000000]   zhaoxin   Shanghai  
[    0.000000] BIOS-provided physical RAM map:
[    0.000000] BIOS-e820: [mem 0x0000000000000000-0x000000000009fbff] usable
[    0.000000] BIOS-e820: [mem 0x000000000009fc00-0x000000000009ffff] reserved
[    0.000000] BIOS-e820: [mem 0x00000000000f0000-0x00000000000fffff] reserved
[    0.000000] BIOS-e820: [mem 0x0000000000100000-0x000000007ffddfff] usable
[    0.000000] BIOS-e820: [mem 0x000000007ffde000-0x000000007fffffff] reserved
[    0.000000] BIOS-e820: [mem 0x00000000b0000000-0x00000000bfffffff] reserved
[    0.000000] BIOS-e820: [mem 0x00000000fed1c000-0x00000000fed1ffff] reserved
[    0.000000] BIOS-e820: [mem 0x00000000feffc000-0x00000000feffffff] reserved
[    0.000000] BIOS-e820: [mem 0x00000000fffc0000-0x00000000ffffffff] reserved
[    0.000000] NX (Execute Disable) protection: active
[    0.000000] APIC: Static calls initialized
[    0.000000] SMBIOS 3.0.0 present.
[    0.000000] DMI: QEMU Standard PC (Q35 + ICH9, 2009), BIOS 1.16.3-debian-1.16.3-2 04/01/2014
[    0.000000] Hypervisor detected: KVM
[    0.000000] kvm-clock: Using msrs 4b564d01 and 4b564d00
[    0.000001] kvm-clock: using sched offset of 293378123 cycles
[    0.000003] clocksource: kvm-clock: mask: 0xffffffffffffffff max_cycles: 0x1cd42e4dffb, max_idle_ns: 881590591483 ns
[    0.000006] tsc: Detected 2803.200 MHz processor
[    0.000646] last_pfn = 0x7ffde max_arch_pfn = 0x400000000
[    0.000683] MTRR map: 4 entries (3 fixed + 1 variable; max 19), built from 8 variable MTRRs
[    0.000686] x86/PAT: Configuration [0-7]: WB  WC  UC- UC  WB  WP  UC- WT  
[    0.004524] found SMP MP-table at [mem 0x000f5470-0x000f547f]
[    0.004544] Using GB pages for direct mapping
[    0.004635] RAMDISK: [mem 0x75de7000-0x7ffcffff]
[    0.004658] ACPI: Early table checksum verification disabled
[    0.004661] ACPI: RSDP 0x00000000000F52B0 000014 (v00 BOCHS )
[    0.004665] ACPI: RSDT 0x000000007FFE2304 000038 (v01 BOCHS  BXPC     00000001 BXPC 00000001)
[    0.004670] ACPI: FACP 0x000000007FFE20FC 0000F4 (v03 BOCHS  BXPC     00000001 BXPC 00000001)
[    0.004674] ACPI: DSDT 0x000000007FFE0040 0020BC (v01 BOCHS  BXPC     00000001 BXPC 00000001)
[    0.004676] ACPI: FACS 0x000000007FFE0000 000040
[    0.004679] ACPI: APIC 0x000000007FFE21F0 000078 (v03 BOCHS  BXPC     00000001 BXPC 00000001)
[    0.004681] ACPI: HPET 0x000000007FFE2268 000038 (v01 BOCHS  BXPC     00000001 BXPC 00000001)
[    0.004683] ACPI: MCFG 0x000000007FFE22A0 00003C (v01 BOCHS  BXPC     00000001 BXPC 00000001)
[    0.004685] ACPI: WAET 0x000000007FFE22DC 000028 (v01 BOCHS  BXPC     00000001 BXPC 00000001)
[    0.004687] ACPI: Reserving FACP table memory at [mem 0x7ffe20fc-0x7ffe21ef]
[    0.004688] ACPI: Reserving DSDT table memory at [mem 0x7ffe0040-0x7ffe20fb]
[    0.004689] ACPI: Reserving FACS table memory at [mem 0x7ffe0000-0x7ffe003f]
[    0.004689] ACPI: Reserving APIC table memory at [mem 0x7ffe21f0-0x7ffe2267]
[    0.004690] ACPI: Reserving HPET table memory at [mem 0x7ffe2268-0x7ffe229f]
[    0.004691] ACPI: Reserving MCFG table memory at [mem 0x7ffe22a0-0x7ffe22db]
[    0.004691] ACPI: Reserving WAET table memory at [mem 0x7ffe22dc-0x7ffe2303]
[    0.004933] No NUMA configuration found
[    0.004934] Faking a node at [mem 0x0000000000000000-0x000000007ffddfff]
[    0.004939] NODE_DATA(0) allocated [mem 0x75dbc000-0x75de6fff]
[    0.005047] Zone ranges:
[    0.005048]   DMA      [mem 0x0000000000001000-0x0000000000ffffff]
[    0.005049]   DMA32    [mem 0x0000000001000000-0x000000007ffddfff]
[    0.005050]   Normal   empty
[    0.005051]   Device   empty
[    0.005052] Movable zone start for each node
[    0.005053] Early memory node ranges
[    0.005054]   node   0: [mem 0x0000000000001000-0x000000000009efff]
[    0.005055]   node   0: [mem 0x0000000000100000-0x000000007ffddfff]
[    0.005056] Initmem setup node 0 [mem 0x0000000000001000-0x000000007ffddfff]
[    0.005248] On node 0, zone DMA: 1 pages in unavailable ranges
[    0.005257] On node 0, zone DMA: 97 pages in unavailable ranges
[    0.010703] On node 0, zone DMA32: 34 pages in unavailable ranges
[    0.010928] ACPI: PM-Timer IO Port: 0x608
[    0.010939] ACPI: LAPIC_NMI (acpi_id[0xff] dfl dfl lint[0x1])
[    0.010968] IOAPIC[0]: apic_id 0, version 17, address 0xfec00000, GSI 0-23
[    0.010970] ACPI: INT_SRC_OVR (bus 0 bus_irq 0 global_irq 2 dfl dfl)
[    0.010971] ACPI: INT_SRC_OVR (bus 0 bus_irq 5 global_irq 5 high level)
[    0.010972] ACPI: INT_SRC_OVR (bus 0 bus_irq 9 global_irq 9 high level)
[    0.010973] ACPI: INT_SRC_OVR (bus 0 bus_irq 10 global_irq 10 high level)
[    0.010974] ACPI: INT_SRC_OVR (bus 0 bus_irq 11 global_irq 11 high level)
[    0.010981] ACPI: Using ACPI (MADT) for SMP configuration information
[    0.010982] ACPI: HPET id: 0x8086a201 base: 0xfed00000
[    0.010986] TSC deadline timer available
[    0.010986] smpboot: Allowing 1 CPUs, 0 hotplug CPUs
[    0.011002] kvm-guest: APIC: eoi() replaced with kvm_guest_apic_eoi_write()
[    0.011039] PM: hibernation: Registered nosave memory: [mem 0x00000000-0x00000fff]
[    0.011040] PM: hibernation: Registered nosave memory: [mem 0x0009f000-0x000fffff]
[    0.011045] [mem 0xc0000000-0xfed1bfff] available for PCI devices
[    0.011046] Booting paravirtualized kernel on KVM
[    0.011048] clocksource: refined-jiffies: mask: 0xffffffff max_cycles: 0xffffffff, max_idle_ns: 1910969940391419 ns
[    0.011054] setup_percpu: NR_CPUS:8192 nr_cpumask_bits:1 nr_cpu_ids:1 nr_node_ids:1
[    0.011334] percpu: Embedded 86 pages/cpu s229376 r8192 d114688 u2097152
[    0.011365] kvm-guest: PV spinlocks disabled, single CPU
[    0.011366] Kernel command line: console=ttyS0 panic=-1 no_console_suspend rdinit=/init display_probe=1 phase3_client=weston-simple-shm phase3_runtime_seconds=35 phase3_suspend_delay_seconds=10 phase3_wake_seconds=5 phase3_pm_test=devices
[    0.011443] Unknown kernel command line parameters "display_probe=1 phase3_client=weston-simple-shm phase3_runtime_seconds=35 phase3_suspend_delay_seconds=10 phase3_wake_seconds=5 phase3_pm_test=devices", will be passed to user space.
[    0.011485] random: crng init done
[    0.011731] Dentry cache hash table entries: 262144 (order: 9, 2097152 bytes, linear)
[    0.011791] Inode-cache hash table entries: 131072 (order: 8, 1048576 bytes, linear)
[    0.011820] Fallback order for Node 0: 0 
[    0.011822] Built 1 zonelists, mobility grouping on.  Total pages: 515806
[    0.011823] Policy zone: DMA32
[    0.011827] mem auto-init: stack:all(zero), heap alloc:on, heap free:off
[    0.015566] Memory: 1840204K/2096624K available (22528K kernel code, 4439K rwdata, 14400K rodata, 4920K init, 4788K bss, 256160K reserved, 0K cma-reserved)
[    0.016214] SLUB: HWalign=64, Order=0-3, MinObjects=0, CPUs=1, Nodes=1
[    0.016235] ftrace: allocating 58250 entries in 228 pages
[    0.024029] ftrace: allocated 228 pages with 4 groups
[    0.024752] Dynamic Preempt: voluntary
[    0.024988] rcu: Preemptible hierarchical RCU implementation.
[    0.024990] rcu: 	RCU restricting CPUs from NR_CPUS=8192 to nr_cpu_ids=1.
[    0.024991] 	Trampoline variant of Tasks RCU enabled.
[    0.024991] 	Rude variant of Tasks RCU enabled.
[    0.024992] 	Tracing variant of Tasks RCU enabled.
[    0.024992] rcu: RCU calculated value of scheduler-enlistment delay is 100 jiffies.
[    0.024993] rcu: Adjusting geometry for rcu_fanout_leaf=16, nr_cpu_ids=1
[    0.024999] RCU Tasks: Setting shift to 0 and lim to 1 rcu_task_cb_adjust=1 rcu_task_cpu_ids=1.
[    0.025001] RCU Tasks Rude: Setting shift to 0 and lim to 1 rcu_task_cb_adjust=1 rcu_task_cpu_ids=1.
[    0.025002] RCU Tasks Trace: Setting shift to 0 and lim to 1 rcu_task_cb_adjust=1 rcu_task_cpu_ids=1.
[    0.027526] NR_IRQS: 524544, nr_irqs: 256, preallocated irqs: 16
[    0.027727] rcu: srcu_init: Setting srcu_struct sizes based on contention.
[    0.034368] Console: colour VGA+ 80x25
[    0.034403] printk: legacy console [ttyS0] enabled
[    0.088315] ACPI: Core revision 20230628
[    0.088670] clocksource: hpet: mask: 0xffffffff max_cycles: 0xffffffff, max_idle_ns: 19112604467 ns
[    0.089341] APIC: Switch to symmetric I/O mode setup
[    0.089884] x2apic enabled
[    0.090314] APIC: Switched APIC routing to: physical x2apic
[    0.091604] ..TIMER: vector=0x30 apic1=0 pin1=2 apic2=-1 pin2=-1
[    0.092136] clocksource: tsc-early: mask: 0xffffffffffffffff max_cycles: 0x28680fa287f, max_idle_ns: 440795281151 ns
[    0.093052] Calibrating delay loop (skipped) preset value.. 5606.40 BogoMIPS (lpj=2803200)
[    0.094175] x86/cpu: User Mode Instruction Prevention (UMIP) activated
[    0.095066] Last level iTLB entries: 4KB 0, 2MB 0, 4MB 0
[    0.095452] Last level dTLB entries: 4KB 0, 2MB 0, 4MB 0, 1GB 0
[    0.095890] Spectre V1 : Mitigation: usercopy/swapgs barriers and __user pointer sanitization
[    0.096052] Spectre V2 : Spectre BHI mitigation: SW BHB clearing on vm exit
[    0.096496] Spectre V2 : Spectre BHI mitigation: SW BHB clearing on syscall
[    0.097049] Spectre V2 : Mitigation: Enhanced / Automatic IBRS
[    0.097479] Spectre V2 : Spectre v2 / PBRSB-eIBRS: Retire a single CALL on VMEXIT
[    0.098051] Spectre V2 : mitigation: Enabling conditional Indirect Branch Prediction Barrier
[    0.098618] Speculative Store Bypass: Mitigation: Speculative Store Bypass disabled via prctl
[    0.099053] ITS: WARNING: ITS mitigation depends on retpoline and rethunk support
[    0.100050] ITS: Vulnerable
[    0.100261] x86/fpu: Supporting XSAVE feature 0x001: 'x87 floating point registers'
[    0.100808] x86/fpu: Supporting XSAVE feature 0x002: 'SSE registers'
[    0.101050] x86/fpu: Supporting XSAVE feature 0x004: 'AVX registers'
[    0.101493] x86/fpu: Supporting XSAVE feature 0x020: 'AVX-512 opmask'
[    0.102049] x86/fpu: Supporting XSAVE feature 0x040: 'AVX-512 Hi256'
[    0.102482] x86/fpu: Supporting XSAVE feature 0x080: 'AVX-512 ZMM_Hi256'
[    0.103049] x86/fpu: Supporting XSAVE feature 0x200: 'Protection Keys User registers'
[    0.103593] x86/fpu: xstate_offset[2]:  576, xstate_sizes[2]:  256
[    0.104050] x86/fpu: xstate_offset[5]:  832, xstate_sizes[5]:   64
[    0.104470] x86/fpu: xstate_offset[6]:  896, xstate_sizes[6]:  512
[    0.104900] x86/fpu: xstate_offset[7]: 1408, xstate_sizes[7]: 1024
[    0.105049] x86/fpu: xstate_offset[9]: 2432, xstate_sizes[9]:    8
[    0.105496] x86/fpu: Enabled xstate features 0x2e7, context size is 2440 bytes, using 'compacted' format.
[    0.130487] Freeing SMP alternatives memory: 48K
[    0.130841] pid_max: default: 32768 minimum: 301
[    0.131092] LSM: initializing lsm=lockdown,capability,landlock,yama,apparmor,integrity
[    0.131583] landlock: Up and running.
[    0.131844] Yama: becoming mindful.
[    0.132070] AppArmor: AppArmor initialized
[    0.132393] Mount-cache hash table entries: 4096 (order: 3, 32768 bytes, linear)
[    0.132909] Mountpoint-cache hash table entries: 4096 (order: 3, 32768 bytes, linear)
[    0.133281] smpboot: CPU0: 11th Gen Intel(R) Core(TM) i7-1165G7 @ 2.80GHz (family: 0x6, model: 0x8c, stepping: 0x1)
[    0.134049] Performance Events: Icelake events, full-width counters, Intel PMU driver.
[    0.134055] ... version:                2
[    0.134329] ... bit width:              48
[    0.134630] ... generic registers:      8
[    0.134907] ... value mask:             0000ffffffffffff
[    0.135051] ... max period:             00007fffffffffff
[    0.135455] ... fixed-purpose events:   3
[    0.135751] ... event mask:             00000007000000ff
[    0.136135] signal: max sigframe size: 3632
[    0.136654] rcu: Hierarchical SRCU implementation.
[    0.136990] rcu: 	Max phase no-delay instances is 400.
[    0.137274] smp: Bringing up secondary CPUs ...
[    0.137599] smp: Brought up 1 node, 1 CPU
[    0.137888] smpboot: Max logical packages: 1
[    0.138054] smpboot: Total of 1 processors activated (5606.40 BogoMIPS)
[    0.138624] devtmpfs: initialized
[    0.138886] x86/mm: Memory block size: 128MB
[    0.139305] clocksource: jiffies: mask: 0xffffffff max_cycles: 0xffffffff, max_idle_ns: 1911260446275000 ns
[    0.139969] futex hash table entries: 256 (order: 2, 16384 bytes, linear)
[    0.140112] pinctrl core: initialized pinctrl subsystem
[    0.140576] PM: RTC time: 03:16:20, date: 2026-03-08
[    0.141578] NET: Registered PF_NETLINK/PF_ROUTE protocol family
[    0.142121] DMA: preallocated 256 KiB GFP_KERNEL pool for atomic allocations
[    0.142609] DMA: preallocated 256 KiB GFP_KERNEL|GFP_DMA pool for atomic allocations
[    0.143065] DMA: preallocated 256 KiB GFP_KERNEL|GFP_DMA32 pool for atomic allocations
[    0.143584] audit: initializing netlink subsys (disabled)
[    0.144007] thermal_sys: Registered thermal governor 'fair_share'
[    0.144008] thermal_sys: Registered thermal governor 'bang_bang'
[    0.144051] thermal_sys: Registered thermal governor 'step_wise'
[    0.144410] thermal_sys: Registered thermal governor 'user_space'
[    0.144766] thermal_sys: Registered thermal governor 'power_allocator'
[    0.145051] audit: type=2000 audit(1772939780.763:1): state=initialized audit_enabled=0 res=1
[    0.145989] cpuidle: using governor ladder
[    0.146052] cpuidle: using governor menu
[    0.146349] acpiphp: ACPI Hot Plug PCI Controller Driver version: 0.5
[    0.146825] PCI: ECAM [mem 0xb0000000-0xbfffffff] (base 0xb0000000) for domain 0000 [bus 00-ff]
[    0.147052] PCI: ECAM [mem 0xb0000000-0xbfffffff] reserved as E820 entry
[    0.147460] PCI: Using configuration type 1 for base access
[    0.147869] kprobes: kprobe jump-optimization is enabled. All kprobes are optimized if possible.
[    0.176230] HugeTLB: registered 1.00 GiB page size, pre-allocated 0 pages
[    0.176660] HugeTLB: 16380 KiB vmemmap can be freed for a 1.00 GiB page
[    0.177051] HugeTLB: registered 2.00 MiB page size, pre-allocated 0 pages
[    0.177464] HugeTLB: 28 KiB vmemmap can be freed for a 2.00 MiB page
[    0.178086] ACPI: Added _OSI(Module Device)
[    0.178349] ACPI: Added _OSI(Processor Device)
[    0.178617] ACPI: Added _OSI(Processor Aggregator Device)
[    0.179775] ACPI: 1 ACPI AML tables successfully acquired and loaded
[    0.180713] ACPI: _OSC evaluation for CPUs failed, trying _PDC
[    0.181125] ACPI: Interpreter enabled
[    0.181359] ACPI: PM: (supports S0 S3 S4 S5)
[    0.181621] ACPI: Using IOAPIC for interrupt routing
[    0.182040] PCI: Using host bridge windows from ACPI; if necessary, use "pci=nocrs" and report a bug
[    0.182051] PCI: Using E820 reservations for host bridge windows
[    0.182522] ACPI: Enabled 2 GPEs in block 00 to 3F
[    0.184120] ACPI: PCI Root Bridge [PCI0] (domain 0000 [bus 00-ff])
[    0.184513] acpi PNP0A08:00: _OSC: OS supports [ExtendedConfig ASPM ClockPM Segments MSI EDR HPX-Type3]
[    0.185081] acpi PNP0A08:00: _OSC: platform does not support [PCIeHotplug LTR DPC]
[    0.185569] acpi PNP0A08:00: _OSC: OS now controls [SHPCHotplug PME AER PCIeCapability]
[    0.186142] PCI host bridge to bus 0000:00
[    0.186389] pci_bus 0000:00: root bus resource [io  0x0000-0x0cf7 window]
[    0.186792] pci_bus 0000:00: root bus resource [io  0x0d00-0xffff window]
[    0.187051] pci_bus 0000:00: root bus resource [mem 0x000a0000-0x000bffff window]
[    0.187558] pci_bus 0000:00: root bus resource [mem 0x80000000-0xafffffff window]
[    0.188027] pci_bus 0000:00: root bus resource [mem 0xc0000000-0xfebfffff window]
[    0.188050] pci_bus 0000:00: root bus resource [mem 0x100000000-0x8ffffffff window]
[    0.188540] pci_bus 0000:00: root bus resource [bus 00-ff]
[    0.188905] pci 0000:00:00.0: [8086:29c0] type 00 class 0x060000 conventional PCI endpoint
[    0.189386] pci 0000:00:01.0: [1af4:1000] type 00 class 0x020000 conventional PCI endpoint
[    0.190477] pci 0000:00:01.0: BAR 0 [io  0xc040-0xc05f]
[    0.190896] pci 0000:00:01.0: BAR 4 [mem 0xfe800000-0xfe803fff 64bit pref]
[    0.191056] pci 0000:00:01.0: ROM [mem 0xfeb00000-0xfeb7ffff pref]
[    0.191820] pci 0000:00:02.0: [1af4:1050] type 00 class 0x030000 conventional PCI endpoint
[    0.193062] pci 0000:00:02.0: BAR 0 [mem 0xfe000000-0xfe7fffff pref]
[    0.193519] pci 0000:00:02.0: BAR 2 [mem 0xfe804000-0xfe807fff 64bit pref]
[    0.193999] pci 0000:00:02.0: BAR 4 [mem 0xfeb94000-0xfeb94fff]
[    0.194059] pci 0000:00:02.0: ROM [mem 0xfeb80000-0xfeb8ffff pref]
[    0.194523] pci 0000:00:02.0: Video device with shadowed ROM at [mem 0x000c0000-0x000dffff]
[    0.195415] pci 0000:00:03.0: [1b36:000d] type 00 class 0x0c0330 PCIe Root Complex Integrated Endpoint
[    0.196497] pci 0000:00:03.0: BAR 0 [mem 0xfeb90000-0xfeb93fff 64bit]
[    0.203737] pci 0000:00:1f.0: [8086:2918] type 00 class 0x060100 conventional PCI endpoint
[    0.204245] pci 0000:00:1f.0: quirk: [io  0x0600-0x067f] claimed by ICH6 ACPI/GPIO/TCO
[    0.204858] pci 0000:00:1f.2: [8086:2922] type 00 class 0x010601 conventional PCI endpoint
[    0.205554] pci 0000:00:1f.2: BAR 4 [io  0xc060-0xc07f]
[    0.205919] pci 0000:00:1f.2: BAR 5 [mem 0xfeb95000-0xfeb95fff]
[    0.206261] pci 0000:00:1f.3: [8086:2930] type 00 class 0x0c0500 conventional PCI endpoint
[    0.207070] pci 0000:00:1f.3: BAR 4 [io  0x0700-0x073f]
[    0.207626] ACPI: PCI: Interrupt link LNKA configured for IRQ 10
[    0.208030] ACPI: PCI: Interrupt link LNKB configured for IRQ 10
[    0.208098] ACPI: PCI: Interrupt link LNKC configured for IRQ 11
[    0.208554] ACPI: PCI: Interrupt link LNKD configured for IRQ 11
[    0.209035] ACPI: PCI: Interrupt link LNKE configured for IRQ 10
[    0.209097] ACPI: PCI: Interrupt link LNKF configured for IRQ 10
[    0.209595] ACPI: PCI: Interrupt link LNKG configured for IRQ 11
[    0.209993] ACPI: PCI: Interrupt link LNKH configured for IRQ 11
[    0.210069] ACPI: PCI: Interrupt link GSIA configured for IRQ 16
[    0.210490] ACPI: PCI: Interrupt link GSIB configured for IRQ 17
[    0.210901] ACPI: PCI: Interrupt link GSIC configured for IRQ 18
[    0.211055] ACPI: PCI: Interrupt link GSID configured for IRQ 19
[    0.211417] ACPI: PCI: Interrupt link GSIE configured for IRQ 20
[    0.211779] ACPI: PCI: Interrupt link GSIF configured for IRQ 21
[    0.212055] ACPI: PCI: Interrupt link GSIG configured for IRQ 22
[    0.212418] ACPI: PCI: Interrupt link GSIH configured for IRQ 23
[    0.212996] iommu: Default domain type: Translated
[    0.213050] iommu: DMA domain TLB invalidation policy: lazy mode
[    0.213507] SCSI subsystem initialized
[    0.213818] ACPI: bus type USB registered
[    0.214059] usbcore: registered new interface driver usbfs
[    0.214451] usbcore: registered new interface driver hub
[    0.214831] usbcore: registered new device driver usb
[    0.215066] pps_core: LinuxPPS API ver. 1 registered
[    0.215423] pps_core: Software ver. 5.3.6 - Copyright 2005-2007 Rodolfo Giometti <giometti@linux.it>
[    0.216051] PTP clock support registered
[    0.216379] EDAC MC: Ver: 3.0.0
[    0.216829] NetLabel: Initializing
[    0.217040] NetLabel:  domain hash size = 128
[    0.217051] NetLabel:  protocols = UNLABELED CIPSOv4 CALIPSO
[    0.217449] NetLabel:  unlabeled traffic allowed by default
[    0.217863] mctp: management component transport protocol core
[    0.218051] NET: Registered PF_MCTP protocol family
[    0.218431] PCI: Using ACPI for IRQ routing
[    0.311630] pci 0000:00:02.0: vgaarb: setting as boot VGA device
[    0.312039] pci 0000:00:02.0: vgaarb: bridge control possible
[    0.312049] pci 0000:00:02.0: vgaarb: VGA device added: decodes=io+mem,owns=io+mem,locks=none
[    0.312051] vgaarb: loaded
[    0.312357] hpet0: at MMIO 0xfed00000, IRQs 2, 8, 0
[    0.312704] hpet0: 3 comparators, 64-bit 100.000000 MHz counter
[    0.317081] clocksource: Switched to clocksource kvm-clock
[    0.317897] VFS: Disk quotas dquot_6.6.0
[    0.318181] VFS: Dquot-cache hash table entries: 512 (order 0, 4096 bytes)
[    0.318740] AppArmor: AppArmor Filesystem Enabled
[    0.319082] pnp: PnP ACPI init
[    0.319410] system 00:05: [mem 0xb0000000-0xbfffffff window] has been reserved
[    0.320071] pnp: PnP ACPI: found 6 devices
[    0.325511] clocksource: acpi_pm: mask: 0xffffff max_cycles: 0xffffff, max_idle_ns: 2085701024 ns
[    0.326193] NET: Registered PF_INET protocol family
[    0.326761] IP idents hash table entries: 32768 (order: 6, 262144 bytes, linear)
[    0.336947] tcp_listen_portaddr_hash hash table entries: 1024 (order: 2, 16384 bytes, linear)
[    0.337597] Table-perturb hash table entries: 65536 (order: 6, 262144 bytes, linear)
[    0.338146] TCP established hash table entries: 16384 (order: 5, 131072 bytes, linear)
[    0.338731] TCP bind hash table entries: 16384 (order: 7, 524288 bytes, linear)
[    0.339264] TCP: Hash tables configured (established 16384 bind 16384)
[    0.339708] MPTCP token hash table entries: 2048 (order: 3, 49152 bytes, linear)
[    0.340232] UDP hash table entries: 1024 (order: 3, 32768 bytes, linear)
[    0.340699] UDP-Lite hash table entries: 1024 (order: 3, 32768 bytes, linear)
[    0.341216] NET: Registered PF_UNIX/PF_LOCAL protocol family
[    0.341626] NET: Registered PF_XDP protocol family
[    0.341963] pci_bus 0000:00: resource 4 [io  0x0000-0x0cf7 window]
[    0.342388] pci_bus 0000:00: resource 5 [io  0x0d00-0xffff window]
[    0.342814] pci_bus 0000:00: resource 6 [mem 0x000a0000-0x000bffff window]
[    0.343306] pci_bus 0000:00: resource 7 [mem 0x80000000-0xafffffff window]
[    0.343788] pci_bus 0000:00: resource 8 [mem 0xc0000000-0xfebfffff window]
[    0.344231] pci_bus 0000:00: resource 9 [mem 0x100000000-0x8ffffffff window]
[    0.344939] ACPI: \_SB_.GSIH: Enabled at IRQ 23
[    0.345724] PCI: CLS 0 bytes, default 64
[    0.346069] Trying to unpack rootfs image as initramfs...
[    0.347379] clocksource: tsc: mask: 0xffffffffffffffff max_cycles: 0x28680fa287f, max_idle_ns: 440795281151 ns
[    0.349556] Initialise system trusted keyrings
[    0.349859] Key type blacklist registered
[    0.350140] workingset: timestamp_bits=36 max_order=19 bucket_order=0
[    0.351390] zbud: loaded
[    0.351761] squashfs: version 4.0 (2009/01/31) Phillip Lougher
[    0.353387] fuse: init (API version 7.39)
[    0.353768] integrity: Platform Keyring initialized
[    0.354106] integrity: Machine keyring initialized
[    0.367361] Key type asymmetric registered
[    0.367655] Asymmetric key parser 'x509' registered
[    0.367986] Block layer SCSI generic (bsg) driver version 0.4 loaded (major 243)
[    0.369437] io scheduler mq-deadline registered
[    0.370432] shpchp: Standard Hot Plug PCI Controller Driver version: 0.4
[    0.370994] input: Power Button as /devices/LNXSYSTM:00/LNXPWRBN:00/input/input0
[    0.373461] ACPI: button: Power Button [PWRF]
[    0.374025] ACPI: \_SB_.GSIF: Enabled at IRQ 21
[    0.375911] ACPI: \_SB_.GSIG: Enabled at IRQ 22
[    0.377962] Serial: 8250/16550 driver, 32 ports, IRQ sharing enabled
[    0.423488] 00:03: ttyS0 at I/O 0x3f8 (irq = 4, base_baud = 115200) is a 16550A
[    0.426273] Linux agpgart interface v0.103
[    0.428714] loop: module loaded
[    0.429476] ACPI: bus type drm_connector registered
[    0.429936] tun: Universal TUN/TAP device driver, 1.6
[    0.432464] PPP generic driver version 2.4.2
[    0.433463] i8042: PNP: PS/2 Controller [PNP0303:KBD,PNP0f13:MOU] at 0x60,0x64 irq 1,12
[    0.435486] serio: i8042 KBD port at 0x60,0x64 irq 1
[    0.435808] serio: i8042 AUX port at 0x60,0x64 irq 12
[    0.436486] mousedev: PS/2 mouse device common for all mice
[    0.437448] input: AT Translated Set 2 keyboard as /devices/platform/i8042/serio0/input/input1
[    0.438102] rtc_cmos 00:04: RTC can wake from S4
[    0.439756] rtc_cmos 00:04: registered as rtc0
[    0.440071] rtc_cmos 00:04: setting system clock to 2026-03-08T03:16:20 UTC (1772939780)
[    0.441495] rtc_cmos 00:04: alarms up to one day, y3k, 242 bytes nvram, hpet irqs
[    0.442033] i2c_dev: i2c /dev entries driver
[    0.443451] device-mapper: core: CONFIG_IMA_DISABLE_HTABLE is disabled. Duplicate IMA measurements will not be recorded in the IMA log.
[    0.444250] device-mapper: uevent: version 1.0.3
[    0.445431] device-mapper: ioctl: 4.48.0-ioctl (2023-03-01) initialised: dm-devel@redhat.com
[    0.445974] intel_pstate: CPU model not supported
[    0.447353] ledtrig-cpu: registered to indicate activity on CPUs
[    0.447871] drop_monitor: Initializing network drop monitor service
[    0.449455] NET: Registered PF_INET6 protocol family
[    1.832735] Freeing initrd memory: 165796K
[    1.833170] Segment Routing with IPv6
[    1.833418] In-situ OAM (IOAM) with IPv6
[    1.833687] NET: Registered PF_PACKET protocol family
[    1.834016] Key type dns_resolver registered
[    1.834423] IPI shorthand broadcast: enabled
[    1.835509] sched_clock: Marking stable (1773001445, 62316439)->(1846730965, -11413081)
[    1.836056] registered taskstats version 1
[    1.836425] Loading compiled-in X.509 certificates
[    1.837082] Loaded X.509 cert 'Build time autogenerated kernel key: 7f71bdefc17a4d88631555bf9efbb1c93d6f5260'
[    1.838183] Loaded X.509 cert 'Canonical Ltd. Live Patch Signing 2025 Kmod: d541cef61dc7e793b7eb7e899970a2eef0b5dc8c'
[    1.839298] Loaded X.509 cert 'Canonical Ltd. Live Patch Signing: 14df34d1a87cf37625abec039ef2bf521249b969'
[    1.840351] Loaded X.509 cert 'Canonical Ltd. Kernel Module Signing: 88f752e560a1e0737e31163a466ad7b70a850c19'
[    1.841062] blacklist: Loading compiled-in revocation X.509 certificates
[    1.841492] Loaded X.509 cert 'Canonical Ltd. Secure Boot Signing: 61482aa2830d0ab2ad5af10b7250da9033ddcef0'
[    1.842163] Loaded X.509 cert 'Canonical Ltd. Secure Boot Signing (2017): 242ade75ac4a15e50d50c84b0d45ff3eae707a03'
[    1.842877] Loaded X.509 cert 'Canonical Ltd. Secure Boot Signing (ESM 2018): 365188c1d374d6b07c3c8f240f8ef722433d6a8b'
[    1.843535] Loaded X.509 cert 'Canonical Ltd. Secure Boot Signing (2019): c0746fd6c5da3ae827864651ad66ae47fe24b3e8'
[    1.844189] Loaded X.509 cert 'Canonical Ltd. Secure Boot Signing (2021 v1): a8d54bbb3825cfb94fa13c9f8a594a195c107b8d'
[    1.844850] Loaded X.509 cert 'Canonical Ltd. Secure Boot Signing (2021 v2): 4cf046892d6fd3c9a5b03f98d845f90851dc6a8c'
[    1.845639] Loaded X.509 cert 'Canonical Ltd. Secure Boot Signing (2021 v3): 100437bb6de6e469b581e61cd66bce3ef4ed53af'
[    1.846431] Loaded X.509 cert 'Canonical Ltd. Secure Boot Signing (Ubuntu Core 2019): c1d57b8f6b743f23ee41f4f7ee292f06eecadfb9'
[    1.849290] Key type .fscrypt registered
[    1.849582] Key type fscrypt-provisioning registered
[    1.850106] Key type encrypted registered
[    1.850403] AppArmor: AppArmor sha256 policy hashing enabled
[    1.850808] ima: No TPM chip found, activating TPM-bypass!
[    1.851190] Loading compiled-in module X.509 certificates
[    1.851935] Loaded X.509 cert 'Build time autogenerated kernel key: 7f71bdefc17a4d88631555bf9efbb1c93d6f5260'
[    1.852599] ima: Allocated hash algorithm: sha256
[    1.852939] ima: No architecture policies found
[    1.853221] evm: Initialising EVM extended attributes:
[    1.853568] evm: security.selinux
[    1.853812] evm: security.SMACK64
[    1.854045] evm: security.SMACK64EXEC
[    1.854277] evm: security.SMACK64TRANSMUTE
[    1.854527] evm: security.SMACK64MMAP
[    1.854761] evm: security.apparmor
[    1.854968] evm: security.ima
[    1.855149] evm: security.capability
[    1.855371] evm: HMAC attrs: 0x1
[    1.855732] PM:   Magic number: 2:616:259
[    1.858077] RAS: Correctable Errors collector initialized.
[    1.858478] clk: Disabling unused clocks
[    1.864559] Freeing unused decrypted memory: 2028K
[    1.865151] Freeing unused kernel image (initmem) memory: 4920K
[    1.865406] Write protecting the kernel read-only data: 38912k
[    1.865982] Freeing unused kernel image (rodata/data gap) memory: 1984K
[    1.874470] x86/mm: Checked W+X mappings: passed, no W+X pages found.
[    1.874849] Run /init as init process
[init-phase3] booted
[init-phase3] loading module=/lib/modules/6.8.0-101-generic/kernel/drivers/virtio/virtio_dma_buf.ko
[init-phase3] loading module=/lib/modules/6.8.0-101-generic/kernel/drivers/gpu/drm/virtio/virtio-gpu.ko
[    1.881762] [drm] pci: virtio-vga detected at 0000:00:02.0
[    1.882062] virtio-pci 0000:00:02.0: vgaarb: deactivate vga console
[    1.886819] Console: switching to colour dummy device 80x25
[    1.887207] [drm] features: -virgl +edid -resource_blob -host_visible
[    1.887208] [drm] features: -context_init
[    1.888066] [drm] number of scanouts: 1
[    1.888246] [drm] number of cap sets: 0
[    1.888710] [drm] Initialized virtio_gpu 0.1.0 0 for 0000:00:02.0 on minor 0
[    1.890543] fbcon: virtio_gpudrmfb (fb0) is primary device
[    1.892869] Console: switching to colour frame buffer device 160x50
[    1.894338] virtio-pci 0000:00:02.0: [drm] fb0: virtio_gpudrmfb frame buffer device
[init-phase3] loading module=/lib/modules/6.8.0-101-generic/kernel/drivers/hid/hid.ko
[    1.899385] hid: raw HID events driver (C) Jiri Kosina
[init-phase3] loading module=/lib/modules/6.8.0-101-generic/kernel/drivers/hid/hid-generic.ko
[init-phase3] loading module=/lib/modules/6.8.0-101-generic/kernel/drivers/hid/usbhid/usbhid.ko
[    1.902158] usbcore: registered new interface driver usbhid
[    1.902457] usbhid: USB HID core driver
[init-phase3] loading module=/lib/modules/6.8.0-101-generic/kernel/drivers/hid/usbhid/usbkbd.ko
[    1.903947] usbcore: registered new interface driver usbkbd
[init-phase3] loading module=/lib/modules/6.8.0-101-generic/kernel/drivers/hid/usbhid/usbmouse.ko
[    1.905290] usbcore: registered new interface driver usbmouse
[init-phase3] loading module=/lib/modules/6.8.0-101-generic/kernel/drivers/input/mouse/psmouse.ko
[    1.908440] input: VirtualPS/2 VMware VMMouse as /devices/platform/i8042/serio1/input/input4
[    1.908966] input: VirtualPS/2 VMware VMMouse as /devices/platform/i8042/serio1/input/input3
[init-phase3] loading module=/lib/modules/6.8.0-101-generic/kernel/drivers/usb/host/xhci-pci-renesas.ko
[init-phase3] loading module=/lib/modules/6.8.0-101-generic/kernel/drivers/usb/host/xhci-pci.ko
[    1.912133] xhci_hcd 0000:00:03.0: xHCI Host Controller
[    1.912411] xhci_hcd 0000:00:03.0: new USB bus registered, assigned bus number 1
[    1.913015] xhci_hcd 0000:00:03.0: hcc params 0x00087001 hci version 0x100 quirks 0x0000000000000010
[    1.913869] xhci_hcd 0000:00:03.0: xHCI Host Controller
[    1.914135] xhci_hcd 0000:00:03.0: new USB bus registered, assigned bus number 2
[    1.914498] xhci_hcd 0000:00:03.0: Host supports USB 3.0 SuperSpeed
[    1.914859] usb usb1: New USB device found, idVendor=1d6b, idProduct=0002, bcdDevice= 6.08
[    1.915271] usb usb1: New USB device strings: Mfr=3, Product=2, SerialNumber=1
[    1.915622] usb usb1: Product: xHCI Host Controller
[    1.915865] usb usb1: Manufacturer: Linux 6.8.0-101-generic xhci-hcd
[    1.916164] usb usb1: SerialNumber: 0000:00:03.0
[    1.916473] hub 1-0:1.0: USB hub found
[    1.916673] hub 1-0:1.0: 4 ports detected
[    1.916987] usb usb2: We don't know the algorithms for LPM for this host, disabling LPM.
[    1.917383] usb usb2: New USB device found, idVendor=1d6b, idProduct=0003, bcdDevice= 6.08
[    1.917771] usb usb2: New USB device strings: Mfr=3, Product=2, SerialNumber=1
[    1.918067] usb usb2: Product: xHCI Host Controller
[    1.918270] usb usb2: Manufacturer: Linux 6.8.0-101-generic xhci-hcd
[    1.918534] usb usb2: SerialNumber: 0000:00:03.0
[    1.918779] hub 2-0:1.0: USB hub found
[    1.918958] hub 2-0:1.0: 4 ports detected
Starting systemd-udevd version 255.4-1ubuntu8.8
total 0
drwxr-xr-x    2 root     root            80 Mar  8 03:16 by-path
crw-rw----    1 root     video     226,   0 Mar  8 03:16 card0
crw-rw----    1 root     root      226, 128 Mar  8 03:16 renderD128
total 0
drwxr-xr-x    2 root     root           100 Mar  8 03:16 by-path
crw-rw----    1 root     input      13,  64 Mar  8 03:16 event0
crw-rw----    1 root     input      13,  65 Mar  8 03:16 event1
crw-rw----    1 root     input      13,  66 Mar  8 03:16 event2
crw-rw----    1 root     input      13,  67 Mar  8 03:16 event3
crw-rw----    1 root     input      13,  63 Mar  8 03:16 mice
crw-rw----    1 root     input      13,  32 Mar  8 03:16 mouse0
crw-rw----    1 root     input      13,  33 Mar  8 03:16 mouse1
[init-phase3] seatd pid=121
[init-phase3] weston pid=122
[init-phase3] wayland ready
Date: 2026-03-08 UTC
[03:16:22.019] weston 13.0.0
               https://wayland.freedesktop.org
               Bug reports to: https://gitlab.freedesktop.org/wayland/weston/issues/
               Build: 13.0.0
[03:16:22.019] Command line: /usr/bin/weston --backend=drm --renderer=pixman --shell=kiosk-shell.so --socket=wayland-1 --continue-without-input --log=/var/log/weston.log
[03:16:22.019] OS: Linux, 6.8.0-101-generic, #101-Ubuntu SMP PREEMPT_DYNAMIC Mon Feb  9 10:15:05 UTC 2026, x86_64
[03:16:22.019] Flight recorder: enabled
[03:16:22.020] Using config file '/etc/xdg/weston/weston.ini'
[03:16:22.020] Output repaint window is 7 ms maximum.
[03:16:22.020] Loading module '/usr/lib/x86_64-linux-gnu/libweston-13/drm-backend.so'
[03:16:22.020] initializing drm backend
[03:16:22.020] Trying libseat launcher...
[03:16:22.020] [libseat/libseat.c:62] Seat opened with backend 'seatd'
[03:16:22.020] [libseat/backend/seatd.c:212] Enabling seat
[03:16:22.020] libseat: session control granted
[03:16:22.021] using /dev/dri/card0
[03:16:22.021] DRM: supports atomic modesetting
[03:16:22.021] DRM: does not support GBM modifiers
[03:16:22.021] DRM: does not support async page flipping
[03:16:22.021] DRM: supports picture aspect ratio
[03:16:22.021] Using Pixman renderer
[03:16:22.022] event0  - Power Button: is tagged by udev as: Keyboard
[03:16:22.022] event0  - Power Button: device is a keyboard
[03:16:22.023] event1  - AT Translated Set 2 keyboard: is tagged by udev as: Keyboard
[03:16:22.023] event1  - AT Translated Set 2 keyboard: device is a keyboard
[03:16:22.023] event3  - VirtualPS/2 VMware VMMouse: is tagged by udev as: Mouse
[03:16:22.023] event3  - VirtualPS/2 VMware VMMouse: device is a pointer
[03:16:22.024] event2  - VirtualPS/2 VMware VMMouse: is tagged by udev as: Mouse
[03:16:22.024] event2  - VirtualPS/2 VMware VMMouse: device is a pointer
[03:16:22.026] libinput: configuring device "Power Button".
[03:16:22.026] libinput: configuring device "AT Translated Set 2 keyboard".
[03:16:22.026] libinput: configuring device "VirtualPS/2 VMware VMMouse".
[03:16:22.026] libinput: configuring device "VirtualPS/2 VMware VMMouse".
[03:16:22.026] input device event2 has no enabled output associated (none named), skipping calibration for now.
[03:16:22.026] DRM: head 'Virtual-1' found, connector 36 is connected, EDID make 'RHT', model 'QEMU Monitor', serial ''
               Supported EOTF modes: SDR
[03:16:22.026] Registered plugin API 'weston_drm_output_api_v1' of size 40
[03:16:22.026] Registered plugin API 'weston_drm_virtual_output_api_v2' of size 48
[03:16:22.026] Color manager: no-op
[03:16:22.026] Output 'Virtual-1' attempts EOTF mode: SDR
[03:16:22.026] Output 'Virtual-1' using color profile: stock sRGB color profile
[03:16:22.028] DRM: output Virtual-1 uses shadow framebuffer.
[03:16:22.028] Output Virtual-1 (crtc 35) video modes:
               1280x800@75.0, preferred, current, 107.3 MHz
               5120x2160@50.0 64:27, 742.5 MHz
               4096x2160@50.0 256:135, 594.0 MHz
               3840x2160@60.0 16:9, 594.0 MHz
               3840x2160@59.9 16:9, 593.4 MHz
               3840x2160@50.0 16:9, 594.0 MHz
               1920x1440@60.0, 234.0 MHz
               2560x1080@50.0 64:27, 185.6 MHz
               1856x1392@60.0, 218.2 MHz
               1792x1344@60.0, 204.8 MHz
               2048x1152@60.0, 162.0 MHz
               1920x1200@59.9, 193.2 MHz
               1920x1080@60.0, 148.5 MHz
               1920x1080@50.0 16:9, 148.5 MHz
               1600x1200@60.0, 162.0 MHz
               1680x1050@60.0, 146.2 MHz
               1400x1050@60.0, 121.8 MHz
               1280x1024@60.0, 108.0 MHz
               1440x900@59.9, 106.5 MHz
               1280x960@60.0, 108.0 MHz
               1360x768@60.0, 85.5 MHz
               1280x768@59.9, 79.5 MHz
               1024x768@60.0, 65.0 MHz
               800x600@60.3, 40.0 MHz
               640x480@60.0 4:3, 25.2 MHz
               640x480@59.9, 25.2 MHz
[03:16:22.028] associating input device event0 with output Virtual-1 (none by udev)
[03:16:22.028] associating input device event1 with output Virtual-1 (none by udev)
[03:16:22.028] associating input device event3 with output Virtual-1 (none by udev)
[03:16:22.028] associating input device event2 with output Virtual-1 (none by udev)
[03:16:22.028] Output 'Virtual-1' enabled with head(s) Virtual-1
[03:16:22.028] Compositor capabilities:
               arbitrary surface rotation: yes
               screen capture uses y-flip: no
               cursor planes: yes
               arbitrary resolutions: no
               view mask clipping: yes
               explicit sync: no
               color operations: no
               presentation clock: CLOCK_MONOTONIC, id 1
               presentation clock resolution: 0.000000001 s
[03:16:22.028] Loading module '/usr/lib/x86_64-linux-gnu/weston/kiosk-shell.so'
[init-phase3] launching client=weston-simple-shm url=about:blank runtime=35 suspend_delay=10 wake=5 pm_test=devices no_suspend=
[init-phase3] app pid=126 client=weston-simple-shm
[init-phase3] scheduling suspend args=--delay-seconds 10 --wake-seconds 5 --pm-test devices
[    2.156386] usb 1-1: new high-speed USB device number 2 using xhci_hcd
[    2.284586] usb 1-1: New USB device found, idVendor=0627, idProduct=0001, bcdDevice= 0.00
[    2.285013] usb 1-1: New USB device strings: Mfr=1, Product=4, SerialNumber=11
[    2.285358] usb 1-1: Product: QEMU USB Keyboard
[    2.285575] usb 1-1: Manufacturer: QEMU
[    2.285787] usb 1-1: SerialNumber: 68284-0000:00:03.0-1
[    2.287894] input: QEMU QEMU USB Keyboard as /devices/pci0000:00/0000:00:03.0/usb1/1-1/1-1:1.0/0003:0627:0001.0001/input/input5
[    2.342527] hid-generic 0003:0627:0001.0001: input,hidraw0: USB HID v1.11 Keyboard [QEMU QEMU USB Keyboard] on usb-0000:00:03.0-1/input0
[    2.457909] usb 1-2: new high-speed USB device number 3 using xhci_hcd
[    2.586668] usb 1-2: New USB device found, idVendor=0627, idProduct=0001, bcdDevice= 0.00
[    2.587124] usb 1-2: New USB device strings: Mfr=1, Product=3, SerialNumber=10
[    2.587491] usb 1-2: Product: QEMU USB Tablet
[    2.587730] usb 1-2: Manufacturer: QEMU
[    2.587945] usb 1-2: SerialNumber: 28754-0000:00:03.0-2
[    2.590876] input: QEMU QEMU USB Tablet as /devices/pci0000:00/0000:00:03.0/usb1/1-2/1-2:1.0/0003:0627:0001.0002/input/input6
[    2.592521] hid-generic 0003:0627:0001.0002: input,hidraw1: USB HID v0.01 Mouse [QEMU QEMU USB Tablet] on usb-0000:00:03.0-2/input0
@@LOG kind=state wakealarm_seconds=5
@@LOG kind=state state=SUSPENDING cycle=1
[   12.092403] PM: suspend entry (s2idle)
[   12.092647] Filesystems sync: 0.000 seconds
[   12.096430] Freezing user space processes
[   12.097358] Freezing user space processes completed (elapsed 0.000 seconds)
[   12.097733] OOM killer disabled.
[   12.097914] Freezing remaining freezable tasks
[   12.099201] Freezing remaining freezable tasks completed (elapsed 0.001 seconds)
[   12.205956] PM: suspend debug: Waiting for 5 second(s).
[   17.209332] xhci_hcd 0000:00:03.0: xHC error in resume, USBSTS 0x401, Reinit
[   17.209724] usb usb1: root hub lost power or was reset
[   17.209992] usb usb2: root hub lost power or was reset
[   17.210326] [drm:virtio_gpu_dequeue_ctrl_func [virtio_gpu]] *ERROR* response 0x1203 (command 0x105)
[   17.210813] [drm:virtio_gpu_dequeue_ctrl_func [virtio_gpu]] *ERROR* response 0x1203 (command 0x104)
[   17.480447] usb 1-2: reset high-speed USB device number 3 using xhci_hcd
[   17.720417] usb 1-1: reset high-speed USB device number 2 using xhci_hcd
[   17.846933] OOM killer enabled.
[   17.847141] Restarting tasks ... done.
[   17.848414] random: crng reseeded on system resumption
[   17.851381] PM: suspend exit
@@LOG kind=state state=RESUMED cycle=1 sleep_ms=5761 resume_gap_ms=5761
@@METRIC name=sleep_duration value_ms=5761 cycle=1
@@METRIC name=suspend_resume_gap value_ms=5761 cycle=1
[init-phase3] runtime limit reached, terminating client=weston-simple-shm
Terminated
[init-phase3] client exited client=weston-simple-shm
[   37.093828] ACPI: PM: Preparing to enter system sleep state S5
[   37.094215] reboot: Power down
