[    0.000000] Linux version 6.8.0-101-generic (buildd@lcy02-amd64-051) (x86_64-linux-gnu-gcc-13 (Ubuntu 13.3.0-6ubuntu2~24.04) 13.3.0, GNU ld (GNU Binutils for Ubuntu) 2.42) #101-Ubuntu SMP PREEMPT_DYNAMIC Mon Feb  9 10:15:05 UTC 2026 (Ubuntu 6.8.0-101.101-generic 6.8.12)
[    0.000000] Command line: console=ttyS0 panic=-1 no_console_suspend rdinit=/init phase2_idle_seconds=3 phase2_max_suspend_cycles=1 phase2_wake_seconds=5 phase2_pm_test=devices phase2_runtime_seconds=18
[    0.000000] KERNEL supported cpus:
[    0.000000]   Intel GenuineIntel
[    0.000000]   AMD AuthenticAMD
[    0.000000]   Hygon HygonGenuine
[    0.000000]   Centaur CentaurHauls
[    0.000000]   zhaoxin   Shanghai  
[    0.000000] BIOS-provided physical RAM map:
[    0.000000] BIOS-e820: [mem 0x0000000000000000-0x000000000009fbff] usable
[    0.000000] BIOS-e820: [mem 0x000000000009fc00-0x000000000009ffff] reserved
[    0.000000] BIOS-e820: [mem 0x00000000000f0000-0x00000000000fffff] reserved
[    0.000000] BIOS-e820: [mem 0x0000000000100000-0x000000003ffddfff] usable
[    0.000000] BIOS-e820: [mem 0x000000003ffde000-0x000000003fffffff] reserved
[    0.000000] BIOS-e820: [mem 0x00000000b0000000-0x00000000bfffffff] reserved
[    0.000000] BIOS-e820: [mem 0x00000000fed1c000-0x00000000fed1ffff] reserved
[    0.000000] BIOS-e820: [mem 0x00000000feffc000-0x00000000feffffff] reserved
[    0.000000] BIOS-e820: [mem 0x00000000fffc0000-0x00000000ffffffff] reserved
[    0.000000] NX (Execute Disable) protection: active
[    0.000000] APIC: Static calls initialized
[    0.000000] SMBIOS 3.0.0 present.
[    0.000000] DMI: QEMU Standard PC (Q35 + ICH9, 2009), BIOS 1.16.3-debian-1.16.3-2 04/01/2014
[    0.000000] Hypervisor detected: KVM
[    0.000000] kvm-clock: Using msrs 4b564d01 and 4b564d00
[    0.000000] kvm-clock: using sched offset of 262767268 cycles
[    0.000002] clocksource: kvm-clock: mask: 0xffffffffffffffff max_cycles: 0x1cd42e4dffb, max_idle_ns: 881590591483 ns
[    0.000004] tsc: Detected 2803.200 MHz processor
[    0.000741] last_pfn = 0x3ffde max_arch_pfn = 0x400000000
[    0.000790] MTRR map: 4 entries (3 fixed + 1 variable; max 19), built from 8 variable MTRRs
[    0.000794] x86/PAT: Configuration [0-7]: WB  WC  UC- UC  WB  WP  UC- WT  
[    0.005444] found SMP MP-table at [mem 0x000f5470-0x000f547f]
[    0.005458] Using GB pages for direct mapping
[    0.005551] RAMDISK: [mem 0x3ed23000-0x3ffcffff]
[    0.005561] ACPI: Early table checksum verification disabled
[    0.005564] ACPI: RSDP 0x00000000000F52B0 000014 (v00 BOCHS )
[    0.005568] ACPI: RSDT 0x000000003FFE2304 000038 (v01 BOCHS  BXPC     00000001 BXPC 00000001)
[    0.005573] ACPI: FACP 0x000000003FFE20FC 0000F4 (v03 BOCHS  BXPC     00000001 BXPC 00000001)
[    0.005577] ACPI: DSDT 0x000000003FFE0040 0020BC (v01 BOCHS  BXPC     00000001 BXPC 00000001)
[    0.005580] ACPI: FACS 0x000000003FFE0000 000040
[    0.005582] ACPI: APIC 0x000000003FFE21F0 000078 (v03 BOCHS  BXPC     00000001 BXPC 00000001)
[    0.005584] ACPI: HPET 0x000000003FFE2268 000038 (v01 BOCHS  BXPC     00000001 BXPC 00000001)
[    0.005586] ACPI: MCFG 0x000000003FFE22A0 00003C (v01 BOCHS  BXPC     00000001 BXPC 00000001)
[    0.005593] ACPI: WAET 0x000000003FFE22DC 000028 (v01 BOCHS  BXPC     00000001 BXPC 00000001)
[    0.005595] ACPI: Reserving FACP table memory at [mem 0x3ffe20fc-0x3ffe21ef]
[    0.005596] ACPI: Reserving DSDT table memory at [mem 0x3ffe0040-0x3ffe20fb]
[    0.005597] ACPI: Reserving FACS table memory at [mem 0x3ffe0000-0x3ffe003f]
[    0.005597] ACPI: Reserving APIC table memory at [mem 0x3ffe21f0-0x3ffe2267]
[    0.005598] ACPI: Reserving HPET table memory at [mem 0x3ffe2268-0x3ffe229f]
[    0.005599] ACPI: Reserving MCFG table memory at [mem 0x3ffe22a0-0x3ffe22db]
[    0.005599] ACPI: Reserving WAET table memory at [mem 0x3ffe22dc-0x3ffe2303]
[    0.005835] No NUMA configuration found
[    0.005836] Faking a node at [mem 0x0000000000000000-0x000000003ffddfff]
[    0.005841] NODE_DATA(0) allocated [mem 0x3ecf8000-0x3ed22fff]
[    0.005945] Zone ranges:
[    0.005946]   DMA      [mem 0x0000000000001000-0x0000000000ffffff]
[    0.005947]   DMA32    [mem 0x0000000001000000-0x000000003ffddfff]
[    0.005949]   Normal   empty
[    0.005950]   Device   empty
[    0.005950] Movable zone start for each node
[    0.005951] Early memory node ranges
[    0.005952]   node   0: [mem 0x0000000000001000-0x000000000009efff]
[    0.005953]   node   0: [mem 0x0000000000100000-0x000000003ffddfff]
[    0.005954] Initmem setup node 0 [mem 0x0000000000001000-0x000000003ffddfff]
[    0.006147] On node 0, zone DMA: 1 pages in unavailable ranges
[    0.006156] On node 0, zone DMA: 97 pages in unavailable ranges
[    0.008220] On node 0, zone DMA32: 34 pages in unavailable ranges
[    0.008475] ACPI: PM-Timer IO Port: 0x608
[    0.008487] ACPI: LAPIC_NMI (acpi_id[0xff] dfl dfl lint[0x1])
[    0.008518] IOAPIC[0]: apic_id 0, version 17, address 0xfec00000, GSI 0-23
[    0.008520] ACPI: INT_SRC_OVR (bus 0 bus_irq 0 global_irq 2 dfl dfl)
[    0.008522] ACPI: INT_SRC_OVR (bus 0 bus_irq 5 global_irq 5 high level)
[    0.008523] ACPI: INT_SRC_OVR (bus 0 bus_irq 9 global_irq 9 high level)
[    0.008523] ACPI: INT_SRC_OVR (bus 0 bus_irq 10 global_irq 10 high level)
[    0.008524] ACPI: INT_SRC_OVR (bus 0 bus_irq 11 global_irq 11 high level)
[    0.008527] ACPI: Using ACPI (MADT) for SMP configuration information
[    0.008528] ACPI: HPET id: 0x8086a201 base: 0xfed00000
[    0.008532] TSC deadline timer available
[    0.008533] smpboot: Allowing 1 CPUs, 0 hotplug CPUs
[    0.008550] kvm-guest: APIC: eoi() replaced with kvm_guest_apic_eoi_write()
[    0.008571] PM: hibernation: Registered nosave memory: [mem 0x00000000-0x00000fff]
[    0.008572] PM: hibernation: Registered nosave memory: [mem 0x0009f000-0x000fffff]
[    0.008574] [mem 0x40000000-0xafffffff] available for PCI devices
[    0.008575] Booting paravirtualized kernel on KVM
[    0.008576] clocksource: refined-jiffies: mask: 0xffffffff max_cycles: 0xffffffff, max_idle_ns: 1910969940391419 ns
[    0.008583] setup_percpu: NR_CPUS:8192 nr_cpumask_bits:1 nr_cpu_ids:1 nr_node_ids:1
[    0.008882] percpu: Embedded 86 pages/cpu s229376 r8192 d114688 u2097152
[    0.008919] kvm-guest: PV spinlocks disabled, single CPU
[    0.008920] Kernel command line: console=ttyS0 panic=-1 no_console_suspend rdinit=/init phase2_idle_seconds=3 phase2_max_suspend_cycles=1 phase2_wake_seconds=5 phase2_pm_test=devices phase2_runtime_seconds=18
[    0.008998] Unknown kernel command line parameters "phase2_idle_seconds=3 phase2_max_suspend_cycles=1 phase2_wake_seconds=5 phase2_pm_test=devices phase2_runtime_seconds=18", will be passed to user space.
[    0.009364] random: crng init done
[    0.009392] Dentry cache hash table entries: 131072 (order: 8, 1048576 bytes, linear)
[    0.009425] Inode-cache hash table entries: 65536 (order: 7, 524288 bytes, linear)
[    0.009456] Fallback order for Node 0: 0 
[    0.009459] Built 1 zonelists, mobility grouping on.  Total pages: 257758
[    0.009460] Policy zone: DMA32
[    0.009464] mem auto-init: stack:all(zero), heap alloc:on, heap free:off
[    0.011126] Memory: 956224K/1048048K available (22528K kernel code, 4439K rwdata, 14400K rodata, 4920K init, 4788K bss, 91564K reserved, 0K cma-reserved)
[    0.011851] SLUB: HWalign=64, Order=0-3, MinObjects=0, CPUs=1, Nodes=1
[    0.011880] ftrace: allocating 58250 entries in 228 pages
[    0.020359] ftrace: allocated 228 pages with 4 groups
[    0.021333] Dynamic Preempt: voluntary
[    0.021642] rcu: Preemptible hierarchical RCU implementation.
[    0.021643] rcu: 	RCU restricting CPUs from NR_CPUS=8192 to nr_cpu_ids=1.
[    0.021645] 	Trampoline variant of Tasks RCU enabled.
[    0.021645] 	Rude variant of Tasks RCU enabled.
[    0.021646] 	Tracing variant of Tasks RCU enabled.
[    0.021646] rcu: RCU calculated value of scheduler-enlistment delay is 100 jiffies.
[    0.021647] rcu: Adjusting geometry for rcu_fanout_leaf=16, nr_cpu_ids=1
[    0.021652] RCU Tasks: Setting shift to 0 and lim to 1 rcu_task_cb_adjust=1 rcu_task_cpu_ids=1.
[    0.021653] RCU Tasks Rude: Setting shift to 0 and lim to 1 rcu_task_cb_adjust=1 rcu_task_cpu_ids=1.
[    0.021654] RCU Tasks Trace: Setting shift to 0 and lim to 1 rcu_task_cb_adjust=1 rcu_task_cpu_ids=1.
[    0.024378] NR_IRQS: 524544, nr_irqs: 256, preallocated irqs: 16
[    0.024578] rcu: srcu_init: Setting srcu_struct sizes based on contention.
[    0.031942] Console: colour VGA+ 80x25
[    0.031976] printk: legacy console [ttyS0] enabled
[    0.093435] ACPI: Core revision 20230628
[    0.093817] clocksource: hpet: mask: 0xffffffff max_cycles: 0xffffffff, max_idle_ns: 19112604467 ns
[    0.094574] APIC: Switch to symmetric I/O mode setup
[    0.095114] x2apic enabled
[    0.095538] APIC: Switched APIC routing to: physical x2apic
[    0.096786] ..TIMER: vector=0x30 apic1=0 pin1=2 apic2=-1 pin2=-1
[    0.097688] clocksource: tsc-early: mask: 0xffffffffffffffff max_cycles: 0x28680fa287f, max_idle_ns: 440795281151 ns
[    0.098522] Calibrating delay loop (skipped) preset value.. 5606.40 BogoMIPS (lpj=2803200)
[    0.099654] x86/cpu: User Mode Instruction Prevention (UMIP) activated
[    0.100626] Last level iTLB entries: 4KB 0, 2MB 0, 4MB 0
[    0.101063] Last level dTLB entries: 4KB 0, 2MB 0, 4MB 0, 1GB 0
[    0.101519] Spectre V1 : Mitigation: usercopy/swapgs barriers and __user pointer sanitization
[    0.102135] Spectre V2 : Spectre BHI mitigation: SW BHB clearing on vm exit
[    0.102512] Spectre V2 : Spectre BHI mitigation: SW BHB clearing on syscall
[    0.102988] Spectre V2 : Mitigation: Enhanced / Automatic IBRS
[    0.103512] Spectre V2 : Spectre v2 / PBRSB-eIBRS: Retire a single CALL on VMEXIT
[    0.104032] Spectre V2 : mitigation: Enabling conditional Indirect Branch Prediction Barrier
[    0.104513] Speculative Store Bypass: Mitigation: Speculative Store Bypass disabled via prctl
[    0.105512] ITS: WARNING: ITS mitigation depends on retpoline and rethunk support
[    0.106007] ITS: Vulnerable
[    0.106226] x86/fpu: Supporting XSAVE feature 0x001: 'x87 floating point registers'
[    0.106512] x86/fpu: Supporting XSAVE feature 0x002: 'SSE registers'
[    0.106946] x86/fpu: Supporting XSAVE feature 0x004: 'AVX registers'
[    0.107512] x86/fpu: Supporting XSAVE feature 0x020: 'AVX-512 opmask'
[    0.107953] x86/fpu: Supporting XSAVE feature 0x040: 'AVX-512 Hi256'
[    0.108512] x86/fpu: Supporting XSAVE feature 0x080: 'AVX-512 ZMM_Hi256'
[    0.108969] x86/fpu: Supporting XSAVE feature 0x200: 'Protection Keys User registers'
[    0.109513] x86/fpu: xstate_offset[2]:  576, xstate_sizes[2]:  256
[    0.109938] x86/fpu: xstate_offset[5]:  832, xstate_sizes[5]:   64
[    0.110512] x86/fpu: xstate_offset[6]:  896, xstate_sizes[6]:  512
[    0.110943] x86/fpu: xstate_offset[7]: 1408, xstate_sizes[7]: 1024
[    0.111512] x86/fpu: xstate_offset[9]: 2432, xstate_sizes[9]:    8
[    0.111933] x86/fpu: Enabled xstate features 0x2e7, context size is 2440 bytes, using 'compacted' format.
[    0.142463] Freeing SMP alternatives memory: 48K
[    0.142514] pid_max: default: 32768 minimum: 301
[    0.142896] LSM: initializing lsm=lockdown,capability,landlock,yama,apparmor,integrity
[    0.143521] landlock: Up and running.
[    0.143778] Yama: becoming mindful.
[    0.144545] AppArmor: AppArmor initialized
[    0.145009] Mount-cache hash table entries: 2048 (order: 2, 16384 bytes, linear)
[    0.145516] Mountpoint-cache hash table entries: 2048 (order: 2, 16384 bytes, linear)
[    0.146844] smpboot: CPU0: 11th Gen Intel(R) Core(TM) i7-1165G7 @ 2.80GHz (family: 0x6, model: 0x8c, stepping: 0x1)
[    0.147907] Performance Events: Icelake events, full-width counters, Intel PMU driver.
[    0.148521] ... version:                2
[    0.148979] ... bit width:              48
[    0.149449] ... generic registers:      8
[    0.149518] ... value mask:             0000ffffffffffff
[    0.150131] ... max period:             00007fffffffffff
[    0.150516] ... fixed-purpose events:   3
[    0.150957] ... event mask:             00000007000000ff
[    0.151475] signal: max sigframe size: 3632
[    0.151568] rcu: Hierarchical SRCU implementation.
[    0.151920] rcu: 	Max phase no-delay instances is 400.
[    0.152824] smp: Bringing up secondary CPUs ...
[    0.153321] smp: Brought up 1 node, 1 CPU
[    0.153518] smpboot: Max logical packages: 1
[    0.153923] smpboot: Total of 1 processors activated (5606.40 BogoMIPS)
[    0.154700] devtmpfs: initialized
[    0.155087] x86/mm: Memory block size: 128MB
[    0.156087] clocksource: jiffies: mask: 0xffffffff max_cycles: 0xffffffff, max_idle_ns: 1911260446275000 ns
[    0.156526] futex hash table entries: 256 (order: 2, 16384 bytes, linear)
[    0.157148] pinctrl core: initialized pinctrl subsystem
[    0.157643] PM: RTC time: 00:42:33, date: 2026-03-08
[    0.158615] NET: Registered PF_NETLINK/PF_ROUTE protocol family
[    0.159196] DMA: preallocated 128 KiB GFP_KERNEL pool for atomic allocations
[    0.159526] DMA: preallocated 128 KiB GFP_KERNEL|GFP_DMA pool for atomic allocations
[    0.160331] DMA: preallocated 128 KiB GFP_KERNEL|GFP_DMA32 pool for atomic allocations
[    0.160538] audit: initializing netlink subsys (disabled)
[    0.161167] audit: type=2000 audit(1772930554.128:1): state=initialized audit_enabled=0 res=1
[    0.161662] thermal_sys: Registered thermal governor 'fair_share'
[    0.161664] thermal_sys: Registered thermal governor 'bang_bang'
[    0.162516] thermal_sys: Registered thermal governor 'step_wise'
[    0.163166] thermal_sys: Registered thermal governor 'user_space'
[    0.163522] thermal_sys: Registered thermal governor 'power_allocator'
[    0.164147] cpuidle: using governor ladder
[    0.164957] cpuidle: using governor menu
[    0.165451] acpiphp: ACPI Hot Plug PCI Controller Driver version: 0.5
[    0.165654] PCI: ECAM [mem 0xb0000000-0xbfffffff] (base 0xb0000000) for domain 0000 [bus 00-ff]
[    0.166516] PCI: ECAM [mem 0xb0000000-0xbfffffff] reserved as E820 entry
[    0.167387] PCI: Using configuration type 1 for base access
[    0.167644] kprobes: kprobe jump-optimization is enabled. All kprobes are optimized if possible.
[    0.200546] HugeTLB: registered 1.00 GiB page size, pre-allocated 0 pages
[    0.201257] HugeTLB: 16380 KiB vmemmap can be freed for a 1.00 GiB page
[    0.201518] HugeTLB: registered 2.00 MiB page size, pre-allocated 0 pages
[    0.202070] HugeTLB: 28 KiB vmemmap can be freed for a 2.00 MiB page
[    0.205755] ACPI: Added _OSI(Module Device)
[    0.206141] ACPI: Added _OSI(Processor Device)
[    0.206521] ACPI: Added _OSI(Processor Aggregator Device)
[    0.208427] ACPI: 1 ACPI AML tables successfully acquired and loaded
[    0.209582] ACPI: _OSC evaluation for CPUs failed, trying _PDC
[    0.210539] ACPI: Interpreter enabled
[    0.211021] ACPI: PM: (supports S0 S3 S4 S5)
[    0.211490] ACPI: Using IOAPIC for interrupt routing
[    0.211593] PCI: Using host bridge windows from ACPI; if necessary, use "pci=nocrs" and report a bug
[    0.212312] PCI: Using E820 reservations for host bridge windows
[    0.212604] ACPI: Enabled 2 GPEs in block 00 to 3F
[    0.214570] ACPI: PCI Root Bridge [PCI0] (domain 0000 [bus 00-ff])
[    0.215074] acpi PNP0A08:00: _OSC: OS supports [ExtendedConfig ASPM ClockPM Segments MSI EDR HPX-Type3]
[    0.215556] acpi PNP0A08:00: _OSC: platform does not support [PCIeHotplug LTR DPC]
[    0.216435] acpi PNP0A08:00: _OSC: OS now controls [SHPCHotplug PME AER PCIeCapability]
[    0.216641] PCI host bridge to bus 0000:00
[    0.217009] pci_bus 0000:00: root bus resource [io  0x0000-0x0cf7 window]
[    0.217514] pci_bus 0000:00: root bus resource [io  0x0d00-0xffff window]
[    0.218073] pci_bus 0000:00: root bus resource [mem 0x000a0000-0x000bffff window]
[    0.218514] pci_bus 0000:00: root bus resource [mem 0x40000000-0xafffffff window]
[    0.219274] pci_bus 0000:00: root bus resource [mem 0xc0000000-0xfebfffff window]
[    0.219517] pci_bus 0000:00: root bus resource [mem 0x100000000-0x8ffffffff window]
[    0.220381] pci_bus 0000:00: root bus resource [bus 00-ff]
[    0.220591] pci 0000:00:00.0: [8086:29c0] type 00 class 0x060000 conventional PCI endpoint
[    0.221777] pci 0000:00:01.0: [1af4:1000] type 00 class 0x020000 conventional PCI endpoint
[    0.223411] pci 0000:00:01.0: BAR 0 [io  0xc040-0xc05f]
[    0.223539] pci 0000:00:01.0: BAR 4 [mem 0xfe800000-0xfe803fff 64bit pref]
[    0.224116] pci 0000:00:01.0: ROM [mem 0xfeb00000-0xfeb7ffff pref]
[    0.224948] pci 0000:00:02.0: [1af4:1050] type 00 class 0x030000 conventional PCI endpoint
[    0.226530] pci 0000:00:02.0: BAR 0 [mem 0xfe000000-0xfe7fffff pref]
[    0.227155] pci 0000:00:02.0: BAR 2 [mem 0xfe804000-0xfe807fff 64bit pref]
[    0.227520] pci 0000:00:02.0: BAR 4 [mem 0xfeb94000-0xfeb94fff]
[    0.227991] pci 0000:00:02.0: ROM [mem 0xfeb80000-0xfeb8ffff pref]
[    0.228552] pci 0000:00:02.0: Video device with shadowed ROM at [mem 0x000c0000-0x000dffff]
[    0.229762] pci 0000:00:03.0: [1b36:000d] type 00 class 0x0c0330 PCIe Root Complex Integrated Endpoint
[    0.231110] pci 0000:00:03.0: BAR 0 [mem 0xfeb90000-0xfeb93fff 64bit]
[    0.239349] pci 0000:00:1f.0: [8086:2918] type 00 class 0x060100 conventional PCI endpoint
[    0.239739] pci 0000:00:1f.0: quirk: [io  0x0600-0x067f] claimed by ICH6 ACPI/GPIO/TCO
[    0.240485] pci 0000:00:1f.2: [8086:2922] type 00 class 0x010601 conventional PCI endpoint
[    0.241141] pci 0000:00:1f.2: BAR 4 [io  0xc060-0xc07f]
[    0.241518] pci 0000:00:1f.2: BAR 5 [mem 0xfeb95000-0xfeb95fff]
[    0.242175] pci 0000:00:1f.3: [8086:2930] type 00 class 0x0c0500 conventional PCI endpoint
[    0.242922] pci 0000:00:1f.3: BAR 4 [io  0x0700-0x073f]
[    0.243570] ACPI: PCI: Interrupt link LNKA configured for IRQ 10
[    0.244042] ACPI: PCI: Interrupt link LNKB configured for IRQ 10
[    0.244558] ACPI: PCI: Interrupt link LNKC configured for IRQ 11
[    0.245046] ACPI: PCI: Interrupt link LNKD configured for IRQ 11
[    0.245549] ACPI: PCI: Interrupt link LNKE configured for IRQ 10
[    0.246036] ACPI: PCI: Interrupt link LNKF configured for IRQ 10
[    0.246496] ACPI: PCI: Interrupt link LNKG configured for IRQ 11
[    0.246565] ACPI: PCI: Interrupt link LNKH configured for IRQ 11
[    0.246992] ACPI: PCI: Interrupt link GSIA configured for IRQ 16
[    0.247403] ACPI: PCI: Interrupt link GSIB configured for IRQ 17
[    0.247519] ACPI: PCI: Interrupt link GSIC configured for IRQ 18
[    0.247968] ACPI: PCI: Interrupt link GSID configured for IRQ 19
[    0.248528] ACPI: PCI: Interrupt link GSIE configured for IRQ 20
[    0.248953] ACPI: PCI: Interrupt link GSIF configured for IRQ 21
[    0.249378] ACPI: PCI: Interrupt link GSIG configured for IRQ 22
[    0.249518] ACPI: PCI: Interrupt link GSIH configured for IRQ 23
[    0.250327] iommu: Default domain type: Translated
[    0.250514] iommu: DMA domain TLB invalidation policy: lazy mode
[    0.251238] SCSI subsystem initialized
[    0.251586] ACPI: bus type USB registered
[    0.252062] usbcore: registered new interface driver usbfs
[    0.252522] usbcore: registered new interface driver hub
[    0.252896] usbcore: registered new device driver usb
[    0.253263] pps_core: LinuxPPS API ver. 1 registered
[    0.253513] pps_core: Software ver. 5.3.6 - Copyright 2005-2007 Rodolfo Giometti <giometti@linux.it>
[    0.254148] PTP clock support registered
[    0.254468] EDAC MC: Ver: 3.0.0
[    0.255116] NetLabel: Initializing
[    0.255384] NetLabel:  domain hash size = 128
[    0.255514] NetLabel:  protocols = UNLABELED CIPSOv4 CALIPSO
[    0.255919] NetLabel:  unlabeled traffic allowed by default
[    0.256343] mctp: management component transport protocol core
[    0.256514] NET: Registered PF_MCTP protocol family
[    0.256913] PCI: Using ACPI for IRQ routing
[    0.370222] pci 0000:00:02.0: vgaarb: setting as boot VGA device
[    0.370511] pci 0000:00:02.0: vgaarb: bridge control possible
[    0.370511] pci 0000:00:02.0: vgaarb: VGA device added: decodes=io+mem,owns=io+mem,locks=none
[    0.370513] vgaarb: loaded
[    0.370803] hpet0: at MMIO 0xfed00000, IRQs 2, 8, 0
[    0.371151] hpet0: 3 comparators, 64-bit 100.000000 MHz counter
[    0.377538] clocksource: Switched to clocksource kvm-clock
[    0.378359] VFS: Disk quotas dquot_6.6.0
[    0.378649] VFS: Dquot-cache hash table entries: 512 (order 0, 4096 bytes)
[    0.379206] AppArmor: AppArmor Filesystem Enabled
[    0.379545] pnp: PnP ACPI init
[    0.379865] system 00:05: [mem 0xb0000000-0xbfffffff window] has been reserved
[    0.380569] pnp: PnP ACPI: found 6 devices
[    0.386083] clocksource: acpi_pm: mask: 0xffffff max_cycles: 0xffffff, max_idle_ns: 2085701024 ns
[    0.386754] NET: Registered PF_INET protocol family
[    0.387120] IP idents hash table entries: 16384 (order: 5, 131072 bytes, linear)
[    0.397203] tcp_listen_portaddr_hash hash table entries: 512 (order: 1, 8192 bytes, linear)
[    0.397901] Table-perturb hash table entries: 65536 (order: 6, 262144 bytes, linear)
[    0.398462] TCP established hash table entries: 8192 (order: 4, 65536 bytes, linear)
[    0.399102] TCP bind hash table entries: 8192 (order: 6, 262144 bytes, linear)
[    0.399643] TCP: Hash tables configured (established 8192 bind 8192)
[    0.400128] MPTCP token hash table entries: 1024 (order: 2, 24576 bytes, linear)
[    0.400680] UDP hash table entries: 512 (order: 2, 16384 bytes, linear)
[    0.401185] UDP-Lite hash table entries: 512 (order: 2, 16384 bytes, linear)
[    0.401732] NET: Registered PF_UNIX/PF_LOCAL protocol family
[    0.402140] NET: Registered PF_XDP protocol family
[    0.402484] pci_bus 0000:00: resource 4 [io  0x0000-0x0cf7 window]
[    0.402923] pci_bus 0000:00: resource 5 [io  0x0d00-0xffff window]
[    0.403359] pci_bus 0000:00: resource 6 [mem 0x000a0000-0x000bffff window]
[    0.403825] pci_bus 0000:00: resource 7 [mem 0x40000000-0xafffffff window]
[    0.404303] pci_bus 0000:00: resource 8 [mem 0xc0000000-0xfebfffff window]
[    0.404896] pci_bus 0000:00: resource 9 [mem 0x100000000-0x8ffffffff window]
[    0.405577] ACPI: \_SB_.GSIH: Enabled at IRQ 23
[    0.406316] PCI: CLS 0 bytes, default 64
[    0.406655] Trying to unpack rootfs image as initramfs...
[    0.408038] clocksource: tsc: mask: 0xffffffffffffffff max_cycles: 0x28680fa287f, max_idle_ns: 440795281151 ns
[    0.409157] Initialise system trusted keyrings
[    0.409511] Key type blacklist registered
[    0.412066] workingset: timestamp_bits=36 max_order=18 bucket_order=0
[    0.412546] zbud: loaded
[    0.412871] squashfs: version 4.0 (2009/01/31) Phillip Lougher
[    0.414092] fuse: init (API version 7.39)
[    0.415034] integrity: Platform Keyring initialized
[    0.415391] integrity: Machine keyring initialized
[    0.429981] Key type asymmetric registered
[    0.430428] Asymmetric key parser 'x509' registered
[    0.430903] Block layer SCSI generic (bsg) driver version 0.4 loaded (major 243)
[    0.433071] io scheduler mq-deadline registered
[    0.434114] shpchp: Standard Hot Plug PCI Controller Driver version: 0.4
[    0.434924] input: Power Button as /devices/LNXSYSTM:00/LNXPWRBN:00/input/input0
[    0.437088] ACPI: button: Power Button [PWRF]
[    0.438368] ACPI: \_SB_.GSIF: Enabled at IRQ 21
[    0.440556] ACPI: \_SB_.GSIG: Enabled at IRQ 22
[    0.443446] Serial: 8250/16550 driver, 32 ports, IRQ sharing enabled
[    0.489079] 00:03: ttyS0 at I/O 0x3f8 (irq = 4, base_baud = 115200) is a 16550A
[    0.493075] Linux agpgart interface v0.103
[    0.496099] loop: module loaded
[    0.496476] ACPI: bus type drm_connector registered
[    0.498059] tun: Universal TUN/TAP device driver, 1.6
[    0.500106] PPP generic driver version 2.4.2
[    0.500508] i8042: PNP: PS/2 Controller [PNP0303:KBD,PNP0f13:MOU] at 0x60,0x64 irq 1,12
[    0.501590] serio: i8042 KBD port at 0x60,0x64 irq 1
[    0.503025] serio: i8042 AUX port at 0x60,0x64 irq 12
[    0.503455] mousedev: PS/2 mouse device common for all mice
[    0.505174] input: AT Translated Set 2 keyboard as /devices/platform/i8042/serio0/input/input1
[    0.506028] rtc_cmos 00:04: RTC can wake from S4
[    0.506630] rtc_cmos 00:04: registered as rtc0
[    0.508012] rtc_cmos 00:04: setting system clock to 2026-03-08T00:42:33 UTC (1772930553)
[    0.508615] rtc_cmos 00:04: alarms up to one day, y3k, 242 bytes nvram, hpet irqs
[    0.510954] i2c_dev: i2c /dev entries driver
[    0.511283] device-mapper: core: CONFIG_IMA_DISABLE_HTABLE is disabled. Duplicate IMA measurements will not be recorded in the IMA log.
[    0.512130] device-mapper: uevent: version 1.0.3
[    0.512972] device-mapper: ioctl: 4.48.0-ioctl (2023-03-01) initialised: dm-devel@redhat.com
[    0.513582] intel_pstate: CPU model not supported
[    0.514976] ledtrig-cpu: registered to indicate activity on CPUs
[    0.515454] drop_monitor: Initializing network drop monitor service
[    0.517100] NET: Registered PF_INET6 protocol family
[    0.661167] Freeing initrd memory: 19124K
[    0.661638] Segment Routing with IPv6
[    0.661906] In-situ OAM (IOAM) with IPv6
[    0.662230] NET: Registered PF_PACKET protocol family
[    0.662631] Key type dns_resolver registered
[    0.663166] IPI shorthand broadcast: enabled
[    0.664664] sched_clock: Marking stable (592003312, 71927758)->(682331797, -18400727)
[    0.665423] registered taskstats version 1
[    0.665811] Loading compiled-in X.509 certificates
[    0.666809] Loaded X.509 cert 'Build time autogenerated kernel key: 7f71bdefc17a4d88631555bf9efbb1c93d6f5260'
[    0.667940] Loaded X.509 cert 'Canonical Ltd. Live Patch Signing 2025 Kmod: d541cef61dc7e793b7eb7e899970a2eef0b5dc8c'
[    0.669064] Loaded X.509 cert 'Canonical Ltd. Live Patch Signing: 14df34d1a87cf37625abec039ef2bf521249b969'
[    0.670349] Loaded X.509 cert 'Canonical Ltd. Kernel Module Signing: 88f752e560a1e0737e31163a466ad7b70a850c19'
[    0.671271] blacklist: Loading compiled-in revocation X.509 certificates
[    0.672153] Loaded X.509 cert 'Canonical Ltd. Secure Boot Signing: 61482aa2830d0ab2ad5af10b7250da9033ddcef0'
[    0.672898] Loaded X.509 cert 'Canonical Ltd. Secure Boot Signing (2017): 242ade75ac4a15e50d50c84b0d45ff3eae707a03'
[    0.673631] Loaded X.509 cert 'Canonical Ltd. Secure Boot Signing (ESM 2018): 365188c1d374d6b07c3c8f240f8ef722433d6a8b'
[    0.674389] Loaded X.509 cert 'Canonical Ltd. Secure Boot Signing (2019): c0746fd6c5da3ae827864651ad66ae47fe24b3e8'
[    0.675114] Loaded X.509 cert 'Canonical Ltd. Secure Boot Signing (2021 v1): a8d54bbb3825cfb94fa13c9f8a594a195c107b8d'
[    0.675858] Loaded X.509 cert 'Canonical Ltd. Secure Boot Signing (2021 v2): 4cf046892d6fd3c9a5b03f98d845f90851dc6a8c'
[    0.676681] Loaded X.509 cert 'Canonical Ltd. Secure Boot Signing (2021 v3): 100437bb6de6e469b581e61cd66bce3ef4ed53af'
[    0.677438] Loaded X.509 cert 'Canonical Ltd. Secure Boot Signing (Ubuntu Core 2019): c1d57b8f6b743f23ee41f4f7ee292f06eecadfb9'
[    0.680640] Key type .fscrypt registered
[    0.680960] Key type fscrypt-provisioning registered
[    0.681531] Key type encrypted registered
[    0.681821] AppArmor: AppArmor sha256 policy hashing enabled
[    0.682232] ima: No TPM chip found, activating TPM-bypass!
[    0.682610] Loading compiled-in module X.509 certificates
[    0.683367] Loaded X.509 cert 'Build time autogenerated kernel key: 7f71bdefc17a4d88631555bf9efbb1c93d6f5260'
[    0.684071] ima: Allocated hash algorithm: sha256
[    0.684441] ima: No architecture policies found
[    0.684758] evm: Initialising EVM extended attributes:
[    0.685124] evm: security.selinux
[    0.685380] evm: security.SMACK64
[    0.685713] evm: security.SMACK64EXEC
[    0.686082] evm: security.SMACK64TRANSMUTE
[    0.686414] evm: security.SMACK64MMAP
[    0.686725] evm: security.apparmor
[    0.687064] evm: security.ima
[    0.687291] evm: security.capability
[    0.687543] evm: HMAC attrs: 0x1
[    0.687981] PM:   Magic number: 2:263:708
[    0.690505] RAS: Correctable Errors collector initialized.
[    0.691000] clk: Disabling unused clocks
[    0.697841] Freeing unused decrypted memory: 2028K
[    0.698485] Freeing unused kernel image (initmem) memory: 4920K
[    0.698775] Write protecting the kernel read-only data: 38912k
[    0.699383] Freeing unused kernel image (rodata/data gap) memory: 1984K
[    0.709196] x86/mm: Checked W+X mappings: passed, no W+X pages found.
[    0.709535] Run /init as init process
[init-phase2] booted
[init-phase2] loading module=/lib/modules/6.8.0-101-generic/kernel/drivers/virtio/virtio_dma_buf.ko
[init-phase2] loading module=/lib/modules/6.8.0-101-generic/kernel/drivers/gpu/drm/virtio/virtio-gpu.ko
[    0.716500] [drm] pci: virtio-vga detected at 0000:00:02.0
[    0.716785] virtio-pci 0000:00:02.0: vgaarb: deactivate vga console
[    0.722116] Console: switching to colour dummy device 80x25
[    0.722520] [drm] features: -virgl +edid -resource_blob -host_visible
[    0.722522] [drm] features: -context_init
[    0.723395] [drm] number of scanouts: 1
[    0.723586] [drm] number of cap sets: 0
[    0.723959] [drm] Initialized virtio_gpu 0.1.0 0 for 0000:00:02.0 on minor 0
[    0.725824] fbcon: virtio_gpudrmfb (fb0) is primary device
[    0.728096] Console: switching to colour frame buffer device 160x50
[    0.729492] virtio-pci 0000:00:02.0: [drm] fb0: virtio_gpudrmfb frame buffer device
[init-phase2] loading module=/lib/modules/6.8.0-101-generic/kernel/drivers/hid/hid.ko
[    0.736334] hid: raw HID events driver (C) Jiri Kosina
[init-phase2] loading module=/lib/modules/6.8.0-101-generic/kernel/drivers/hid/hid-generic.ko
[init-phase2] loading module=/lib/modules/6.8.0-101-generic/kernel/drivers/hid/usbhid/usbhid.ko
[    0.739505] usbcore: registered new interface driver usbhid
[    0.739790] usbhid: USB HID core driver
[init-phase2] loading module=/lib/modules/6.8.0-101-generic/kernel/drivers/hid/usbhid/usbkbd.ko
[    0.741880] usbcore: registered new interface driver usbkbd
[init-phase2] loading module=/lib/modules/6.8.0-101-generic/kernel/drivers/hid/usbhid/usbmouse.ko
[    0.743605] usbcore: registered new interface driver usbmouse
[init-phase2] loading module=/lib/modules/6.8.0-101-generic/kernel/drivers/input/mouse/psmouse.ko
[    0.748660] input: VirtualPS/2 VMware VMMouse as /devices/platform/i8042/serio1/input/input4
[init-phase2] loading module=/lib/modules/6.8.0-101-generic/kernel/drivers/usb/host/xhci-pci-renesas.ko[    0.750107] input: VirtualPS/2 VMware VMMouse as /devices/platform/i8042/serio1/input/input3

[init-phase2] loading module=/lib/modules/6.8.0-101-generic/kernel/drivers/usb/host/xhci-pci.ko
[    0.753139] xhci_hcd 0000:00:03.0: xHCI Host Controller
[    0.753425] xhci_hcd 0000:00:03.0: new USB bus registered, assigned bus number 1
[    0.753968] xhci_hcd 0000:00:03.0: hcc params 0x00087001 hci version 0x100 quirks 0x0000000000000010
[    0.755419] xhci_hcd 0000:00:03.0: xHCI Host Controller
[    0.755724] xhci_hcd 0000:00:03.0: new USB bus registered, assigned bus number 2
[    0.756123] xhci_hcd 0000:00:03.0: Host supports USB 3.0 SuperSpeed
[    0.756472] usb usb1: New USB device found, idVendor=1d6b, idProduct=0002, bcdDevice= 6.08
[    0.756866] usb usb1: New USB device strings: Mfr=3, Product=2, SerialNumber=1
[    0.757224] usb usb1: Product: xHCI Host Controller
[    0.757459] usb usb1: Manufacturer: Linux 6.8.0-101-generic xhci-hcd
[    0.757768] usb usb1: SerialNumber: 0000:00:03.0
[    0.758095] hub 1-0:1.0: USB hub found
[    0.758376] hub 1-0:1.0: 4 ports detected
[    0.758690] usb usb2: We don't know the algorithms for LPM for this host, disabling LPM.
[    0.759115] usb usb2: New USB device found, idVendor=1d6b, idProduct=0003, bcdDevice= 6.08
[    0.759530] usb usb2: New USB device strings: Mfr=3, Product=2, SerialNumber=1
[    0.759887] usb usb2: Product: xHCI Host Controller
[    0.760130] usb usb2: Manufacturer: Linux 6.8.0-101-generic xhci-hcd
[    0.760434] usb usb2: SerialNumber: 0000:00:03.0
[    0.760712] hub 2-0:1.0: USB hub found
[    0.760911] hub 2-0:1.0: 4 ports detected
Starting systemd-udevd version 255.4-1ubuntu8.8
total 0
drwxr-xr-x    2 root     root            80 Mar  8 00:42 by-path
crw-rw----    1 root     video     226,   0 Mar  8 00:42 card0
crw-rw----    1 root     root      226, 128 Mar  8 00:42 renderD128
total 0
drwxr-xr-x    2 root     root           100 Mar  8 00:42 by-path
crw-rw----    1 root     input      13,  64 Mar  8 00:42 event0
crw-rw----    1 root     input      13,  65 Mar  8 00:42 event1
crw-rw----    1 root     input      13,  66 Mar  8 00:42 event2
crw-rw----    1 root     input      13,  67 Mar  8 00:42 event3
crw-rw----    1 root     input      13,  63 Mar  8 00:42 mice
crw-rw----    1 root     input      13,  32 Mar  8 00:42 mouse0
crw-rw----    1 root     input      13,  33 Mar  8 00:42 mouse1
[init-phase2] seatd pid=121
[init-phase2] weston pid=122
[init-phase2] wayland ready
Date: 2026-03-08 UTC
[00:42:33.799] weston 13.0.0
               https://wayland.freedesktop.org
               Bug reports to: https://gitlab.freedesktop.org/wayland/weston/issues/
               Build: 13.0.0
[00:42:33.799] Command line: /usr/bin/weston --backend=drm --renderer=pixman --shell=kiosk-shell.so --socket=wayland-1 --continue-without-input --log=/var/log/weston.log
[00:42:33.799] OS: Linux, 6.8.0-101-generic, #101-Ubuntu SMP PREEMPT_DYNAMIC Mon Feb  9 10:15:05 UTC 2026, x86_64
[00:42:33.799] Flight recorder: enabled
[00:42:33.799] Using config file '/etc/xdg/weston/weston.ini'
[00:42:33.799] Output repaint window is 7 ms maximum.
[00:42:33.799] Loading module '/usr/lib/x86_64-linux-gnu/libweston-13/drm-backend.so'
[00:42:33.800] initializing drm backend
[00:42:33.800] Trying libseat launcher...
[00:42:33.800] [libseat/libseat.c:62] Seat opened with backend 'seatd'
[00:42:33.800] [libseat/backend/seatd.c:212] Enabling seat
[00:42:33.800] libseat: session control granted
[00:42:33.800] using /dev/dri/card0
[00:42:33.800] DRM: supports atomic modesetting
[00:42:33.800] DRM: does not support GBM modifiers
[00:42:33.800] DRM: does not support async page flipping
[00:42:33.800] DRM: supports picture aspect ratio
[00:42:33.800] Using Pixman renderer
[00:42:33.802] event0  - Power Button: is tagged by udev as: Keyboard
[00:42:33.802] event0  - Power Button: device is a keyboard
[00:42:33.804] event1  - AT Translated Set 2 keyboard: is tagged by udev as: Keyboard
[00:42:33.804] event1  - AT Translated Set 2 keyboard: device is a keyboard
[00:42:33.804] event3  - VirtualPS/2 VMware VMMouse: is tagged by udev as: Mouse
[00:42:33.804] event3  - VirtualPS/2 VMware VMMouse: device is a pointer
[00:42:33.805] event2  - VirtualPS/2 VMware VMMouse: is tagged by udev as: Mouse
[00:42:33.805] event2  - VirtualPS/2 VMware VMMouse: device is a pointer
[00:42:33.808] libinput: configuring device "Power Button".
[00:42:33.808] libinput: configuring device "AT Translated Set 2 keyboard".
[00:42:33.808] libinput: configuring device "VirtualPS/2 VMware VMMouse".
[00:42:33.808] libinput: configuring device "VirtualPS/2 VMware VMMouse".
[00:42:33.808] input device event2 has no enabled output associated (none named), skipping calibration for now.
[00:42:33.808] DRM: head 'Virtual-1' found, connector 36 is connected, EDID make 'RHT', model 'QEMU Monitor', serial ''
               Supported EOTF modes: SDR
[00:42:33.808] Registered plugin API 'weston_drm_output_api_v1' of size 40
[00:42:33.808] Registered plugin API 'weston_drm_virtual_output_api_v2' of size 48
[00:42:33.808] Color manager: no-op
[00:42:33.808] Output 'Virtual-1' attempts EOTF mode: SDR
[00:42:33.808] Output 'Virtual-1' using color profile: stock sRGB color profile
[00:42:33.810] DRM: output Virtual-1 uses shadow framebuffer.
[00:42:33.810] Output Virtual-1 (crtc 35) video modes:
               1280x800@75.0, preferred, current, 107.3 MHz
               5120x2160@50.0 64:27, 742.5 MHz
               4096x2160@50.0 256:135, 594.0 MHz
               3840x2160@60.0 16:9, 594.0 MHz
               3840x2160@59.9 16:9, 593.4 MHz
               3840x2160@50.0 16:9, 594.0 MHz
               1920x1440@60.0, 234.0 MHz
               2560x1080@50.0 64:27, 185.6 MHz
               1856x1392@60.0, 218.2 MHz
               1792x1344@60.0, 204.8 MHz
               2048x1152@60.0, 162.0 MHz
               1920x1200@59.9, 193.2 MHz
               1920x1080@60.0, 148.5 MHz
               1920x1080@50.0 16:9, 148.5 MHz
               1600x1200@60.0, 162.0 MHz
               1680x1050@60.0, 146.2 MHz
               1400x1050@60.0, 121.8 MHz
               1280x1024@60.0, 108.0 MHz
               1440x900@59.9, 106.5 MHz
               1280x960@60.0, 108.0 MHz
               1360x768@60.0, 85.5 MHz
               1280x768@59.9, 79.5 MHz
               1024x768@60.0, 65.0 MHz
               800x600@60.3, 40.0 MHz
               640x480@60.0 4:3, 25.2 MHz
               640x480@59.9, 25.2 MHz
[00:42:33.810] associating input device event0 with output Virtual-1 (none by udev)
[00:42:33.810] associating input device event1 with output Virtual-1 (none by udev)
[00:42:33.810] associating input device event3 with output Virtual-1 (none by udev)
[00:42:33.810] associating input device event2 with output Virtual-1 (none by udev)
[00:42:33.811] Output 'Virtual-1' enabled with head(s) Virtual-1
[00:42:33.811] Compositor capabilities:
               arbitrary surface rotation: yes
               screen capture uses y-flip: no
               cursor planes: yes
               arbitrary resolutions: no
               view mask clipping: yes
               explicit sync: no
               color operations: no
               presentation clock: CLOCK_MONOTONIC, id 1
               presentation clock resolution: 0.000000001 s
[00:42:33.811] Loading module '/usr/lib/x86_64-linux-gnu/weston/kiosk-shell.so'
[init-phase2] launching client=/bin/wl_sleepdemo args= --idle-seconds 3 --max-suspend-cycles 1 --wake-seconds 5 --pm-test devices --runtime-seconds 18
@@LOG kind=state global name=1 interface=wl_compositor version=5
@@LOG kind=state global name=2 interface=wl_subcompositor version=1
@@LOG kind=state global name=3 interface=wp_viewporter version=1
@@LOG kind=state global name=4 interface=zxdg_output_manager_v1 version=2
@@LOG kind=state global name=5 interface=wp_presentation version=1
@@LOG kind=state global name=6 interface=wp_single_pixel_buffer_manager_v1 version=1
@@LOG kind=state global name=7 interface=wp_tearing_control_manager_v1 version=1
@@LOG kind=state global name=8 interface=zwp_relative_pointer_manager_v1 version=1
@@LOG kind=state global name=9 interface=zwp_pointer_constraints_v1 version=1
@@LOG kind=state global name=10 interface=zwp_input_timestamps_manager_v1 version=1
@@LOG kind=state global name=11 interface=weston_capture_v1 version=1
@@LOG kind=state global name=12 interface=wl_data_device_manager version=3
@@LOG kind=state global name=13 interface=wl_shm version=1
@@LOG kind=state global name=14 interface=wl_seat version=7
@@LOG kind=state global name=15 interface=weston_content_protection version=1
@@LOG kind=state global name=16 interface=wl_output version=4
@@LOG kind=state global name=17 interface=xdg_wm_base version=5
@@LOG kind=state seat-listener-added
@@LOG kind=state keyboard-bound-fallback
@@LOG kind=state pointer-bound-fallback
@@LOG kind=state socket-hup
[    0.996006] usb 1-1: new high-speed USB device number 2 using xhci_hcd
[    1.123005] usb 1-1: New USB device found, idVendor=0627, idProduct=0001, bcdDevice= 0.00
[    1.123414] usb 1-1: New USB device strings: Mfr=1, Product=4, SerialNumber=11
[    1.123740] usb 1-1: Product: QEMU USB Keyboard
[    1.123964] usb 1-1: Manufacturer: QEMU
[    1.124169] usb 1-1: SerialNumber: 68284-0000:00:03.0-1
[    1.125442] input: QEMU QEMU USB Keyboard as /devices/pci0000:00/0000:00:03.0/usb1/1-1/1-1:1.0/0003:0627:0001.0001/input/input5
[    1.178266] hid-generic 0003:0627:0001.0001: input,hidraw0: USB HID v1.11 Keyboard [QEMU QEMU USB Keyboard] on usb-0000:00:03.0-1/input0
[    1.293995] usb 1-2: new high-speed USB device number 3 using xhci_hcd
[    1.420206] usb 1-2: New USB device found, idVendor=0627, idProduct=0001, bcdDevice= 0.00
[    1.420684] usb 1-2: New USB device strings: Mfr=1, Product=3, SerialNumber=10
[    1.421062] usb 1-2: Product: QEMU USB Tablet
[    1.421289] usb 1-2: Manufacturer: QEMU
[    1.421564] usb 1-2: SerialNumber: 28754-0000:00:03.0-2
[    1.422991] input: QEMU QEMU USB Tablet as /devices/pci0000:00/0000:00:03.0/usb1/1-2/1-2:1.0/0003:0627:0001.0002/input/input6
[    1.423687] hid-generic 0003:0627:0001.0002: input,hidraw1: USB HID v0.01 Mouse [QEMU QEMU USB Tablet] on usb-0000:00:03.0-2/input0
@@LOG kind=state socket-hup
@@LOG kind=state socket-hup
@@LOG kind=state wakealarm_seconds=5
@@LOG kind=state state=SUSPENDING cycle=1
[    3.957747] PM: suspend entry (s2idle)
[    3.958333] Filesystems sync: 0.000 seconds
[    3.967111] Freezing user space processes
[    3.969999] Freezing user space processes completed (elapsed 0.002 seconds)
[    3.970801] OOM killer disabled.
[    3.971147] Freezing remaining freezable tasks
[    3.972636] Freezing remaining freezable tasks completed (elapsed 0.001 seconds)
[    4.080514] PM: suspend debug: Waiting for 5 second(s).
[    9.083865] xhci_hcd 0000:00:03.0: xHC error in resume, USBSTS 0x401, Reinit
[    9.084275] usb usb1: root hub lost power or was reset
[    9.084502] usb usb2: root hub lost power or was reset
[    9.351101] usb 1-2: reset high-speed USB device number 3 using xhci_hcd
[    9.592090] usb 1-1: reset high-speed USB device number 2 using xhci_hcd
[    9.719607] OOM killer enabled.
[    9.719787] Restarting tasks ... done.
[    9.720823] random: crng reseeded on system resumption
[    9.722937] PM: suspend exit
@@LOG kind=state state=RESUMED cycle=1 sleep_ms=5767 resume_gap_ms=5767
@@METRIC name=sleep_duration value_ms=5767 cycle=1
@@METRIC name=suspend_resume_gap value_ms=5767 cycle=1
@@METRIC name=resume_to_redraw value_ms=5 cycle=1
@@LOG kind=state seat-capabilities=0
@@LOG kind=state socket-hup
@@LOG kind=state seat-capabilities=2
@@LOG kind=state keyboard-rebound
@@LOG kind=state socket-hup
@@LOG kind=state socket-hup
@@LOG kind=state socket-hup
@@LOG kind=state socket-hup
@@LOG kind=state socket-hup
@@LOG kind=state socket-hup
@@LOG kind=state socket-hup
@@LOG kind=state socket-hup
@@LOG kind=state socket-hup
@@LOG kind=state runtime_limit_reached=true
[   19.119125] Kernel panic - not syncing: Attempted to kill init! exitcode=0x00000000
[   19.119500] CPU: 0 PID: 1 Comm: wl_sleepdemo Not tainted 6.8.0-101-generic #101-Ubuntu
[   19.119868] Hardware name: QEMU Standard PC (Q35 + ICH9, 2009), BIOS 1.16.3-debian-1.16.3-2 04/01/2014
[   19.120322] Call Trace:
[   19.120444]  <TASK>
[   19.120552]  dump_stack_lvl+0x27/0xa0
[   19.120734]  dump_stack+0x10/0x20
[   19.120897]  panic+0x366/0x3c0
[   19.121049]  do_exit+0x513/0x530
[   19.121208]  do_group_exit+0x35/0x90
[   19.121388]  __x64_sys_exit_group+0x18/0x20
[   19.121587]  x64_sys_call+0x259b/0x25a0
[   19.121772]  do_syscall_64+0x7f/0x180
[   19.121950]  ? arch_exit_to_user_mode_prepare.isra.0+0x1a/0xe0
[   19.122226]  ? irqentry_exit_to_user_mode+0x38/0x1e0
[   19.122467]  ? irqentry_exit+0x43/0x50
[   19.122647]  ? clear_bhb_loop+0x30/0x80
[   19.122832]  ? clear_bhb_loop+0x30/0x80
[   19.123017]  ? clear_bhb_loop+0x30/0x80
[   19.123201]  entry_SYSCALL_64_after_hwframe+0x78/0x80
[   19.123446] RIP: 0033:0x731dc124e21d
[   19.123620] Code: 02 ba ff ff ff ff 89 d0 c3 0f 1f 40 00 f3 0f 1e fa 48 8b 35 ed 4b 11 00 ba e7 00 00 00 eb 07 66 0f 1f 44 00 00 f4 89 d0 0f 05 <48> 3d 00 f0 ff ff 76 f3 f7 d8 64 89 06 eb ec 0f 1f 40 00 f3 0f 1e
[   19.124476] RSP: 002b:00007ffe97b34ce8 EFLAGS: 00000206 ORIG_RAX: 00000000000000e7
[   19.124827] RAX: ffffffffffffffda RBX: 0000731dc1364fa8 RCX: 0000731dc124e21d
[   19.125158] RDX: 00000000000000e7 RSI: ffffffffffffff88 RDI: 0000000000000000
[   19.125485] RBP: 00007ffe97b34d40 R08: 00007ffe97b34c90 R09: 0000000000000000
[   19.125775] R10: 00007ffe97b34c0f R11: 0000000000000206 R12: 0000000000000001
[   19.126065] R13: 0000000000000000 R14: 0000000000000000 R15: 0000731dc1364fc0
[   19.126388]  </TASK>
[   19.127199] Kernel Offset: 0x28a00000 from 0xffffffff81000000 (relocation range: 0xffffffff80000000-0xffffffffbfffffff)
