[    0.000000] Linux version 6.8.0-101-generic (buildd@lcy02-amd64-051) (x86_64-linux-gnu-gcc-13 (Ubuntu 13.3.0-6ubuntu2~24.04) 13.3.0, GNU ld (GNU Binutils for Ubuntu) 2.42) #101-Ubuntu SMP PREEMPT_DYNAMIC Mon Feb  9 10:15:05 UTC 2026 (Ubuntu 6.8.0-101.101-generic 6.8.12)
[    0.000000] Command line: console=ttyS0 panic=-1 no_console_suspend rdinit=/init phase3_client=weston-simple-shm phase3_runtime_seconds=35 phase3_suspend_delay_seconds=10 phase3_wake_seconds=5 phase3_pm_test=devices phase3_weston_debug=1 phase3_guest_capture=1 phase3_guest_capture_pre_delay_seconds=8 phase3_guest_capture_post_delay_seconds=17
[    0.000000] KERNEL supported cpus:
[    0.000000]   Intel GenuineIntel
[    0.000000]   AMD AuthenticAMD
[    0.000000]   Hygon HygonGenuine
[    0.000000]   Centaur CentaurHauls
[    0.000000]   zhaoxin   Shanghai  
[    0.000000] BIOS-provided physical RAM map:
[    0.000000] BIOS-e820: [mem 0x0000000000000000-0x000000000009fbff] usable
[    0.000000] BIOS-e820: [mem 0x000000000009fc00-0x000000000009ffff] reserved
[    0.000000] BIOS-e820: [mem 0x00000000000f0000-0x00000000000fffff] reserved
[    0.000000] BIOS-e820: [mem 0x0000000000100000-0x000000007ffddfff] usable
[    0.000000] BIOS-e820: [mem 0x000000007ffde000-0x000000007fffffff] reserved
[    0.000000] BIOS-e820: [mem 0x00000000b0000000-0x00000000bfffffff] reserved
[    0.000000] BIOS-e820: [mem 0x00000000fed1c000-0x00000000fed1ffff] reserved
[    0.000000] BIOS-e820: [mem 0x00000000feffc000-0x00000000feffffff] reserved
[    0.000000] BIOS-e820: [mem 0x00000000fffc0000-0x00000000ffffffff] reserved
[    0.000000] NX (Execute Disable) protection: active
[    0.000000] APIC: Static calls initialized
[    0.000000] SMBIOS 3.0.0 present.
[    0.000000] DMI: QEMU Standard PC (Q35 + ICH9, 2009), BIOS 1.16.3-debian-1.16.3-2 04/01/2014
[    0.000000] Hypervisor detected: KVM
[    0.000000] kvm-clock: Using msrs 4b564d01 and 4b564d00
[    0.000000] kvm-clock: using sched offset of 357132948 cycles
[    0.000002] clocksource: kvm-clock: mask: 0xffffffffffffffff max_cycles: 0x1cd42e4dffb, max_idle_ns: 881590591483 ns
[    0.000005] tsc: Detected 2803.200 MHz processor
[    0.000883] last_pfn = 0x7ffde max_arch_pfn = 0x400000000
[    0.000932] MTRR map: 4 entries (3 fixed + 1 variable; max 19), built from 8 variable MTRRs
[    0.000936] x86/PAT: Configuration [0-7]: WB  WC  UC- UC  WB  WP  UC- WT  
[    0.006502] found SMP MP-table at [mem 0x000f5470-0x000f547f]
[    0.006518] Using GB pages for direct mapping
[    0.006681] RAMDISK: [mem 0x75de7000-0x7ffcffff]
[    0.006690] ACPI: Early table checksum verification disabled
[    0.006694] ACPI: RSDP 0x00000000000F52B0 000014 (v00 BOCHS )
[    0.006699] ACPI: RSDT 0x000000007FFE2304 000038 (v01 BOCHS  BXPC     00000001 BXPC 00000001)
[    0.006705] ACPI: FACP 0x000000007FFE20FC 0000F4 (v03 BOCHS  BXPC     00000001 BXPC 00000001)
[    0.006710] ACPI: DSDT 0x000000007FFE0040 0020BC (v01 BOCHS  BXPC     00000001 BXPC 00000001)
[    0.006713] ACPI: FACS 0x000000007FFE0000 000040
[    0.006716] ACPI: APIC 0x000000007FFE21F0 000078 (v03 BOCHS  BXPC     00000001 BXPC 00000001)
[    0.006719] ACPI: HPET 0x000000007FFE2268 000038 (v01 BOCHS  BXPC     00000001 BXPC 00000001)
[    0.006722] ACPI: MCFG 0x000000007FFE22A0 00003C (v01 BOCHS  BXPC     00000001 BXPC 00000001)
[    0.006725] ACPI: WAET 0x000000007FFE22DC 000028 (v01 BOCHS  BXPC     00000001 BXPC 00000001)
[    0.006728] ACPI: Reserving FACP table memory at [mem 0x7ffe20fc-0x7ffe21ef]
[    0.006729] ACPI: Reserving DSDT table memory at [mem 0x7ffe0040-0x7ffe20fb]
[    0.006730] ACPI: Reserving FACS table memory at [mem 0x7ffe0000-0x7ffe003f]
[    0.006731] ACPI: Reserving APIC table memory at [mem 0x7ffe21f0-0x7ffe2267]
[    0.006732] ACPI: Reserving HPET table memory at [mem 0x7ffe2268-0x7ffe229f]
[    0.006732] ACPI: Reserving MCFG table memory at [mem 0x7ffe22a0-0x7ffe22db]
[    0.006733] ACPI: Reserving WAET table memory at [mem 0x7ffe22dc-0x7ffe2303]
[    0.007025] No NUMA configuration found
[    0.007026] Faking a node at [mem 0x0000000000000000-0x000000007ffddfff]
[    0.007032] NODE_DATA(0) allocated [mem 0x75dbc000-0x75de6fff]
[    0.007170] Zone ranges:
[    0.007171]   DMA      [mem 0x0000000000001000-0x0000000000ffffff]
[    0.007172]   DMA32    [mem 0x0000000001000000-0x000000007ffddfff]
[    0.007174]   Normal   empty
[    0.007175]   Device   empty
[    0.007176] Movable zone start for each node
[    0.007177] Early memory node ranges
[    0.007178]   node   0: [mem 0x0000000000001000-0x000000000009efff]
[    0.007179]   node   0: [mem 0x0000000000100000-0x000000007ffddfff]
[    0.007181] Initmem setup node 0 [mem 0x0000000000001000-0x000000007ffddfff]
[    0.007414] On node 0, zone DMA: 1 pages in unavailable ranges
[    0.007426] On node 0, zone DMA: 97 pages in unavailable ranges
[    0.012384] On node 0, zone DMA32: 34 pages in unavailable ranges
[    0.012703] ACPI: PM-Timer IO Port: 0x608
[    0.012717] ACPI: LAPIC_NMI (acpi_id[0xff] dfl dfl lint[0x1])
[    0.012756] IOAPIC[0]: apic_id 0, version 17, address 0xfec00000, GSI 0-23
[    0.012759] ACPI: INT_SRC_OVR (bus 0 bus_irq 0 global_irq 2 dfl dfl)
[    0.012760] ACPI: INT_SRC_OVR (bus 0 bus_irq 5 global_irq 5 high level)
[    0.012762] ACPI: INT_SRC_OVR (bus 0 bus_irq 9 global_irq 9 high level)
[    0.012763] ACPI: INT_SRC_OVR (bus 0 bus_irq 10 global_irq 10 high level)
[    0.012764] ACPI: INT_SRC_OVR (bus 0 bus_irq 11 global_irq 11 high level)
[    0.012768] ACPI: Using ACPI (MADT) for SMP configuration information
[    0.012769] ACPI: HPET id: 0x8086a201 base: 0xfed00000
[    0.012774] TSC deadline timer available
[    0.012775] smpboot: Allowing 1 CPUs, 0 hotplug CPUs
[    0.012795] kvm-guest: APIC: eoi() replaced with kvm_guest_apic_eoi_write()
[    0.012827] PM: hibernation: Registered nosave memory: [mem 0x00000000-0x00000fff]
[    0.012829] PM: hibernation: Registered nosave memory: [mem 0x0009f000-0x000fffff]
[    0.012831] [mem 0xc0000000-0xfed1bfff] available for PCI devices
[    0.012832] Booting paravirtualized kernel on KVM
[    0.012835] clocksource: refined-jiffies: mask: 0xffffffff max_cycles: 0xffffffff, max_idle_ns: 1910969940391419 ns
[    0.012843] setup_percpu: NR_CPUS:8192 nr_cpumask_bits:1 nr_cpu_ids:1 nr_node_ids:1
[    0.013239] percpu: Embedded 86 pages/cpu s229376 r8192 d114688 u2097152
[    0.013283] kvm-guest: PV spinlocks disabled, single CPU
[    0.013284] Kernel command line: console=ttyS0 panic=-1 no_console_suspend rdinit=/init phase3_client=weston-simple-shm phase3_runtime_seconds=35 phase3_suspend_delay_seconds=10 phase3_wake_seconds=5 phase3_pm_test=devices phase3_weston_debug=1 phase3_guest_capture=1 phase3_guest_capture_pre_delay_seconds=8 phase3_guest_capture_post_delay_seconds=17
[    0.013456] Unknown kernel command line parameters "phase3_client=weston-simple-shm phase3_runtime_seconds=35 phase3_suspend_delay_seconds=10 phase3_wake_seconds=5 phase3_pm_test=devices phase3_weston_debug=1 phase3_guest_capture=1 phase3_guest_capture_pre_delay_seconds=8 phase3_guest_capture_post_delay_seconds=17", will be passed to user space.
[    0.013503] random: crng init done
[    0.013865] Dentry cache hash table entries: 262144 (order: 9, 2097152 bytes, linear)
[    0.013988] Inode-cache hash table entries: 131072 (order: 8, 1048576 bytes, linear)
[    0.014033] Fallback order for Node 0: 0 
[    0.014042] Built 1 zonelists, mobility grouping on.  Total pages: 515806
[    0.014044] Policy zone: DMA32
[    0.014049] mem auto-init: stack:all(zero), heap alloc:on, heap free:off
[    0.018123] Memory: 1840200K/2096624K available (22528K kernel code, 4439K rwdata, 14400K rodata, 4920K init, 4788K bss, 256164K reserved, 0K cma-reserved)
[    0.019014] SLUB: HWalign=64, Order=0-3, MinObjects=0, CPUs=1, Nodes=1
[    0.019039] ftrace: allocating 58250 entries in 228 pages
[    0.028982] ftrace: allocated 228 pages with 4 groups
[    0.029942] Dynamic Preempt: voluntary
[    0.030248] rcu: Preemptible hierarchical RCU implementation.
[    0.030249] rcu: 	RCU restricting CPUs from NR_CPUS=8192 to nr_cpu_ids=1.
[    0.030251] 	Trampoline variant of Tasks RCU enabled.
[    0.030252] 	Rude variant of Tasks RCU enabled.
[    0.030253] 	Tracing variant of Tasks RCU enabled.
[    0.030254] rcu: RCU calculated value of scheduler-enlistment delay is 100 jiffies.
[    0.030255] rcu: Adjusting geometry for rcu_fanout_leaf=16, nr_cpu_ids=1
[    0.030268] RCU Tasks: Setting shift to 0 and lim to 1 rcu_task_cb_adjust=1 rcu_task_cpu_ids=1.
[    0.030271] RCU Tasks Rude: Setting shift to 0 and lim to 1 rcu_task_cb_adjust=1 rcu_task_cpu_ids=1.
[    0.030273] RCU Tasks Trace: Setting shift to 0 and lim to 1 rcu_task_cb_adjust=1 rcu_task_cpu_ids=1.
[    0.033551] NR_IRQS: 524544, nr_irqs: 256, preallocated irqs: 16
[    0.033775] rcu: srcu_init: Setting srcu_struct sizes based on contention.
[    0.042802] Console: colour VGA+ 80x25
[    0.042853] printk: legacy console [ttyS0] enabled
[    0.120014] ACPI: Core revision 20230628
[    0.120545] clocksource: hpet: mask: 0xffffffff max_cycles: 0xffffffff, max_idle_ns: 19112604467 ns
[    0.121516] APIC: Switch to symmetric I/O mode setup
[    0.122228] x2apic enabled
[    0.122785] APIC: Switched APIC routing to: physical x2apic
[    0.124337] ..TIMER: vector=0x30 apic1=0 pin1=2 apic2=-1 pin2=-1
[    0.124941] clocksource: tsc-early: mask: 0xffffffffffffffff max_cycles: 0x28680fa287f, max_idle_ns: 440795281151 ns
[    0.125939] Calibrating delay loop (skipped) preset value.. 5606.40 BogoMIPS (lpj=2803200)
[    0.127113] x86/cpu: User Mode Instruction Prevention (UMIP) activated
[    0.128084] Last level iTLB entries: 4KB 0, 2MB 0, 4MB 0
[    0.128938] Last level dTLB entries: 4KB 0, 2MB 0, 4MB 0, 1GB 0
[    0.129529] Spectre V1 : Mitigation: usercopy/swapgs barriers and __user pointer sanitization
[    0.129943] Spectre V2 : Spectre BHI mitigation: SW BHB clearing on vm exit
[    0.130936] Spectre V2 : Spectre BHI mitigation: SW BHB clearing on syscall
[    0.131584] Spectre V2 : Mitigation: Enhanced / Automatic IBRS
[    0.131937] Spectre V2 : Spectre v2 / PBRSB-eIBRS: Retire a single CALL on VMEXIT
[    0.132940] Spectre V2 : mitigation: Enabling conditional Indirect Branch Prediction Barrier
[    0.133671] Speculative Store Bypass: Mitigation: Speculative Store Bypass disabled via prctl
[    0.133938] ITS: WARNING: ITS mitigation depends on retpoline and rethunk support
[    0.134941] ITS: Vulnerable
[    0.135295] x86/fpu: Supporting XSAVE feature 0x001: 'x87 floating point registers'
[    0.135939] x86/fpu: Supporting XSAVE feature 0x002: 'SSE registers'
[    0.136937] x86/fpu: Supporting XSAVE feature 0x004: 'AVX registers'
[    0.137632] x86/fpu: Supporting XSAVE feature 0x020: 'AVX-512 opmask'
[    0.137937] x86/fpu: Supporting XSAVE feature 0x040: 'AVX-512 Hi256'
[    0.138937] x86/fpu: Supporting XSAVE feature 0x080: 'AVX-512 ZMM_Hi256'
[    0.139560] x86/fpu: Supporting XSAVE feature 0x200: 'Protection Keys User registers'
[    0.139938] x86/fpu: xstate_offset[2]:  576, xstate_sizes[2]:  256
[    0.140937] x86/fpu: xstate_offset[5]:  832, xstate_sizes[5]:   64
[    0.141531] x86/fpu: xstate_offset[6]:  896, xstate_sizes[6]:  512
[    0.141937] x86/fpu: xstate_offset[7]: 1408, xstate_sizes[7]: 1024
[    0.142492] x86/fpu: xstate_offset[9]: 2432, xstate_sizes[9]:    8
[    0.142937] x86/fpu: Enabled xstate features 0x2e7, context size is 2440 bytes, using 'compacted' format.
[    0.175072] Freeing SMP alternatives memory: 48K
[    0.175529] pid_max: default: 32768 minimum: 301
[    0.175989] LSM: initializing lsm=lockdown,capability,landlock,yama,apparmor,integrity
[    0.176711] landlock: Up and running.
[    0.176937] Yama: becoming mindful.
[    0.177292] AppArmor: AppArmor initialized
[    0.177999] Mount-cache hash table entries: 4096 (order: 3, 32768 bytes, linear)
[    0.178727] Mountpoint-cache hash table entries: 4096 (order: 3, 32768 bytes, linear)
[    0.179226] smpboot: CPU0: 11th Gen Intel(R) Core(TM) i7-1165G7 @ 2.80GHz (family: 0x6, model: 0x8c, stepping: 0x1)
[    0.180341] Performance Events: Icelake events, full-width counters, Intel PMU driver.
[    0.180941] ... version:                2
[    0.181310] ... bit width:              48
[    0.181676] ... generic registers:      8
[    0.181938] ... value mask:             0000ffffffffffff
[    0.182451] ... max period:             00007fffffffffff
[    0.182925] ... fixed-purpose events:   3
[    0.182938] ... event mask:             00000007000000ff
[    0.183508] signal: max sigframe size: 3632
[    0.183970] rcu: Hierarchical SRCU implementation.
[    0.184415] rcu: 	Max phase no-delay instances is 400.
[    0.185230] smp: Bringing up secondary CPUs ...
[    0.185687] smp: Brought up 1 node, 1 CPU
[    0.185940] smpboot: Max logical packages: 1
[    0.186323] smpboot: Total of 1 processors activated (5606.40 BogoMIPS)
[    0.187150] devtmpfs: initialized
[    0.187498] x86/mm: Memory block size: 128MB
[    0.188304] clocksource: jiffies: mask: 0xffffffff max_cycles: 0xffffffff, max_idle_ns: 1911260446275000 ns
[    0.188942] futex hash table entries: 256 (order: 2, 16384 bytes, linear)
[    0.189640] pinctrl core: initialized pinctrl subsystem
[    0.190078] PM: RTC time: 04:41:52, date: 2026-03-08
[    0.191207] NET: Registered PF_NETLINK/PF_ROUTE protocol family
[    0.192022] DMA: preallocated 256 KiB GFP_KERNEL pool for atomic allocations
[    0.192715] DMA: preallocated 256 KiB GFP_KERNEL|GFP_DMA pool for atomic allocations
[    0.192957] DMA: preallocated 256 KiB GFP_KERNEL|GFP_DMA32 pool for atomic allocations
[    0.193687] audit: initializing netlink subsys (disabled)
[    0.193988] audit: type=2000 audit(1772944913.342:1): state=initialized audit_enabled=0 res=1
[    0.194913] thermal_sys: Registered thermal governor 'fair_share'
[    0.194914] thermal_sys: Registered thermal governor 'bang_bang'
[    0.194939] thermal_sys: Registered thermal governor 'step_wise'
[    0.195487] thermal_sys: Registered thermal governor 'user_space'
[    0.195938] thermal_sys: Registered thermal governor 'power_allocator'
[    0.196497] cpuidle: using governor ladder
[    0.197310] cpuidle: using governor menu
[    0.197785] acpiphp: ACPI Hot Plug PCI Controller Driver version: 0.5
[    0.198089] PCI: ECAM [mem 0xb0000000-0xbfffffff] (base 0xb0000000) for domain 0000 [bus 00-ff]
[    0.198930] PCI: ECAM [mem 0xb0000000-0xbfffffff] reserved as E820 entry
[    0.198948] PCI: Using configuration type 1 for base access
[    0.199759] kprobes: kprobe jump-optimization is enabled. All kprobes are optimized if possible.
[    0.237963] HugeTLB: registered 1.00 GiB page size, pre-allocated 0 pages
[    0.238643] HugeTLB: 16380 KiB vmemmap can be freed for a 1.00 GiB page
[    0.238939] HugeTLB: registered 2.00 MiB page size, pre-allocated 0 pages
[    0.239595] HugeTLB: 28 KiB vmemmap can be freed for a 2.00 MiB page
[    0.241029] ACPI: Added _OSI(Module Device)
[    0.241479] ACPI: Added _OSI(Processor Device)
[    0.241882] ACPI: Added _OSI(Processor Aggregator Device)
[    0.243211] ACPI: 1 ACPI AML tables successfully acquired and loaded
[    0.244722] ACPI: _OSC evaluation for CPUs failed, trying _PDC
[    0.245049] ACPI: Interpreter enabled
[    0.245426] ACPI: PM: (supports S0 S3 S4 S5)
[    0.245816] ACPI: Using IOAPIC for interrupt routing
[    0.246021] PCI: Using host bridge windows from ACPI; if necessary, use "pci=nocrs" and report a bug
[    0.246855] PCI: Using E820 reservations for host bridge windows
[    0.247026] ACPI: Enabled 2 GPEs in block 00 to 3F
[    0.249253] ACPI: PCI Root Bridge [PCI0] (domain 0000 [bus 00-ff])
[    0.249850] acpi PNP0A08:00: _OSC: OS supports [ExtendedConfig ASPM ClockPM Segments MSI EDR HPX-Type3]
[    0.249985] acpi PNP0A08:00: _OSC: platform does not support [PCIeHotplug LTR DPC]
[    0.250735] acpi PNP0A08:00: _OSC: OS now controls [SHPCHotplug PME AER PCIeCapability]
[    0.251074] PCI host bridge to bus 0000:00
[    0.251465] pci_bus 0000:00: root bus resource [io  0x0000-0x0cf7 window]
[    0.251939] pci_bus 0000:00: root bus resource [io  0x0d00-0xffff window]
[    0.252598] pci_bus 0000:00: root bus resource [mem 0x000a0000-0x000bffff window]
[    0.252939] pci_bus 0000:00: root bus resource [mem 0x80000000-0xafffffff window]
[    0.253614] pci_bus 0000:00: root bus resource [mem 0xc0000000-0xfebfffff window]
[    0.253939] pci_bus 0000:00: root bus resource [mem 0x100000000-0x8ffffffff window]
[    0.254632] pci_bus 0000:00: root bus resource [bus 00-ff]
[    0.254997] pci 0000:00:00.0: [8086:29c0] type 00 class 0x060000 conventional PCI endpoint
[    0.256172] pci 0000:00:01.0: [1af4:1000] type 00 class 0x020000 conventional PCI endpoint
[    0.257931] pci 0000:00:01.0: BAR 0 [io  0xc040-0xc05f]
[    0.258612] pci 0000:00:01.0: BAR 4 [mem 0xfe800000-0xfe803fff 64bit pref]
[    0.258959] pci 0000:00:01.0: ROM [mem 0xfeb00000-0xfeb7ffff pref]
[    0.260532] pci 0000:00:02.0: [1af4:1050] type 00 class 0x030000 conventional PCI endpoint
[    0.262799] pci 0000:00:02.0: BAR 0 [mem 0xfe000000-0xfe7fffff pref]
[    0.262958] pci 0000:00:02.0: BAR 2 [mem 0xfe804000-0xfe807fff 64bit pref]
[    0.263593] pci 0000:00:02.0: BAR 4 [mem 0xfeb94000-0xfeb94fff]
[    0.263955] pci 0000:00:02.0: ROM [mem 0xfeb80000-0xfeb8ffff pref]
[    0.264582] pci 0000:00:02.0: Video device with shadowed ROM at [mem 0x000c0000-0x000dffff]
[    0.265434] pci 0000:00:03.0: [1b36:000d] type 00 class 0x0c0330 PCIe Root Complex Integrated Endpoint
[    0.266519] pci 0000:00:03.0: BAR 0 [mem 0xfeb90000-0xfeb93fff 64bit]
[    0.276711] pci 0000:00:1f.0: [8086:2918] type 00 class 0x060100 conventional PCI endpoint
[    0.277217] pci 0000:00:1f.0: quirk: [io  0x0600-0x067f] claimed by ICH6 ACPI/GPIO/TCO
[    0.278150] pci 0000:00:1f.2: [8086:2922] type 00 class 0x010601 conventional PCI endpoint
[    0.279968] pci 0000:00:1f.2: BAR 4 [io  0xc060-0xc07f]
[    0.280453] pci 0000:00:1f.2: BAR 5 [mem 0xfeb95000-0xfeb95fff]
[    0.281220] pci 0000:00:1f.3: [8086:2930] type 00 class 0x0c0500 conventional PCI endpoint
[    0.282589] pci 0000:00:1f.3: BAR 4 [io  0x0700-0x073f]
[    0.283310] ACPI: PCI: Interrupt link LNKA configured for IRQ 10
[    0.283901] ACPI: PCI: Interrupt link LNKB configured for IRQ 10
[    0.283998] ACPI: PCI: Interrupt link LNKC configured for IRQ 11
[    0.284575] ACPI: PCI: Interrupt link LNKD configured for IRQ 11
[    0.285055] ACPI: PCI: Interrupt link LNKE configured for IRQ 10
[    0.285665] ACPI: PCI: Interrupt link LNKF configured for IRQ 10
[    0.286026] ACPI: PCI: Interrupt link LNKG configured for IRQ 11
[    0.286664] ACPI: PCI: Interrupt link LNKH configured for IRQ 11
[    0.286974] ACPI: PCI: Interrupt link GSIA configured for IRQ 16
[    0.287509] ACPI: PCI: Interrupt link GSIB configured for IRQ 17
[    0.287950] ACPI: PCI: Interrupt link GSIC configured for IRQ 18
[    0.288527] ACPI: PCI: Interrupt link GSID configured for IRQ 19
[    0.288963] ACPI: PCI: Interrupt link GSIE configured for IRQ 20
[    0.289529] ACPI: PCI: Interrupt link GSIF configured for IRQ 21
[    0.289946] ACPI: PCI: Interrupt link GSIG configured for IRQ 22
[    0.290487] ACPI: PCI: Interrupt link GSIH configured for IRQ 23
[    0.291249] iommu: Default domain type: Translated
[    0.291680] iommu: DMA domain TLB invalidation policy: lazy mode
[    0.292065] SCSI subsystem initialized
[    0.292464] ACPI: bus type USB registered
[    0.292860] usbcore: registered new interface driver usbfs
[    0.292956] usbcore: registered new interface driver hub
[    0.293503] usbcore: registered new device driver usb
[    0.293972] pps_core: LinuxPPS API ver. 1 registered
[    0.294431] pps_core: Software ver. 5.3.6 - Copyright 2005-2007 Rodolfo Giometti <giometti@linux.it>
[    0.294947] PTP clock support registered
[    0.295427] EDAC MC: Ver: 3.0.0
[    0.296074] NetLabel: Initializing
[    0.296380] NetLabel:  domain hash size = 128
[    0.296774] NetLabel:  protocols = UNLABELED CIPSOv4 CALIPSO
[    0.296952] NetLabel:  unlabeled traffic allowed by default
[    0.297489] mctp: management component transport protocol core
[    0.297938] NET: Registered PF_MCTP protocol family
[    0.298389] PCI: Using ACPI for IRQ routing
[    0.434184] pci 0000:00:02.0: vgaarb: setting as boot VGA device
[    0.434780] pci 0000:00:02.0: vgaarb: bridge control possible
[    0.434935] pci 0000:00:02.0: vgaarb: VGA device added: decodes=io+mem,owns=io+mem,locks=none
[    0.434948] vgaarb: loaded
[    0.435541] hpet0: at MMIO 0xfed00000, IRQs 2, 8, 0
[    0.435939] hpet0: 3 comparators, 64-bit 100.000000 MHz counter
[    0.438973] clocksource: Switched to clocksource kvm-clock
[    0.440063] VFS: Disk quotas dquot_6.6.0
[    0.440486] VFS: Dquot-cache hash table entries: 512 (order 0, 4096 bytes)
[    0.441250] AppArmor: AppArmor Filesystem Enabled
[    0.441714] pnp: PnP ACPI init
[    0.442127] system 00:05: [mem 0xb0000000-0xbfffffff window] has been reserved
[    0.443055] pnp: PnP ACPI: found 6 devices
[    0.448865] clocksource: acpi_pm: mask: 0xffffff max_cycles: 0xffffff, max_idle_ns: 2085701024 ns
[    0.450382] NET: Registered PF_INET protocol family
[    0.451165] IP idents hash table entries: 32768 (order: 6, 262144 bytes, linear)
[    0.464876] tcp_listen_portaddr_hash hash table entries: 1024 (order: 2, 16384 bytes, linear)
[    0.465705] Table-perturb hash table entries: 65536 (order: 6, 262144 bytes, linear)
[    0.466408] TCP established hash table entries: 16384 (order: 5, 131072 bytes, linear)
[    0.467202] TCP bind hash table entries: 16384 (order: 7, 524288 bytes, linear)
[    0.467996] TCP: Hash tables configured (established 16384 bind 16384)
[    0.468647] MPTCP token hash table entries: 2048 (order: 3, 49152 bytes, linear)
[    0.469324] UDP hash table entries: 1024 (order: 3, 32768 bytes, linear)
[    0.469963] UDP-Lite hash table entries: 1024 (order: 3, 32768 bytes, linear)
[    0.470655] NET: Registered PF_UNIX/PF_LOCAL protocol family
[    0.471180] NET: Registered PF_XDP protocol family
[    0.471635] pci_bus 0000:00: resource 4 [io  0x0000-0x0cf7 window]
[    0.472246] pci_bus 0000:00: resource 5 [io  0x0d00-0xffff window]
[    0.472872] pci_bus 0000:00: resource 6 [mem 0x000a0000-0x000bffff window]
[    0.473496] pci_bus 0000:00: resource 7 [mem 0x80000000-0xafffffff window]
[    0.474131] pci_bus 0000:00: resource 8 [mem 0xc0000000-0xfebfffff window]
[    0.474767] pci_bus 0000:00: resource 9 [mem 0x100000000-0x8ffffffff window]
[    0.475652] ACPI: \_SB_.GSIH: Enabled at IRQ 23
[    0.477036] PCI: CLS 0 bytes, default 64
[    0.477536] Trying to unpack rootfs image as initramfs...
[    0.479324] clocksource: tsc: mask: 0xffffffffffffffff max_cycles: 0x28680fa287f, max_idle_ns: 440795281151 ns
[    0.481465] Initialise system trusted keyrings
[    0.481907] Key type blacklist registered
[    0.483328] workingset: timestamp_bits=36 max_order=19 bucket_order=0
[    0.483970] zbud: loaded
[    0.485420] squashfs: version 4.0 (2009/01/31) Phillip Lougher
[    0.487196] fuse: init (API version 7.39)
[    0.489293] integrity: Platform Keyring initialized
[    0.489767] integrity: Machine keyring initialized
[    0.511181] Key type asymmetric registered
[    0.511606] Asymmetric key parser 'x509' registered
[    0.512070] Block layer SCSI generic (bsg) driver version 0.4 loaded (major 243)
[    0.515360] io scheduler mq-deadline registered
[    0.516335] shpchp: Standard Hot Plug PCI Controller Driver version: 0.4
[    0.518445] input: Power Button as /devices/LNXSYSTM:00/LNXPWRBN:00/input/input0
[    0.520272] ACPI: button: Power Button [PWRF]
[    0.522510] ACPI: \_SB_.GSIF: Enabled at IRQ 21
[    0.526255] ACPI: \_SB_.GSIG: Enabled at IRQ 22
[    0.529185] Serial: 8250/16550 driver, 32 ports, IRQ sharing enabled
[    0.576390] 00:03: ttyS0 at I/O 0x3f8 (irq = 4, base_baud = 115200) is a 16550A
[    0.581809] Linux agpgart interface v0.103
[    0.584596] loop: module loaded
[    0.586301] ACPI: bus type drm_connector registered
[    0.586929] tun: Universal TUN/TAP device driver, 1.6
[    0.589340] PPP generic driver version 2.4.2
[    0.590264] i8042: PNP: PS/2 Controller [PNP0303:KBD,PNP0f13:MOU] at 0x60,0x64 irq 1,12
[    0.593523] serio: i8042 KBD port at 0x60,0x64 irq 1
[    0.593998] serio: i8042 AUX port at 0x60,0x64 irq 12
[    0.595297] mousedev: PS/2 mouse device common for all mice
[    0.596423] input: AT Translated Set 2 keyboard as /devices/platform/i8042/serio0/input/input1
[    0.597402] rtc_cmos 00:04: RTC can wake from S4
[    0.599398] rtc_cmos 00:04: registered as rtc0
[    0.599882] rtc_cmos 00:04: setting system clock to 2026-03-08T04:41:52 UTC (1772944912)
[    0.602254] rtc_cmos 00:04: alarms up to one day, y3k, 242 bytes nvram, hpet irqs
[    0.602957] i2c_dev: i2c /dev entries driver
[    0.604218] device-mapper: core: CONFIG_IMA_DISABLE_HTABLE is disabled. Duplicate IMA measurements will not be recorded in the IMA log.
[    0.607311] device-mapper: uevent: version 1.0.3
[    0.607810] device-mapper: ioctl: 4.48.0-ioctl (2023-03-01) initialised: dm-devel@redhat.com
[    0.608800] intel_pstate: CPU model not supported
[    0.611228] ledtrig-cpu: registered to indicate activity on CPUs
[    0.611866] drop_monitor: Initializing network drop monitor service
[    0.614447] NET: Registered PF_INET6 protocol family
[    2.355683] Freeing initrd memory: 165796K
[    2.356171] Segment Routing with IPv6
[    2.356448] In-situ OAM (IOAM) with IPv6
[    2.356755] NET: Registered PF_PACKET protocol family
[    2.357123] Key type dns_resolver registered
[    2.357632] IPI shorthand broadcast: enabled
[    2.358925] sched_clock: Marking stable (2269002519, 89153665)->(2380432188, -22276004)
[    2.359598] registered taskstats version 1
[    2.359952] Loading compiled-in X.509 certificates
[    2.360820] Loaded X.509 cert 'Build time autogenerated kernel key: 7f71bdefc17a4d88631555bf9efbb1c93d6f5260'
[    2.361875] Loaded X.509 cert 'Canonical Ltd. Live Patch Signing 2025 Kmod: d541cef61dc7e793b7eb7e899970a2eef0b5dc8c'
[    2.362979] Loaded X.509 cert 'Canonical Ltd. Live Patch Signing: 14df34d1a87cf37625abec039ef2bf521249b969'
[    2.364072] Loaded X.509 cert 'Canonical Ltd. Kernel Module Signing: 88f752e560a1e0737e31163a466ad7b70a850c19'
[    2.364779] blacklist: Loading compiled-in revocation X.509 certificates
[    2.365256] Loaded X.509 cert 'Canonical Ltd. Secure Boot Signing: 61482aa2830d0ab2ad5af10b7250da9033ddcef0'
[    2.365939] Loaded X.509 cert 'Canonical Ltd. Secure Boot Signing (2017): 242ade75ac4a15e50d50c84b0d45ff3eae707a03'
[    2.366732] Loaded X.509 cert 'Canonical Ltd. Secure Boot Signing (ESM 2018): 365188c1d374d6b07c3c8f240f8ef722433d6a8b'
[    2.367493] Loaded X.509 cert 'Canonical Ltd. Secure Boot Signing (2019): c0746fd6c5da3ae827864651ad66ae47fe24b3e8'
[    2.368260] Loaded X.509 cert 'Canonical Ltd. Secure Boot Signing (2021 v1): a8d54bbb3825cfb94fa13c9f8a594a195c107b8d'
[    2.369052] Loaded X.509 cert 'Canonical Ltd. Secure Boot Signing (2021 v2): 4cf046892d6fd3c9a5b03f98d845f90851dc6a8c'
[    2.369805] Loaded X.509 cert 'Canonical Ltd. Secure Boot Signing (2021 v3): 100437bb6de6e469b581e61cd66bce3ef4ed53af'
[    2.370547] Loaded X.509 cert 'Canonical Ltd. Secure Boot Signing (Ubuntu Core 2019): c1d57b8f6b743f23ee41f4f7ee292f06eecadfb9'
[    2.373543] Key type .fscrypt registered
[    2.373859] Key type fscrypt-provisioning registered
[    2.374597] Key type encrypted registered
[    2.374898] AppArmor: AppArmor sha256 policy hashing enabled
[    2.375311] ima: No TPM chip found, activating TPM-bypass!
[    2.375712] Loading compiled-in module X.509 certificates
[    2.376476] Loaded X.509 cert 'Build time autogenerated kernel key: 7f71bdefc17a4d88631555bf9efbb1c93d6f5260'
[    2.377195] ima: Allocated hash algorithm: sha256
[    2.377595] ima: No architecture policies found
[    2.377945] evm: Initialising EVM extended attributes:
[    2.378307] evm: security.selinux
[    2.378538] evm: security.SMACK64
[    2.378783] evm: security.SMACK64EXEC
[    2.379039] evm: security.SMACK64TRANSMUTE
[    2.379355] evm: security.SMACK64MMAP
[    2.379624] evm: security.apparmor
[    2.379948] evm: security.ima
[    2.380245] evm: security.capability
[    2.380527] evm: HMAC attrs: 0x1
[    2.380980] PM:   Magic number: 2:137:666
[    2.381315] platform QEMU0002:00: hash matches
[    2.381648] acpi QEMU0002:00: hash matches
[    2.384413] RAS: Correctable Errors collector initialized.
[    2.384877] clk: Disabling unused clocks
[    2.391435] Freeing unused decrypted memory: 2028K
[    2.392086] Freeing unused kernel image (initmem) memory: 4920K
[    2.392381] Write protecting the kernel read-only data: 38912k
[    2.392968] Freeing unused kernel image (rodata/data gap) memory: 1984K
[    2.401664] x86/mm: Checked W+X mappings: passed, no W+X pages found.
[    2.401979] Run /init as init process
[init-phase3] booted
[init-phase3] loading module=/lib/modules/6.8.0-101-generic/kernel/drivers/virtio/virtio_dma_buf.ko
[init-phase3] loading module=/lib/modules/6.8.0-101-generic/kernel/drivers/gpu/drm/virtio/virtio-gpu.ko
[    2.409077] [drm] pci: virtio-vga detected at 0000:00:02.0
[    2.409398] virtio-pci 0000:00:02.0: vgaarb: deactivate vga console
[    2.414630] Console: switching to colour dummy device 80x25
[    2.415022] [drm] features: -virgl +edid -resource_blob -host_visible
[    2.415023] [drm] features: -context_init
[    2.416057] [drm] number of scanouts: 1
[    2.416315] [drm] number of cap sets: 0
[    2.416765] [drm] Initialized virtio_gpu 0.1.0 0 for 0000:00:02.0 on minor 0
[    2.418665] fbcon: virtio_gpudrmfb (fb0) is primary device
[    2.421322] Console: switching to colour frame buffer device 160x50
[    2.423816] virtio-pci 0000:00:02.0: [drm] fb0: virtio_gpudrmfb frame buffer device
[init-phase3] loading module=/lib/modules/6.8.0-101-generic/kernel/drivers/hid/hid.ko
[    2.429409] hid: raw HID events driver (C) Jiri Kosina
[init-phase3] loading module=/lib/modules/6.8.0-101-generic/kernel/drivers/hid/hid-generic.ko
[init-phase3] loading module=/lib/modules/6.8.0-101-generic/kernel/drivers/hid/usbhid/usbhid.ko
[    2.432742] usbcore: registered new interface driver usbhid
[    2.433018] usbhid: USB HID core driver
[init-phase3] loading module=/lib/modules/6.8.0-101-generic/kernel/drivers/hid/usbhid/usbkbd.ko
[    2.434423] usbcore: registered new interface driver usbkbd
[init-phase3] loading module=/lib/modules/6.8.0-101-generic/kernel/drivers/hid/usbhid/usbmouse.ko
[    2.435775] usbcore: registered new interface driver usbmouse
[init-phase3] loading module=/lib/modules/6.8.0-101-generic/kernel/drivers/input/mouse/psmouse.ko
[    2.439269] input: VirtualPS/2 VMware VMMouse as /devices/platform/i8042/serio1/input/input4
[init-phase3] loading module=/lib/modules/6.8.0-101-generic/kernel/drivers/usb/host/xhci-pci-renesas.ko[    2.440458] input: VirtualPS/2 VMware VMMouse as /devices/platform/i8042/serio1/input/input3

[init-phase3] loading module=/lib/modules/6.8.0-101-generic/kernel/drivers/usb/host/xhci-pci.ko
[    2.443328] xhci_hcd 0000:00:03.0: xHCI Host Controller
[    2.443598] xhci_hcd 0000:00:03.0: new USB bus registered, assigned bus number 1
[    2.444107] xhci_hcd 0000:00:03.0: hcc params 0x00087001 hci version 0x100 quirks 0x0000000000000010
[    2.444889] xhci_hcd 0000:00:03.0: xHCI Host Controller
[    2.445141] xhci_hcd 0000:00:03.0: new USB bus registered, assigned bus number 2
[    2.445495] xhci_hcd 0000:00:03.0: Host supports USB 3.0 SuperSpeed
[    2.445854] usb usb1: New USB device found, idVendor=1d6b, idProduct=0002, bcdDevice= 6.08
[    2.446278] usb usb1: New USB device strings: Mfr=3, Product=2, SerialNumber=1
[    2.446627] usb usb1: Product: xHCI Host Controller
[    2.446908] usb usb1: Manufacturer: Linux 6.8.0-101-generic xhci-hcd
[    2.447224] usb usb1: SerialNumber: 0000:00:03.0
[    2.447522] hub 1-0:1.0: USB hub found
[    2.447745] hub 1-0:1.0: 4 ports detected
[    2.448052] usb usb2: We don't know the algorithms for LPM for this host, disabling LPM.
[    2.448454] usb usb2: New USB device found, idVendor=1d6b, idProduct=0003, bcdDevice= 6.08
[    2.448844] usb usb2: New USB device strings: Mfr=3, Product=2, SerialNumber=1
[    2.449251] usb usb2: Product: xHCI Host Controller
[    2.449493] usb usb2: Manufacturer: Linux 6.8.0-101-generic xhci-hcd
[    2.449798] usb usb2: SerialNumber: 0000:00:03.0
[    2.450086] hub 2-0:1.0: USB hub found
[    2.450295] hub 2-0:1.0: 4 ports detected
Starting systemd-udevd version 255.4-1ubuntu8.8
total 0
drwxr-xr-x    2 root     root            80 Mar  8 04:41 by-path
crw-rw----    1 root     video     226,   0 Mar  8 04:41 card0
crw-rw----    1 root     root      226, 128 Mar  8 04:41 renderD128
total 0
drwxr-xr-x    2 root     root           100 Mar  8 04:41 by-path
crw-rw----    1 root     input      13,  64 Mar  8 04:41 event0
crw-rw----    1 root     input      13,  65 Mar  8 04:41 event1
crw-rw----    1 root     input      13,  66 Mar  8 04:41 event2
crw-rw----    1 root     input      13,  67 Mar  8 04:41 event3
crw-rw----    1 root     input      13,  63 Mar  8 04:41 mice
crw-rw----    1 root     input      13,  32 Mar  8 04:41 mouse0
crw-rw----    1 root     input      13,  33 Mar  8 04:41 mouse1
[init-phase3] seatd pid=122
[init-phase3] weston pid=123
WARNING: debug protocol has been enabled. This is a potential denial-of-service attack vector and information leak.
[init-phase3] wayland ready
Date: 2026-03-08 UTC
[04:41:54.400] weston 13.0.0
               https://wayland.freedesktop.org
               Bug reports to: https://gitlab.freedesktop.org/wayland/weston/issues/
               Build: 13.0.0
[04:41:54.400] Command line: /usr/bin/weston --backend=drm --renderer=pixman --shell=kiosk-shell.so --socket=wayland-1 --continue-without-input --debug --log=/var/log/weston.log
[04:41:54.400] OS: Linux, 6.8.0-101-generic, #101-Ubuntu SMP PREEMPT_DYNAMIC Mon Feb  9 10:15:05 UTC 2026, x86_64
[04:41:54.400] Flight recorder: enabled
[04:41:54.400] Using config file '/etc/xdg/weston/weston.ini'
[04:41:54.401] Output repaint window is 7 ms maximum.
[04:41:54.401] Loading module '/usr/lib/x86_64-linux-gnu/libweston-13/drm-backend.so'
[04:41:54.401] initializing drm backend
[04:41:54.401] Trying libseat launcher...
[04:41:54.401] [libseat/libseat.c:62] Seat opened with backend 'seatd'
[04:41:54.401] [libseat/backend/seatd.c:212] Enabling seat
[04:41:54.401] libseat: session control granted
[04:41:54.402] using /dev/dri/card0
[04:41:54.402] DRM: supports atomic modesetting
[04:41:54.402] DRM: does not support GBM modifiers
[04:41:54.402] DRM: does not support async page flipping
[04:41:54.402] DRM: supports picture aspect ratio
[04:41:54.402] Using Pixman renderer
[04:41:54.404] event0  - Power Button: is tagged by udev as: Keyboard
[04:41:54.404] event0  - Power Button: device is a keyboard
[04:41:54.405] event1  - AT Translated Set 2 keyboard: is tagged by udev as: Keyboard
[04:41:54.405] event1  - AT Translated Set 2 keyboard: device is a keyboard
[04:41:54.406] event3  - VirtualPS/2 VMware VMMouse: is tagged by udev as: Mouse
[04:41:54.406] event3  - VirtualPS/2 VMware VMMouse: device is a pointer
[04:41:54.406] event2  - VirtualPS/2 VMware VMMouse: is tagged by udev as: Mouse
[04:41:54.406] event2  - VirtualPS/2 VMware VMMouse: device is a pointer
[04:41:54.409] libinput: configuring device "Power Button".
[04:41:54.409] libinput: configuring device "AT Translated Set 2 keyboard".
[04:41:54.409] libinput: configuring device "VirtualPS/2 VMware VMMouse".
[04:41:54.409] libinput: configuring device "VirtualPS/2 VMware VMMouse".
[04:41:54.409] input device event2 has no enabled output associated (none named), skipping calibration for now.
[04:41:54.409] DRM: head 'Virtual-1' found, connector 36 is connected, EDID make 'RHT', model 'QEMU Monitor', serial ''
               Supported EOTF modes: SDR
[04:41:54.409] Registered plugin API 'weston_drm_output_api_v1' of size 40
[04:41:54.409] Registered plugin API 'weston_drm_virtual_output_api_v2' of size 48
[04:41:54.409] Color manager: no-op
[04:41:54.409] Output 'Virtual-1' attempts EOTF mode: SDR
[04:41:54.409] Output 'Virtual-1' using color profile: stock sRGB color profile
[04:41:54.411] DRM: output Virtual-1 uses shadow framebuffer.
[04:41:54.411] Output Virtual-1 (crtc 35) video modes:
               1280x800@75.0, preferred, current, 107.3 MHz
               5120x2160@50.0 64:27, 742.5 MHz
               4096x2160@50.0 256:135, 594.0 MHz
               3840x2160@60.0 16:9, 594.0 MHz
               3840x2160@59.9 16:9, 593.4 MHz
               3840x2160@50.0 16:9, 594.0 MHz
               1920x1440@60.0, 234.0 MHz
               2560x1080@50.0 64:27, 185.6 MHz
               1856x1392@60.0, 218.2 MHz
               1792x1344@60.0, 204.8 MHz
               2048x1152@60.0, 162.0 MHz
               1920x1200@59.9, 193.2 MHz
               1920x1080@60.0, 148.5 MHz
               1920x1080@50.0 16:9, 148.5 MHz
               1600x1200@60.0, 162.0 MHz
               1680x1050@60.0, 146.2 MHz
               1400x1050@60.0, 121.8 MHz
               1280x1024@60.0, 108.0 MHz
               1440x900@59.9, 106.5 MHz
               1280x960@60.0, 108.0 MHz
               1360x768@60.0, 85.5 MHz
               1280x768@59.9, 79.5 MHz
               1024x768@60.0, 65.0 MHz
               800x600@60.3, 40.0 MHz
               640x480@60.0 4:3, 25.2 MHz
               640x480@59.9, 25.2 MHz
[04:41:54.411] associating input device event0 with output Virtual-1 (none by udev)
[04:41:54.411] associating input device event1 with output Virtual-1 (none by udev)
[04:41:54.411] associating input device event3 with output Virtual-1 (none by udev)
[04:41:54.411] associating input device event2 with output Virtual-1 (none by udev)
[04:41:54.412] Output 'Virtual-1' enabled with head(s) Virtual-1
[04:41:54.412] Compositor capabilities:
               arbitrary surface rotation: yes
               screen capture uses y-flip: no
               cursor planes: yes
               arbitrary resolutions: no
               view mask clipping: yes
               explicit sync: no
               color operations: no
               presentation clock: CLOCK_MONOTONIC, id 1
               presentation clock resolution: 0.000000001 s
[04:41:54.412] Loading module '/usr/lib/x86_64-linux-gnu/weston/kiosk-shell.so'
[init-phase3] launching client=weston-simple-shm url=about:blank runtime=35 suspend_delay=10 wake=5 pm_test=devices no_suspend=
[init-phase3] app pid=126 client=weston-simple-shm
[    2.685206] usb 1-1: new high-speed USB device number 2 using xhci_hcd
[    2.811474] usb 1-1: New USB device found, idVendor=0627, idProduct=0001, bcdDevice= 0.00
[    2.811895] usb 1-1: New USB device strings: Mfr=1, Product=4, SerialNumber=11
[    2.812240] usb 1-1: Product: QEMU USB Keyboard
[    2.812458] usb 1-1: Manufacturer: QEMU
[    2.812646] usb 1-1: SerialNumber: 68284-0000:00:03.0-1
[    2.814861] input: QEMU QEMU USB Keyboard as /devices/pci0000:00/0000:00:03.0/usb1/1-1/1-1:1.0/0003:0627:0001.0001/input/input5
[    2.869250] hid-generic 0003:0627:0001.0001: input,hidraw0: USB HID v1.11 Keyboard [QEMU QEMU USB Keyboard] on usb-0000:00:03.0-1/input0
[    2.985690] usb 1-2: new high-speed USB device number 3 using xhci_hcd
[    3.113759] usb 1-2: New USB device found, idVendor=0627, idProduct=0001, bcdDevice= 0.00
[    3.114645] usb 1-2: New USB device strings: Mfr=1, Product=3, SerialNumber=10
[    3.115167] usb 1-2: Product: QEMU USB Tablet
[    3.115531] usb 1-2: Manufacturer: QEMU
[    3.115813] usb 1-2: SerialNumber: 28754-0000:00:03.0-2
[    3.117658] input: QEMU QEMU USB Tablet as /devices/pci0000:00/0000:00:03.0/usb1/1-2/1-2:1.0/0003:0627:0001.0002/input/input6
[    3.118931] hid-generic 0003:0627:0001.0002: input,hidraw1: USB HID v0.01 Mouse [QEMU QEMU USB Tablet] on usb-0000:00:03.0-2/input0
[init-phase3] guest-capture tag=pre delay=8
@@GUESTSHOT tag=pre path=/var/log/guestshots/wayland-screenshot-2026-03-08_04-42-02.png size=287390 sha256=7c3a41647767db55bc616b9f956ce080818133fe8b7327e4cd4d6667c7b1a333
@@GUESTSHOT_BEGIN tag=pre
iVBORw0KGgoAAAANSUhEUgAABQAAAAMgCAIAAADz+lisAAAABmJLR0QA/wD/AP+gvaeTAAAgAElE
QVR4nOy9f3Qc6VnnW2PrR7ck4/ZdG7duNKs2q1m1QbNqE89ac0MYzYaAZiGkvSFMmZDrGkJQzWW5
KjbAKCfszXJD+HFJSLiBk8kJyUxIwihMJ27WHVRhFCxIYBTGwc1axM2dvnHluoM7o+5WZ9TdVdUt
yfeP533feuutKlmekdSS9XxOH512h91TB+xGH77f53nuuXXrloQgCIIgCIIgCIIgdzsH2v0ACIIg
CIIgCIIgCLIToAAjCIIgCIIgCIIg+wIUYARBEARBEARBEGRfgAKMIAiCIAiCIAiC7AtQgBEEQRAE
QRAEQZB9AQowgiAIgiAIgiAIsi9AAUYQBEEQBEEQBEH2BSjACIIgCIIgCIIgyL4ABRhBEARBEARB
EATZF6AAIwiCIAiCIAiCIPsCFGAEQRAEQRAEQRBkX4ACjCAIgiAIgiAIguwLUIARBEEQBEEQBEGQ
fQEKMIIgCIIgCIIgCLIvQAFGEARBEARBEARB9gUowAiCIAiCIAiCIMi+AAUYQRAEQRAEQRAE2Reg
ACMIgiAIgiAIgiD7AhRgBEEQBEEQBEEQZF/Q8Wr+H7/u48+EOu7Zqld46/6/assr3Nn+Z9jX//1v
9wPs9+ffy3//9/x/89v9AEGvt3w+tVX/uwrZn8z/7Pfu3b//e/3f7x08P37/4/Pv5+fHv/9tejU7
/s9X/L9cXpUAIwiCIAjPu76cdv7QcU/7HgS5G5iYWWLvc2p/G58EQRAEuWtAAUYQBEFeLR/5eoa8
Q+lFtofEHxfhTVF7TXufBEEQBNnToAAjCIIgr4TnvvUl9v7T6L3IjvGH/+K8//V/3b7nQBAEQfYk
KMAIgiDIHfDid78Mb0IovUjb+Z0bt35TMiUp9Juxdj8KgiAIsjdAAUYQBEFuw8HOv2lJUmtNWllD
70V2I+Z/+5ZJ35/88L9p56MgCIIguxsUYARBEMSff3Ps7+i0JUovsme4/ivfhDcPPnlfe58EQRAE
2YWgACMIgiAu3nDf38ObEHovspe58p/z8OaRp4fb+yQIgiDI7gEFGEEQBJEkSXrHA/8Ab9B7kbuM
Sz///8CbczMn2/skCIIgSNtBAUYQBNnXvO+N/wPeoPcidz0XfjYHbx5P/0B7nwRBEARpFyjACIIg
+5FPv/Ub8Aa9F9mHPPVT5O//u/X72/skCIIgyA6DAowgCLKP+Mo7SRcUvRdBJEn60E8swpvfnR9t
75MgCIIgOwMKMIIgyN3PjV8le3HRexHEl/f+CJkF+NjCqfY+CYIgCLKtoAAjCILczbR+41st9F4E
2TRTP5SVJOlTl3+w3Q+CIAiCbAsowAiCIHchr/mDb9O3qL4IcsdMjl2RJOlRSfrzxdPtfhYEQRBk
K0EBRhAEuat47SeKkiSh9yLIlvBo4uuSJH0p90C7HwRBEATZGlCAEQRB7gbe8vkSfYvqiyBbzJtH
LsObrxln2vskCIIgyKsEBRhBEGRv84tfWpYkCb0XQXaAh4b+XpKkfyyMtftBEARBkFcICjCCIMie
5ANfW5Ek6dclSepA9UWQHeVM7Gvw5lul/6W9T4IgCILcKSjACIIge4zP/FNDkqQQei+CtJvh6POS
JH2n+rp2PwiCIAiyWVCAEQRB9gZf/XYT3qD6IsiuYvDo38Eb23p9e58EQRAEuS0owAiCILud/HfX
JPTeXcBPHD9grd6qWuvsJ/+Gf0mSxL9hP/k3POx/uPCG/eTf8K9I6AD/Bn5mvrO+E/9dQIIJ9X1V
kiRp9Yfb/SAIgiBIICjACIIgu5famlRbu4XquzP80GGpaq1v8Ppjt/36qq9XgyWPAwch2K/kp75e
DRZ+bvD66ne3+7+FiCRJktTxlVuSJEkPtfs5EARBEB9QgBEEQXYjfeGDEn5HbwNgucXaGrzgPfz8
ABVd+IS9wHX59/AzSUW3aq2bfvFvkP0KJsz/Hzh87Zd/H+bi34kA+xVMONp3UHjPfsIL3Xg7uCX9
jSlJIWm83Q+CIAiCuMBfrhAEQXYRI/3d7X6Eu4fTvbeKtTWjusp0t1hb+wDnvYIAM/tNUt1d9jhw
YAV6xpX9JreuAj0h5MAzgRVowX6PUOmd4BzYK8C8CbNXLNIR7Tt4uY7Vg1eLKf21uSpJq9KJvv/Q
7mdBEARBJAkFGEEQZJfwI/f1tPsR9jZDB9eM6iroLvz8TY/98q+ktV6srd302K+r9jyzXrXWkwEO
vHELWvI4sLRhC9rrwBu3oL0OzN4kQX1nDvjmwPCmv+9gtO/ghJ/98g7M3sQiHbFIR37t4Hb/z/Fu
5aZ1SZKkk5E3tPtBEARB9jsowAiCIG3mZ08davcj7D2Y7vIvpr78z2RtDUTX68BVa704s1a11pNu
DQ56MeNNWutWS2w+7/AMMOlCd96T3PQMMKhvElLfGf/sF8Q46VZfQYP5FyrxHXG99leSJJ06+iPt
fhAEQZD9CwowgiBI2/iV10fa/Qh7hqOtVq7U8kqvIMDJ6mqxtnadE2DymlljMuw7AMx+Jq31qumU
n30FuGqtW6svVa11vvmc3H4BTrq70JHQgVDHSxsvwToSOhAJk0xY6D8LAgzSG50RQ+ATkY5o38Fk
gADzr/jRzlJn53b/TbgLuFb9siRJD0bf2O4HQRAE2Y+gACMIgrSBDzzyr9r9CLudPrNpVFdBevmf
/CtZXTWqq9e9CfDManLj/nNtrbiytuwnwFVrvWq9xJefAwR4t2+B5orQL/kOAB8JHYgeot4b0IJO
9h2MzYgJ8IlIRyzSkfQTYOFnLdy13X9P9i5XSnPPS9J/kH603Q+CIAiyv0ABRhAE2VE+89bvbfcj
7F5qS2au1GIvrwAnOd11XjPEhP0r0Cv+/edi7aXqjKv8vJkKdJJT3+V2C/ARTn2Tm65AO0XomQPR
vpd8W9DJQ4EV6GSkIzYjqu+JSEfST4DjRzvZq+9YeLv//uxF/q74nCRJ/zH2Y+1+EARBkP0CCjCC
IMgOMfdYf7sfYdfRsWLzxiu8jOpqstS6TgV4GBJgqrveV7K2Ziyv3nQLcLH2km//2af8TAXYt//s
kwDPrAeVn7dVgFkROjKzqTvAbB10csMKtLsF/RIvvf19B2NHOpIBFWimxEx6T0Q6kh4BFl6rh3Dh
ucNfFf5SkqT/NDTR7gdBEAS5+0EBRhAE2XYWf2mg3Y+wi1hdtrLFJigue8NeyVLrWqmVK7VGq6u5
Umu41DJmVpO0/Cy0oJPLYv/ZqL5UnCGTwN4bSE7/uUb6z94bSMLyZ+814Fe8BVq+3RboJH0jvbot
0H4taJ9LSKQF3effgmZboJORjujMwVjkJaEFnTzi03+OgfrOEPWFz08e7Ux6BDgR7WJvOo6EduJv
3q7nL4wvSZL0M/FH2v0gCIIgdzMowAiCINtI6d2D7X6EXQFIL+gu/zNeamWLTSa9w/CaacnVVW8L
OlldNZZXr7kc+CUIhKn9iv1nubZmVFe9FWjY/1ysrcl+d4CDsl/f/rOvA0tbdwdY8nNgZr9CCzoo
B/babxIcOOWTA/fT6V/fFdCgxLGZDlBieJ082hk74tOCjh/tTEY64jOO94IM8/bL/0QZliTpC3ld
kqSfG/mP7X4QBEGQuxMUYARBkG2h4/3ftypJ+/x3+cvXXma6ywQ4VmzmSq1kscmkN1tsDs+0ku7R
X0iDmfGS/nP1JTkl5sDMfpNVb/95je3EEprP3hY0i3xvuh2YZb++/WfZ48AStd+g/rPgwMx+pYD+
s+R24EjoQFAL2jcH7qf2mwzoP/Pvk30HY6kOIQeGFjTbeiWsg44f7Xwz9WFQX+LDVHodGT7aGZ9x
7Pfk0c6kR4DZ+9Mnv2cn/o7uVv40NytJ0v+W+PF2PwiCIMjdBgowgiDIFjPwB/e1+xHaSf56jeku
e8WKzVixKZdaV6gPD5da2Zlm0jP3Ky85afBodTVXcoxX8F7ZvQKa7X+W/RyYvWT65mbAGaSqtV5N
rcubmQHe3BIs+c5ngJNbsQUaXjKtQPueQeqnoisHt6DJLuiUy3thEbQcsAX6zTMd8aNLzHtPHu2U
j4kV6OTRzkTKsd9T0a4k58CJaFci+l32fuhE3/b/zd2NfHLxLyRJ+i+nf6LdD4IgCHL3gAKMIAiy
ZTzwibgkSdLH2v0c7eC5K1Vw3YWCzYw3Vmwmi02Q3uFiM1tsDqdaSerAcToGnFxqXWP959JLQRVo
ubp63XsMKbgCDa573U+Dq9Z6MbXmuwI6qAItcw5s3m4MWNqpCnQkdCDM2a+86Qp0JHRADqhAO7d/
b1OBdqmv7yJorgL9kpP6HhMr0HK0C5JhR4ZdJtw1NkBk+I2n9ufp7C9KkvTusTe1+zEQBEHuBlCA
EQRBtoY3fvb7Q/vsO/XF6zXQ3YWCLaeaCwWbJL3FZrbYvFJsDsMr1UxyA8Aw9ysvta4UmyC9udKS
nPLZAi1XSf+Z7cQyZkjw67MCurrKdNeVAKdcwW/QFmg2DBy0Atrbf65a60H7n3fgDFKSeW/qNlug
2SJoNvobtAXaiYJnxAHgE0x9gxdB8/Z7EtTXs/vq0VRn/OgSvD8V7WIyzH7K0a5EinjvqWgX+YRo
cPcbPvLdsYFueH/fPouFP3Q5gw6MIAjy6tlnv6whCIJsA2//8/slSdo/9vuVq98F6U3OEPuNFZux
gi0Xm1eKzYWCPVhsDhabyRmn/xwvteLFZvJm8xrrPxdfAukVFkHDQiw2BjyaIiugc55F0PxNYCcB
Tq0l3f1noQidpOp70+8SEizH2swK6E0mwN7+8yYT4OSmE+DNLIKGpNfbgu5nO7ECVkDDG5ksgnYN
AEPkK6yAhjeyexG0dws06O6bZzoT0SX448mjnXK/MwAMrzfPOOoLsTCz30S06x2fJjL8+vsP78zf
/LbzocsZSZJ+44d+st0PgiAIsofZN7+vIQiCbAO/+uWEtG/U97kr1YWCvVCw5ZS9ULCjnPc+D9Jb
sAdnSPwbpy/5ZvNKsZktNgeLzeHSUnLGlQPnSi251MrRLdDklSILsfj+M7sJ7Ap+U65AWMh+wYS9
K6DJa0ZcAe1bfmYvsgLadFZAb3IGWNqeBJh5L1kEHXYWQQe9BPtNhg5A0ut9wWyw7O4/8zPAcqQj
lnKFwCfAez0taPloZzzl2gIdpz7MZ7+PprriR19iwS/IMHslo12JGeK9Dw508yY8NtD9lo+/DG/2
SUH6txcuSpL0u+NvbveDIAiC7En2x29tCIIgW80Hv/ZaaX+o78UXlucNC/Je5r1ywX6+YC9Q74X+
M/PeZMG+cpNI72DxpeFUS6bbsEj/mW7DYteAkzOOAPNboK9z/edRary+W6DBhH22QKfWjOrtt0DD
PHDVXF/2mLB7C/RS1Vq3Ureq1rpMRXfnt0C7WtAz8MlLQVug4d5vJHwA5n5vvwU60hFN+WyBZluv
vFugmQ8z7wUfFrZA09S3i/2R7b5iwS+dB6Yy3N8lD3Rzw8Ddb55x7PfBgW6ZM2EoSI/HQm964MhO
/NtoK+/96n+XJOkPfiTZ7gdBEATZY+yD390QBEG2lM/+07+X9oH6Pvt8BfLe5Iy1ULBjBTtWsF3e
m7JlOgAchyj4plOBHk4tydwW6HiJOPC1UmsYdmKlmjK13zgb+qVpMHNgI7UqB1Sg5YAKtLxhBVqu
rRVXNqhAL0EFWt6KCrT86pZgyVtRgZadCvRSYAX6kLgF2qcCnfKpQMsbVKBTrgo0iYLdFWiZWwR9
kg4A8xVoOdqVeHaJVaDlflcFWh7oHku5THiMvt7wEZIJv/XB/2kn/rW0jyfm/1ySpI9NnG33gyAI
guwZ7vbf4BAEQbaUL/6/Y3e3+oL3zhsW6TkbVpT33oIN3svmfsF7oQI9XFwanLHFCnSRVKCHS63h
YpOvQOdoGuxbgTY8i6DZTizfCrR3EbRcWzOWV/0q0EvF2lo1tS67HXjjFrTMOfDyhvYbtAha2rAF
7XXgjVvQzIGPcNKbDN6D5V0ELfcdjMxA9rvkrUDHjnTI7hCYf+OtQJ+EHNi9Ahpk2LcCLSyCfjTl
DACf4hZfsQr0WKo7EV0iFeh+EvmC/YIJwyfMhMdjobGB7td96GV4c3eb8NRcGh0YQRBkk9zVv8ch
CIJsHV//zuukuzr4fdezNxcKtpyyQIBjBTtpWD7ey6LgG3a22Bws2MPFJTnlbMNySS/dAi3THDgO
c7/FZq5EtkCT7Pd2W6DJLujUhlugV7xboJe2ZQt0iryX2zcD/Mq2QMub3AKdOhjte0ncAn3ooHD4
1zUSfAdboJ3+M7mBFLAFWpBhMN5HU92J6BKZB77XFfyKJhwLMRN+w0dWxga6P/jW/u3+d9QupubS
kiR96if+U7sfBEEQZLdz9/4qhyAIskV8u/7D0t2rvu+7+J15w5o3LFDfqGHFCvajhrVQsI8blq/3
UiVektnV34IdLzblgu14L5XeLBcF5+joL7Sg5VTTR3q5NNioruZSLdm9Cou95Oqqsbx63TUMvGSk
VmXvGLBQga6twXKsqu8SrNS6twLt23/ezBIs3xZ0EEL/WdrcEixvC9pbgY6kfJZgRUIH+gXv9StC
xyIdct/BWKoj2rfEr7yKHekQfNhZfBXpiKecHPiku//MybCjvkyG+eBXOIkkc/3nsYFuOdo19uwS
0V0/Ewb15TV4/ImV8VhoPBb6r286vt3/strCpH5BkqTPJd/S7gdBEATZvdylv9AhCIJsEfW18btS
fT/y3BLz3nnDihpW1LDkgn3JsAYL9vGUJdMc2Md7qRLHuS3Qw5AGpzxboLk0mEkv7H+OB2+Blv22
QMul1vVlIfhd8ragnQo0FWD/RdCpO9sCLXPSuxu3QIcOhDruke9kC7QcOsCWXXlXQG+wBZr2n5d4
+z1x5A62QMv+W6A7vakvb8JsC7Ts3gItD3T7mvB4LCQPdI+nQmMD3Q/D+1iIvN5LTPiX3nhsu/+t
7TznM19AB0YQBAnibvy1DkEQZCs4FH6DJEmd7X6MLecdn/626L2GdcmwjhvWoLsCLRuWr/eybVi0
At1kFWgmvdli84qnAp3zVKC90itUoHNLZBE00eDUUlAFGnTXU4Gmrnu7CnTVWpepAAe1oHdVBVre
dAX6CEuDPQmwfwXaswKaVKD7NqxAP7vEr4COH+uUPRVoQYZvW4E+xexXrEBzMiwEv7wJc9nvoyny
/uFYSGYaHAuN//bKeCz0ibe/Zrv/3e0w5zNfkCRJ+qmfaveDIAiC7DpQgBEEQUTuO/aj7X6Erec9
F4p63uTVF7x33rCO0w+dCvR1VoH28V5nKniDCnSxKadcFeg4d/3oNhXoJf4e0pJ3EbRTga4KFeg1
I+Vkv74VaNaCDqxAB7egX0EF2luE3gCh/Cy96go033/eoALt2392rYAmFeiDrgp0xL8CTVdALzkV
6GObqkDL3P5neD0qDAN7K9Ce3Ve8CZMK9AmuAh0LPZoi6usy4amV8VhoYij8/rPR7f6XuJM8mv68
JElfkt/a7gdBEATZRaAAIwiCuHjg3ol2P8IW85aP39DzJvHevMlHvsdTlmwQH44VbPm6RSvQxHtJ
FOy3BZpsveIq0MPF5nDK9o7+ghWPllpZSINpBTpB38hLQgV6SfbbAq1UV3Ol1nUh+6UVaO8WaGbC
vhXoanodZHiTW6AV9yUkc3dsgQ671Vfe9BZokN5IyicEBitW3JeQ+C3Q3hXQJ9g1YN8t0M8u8RVo
+ZjTfyap79HOxIZboOVo11iaXANmFejNbIGWB7rHn12CCrRCTXgc1Dfl0uCJofB4LDT+npWJofDn
33nvdv+r3EnenEqhAyMIgjBQgBEEQQhvOvnj7X6EreRdz96kka8J6gveq+dNFvmyKPj5G/a8YR03
lpS0DVFwzLBiBVuhU8HMe9n0L1jxcLE5XLCVNImC47QILbsr0EqpBVYM0psoteSbzWv0ElKutCRU
oEF6QYOvCXeAUy1vCxqk19uCJm88FWhwXe8iaHjjrUD73AFOEfWVg+8A+/afN38HeAMHVtgd4PRt
7gBDBZpIr1//WShCQwVauAPM95/5HJj1n+Np1x3gk0x9ORnmKtBL4Lonj3Yq/a7+My/DvAmD68Kb
R7lhYIWbBOZNGCZ+3cFv93hsaTwWgmo0q0BDIDwxFAYTBg2e+MUafHjXbI1+cyolSdJf/+xPt/tB
EARB2g8KMIIgiPTOB36y3Y+wldDI19TzZtSwInlTNqzZvAmRr2JY8HnUsB69bs0Tv12CKDhWsPlt
WIMF21Fi2oK+UmwOF+zBgs2P/kIUTCrQZDC4yUsvWPG1JZL6Dhcd6c1yw8BMen0XQRMHpmeBoQLN
sl/Wgpbd/WehC61Q+/W2oEkOnFrjK9DMfoP6z0IOLFH79RVgxePAoY57ZO695Ok/S24HZheAg/rP
TiAMkW/6oO8eLGfZlduBmf26V0A73gtKzCrQYLlMgL0roJkM84d/QYYT0SX45OQxZwU0k2GoQIPu
ggyPcS3oR2nqC+3oMW73FfuP2O4rshMrFhq/UCLvTxAHnhgKs0D4kaGwo8FD4Yn31O6mQPjHZp6V
JOlryqPtfhAEQZB2ggKMIMh+51dfn2z3I2wZr/2960x9I3lTMazZvDlvWMfzppJ2vFeBqrNhDaZL
iuFsw3LyXsMSvFeBvLdgDxdsOUWiYMh7lWITFmINc1ug2UspNrM3SRo8WmplU0sKNV7mvYqwBZqe
BfZugRaGfo3qqpEO3AJtVFf5o0e+LWh501ugWQvaWr1VNZ1d0G3cAk32P4eJ8W7Qf/bar7Jh/xmi
4FjAFmgl0hFLixXoWKRD8dsCzR/+FU4iOYuvjnYmLpRY/znR36XcyRbo82mn/6x4TBjsV9gCrcRC
4xdKpALNmfCjKWK/zIQnhsITv1ibGAp//VdPbPe/353hoc/8GTowgiD7GRRgBEH2L7//yFt+S7ob
vgjf9lRBz5t63vw9t/oez5vH05acJxVoxbAuXYcK9JJYgS7Y84bl8l6hAs15L1SgFboIerhgD6eb
csEG43Uq0DfZQqwlJe2pQBf5CrS4BZoNACtbUoH2LIL2rUBXrXUIh6umuAjaU4EuVa11K30raBe0
tJ0VaLb/OZSCN0sbVKCPhA5EwgeifQcVvz1YQgWarYD2rUArd1KBlrkxYO8WaKcCHRUr0I+mOhPR
JVKB7hcr0MpAdyK4As0Hv4pPBTo0Hgs9OOCtQC9NDIUfPuFUoJWh8HgqNDEUdmnw22rw5rOPDezE
v+rt5KHP/JkkSf/48/Jt/ysRBEHuPvb+730IgiCviE+efetdcOD3DR/5lp43lbSp581o3ozmTSVv
gvrC6C+kvvKL5iXDOp43j6eWIPKNGVbMsBSDRsEpS+a811Higq2kad5bsOM0CoaFWMx7WRos32xe
KTZH4ZUuKVwUHC+SSeBrpRbZiZVqek8fKdxZYOK9af8t0LAWi8+Eie6m14zqqhK8BZosgl5Zq1rr
AS3oUjW9Dj68JVugt/UOcNAWaDDeSPpAJFTy7T9HQgeihw4qASugnf5zpINNBbvyXs8xJNBdhWyB
JuoLh38Vzwpo+WhnIk289yTLgbnUV4l2JS6UnGHgflf/mZmwN/hlJgy6q3DHkORYaDxNdl8pnAbL
sdD4s0swCazcF2Y7sR5NhUGDFXBgeL2rPjEU/vIvDW73v+7t5szTn0MHRhBkH7L3f/tDEAS5Q/7i
7bIkSXvdfn/gt78J6pvONSJ5U86bs3lTz5uHqfqCD58nkW8JPuS3YQkHkGJ8FFywB1OWAnmv3yJo
pdhkLWi5YGdvkkXQo8USDAa7rh9R6QXvhetHkAPDG5mTXpIAp1eVkk8LOmgRtOJZAe1aBL0iVqCr
1nqxVvK2oIOK0CwBVjz261uElrZ5CdYRtgQrJPaffa8BCyuguf5zSViC1d93MHrIZwU0s18YCfau
gFbcK6DhJ5Nh1n8m6sutgI4f7TyfdhLgk0c7hRXQiWjX+XR3IlqC1DfR38UHv77HkJwV0OkQb8JB
x5DICuhY6Hw6DIGwfIIEv0yDSSA8FJ4YCifjPROT9Ymh8D+9+/t24l/7tnHm6c9JkvTP6rl2PwiC
IMjOscd/AUQQBLlD/u6dP7PX1fc1782nc43fo+rLIt/jaVPJkyhYzpuzL8LWqyVn6xVV30HDGkxb
fBRMPqfeC9uwYobFvHe4YA+nbYVGwQuwDetmc4Esgl7iF0GT0d+ikwZnU0256HhvlkuDnfg3TeJf
vgjtuwjaSJPs11uEBt29Lt4BLhXTa4p3BtjvDjCf+voWocUEOE2kV9n+BFhh71O3T4CPeA4Ce+8A
C5Gv0ncwmj4Y7SuJ/WeqxDFP6svPA/MroBV3+ZmEwGnXMDBLfZ3NWNGuRNpZAU1yYPqiK6BL8P5U
v2v3lTLQPZZ2mbCz+4qasBD8KlwgzO++kmOhiQul8Vjokfuc7FcZCk+kPRr8tnoy3vPt3xja7n/1
28roH8+gAyMIsn/Y478GIgiCbJpv/vLbpT0e/B581z/reTOdauh5M5JrcG3nBswAR/Imazsr6ZLO
Tf/CNqxBw+K3YTnea1hK2omCYfSXea8sbIEG7y3Yw6kliIJZC1opNq8UqRXTRdA5Gv+C916hn4xS
6eW3QMPcb1ALmt8CDS9mvFwCvFRMkwvAvlugq9a6wr2/6d0Czd6n1uWt3gIt+W2BFt6/+i3QcuhA
JCXGv2L/mUpvJHgLtEL6zyW+/xw9RE4i8d4bY3uwPP1n2W3CiWgXk2Hw3lPu/jN8/mjK8d5T1ISd
27/RrrELJbIFWjDhWIiZsLAF+nw65OzEijm7r+Bz7xbo8xdK5ELSfU4F+ny6h2lwMt4zMRROvqU+
MRRe++DwTnwLbA+jfzwjSdK3/vPPtPtBEARBtp29/JsggiDIpqm8+/yeVt/WVC6da6TTjvpeyDWO
cxXoaN48/6Kp583j+ZIz/UvVd9CwjqdNhVagFVqBFryXqe9wwR5Mkwr0PCQ2sEoAACAASURBVN2G
9fwNW/BeEvlyi6BHi83hlK24F0FD9gtpcK7UGk03eemFTFhYBG1UV5W0TwUaMuHry0L2u6SkAyvQ
MA8sLIJ2LcFKk8NIm6lAwxuFk172xtz+CnTY48CR0AHldneAhQq0Qg8jeZdg9bv3P/tWoB9NHYxF
Sq4K9BGS93or0OfTrhz4JB0G5ivQCjcMfCraFT/a6V0BPZYmS7AeHOhW3CugeRN+8N5ufveVwge/
dAU0b8JC9qvEQhNpsgJaiTkV6PPp8MRQaWIorFANTsZ7zqfDE0Phs/EehWnwjzeS8Z7OP4jvxDfC
9jD85DPowAiC3PXs5d8HEQRBNkHX+39ufS8Hv0uT30jnGiz1fTTX0PPm4VwDFl+RHBjUN11iFeho
3jxvWHreZAeQoO0s582gCrR3EXQc0uAb9ABSugRKzKZ/yW0kughaoTkwO4AEZ4FH4Y+eRdAsDfat
QPOLoHNLZO6XaHC65K1As2vAMA9805v9ulvQ3kXQG7egPYugPdmvuwsteRxY2rAF7XVg9sZpPqd9
cmBf++X7z4rfGLDXfmn/2ZUD93OrsHxXQCuRjtiFEpPeE5GO+DH/FdBCBfoU5MA+K6CdCrTQf1bc
x5CEFdDKQDeY8IMD3fK9xIG9K6CDKtAKHQNmx5Am+BXQUIG+UJoYCj9yn5P9Ppoib5R4D9HgN9ST
8Z5jH/v+7f5m2CaGn3xGkqTvaG9r94MgCIJsF3v2V0IEQZBN8L0f/Pm9+z134x3/BKlvOtdw1Dfd
UPJmOteI5k0515h9EaZ/HfVV6Das4ykTpn9jXAv6OI1857kt0PN0ETRM/zLvhXb0cKHkuwh6uGAP
F5tKmvSfs/QmMD/6O5pu8mlwotRSaBpMWtCeuV/nMvASH/+WlLTPFmhhEbQr/nW3oH1fLPj1tqCd
F7cOek9sgeaWP/vnwKz/LHtmgMWR4EhHNC2GwEEroGnk2xE/6vjwyWM++5+JDKec/nOcu4fkrIB2
DwPzt3/pWqwu3xXQ59PdYwMlEvzeK04Cs+CXN2EIhFnw60wCp8Ut0LwGK2C8EAKnHQ1OxnuSD11O
xnvu/cQPbPe3xDYx+Id/ig6MIMjdyp79xRBBEOR2/Ns/+oU9+iX34vlFXn3P5xrpXINXXyXXmH0R
cuCS7lZffhtWzLCUvHnJsPS8OWhYStr0OYDERcHxgq0Y1vM37HnDGi6UlLTlewBpmN5Ggv5ztthU
Cna22Hy+YIP3KmlXBZqlwblSC1rQSrqZ847+llrXlvidWCXF3X9mi6D500f8Wiyh/8zHvyz79Rah
vS3ooJegvkqwAJtbJ8DhYAFWNlyC5SvAfP/ZW34mObA7BOZ/8iuvvCeRxBXQkY74hZLTf/bIsLAC
msTCPiugu1j/mRxA4mT4PLf4ymPCobGB0ngs9OC9zjEkMfh1aTBRXxYIC7uv+GNI5y+UkvEerwYn
4z2OBr/uhWS8575PjWz3N8Z2gA6MIMjdyt783RBBEGRDfvhTj0vSnvyGu/q2q/7qm2sQ9b3WmCUV
6FI61xDUF3rR7EPYhjWYthRuG5Yw/etEwdethYI9aFjD6ZJCp4IF7+UXQfOjv8MFe5Smwbz0imkw
lV7200d6PS1oo7qqcLugN1gEzaQXZPi6bwLMFaF9t0Czl7cIfQcJcNolwMqdCLAiJMDpO0uAveVn
IQH2boEWys/sdYJKrzAG7LsC2rv/Wew/e2SY3//MhoGDVkDzqS8/DOy7Ato1CRwLjV0okd1XJ3yC
X2bCZBJ4KDyedjSY230lanAy3kM0eCisnKQaHO8RNfjM3yfjPfd/9v7t/vbYcgb/8E8lSfrur/xs
ux8EQRBkK9mDvx4iCIJsyE9+7hf34nfb1bddnVmsB6lvJNeg6luCxVfRvBnJNc5D25mqb1T0YUtY
BO2d/gX1HTSswXQJKtC+i6AVvyh4tNgcTttsETRJg7nRXyENZtJ75aaTBgvSy9JguPfr0uC0TwWa
z4TFBDi96j195F0HXXUXof1faZ8jwLutAg3bsHzLz/Dq59TXu/zZexIplhYT4A36z7FIB1t5BT9P
0FPAPv3nCyUn9e3vUtyTwHzqyw8Ds9RXoWuxvMEvb8Js9xXIsDLQPX6hNB4LCRrMAmGhAn0+HfIJ
ftNOFzpJs9/z6XAyXgINBun10eDXfk0e6d2LGhz68GfRgREEuZvYg78kIgiCBPALX/zfJWnvfbEx
9Z1ZrAep74Vcg1dfJdeYzZvpXIO//etM/1IfjrnVFyrQfORLo+ASfB7n1JdfBL1AvXeBTf+mbaXg
TP8Ki6CF0V+SBt9sXqPSO5ou+Vw/KrVywi7oNMl+hUXQgS3o4Aq0bwtaTIDTa8qdVKB5AfYeAbZa
ovqatxPgsFeAOz2159slwEEvb/mZCbBv/9lbgQYlDuo/CxVo5WhnLO3a/+yVYZL6Uhk+ebQz0S+m
vvwwsLACGurQoLsPMvvlTFhYAc0q0OcvlEjwKwbCYT8NJsYrTgKnwyT7dWvw2XhPkAbLeXOPanDo
w5+VJMmefnu7HwRBEGQL2Gu/JyIIggTwa1/W9txXmqC+k7nGzGI9QH0bet6M5hq8+qpsJJipL+fD
qmHBhy71hRY0i3y5KFgt2NCOHi7YzvQv14Ie5qZ/Fwp2ArZeFWw4/DtabI5myDCwa/T3JkmDz5TK
kAbz07+wE4uXXrYLmm2BZhXojVvQbAs0f/pogxb0BlugfYvQVusWdKEDt0CL8W9Z3AKdud0W6DR9
42yBLm0c/7I30HwOdd7jW37eYAv0bfrP7vIz34L27T/zFWhnGNi9/xlkWOUuIcHPyUxX/GiJpL4e
E1YHusGEyVnggW7+GJJ3EphtgT6fJurLH0MiwS8XCE/QLdBsEpg/huSdBE7Ge5Rcg9fgZLxnItc4
n+7x1WB5pFeJm3tbgz/wGXRgBEHuAvbab4sIgiB+/Nbf/pe99X324vnFmcX6TLqezjUii3U113hm
sX443VBzRIZ59WWp74VcQ8+bx9MNpr4qPQgsRMGw+Op42lTpIuhY3lSuW5cMazBvssiXbcNaKNjD
hjWYtlS6CDpuWOC9VIldi6DVYpO1oBfStkqj4ATdBc28dzRdUqj0MvtV6SLoMyDDnl3QIL3eFrSa
8d8FrVL7vSnEvxkyD+wtP/NvVFBfcz2oCG2t3qpapaq1bmVuVa119XYOLG3PHWBf+yV3gNOgvmXf
HBjKz5Ew3YMVcAmJvdRIB1gxk95+qr6KZxKY7X/29p9V9yQwk2F2BxiOIfH9Z3IH+ILLhMF1nf5z
hus/c5PAzITJxSOh/5wmd4DF3VcXSmTi94QT/Cp0BTQ/Ccw0+CzYL9XgZKZnYqhxNt6jxnsmco1k
vEfQYHmkV8mbyXTPuZFeJW/KI73JvCmf+Xt5pHdvrchCB0YQ5C5gT/3CiCAI4uGT//irkrSXvsxg
w/NMuj6zWA8t1hVQ31xDARnONdRr8AlR30iuAZbrswg6bx7Pm2rGFLZhDRrWoLAI+josgi7B4ivy
OV0EPZyxIQqeZ4ugqfcOp21HiWkUDM1nnxb0TbLyaqFgg/e6Rn+LzWyRb0E3mfQ6gTAnvb4taINe
A/ZePyLxb3pN8fSf2XuFSe8KKUK7W9ClqrVezZDBYKH57NuC9nVgldpv0ACw4MDMfqWAAWDF7cDM
foP6z4IDq30H6WBwSeg/9/cdjB4i7xV385l/z+4h8Tkw6z/HafYb1H8WhoGZ/cLWK6f/TGd9mQyD
CYP9nop2Kf3+/Wd2Fpgd/mX/Ebv9y/rPaiw0lqaBMD38SxdilSaGwg+fcK+AztBeNL/7Kt0gabBn
BTS4MWS/oMHnRnqVfA/9xEzGe86NmEq8R86bct6U99qm6NAHPiNJkvTr/2u7HwRBEOQVsnd+Z0QQ
BPHwhX9+Yg99jS1NfmNmsT6Toeq7WL+QaxxerKsZmvperUPqq2Ya6VwjmmuoucYFbiQYWtAs9YVe
NCk8g/rmTTXjLIJWDWv2RfDhkhMFG5ZqWJcMa9iw1IyzCJq1oIcL9jAfBRdslW29KtijGZsNBkPe
q94kB5AWCiXvASSV24l1xn0ACX56R3+FFjT8VOl71+hvZlX12wLN74Jmrut+lYppGvwGbIH2FqF5
+zV3xxKscNAd4IAzSPxPmAqO9pWE+BesmOTAnklgeKmRjlhGHAYmp4+EY0hHO+MZsf+suMvP8aOd
kxnHe09Fu1S/Y0hjA2XiupwJjw10qwPdYxmfY0gk+M24JoHZazIjXkIiwe/F8ngs9Mh9Tv95Yig8
mSH9Z3UoPJFr0A9J8AvGO5FrsKFfPW6qeTOZN5N583zahDRYvb83mTflkd7zaVMe6T0bNxVw4JFe
+aHL8kjvsY99/3Z/C20Zv/NpdGAEQfYoe+c3RwRBEDd/9a13h/bOd9jHH7rspL5UfRW+An21fjhX
dmTYT31J6ptrQOobzZuxvHkeetHuRdDqdYv6cBkWQcfyJngvnQp23UAika9hqRmyCDpuWGrBXnCU
2OYXYiWKTfWGzbxXzZAcOEsr0MIBJNVTgYY02Il/3S1oEvNy14+cDVh+u6CLtTUw4eLK2nV3AmxU
S/zpI98KNCtCsz8u+62/cjlwet1avaW2rwKtwpuMmAAL8e8RTn0Vvw1YQgUaRoJjkTKfAJ+IdEQP
HQTv9R5DikU6JjOdfAIM88AqNwbM95+Z9J5ke7D41NfvGBJfgeZNWL3X0WB+BfTDcACJq0CfTxP7
hUBYuIREqs787qsLJZLxnnA0mC3EUuM9E0Nh2nZuJOM9jww11HhPMm/yGnyWrb8a6Z3MmMl46dz9
TgV6MtMrj1iOBudN+Q1ff+dfn96J76Mt4Xc+fQ86MIIge5C988sjgiAI5RvlX5ckaa/Y77M/9g8z
i3U1U59ZrKuL9WcW6zOLdSVdJ6K7WL9wDXLgMnzCUt/jmYaaI1Ew+DBLfVkOrOfN4xlThbYz5MAv
mnreHMyXYPGV04I2rMG8OZi2VKg6G1aci4KH05ZCvVdoQasZmvcW7ASkwTfgLLDjvZAGQyP6Cst+
M540mHpvttg8U2pluRY0e6lcIEy8N+PTgjaqNPtddjJhorsZnxY0/1I5Db4ZlABn1tU72QK9+QRY
9ftLokiS9KrPIHmnf9XQgUjGPwHu59RXDbiEBParkv5zmanviUhH7AjNgd2TwOC90H+GT8jKK79j
SImMu//MnUGC12TGZcIq13+mJlwaG+h+8N5ulRsDFiaBVerAcBN4nAa/qucSEmiwSh0YFmJNDJUn
hsKP3BdWqQarQ+GJdINNAkP2O8mNAUPwq+bNZMZMxk09bip5EzT4/IWSPNJ79mSPCmPAVIPnRyzV
sGTDetvIV+WR3rd+6Qd35MvpVfM7n17/TUn6jXY/BoIgyJ2wR35/RBAEofxL/f/YK+r73JuzM4t1
JV2D4Pf8Yn1msd6driuL9XSuoS7Wn7laT+caSrqUzjVmFuugvuIiaKq+pBfN30DKuBdBvwiLoEsK
jXxjdBe0zyJog91Asljk657+JQmwswiaeK+tpEsgvbz3QhqcLTaVtJ313EC6RhNgoQXNLgOLB5Ay
q6qnBQ3Sm1tquQ8glYy0swTLewOJLcG66ZsAZ1yngIOK0CwBVj32C3XonUyAw54V0M4R4IBjSMIK
aJgK9ibA/fwSLL9LSNwxpBLff44f61Q9l5DIEiy/Y0gJ9wpovv98EpZgiSbczS4h8SYMMnz+Qon0
n+91rYBm/WdmwlwgTNSXD37HY6HJjOsSEnyuDIUnIBC+z1kBDRqcjPekhxps99VkxiSl6Li4Aho0
WB7p1fPm5MVyMt5z7v5e1bCSeVPJm3LalEdMZYREwb+Y+Dt5pPeNf57Yie+pV836+/5E+o3z7X4K
BEGQzbJHfotEEASRJEmSGmv/bU/Y7wuP/g9efSH4PZypq4v1mcV6ZLF+/mp9ZrF+OFMGGY4s1tkN
JJb6gg8fzzVAfSN86uteBE1S30yZRcGwDWvesAbzpprhFkGzyDfjioLJ59z07wJbBH2DTf+WVRoF
wwEk5r0LBZulwQk6+sunwdl0Uym6pn/5FjR5ZUj8K+yCNqqr15b4BLgsjP7yRWiW/d70JsAZJ/v1
vwNcW6taYvC7vJkEOEPXX23nDLDK3mdunwAf8RwB9s4AC+Vnte9gNCMmwP18DuxXfqbDwCWn/3yM
5sDu/c+qZxhY6D+T/c9C6stpME19u5kJ84d/1YHusYtl3oRdK6DpJDAf/KpcIOy+/Uvek6FfFvxe
JGmw7wpotvtqMmMm4+ZZbgwYVkDDJSToP6sjvckLJXmkV72/VzYs2bBUw5Iz1jkaBct58z2JBXmk
94HP/bvt/r569aADIwiyh9gLv0giCIJI0veE39fuR9gs73vt19RM/elsjalvd7amsAFg2HSVKRMZ
hhZ0rnE4XXcKz/BJrsFuIHG9aJPfhjX7ojlIU1/hBtJgxlS46V/wYVh8RaaC3TeQYCGWE/let56n
3gvt6AW6CJp4b8HmvRfSYPBesOLRYpM//OvbggbpZWkwaUFXV3Ol1rUlvgVdVtxboNl7MF53C3q1
WFuDWFjYAu06fcS9X3YHv64QOE1S381vgZa2egu0JN3ZFmil4x669tkV/8L7I5z9qn5jwGwLtNJ3
MJYRE+ATdC+00HwmPny0M3ah5PSfj3WyzVhxbgs0k2Hf/jN8fp5OApPUlzowb8Kw9Uo04VgITPjB
gW71hNN/ZouvhEtIE0Nh+JzPfsdjIXUoPJHxuYSU5DQY+s9qvAfSYNh9xV1C6jkbJ21nkvRmes/G
TdJ/HulVDUu+WD4b71HyvZD9nk+bSsLRYMWwfu/M3//Xr5/ZiW+uV8f6+/6kIUmh9yvtfhAEQZDb
gAKMIMge4F8feX+7H2FTfPyhyzOLdTVTm1msq9kaHfetQeoLnefDi2Vn95V7ETSkvnAVSVgEredN
GAl2BoCvNWDHFdxAinGLoAfZ+V9OfQczJkS+kAarXBQMfgtpsFqwL10HJS7D9C/sgk7QXdC895LI
t0DuAF+hS7B8p3+v8EuwMq4KtDP6u8QtwcqUVU8FmmXC14XsN0OXYHkq0HAlmNnvTaECDbqbWVc3
V4HmBVjd8A6wuRUV6PCGd4BVPwHeuAKt9h2MZHyWYPW792DFAirQqvseEtv/rB51LcFiw8Dxi2WW
A4MMq+5LSIlo12TGCYFP+U0Cs9T3VLRrbKBbjbpWQPMmrHL7n8cGuicz3eOx8thA98MnQipdAQ2G
LEwCE+ONhdjRI5VWoJVYaIJfAU13X01eLE8Mhc+e7FGHwsm8OTEUhqFfMglMs19Ig8+N9MInsmFN
ZkzYfQWKS7dhlaERDWnwZMYig8EFWzYsJfE38kjvntiP1Xjvp9CBEQTZ5aAAIwiy2/l3/b/d7ke4
PRd//AqoLwS/57O1mcX64UxdydZmHPWlm64CFkEzGU7nGmn3NizXIugXYRF0Wedb0O4bSM70b94c
zFgQBce5XdD8DSSyEOuGTZWYRL4Jugua3UBiC7FI3luwwXsXCvZoscnvgva2oM9kWirnwOTwb7HJ
pDdXaoH08oug+SL0dT779bSgi9wYMJv7ve7dg5VxZb/F4AFgoQttehx44z1YUsY1Bgy7rzZoQYP0
KsIAcDpwD5Z3DJhdRXItwQoYA+bt11t+JpufuXlg/gKw7zEkuPcrlJ/ZG5Bhp/98rFN1jwFDxhtP
O5eQvP1n2Ik1NtBNTHjAtQJ60n0JCVyXBMIXSqTnfG/gJSQ2BqwOhWEhFj8J7L2ElIz3wLLoZLzn
kfvCbAW0Gu9hu69AevW86bp75F4BrY6QCvTkxbI80ss0GBrR8oilJkgU/I7E38ojvW/64qkd+Up7
5aADIwiyy0EBRhBk9/Kj9/1fP9zuZ9gM7/qB55n6QvDbnampi6QFPXm1PkPVV1gEzXZfPbMI27Dq
adqCnvRbBM3UN823oL3q63xI286eFjRTX9WwLl235g1r2CgJN5DmDdaCttWCswsa3pOec0AL2ncX
tDP9e5NvQZeF0V8WCAs3kHLplu/oL/vwpjv+NaqrasZnCzTfhVY5Ab4ZfAcYutDW6i31VW+B3oBX
swVahfcZMfvlX/3c9K/qaT4Lr/NpMf7tp/areiaBY5EOJdIRzzjx70luD5aw/5nJMOk/93ep7ktI
Pvuf3f3nyYwzCTw24FoBzW4CPzjQPR4jwS93Cak8Hgs9fMI1Ccz3n1XPJDA/BsxrsEIdmC21YhrM
r4BW4yQK1vPmZKY3GTfnRyw1b8qGpXtWQM9TDYbBYMWwVMNSMvY5FgUb1nsSCx/8pwe3+zvtVdJ4
76cakvQ//+5j7X4QBEEQH1CAEQTZpfz0/R8ItfsZbstHXvfC09ka2C+o79PZGgwARxbr6pXaM4t1
Z9x3sT65CLuvyDasaK4xuVhP5xqHM3U157SgL7jVV801LlxreNX3Qq4RrL6moL7DXAuaRL7XWQu6
DJ+zyPeSYY2SwWDPDSRQ4oKtZoj0elvQ/jeQis1rS2wJVplvQfveQCJrnzM+LWgmvb5FaG8L2nsA
6aY7+yU/Mz5LsO7oDNJtlmC1bifAnZtbgrXpM0hCFBzN+CzB6ueXYPmdQXKWYGX8ys+eYWD4OZlx
4t+gS0i0/0xl+Fin6rP/2TFhof8M26G9/WcWCLNxX16D1Vho/GKZ9J9PuBZiCf1nOh4cDtLgs3GT
9Z+ZBp896fSfQYPZNizZsNS8KWesZNxURyzyCUt6RyxnG9bF8rmRXrXQJxuWUrAnM5aSsKERrRRs
JTGvJPp+6W8f2O7vt1dJ5T1PowMjCLILQQFGEGQ38gsP/P7ut9+3vOYrJPjN1tRs7als7XCmrmbp
APDVene2DOd/I36LoMkAMK++i3V+7fMm1JdM/3rVl29BDxuWmiE3gd2Rb1mIgheo+qoZMhXMe6/Q
gk4U7GyxqdKdWFmaBgvSmy02r9ykCXCmrLp3QXulN1dqqRlXCxp+wmYswXiFIrSgvqrfASS+CO27
Bdr7UnkBNtet1VvLrzABLm/8NyrUUZbuPAE+AuobdgRYDdBg7xZo3/KzcAzJewlJKD87x5COdqqe
S0jxo52T7uXPwiQw/FSjXfGLZeK6/WL/GUyY3/+8Qf/ZMwlMNHiMXkLigl9XIAzSO+kZAw7WYHMz
GuwshTYsXoPZGLDPCmjDmsxYSqJ87v5eyH7Vgi1nrMcSNnHggq0kvvr5b79+u7/lXiXowAiC7EJQ
gBEE2XX82us/vMvt910/8Dwf/D6VrXVna7D7KpStTV6FHLhMcmBQ38W6KMP87ituGxavvmmqvuRD
t/qyCrTOqS/vw6L65s1L112Rb5y1oA1r2KO+oMQbtKCvFJujoMFcGky89yZ3AylTFqZ/QYOvcAkw
k17vOujrfAIccAAJMmHhAJKTAHsOIHnPIKlMgE3X6SNPAly2Vm9VM04duo0VaFZ7DnXcEwmVgxLg
I6EDkTARYDX4DJL3GJJQfgYl9pafmQ8z6eVlWHjxMnyKqa97EjjBTDjaleh3TJilvsIksG//mUz/
ujWYX3zlXEK6SDWYpr4uDfYEv8yEQXoFDSZt54vlZLxHd2sw233Fb8MSpJf/RCnYkxfLSqJPvb9X
KdiyYU1mbCVhOxqcmFMSfbu8EY0OjCDIbgMFGEGQ3cVvvfH/3uX2+9reSyz4nczWmAmHsjX1av2p
bO1wpuzkwDD3m6nzA8BMhgX1dSrQ12AAuCzcBBbUF7ZDD2ZM1V2BZj7sqO+L5iVyE7jMR77z7oVY
MP0L6vt8waZKvEEL2qlAkzTY8d6y7y5odgMpV2plM82g6d9rfAKcWVU9FWh+9Fe8geQuQntfRIZX
nOtH7gS4XM34LMHaTAU6SIDVOxFg9RXNAPtWoEkUnDkQCZW9CfCR0IHoIf/yMy/ArPzMX0LyHQZm
y595GQ7qP6tHOxOZLv4SkurZ/zyZ6UpEy44Jc+VnNgkc1H8G3X3QrcH84qtxtwnDVueHYyH1PpcG
88brHATOhCeGwjqX/ToazPef3RosrICmn7ikd96zAlot2PLF8mOJPtXohewXNFhNsCh4/uv1h7f7
e+/VgA6MIMiuAgUYQZDdwifP/pEkSbvZft82+NUnL6+ol5zOc3empmbpAPDV+uFsmeXAtPNcEwaA
mQxruQbV48bMYj2da2i5xjNX677qezzX0HSTz4H1vDmom6r7BhLvw3HDiudNqr6k7ey0oA1LWIgF
3sudBbY3bkGTrVcw/XvDvlJsnik2Fwp+3ltsXuGuAQfeQOJNONPSuC3QTH1VvxtIEAvzW6B9biCt
iEXoqlURitAbtKCd00d+W6DNYPvdzA0kwHsJKciBw35boNXgG0i+W6DVvoNR/WAkVBbLz1SJvZeQ
nBDYU36ORTo0zyUkEgJv2H/mLyHBJ6c85Wfaf66QSeB7ySQwZ8Ib9J+dSWCNOjC/+Eq4hDSZCU0M
lUGD2RgwM15eg7V4z0TG5DU4Ge9x2s4eDZ6/vxekd55q8LxHevkxYEW3z43YqmFx2W8FGtFKwVYL
tpLho2BdPX3os9/6oe3+DnzFVN7ztCRJ3/fBn2v3gyAIgqAAIwiyO/jCuY/uZvWVJOk1t+ZI5/ny
ylPu4HfySg32PD/NBb+HszXSeXZk2BkABvs9nKlrbAD4av1CrnFcr6iLdUF9IfWFw0izeTOda7jU
N9cQ1DeWNzXDmn3R1PPmsFHho2CNTgUPZyy+Ba0VyA2kUZ00n0F9tYBd0GNwA+kGuYF0pliBFjQr
Qgu7oHO6eAMJAmFXETrT8t5A0qj9XqMO7FuEZvargf2uOAeQqAyX+SK09wYSU1/V7cDLwXeAHQfO
iEuwJI/9vrI7wPwbZwlWxucGknAH+IjbfjXPDSThEhJXfi5HOfs9EemIHjoYi3SoG15CilP7dZY/
+15CyrjLz+4x4ES0S4t2xTM+l5DAdRPRrim9OxEtk/7zvd0aNwns9f39cAAAIABJREFU3f/MNFiL
hcYytP880O3qP2ec/c9Mg6f08HisPDEUfuQ+ZxKY12At3jORN5kGJ+M9+pCp5s1kvEfnh36pBmuG
lbxYPhvv0YzeZMDQL/+JUrBluvvq3IitFWy5YC8U7KnZijzSq57q46PghYStFZtKsakkvvzte35k
J74NXyn/8sRT6MAIgrQdFGAEQdrPXz32sd1sv2/4V3/9dLb2vssrXPC7woLfp67UDusV+GMoW5sU
FkGD+jIZpruvjvMt6KvQgi47A8DubVh63ozRw0iDGaK+rgHgTINvQV+6bul5czBTVukiaDIAbFjD
hqXp5DYSa0E/X7BHA1rQtOps8S1ordh8/gakwWWxBV1ssp1Y2WIzm2mqXPbrbUHnSi1NF9dBs+yX
v4EE66AdBxZGf5dJLEyNt2xkVpnuCl1oMvTLvV92Z7+uHDizrlH7Deo/C11oidpv0ACw4MDMfqWA
AWDJnQMz+w3qP6vue0gs+3Waz/wFYM8wMLNfte9gLNMR7Ssz7z0R6YgdEYeBmf3yy59Bhp0c2LP8
mb339p9hMDhB9z+TrVc+l5DKYwPdD3KBMLym9JATCPv1nx9k66Cp9LJeND8GrA6FJ6AXfSLE95+T
es/EkMmPAat5cyITJkeP4j0T5OgR0WDNsJKGRceAy2fjParRy/efz8aF3Vck++VXQKsjFkivBo3o
U30sClb15mOJJvnj6b9QEn1fLj+0E9+Mrwh0YARB2g4KMIIgbeYfHv/4brbfXvMvNb325OUVLVv7
6OWVbhr8RrK1qSu1p7M1Ta+wRdDQedYW609na9pi/SkIhFnnebH+zGL9OLcNCzrPx3MVNVNP5xrR
xTqkvulcQ9MbsPsqxh1G0vJmOtdgqS/xYSg8500tb5LUN1NmLWhwYH4hFqivRlvQo54WtLALGrx3
oWBrBRu8d6Fgj2bKKm1Bj7l3QWeLTU33aUEL079ayeO9niK0prsOIDHv1aqrzHjpq6xmxC3QvPdq
7gNIYvybWdM27D8HzQCrt5sBNl/pEqzw7WaA1Ts5g8TsVw0diOo+S7DY5mct4AwS/JzMdMQiZVf5
+YgzCSzsf57MON4LMqx5ziCpRzsTunsSOPgSEpiwxk0CqwPdYxfLRHfv7dbck8Bgwg+zEJhmv1O6
03/WuDHgKZ0svhqPhTS+/zxbgTRYAw3Om5AGQ/ALaXAy3sOOHmnxnqRhJQ1r3rCmdCsZt/S4Cbd/
k+ST8rn7e5n0TumWPOJKekGMF2jDWS3YpBFNV0BPzVaURJ92qk8pNpViE6Lgx0831WJTLTaVxHP1
8I9u93fjKwYdGEGQ9oICjCBIO/nmL39i19rv6w7PP3l55elsLUTtV9NrT2drT15egeC3O1N2BoBJ
8FuDzjPY72G9DjLsPwB8tT6zWNf0CgwAQ+qbzjWOZ+pBA8CxXENzdl81NEh9IQp+0RykqS9pO+fN
2bw5b1jDeRNS37hhJbgomG9BJwo2KPFowR41LE23IQ1eACW+wXZBl6EFDeq7AGkw/SN4L9sFzaZ/
nc5zRryBpNFAWFgHbbgHgCETvr7Mx79lvggtDABr1H5veldhcXO/vhVoXoNVt/ouB1WgNxgA1l9p
BTqz0RiwbwX6iHsMWA0eABYq0N5jSLD5Gd6onjFg9yWkMpPeE0fES0icDLsmgRPRLs1zCWlK72J/
FCaB6f5n5xKSMAbMTPjBge6xe4nu0tTXfwyY9Z8fprrL0mBIgB8ZCrs0+CItRQ+Fk/EeCH4hDT4L
9hvvSRqW7xiwrFvJuDUftzQqxpMXy/JI7wLVYGEMmCS93JSvXLCndFtJNBdGOCumUTD8H5gmM03O
gTPq6UN/+93xHfmyvGPQgREEaSMowAiCtI3Ku5/atfZ7cOVL6ldW2MTvk5dXIAcOuYPfSLamkQvA
NdU9AKzpRH1J8KvXtcX6zGI9uljXrsJIcFkTLgBT9Y3lGhqsfaZRcMx3AJiq73De1PSKzkfBeVPP
m8M6SYDjeVMzLJ1rQZPI17A0bhc0816WBkPke6ZQ0XSS/RIrLtjMe8/oTZYGZ4vNsWJT46Z/s3pT
Y5PAQWeQdBL/CuugjerqtSUuAc6UN7iBBKJ7XUiAM072G3QGSXM7cNANpKq1bum3qhZpRL+iO8Bb
fAaJ6S5JgzOBCfARt/2qwWeQ+HlgPvs9Qd9rwZeQ4rMVp/98jGyEFpY/a0c747prElhzjwHDJHBC
72KTwJpbg7WB7gRnwp7Ut3tsoEICYbH/3M32P7uDX6LBE/T2L0mAMyEy8ctdQpqiaTDR4LzpHQOm
Ma91lhpvEm7/6s4nZOj3YvncSK9W6JULtgzSS5Ne2n+2+TFgiIIfSzTJ0G+xCVEwTAWrxeZkpqme
bmbpf4F6+i/XDv3Ydn9bvjLQgREEaRcowAiCtIGu9//J+m5d+Pza3ksQ/D55eQXstzuzomVJC1oI
fvkLwJFsbZJ0nmsztAXtHQB+5mr98GJZ0xtEhnONZxbrx3MNaEHHPAPArt1XQgv6RXM4b6qZsu4+
gzSYN4d1S/NrQQsDwGwXNKiv04K+QVrQZ/QKlKIT3Pnf5wv2mWLzjG7zLWhIg6+wBDhDas9MfTWh
BV1sarqzCNp1A2mJS4D1inADiYwEu28gOQmwLt5AEhJgNvp7MygBzqwFHUAKXILlUV9t65ZgqZtO
gCPuBJg/hgS1Z28C3O8eBvaOAcMbjV5Ccg0Dc5eQ4u4V0NrRztjFMkuATx4TLyGB7sLyZ77/rHEa
TOrQmS529VflZoDBhMd0osHCQWAtFhqbrZD+873d7v3P3cL+Z8h4QYOF/jOvwaqfBrv6z3pPMm4R
DfYdA6Zi7Oy+Im1nVyPaGQMu2ArsvtJtecTWErZSbMrUih/jCtLqbOWxU32Q/arFJkwFa8WmWmop
iYvq6UO7807SvzzxlCRJ3/8H72j3gyAIsr9AAUYQZKf53g9+pt2PEMjBlS9pX1l58vJK6PLK5OWV
p7M1NUNa0FNXak9eXoFVzyz4hVI0k+HDeh1y4Ei2NkW3YTkDwFznOcptwyIyzLWg+QFgEgVnGiz1
1fLmhWtwE7gspL7DeVPTTZ3fBe1pQbMB4FHDGtVJAjzPdkFftxYK9qhRZmkw7IIm3luwzxRslgYz
72VpcDbj5L1kHphbBy1M/zp7sEqt3BI3/atXVPcBJCK9vjeQ9FVNuAPM/VT9Rn9ZF1rzvwPs/1L9
ZoB9DyDtTAIc9psBVm83AyzmwBkx++3nQmDvDDBYrhbpiOmBl5CESWDtaGd8tuJMAh9zJoGZ/fKT
wKdYCMy9wISF/jPb/zylO2eQxrhMmOpuZWyg++ETrv3PWiw0rotjwEL/me1/nhgKT+lhVxqcN5kG
nz1J+s8TcPRI7+GDX34MmGW/4u4rut554f5efgxYSdjqCOk/s0a0VrCVYjNbbE5RyyVjwBfL6ulD
6qk+FZJhvakkaCO61NrNUfA33/VJdGAEQXYSFGAEQXaUf/tHf9ruR/AHgl94kX1X+op6mbagr9S6
M2UtW3s6WxO2YYWo64IMR1gLOlNjnWe4k3Q4U1bFC8D1dK7BPknnGoN6w+lFewaAIfVN5xqaXoHt
0KC+F3Lgw0R92QCwtwVN2s55ky2+Au+dv86UuCKcQXq+YM+TnVhu7y3YCwV6Bom2oNklJNXtvWwt
ltCCvrbEQuAyTP/yA8DO9C+/+VknJuy9gcSyX2H0F7rQ3htIXvvV3GPAwg0knwRYv+XdhiVt5xZo
tvsqpAdugRYuIYHxagEzwN5LSCz+ZcPALAf2vYSkHe1kPhw/2nnCfQaJnweezHTGj5bBeyEW9vaf
p9wmrHI3kPj+86loF3NdZsJwEBj2PGvCGaSLZdJ/dpswGO/DdCrYt/88Tk14MhOeGAqfjfcwDU7G
eyYvlpPxHv2+MNt9JYwBy4alGVYSxoC527+w+2qBLnyGRrQ80qud6pO5wjPrPysFG7QWrJgVpB8/
TQvPxSZEwfBHrdhU9dbjp1skFj69e6NgdGAEQXYSFGAEQXaOf/+JmXY/gj988DsFDgwTvzT41fTK
k5dXItR+ietyA8Bk8zPdhgUDwNHFurZYhztJzgAwGQluwCexXEODKFiva7D7arHuHQCG1Dedawzr
FY2Lgmfz5mCuwVJfJwo2rGHd1DwDwKPcLmgYAL503Zo3rNFCBQaDFwp2ApTYsCDyHc1YGjf9y7yX
psHNBW4AWCs24T8V1kGzS0haqZW9yZ1B0iuqexe0M/3Lh8D6quauQDvroKurzHid+Fdf0wIq0Mx7
tYAzSK4cWCdKfKcVaGkb7gDfUQVaCx2I6P5LsPgzSFrAJDBzYC3SEdVd8W8/nwN7LiGBDDPpPUkb
0eIkcLQLYmFSfu7v0qgA8ybMxoDHBro19xmkKZ1IL2/C7CDwuB5iB4E1bgx4Sg+NDZTHY6GHT/js
f4YxYI3T4And2YbF0uDJjJmM98CHScOaGAprhjUxW0nGe+ZP9njHgMFvk4alGZas22fjllawk4YF
uW4yY50bsUBxZe7KEZHeYpPtviKW6xkDht1X5D8ttaZmK+rpQ9qpPrXUUkstmArWTrfgj7s2CkYH
RhBkx0ABRhBkh/jRz/5Zux/Bn6svXiTB7+UVCH41lgO/sALBLxkAzta6qf3CH53gl21+5s4gPXMV
ZLjiUt/FuqaTC8DkE88A8CDXgtZyDVDfQb0ChszOIA3nTTXTCGpBg/rCzmfdPQDsUl+9AskwqC+c
/4XIl98FvUDT4IWCfaZgqxlnETQ7g0TS4IAzSNeWWlSGK7AOWmxBu28ggfTmPAPAmnv6l7wyZPOz
4TcAzO/BuunJgdkZpI1b0F4H1oL2YLWcG0ibsV/A68DOJaRO/w1YmtuBN76ERBY+c2eQ+Oy3n7Nf
zW8MmEz89h3ky8/8JLAwBgzl51jwJSRwXVj+DLFwItp18linUH5mJgyuy59BAhnm+8+8Bo/HQvAf
kUA4FmIarMVC47MVQYPZGDAEwmC89HN3/3korOfNKb1nYij8CHcGSTOsiYtl0GDN3X/mS9FsDJho
sGHBiC9LeuWCPXmxrCT6Fu7v5c8gsWO/rOHMll2B5T6WaDpjwLOVxx84BO+1UguiYI04cOb++960
3d+rrwB0YARBdgYUYARBdoKf/nyq3Y/gQ6/5l6C+IWq/mk5z4BdWXMHv5ZWn6DywE/zqNVaKfipb
O8wHv1dqZM8zdwF4hqov+ySda2i62IJ2DQBfa1xwq69GF2JBLzpoAJhX31HdYlFwnKrvKKe+CTiP
ZFjPF+xRwzqj25q7Be0MAOu2Kw2meS/Ev2DFwgDwlZv0j5myMP0LgbDLe93roJn6ajQT5pvPmi7u
gnaMl+tCi/Gv7vhwdcMZYE1wYHPd9MwAB0z/VnxvIMFyrCBU7wxwhmW/lY23QMPPcMc9kbBLerUN
Z4CZ/Wp9B6O6zzCwswHLrcHsNeWeBGZ5b8x9CUlY/gwmrLpvIJFJ4NkKSX37xTFgcF1mwmPcJSSS
AOviGLDTf9ZdGuyMAbs12Ok/6y4NDhoDTsZ7pvRwMm49AiEw1eDkbOVsvEczxGvA8yOWZlhywZ43
rCndJp/QoV/Q4AV+4fNs5dxIr1bsgyiY7r5qsoaz4h4DJlPBpRZEwTAVrD1wCLLfKd6BS19QTx/a
hbeC0YERBNkBUIARBNl2fuGLX2j3I/hw48YX37PwMgt+n6T2q11e+egLK916Rbu88jRV325aivYJ
frltWDOLdS1be+Zq/XC2wregxTNI7JNcw7cFHaPB72Cu4rSgqfoO66bQghbUlw0A8+qrGZb+ImlB
a3rFewaJP/+bMKyFgq0ZFot8hTNIGj2DdKZgZ/WmxrWgRe/VK8IZJHb714l/dfEGEmTCTHqJDOtO
/Cu8tKAzSPodnkEyNziDVNm1Z5A0eK/fEwlVAs8ghbnm8+3OIIES39EZJC3SEdcd9Q0qP8ePdk7p
TgjMbgKLZ5D8TNg5g6RvfAaJBsLuM0hTesAZJNDgWGjiPlf/GTRYPIPEabDTf+Y0mIt5K2dpFOzf
fzYsWXcFv+wMkrv/XDl3f69WbMoF27v7io+C1VJrSm+qp1tMg7VSC6JgjTqwerqVoxqsjf3Fvff+
+HZ/094p6MAIgmw3KMAIgmwvv/bldLsfwYeLL1x48vLKhxdeFmvPL0AOXCGxMJ34fZKTYb/gl8rw
1fpT9EQwkWG+8+xpQTvqS3dBc+pLNl2l6SJor/peyDWC1FccAH7RvGRYw/mKcAEYziCN0svAwgAw
SYM9A8BOGlx0DwAXbF/vZVbMbv9mi82c3tI8079CIMykVyhC89O/14UEWCdd6KDpX+bDN1d8E+AK
m/sNakFvIgG+pW2dAGubEGDvHiwxB9YPREIVbwLcf8hVe/adBI5FOrS+gzHdlQCf4LxXmASOH+3k
ZdhbfnZNAutEfdlNYD7yFU2Yu4EEU8He1JcPhCH19Y4BszNIwjXgiaGKV4MnPP1npsFn45ZXg+dp
23nesKZmK8l4D9NguWDD4iteg739Z+cTJr2zlccSfVqhl5denyi41FKKzVypNaU3Hz/dAiWGqeDH
Tx/SSofUUouvQ2vVVfV0+k0PnN3u79s7BR0YQZBtBQUYQZDt4ve/drHdj+DDytIsqG/o8soUJMCu
2nPFyYFBenV6Bgkmgf2CXyLDV2rHFyuaTs4gwUiw0HkWWtAXoPysN2ag/LxYh3Ffpr7OGSS9Iaiv
njc1XRwAZupLPjSs2RfhDFJFHAAG9eXOIIH6XjLgDJK1wQAwS4Oz7AzSDZYG+3iv6wySHnAGya8I
LZxBYnuwXNO/G55B4nXX04WuwCqsTZ5B0gIEeINLSNK2JcDhAAHWAgaAvRVosv5qtiI2nzkl3uQZ
JEeGg84g6RuNAZMEeMMzSGDCJPW9t1sLPoPkHQMG9X2YavDGZ5BAg8djoUeoBsM14AANtiaGwvNu
DU7qlngGie7HAuldoBo8Hw/sP8MnjyWacPRILthTelMecTY8+0bB6umWlmiqpZZSbE7pLSXRZGHv
lN5ST1f4OrR6uvXLY6tqqaVVn1VPHzp07JHt/u69I775rk9+Q5J+8I9+vt0PgiDIXQgKMIIg28In
//GL7X4EH1649t8/DNK78PJHL6/c0l/WLou1Z9c2LLr+6qOXVw7rNVKK9gS/U1dqbNnV01R9jy/W
QYZ9W9BTi/WZxfqg3tAW62Tz87XGM4t1Z9yXqa+wCzrX0PPmoN7Q8mY61whU37xJ1FevwAroBE2D
hQvACU6JzxTsUZ0kwCwNDhwALtjZm+QC8Bm9onEVaMF72TpoYfoXitBO/OspQgvTvywB9k7/MgEm
07/L4iWkol7xdqG9CbA3+12+bQKsu1LfbRVgJw32u4HEJ8BH/HLgoBlgV/OZU2Ky8/mIaxLY+5rS
XQmwMAnsW34GGRbKz/CTX/4smDBJfWcrUH5O9Hd5U18+EHa2XtG90ELqK2gw23qlxUITs1SDqe56
NThpWNpQOOnW4KTf4isYDD430qsZPXLBThqWVrCTuiWP2NqIf/+ZSq+jwQsFe2q2oiT6tFN9/lFw
qaVw2S87g0QKz+46tFZqTemrj59uadVVtdTSxi4+cPInt/sb+E75xtQn0IERBNlyUIARBNl6vvDP
s+1+BB8+/ZXPf3jhZag9f2jhZUh6P7zwslB7pmeQVp7O1iKXV6a4HJhtwxKC38N6RcvWZhbr0Wxt
CsrPeo3EvEEtaL0+Dfd+Yf3V1fpgrjI9x7WgPbugdbj3y6nvNPVhr/rqeXN0bhk+TBhkEviSYY3m
TaEFzQaAp+fsecNVhIZ10P4DwDfsh4rNhUJF093Tv3QdtHAGyfFergjNAmHfIrTrEhKd/s2592A5
Xehl4RJSpaivTQe0oOE1zW2Bvul7A+l2l5A2bkFLnktI0h1ugd44BPZeQgq6gSRcQurn118FjwFD
8zmqH4xFKq4bSEfE5jNvv3z5+SQfAgvl56OdiTmyBZovP7MxYK8JT9NrwNzy52USCPuNAbNrwEyD
NxoDJluvTDL9GwtNDIWnh8Ljs5WJobCvBp+Ftc+cBp+N98wbXP/ZrcHQbU7GK+fu74VVWAHSS/rP
08WmDNKrN+URW0s0lWJThsLzrE8UPF1qKVz2C3ePFBr2sjNIrA4N/3Cm9JY2tgp1aK36hbe//i3b
/T18p6ADIwiy5aAAIwiyxfzVt77U7kcQuXHji+C60sLL05dXPrTw8vQcaUE/8cLKhxdctWeYB4aJ
349eXjk8V+O3YfEyzIJfsuwqW3sqWzs+V3dkmHSea94WNNn8vFi/cK0xuFifnlsG9Z323QUNR49y
Deg8x3MNR33nyFQwr77DemXasODDaXYBmKovUWL3ADDZ+WxY03QAeN6wzuj2dMEpQoP3Qgt6em6Z
b0FPc+d/Fwq29wzSdKkFYgwaPD3n9J99i9Dk4pEutqBdRehlPvtdhi500TMA7HsJyXUDqbZWnXPi
X98idNAd4OlN3wE2N3cHOLzpO8CaXws6aBKY1J7hje6Kf0GJb3sDCULg2FxHtK/ilJ+PkDfTnhtI
sUgH5L1Mhn1vICWiXVPcGDDLhIUzSCC97CCwq/88WyH9Z86EIfX1jgGDDHvHgOllI6LBE0NhLW8S
482bEx4Nno73TOgW0+BkvGeCGG/PI0Pu/rNuJeMWdJuJBs9W5JHesyd7Nug/PzHXlEea2ogN0jtd
bMpgucWmDNmvOwp+Yq6lJFpZqsHTpZaitx4/3YI/CmeQpvSWNrYMdWitujqlr/7y2KpWhdfn1NOH
dttmLHRgBEG2FhRgBEG2kn/4znPtfgSR566kSdK78PKHFl7uvryi6bQF/cJKt16Z5rZhgQlHqP2C
67pa0ODAl1dY8Pt0tja9WGerofkBYKfzDGeBaQs6nWvEFutTV0GGK2wAOA3B7xx5z6Lg4bwZ1IIm
6ptrMPWFsDeRJ5nwJcMazpv8APC0Yc3mTX4AGOwXlNg7AEyU+Aa0oCts4TO7hORaB00dmC9Cw8Jn
CIRz7gFgkN4r3DYsJr38JSSyB2uZTP8SGdYrGjf663sJCXRXyIGrc+tBl5CEHFjIfuH9smcDluDA
ErVfV/9Zd7xXcGBmv5IkhXSf/rPkdmCW/bL3R9ze6+TA7uzXt/88TZVYaD4TH/a7geSsg56tMN09
EemIHaEbsNz9ZybDrsjXPQYMB4HJNWBoRwvLn6NdruXP3A0kWA09NlsBDSb26zsGLFwD1kPjsdAj
Q2Etb7rHgMMPQxcargHnTW0ozDR4Ot4zARO/fv3nJ+Z6JoZc/efpgp3U7bNxa96wnDHg2Yo80qvd
3ysX7KQ7CiZJb8GWPWPA/O1fFgUTyy02+f5zttic4hyYP4MErkvq0NB/1lfV0y2NarB6+s/feCq5
E9/OmwYdGEGQLQQFGEGQLeOb3/1yux9B5OOXUqT2vPAyC36fvLyiPf8yX3t+4vLKk5dXpudWnry8
Ms1dRYIW9BPZ2pOXV6bnasSNr9Seytam55ahBT3N3QRmneens7XpOdcZpMHF+vRcfWaxHoNPrtaP
65Vp9xmkwcU6E91pUN9cY3pObEE7qS+cQaKF52koPFP1nc2bo4al6aaT+ubJGaTROWvasOYNa8yw
xqj6jhrWmTnnAvAYnEHyRL78Omi4APzQnHgGadpvANjlve4idG6uNR1wBim31LruhMAVfuWVtwvN
bv+6QmB9bXrDM0jCKixh7tdnC/Tcraq1HpT97vAZJO4AUuAW6CNu+50OngEWzgIz1+VvAgfdQIrp
HfGjy+C9JyId8WP+Z5CmuZ1YYMLT7hngRLTriTn/MWBw3Wl6BokEwu7+8xPPLbNAeJo7gzRNrwE/
HAtNc+Xn6VhoXDfJ50Ph8bwJafATc+HxmPkI5L1D4QnDmjCsacOaeG6ZpcEQ/EIazPefk/GeJ+bs
ZNw+G7enC3ayYMNgsDzifEL6z7OVc/f3ThdsudiUi00Ifs+NNLkzSE0l0cyOkOyXLXwGrc2VWk88
t/xYok8r9inkDFJLPd3SEq7+c+50a7q6qlZXn5hbVU+vaqdXoQ79xHPLj58+NF39HpXUoVeZAxdr
n3/nwz+13d/PdwQ6MIIgWwUKMIIgW8OyfSm8m75R/r8bXwT1Bfv96OWV6bmXyfLn519+8vIy5MDQ
iHbOINEW9DQEv+TuEfnjNEz8Xq4466+44DearZGJX702DQ68WAcZdu2Cvlo/zjrPi3XoPA/mGtCL
TlMZFlrQ0HkezjWm5+juq1xDf9Gcpakva0Ez9Z2eM3WaBkPqO2pY03OuXdDeAeCxgj1vWNMF+9J1
60zBXphb1ty7oGEn1kOk6ux4LxShszQQvu0AMBSh+Qo0X4S+vrxKE+DlnN6a5irQTheau4RU5AeA
9dVpTwVauITEKtDLngS4WFur6k78u3EFOmgMWHJXoKdvNwbMDwBrm6tA+15CEjSYhMC6EwIz7z3C
VaC9N5D4CrTWdzA25yTAcBNYuIEU5yrQWqQjPtcZi1TAck8c8RkDppGv6wbSdPAY8IM0BB7jLiE9
MdfNAmHBhKdjobHnlscGuh8+EdrMGPDEUPiJuRAYL5SfwYSfmLOYBvNjwMnnlh8ZCs8bJA1Oxnug
/3w2bnv7z/NxC6R3oWCDGP//7L1/cBxpet83AEFiwJ+gipcFVTjt8IwNhwo2O3Sw5lDFE4euvdzQ
VYlBpVwGlTgGz5EFShXv0IqFXl106NXVHXqtSBhZ0ZH6dUtZskiXbJOxq0JUOFXoCB2jY8Lh2ITN
sRcRp7QocaJDcbpnBpiemZ5B/nje9+nnfbsH5O4tFrzdfgqF6mnc1d4fu8R99vvLC/2WmiAFX379
AHVEA/R6Sm+ueXm0qZSak+utCU7FkArm/c/lK6cPemVXudaVREtZb01ZruR/ho/Xki5B4mfK2cNT
lpux3Olc++oYY+CidTuTPPwjL5cd+ndPhwwcXnjhfd/3Mv2zNzM1AAAgAElEQVTf1fDCC+8H9rZ6
/s/oy/THyR8/+t8Y7pqVaWDg+UoWAsBLlf5cOUO6oEH4HeTaL37kfVdMB1YewibwMyr8vpKrKWQT
GBO/Q9wX/cr8hrLChF/l0cYtjr4Aw3cLm7dWNqD7CnzRzPOc21QKm3cLm3EiBUMA+G5hU1mt330M
qeBnMAKcWK0riL6rdUBfQfVdrVP0VTj6nik6Ss7rxFLWGvoTFgBWcmVwQSe5EdrkS0hKTphBwgAw
vFFyvgAwF4SlADCiL5N/v0eXkJ5lfDNI4IUOWELKuRnR/0y/K2L6V1aA51kb1nNnkJB7le47wPWd
VIAHuu8AZ7bdAfb7nzPR3qGcrAB3SwJL35XBvlguaAPJN4DEFOD7ZW8D6QtcBBb9z1IMWBEzwEjC
nuorxoCBhAGDFWkG6d4zFgM+IcwgTeeiiMFKLJparXP/cx1iwKgGAwanR5yLI44OInDRSRedt+cH
xuPliyMD46dYDJgT735P+F1rKGuN8VwDwHiCY/Db843Lo+zfKMHS7/T98uXRA0rpwARXepn/ucS6
r0AczicYBivrrUlOuSAF83arg6D9TudaVxIMegF0r44x6J2yXOh/ho+K5U7de3bt7OEMY2A3k2wr
yXam1s7U2v/q8T//8df/6k7/if3i9/jtkIHDCy+87/depv/HGl544f1g3uD+xQgJMe76/dbCPwHc
Bdvz1nwFcFdZAhd0mY4Agyk6Q2zPKPyiCxoSvzeWnym5GquG5sIvbgLfWtl4JRfggsZhpFuPNl5Z
eYZd0Ez45fSLLuiTXArGAPBdgr6s/urx5snVMo4Agx363mr95GodeBjQVwlyQXsB4KJD66BB8tWL
zpm1MnZiJTEADDNI/gVgdEGXmuY8U4ClADAuAAMY0wwwcO/Dp6gAP8MlJIwBS0tI3iawuIREFWDq
hZYV4HnWhiWXYIkKsH8Mqf6CCjCfRFJ8JVgvrgBHRPrNIAbPv5ACPODD4Ew0QAGmJVjU9kwVYHQ+
K4OCAuzfQEIFGJqfFZIBxoe35/fGjzFZ+PRxFgOWNpCmc8FrwBgDTub6kYQVHgD2rwGnYlGFM3By
uH86F00OP0vFohdEDMY2rIsjA4DBkv9ZKTqIwW/zDSRWglV0dJb4fXaJM/D4WoMKv6gGS45o0vbc
FPufn4EUjPXO1P+slJqTudblUWH7F6RgYnguF3gqeDrXmhpzCwk6Bdwq8Bgw2KGVpAva79v3nl1L
HlZqTAqmduh/uPhP//bLZIcOGTi88ML7Pi8E4PDCC+/7utgP/V/Rl4l+f+HObdB+FRb6ZTrw20uV
rPkMcJfZnnNVBsas7bmqLHsZ4COkCxr6rhTehkWFX9CBEYaHcPeIu6CHVjamH23cJsKv4uuCJs3P
zAUN8q8kBUPT1cnCppIr36UZYEn1Xa0rnIc91Ze7oHUSAIYMsFJ0AH3fmH+Gnc86qYM+QyRfU1SD
kXtNkgGWAsBUEEbuzT9lzViF9VYhVw4MABekBeCc1/8sfSn8QUr/Fudd//avpADT9O/TbRTg+Y5f
+30ZMsB+HXgw11UBPk7oV+meAUYRGJ3PNAnMROCgL+XY3ti8sAZM9V4hBnzvGYDuqWN7E8eFNeBt
YsCIu0jCftWXCsJY/uytAd9jGBwYA5b8z6AGAwaD6qsXHVSDMQM8Ht//9r1n4/H9F18bQAxG4Rf+
eQEwBgymbc+AwYi4IAVjOZbkf55ghc/NyUSrwLVflILZ9u96a+p+2WvGWm9N5Vqo/SqWO5VzweQ8
td5SLHeKVEC/Pe++nXymnD0M2u90rn0t2VZq7Uyt/Uv/4h9/+9LETv/p/eIXMnB44YX3/VwIwOGF
F97Hv8QPL71U9PuT7/8BEG/GsOe47Zm1PefKilnJ+maQFNb2XKEjwKzvarn69oMqDh0NQgY4X4Of
ou35CCZ+g1zQtx5tvJors2EkLMTKbXq+aJCCefNznC8h4QhwjKu+dwubmfln86teBhjR9y5dQiIB
YOqCnl+tI/p6S0hPoPuq7CExdF/xBWBAX2EJCZ3PuQblXroALC0hMe4tNQn3lqEROnAJ6QlpgVZy
8gwS9UI/kVqgSfqXCr/4TOXfp34FONexnI7i80JLLdB++sXnzDYt0O6LtUAH0S88Z7q3QA8GtUBT
57MihoHx+3FJBBYDwJR+gYepCHxCdD5LM0hvz3st0CfENWDcQIof2zud2xc/9gxJODAGjBtIuAaM
JExjwLT5GX8E/meFZICVWDTJMRg3kBCD0yMD88T/DMTLssE8Azwe348YjBlgvehM3y+Px/eboAYX
nXEuBV8eFR3R80IGWCk1x8UpYKXUnLhfvvz6gQD/Myl8RoN0QTQ8T663pu+XJxMHlTcPccOzMAVM
7dDSDJJSa2ful6EdOmO5mXk3k3SBgTO//4/+8Mp/92n8Of5iFzJweOGF97EvBODwwgvvY17qS//3
y0O///zBHc2wlVwlalbeNuws134VszK3VIG2Z/gIbVg3lqvwfIPTr6wD52vXH1SP5MpYf3V9uXqT
0+9gvjYNCnCudjNf8xK/Oa/+6v2HNRB+QQdWpC7owia8OVnYVHIsAAxxX/BFoxQM6HsyVwYpOLFa
V/gsMFAu8LAiSsFM9eXoeybnKKt1kHxBDV54AgHgMnIvMPDSWuNM0TFzDYVDL6jBGAA2cw26hOQP
AKMF2gsAP8UlpLI/AAzNWI+pAsxbryj6KhyAH1MdOMfkX6EEi39XCP0GpH9zbaWLBdqvACt+C3S9
A6HfF9wB/tgW6EiXEiyIBA8OyACc6b4DLFmglYN7uiWBmfPZFwDulgQ+xRlYEWPA2ImFxAuDwArZ
Aebm572JobJEwgligQZNGGPACnc+AxUnSQwYVV/WhpXz1oApCU/fLzMMBtUX8LjopHLR9IhzIRYF
4RfbsBjxFh2PeHPOeLxxccRR1hrpogN8m773DDBYIYlf7H+eKDXH1xrTueZ4vAG6Ljiisf/ZU3rv
lydGDxROH2Sh31ITld7JUhMczpOJlpJgK0fwsTjmQveVst6aApRdbzGxl3Av+J+LY65Sa0/x7isA
3aLlTt8vXzt7WOE68NvJ9jvn2plau/Trv6ecO/Jfv3np0/gz/QUuZODwwgvv410IwOGFF97HufEf
ffDy0O8/uP9HmXkb+HbWsLdyFSb20tCvWZmGvd95r/7qiOiChvor9vFBVcmVbyAML1eP5GpeF3SQ
C5rtHnH6fSVXRhi+vQL1VxvUBX23sAlvxOZn5oKOFzaVx+CCZugbX60DIc+v1jEADKlgvwvaU33n
6woJAM9/UOfdV2Xqgkb0pQFgk6vBpth9RdF3qUsAGLiXG6HLuAAsB4C7LyExpdcfAM55nmcpBoww
/MRfAZ2Tx5D8MWB0RLOvurCH5CuCLjvuljXfUbb1P78I/cL5GXgbF3Smr2cwBzrws24V0EejvYMD
HgMrPgb2LyEBEks68AkCvVIA2HNEzwfEgKU1YGZ+5jCMa8BU8gVNGEj49NA+SsJSDJixLlkDRtUX
SFjhDIwxYIrBXhsWYHAsmn7NiwFnVuvp3EB6xAE1OMD/XHTGhRiwcym+n2FwfL+y1hi/X74U36+s
7R8X+59NHgM2OQabow3P/5xrXh5l+fnJUlMpNSfuPbty+iBCL4R+A/zPQLnrrUlS+Fy03LfvPbv6
5iGA3qJYheVH4kyynYEK6Fp7+n4ZIsGZWluptd+ebyvnmB36txb+yd/5yl/b6T/VX/BCBg4vvPA+
xoUAHF544X3km/yL//rlod+/+0e3lFxFM2ygXxB+s2ZleqmSNcs0D9w/X1GWq91c0Fj+PP0AXNBl
pvQy4bcquaADu6Cp8Ou5oMURYPYmx1qg0QV9UnRB33m8ebJQFqTgwub8av1kblNZrYMUDC7o+aAA
MEXfZNFRVuv6E1hCKmPtc1Ksg0b0NdeY/LtQhCUkFvo1fXXQ50tNJRewhPTwaZPrvUIddGG9pYhL
SIELwPDmMe1/zglLSIEB4CdU/s0JS0iBX0L6txrYAl22ch3FvwP8smaAKf0qLAxc9uvAxw+JInD3
r9hgnyImgU9Q6PV9xY/tVdgGkpcE7hoD9m0gUeczjwGXE0P7Th/fF7iBBM/+GDAKwhdwAVjEYK/8
WSiFfnZxZCB1IqoUnVQsmi46iME6F34pBuvof15rKEVnPNdADCbEW77EpWAMBl8ebaIUrKw1JkjE
V5gCRv8zl4IZFfv6n2X/c86dTLSUMXeSj/1OjR1CO7Tkf57OudeSbcVyM7V2xnIz8JFrv5lkGSLB
pVo7wxlYcTq/cOf2r/61yzv9Z/sLXsjA4YUX3ke9EIDDCy+8j3aZH3v48tDvT77/B0rOzpoVxbDn
zAo8R4F+MfRL2rAGl6vTrPxZcEED/YLweyRXxjas9/O1I7mq3wXNlF4fDN96tEGFX4gES8LvbQrD
gL7cBQ2FWOB5hqYrYQmJoC+4oO8WNt/IsQEkAX35S4q+Z4plJVcXuq+Kji4uIVH0NdcaSs4xu6Cv
FABW1hr5UnPpQy7/5sqBS0hYfKXkBBe0xL2eJuybQZKIVyDhXPAMEnx58m/Vs0N7/udc2R/97TaD
hN+VjwjA9ecB8MBHBGClOwB3m0FSor1D98uSDnz84J6hQ0QE9gWA8ft0TiBeiYelGSSFmJ8DSRgl
X68QK2gDafp+ma0Bf7G/Wwy4SxtW1I/BuIEEJCxisJOKlSUMVopOGomXYzC8HI83dOp/LjpQfIXE
a641MBgM0GtS//Nag0KvUIWVa06MNguJlud/vl++/PoBCXrh42Sg/znnXkmQoaP7ZZSC/f7nqTFX
SbanQPsl3VcQCcZaLCXXuZZsK04nU2srL1MkOGTg8MIL7yNdCMDhhRfeRzj1L/+bl4d+f2zupqT9
wjMs/frpF3A3mxN0YKH8mdqemSzM+q4oDHvCL4Hh6Yfggi7fzNdiKxsKH0byyq648KtwGL69snGH
oG+8sKk82hA8z2QEGKTg+dW6UticX63fAfQtbMojwCIPS+jLkBjR11cHvYQKcI6owTQALBqhGfo+
bbJmrFxZ6bIAzMFYCACjEVrmXtEFjQFg6MfyB4ClMSQMALP0b1XSfstoh5YCwH4AVroAcPnjKcC5
5ynAuY+jAB/tAsBK9x1g+p3bnstCEvgQUYB9MWAPesVB4Li4gYT+Z+p8PkVEYN8G0l7a/CyRsDK0
L3m/DObnxHEPg/3mZyRhsoHktWEJ5c85AYPTRcePwZR4pSlgZa2RzjmX4iwnny46aHWWp4DBEV06
ME4w+FKctaZDFZYkBePokbLemoDQL1RbnT5IofcKsUMj9E6ut4qWO036nyHZiwwM/mfUfhXLzeTa
RR4D9jMwRIIVpzOdayvnOvCc+fXf+5fXJnf4j/kXvZCBwwsvvBe/EIDDCy+8F73sX3n08tDvl775
u6D3TrPKK64DL5HQLzAwcUEfyVUV09N+QQceXK4qDwB3y8wFzWVhtD0jDAcKvyzxC3pvvnZ7ZeN9
Hgm+7a+/Et5w9F3ZuPN489UV5nlG9L3L0dcbAS5svrFaV3JsGdhDX2KEVlbr8x/UA9B3td4NfeE9
dl9RNRi7r/xG6IdPQQEuUyP0NktIiL7UCM3bnmUjdGGdKcBPqALcJQAMyjCb/62KCnCurHRxQSP0
Kj4ALm+vAOe8SaTdtUArPAzcTQE+6gNgxTcFLH0pB/cM3S8LA0iHvEHg4AGkwb5YzoPeE6gA+8zP
06QQSzI/owVa2kCSYsDTuf7EUDk53H/6+L5u5uez2IDFMRjbsCTVV8BgrvpSDNaLbAaJZoABg3Hc
KD3iXIo34E1g4nd8rTGda0yMli+d2s+Kr0rN6VyDFl9R/zO8Kay3pnPNKwn2r4omwP9MVo4kKXgK
oXe9NWW5YIeeGnOVMZf5n++Xr44dUiy0Q7PuqynLVWrtKdn/3FaSbTaJBAwM2m+uk0m23znXydTa
yux3/+QX/9ZO/2n/ghcycHjhhfeCFwJweOGF90J38yf+3UtCv7/0L/6xZthKzo4Y9rRZ0XK2YlY0
w1aWQAcue6FfbMPiOvCN5Sq2YeEm8PUH1RvLZc8FLXVBL1df4Rlg0IEFF/RDgOHyTcwA52uvrmwo
uRrNAHdzQd/l6Iux4W4jwMDDFH3RCB0wAvxB/Y3VAPRlddCcexF9z3AkpuhL1GB5BHjpQ1SDy34j
NHJvPteUBeH1FjVC53OeAiwZoYUMcM5TgIMDwGVhD6mUKys+CzT9UkQALgcqwDlZ/v3+M8DK8wBY
+eQywGISWFaAj4oA3C0JjNA7dL8srB8dDY4BewpwTsgAd4sBJyTzs5gBVob2JSQSlszP98tM9f1i
8BSwtIEEGCypvhSDsfyZYnB6pHzxteApYDQ/CxgsJn7pFDDO/Jocg/Nd/M/AwJPrrYlSczrXmhht
XuF26MJ6a/p++UrioLIuSMEFrv1CBhgxOKj/uVx885DCDM9uJtlWxtwMt0ML2i/5OH2/rJw7otQO
K05HqbWncx0l2VacjvL131bOHfnGf/XXd/pP/he5kIHDCy+8F7kQgMMLL7zn392ffPyS0O/P3PpD
JWdrhg2h3/6crRh21qxML9pZs6zq3AXNhV+JfiUdWF2uzi1VaOiXdkGrTPit3hTKn4kL+mHtlXwZ
YVhlwm/tNs8A31rZeDVf89dfgf8ZhN9bjzZO5soK1l+tbFDPM5WCVb1+V1xCQh4W0beu5MqwhDQv
LiGpxAWN3VcYAE7B4hGib66hkgVgZoQG9M2VFbKERNHXXGsEcC8JALPiK679YgxYDgCvt1RdXkKi
Y0hPypSEyxgAltK/OIaEX1IAGOZ/lW03kPwt0Jj+7cbA9U+uBXpgW/qlSeDtY8C4hKQc3DOYk1ug
j/tEYGyBljaQpnN9scGy53w+yh5U3gJNzc/TOU8ElmLAuAasDO2Lc/NzYAwYSBgGkCgGextI98uA
wVQQTsWiIAhT87MUA6ZtWOmRAXkDaWQgBcR7v5weGZAweEZvpEeEDaRuwi84otVScxyKr0rN8fvl
y68fgDeB/ufpXHMy0bo8yqA3X2oGhX49KVhZb03p7pUEg96COPYb0P/MXc1U+1Vr7SnR/1wiHxWn
M53rZJLld758JFNrK05H0TvXkh3F6ShOR/mjW9+5/JM7/ef/i1zIwOGFF95zLwTg8MIL7zmnf+0/
vCT0+xO//fuUfuE5CvSrW0DCKumCpi5opF9Vr2bBBb1Uub5cVXULyrGkLmhKv0Pex5oHww+J8Juv
cdat3V7ZiHkwvEFhmBZiqYXNW482bq9sqLrlScHM87yBzc8oBauw91vYVFfrUAftoS8sIRH0RdX3
3mpdLzpncnVEX3iQ0DdZdIB1F4rO+bWGnnMQfVNghP4Qu6/KCL1AxfkSDwCvNcDqHGiEZnqvGAAu
rLdUrglLAeCiuAOsghe67HownCsrvvQvjiHR+V9JB1ZywRtI0g5wYPq3HCT/Bu8A64x+1Y+7A6wg
A+eCd4D9IvDRIAZWuu8AUwaezsnaLx0EVn07wJ7z+X4ZoffEUc/5jAzMCrHEGDDovXExBqwM7Uvo
7GMX8zN7OIvoS2AYBOGzw/3JL/arZANJGe5P6awNi30Uyp+jF5B++UNaH0jFHH3EUUcGUij8Egwe
X2uk1xqIwea2wq+51pjRm+PxpskxGKXg/OsHpOKrPNd+0f8MiDvBld7Lo6T/mduhOeV6od9JEXrl
/udaG+zQau3wFAFdZGDB/5xrv3OuA/5n1elk7pfVLx/JOB3F6cxQBn7/D/7ZT/2NT+mXwbYXMnB4
4YW3/YUAHF544W13+Z/54CWh3x+bu+mnXwj9buXKzAXNENd7Bhc00q/ngn5QzZrM9qwuV+dYNbRX
/ux99Mqfq6D0zjyEn5axC/rWyoYXCRZd0LGVDYBhFH5jKxvq481bKxuvcuGXLiExzzPUQXMpmMV9
g5aQAH2hNRqlYLXoeHXQdAnJU32FOmi2eFR0aPdVsuig21kvlv3dV0v4LAaA1VLTXGtQI7TKtV8a
AKbcC6XQ+AWUy0i47BIvNINeyQuNC8BFy30qVUDn2qqPgZF+uwWAn4o6MGq/Vs6Tfyn3Sgwc4dpv
twCwxMD0H7FA/3NE9EIj/eIzE4G521li4OOcfv0x4MA1YOi+gkFgLwbMuVf1tWEx5/NgX+x+GZ3P
saN9qPdKa8Az+j5Kwv4NJHBHo/k5OdwfFANmG0iqrw0rFbPQF50K2kBKim1YM/pAKuYwPMby51g0
zazOov8ZWp25Gkw3kMSNX68Ka6LUHC81AzaQSs2J++XLoweU0v4JIgUD9HIpWPY/z+geA0/iypHX
jOXSOmhW+Jyg/me3lGzz/mc3kywrbx6i/mdgYOp/Bu0XnxUSCZYZ+KWpxQoZOLzwwtvmQgAOL7zw
truXhH5/dPa7qm5rhq0a9qxhU/qF0K9m2DPAwLkK6MBAwoEu6OsPqtlcWeVd0NeXq0f0qrrMYPj6
cvUVngEG4fcVvaZgF/TD2iu5spqv3czX1HxNigQD66o6r7/K10D4VXUu/ILneaUMUrDneV7ZUHVe
iOV5nln9VQIzwDpvfgYp+PHm/Gr9jVxZBdV3ta6KS0jggvZU39U6qr560VG5EVrnajDQL8i/Sx+C
EbpMu69U2gida6hkAVjOAOtN1WeELogZYIl7QRBmAeDvIQmXwQstca9KAPgJ1YFzrho0g4RfqkjC
T4NEYFV/oRmk7TPAyidRgqV8fxlg+JrOyRlgpGKEXrV7Bph1Qese954g9Kv6SJg7ny14PvUFxr2q
LwY8owsZYCYCky91aF9C9zLAqpgBVob20corVWrDul9OxaJnv9iPqi+QMDU/q8DALO4bTY8MXIg5
TAQeGUh5G0gD5khDXWuk1xrptYay1kjfL6dHBky+8Ztea6hrjTTdQCo186UmCL/5eBNeYs3VpXgT
/c/TuebEqHX59QPqemuC91qBFEzfUP/zjN6aTLjFhKta7qTlKpYLzVjwUbXcScnwrLtXxxjZqrX2
FHRfQf9zrZ1ZsEpvHqL+Z7XWzjgdi8At6MDKuY6SZOaImQWLMvA757ZUd0txt5Rffv/fv/O1nf6N
EF544YX3/VwIwOGFF17XK/38n7wMAPxDX/9tJF6kX9WszC6yyqso0G/OVgF3mUQsuKDB+Qz0e4TT
r8psz7wLmrigh/I1+Kmq8/LnB9X38zVVt9gwEosE1yASDOh7k9MvLiGd1FkvdGxlQ3kEhVis7Er1
LSGphc27khRM6q+Ah9kS0gf1O4XNN3RLJVIwXULCALBehCUkT/WdX637M8AmDwCba42FJ8554nb2
jyGh5CuMAKPzOdfwjwBD53PgCLA3hvQ9LwOs6pYUAAYjNH6ke0iBAWD4Lsm//gCwqgdboLsFgNVt
LdB1nwgc+bgW6AiJAcPDwLYWaGXbGLDfAj29bQw4NtinBk0B+9eAT4gicNy3gTR9v+xlgL8gDCCh
+XmGOJ/9GJwY2jej97Mp4OF+SsIoCAcOICWH+2cWrORw/4UT0eRwv0piwFIGOD0ykIpF9aIDavDF
kQG96KgjA2n+z4W0gTQOxHu/fCm+31wbADYGq3N6xLeBlGtcHm3i4hGA8aV4M19qqustdERfHj2g
lA6A8Kuutyb01uXRFjCwt/SbcDH0O0mouGi5MwvWlcRB1To0SQzPaq096fM/T1nujN6+OkbKrhas
q28eAu71+5+vJduq0wHPs6IzBs44nZkF650vH2Hab66jnOM68MzvPPvWT30avxu2vSc/991Tv/ay
NFSHF154L9WFABxeeOEFn/ON4stAv70/95tU+/WeOf1iG5YquqBRBz6iV1SuA+PS76BZAeczuqCv
g+SrSx9rTAd+UL2Zt9AFDdqvqjPbs8phWF3ZQBi+zV3QRPi1QAqO80Ksk5x+45AKXtk4SYRf1S8F
Q/3VB/U3CmXoxJpfrascfc+s1lWd1UFj/dWZ1bqqO14nFkff80VH1T01WCk6+hNWf6Xqlk4aoVUy
AqzqQiM0up3NtUZeZySMX6pvDEkKAAMYg9hbWG8V1i1VFwRhGgAuWswLzRRgPWAJCbgXofeJTwFW
9eAZJFkBDpJ//QHgAAVY33LcLfWTnkFSgXv15yvAR4MUYHXbHWD8mtFlBfgEVYB9zmf4mtG951OY
+BUZmOu9e+PHLAbDX9gbP7ZXFQeQ4sf2SgNIqiQID/djGxZTgInqO6N7U8AUg1Ox6DSowcP9qRNc
9WXmZ4bBOnieIfE7MjCdc0ANBimYwy20XrFwL1n9tS6+xhiYJn7zXOaFfO94vIE1V+NcHL482lRL
zYn11sR6a0ZvUSk4X2rO6K2J0VaBLP0C9ILSW7TcGd29wnXgyfXWjO5OJljDs+d/HnNB3Z3R21Nj
7dIYBn290aOpWntmwbr65iH4qDqdjN65luwA9zIdGPzPvPuKIfH98jtfPgLa74y+5enA07/V+ZWf
3unfDs+9kIHDCy+8wAsBOLzwwgu46Lf/NPIS0G/lZ69ruq3q1rRha+h8XgQStmgeGF3Q3iaw2AWt
PgDcLeMIMMjC+NGbPgIXtF5T0QX9oPqKboELWvWGkWqYAUbbM9Lvq1z4ja9sKA9rKPziEtLdwibA
MNRfgfALoEuN0CgFJ1bramHzzuNNbLpiL71lYGEJiRuehSUkpvoSIzRbQnrimGuN80ULM8ApMgLM
9oHFJSSQfAMzwNIYEjRjFbACGkeAn3IFOFf2jyGpvASLjgAD9AaOIaECLGSA9YAAsKwA++j3aTcF
WO8oL16CtQMK8HNLsNRo76AerAAf9ynASlRWgIf8CnAuIAMcuAYMuDvtmwIOXANWju1NLDASPn18
HyVhhGGZhIf7aQYYBGFgXWzDolPAgLug+iIJz+hRiAdfOCFsIHHzcxRUX2BgUIPTIw2GweIG0qV4
QyDeBSs9MnDp1H611EyLVVhofsZ9I/h3Q9wj3RqPi+N1vooAACAASURBVBtI98uXRw+o6weBitX1
1oSo9AbVQbeujrme//l++SpnYLXWlu3QXBnGsitE4pkF61rysFI7JPU/Z2rtGb2TSRL/M2dgxd1i
80jOEdCBp8913jnXUd0t5e0bh3/j6qfxe2LbCxk4vPDC818IwOGFF558Q7+69jLQ75/+rd9Qc5Zm
2DOGrem2atiaYauL9qxhgQ5M6Rdd0DD8SzPAg2ZlZqmSNcteBni5eiRXoRlgIGHUfr2P+dr1B1XP
9rxc9Qu/r/I3wRngRxuvEuFXBeFXF5aQpAwwCL9vSFLwY5CCrbs0A8ys0Qx9aQYYePi5GeCFJ45e
dM7rFijDQgYYzJ/iCPA2GWC5+6pLBhi4N19qFnQLx5ACMsCoAOc8BTgwA/xEVIDRDh2YAVbFj+Ug
BbhbAPgFM8CqD4Mj37cC7InAHysDjDFgSfs9KqKvPwZM/c8zuqAAn9g2A6wM9sV19oxTwP4MsDq0
L36/DNALJNwtA0zbsF4kA8zbsKJnh+UMsBqLphasVCx6gajBetEJzAAjBtMMMAi/dPWXvYR+rFP7
Cd82x+PNS/EmrP4GZoDVUpO6nbkUXJZSwWIG2J1MeNovrBxRZXiaMHCRG56Bcku1NvM/YwaY/HQ6
184kLfXs4QzRfpnYW2sL/mfSfTWjb71zzlLdI4q7pbpbir71zrktxemoP/2dH/ndn93p3xTPvZCB
wwsvPOlCAA4vvPCEi3/nz14G+v23/+2vqzkrwulX0S3NsKcXbc0oA/FiG5bkgpaWkBSzMrdUOaJb
nguah34xAwzx4MHl6jQowHz6aOYBuKAtlgEm9DvEZ4FBB769skFgmGeAH9Zu8ZUjaQmJJX65FCxl
gO+QJSSQgu99UH9Dt1RxBBiWgYUlJF5/xUaPumSA9aKjrNYBfc/kygrnXp00Qp9fa4AajDFgRTBC
N6VGaC8DrDdVogZT7mUKMOfePKFf5oUmzmf0QvszwJIXGluvumWA6SSS3AKdC1CA/TFgYF01iIGZ
CFzv1IPk351ogR7o6xkckFug8bsaFAMe8rVAMwWYe56lGDCbPuqSAWaO6JzsfO6WAZ7RvedTxzzn
M80AIwknhvb5STg53I8k7M8AJ4f7YR4Jzc8YAAbVFwaQMAOcwhbo+2WGwSMDiMH+DHB6rcGrsBx9
xMENJG/1d8RTg9VSc3zBuvjaAGaAwRENiV+aAQbhF93O/g2kmQULpWBUegF6JSqG0SNqh56yXGiH
Vt88NFVrT3I7tDLGNpBoBhiRGDLAqtPBlWDcQKIZYGqNBs9zhmm/ZYgEAwOr57YUd0v9m//rf/6P
/sdP43fGthcycHjhhUcvBODwwgvPu+R3Sy8D/f7xf/Nr4HyeJfQ7s2hrugU6MBAvywOblVnDhukj
pF8vA7xUgaXfG8tVlewADy1XZ+Cl7pHwDd4FzdqedUsF2zMfRgL6BRK+yWE4xpeQ4CPA8K1HGzfz
TPiFWWAQfqH4ykv86htqYfP2ykaisKmubIDwC/Sb4MLvG3ziCKTg+dX6ncLmGb0Oz8lV1gt9b7V+
Rmd5YFR9763WzxcdVWdSMKi+9z6og+qrFokavNZY4CKwqgsBYFCDzbWGqTMFGPgWnh9y3FV1Br3s
IwDwU74DrFtqyfNCF9ZbKgfgh0jCuqcAF7kF2h8ALqy3irrQAl0kFmhaAf2U0G+p1gZHtMTA/gCw
4rdA1zt1XoLVxQJtBaZ/P1kLNEkClwMt0IC4QMhyDPh5O8CMeHVB+z1O0FcN2gFmCjB3PtMYsCru
ADMFWGfce5ozsBQDRhI+PbQvcdyLASe5BRrNzyAIUxJWh/uTOsPgVCyqkhgwYDDEfekOMKrBF18b
ADxOrzVSseiM3kjFoizuy2PA6lojrbMMMKrBaqmZ1huX4swEMV5qgiN6PL7/EpeCx4kUDK1XE+st
FH6BipnbmUwcTbC2Z6vw+gGAXgj9glY8yaGX1kHP6O7UWLuYYN1Xaq09tWBBOzTrf9bbpTF0Nben
xtpqsjNVa2eczozeBrJlKvGCde3sYQDd6VwHGdhxtxj3Oh3I/aIXWnW3lAVL/bKnAzvnttRIRPnr
/+DH/+nbn8Ivju0vZODwwgsPLwTg8MILj136D/981+n3L/7y+6puAfTOGnZ/EP1S7Zc3Y1U0w46a
FVhC8tPvoFmZZrhbyfL6K5g+Qvp9hS4hPWAzvzgL/EquCtNH8PFVveZfQgLWZbbnXBlYF5LAt6Ql
JLaNtMneFDZ5KniTFUQXNu8+3rzDPc+Mh8HzXNik9Vd3C5tS/ZXXiVV04CUaoReeOPOr9TMS+vIl
pPN6QxWN0KgGy91XBH2pERq90PlSk0u+lqp7C8CsHIuMAOdLTan4imnCnIG9EWDdVYMCwGiHhtYr
wfyst5WgADCiryoysFUPDgBbjmXlWP/ziwSAuzFwZFsXtJ+BuwWAu8WAWRe03jsYtYJjwAMCA6td
AsCMhwf7gIcRerETS/VlgBF6EYZPcfr1O5/jx/ZO5xj0wgCSIgaAE0P7ZvR9iSELBOHE0D6FMDAz
P+v9FIP9bVhs71c0P0M8+EJMqMJSY9HU/XJ6ZODCiSian9MjAzN6A9RgJF6pCksVpeBLfO6I+Z8X
rEvx/fmS7IjGxG9hvQXCb4H7nwt85hfiABNQfLXAmrEmLXfCt4GkWu4k0X5h9Ag+TtXa0A59la8c
AQOj9guTSDToOzXWVpPtDC95pgysnOuoSaYDMyR2tzLiBpKfgRX40V/NqqnB/+fvXdnp3yDbX8jA
4YUXHlwIwOGFF14kEolM/LP1XaffL33zd1XdVnVLNewZ3YLnSBD90gywqjMSniNLSJR+QfjN6hWF
68DXl6uqLrugWej3AXy0bixXh/gOMHRBx7plgDkMK/na7UeQAbboDvBJTr80A6zyDDAIvygFxz3h
14IMcEKog66/SAYYeVgvOsnVOqq+Z3LlLujrqF0ywIHoK40hCRlgbnVWdavbGBJyb75LBljyQhdf
PAOst1WfC7pbBvhp1d8CXbb04AroF8wAq0EMHPkkMsCBMeAXzwCr0d7BXO/QQUteAz70ohlgdbAP
OrFeJAMcG+wLcD77MDgxtG9GZyR8mnuh5QGkBQut0eCFTpI14Bn9hTLAqpQB5uXPFIOVopNesFKx
qPnagApSMMdgIF6aAYaXUIU1Xmqm1xr5UhMwGMufufBroRSMiV9PCvYtHvEMsPemyCeOCusMgyXo
leqgp2rtGd2FlO8UfFywro4dUmuHhAyw53/uXB1rg/ar1toZvWOhyZkwMPifrSRyr6f90v5niYFn
9C01FVHdLTUSUWa/+ye/uMv8GTJweOGFFwkBOLzwwoPb9cWjH575HSh2Buez97xo93P6nQEGFlaR
KuiCPqJXVHBBL4HV2aNfXEIC7Rdd0ByGq4C7Mw+qN5YtuoR0M19TdeaCvslhGGzPAUtID2snVyxV
r6HtGQqxfMKv9+YORH9R+F3ZoGVXTAqGTiyd+Z8RfedX66q+6a+/Eni46Mx/UF8oOqD6AhIHoi81
QptrjfNFR9WZC1ruviKCsIe+H+IYkiV1X9ExpMJ6S9XlMSSp+Ip6oSX0VTkAU+ildmg5AEwBuOpl
gLkj2lK7zCAFfqnbAnC9uwgc+YQAuNsasFwE3f1L8j+r0d6hBYsS7/GDe4YOiSJwUAxYHeyLkfUj
D4bFADCThYnzWSrEogNIdAo4YABpaF9iwWKS7xcFDJYGkCgJp2LRGZ2h7wWOwZ7q68Ngc62hxqLp
BetCLGquMQymxGvKGNxMjzTy8SZisFpqjuPGLwq/C9Z4fH/+1H6A3sJ6a0ZvToy28vEmFX4nRluS
FHwl4RLh150YZX5mP/SC//nqGJsBm7TcGb09mXC9hme9PTVmQSR4CkO/juh/5hlgYQNpwbqWPKw6
hzNOR3W3MoL/2dN+Z0DsPecx8DtfPqJGIoq7peqRd8AL7W6p3/zdP3v3f9jZ3yXhhRdeeM+7EIDD
Cy+8SOb/KO+u/PtDX/9tVbck7Vc17JkFC0hY7oLmOjBqv/CsGfbMUiVrWnQHGJ7hI2q/qriEBLZn
CP0i/b6iV9U83wFerr6KMMxtzwIMP6xh3xXuAAMMBwi//M0b+qa6QnaAH214ZVeBddDc8/yGzp6T
1PPMM8DsJaDvqoU7wIDEwehbdBj66kwBpkZofwYYqDhfai59CBhsQTOWxL3eHpLeVEsC+qr82c+9
BaoAcwB+QhVgXwYYAdhTgKvSDrBFM8Db7AB3GwF+jgKsf1oKsP4cBXibKeDtd4B5BthD4hODfUOH
iAIctANMYRjXjygMxyn0iiScGNqnihiMZVenKfqSNqwZfV9y2EoM7Tv7RdaGhZIvzQDDR0/1He5P
8TYs2fxMMBgCwOZaY0aPpkc4BmPc15cBHi811bXGuN68OMJS8VL5M0rBUI51+fUDsPo7Xmqq661x
vUmF3yAp2J0YbRU5BkMzFjJwUAa4PZlwr461WejXcqdIwzNEgtEOPaO3M8lOiWMw6sAZcegITM5Q
Da24WxZqv1wHFrRf3n3luFszC5Z6YRC0X6oDqzO/8+xbP7Wzv1G2vafT75/4la/t4v+A8MILb9cv
BODwwvu8n/rH9u7S7/7p32L069N+4TnahX6lBqxBszKzaGd54bO8hAQveeXVnFl5Ra+qYIperuLW
kbSEhA1YgL4Aw3IG+CHAsHUzX4tDA9bKxqt6TeUw3D0D7JU/33q0ESj8IvoCD99brQsZYKy/8meA
P6j70ffear0b+rL3Ivpi/VWwERrQV7foGJIk+eZLTcwA0+4ryABzTTggA4wKsJABDgoAUzv00ypV
gC1V7xoALgWNAMMwUrACrD9HAd4mBhz5RBXg7S3QMAUcKP8eDVSAuwSA4WtG7xs6aHlTwIeIAhz0
pR7bG9O9DLCnAPu+ZnQGwKdoETQPAPMM8D5JEEbVVx3al1xgGNwtAxxgfh7uDzQ/IwabIw0/Bl98
rXsGmJufZ/TGeLx5caSBxAsYHCgFFzgGww6wX/jFDPCk5arrrUkovrLcifXWpOXOLFiTiYNFjsHU
Ds1Cv3r7Cu/Bog3P2G7lRYKdzhTRfgGJIegrbSCpTiezYKlfPpKh2m+g/5kzsOJuqUE6sBqJqF//
7c33/vaO/lrZ/kIGDi+8z/mFABxeeJ/ry/6r6u7Sb+/P/SbSr1/7hefZbvQrZYCXKloQ/WIGWO2W
AX5AQr+Efv0ZYNWfAX5Ye1W3EIZvizvA6vMywAluez6pW14dtCj8bp8BPuPPAH8APGz50feMXv9I
GeDzgRngDxuciq2ADHAQ96ImvCMZ4DLNAFsfIQMcqAB/hjPAeoACfPyFd4DVwb6hBcuzPR/9tDLA
4g6wnAFesJjk+8UADP5IGWA1Fk3rjQAMXrDSIwMXXxsIygA3aQYYMNiXASarv1D+vGBd4nboLsIv
zwB75c+tKwm2BMagdyHIDl1r0wwwIPGUyMBThIEzTkfOADsdIQMsMrCyYFlnDwsZYO5/lhjYObfF
tF+/DgwMPP1bnV/56Z383fKcezr9fiRk4PDC+7xeCMDhhff5vZv/dmN36bf59g1KvyD8Uu1XM+wZ
3ern9CtlgIUlpEX7iG5pJosES/R7hNAvzQBrDyASbKHwe4PTL5k+8jLAKAVT2zPC8K2VjZP5Gs0A
3+Iu6MAMsFbYvPUI3liQAdZIHbQ/A6yt1mkd9PxqXTMYDyP6znP0nV+tp4oOqMELBH1xDMlvhDbX
Gp4RmqMvjiGB5GuuNcw1C34E3Cuhr6k3umWAOfcKI8DghQ7MABf5EhKir8YfKPQWdUsVl5AQfTWR
gaUMsGX4WqC3jQFr27ZA+zPAkZ1pgR4Q6VdCX7U7Aw/5lpC0g3uAioUMMKFfaQo4RlugfTDMWqDF
EWDWAh2UAU7wJSTMACMJB2aAk0a/hMFIwjN6f3LYSg73U0GY7/p6GWAtFk0WnW4Z4DS0Pceiab1x
IRY11xrayEAKiXfBSo8MmASDQeOlGWBmdfYLv3pzPM6qnlkGeMGaGD1QeP3ANhngWcO9PCpkgCcT
7uVRUnwl2qFnjfaVhJABnhprlxI0A9z2IsEs2XuIZoA1pzPlzwDzZ4DbDIi6Tkdxt2aNrWvJLhlg
fevdVEQF7ZfrwGokMqNHPAb+ud/c92tTO/gL5nkX6sDhhfe5vRCAwwvvc3p3/2N9d+m38rPXt6df
tgPMTdGSCxrpVzMrs4s20HLWrGjSDjAnYaRfzahmzYq2XJ1bqtxYtuCjfwnp/XztVb0auAOsLlep
7TnG6VfYAQb/Mwi/QTvAQL8ndUuTdoANlgqWpGB5B9jwdoDVwub8B5ABtjADrHXZAda6GKE1vgP8
VaOhFr0dYA3UYEBf3frIO8BYf2W0Pt4OMELv4+/RHWBL9aV/4UH7vneA1SAGft4OsJwBjuzsDnAA
/Qo7wD761XZ0B3jB8naAv/DRdoA1cQdYG9oX170qLP8O8Kwh7ABr0g7wAsPgVCyqFh3EYC0WTeoO
w13OwBSDL44MqGsNxOBZYyAVa1wcaaRHxAzwgnVxZMBcG9BKzXSpmV5raKVmugvx0gywtt4a11uX
4k1tvTWOiV++b+TPAE9a7oTlssWjUVez3AnLLVouo2LMAHM7tFZrT9basANcSrTho1prTxntK4m2
tIHEDc+dqTHL4iXPALrAwP4MMAi8GdgBBqB1tyQGpv7nSCQyo0feObelRSJKJDK7aAcz8Ns3Dv/G
1R3+VbPdPZ1+/0uRkIHDC+9zdyEAhxfe5/H0P23sLv3++U9/J5B+qfMZHNGoAwfSLzifofA5atgQ
9NUMWQce8rRf7oJ+UD3CK680Xg19g9Cv9xEasHQmAvttz9h3xWB4ZeP9fO2kvgGOaCBeqQ76zuNN
KvzSOmgm/K5s0Azw/Go9yXn4DC9/hk4sFvctWDQDrBcdDAZ7qu9qnam+hqPyOmhQg2HxCJDYU32L
Dqi+X11rqLpFjdBaqYnNWHm9qZIAcL7U1Hxe6AJfAKboi9yrGbIXGrqvCuutwve87qsCgd6CGAbW
OP0+kfzPnHglLzTSr+oD4HKQDuy4W2iNDvQ/S17oCKffbv5niYFpB3ug/zki6sBIv34AVqO9g4bs
hQbKPeoDYPQ8S21YzPN8cM+QLrigvbZnkYGRftXBvviC5bVhfWFv/NhezdeGBc5nSsJSABgFYSr5
JggJq8P9CX2f13fFGRi+ZhdtTw3mzmd4BtzVhx1qftZGBlJ6g+ExYPBaIxWL8rivnAEej9sYDB4v
NbEOGok3LWaAAXrhDZY/C1Lwqf1S+TP8IzCx3lItd4LUQU9a7qzhTowKO8BTizZKwWqtPUn8z6Va
e5YwMESCgWzZ6BHYoXkPFjKwpP3O6FsQD1bA/wzzSF0YWEtFlEjEETeQmBfaz8A/e/0/+c2f2eFf
ONvdn02//6VQBw4vvM/ZhQAcXnifx9vd0aM//+nvaMKUkUe/nt7LqTjKnc/4JWSAcewXdoB1tgOs
MbHXe86K9Au2Z9R+NYPhriZmgLV87fpyVTNqXiEWsT1r+dr7+dpJwyvEAtbVDDkDrBkbt1c2Eisb
2soGq3qmGeDC5hv6hiZmgM8UNjXDM0JDBtjzPBc2tdX6ncebZ6jnebWuiWNIQL+gBi8UnXkxA6xx
I7QuZoC1tYb+BHeARfQlpdAg+aIXWuJezXhOBtjPvYX1lsa59zEjYbtbBlgL3AE2nrMDrIkfy590
BljbyQyw9klngI+K3KttmwHWBvuAh6XpI61LBnjW2BsbtJjtmZPwx8gAzxrbZoBJ7bOGDFx0ksP9
MwsWywCfYKov+J/VWDRlRFOxhhlraGuNFHxBBtgYuBDjqu/IQMqL+w7kR5pM9eV1VumRARz4TRPh
Nx9vaqXmOLMxt8bjrUvxlpcBXm9NGK1L8ZYgBS/al18/ADLvhOVC+fPl0RYKvxDxhej7pOVqljtp
tK9wpReqra5wHbjkC/3OGu2rY4K6izqw5XRmF+2rbx6Cn87onUyyYyU7mruVIXDLMsDGlpPcYj9a
tCkDv3MuAmKvFokoeoR5oSORGT3yLmddysCzRs+7qR6tr0ft69l1Bg4vvPA+bxcCcHjhfe6u8Mzd
XQD+mtB6ZVHns0S/HHctfwMWOJ8l+tUAdJlELDRgaYC7Iv1y3K34G7C0fO0GY2PegPWg+n6+phk2
+yjuAGsrG7CNBPSLddAeDK9syInflQ2e+GV10Fph825h8xaRgj0eNurwU/Q83ylsaoY9T8aQAH1h
DEkvOimiBqMRGpC4a/1V0TE/bCwUna+u2arORoDlMSSCvuiFzpeaS6AAG+yjlAEG9EUvdGAM+PH3
kIQtzZADwGCHLvJJJJIBdtWgALA/BvzULwLrbc1ngQ6MATvulra9BVqMAUd2wAK9fQAYvmtdMNgf
AFajvUOGLP8eJ+ir+RgYLdD+HWAW9/WNAMeP7Z3R++LHLJYB/kJwAJg6n9k8kojB2nB/wtiXGNp3
driffSQxYP8OMEi+etGZNaLJYetCLKoX+7VYNLXW8DCYDiBx3OXm5wHIAKdLzRQfQKI7wNjqfCm+
P19ijmiwOoMjWqqDxmLnCQLGhdGWZrmAylIqGN3OwMCTfPGolGjLxVeWC8VXs4v2lcRBrXZokhRf
gaXf34M1a3SujnVw9AgZOONuBfZgAfSq7pbEwOiFlnqwVCMSOce5lzAw9UKrRAf+7u4O0X/95g+/
d2U3/weEF154n+6FABxeeJ+vK212dpl+/8K3VF0uc+5Gv+B8ptqv9yzS7xHdpg1YVPt9xahouAOM
hc8QA+bOZ403YIEUTD7WAIavP6jezNvQgKXla1CIpRk1KgW/qte0lQ2E4dukAYsJv4atrTApmO0A
Y+IXUsErG29w4TdZ2NQ84ZfxMPRggecZ1WCN7wCfN9gzjiEtgAJsOKgGA+4uFB3dcDSxEZqrvpZm
dNkBNpgCTHeAMQasGcIOsCbtAIv1V9QL7XGvYWu+HWAhBowKsOEpwFISmCrATyQF2JAV4IAWaKej
dZF/y89VgA1ZBI58cgowk3+N5yjAgSPAL7gDrB3cA0gs7ABTBThoB1gb7IsZ7NmbPhIZmMV9j+2N
L9qUhKUAsOR8ZugbsAPMAsDSDrA23J80GAbrRYdhcNFJxaIzupOK2aAGAwanuKMhZTQuxBqs/gpa
r0YGQPWF94DB8Ld02mheHGH/Wgd7sMARTTPAjG+5zDu+3prRW+Nxb/V3fL0FqeDLoy1tvQXCr2a5
VAqGHizJ7QyLR6j0gr0ZzPzQgzWZsEpk6ReKr0DdnTU6U2Mdi0vB6IXOwE8XbfBCZ5yO5m5ljK1r
CLqgA/MeLIX8CPLALOhrRFAHViMRRd+KpIIZ+N0Lg6D9og4cTX37u//v13fwF8/z7lnIwOGF93m6
EIDDC+9zdE5nl83PQL+KqP1C7hdIWKZfXoIl9T9j6xVdQgJZ2BtGIhngrFkRCp/NynVQgI0qfqQN
WNeXq68aNW25ivT7qmFDBhhM0Te59otSMCi9SL8nDZYBTqxsqA+hIsuiddB3C5vgi8bE762VDQBd
WAbG8meVC79aYfPO403seWYvu4whAfpiBhgaoQF951frqh6Ivkz1FTLA8FFvqD70XUIFWBcywPBT
aQ8JY8BeBvgpV4B1SxW5F6EXxF6PhI2AADD4QlEBfkoVYEMugvbHgP0K8NMuCrBlBEwBBxqhd04B
9seAKf1qQQFg+DoeqAAHBYAFBZhkgI9LCrD4xaePPO49gd1XIgYzBZiT8Onj+ygJIwxLJKzxEizg
XqzCOuvDYHW4P8kHkFj9VdGBKqxZI4oYTDPAM3qU4i4wMKjB6ZGmGWsEDiCh6psvNWcX7fTIQP7U
fm29lQ6qg8Z8L0jBAMaAuCAFexngBevy6AHNOuhRMVF6S7U2FX49ZXiM2aG1WnuSLP1qTmeSaL/Y
gyUYnjkSzy7aUA2d8fVg0aCvw5FYc7eUSIR2YmEXtMq90BIDa309SiSiEi806MAhA4cXXnif5oUA
HF54n5eL7uvd3f8BX/sL31JyFnQ7S9ovo1wf/aILWhO130D6nQUFWJczwFmzoi1V5kzLywAvV19B
U3RQBtj7mK9df1AF2zPWQb9qMBEYhN+bXAqOcfoVMsCPNm6v2EIGeGXjDWNDzgCvbGgGywAHCL+F
zbuPwQhtqzQDzMeQ/BngeW6EFjLAIvpqRUd/Al5oG957GeAiZoCFHWCaATZ1lvulGWAPfQ1PBKYZ
4PzT5mNQgA1b7ZYBXscMsFvQPQU4MANMY8ClWruoC0XQ22eAEXcFBja6isDPzQBLSeDIJ6QA+9O/
HykDrEV7B3VZAT4eqAB3yQCrB/fEDE8BPiEpwL4MsDrYFzfY8ymqAItf2tC++IKVGNp36tjexPGA
DLA2tA+cz6c5/dIMsDq0LxmYAR7uxwGks8NOKiZkgAGDL8Si5loUM8DmWgMxmGaA1bVG2hhIjzTl
DDAOIPEMsFZqppkjej/hWyYF4+ovzB3RDLC23pogbucJVnNlFbgULLmdudLrtT1rtfak3qbK8Axh
4BI3PGMGmPmfa21I9mbIT2f0zrWkrbmHMyLoZtytGb2jnNtSkwIDswzwoo06sBaJKEZEPRdR3C0/
A6upiBaJqH09kg6spnrUSCT6VsjA4YUX3qdxIQCHF97n4oYO7/I/7EC/EcOeNex+Xe581kgbViD9
MkheZJFgRryGDfQ7CPTLM8B0CWnQrMwsVW4s2wDDQL9AwpgBhiUkmgG+ma/FlqvaA/gpD/0uV9H2
DO3QYHsGpZfAMMkAc9vzzXwNiPfWyoaX+F3ZuL2ycceXAYZOLJVkgO99UD9TsIGH51frdAwJPM9e
I/Rq/YzOiHe+SwYYGqEBfc8XLVR9WQZ4DTLADcwA+73Q4HYOzgCXmpIXGhO/D5+CAmxLU8B0Egm5
VzMEFzTNAPtjwJrRpi5oKQNc8sWAUf4t1dqapz5JUwAAIABJREFUISvAwS3Q4hpwcAt0i8WAIzvT
Aj3Q1xPd27UFmi4AB7ZASwrwDFkAhjfHRe7tlgGODfbNiG1YQgu0LwM86ydhHgBG5/OssS9+zEoM
7Tt9nInAquh8xiosfwYYfdFSAJhkgJ0LfAwJcFcvOjN6NBWzLsSiqRNRUH27ZYDh7/C03rg40sDm
Z+aIxp5nDsazRgsc0ZgBVktNaL2SMsDwBt3OKA5D27Nkh6YZYK3WniB2aKntGRh4Chh47JDmHJpy
OpNiBjiDDIwZYM7AYHieGrPUs4czZAOJZoCBgTOk+4p5oc8dUd0jjHuNiHbO68RCBgbPMzyjDqz1
9cwaPdFUj9rXo4UMHF544e38hQAcXnifi3sZnM+45avoVoRqv8TtHAXi1YXQL/zHtEVPCmatVwZv
wzLsrFGhO8BeBnipkjVs1azcWK5qZAcYPiL9gtsZtV91uXrzYe36sq0Z1Zv5mrZcvcnroBkbixlg
1vZs1DQOw7cfgRRs3+ap4FsQBkYpGBK/XPhNFja1lQ0QfoGHqfDreZ658Ht+ta4Zm8zzXNgE4fc8
VYOLDrzUi45mCDvA86v1hSeOXrQ1Q9gBBoO0udbQDM8ITb3Q5lpDMzzuBUEY0dc0GhrZAcYYMOfe
lmbYNAAM8zDw8BgVYJF7GQzzj0/IBhLYoSXuZdBLAPippAPzGLDVfQcYfNEB2m89IAYskrANMWDH
3dI+OQu0iiRs9ET77G0s0EejvYMDATqwGlSCJe0ASwFg8DwHBoClJPCs4Wm/CMN0+oiSMAsAY/eV
GABODO2bXbThAUhYIwwMH5NGP8XgJCHhWRIA1jgDp9YayeH+WaORHO5nWV/YAWa420jF7AsnoumR
AVCD06WmudaYNZqpWANUX3BE50vNWaOZHmleHBG2jmaNVnqkeSneguZnmDuaXbQvxfcX1gOkYGi9
mrDcWaM1MepeHmVzRxO4b8RnfouWC71WResAQK9Wa08abdCKaQYYsHaStz3D38CTTPi1S7WDWq09
xSnXctDV3Lk61tHcrSmn47hbs0YHxN4pp6M5ncyi7Zw9zLXfLWRgLRLJGFuRcxHwP88aEfRCzxqR
d87ZWuQI6sDauYja16NFIqrREzkXASMDeqFRB1b7erS+HtXo0VI9WrRX3W0vdHjhhfeZvxCAwwvv
s3+JH+7fxb86a72CHK9uK6DxLtr9uoXE24/ar+E5orvRL9V+4TlrVNQu9PuKYXsNWMtV+NEQN0Ij
/coNWA+qN5YtaMAC4fcGp19IAiP9xrkRGvquGAw/2riZt4B145x+3zCY5KtxKRjQF4RfkILP8E4s
1oD1eBOFX2zAukPGkFKrdbWwCZ5nvxFaLzrnDcEIrRedex/UzxcdzbAFI3TRAdUXkBiN0KAGmyL6
ohEaY8BU8gUvdL7UzD9FL7StlYQYsMYZ+DF/QO7dPgZcNFzVFwDeJgaMjmh/BjgwBswwuM7WgH0M
bEsx4G1c0IEx4Mi2Lmg/A3cLAAcyMA8AW34LNIAxZeDtA8AwAgyeZ38AWPMFgJkX+tjeGIfhbQLA
SMLgfGadz2IAWBval1i0mfP5+D4ohU6SGDBKvvCRmp8Bg0H1TQ73i+bnBrxn9Veo+i7aqVgUp33T
KP8aTVCDqfkZMNjviL4UZ/l2GPgFKfjSqf3Yg6Wtt8ZFKbhouSD8gqWfJX4N9zJn4Akm/NrF1w8A
9EI7NCq9k6QHC96w4qtEG6B3Rm9PjdkWXznCHiyBgfnw76yxhTqw5m5lFu1rgQzsbmX0LefcFmi/
dAPJz8Aq74JWjYiW6lEikUgkAnov8PDsoq0RBmbbSLvKwJszvxf91uRu/dXDCy+8T+FCAA4vvM/4
pb40EN29v/rPnPy2krM1w54W6Vfjy0ZAxeyZC8Ia3/7tRr+yDsy/S/QLmjBGgsH5rJEGLKTfV42q
tuzR76uG7TVgLVdPGkwEBhjG0G9AHfTKxvsPa28YtsYzwJx1N7w6aCIF3+XC723Ow1T41Qwb0Bcb
oc9w4ddrhBbLn2kjNKKvXnS01frCE2iEDkBfvehI6IsZ4K+Kzc9CBpigL/VCg+SbL9n+KWCN672s
DUuXM8BSDBi7r/wZ4MAYMDAwOKIDM8BSDNhyOk+rfhHY7hYDfsEMsBcG/v4ywGp3+n3xDDCA8WDU
ljPAhwT69QeAqfN51vCeuwWAqfN51mDP2wSAufOZkTDFYHEE2PYEYbIAjBgcmAHWhvuTugNVWOZa
QwMpmGNwKsaan4UM8IKVHhm4cCLKVF/4tzkjA9j8jD5nWgcNwi+RgptIvIX1VqAUPDHqohTsVT3z
DDAOIHlUXGtPLNpXTh/EHiwJeuVIsNOZNNqQ8oUerCmy9Ks5nSnif541OpnklsWlYNSBWQY4iIGV
SERztxQj4gjab1cGBu7V+noUPaKlIlTvZc8iA7/3Vq/a16O9Nfud//ALO/4rqsuFDBxeeJ/tCwE4
vPA+yzf+owd2l36x7Moj2270S5zPwlcX+oXnV9D5zGG4G/0yMF6uzpmVG0ZVE13QNwj9QugXPr6f
r4ELWoDhoAaseL6mPYThX8/2/H6+9ga1PYtSMBqhzxibGhlDkoVf0okF6JtarWuFzXur9TOFTb/w
S43QEvrCm0D0pUZo1vxsNLSiE4y+hicCw3fmhf6wQSVfaRLpIfqfjZZWkmPAUv0VyMJFsf6KxoBp
9xU6oqUAMI0B49fTqigCG7a/CLrbF0BvYAzY/1X/JEqwBl4MgLVtS7D8AWAt2ju0aAsLwIcE9A0M
AHMYFhaAKQxLAeDYYB+1PftJ2BsBNtjzad/0ERWEz36x34/BdP1IxuC1RtLoT8UaFIOJ+VnGYOxz
NgkGU/OzJAWPx1sXR5qs+ZljMB1AkqTgCcsdX29pljtutC6PusIAUkAPlnsl0faE30X78ugBrXZw
