[    0.000000] Linux version 6.8.0-101-generic (buildd@lcy02-amd64-051) (x86_64-linux-gnu-gcc-13 (Ubuntu 13.3.0-6ubuntu2~24.04) 13.3.0, GNU ld (GNU Binutils for Ubuntu) 2.42) #101-Ubuntu SMP PREEMPT_DYNAMIC Mon Feb  9 10:15:05 UTC 2026 (Ubuntu 6.8.0-101.101-generic 6.8.12)
[    0.000000] Command line: console=ttyS0 panic=-1 no_console_suspend rdinit=/init display_probe=1 phase3_runtime_seconds=40 phase3_url=data:text/html;base64,PCFkb2N0eXBlIGh0bWw+CjxodG1sPgogIDxib2R5IHN0eWxlPSJtYXJnaW46MDtiYWNrZ3JvdW5kOndoaXRlO2ZvbnQtZmFtaWx5OkRlamFWdSBTYW5zLCBzYW5zLXNlcmlmIj4KICAgIDxpbnB1dCBpZD0iaSIgYXV0b2ZvY3VzIHN0eWxlPSJkaXNwbGF5OmJsb2NrO3dpZHRoOjk1dnc7aGVpZ2h0OjEyMHB4O2ZvbnQtc2l6ZTo3MnB4O21hcmdpbjoyMHB4IGF1dG8iIHZhbHVlPSIiPgogICAgPGJ1dHRvbiBpZD0iYiIgb25jbGljaz0iZG9jdW1lbnQuYm9keS5zdHlsZS5iYWNrZ3JvdW5kPSdsaW1lJztkb2N1bWVudC5nZXRFbGVtZW50QnlJZCgncycpLnRleHRDb250ZW50PSdjbGlja2VkJyIgc3R5bGU9ImRpc3BsYXk6YmxvY2s7Zm9udC1zaXplOjY0cHg7bWFyZ2luOjIwcHggYXV0byI+Q0xJQ0s8L2J1dHRvbj4KICAgIDxkaXYgaWQ9InMiIHN0eWxlPSJmb250LXNpemU6NzJweDt0ZXh0LWFsaWduOmNlbnRlciI+aWRsZTwvZGl2PgogIDwvYm9keT4KPC9odG1sPgo= phase3_suspend_delay_seconds=10 phase3_wake_seconds=5 phase3_pm_test=devices
[    0.000000] KERNEL supported cpus:
[    0.000000]   Intel GenuineIntel
[    0.000000]   AMD AuthenticAMD
[    0.000000]   Hygon HygonGenuine
[    0.000000]   Centaur CentaurHauls
[    0.000000]   zhaoxin   Shanghai  
[    0.000000] BIOS-provided physical RAM map:
[    0.000000] BIOS-e820: [mem 0x0000000000000000-0x000000000009fbff] usable
[    0.000000] BIOS-e820: [mem 0x000000000009fc00-0x000000000009ffff] reserved
[    0.000000] BIOS-e820: [mem 0x00000000000f0000-0x00000000000fffff] reserved
[    0.000000] BIOS-e820: [mem 0x0000000000100000-0x000000007ffddfff] usable
[    0.000000] BIOS-e820: [mem 0x000000007ffde000-0x000000007fffffff] reserved
[    0.000000] BIOS-e820: [mem 0x00000000b0000000-0x00000000bfffffff] reserved
[    0.000000] BIOS-e820: [mem 0x00000000fed1c000-0x00000000fed1ffff] reserved
[    0.000000] BIOS-e820: [mem 0x00000000feffc000-0x00000000feffffff] reserved
[    0.000000] BIOS-e820: [mem 0x00000000fffc0000-0x00000000ffffffff] reserved
[    0.000000] NX (Execute Disable) protection: active
[    0.000000] APIC: Static calls initialized
[    0.000000] SMBIOS 3.0.0 present.
[    0.000000] DMI: QEMU Standard PC (Q35 + ICH9, 2009), BIOS 1.16.3-debian-1.16.3-2 04/01/2014
[    0.000000] Hypervisor detected: KVM
[    0.000000] kvm-clock: Using msrs 4b564d01 and 4b564d00
[    0.000000] kvm-clock: using sched offset of 288658519 cycles
[    0.000002] clocksource: kvm-clock: mask: 0xffffffffffffffff max_cycles: 0x1cd42e4dffb, max_idle_ns: 881590591483 ns
[    0.000004] tsc: Detected 2803.200 MHz processor
[    0.000638] last_pfn = 0x7ffde max_arch_pfn = 0x400000000
[    0.000677] MTRR map: 4 entries (3 fixed + 1 variable; max 19), built from 8 variable MTRRs
[    0.000680] x86/PAT: Configuration [0-7]: WB  WC  UC- UC  WB  WP  UC- WT  
[    0.004829] found SMP MP-table at [mem 0x000f5470-0x000f547f]
[    0.004840] Using GB pages for direct mapping
[    0.004938] RAMDISK: [mem 0x75de7000-0x7ffcffff]
[    0.004945] ACPI: Early table checksum verification disabled
[    0.004948] ACPI: RSDP 0x00000000000F52B0 000014 (v00 BOCHS )
[    0.004951] ACPI: RSDT 0x000000007FFE2304 000038 (v01 BOCHS  BXPC     00000001 BXPC 00000001)
[    0.004956] ACPI: FACP 0x000000007FFE20FC 0000F4 (v03 BOCHS  BXPC     00000001 BXPC 00000001)
[    0.004960] ACPI: DSDT 0x000000007FFE0040 0020BC (v01 BOCHS  BXPC     00000001 BXPC 00000001)
[    0.004963] ACPI: FACS 0x000000007FFE0000 000040
[    0.004965] ACPI: APIC 0x000000007FFE21F0 000078 (v03 BOCHS  BXPC     00000001 BXPC 00000001)
[    0.004967] ACPI: HPET 0x000000007FFE2268 000038 (v01 BOCHS  BXPC     00000001 BXPC 00000001)
[    0.004970] ACPI: MCFG 0x000000007FFE22A0 00003C (v01 BOCHS  BXPC     00000001 BXPC 00000001)
[    0.004972] ACPI: WAET 0x000000007FFE22DC 000028 (v01 BOCHS  BXPC     00000001 BXPC 00000001)
[    0.004974] ACPI: Reserving FACP table memory at [mem 0x7ffe20fc-0x7ffe21ef]
[    0.004975] ACPI: Reserving DSDT table memory at [mem 0x7ffe0040-0x7ffe20fb]
[    0.004976] ACPI: Reserving FACS table memory at [mem 0x7ffe0000-0x7ffe003f]
[    0.004976] ACPI: Reserving APIC table memory at [mem 0x7ffe21f0-0x7ffe2267]
[    0.004977] ACPI: Reserving HPET table memory at [mem 0x7ffe2268-0x7ffe229f]
[    0.004978] ACPI: Reserving MCFG table memory at [mem 0x7ffe22a0-0x7ffe22db]
[    0.004979] ACPI: Reserving WAET table memory at [mem 0x7ffe22dc-0x7ffe2303]
[    0.005185] No NUMA configuration found
[    0.005186] Faking a node at [mem 0x0000000000000000-0x000000007ffddfff]
[    0.005190] NODE_DATA(0) allocated [mem 0x75dbc000-0x75de6fff]
[    0.005288] Zone ranges:
[    0.005288]   DMA      [mem 0x0000000000001000-0x0000000000ffffff]
[    0.005290]   DMA32    [mem 0x0000000001000000-0x000000007ffddfff]
[    0.005291]   Normal   empty
[    0.005292]   Device   empty
[    0.005293] Movable zone start for each node
[    0.005294] Early memory node ranges
[    0.005294]   node   0: [mem 0x0000000000001000-0x000000000009efff]
[    0.005295]   node   0: [mem 0x0000000000100000-0x000000007ffddfff]
[    0.005296] Initmem setup node 0 [mem 0x0000000000001000-0x000000007ffddfff]
[    0.005489] On node 0, zone DMA: 1 pages in unavailable ranges
[    0.005499] On node 0, zone DMA: 97 pages in unavailable ranges
[    0.009903] On node 0, zone DMA32: 34 pages in unavailable ranges
[    0.010161] ACPI: PM-Timer IO Port: 0x608
[    0.010173] ACPI: LAPIC_NMI (acpi_id[0xff] dfl dfl lint[0x1])
[    0.010201] IOAPIC[0]: apic_id 0, version 17, address 0xfec00000, GSI 0-23
[    0.010203] ACPI: INT_SRC_OVR (bus 0 bus_irq 0 global_irq 2 dfl dfl)
[    0.010205] ACPI: INT_SRC_OVR (bus 0 bus_irq 5 global_irq 5 high level)
[    0.010206] ACPI: INT_SRC_OVR (bus 0 bus_irq 9 global_irq 9 high level)
[    0.010207] ACPI: INT_SRC_OVR (bus 0 bus_irq 10 global_irq 10 high level)
[    0.010208] ACPI: INT_SRC_OVR (bus 0 bus_irq 11 global_irq 11 high level)
[    0.010211] ACPI: Using ACPI (MADT) for SMP configuration information
[    0.010212] ACPI: HPET id: 0x8086a201 base: 0xfed00000
[    0.010216] TSC deadline timer available
[    0.010216] smpboot: Allowing 1 CPUs, 0 hotplug CPUs
[    0.010233] kvm-guest: APIC: eoi() replaced with kvm_guest_apic_eoi_write()
[    0.010253] PM: hibernation: Registered nosave memory: [mem 0x00000000-0x00000fff]
[    0.010255] PM: hibernation: Registered nosave memory: [mem 0x0009f000-0x000fffff]
[    0.010256] [mem 0xc0000000-0xfed1bfff] available for PCI devices
[    0.010258] Booting paravirtualized kernel on KVM
[    0.010259] clocksource: refined-jiffies: mask: 0xffffffff max_cycles: 0xffffffff, max_idle_ns: 1910969940391419 ns
[    0.010268] setup_percpu: NR_CPUS:8192 nr_cpumask_bits:1 nr_cpu_ids:1 nr_node_ids:1
[    0.010578] percpu: Embedded 86 pages/cpu s229376 r8192 d114688 u2097152
[    0.010612] kvm-guest: PV spinlocks disabled, single CPU
[    0.010613] Kernel command line: console=ttyS0 panic=-1 no_console_suspend rdinit=/init display_probe=1 phase3_runtime_seconds=40 phase3_url=data:text/html;base64,PCFkb2N0eXBlIGh0bWw+CjxodG1sPgogIDxib2R5IHN0eWxlPSJtYXJnaW46MDtiYWNrZ3JvdW5kOndoaXRlO2ZvbnQtZmFtaWx5OkRlamFWdSBTYW5zLCBzYW5zLXNlcmlmIj4KICAgIDxpbnB1dCBpZD0iaSIgYXV0b2ZvY3VzIHN0eWxlPSJkaXNwbGF5OmJsb2NrO3dpZHRoOjk1dnc7aGVpZ2h0OjEyMHB4O2ZvbnQtc2l6ZTo3MnB4O21hcmdpbjoyMHB4IGF1dG8iIHZhbHVlPSIiPgogICAgPGJ1dHRvbiBpZD0iYiIgb25jbGljaz0iZG9jdW1lbnQuYm9keS5zdHlsZS5iYWNrZ3JvdW5kPSdsaW1lJztkb2N1bWVudC5nZXRFbGVtZW50QnlJZCgncycpLnRleHRDb250ZW50PSdjbGlja2VkJyIgc3R5bGU9ImRpc3BsYXk6YmxvY2s7Zm9udC1zaXplOjY0cHg7bWFyZ2luOjIwcHggYXV0byI+Q0xJQ0s8L2J1dHRvbj4KICAgIDxkaXYgaWQ9InMiIHN0eWxlPSJmb250LXNpemU6NzJweDt0ZXh0LWFsaWduOmNlbnRlciI+aWRsZTwvZGl2PgogIDwvYm9keT4KPC9odG1sPgo= phase3_suspend_delay_seconds=10 phase3_wake_seconds=5 phase3_pm_test=devices
[    0.010703] Unknown kernel command line parameters "display_probe=1 phase3_runtime_seconds=40 phase3_url=data:text/html;base64,PCFkb2N0eXBlIGh0bWw+CjxodG1sPgogIDxib2R5IHN0eWxlPSJtYXJnaW46MDtiYWNrZ3JvdW5kOndoaXRlO2ZvbnQtZmFtaWx5OkRlamFWdSBTYW5zLCBzYW5zLXNlcmlmIj4KICAgIDxpbnB1dCBpZD0iaSIgYXV0b2ZvY3VzIHN0eWxlPSJkaXNwbGF5OmJsb2NrO3dpZHRoOjk1dnc7aGVpZ2h0OjEyMHB4O2ZvbnQtc2l6ZTo3MnB4O21hcmdpbjoyMHB4IGF1dG8iIHZhbHVlPSIiPgogICAgPGJ1dHRvbiBpZD0iYiIgb25jbGljaz0iZG9jdW1lbnQuYm9keS5zdHlsZS5iYWNrZ3JvdW5kPSdsaW1lJztkb2N1bWVudC5nZXRFbGVtZW50QnlJZCgncycpLnRleHRDb250ZW50PSdjbGlja2VkJyIgc3R5bGU9ImRpc3BsYXk6YmxvY2s7Zm9udC1zaXplOjY0cHg7bWFyZ2luOjIwcHggYXV0byI+Q0xJQ0s8L2J1dHRvbj4KICAgIDxkaXYgaWQ9InMiIHN0eWxlPSJmb250LXNpemU6NzJweDt0ZXh0LWFsaWduOmNlbnRlciI+aWRsZTwvZGl2PgogIDwvYm9keT4KPC9odG1sPgo= phase3_suspend_delay_seconds=10 phase3_wake_seconds=5 phase3_pm_test=devices", will be passed to user space.
[    0.010747] random: crng init done
[    0.011004] Dentry cache hash table entries: 262144 (order: 9, 2097152 bytes, linear)
[    0.011071] Inode-cache hash table entries: 131072 (order: 8, 1048576 bytes, linear)
[    0.011104] Fallback order for Node 0: 0 
[    0.011107] Built 1 zonelists, mobility grouping on.  Total pages: 515806
[    0.011108] Policy zone: DMA32
[    0.011113] mem auto-init: stack:all(zero), heap alloc:on, heap free:off
[    0.014592] Memory: 1840200K/2096624K available (22528K kernel code, 4439K rwdata, 14400K rodata, 4920K init, 4788K bss, 256164K reserved, 0K cma-reserved)
[    0.015202] SLUB: HWalign=64, Order=0-3, MinObjects=0, CPUs=1, Nodes=1
[    0.015221] ftrace: allocating 58250 entries in 228 pages
[    0.023286] ftrace: allocated 228 pages with 4 groups
[    0.024066] Dynamic Preempt: voluntary
[    0.024315] rcu: Preemptible hierarchical RCU implementation.
[    0.024316] rcu: 	RCU restricting CPUs from NR_CPUS=8192 to nr_cpu_ids=1.
[    0.024318] 	Trampoline variant of Tasks RCU enabled.
[    0.024318] 	Rude variant of Tasks RCU enabled.
[    0.024319] 	Tracing variant of Tasks RCU enabled.
[    0.024319] rcu: RCU calculated value of scheduler-enlistment delay is 100 jiffies.
[    0.024320] rcu: Adjusting geometry for rcu_fanout_leaf=16, nr_cpu_ids=1
[    0.024328] RCU Tasks: Setting shift to 0 and lim to 1 rcu_task_cb_adjust=1 rcu_task_cpu_ids=1.
[    0.024329] RCU Tasks Rude: Setting shift to 0 and lim to 1 rcu_task_cb_adjust=1 rcu_task_cpu_ids=1.
[    0.024330] RCU Tasks Trace: Setting shift to 0 and lim to 1 rcu_task_cb_adjust=1 rcu_task_cpu_ids=1.
[    0.026767] NR_IRQS: 524544, nr_irqs: 256, preallocated irqs: 16
[    0.026957] rcu: srcu_init: Setting srcu_struct sizes based on contention.
[    0.033524] Console: colour VGA+ 80x25
[    0.033553] printk: legacy console [ttyS0] enabled
[    0.098677] ACPI: Core revision 20230628
[    0.099023] clocksource: hpet: mask: 0xffffffff max_cycles: 0xffffffff, max_idle_ns: 19112604467 ns
[    0.099679] APIC: Switch to symmetric I/O mode setup
[    0.100209] x2apic enabled
[    0.100655] APIC: Switched APIC routing to: physical x2apic
[    0.101905] ..TIMER: vector=0x30 apic1=0 pin1=2 apic2=-1 pin2=-1
[    0.102304] clocksource: tsc-early: mask: 0xffffffffffffffff max_cycles: 0x28680fa287f, max_idle_ns: 440795281151 ns
[    0.103000] Calibrating delay loop (skipped) preset value.. 5606.40 BogoMIPS (lpj=2803200)
[    0.103648] x86/cpu: User Mode Instruction Prevention (UMIP) activated
[    0.104088] Last level iTLB entries: 4KB 0, 2MB 0, 4MB 0
[    0.104433] Last level dTLB entries: 4KB 0, 2MB 0, 4MB 0, 1GB 0
[    0.105003] Spectre V1 : Mitigation: usercopy/swapgs barriers and __user pointer sanitization
[    0.105675] Spectre V2 : Spectre BHI mitigation: SW BHB clearing on vm exit
[    0.105998] Spectre V2 : Spectre BHI mitigation: SW BHB clearing on syscall
[    0.106469] Spectre V2 : Mitigation: Enhanced / Automatic IBRS
[    0.106998] Spectre V2 : Spectre v2 / PBRSB-eIBRS: Retire a single CALL on VMEXIT
[    0.107491] Spectre V2 : mitigation: Enabling conditional Indirect Branch Prediction Barrier
[    0.108000] Speculative Store Bypass: Mitigation: Speculative Store Bypass disabled via prctl
[    0.108578] ITS: WARNING: ITS mitigation depends on retpoline and rethunk support
[    0.108999] ITS: Vulnerable
[    0.109204] x86/fpu: Supporting XSAVE feature 0x001: 'x87 floating point registers'
[    0.109999] x86/fpu: Supporting XSAVE feature 0x002: 'SSE registers'
[    0.110423] x86/fpu: Supporting XSAVE feature 0x004: 'AVX registers'
[    0.110855] x86/fpu: Supporting XSAVE feature 0x020: 'AVX-512 opmask'
[    0.110998] x86/fpu: Supporting XSAVE feature 0x040: 'AVX-512 Hi256'
[    0.111428] x86/fpu: Supporting XSAVE feature 0x080: 'AVX-512 ZMM_Hi256'
[    0.111998] x86/fpu: Supporting XSAVE feature 0x200: 'Protection Keys User registers'
[    0.112536] x86/fpu: xstate_offset[2]:  576, xstate_sizes[2]:  256
[    0.112998] x86/fpu: xstate_offset[5]:  832, xstate_sizes[5]:   64
[    0.113410] x86/fpu: xstate_offset[6]:  896, xstate_sizes[6]:  512
[    0.113998] x86/fpu: xstate_offset[7]: 1408, xstate_sizes[7]: 1024
[    0.114420] x86/fpu: xstate_offset[9]: 2432, xstate_sizes[9]:    8
[    0.114998] x86/fpu: Enabled xstate features 0x2e7, context size is 2440 bytes, using 'compacted' format.
[    0.138619] Freeing SMP alternatives memory: 48K
[    0.138960] pid_max: default: 32768 minimum: 301
[    0.139041] LSM: initializing lsm=lockdown,capability,landlock,yama,apparmor,integrity
[    0.139525] landlock: Up and running.
[    0.139999] Yama: becoming mindful.
[    0.140255] AppArmor: AppArmor initialized
[    0.140558] Mount-cache hash table entries: 4096 (order: 3, 32768 bytes, linear)
[    0.141001] Mountpoint-cache hash table entries: 4096 (order: 3, 32768 bytes, linear)
[    0.141662] smpboot: CPU0: 11th Gen Intel(R) Core(TM) i7-1165G7 @ 2.80GHz (family: 0x6, model: 0x8c, stepping: 0x1)
[    0.142025] Performance Events: Icelake events, full-width counters, Intel PMU driver.
[    0.142635] ... version:                2
[    0.142910] ... bit width:              48
[    0.143000] ... generic registers:      8
[    0.143272] ... value mask:             0000ffffffffffff
[    0.143630] ... max period:             00007fffffffffff
[    0.143995] ... fixed-purpose events:   3
[    0.143999] ... event mask:             00000007000000ff
[    0.144422] signal: max sigframe size: 3632
[    0.144731] rcu: Hierarchical SRCU implementation.
[    0.144999] rcu: 	Max phase no-delay instances is 400.
[    0.145530] smp: Bringing up secondary CPUs ...
[    0.145829] smp: Brought up 1 node, 1 CPU
[    0.146003] smpboot: Max logical packages: 1
[    0.146256] smpboot: Total of 1 processors activated (5606.40 BogoMIPS)
[    0.146941] devtmpfs: initialized
[    0.147034] x86/mm: Memory block size: 128MB
[    0.147627] clocksource: jiffies: mask: 0xffffffff max_cycles: 0xffffffff, max_idle_ns: 1911260446275000 ns
[    0.148006] futex hash table entries: 256 (order: 2, 16384 bytes, linear)
[    0.148569] pinctrl core: initialized pinctrl subsystem
[    0.149059] PM: RTC time: 03:43:12, date: 2026-03-08
[    0.150344] NET: Registered PF_NETLINK/PF_ROUTE protocol family
[    0.150901] DMA: preallocated 256 KiB GFP_KERNEL pool for atomic allocations
[    0.151017] DMA: preallocated 256 KiB GFP_KERNEL|GFP_DMA pool for atomic allocations
[    0.151562] DMA: preallocated 256 KiB GFP_KERNEL|GFP_DMA32 pool for atomic allocations
[    0.152009] audit: initializing netlink subsys (disabled)
[    0.152449] thermal_sys: Registered thermal governor 'fair_share'
[    0.152450] thermal_sys: Registered thermal governor 'bang_bang'
[    0.152863] thermal_sys: Registered thermal governor 'step_wise'
[    0.153000] thermal_sys: Registered thermal governor 'user_space'
[    0.153425] thermal_sys: Registered thermal governor 'power_allocator'
[    0.153843] audit: type=2000 audit(1772941393.351:1): state=initialized audit_enabled=0 res=1
[    0.154578] cpuidle: using governor ladder
[    0.154870] cpuidle: using governor menu
[    0.155066] acpiphp: ACPI Hot Plug PCI Controller Driver version: 0.5
[    0.155644] PCI: ECAM [mem 0xb0000000-0xbfffffff] (base 0xb0000000) for domain 0000 [bus 00-ff]
[    0.156002] PCI: ECAM [mem 0xb0000000-0xbfffffff] reserved as E820 entry
[    0.156471] PCI: Using configuration type 1 for base access
[    0.156948] kprobes: kprobe jump-optimization is enabled. All kprobes are optimized if possible.
[    0.187022] HugeTLB: registered 1.00 GiB page size, pre-allocated 0 pages
[    0.187519] HugeTLB: 16380 KiB vmemmap can be freed for a 1.00 GiB page
[    0.187986] HugeTLB: registered 2.00 MiB page size, pre-allocated 0 pages
[    0.188003] HugeTLB: 28 KiB vmemmap can be freed for a 2.00 MiB page
[    0.189740] ACPI: Added _OSI(Module Device)
[    0.190002] ACPI: Added _OSI(Processor Device)
[    0.190428] ACPI: Added _OSI(Processor Aggregator Device)
[    0.191752] ACPI: 1 ACPI AML tables successfully acquired and loaded
[    0.192660] ACPI: _OSC evaluation for CPUs failed, trying _PDC
[    0.193074] ACPI: Interpreter enabled
[    0.193300] ACPI: PM: (supports S0 S3 S4 S5)
[    0.193566] ACPI: Using IOAPIC for interrupt routing
[    0.193960] PCI: Using host bridge windows from ACPI; if necessary, use "pci=nocrs" and report a bug
[    0.194003] PCI: Using E820 reservations for host bridge windows
[    0.194707] ACPI: Enabled 2 GPEs in block 00 to 3F
[    0.196780] ACPI: PCI Root Bridge [PCI0] (domain 0000 [bus 00-ff])
[    0.197002] acpi PNP0A08:00: _OSC: OS supports [ExtendedConfig ASPM ClockPM Segments MSI EDR HPX-Type3]
[    0.197611] acpi PNP0A08:00: _OSC: platform does not support [PCIeHotplug LTR DPC]
[    0.198043] acpi PNP0A08:00: _OSC: OS now controls [SHPCHotplug PME AER PCIeCapability]
[    0.198621] PCI host bridge to bus 0000:00
[    0.198867] pci_bus 0000:00: root bus resource [io  0x0000-0x0cf7 window]
[    0.199003] pci_bus 0000:00: root bus resource [io  0x0d00-0xffff window]
[    0.199801] pci_bus 0000:00: root bus resource [mem 0x000a0000-0x000bffff window]
[    0.200005] pci_bus 0000:00: root bus resource [mem 0x80000000-0xafffffff window]
[    0.200768] pci_bus 0000:00: root bus resource [mem 0xc0000000-0xfebfffff window]
[    0.201002] pci_bus 0000:00: root bus resource [mem 0x100000000-0x8ffffffff window]
[    0.201522] pci_bus 0000:00: root bus resource [bus 00-ff]
[    0.201957] pci 0000:00:00.0: [8086:29c0] type 00 class 0x060000 conventional PCI endpoint
[    0.202363] pci 0000:00:01.0: [1af4:1000] type 00 class 0x020000 conventional PCI endpoint
[    0.203428] pci 0000:00:01.0: BAR 0 [io  0xc040-0xc05f]
[    0.203811] pci 0000:00:01.0: BAR 4 [mem 0xfe800000-0xfe803fff 64bit pref]
[    0.204018] pci 0000:00:01.0: ROM [mem 0xfeb00000-0xfeb7ffff pref]
[    0.205312] pci 0000:00:02.0: [1af4:1050] type 00 class 0x030000 conventional PCI endpoint
[    0.207522] pci 0000:00:02.0: BAR 0 [mem 0xfe000000-0xfe7fffff pref]
[    0.207985] pci 0000:00:02.0: BAR 2 [mem 0xfe804000-0xfe807fff 64bit pref]
[    0.208006] pci 0000:00:02.0: BAR 4 [mem 0xfeb94000-0xfeb94fff]
[    0.208415] pci 0000:00:02.0: ROM [mem 0xfeb80000-0xfeb8ffff pref]
[    0.208873] pci 0000:00:02.0: Video device with shadowed ROM at [mem 0x000c0000-0x000dffff]
[    0.209535] pci 0000:00:03.0: [1b36:000d] type 00 class 0x0c0330 PCIe Root Complex Integrated Endpoint
[    0.210484] pci 0000:00:03.0: BAR 0 [mem 0xfeb90000-0xfeb93fff 64bit]
[    0.218162] pci 0000:00:1f.0: [8086:2918] type 00 class 0x060100 conventional PCI endpoint
[    0.218878] pci 0000:00:1f.0: quirk: [io  0x0600-0x067f] claimed by ICH6 ACPI/GPIO/TCO
[    0.219156] pci 0000:00:1f.2: [8086:2922] type 00 class 0x010601 conventional PCI endpoint
[    0.220022] pci 0000:00:1f.2: BAR 4 [io  0xc060-0xc07f]
[    0.220351] pci 0000:00:1f.2: BAR 5 [mem 0xfeb95000-0xfeb95fff]
[    0.220893] pci 0000:00:1f.3: [8086:2930] type 00 class 0x0c0500 conventional PCI endpoint
[    0.221375] pci 0000:00:1f.3: BAR 4 [io  0x0700-0x073f]
[    0.221976] ACPI: PCI: Interrupt link LNKA configured for IRQ 10
[    0.222126] ACPI: PCI: Interrupt link LNKB configured for IRQ 10
[    0.222969] ACPI: PCI: Interrupt link LNKC configured for IRQ 11
[    0.223079] ACPI: PCI: Interrupt link LNKD configured for IRQ 11
[    0.223755] ACPI: PCI: Interrupt link LNKE configured for IRQ 10
[    0.224071] ACPI: PCI: Interrupt link LNKF configured for IRQ 10
[    0.224495] ACPI: PCI: Interrupt link LNKG configured for IRQ 11
[    0.224898] ACPI: PCI: Interrupt link LNKH configured for IRQ 11
[    0.225017] ACPI: PCI: Interrupt link GSIA configured for IRQ 16
[    0.225374] ACPI: PCI: Interrupt link GSIB configured for IRQ 17
[    0.225730] ACPI: PCI: Interrupt link GSIC configured for IRQ 18
[    0.226004] ACPI: PCI: Interrupt link GSID configured for IRQ 19
[    0.226362] ACPI: PCI: Interrupt link GSIE configured for IRQ 20
[    0.226771] ACPI: PCI: Interrupt link GSIF configured for IRQ 21
[    0.227004] ACPI: PCI: Interrupt link GSIG configured for IRQ 22
[    0.227514] ACPI: PCI: Interrupt link GSIH configured for IRQ 23
[    0.228375] iommu: Default domain type: Translated
[    0.228852] iommu: DMA domain TLB invalidation policy: lazy mode
[    0.229191] SCSI subsystem initialized
[    0.229611] ACPI: bus type USB registered
[    0.230004] usbcore: registered new interface driver usbfs
[    0.230375] usbcore: registered new interface driver hub
[    0.230743] usbcore: registered new device driver usb
[    0.231016] pps_core: LinuxPPS API ver. 1 registered
[    0.231350] pps_core: Software ver. 5.3.6 - Copyright 2005-2007 Rodolfo Giometti <giometti@linux.it>
[    0.231929] PTP clock support registered
[    0.232036] EDAC MC: Ver: 3.0.0
[    0.232480] NetLabel: Initializing
[    0.232694] NetLabel:  domain hash size = 128
[    0.233002] NetLabel:  protocols = UNLABELED CIPSOv4 CALIPSO
[    0.233733] NetLabel:  unlabeled traffic allowed by default
[    0.234078] mctp: management component transport protocol core
[    0.234603] NET: Registered PF_MCTP protocol family
[    0.235007] PCI: Using ACPI for IRQ routing
[    0.324932] pci 0000:00:02.0: vgaarb: setting as boot VGA device
[    0.324998] pci 0000:00:02.0: vgaarb: bridge control possible
[    0.324998] pci 0000:00:02.0: vgaarb: VGA device added: decodes=io+mem,owns=io+mem,locks=none
[    0.325000] vgaarb: loaded
[    0.325273] hpet0: at MMIO 0xfed00000, IRQs 2, 8, 0
[    0.325612] hpet0: 3 comparators, 64-bit 100.000000 MHz counter
[    0.329052] clocksource: Switched to clocksource kvm-clock
[    0.329896] VFS: Disk quotas dquot_6.6.0
[    0.330154] VFS: Dquot-cache hash table entries: 512 (order 0, 4096 bytes)
[    0.330722] AppArmor: AppArmor Filesystem Enabled
[    0.331066] pnp: PnP ACPI init
[    0.331389] system 00:05: [mem 0xb0000000-0xbfffffff window] has been reserved
[    0.332052] pnp: PnP ACPI: found 6 devices
[    0.337529] clocksource: acpi_pm: mask: 0xffffff max_cycles: 0xffffff, max_idle_ns: 2085701024 ns
[    0.338202] NET: Registered PF_INET protocol family
[    0.338769] IP idents hash table entries: 32768 (order: 6, 262144 bytes, linear)
[    0.348653] tcp_listen_portaddr_hash hash table entries: 1024 (order: 2, 16384 bytes, linear)
[    0.349217] Table-perturb hash table entries: 65536 (order: 6, 262144 bytes, linear)
[    0.349724] TCP established hash table entries: 16384 (order: 5, 131072 bytes, linear)
[    0.350283] TCP bind hash table entries: 16384 (order: 7, 524288 bytes, linear)
[    0.350763] TCP: Hash tables configured (established 16384 bind 16384)
[    0.351189] MPTCP token hash table entries: 2048 (order: 3, 49152 bytes, linear)
[    0.351659] UDP hash table entries: 1024 (order: 3, 32768 bytes, linear)
[    0.352061] UDP-Lite hash table entries: 1024 (order: 3, 32768 bytes, linear)
[    0.352516] NET: Registered PF_UNIX/PF_LOCAL protocol family
[    0.352854] NET: Registered PF_XDP protocol family
[    0.353148] pci_bus 0000:00: resource 4 [io  0x0000-0x0cf7 window]
[    0.353517] pci_bus 0000:00: resource 5 [io  0x0d00-0xffff window]
[    0.353891] pci_bus 0000:00: resource 6 [mem 0x000a0000-0x000bffff window]
[    0.354358] pci_bus 0000:00: resource 7 [mem 0x80000000-0xafffffff window]
[    0.354789] pci_bus 0000:00: resource 8 [mem 0xc0000000-0xfebfffff window]
[    0.355256] pci_bus 0000:00: resource 9 [mem 0x100000000-0x8ffffffff window]
[    0.355936] ACPI: \_SB_.GSIH: Enabled at IRQ 23
[    0.356692] PCI: CLS 0 bytes, default 64
[    0.357050] Trying to unpack rootfs image as initramfs...
[    0.358134] clocksource: tsc: mask: 0xffffffffffffffff max_cycles: 0x28680fa287f, max_idle_ns: 440795281151 ns
[    0.360219] Initialise system trusted keyrings
[    0.360535] Key type blacklist registered
[    0.360805] workingset: timestamp_bits=36 max_order=19 bucket_order=0
[    0.362073] zbud: loaded
[    0.362390] squashfs: version 4.0 (2009/01/31) Phillip Lougher
[    0.364217] fuse: init (API version 7.39)
[    0.364640] integrity: Platform Keyring initialized
[    0.364978] integrity: Machine keyring initialized
[    0.378058] Key type asymmetric registered
[    0.378423] Asymmetric key parser 'x509' registered
[    0.378747] Block layer SCSI generic (bsg) driver version 0.4 loaded (major 243)
[    0.380111] io scheduler mq-deadline registered
[    0.380498] shpchp: Standard Hot Plug PCI Controller Driver version: 0.4
[    0.380960] input: Power Button as /devices/LNXSYSTM:00/LNXPWRBN:00/input/input0
[    0.383121] ACPI: button: Power Button [PWRF]
[    0.383698] ACPI: \_SB_.GSIF: Enabled at IRQ 21
[    0.385604] ACPI: \_SB_.GSIG: Enabled at IRQ 22
[    0.388062] Serial: 8250/16550 driver, 32 ports, IRQ sharing enabled
[    0.433293] 00:03: ttyS0 at I/O 0x3f8 (irq = 4, base_baud = 115200) is a 16550A
[    0.437148] Linux agpgart interface v0.103
[    0.438518] loop: module loaded
[    0.439116] ACPI: bus type drm_connector registered
[    0.439616] tun: Universal TUN/TAP device driver, 1.6
[    0.442179] PPP generic driver version 2.4.2
[    0.443217] i8042: PNP: PS/2 Controller [PNP0303:KBD,PNP0f13:MOU] at 0x60,0x64 irq 1,12
[    0.445337] serio: i8042 KBD port at 0x60,0x64 irq 1
[    0.445639] serio: i8042 AUX port at 0x60,0x64 irq 12
[    0.445994] mousedev: PS/2 mouse device common for all mice
[    0.447360] input: AT Translated Set 2 keyboard as /devices/platform/i8042/serio0/input/input1
[    0.448181] rtc_cmos 00:04: RTC can wake from S4
[    0.450076] rtc_cmos 00:04: registered as rtc0
[    0.450439] rtc_cmos 00:04: setting system clock to 2026-03-08T03:43:12 UTC (1772941392)
[    0.451013] rtc_cmos 00:04: alarms up to one day, y3k, 242 bytes nvram, hpet irqs
[    0.453135] i2c_dev: i2c /dev entries driver
[    0.453496] device-mapper: core: CONFIG_IMA_DISABLE_HTABLE is disabled. Duplicate IMA measurements will not be recorded in the IMA log.
[    0.455085] device-mapper: uevent: version 1.0.3
[    0.456121] device-mapper: ioctl: 4.48.0-ioctl (2023-03-01) initialised: dm-devel@redhat.com
[    0.456714] intel_pstate: CPU model not supported
[    0.458118] ledtrig-cpu: registered to indicate activity on CPUs
[    0.458595] drop_monitor: Initializing network drop monitor service
[    0.460158] NET: Registered PF_INET6 protocol family
[    1.882199] Freeing initrd memory: 165796K
[    1.882692] Segment Routing with IPv6
[    1.882974] In-situ OAM (IOAM) with IPv6
[    1.883298] NET: Registered PF_PACKET protocol family
[    1.883665] Key type dns_resolver registered
[    1.884110] IPI shorthand broadcast: enabled
[    1.885371] sched_clock: Marking stable (1812002159, 73036030)->(1903237398, -18199209)
[    1.885984] registered taskstats version 1
[    1.886362] Loading compiled-in X.509 certificates
[    1.887166] Loaded X.509 cert 'Build time autogenerated kernel key: 7f71bdefc17a4d88631555bf9efbb1c93d6f5260'
[    1.888260] Loaded X.509 cert 'Canonical Ltd. Live Patch Signing 2025 Kmod: d541cef61dc7e793b7eb7e899970a2eef0b5dc8c'
[    1.889300] Loaded X.509 cert 'Canonical Ltd. Live Patch Signing: 14df34d1a87cf37625abec039ef2bf521249b969'
[    1.890416] Loaded X.509 cert 'Canonical Ltd. Kernel Module Signing: 88f752e560a1e0737e31163a466ad7b70a850c19'
[    1.891095] blacklist: Loading compiled-in revocation X.509 certificates
[    1.891554] Loaded X.509 cert 'Canonical Ltd. Secure Boot Signing: 61482aa2830d0ab2ad5af10b7250da9033ddcef0'
[    1.892161] Loaded X.509 cert 'Canonical Ltd. Secure Boot Signing (2017): 242ade75ac4a15e50d50c84b0d45ff3eae707a03'
[    1.892828] Loaded X.509 cert 'Canonical Ltd. Secure Boot Signing (ESM 2018): 365188c1d374d6b07c3c8f240f8ef722433d6a8b'
[    1.893530] Loaded X.509 cert 'Canonical Ltd. Secure Boot Signing (2019): c0746fd6c5da3ae827864651ad66ae47fe24b3e8'
[    1.894260] Loaded X.509 cert 'Canonical Ltd. Secure Boot Signing (2021 v1): a8d54bbb3825cfb94fa13c9f8a594a195c107b8d'
[    1.894906] Loaded X.509 cert 'Canonical Ltd. Secure Boot Signing (2021 v2): 4cf046892d6fd3c9a5b03f98d845f90851dc6a8c'
[    1.895603] Loaded X.509 cert 'Canonical Ltd. Secure Boot Signing (2021 v3): 100437bb6de6e469b581e61cd66bce3ef4ed53af'
[    1.896354] Loaded X.509 cert 'Canonical Ltd. Secure Boot Signing (Ubuntu Core 2019): c1d57b8f6b743f23ee41f4f7ee292f06eecadfb9'
[    1.898992] Key type .fscrypt registered
[    1.899282] Key type fscrypt-provisioning registered
[    1.899756] Key type encrypted registered
[    1.900005] AppArmor: AppArmor sha256 policy hashing enabled
[    1.900378] ima: No TPM chip found, activating TPM-bypass!
[    1.900769] Loading compiled-in module X.509 certificates
[    1.901517] Loaded X.509 cert 'Build time autogenerated kernel key: 7f71bdefc17a4d88631555bf9efbb1c93d6f5260'
[    1.902216] ima: Allocated hash algorithm: sha256
[    1.902552] ima: No architecture policies found
[    1.902869] evm: Initialising EVM extended attributes:
[    1.903235] evm: security.selinux
[    1.903473] evm: security.SMACK64
[    1.903692] evm: security.SMACK64EXEC
[    1.903913] evm: security.SMACK64TRANSMUTE
[    1.904161] evm: security.SMACK64MMAP
[    1.904405] evm: security.apparmor
[    1.904610] evm: security.ima
[    1.904790] evm: security.capability
[    1.905005] evm: HMAC attrs: 0x1
[    1.905382] PM:   Magic number: 2:581:714
[    1.907475] RAS: Correctable Errors collector initialized.
[    1.907863] clk: Disabling unused clocks
[    1.913840] Freeing unused decrypted memory: 2028K
[    1.914428] Freeing unused kernel image (initmem) memory: 4920K
[    1.914678] Write protecting the kernel read-only data: 38912k
[    1.915213] Freeing unused kernel image (rodata/data gap) memory: 1984K
[    1.923551] x86/mm: Checked W+X mappings: passed, no W+X pages found.
[    1.923886] Run /init as init process
[init-phase3] booted
[init-phase3] loading module=/lib/modules/6.8.0-101-generic/kernel/drivers/virtio/virtio_dma_buf.ko
[init-phase3] loading module=/lib/modules/6.8.0-101-generic/kernel/drivers/gpu/drm/virtio/virtio-gpu.ko
[    1.930577] [drm] pci: virtio-vga detected at 0000:00:02.0
[    1.930858] virtio-pci 0000:00:02.0: vgaarb: deactivate vga console
[    1.935539] Console: switching to colour dummy device 80x25
[    1.935866] [drm] features: -virgl +edid -resource_blob -host_visible
[    1.935867] [drm] features: -context_init
[    1.936655] [drm] number of scanouts: 1
[    1.936819] [drm] number of cap sets: 0
[    1.937198] [drm] Initialized virtio_gpu 0.1.0 0 for 0000:00:02.0 on minor 0
[    1.939161] fbcon: virtio_gpudrmfb (fb0) is primary device
[    1.941629] Console: switching to colour frame buffer device 160x50
[    1.943125] virtio-pci 0000:00:02.0: [drm] fb0: virtio_gpudrmfb frame buffer device
[init-phase3] loading module=/lib/modules/6.8.0-101-generic/kernel/drivers/hid/hid.ko
[    1.948161] hid: raw HID events driver (C) Jiri Kosina
[init-phase3] loading module=/lib/modules/6.8.0-101-generic/kernel/drivers/hid/hid-generic.ko
[init-phase3] loading module=/lib/modules/6.8.0-101-generic/kernel/drivers/hid/usbhid/usbhid.ko
[    1.950874] usbcore: registered new interface driver usbhid
[    1.951118] usbhid: USB HID core driver
[init-phase3] loading module=/lib/modules/6.8.0-101-generic/kernel/drivers/hid/usbhid/usbkbd.ko
[    1.952256] usbcore: registered new interface driver usbkbd
[init-phase3] loading module=/lib/modules/6.8.0-101-generic/kernel/drivers/hid/usbhid/usbmouse.ko
[    1.953688] usbcore: registered new interface driver usbmouse
[init-phase3] loading module=/lib/modules/6.8.0-101-generic/kernel/drivers/input/mouse/psmouse.ko
[    1.957047] input: VirtualPS/2 VMware VMMouse as /devices/platform/i8042/serio1/input/input4
[init-phase3] loading module=/lib/modules/6.8.0-101-generic/kernel/drivers/usb/host/xhci-pci-renesas.ko
[    1.958109] input: VirtualPS/2 VMware VMMouse as /devices/platform/i8042/serio1/input/input3
[init-phase3] loading module=/lib/modules/6.8.0-101-generic/kernel/drivers/usb/host/xhci-pci.ko
[    1.960592] xhci_hcd 0000:00:03.0: xHCI Host Controller
[    1.960882] xhci_hcd 0000:00:03.0: new USB bus registered, assigned bus number 1
[    1.961508] xhci_hcd 0000:00:03.0: hcc params 0x00087001 hci version 0x100 quirks 0x0000000000000010
[    1.962258] xhci_hcd 0000:00:03.0: xHCI Host Controller
[    1.962499] xhci_hcd 0000:00:03.0: new USB bus registered, assigned bus number 2
[    1.962809] xhci_hcd 0000:00:03.0: Host supports USB 3.0 SuperSpeed
[    1.963114] usb usb1: New USB device found, idVendor=1d6b, idProduct=0002, bcdDevice= 6.08
[    1.963486] usb usb1: New USB device strings: Mfr=3, Product=2, SerialNumber=1
[    1.963820] usb usb1: Product: xHCI Host Controller
[    1.964054] usb usb1: Manufacturer: Linux 6.8.0-101-generic xhci-hcd
[    1.964358] usb usb1: SerialNumber: 0000:00:03.0
[    1.964667] hub 1-0:1.0: USB hub found
[    1.964870] hub 1-0:1.0: 4 ports detected
[    1.965183] usb usb2: We don't know the algorithms for LPM for this host, disabling LPM.
[    1.965549] usb usb2: New USB device found, idVendor=1d6b, idProduct=0003, bcdDevice= 6.08
[    1.965884] usb usb2: New USB device strings: Mfr=3, Product=2, SerialNumber=1
[    1.966182] usb usb2: Product: xHCI Host Controller
[    1.966417] usb usb2: Manufacturer: Linux 6.8.0-101-generic xhci-hcd
[    1.966676] usb usb2: SerialNumber: 0000:00:03.0
[    1.966903] hub 2-0:1.0: USB hub found
[    1.967079] hub 2-0:1.0: 4 ports detected
Starting systemd-udevd version 255.4-1ubuntu8.8
total 0
drwxr-xr-x    2 root     root            80 Mar  8 03:43 by-path
crw-rw----    1 root     video     226,   0 Mar  8 03:43 card0
crw-rw----    1 root     root      226, 128 Mar  8 03:43 renderD128
total 0
drwxr-xr-x    2 root     root           100 Mar  8 03:43 by-path
crw-rw----    1 root     input      13,  64 Mar  8 03:43 event0
crw-rw----    1 root     input      13,  65 Mar  8 03:43 event1
crw-rw----    1 root     input      13,  66 Mar  8 03:43 event2
crw-rw----    1 root     input      13,  67 Mar  8 03:43 event3
crw-rw----    1 root     input      13,  63 Mar  8 03:43 mice
crw-rw----    1 root     input      13,  32 Mar  8 03:43 mouse0
crw-rw----    1 root     input      13,  33 Mar  8 03:43 mouse1
[init-phase3] seatd pid=121
[init-phase3] weston pid=122
[init-phase3] wayland ready
Date: 2026-03-08 UTC
[03:43:14.057] weston 13.0.0
               https://wayland.freedesktop.org
               Bug reports to: https://gitlab.freedesktop.org/wayland/weston/issues/
               Build: 13.0.0
[03:43:14.057] Command line: /usr/bin/weston --backend=drm --renderer=pixman --shell=kiosk-shell.so --socket=wayland-1 --continue-without-input --log=/var/log/weston.log
[03:43:14.057] OS: Linux, 6.8.0-101-generic, #101-Ubuntu SMP PREEMPT_DYNAMIC Mon Feb  9 10:15:05 UTC 2026, x86_64
[03:43:14.057] Flight recorder: enabled
[03:43:14.057] Using config file '/etc/xdg/weston/weston.ini'
[03:43:14.058] Output repaint window is 7 ms maximum.
[03:43:14.058] Loading module '/usr/lib/x86_64-linux-gnu/libweston-13/drm-backend.so'
[03:43:14.058] initializing drm backend
[03:43:14.058] Trying libseat launcher...
[03:43:14.058] [libseat/libseat.c:62] Seat opened with backend 'seatd'
[03:43:14.058] [libseat/backend/seatd.c:212] Enabling seat
[03:43:14.058] libseat: session control granted
[03:43:14.059] using /dev/dri/card0
[03:43:14.059] DRM: supports atomic modesetting
[03:43:14.059] DRM: does not support GBM modifiers
[03:43:14.059] DRM: does not support async page flipping
[03:43:14.059] DRM: supports picture aspect ratio
[03:43:14.059] Using Pixman renderer
[03:43:14.060] event0  - Power Button: is tagged by udev as: Keyboard
[03:43:14.060] event0  - Power Button: device is a keyboard
[03:43:14.061] event1  - AT Translated Set 2 keyboard: is tagged by udev as: Keyboard
[03:43:14.061] event1  - AT Translated Set 2 keyboard: device is a keyboard
[03:43:14.061] event3  - VirtualPS/2 VMware VMMouse: is tagged by udev as: Mouse
[03:43:14.061] event3  - VirtualPS/2 VMware VMMouse: device is a pointer
[03:43:14.062] event2  - VirtualPS/2 VMware VMMouse: is tagged by udev as: Mouse
[03:43:14.062] event2  - VirtualPS/2 VMware VMMouse: device is a pointer
[03:43:14.064] libinput: configuring device "Power Button".
[03:43:14.064] libinput: configuring device "AT Translated Set 2 keyboard".
[03:43:14.064] libinput: configuring device "VirtualPS/2 VMware VMMouse".
[03:43:14.064] libinput: configuring device "VirtualPS/2 VMware VMMouse".
[03:43:14.064] input device event2 has no enabled output associated (none named), skipping calibration for now.
[03:43:14.064] DRM: head 'Virtual-1' found, connector 36 is connected, EDID make 'RHT', model 'QEMU Monitor', serial ''
               Supported EOTF modes: SDR
[03:43:14.064] Registered plugin API 'weston_drm_output_api_v1' of size 40
[03:43:14.064] Registered plugin API 'weston_drm_virtual_output_api_v2' of size 48
[03:43:14.064] Color manager: no-op
[03:43:14.064] Output 'Virtual-1' attempts EOTF mode: SDR
[03:43:14.064] Output 'Virtual-1' using color profile: stock sRGB color profile
[03:43:14.066] DRM: output Virtual-1 uses shadow framebuffer.
[03:43:14.066] Output Virtual-1 (crtc 35) video modes:
               1280x800@75.0, preferred, current, 107.3 MHz
               5120x2160@50.0 64:27, 742.5 MHz
               4096x2160@50.0 256:135, 594.0 MHz
               3840x2160@60.0 16:9, 594.0 MHz
               3840x2160@59.9 16:9, 593.4 MHz
               3840x2160@50.0 16:9, 594.0 MHz
               1920x1440@60.0, 234.0 MHz
               2560x1080@50.0 64:27, 185.6 MHz
               1856x1392@60.0, 218.2 MHz
               1792x1344@60.0, 204.8 MHz
               2048x1152@60.0, 162.0 MHz
               1920x1200@59.9, 193.2 MHz
               1920x1080@60.0, 148.5 MHz
               1920x1080@50.0 16:9, 148.5 MHz
               1600x1200@60.0, 162.0 MHz
               1680x1050@60.0, 146.2 MHz
               1400x1050@60.0, 121.8 MHz
               1280x1024@60.0, 108.0 MHz
               1440x900@59.9, 106.5 MHz
               1280x960@60.0, 108.0 MHz
               1360x768@60.0, 85.5 MHz
               1280x768@59.9, 79.5 MHz
               1024x768@60.0, 65.0 MHz
               800x600@60.3, 40.0 MHz
               640x480@60.0 4:3, 25.2 MHz
               640x480@59.9, 25.2 MHz
[03:43:14.066] associating input device event0 with output Virtual-1 (none by udev)
[03:43:14.066] associating input device event1 with output Virtual-1 (none by udev)
[03:43:14.066] associating input device event3 with output Virtual-1 (none by udev)
[03:43:14.066] associating input device event2 with output Virtual-1 (none by udev)
[03:43:14.066] Output 'Virtual-1' enabled with head(s) Virtual-1
[03:43:14.066] Compositor capabilities:
               arbitrary surface rotation: yes
               screen capture uses y-flip: no
               cursor planes: yes
               arbitrary resolutions: no
               view mask clipping: yes
               explicit sync: no
               color operations: no
               presentation clock: CLOCK_MONOTONIC, id 1
               presentation clock resolution: 0.000000001 s
[03:43:14.066] Loading module '/usr/lib/x86_64-linux-gnu/weston/kiosk-shell.so'
[init-phase3] display_probe pid=125
[init-phase3] launching client=chromium url=data:text/html;base64,PCFkb2N0eXBlIGh0bWw+CjxodG1sPgogIDxib2R5IHN0eWxlPSJtYXJnaW46MDtiYWNrZ3JvdW5kOndoaXRlO2ZvbnQtZmFtaWx5OkRlamFWdSBTYW5zLCBzYW5zLXNlcmlmIj4KICAgIDxpbnB1dCBpZD0iaSIgYXV0b2ZvY3VzIHN0eWxlPSJkaXNwbGF5OmJsb2NrO3dpZHRoOjk1dnc7aGVpZ2h0OjEyMHB4O2ZvbnQtc2l6ZTo3MnB4O21hcmdpbjoyMHB4IGF1dG8iIHZhbHVlPSIiPgogICAgPGJ1dHRvbiBpZD0iYiIgb25jbGljaz0iZG9jdW1lbnQuYm9keS5zdHlsZS5iYWNrZ3JvdW5kPSdsaW1lJztkb2N1bWVudC5nZXRFbGVtZW50QnlJZCgncycpLnRleHRDb250ZW50PSdjbGlja2VkJyIgc3R5bGU9ImRpc3BsYXk6YmxvY2s7Zm9udC1zaXplOjY0cHg7bWFyZ2luOjIwcHggYXV0byI+Q0xJQ0s8L2J1dHRvbj4KICAgIDxkaXYgaWQ9InMiIHN0eWxlPSJmb250LXNpemU6NzJweDt0ZXh0LWFsaWduOmNlbnRlciI+aWRsZTwvZGl2PgogIDwvYm9keT4KPC9odG1sPgo= runtime=40 suspend_delay=10 wake=5 pm_test=devices no_suspend=
[init-phase3] app pid=133 client=chromium
[init-phase3] scheduling suspend args=--delay-seconds 10 --wake-seconds 5 --pm-test devices
[    2.206151] usb 1-1: new high-speed USB device number 2 using xhci_hcd
[    2.339118] usb 1-1: New USB device found, idVendor=0627, idProduct=0001, bcdDevice= 0.00
[    2.339539] usb 1-1: New USB device strings: Mfr=1, Product=4, SerialNumber=11
[    2.339880] usb 1-1: Product: QEMU USB Keyboard
[    2.340100] usb 1-1: Manufacturer: QEMU
[    2.340290] usb 1-1: SerialNumber: 68284-0000:00:03.0-1
[    2.352576] input: QEMU QEMU USB Keyboard as /devices/pci0000:00/0000:00:03.0/usb1/1-1/1-1:1.0/0003:0627:0001.0001/input/input5
[    2.414226] hid-generic 0003:0627:0001.0001: input,hidraw0: USB HID v1.11 Keyboard [QEMU QEMU USB Keyboard] on usb-0000:00:03.0-1/input0
[    2.537074] usb 1-2: new high-speed USB device number 3 using xhci_hcd
[    2.664439] usb 1-2: New USB device found, idVendor=0627, idProduct=0001, bcdDevice= 0.00
[    2.664934] usb 1-2: New USB device strings: Mfr=1, Product=3, SerialNumber=10
[    2.665340] usb 1-2: Product: QEMU USB Tablet
[    2.665580] usb 1-2: Manufacturer: QEMU
[    2.665791] usb 1-2: SerialNumber: 28754-0000:00:03.0-2
[    2.667193] input: QEMU QEMU USB Tablet as /devices/pci0000:00/0000:00:03.0/usb1/1-2/1-2:1.0/0003:0627:0001.0002/input/input6
[    2.667985] hid-generic 0003:0627:0001.0002: input,hidraw1: USB HID v0.01 Mouse [QEMU QEMU USB Tablet] on usb-0000:00:03.0-2/input0
MESA-LOADER: failed to open dri: /usr/lib/x86_64-linux-gnu/gbm/dri_gbm.so: cannot open shared object file: No such file or directory (search paths /usr/lib/x86_64-linux-gnu/gbm, suffix _gbm)
[133:205:0308/034314.244967:ERROR:dbus/bus.cc:405] Failed to connect to the bus: Failed to connect to socket /run/dbus/system_bus_socket: No such file or directory
[133:205:0308/034314.249989:ERROR:dbus/bus.cc:405] Failed to connect to the bus: Could not parse server address: Unknown address type (examples of valid types are "tcp" and on UNIX "unix")
[133:205:0308/034314.250017:ERROR:dbus/bus.cc:405] Failed to connect to the bus: Failed to connect to socket /run/dbus/system_bus_socket: No such file or directory
[133:205:0308/034314.250029:ERROR:dbus/bus.cc:405] Failed to connect to the bus: Failed to connect to socket /run/dbus/system_bus_socket: No such file or directory
MESA-LOADER: failed to open dri: /usr/lib/x86_64-linux-gnu/gbm/dri_gbm.so: cannot open shared object file: No such file or directory (search paths /usr/lib/x86_64-linux-gnu/gbm, suffix _gbm)
[219:219:0308/034314.258389:ERROR:media/gpu/vaapi/vaapi_wrapper.cc:1626] vaInitialize failed: unknown libva error
[133:205:0308/034314.282758:ERROR:dbus/bus.cc:405] Failed to connect to the bus: Could not parse server address: Unknown address type (examples of valid types are "tcp" and on UNIX "unix")

(process:133): GLib-GIO-CRITICAL **: 03:43:14.291: g_settings_schema_source_lookup: assertion 'source != NULL' failed
[133:205:0308/034314.296140:ERROR:dbus/bus.cc:405] Failed to connect to the bus: Could not parse server address: Unknown address type (examples of valid types are "tcp" and on UNIX "unix")
[133:205:0308/034314.296151:ERROR:dbus/bus.cc:405] Failed to connect to the bus: Could not parse server address: Unknown address type (examples of valid types are "tcp" and on UNIX "unix")
[133:133:0308/034314.363219:ERROR:dbus/object_proxy.cc:572] Failed to call method: org.freedesktop.DBus.NameHasOwner: object_path= /org/freedesktop/DBus: unknown error type: 
[133:205:0308/034314.363257:ERROR:dbus/bus.cc:405] Failed to connect to the bus: Could not parse server address: Unknown address type (examples of valid types are "tcp" and on UNIX "unix")
[133:133:0308/034314.368493:ERROR:dbus/object_proxy.cc:572] Failed to call method: org.freedesktop.DBus.NameHasOwner: object_path= /org/freedesktop/DBus: unknown error type: 
[133:133:0308/034314.372523:ERROR:dbus/object_proxy.cc:572] Failed to call method: org.freedesktop.DBus.NameHasOwner: object_path= /org/freedesktop/DBus: unknown error type: 
[133:205:0308/034314.372588:ERROR:dbus/bus.cc:405] Failed to connect to the bus: Could not parse server address: Unknown address type (examples of valid types are "tcp" and on UNIX "unix")
[133:133:0308/034314.372608:ERROR:dbus/object_proxy.cc:572] Failed to call method: org.freedesktop.DBus.NameHasOwner: object_path= /org/freedesktop/DBus: unknown error type: 
[133:205:0308/034314.378905:ERROR:dbus/bus.cc:405] Failed to connect to the bus: Failed to connect to socket /run/dbus/system_bus_socket: No such file or directory
[133:205:0308/034314.379633:ERROR:dbus/bus.cc:405] Failed to connect to the bus: Failed to connect to socket /run/dbus/system_bus_socket: No such file or directory
[133:133:0308/034314.378871:ERROR:dbus/object_proxy.cc:572] Failed to call method: org.freedesktop.DBus.NameHasOwner: object_path= /org/freedesktop/DBus: unknown error type: 
[133:133:0308/034314.384998:ERROR:dbus/object_proxy.cc:572] Failed to call method: org.freedesktop.DBus.NameHasOwner: object_path= /org/freedesktop/DBus: unknown error type: 
[133:205:0308/034314.385451:ERROR:dbus/bus.cc:405] Failed to connect to the bus: Could not parse server address: Unknown address type (examples of valid types are "tcp" and on UNIX "unix")
[133:133:0308/034314.385622:ERROR:dbus/object_proxy.cc:572] Failed to call method: org.freedesktop.DBus.Properties.GetAll: object_path= /org/freedesktop/UPower/devices/DisplayDevice: unknown error type: 
[133:133:0308/034314.387895:ERROR:dbus/object_proxy.cc:572] Failed to call method: org.freedesktop.DBus.NameHasOwner: object_path= /org/freedesktop/DBus: unknown error type: 
[133:205:0308/034314.387932:ERROR:dbus/bus.cc:405] Failed to connect to the bus: Could not parse server address: Unknown address type (examples of valid types are "tcp" and on UNIX "unix")
[133:133:0308/034314.388372:ERROR:dbus/object_proxy.cc:572] Failed to call method: org.freedesktop.DBus.NameHasOwner: object_path= /org/freedesktop/DBus: unknown error type: 
[133:205:0308/034314.390224:ERROR:dbus/bus.cc:405] Failed to connect to the bus: Could not parse server address: Unknown address type (examples of valid types are "tcp" and on UNIX "unix")
[133:133:0308/034314.390334:ERROR:dbus/object_proxy.cc:572] Failed to call method: org.freedesktop.DBus.NameHasOwner: object_path= /org/freedesktop/DBus: unknown error type: 
@@LOG kind=state wakealarm_seconds=5
@@LOG kind=state state=SUSPENDING cycle=1
[   12.143777] PM: suspend entry (s2idle)
[   12.144839] Filesystems sync: 0.000 seconds
[   12.149139] Freezing user space processes
[   12.152119] Freezing user space processes completed (elapsed 0.002 seconds)
[   12.152553] OOM killer disabled.
[   12.152736] Freezing remaining freezable tasks
[   12.154064] Freezing remaining freezable tasks completed (elapsed 0.001 seconds)
[   12.261415] PM: suspend debug: Waiting for 5 second(s).
[   17.263595] xhci_hcd 0000:00:03.0: xHC error in resume, USBSTS 0x401, Reinit
[   17.263942] usb usb1: root hub lost power or was reset
[   17.264187] usb usb2: root hub lost power or was reset
[   17.530142] usb 1-2: reset high-speed USB device number 3 using xhci_hcd
[   17.770194] usb 1-1: reset high-speed USB device number 2 using xhci_hcd
[   17.896668] OOM killer enabled.
[   17.896877] Restarting tasks ... done.
[   17.902327] random: crng reseeded on system resumption
[   17.904677] PM: suspend exit
@@LOG kind=state state=RESUMED cycle=1 sleep_ms=5762 resume_gap_ms=5762
@@METRIC name=sleep_duration value_ms=5762 cycle=1
@@METRIC name=suspend_resume_gap value_ms=5762 cycle=1
[init-phase3] runtime limit reached, terminating client=chromium
@@DISPLAY sample=1 uptime_s=2.06 fb0=virtio_gpudrmfb_ proc_fb=0_virtio_gpudrmfb_ vt=vtcon0nameM_frame_buffer_device_bind1__vtcon1nameM_dummy_device_bind0__ drm=card0-Virtual-1statusconnected_enabledenabled_dpmsOn__
@@DISPLAY sample=2 uptime_s=3.08 fb0=virtio_gpudrmfb_ proc_fb=0_virtio_gpudrmfb_ vt=vtcon0nameM_frame_buffer_device_bind1__vtcon1nameM_dummy_device_bind0__ drm=card0-Virtual-1statusconnected_enabledenabled_dpmsOn__
@@DISPLAY sample=3 uptime_s=4.10 fb0=virtio_gpudrmfb_ proc_fb=0_virtio_gpudrmfb_ vt=vtcon0nameM_frame_buffer_device_bind1__vtcon1nameM_dummy_device_bind0__ drm=card0-Virtual-1statusconnected_enabledenabled_dpmsOn__
@@DISPLAY sample=4 uptime_s=5.11 fb0=virtio_gpudrmfb_ proc_fb=0_virtio_gpudrmfb_ vt=vtcon0nameM_frame_buffer_device_bind1__vtcon1nameM_dummy_device_bind0__ drm=card0-Virtual-1statusconnected_enabledenabled_dpmsOn__
@@DISPLAY sample=5 uptime_s=6.12 fb0=virtio_gpudrmfb_ proc_fb=0_virtio_gpudrmfb_ vt=vtcon0nameM_frame_buffer_device_bind1__vtcon1nameM_dummy_device_bind0__ drm=card0-Virtual-1statusconnected_enabledenabled_dpmsOn__
@@DISPLAY sample=6 uptime_s=7.13 fb0=virtio_gpudrmfb_ proc_fb=0_virtio_gpudrmfb_ vt=vtcon0nameM_frame_buffer_device_bind1__vtcon1nameM_dummy_device_bind0__ drm=card0-Virtual-1statusconnected_enabledenabled_dpmsOn__
@@DISPLAY sample=7 uptime_s=8.14 fb0=virtio_gpudrmfb_ proc_fb=0_virtio_gpudrmfb_ vt=vtcon0nameM_frame_buffer_device_bind1__vtcon1nameM_dummy_device_bind0__ drm=card0-Virtual-1statusconnected_enabledenabled_dpmsOn__
@@DISPLAY sample=8 uptime_s=9.16 fb0=virtio_gpudrmfb_ proc_fb=0_virtio_gpudrmfb_ vt=vtcon0nameM_frame_buffer_device_bind1__vtcon1nameM_dummy_device_bind0__ drm=card0-Virtual-1statusconnected_enabledenabled_dpmsOn__
@@DISPLAY sample=9 uptime_s=10.17 fb0=virtio_gpudrmfb_ proc_fb=0_virtio_gpudrmfb_ vt=vtcon0nameM_frame_buffer_device_bind1__vtcon1nameM_dummy_device_bind0__ drm=card0-Virtual-1statusconnected_enabledenabled_dpmsOn__
@@DISPLAY sample=10 uptime_s=11.18 fb0=virtio_gpudrmfb_ proc_fb=0_virtio_gpudrmfb_ vt=vtcon0nameM_frame_buffer_device_bind1__vtcon1nameM_dummy_device_bind0__ drm=card0-Virtual-1statusconnected_enabledenabled_dpmsOn__
@@DISPLAY sample=11 uptime_s=17.83 fb0=virtio_gpudrmfb_ proc_fb=0_virtio_gpudrmfb_ vt=vtcon0nameM_frame_buffer_device_bind1__vtcon1nameM_dummy_device_bind0__ drm=card0-Virtual-1statusconnected_enabledenabled_dpmsOn__
@@DISPLAY sample=12 uptime_s=18.85 fb0=virtio_gpudrmfb_ proc_fb=0_virtio_gpudrmfb_ vt=vtcon0nameM_frame_buffer_device_bind1__vtcon1nameM_dummy_device_bind0__ drm=card0-Virtual-1statusconnected_enabledenabled_dpmsOn__
@@DISPLAY sample=13 uptime_s=19.86 fb0=virtio_gpudrmfb_ proc_fb=0_virtio_gpudrmfb_ vt=vtcon0nameM_frame_buffer_device_bind1__vtcon1nameM_dummy_device_bind0__ drm=card0-Virtual-1statusconnected_enabledenabled_dpmsOn__
@@DISPLAY sample=14 uptime_s=20.88 fb0=virtio_gpudrmfb_ proc_fb=0_virtio_gpudrmfb_ vt=vtcon0nameM_frame_buffer_device_bind1__vtcon1nameM_dummy_device_bind0__ drm=card0-Virtual-1statusconnected_enabledenabled_dpmsOn__
@@DISPLAY sample=15 uptime_s=21.89 fb0=virtio_gpudrmfb_ proc_fb=0_virtio_gpudrmfb_ vt=vtcon0nameM_frame_buffer_device_bind1__vtcon1nameM_dummy_device_bind0__ drm=card0-Virtual-1statusconnected_enabledenabled_dpmsOn__
@@DISPLAY sample=16 uptime_s=22.90 fb0=virtio_gpudrmfb_ proc_fb=0_virtio_gpudrmfb_ vt=vtcon0nameM_frame_buffer_device_bind1__vtcon1nameM_dummy_device_bind0__ drm=card0-Virtual-1statusconnected_enabledenabled_dpmsOn__
@@DISPLAY sample=17 uptime_s=23.91 fb0=virtio_gpudrmfb_ proc_fb=0_virtio_gpudrmfb_ vt=vtcon0nameM_frame_buffer_device_bind1__vtcon1nameM_dummy_device_bind0__ drm=card0-Virtual-1statusconnected_enabledenabled_dpmsOn__
@@DISPLAY sample=18 uptime_s=24.92 fb0=virtio_gpudrmfb_ proc_fb=0_virtio_gpudrmfb_ vt=vtcon0nameM_frame_buffer_device_bind1__vtcon1nameM_dummy_device_bind0__ drm=card0-Virtual-1statusconnected_enabledenabled_dpmsOn__
@@DISPLAY sample=19 uptime_s=25.93 fb0=virtio_gpudrmfb_ proc_fb=0_virtio_gpudrmfb_ vt=vtcon0nameM_frame_buffer_device_bind1__vtcon1nameM_dummy_device_bind0__ drm=card0-Virtual-1statusconnected_enabledenabled_dpmsOn__
@@DISPLAY sample=20 uptime_s=26.94 fb0=virtio_gpudrmfb_ proc_fb=0_virtio_gpudrmfb_ vt=vtcon0nameM_frame_buffer_device_bind1__vtcon1nameM_dummy_device_bind0__ drm=card0-Virtual-1statusconnected_enabledenabled_dpmsOn__
@@DISPLAY sample=21 uptime_s=27.96 fb0=virtio_gpudrmfb_ proc_fb=0_virtio_gpudrmfb_ vt=vtcon0nameM_frame_buffer_device_bind1__vtcon1nameM_dummy_device_bind0__ drm=card0-Virtual-1statusconnected_enabledenabled_dpmsOn__
@@DISPLAY sample=22 uptime_s=28.97 fb0=virtio_gpudrmfb_ proc_fb=0_virtio_gpudrmfb_ vt=vtcon0nameM_frame_buffer_device_bind1__vtcon1nameM_dummy_device_bind0__ drm=card0-Virtual-1statusconnected_enabledenabled_dpmsOn__
@@DISPLAY sample=23 uptime_s=29.98 fb0=virtio_gpudrmfb_ proc_fb=0_virtio_gpudrmfb_ vt=vtcon0nameM_frame_buffer_device_bind1__vtcon1nameM_dummy_device_bind0__ drm=card0-Virtual-1statusconnected_enabledenabled_dpmsOn__
@@DISPLAY sample=24 uptime_s=30.99 fb0=virtio_gpudrmfb_ proc_fb=0_virtio_gpudrmfb_ vt=vtcon0nameM_frame_buffer_device_bind1__vtcon1nameM_dummy_device_bind0__ drm=card0-Virtual-1statusconnected_enabledenabled_dpmsOn__
@@DISPLAY sample=25 uptime_s=32.01 fb0=virtio_gpudrmfb_ proc_fb=0_virtio_gpudrmfb_ vt=vtcon0nameM_frame_buffer_device_bind1__vtcon1nameM_dummy_device_bind0__ drm=card0-Virtual-1statusconnected_enabledenabled_dpmsOn__
@@DISPLAY sample=26 uptime_s=33.02 fb0=virtio_gpudrmfb_ proc_fb=0_virtio_gpudrmfb_ vt=vtcon0nameM_frame_buffer_device_bind1__vtcon1nameM_dummy_device_bind0__ drm=card0-Virtual-1statusconnected_enabledenabled_dpmsOn__
@@DISPLAY sample=27 uptime_s=34.03 fb0=virtio_gpudrmfb_ proc_fb=0_virtio_gpudrmfb_ vt=vtcon0nameM_frame_buffer_device_bind1__vtcon1nameM_dummy_device_bind0__ drm=card0-Virtual-1statusconnected_enabledenabled_dpmsOn__
@@DISPLAY sample=28 uptime_s=35.04 fb0=virtio_gpudrmfb_ proc_fb=0_virtio_gpudrmfb_ vt=vtcon0nameM_frame_buffer_device_bind1__vtcon1nameM_dummy_device_bind0__ drm=card0-Virtual-1statusconnected_enabledenabled_dpmsOn__
@@DISPLAY sample=29 uptime_s=36.06 fb0=virtio_gpudrmfb_ proc_fb=0_virtio_gpudrmfb_ vt=vtcon0nameM_frame_buffer_device_bind1__vtcon1nameM_dummy_device_bind0__ drm=card0-Virtual-1statusconnected_enabledenabled_dpmsOn__
@@DISPLAY sample=30 uptime_s=37.07 fb0=virtio_gpudrmfb_ proc_fb=0_virtio_gpudrmfb_ vt=vtcon0nameM_frame_buffer_device_bind1__vtcon1nameM_dummy_device_bind0__ drm=card0-Virtual-1statusconnected_enabledenabled_dpmsOn__
@@DISPLAY sample=31 uptime_s=38.08 fb0=virtio_gpudrmfb_ proc_fb=0_virtio_gpudrmfb_ vt=vtcon0nameM_frame_buffer_device_bind1__vtcon1nameM_dummy_device_bind0__ drm=card0-Virtual-1statusconnected_enabledenabled_dpmsOn__
@@DISPLAY sample=32 uptime_s=39.09 fb0=virtio_gpudrmfb_ proc_fb=0_virtio_gpudrmfb_ vt=vtcon0nameM_frame_buffer_device_bind1__vtcon1nameM_dummy_device_bind0__ drm=card0-Virtual-1statusconnected_enabledenabled_dpmsOn__
@@DISPLAY sample=33 uptime_s=40.10 fb0=virtio_gpudrmfb_ proc_fb=0_virtio_gpudrmfb_ vt=vtcon0nameM_frame_buffer_device_bind1__vtcon1nameM_dummy_device_bind0__ drm=card0-Virtual-1statusconnected_enabledenabled_dpmsOn__
@@DISPLAY sample=34 uptime_s=41.11 fb0=virtio_gpudrmfb_ proc_fb=0_virtio_gpudrmfb_ vt=vtcon0nameM_frame_buffer_device_bind1__vtcon1nameM_dummy_device_bind0__ drm=card0-Virtual-1statusconnected_enabledenabled_dpmsOn__
[init-phase3] client exited client=chromium
[   42.204476] ACPI: PM: Preparing to enter system sleep state S5
[   42.204797] reboot: Power down
