[    0.000000] Linux version 6.8.0-101-generic (buildd@lcy02-amd64-051) (x86_64-linux-gnu-gcc-13 (Ubuntu 13.3.0-6ubuntu2~24.04) 13.3.0, GNU ld (GNU Binutils for Ubuntu) 2.42) #101-Ubuntu SMP PREEMPT_DYNAMIC Mon Feb  9 10:15:05 UTC 2026 (Ubuntu 6.8.0-101.101-generic 6.8.12)
[    0.000000] Command line: console=ttyS0 panic=-1 no_console_suspend rdinit=/init
[    0.000000] KERNEL supported cpus:
[    0.000000]   Intel GenuineIntel
[    0.000000]   AMD AuthenticAMD
[    0.000000]   Hygon HygonGenuine
[    0.000000]   Centaur CentaurHauls
[    0.000000]   zhaoxin   Shanghai  
[    0.000000] BIOS-provided physical RAM map:
[    0.000000] BIOS-e820: [mem 0x0000000000000000-0x000000000009fbff] usable
[    0.000000] BIOS-e820: [mem 0x000000000009fc00-0x000000000009ffff] reserved
[    0.000000] BIOS-e820: [mem 0x00000000000f0000-0x00000000000fffff] reserved
[    0.000000] BIOS-e820: [mem 0x0000000000100000-0x000000003ffddfff] usable
[    0.000000] BIOS-e820: [mem 0x000000003ffde000-0x000000003fffffff] reserved
[    0.000000] BIOS-e820: [mem 0x00000000b0000000-0x00000000bfffffff] reserved
[    0.000000] BIOS-e820: [mem 0x00000000fed1c000-0x00000000fed1ffff] reserved
[    0.000000] BIOS-e820: [mem 0x00000000feffc000-0x00000000feffffff] reserved
[    0.000000] BIOS-e820: [mem 0x00000000fffc0000-0x00000000ffffffff] reserved
[    0.000000] NX (Execute Disable) protection: active
[    0.000000] APIC: Static calls initialized
[    0.000000] SMBIOS 3.0.0 present.
[    0.000000] DMI: QEMU Standard PC (Q35 + ICH9, 2009), BIOS 1.16.3-debian-1.16.3-2 04/01/2014
[    0.000000] Hypervisor detected: KVM
[    0.000000] kvm-clock: Using msrs 4b564d01 and 4b564d00
[    0.000000] kvm-clock: using sched offset of 312963472 cycles
[    0.000002] clocksource: kvm-clock: mask: 0xffffffffffffffff max_cycles: 0x1cd42e4dffb, max_idle_ns: 881590591483 ns
[    0.000005] tsc: Detected 2803.200 MHz processor
[    0.000881] last_pfn = 0x3ffde max_arch_pfn = 0x400000000
[    0.000929] MTRR map: 4 entries (3 fixed + 1 variable; max 19), built from 8 variable MTRRs
[    0.000934] x86/PAT: Configuration [0-7]: WB  WC  UC- UC  WB  WP  UC- WT  
[    0.006776] found SMP MP-table at [mem 0x000f5470-0x000f547f]
[    0.006793] Using GB pages for direct mapping
[    0.006949] RAMDISK: [mem 0x3ed23000-0x3ffcffff]
[    0.006959] ACPI: Early table checksum verification disabled
[    0.006963] ACPI: RSDP 0x00000000000F52B0 000014 (v00 BOCHS )
[    0.006967] ACPI: RSDT 0x000000003FFE2304 000038 (v01 BOCHS  BXPC     00000001 BXPC 00000001)
[    0.006973] ACPI: FACP 0x000000003FFE20FC 0000F4 (v03 BOCHS  BXPC     00000001 BXPC 00000001)
[    0.006979] ACPI: DSDT 0x000000003FFE0040 0020BC (v01 BOCHS  BXPC     00000001 BXPC 00000001)
[    0.006982] ACPI: FACS 0x000000003FFE0000 000040
[    0.006985] ACPI: APIC 0x000000003FFE21F0 000078 (v03 BOCHS  BXPC     00000001 BXPC 00000001)
[    0.006989] ACPI: HPET 0x000000003FFE2268 000038 (v01 BOCHS  BXPC     00000001 BXPC 00000001)
[    0.006992] ACPI: MCFG 0x000000003FFE22A0 00003C (v01 BOCHS  BXPC     00000001 BXPC 00000001)
[    0.006995] ACPI: WAET 0x000000003FFE22DC 000028 (v01 BOCHS  BXPC     00000001 BXPC 00000001)
[    0.006997] ACPI: Reserving FACP table memory at [mem 0x3ffe20fc-0x3ffe21ef]
[    0.006999] ACPI: Reserving DSDT table memory at [mem 0x3ffe0040-0x3ffe20fb]
[    0.007000] ACPI: Reserving FACS table memory at [mem 0x3ffe0000-0x3ffe003f]
[    0.007000] ACPI: Reserving APIC table memory at [mem 0x3ffe21f0-0x3ffe2267]
[    0.007001] ACPI: Reserving HPET table memory at [mem 0x3ffe2268-0x3ffe229f]
[    0.007002] ACPI: Reserving MCFG table memory at [mem 0x3ffe22a0-0x3ffe22db]
[    0.007003] ACPI: Reserving WAET table memory at [mem 0x3ffe22dc-0x3ffe2303]
[    0.007304] No NUMA configuration found
[    0.007305] Faking a node at [mem 0x0000000000000000-0x000000003ffddfff]
[    0.007312] NODE_DATA(0) allocated [mem 0x3ecf8000-0x3ed22fff]
[    0.007450] Zone ranges:
[    0.007451]   DMA      [mem 0x0000000000001000-0x0000000000ffffff]
[    0.007453]   DMA32    [mem 0x0000000001000000-0x000000003ffddfff]
[    0.007455]   Normal   empty
[    0.007456]   Device   empty
[    0.007457] Movable zone start for each node
[    0.007458] Early memory node ranges
[    0.007459]   node   0: [mem 0x0000000000001000-0x000000000009efff]
[    0.007460]   node   0: [mem 0x0000000000100000-0x000000003ffddfff]
[    0.007462] Initmem setup node 0 [mem 0x0000000000001000-0x000000003ffddfff]
[    0.007701] On node 0, zone DMA: 1 pages in unavailable ranges
[    0.007713] On node 0, zone DMA: 97 pages in unavailable ranges
[    0.010116] On node 0, zone DMA32: 34 pages in unavailable ranges
[    0.010523] ACPI: PM-Timer IO Port: 0x608
[    0.010541] ACPI: LAPIC_NMI (acpi_id[0xff] dfl dfl lint[0x1])
[    0.010584] IOAPIC[0]: apic_id 0, version 17, address 0xfec00000, GSI 0-23
[    0.010587] ACPI: INT_SRC_OVR (bus 0 bus_irq 0 global_irq 2 dfl dfl)
[    0.010589] ACPI: INT_SRC_OVR (bus 0 bus_irq 5 global_irq 5 high level)
[    0.010590] ACPI: INT_SRC_OVR (bus 0 bus_irq 9 global_irq 9 high level)
[    0.010592] ACPI: INT_SRC_OVR (bus 0 bus_irq 10 global_irq 10 high level)
[    0.010593] ACPI: INT_SRC_OVR (bus 0 bus_irq 11 global_irq 11 high level)
[    0.010597] ACPI: Using ACPI (MADT) for SMP configuration information
[    0.010598] ACPI: HPET id: 0x8086a201 base: 0xfed00000
[    0.010602] TSC deadline timer available
[    0.010603] smpboot: Allowing 1 CPUs, 0 hotplug CPUs
[    0.010622] kvm-guest: APIC: eoi() replaced with kvm_guest_apic_eoi_write()
[    0.010655] PM: hibernation: Registered nosave memory: [mem 0x00000000-0x00000fff]
[    0.010657] PM: hibernation: Registered nosave memory: [mem 0x0009f000-0x000fffff]
[    0.010659] [mem 0x40000000-0xafffffff] available for PCI devices
[    0.010661] Booting paravirtualized kernel on KVM
[    0.010663] clocksource: refined-jiffies: mask: 0xffffffff max_cycles: 0xffffffff, max_idle_ns: 1910969940391419 ns
[    0.010669] setup_percpu: NR_CPUS:8192 nr_cpumask_bits:1 nr_cpu_ids:1 nr_node_ids:1
[    0.011121] percpu: Embedded 86 pages/cpu s229376 r8192 d114688 u2097152
[    0.011165] kvm-guest: PV spinlocks disabled, single CPU
[    0.011167] Kernel command line: console=ttyS0 panic=-1 no_console_suspend rdinit=/init
[    0.011249] random: crng init done
[    0.011326] Dentry cache hash table entries: 131072 (order: 8, 1048576 bytes, linear)
[    0.011377] Inode-cache hash table entries: 65536 (order: 7, 524288 bytes, linear)
[    0.011420] Fallback order for Node 0: 0 
[    0.011424] Built 1 zonelists, mobility grouping on.  Total pages: 257758
[    0.011425] Policy zone: DMA32
[    0.011432] mem auto-init: stack:all(zero), heap alloc:on, heap free:off
[    0.013859] Memory: 956224K/1048048K available (22528K kernel code, 4439K rwdata, 14400K rodata, 4920K init, 4788K bss, 91564K reserved, 0K cma-reserved)
[    0.014693] SLUB: HWalign=64, Order=0-3, MinObjects=0, CPUs=1, Nodes=1
[    0.014716] ftrace: allocating 58250 entries in 228 pages
[    0.024505] ftrace: allocated 228 pages with 4 groups
[    0.025491] Dynamic Preempt: voluntary
[    0.025789] rcu: Preemptible hierarchical RCU implementation.
[    0.025791] rcu: 	RCU restricting CPUs from NR_CPUS=8192 to nr_cpu_ids=1.
[    0.025793] 	Trampoline variant of Tasks RCU enabled.
[    0.025794] 	Rude variant of Tasks RCU enabled.
[    0.025794] 	Tracing variant of Tasks RCU enabled.
[    0.025795] rcu: RCU calculated value of scheduler-enlistment delay is 100 jiffies.
[    0.025796] rcu: Adjusting geometry for rcu_fanout_leaf=16, nr_cpu_ids=1
[    0.025806] RCU Tasks: Setting shift to 0 and lim to 1 rcu_task_cb_adjust=1 rcu_task_cpu_ids=1.
[    0.025808] RCU Tasks Rude: Setting shift to 0 and lim to 1 rcu_task_cb_adjust=1 rcu_task_cpu_ids=1.
[    0.025809] RCU Tasks Trace: Setting shift to 0 and lim to 1 rcu_task_cb_adjust=1 rcu_task_cpu_ids=1.
[    0.029384] NR_IRQS: 524544, nr_irqs: 256, preallocated irqs: 16
[    0.029605] rcu: srcu_init: Setting srcu_struct sizes based on contention.
[    0.039053] Console: colour VGA+ 80x25
[    0.039094] printk: legacy console [ttyS0] enabled
[    0.109820] ACPI: Core revision 20230628
[    0.110540] clocksource: hpet: mask: 0xffffffff max_cycles: 0xffffffff, max_idle_ns: 19112604467 ns
[    0.111529] APIC: Switch to symmetric I/O mode setup
[    0.112236] x2apic enabled
[    0.112887] APIC: Switched APIC routing to: physical x2apic
[    0.114422] ..TIMER: vector=0x30 apic1=0 pin1=2 apic2=-1 pin2=-1
[    0.115035] clocksource: tsc-early: mask: 0xffffffffffffffff max_cycles: 0x28680fa287f, max_idle_ns: 440795281151 ns
[    0.116040] Calibrating delay loop (skipped) preset value.. 5606.40 BogoMIPS (lpj=2803200)
[    0.117191] x86/cpu: User Mode Instruction Prevention (UMIP) activated
[    0.118152] Last level iTLB entries: 4KB 0, 2MB 0, 4MB 0
[    0.118681] Last level dTLB entries: 4KB 0, 2MB 0, 4MB 0, 1GB 0
[    0.119046] Spectre V1 : Mitigation: usercopy/swapgs barriers and __user pointer sanitization
[    0.120043] Spectre V2 : Spectre BHI mitigation: SW BHB clearing on vm exit
[    0.121037] Spectre V2 : Spectre BHI mitigation: SW BHB clearing on syscall
[    0.121647] Spectre V2 : Mitigation: Enhanced / Automatic IBRS
[    0.122037] Spectre V2 : Spectre v2 / PBRSB-eIBRS: Retire a single CALL on VMEXIT
[    0.122691] Spectre V2 : mitigation: Enabling conditional Indirect Branch Prediction Barrier
[    0.123038] Speculative Store Bypass: Mitigation: Speculative Store Bypass disabled via prctl
[    0.124037] ITS: WARNING: ITS mitigation depends on retpoline and rethunk support
[    0.125037] ITS: Vulnerable
[    0.125319] x86/fpu: Supporting XSAVE feature 0x001: 'x87 floating point registers'
[    0.126037] x86/fpu: Supporting XSAVE feature 0x002: 'SSE registers'
[    0.126604] x86/fpu: Supporting XSAVE feature 0x004: 'AVX registers'
[    0.127038] x86/fpu: Supporting XSAVE feature 0x020: 'AVX-512 opmask'
[    0.128038] x86/fpu: Supporting XSAVE feature 0x040: 'AVX-512 Hi256'
[    0.128632] x86/fpu: Supporting XSAVE feature 0x080: 'AVX-512 ZMM_Hi256'
[    0.129037] x86/fpu: Supporting XSAVE feature 0x200: 'Protection Keys User registers'
[    0.130037] x86/fpu: xstate_offset[2]:  576, xstate_sizes[2]:  256
[    0.130887] x86/fpu: xstate_offset[5]:  832, xstate_sizes[5]:   64
[    0.131039] x86/fpu: xstate_offset[6]:  896, xstate_sizes[6]:  512
[    0.132037] x86/fpu: xstate_offset[7]: 1408, xstate_sizes[7]: 1024
[    0.132585] x86/fpu: xstate_offset[9]: 2432, xstate_sizes[9]:    8
[    0.133037] x86/fpu: Enabled xstate features 0x2e7, context size is 2440 bytes, using 'compacted' format.
[    0.166282] Freeing SMP alternatives memory: 48K
[    0.166922] pid_max: default: 32768 minimum: 301
[    0.167106] LSM: initializing lsm=lockdown,capability,landlock,yama,apparmor,integrity
[    0.168068] landlock: Up and running.
[    0.169039] Yama: becoming mindful.
[    0.169533] AppArmor: AppArmor initialized
[    0.170072] Mount-cache hash table entries: 2048 (order: 2, 16384 bytes, linear)
[    0.170740] Mountpoint-cache hash table entries: 2048 (order: 2, 16384 bytes, linear)
[    0.172232] smpboot: CPU0: 11th Gen Intel(R) Core(TM) i7-1165G7 @ 2.80GHz (family: 0x6, model: 0x8c, stepping: 0x1)
[    0.173514] Performance Events: Icelake events, full-width counters, Intel PMU driver.
[    0.174043] ... version:                2
[    0.174467] ... bit width:              48
[    0.174830] ... generic registers:      8
[    0.175040] ... value mask:             0000ffffffffffff
[    0.175698] ... max period:             00007fffffffffff
[    0.176042] ... fixed-purpose events:   3
[    0.176597] ... event mask:             00000007000000ff
[    0.177189] signal: max sigframe size: 3632
[    0.177822] rcu: Hierarchical SRCU implementation.
[    0.178041] rcu: 	Max phase no-delay instances is 400.
[    0.179104] smp: Bringing up secondary CPUs ...
[    0.179566] smp: Brought up 1 node, 1 CPU
[    0.179938] smpboot: Max logical packages: 1
[    0.180040] smpboot: Total of 1 processors activated (5606.40 BogoMIPS)
[    0.180823] devtmpfs: initialized
[    0.181072] x86/mm: Memory block size: 128MB
[    0.181715] clocksource: jiffies: mask: 0xffffffff max_cycles: 0xffffffff, max_idle_ns: 1911260446275000 ns
[    0.182044] futex hash table entries: 256 (order: 2, 16384 bytes, linear)
[    0.182713] pinctrl core: initialized pinctrl subsystem
[    0.183167] PM: RTC time: 22:36:52, date: 2026-03-07
[    0.184310] NET: Registered PF_NETLINK/PF_ROUTE protocol family
[    0.184947] DMA: preallocated 128 KiB GFP_KERNEL pool for atomic allocations
[    0.185053] DMA: preallocated 128 KiB GFP_KERNEL|GFP_DMA pool for atomic allocations
[    0.185747] DMA: preallocated 128 KiB GFP_KERNEL|GFP_DMA32 pool for atomic allocations
[    0.186054] audit: initializing netlink subsys (disabled)
[    0.186589] audit: type=2000 audit(1772923012.752:1): state=initialized audit_enabled=0 res=1
[    0.187146] thermal_sys: Registered thermal governor 'fair_share'
[    0.187147] thermal_sys: Registered thermal governor 'bang_bang'
[    0.187803] thermal_sys: Registered thermal governor 'step_wise'
[    0.188039] thermal_sys: Registered thermal governor 'user_space'
[    0.188579] thermal_sys: Registered thermal governor 'power_allocator'
[    0.189053] cpuidle: using governor ladder
[    0.190040] cpuidle: using governor menu
[    0.190465] acpiphp: ACPI Hot Plug PCI Controller Driver version: 0.5
[    0.191186] PCI: ECAM [mem 0xb0000000-0xbfffffff] (base 0xb0000000) for domain 0000 [bus 00-ff]
[    0.191977] PCI: ECAM [mem 0xb0000000-0xbfffffff] reserved as E820 entry
[    0.192048] PCI: Using configuration type 1 for base access
[    0.192718] kprobes: kprobe jump-optimization is enabled. All kprobes are optimized if possible.
[    0.230085] HugeTLB: registered 1.00 GiB page size, pre-allocated 0 pages
[    0.230758] HugeTLB: 16380 KiB vmemmap can be freed for a 1.00 GiB page
[    0.231039] HugeTLB: registered 2.00 MiB page size, pre-allocated 0 pages
[    0.231772] HugeTLB: 28 KiB vmemmap can be freed for a 2.00 MiB page
[    0.234150] ACPI: Added _OSI(Module Device)
[    0.234544] ACPI: Added _OSI(Processor Device)
[    0.234948] ACPI: Added _OSI(Processor Aggregator Device)
[    0.236565] ACPI: 1 ACPI AML tables successfully acquired and loaded
[    0.237961] ACPI: _OSC evaluation for CPUs failed, trying _PDC
[    0.238153] ACPI: Interpreter enabled
[    0.238506] ACPI: PM: (supports S0 S3 S4 S5)
[    0.238937] ACPI: Using IOAPIC for interrupt routing
[    0.239119] PCI: Using host bridge windows from ACPI; if necessary, use "pci=nocrs" and report a bug
[    0.239988] PCI: Using E820 reservations for host bridge windows
[    0.240125] ACPI: Enabled 2 GPEs in block 00 to 3F
[    0.242220] ACPI: PCI Root Bridge [PCI0] (domain 0000 [bus 00-ff])
[    0.242788] acpi PNP0A08:00: _OSC: OS supports [ExtendedConfig ASPM ClockPM Segments MSI EDR HPX-Type3]
[    0.243093] acpi PNP0A08:00: _OSC: platform does not support [PCIeHotplug LTR DPC]
[    0.243846] acpi PNP0A08:00: _OSC: OS now controls [SHPCHotplug PME AER PCIeCapability]
[    0.244177] PCI host bridge to bus 0000:00
[    0.244545] pci_bus 0000:00: root bus resource [io  0x0000-0x0cf7 window]
[    0.245040] pci_bus 0000:00: root bus resource [io  0x0d00-0xffff window]
[    0.245666] pci_bus 0000:00: root bus resource [mem 0x000a0000-0x000bffff window]
[    0.246039] pci_bus 0000:00: root bus resource [mem 0x40000000-0xafffffff window]
[    0.246780] pci_bus 0000:00: root bus resource [mem 0xc0000000-0xfebfffff window]
[    0.247038] pci_bus 0000:00: root bus resource [mem 0x100000000-0x8ffffffff window]
[    0.247827] pci_bus 0000:00: root bus resource [bus 00-ff]
[    0.248114] pci 0000:00:00.0: [8086:29c0] type 00 class 0x060000 conventional PCI endpoint
[    0.249520] pci 0000:00:01.0: [1af4:1000] type 00 class 0x020000 conventional PCI endpoint
[    0.251047] pci 0000:00:01.0: BAR 0 [io  0xc040-0xc05f]
[    0.251556] pci 0000:00:01.0: BAR 4 [mem 0xfe800000-0xfe803fff 64bit pref]
[    0.252046] pci 0000:00:01.0: ROM [mem 0xfeb00000-0xfeb7ffff pref]
[    0.253157] pci 0000:00:02.0: [1af4:1050] type 00 class 0x030000 conventional PCI endpoint
[    0.254758] pci 0000:00:02.0: BAR 0 [mem 0xfe000000-0xfe7fffff pref]
[    0.255065] pci 0000:00:02.0: BAR 2 [mem 0xfe804000-0xfe807fff 64bit pref]
[    0.255877] pci 0000:00:02.0: BAR 4 [mem 0xfeb94000-0xfeb94fff]
[    0.256050] pci 0000:00:02.0: ROM [mem 0xfeb80000-0xfeb8ffff pref]
[    0.256654] pci 0000:00:02.0: Video device with shadowed ROM at [mem 0x000c0000-0x000dffff]
[    0.257532] pci 0000:00:03.0: [1b36:000d] type 00 class 0x0c0330 PCIe Root Complex Integrated Endpoint
[    0.258586] pci 0000:00:03.0: BAR 0 [mem 0xfeb90000-0xfeb93fff 64bit]
[    0.268568] pci 0000:00:1f.0: [8086:2918] type 00 class 0x060100 conventional PCI endpoint
[    0.269328] pci 0000:00:1f.0: quirk: [io  0x0600-0x067f] claimed by ICH6 ACPI/GPIO/TCO
[    0.270257] pci 0000:00:1f.2: [8086:2922] type 00 class 0x010601 conventional PCI endpoint
[    0.272067] pci 0000:00:1f.2: BAR 4 [io  0xc060-0xc07f]
[    0.272553] pci 0000:00:1f.2: BAR 5 [mem 0xfeb95000-0xfeb95fff]
[    0.273333] pci 0000:00:1f.3: [8086:2930] type 00 class 0x0c0500 conventional PCI endpoint
[    0.274680] pci 0000:00:1f.3: BAR 4 [io  0x0700-0x073f]
[    0.275374] ACPI: PCI: Interrupt link LNKA configured for IRQ 10
[    0.275983] ACPI: PCI: Interrupt link LNKB configured for IRQ 10
[    0.276112] ACPI: PCI: Interrupt link LNKC configured for IRQ 11
[    0.276700] ACPI: PCI: Interrupt link LNKD configured for IRQ 11
[    0.277104] ACPI: PCI: Interrupt link LNKE configured for IRQ 10
[    0.277754] ACPI: PCI: Interrupt link LNKF configured for IRQ 10
[    0.278102] ACPI: PCI: Interrupt link LNKG configured for IRQ 11
[    0.278709] ACPI: PCI: Interrupt link LNKH configured for IRQ 11
[    0.279063] ACPI: PCI: Interrupt link GSIA configured for IRQ 16
[    0.279602] ACPI: PCI: Interrupt link GSIB configured for IRQ 17
[    0.280048] ACPI: PCI: Interrupt link GSIC configured for IRQ 18
[    0.280589] ACPI: PCI: Interrupt link GSID configured for IRQ 19
[    0.281063] ACPI: PCI: Interrupt link GSIE configured for IRQ 20
[    0.282020] ACPI: PCI: Interrupt link GSIF configured for IRQ 21
[    0.282059] ACPI: PCI: Interrupt link GSIG configured for IRQ 22
[    0.282863] ACPI: PCI: Interrupt link GSIH configured for IRQ 23
[    0.283489] iommu: Default domain type: Translated
[    0.283928] iommu: DMA domain TLB invalidation policy: lazy mode
[    0.284168] SCSI subsystem initialized
[    0.284554] ACPI: bus type USB registered
[    0.284932] usbcore: registered new interface driver usbfs
[    0.285043] usbcore: registered new interface driver hub
[    0.285605] usbcore: registered new device driver usb
[    0.286094] pps_core: LinuxPPS API ver. 1 registered
[    0.286790] pps_core: Software ver. 5.3.6 - Copyright 2005-2007 Rodolfo Giometti <giometti@linux.it>
[    0.287055] PTP clock support registered
[    0.287665] EDAC MC: Ver: 3.0.0
[    0.288507] NetLabel: Initializing
[    0.288836] NetLabel:  domain hash size = 128
[    0.289039] NetLabel:  protocols = UNLABELED CIPSOv4 CALIPSO
[    0.289589] NetLabel:  unlabeled traffic allowed by default
[    0.290083] mctp: management component transport protocol core
[    0.290616] NET: Registered PF_MCTP protocol family
[    0.291043] PCI: Using ACPI for IRQ routing
[    0.420823] pci 0000:00:02.0: vgaarb: setting as boot VGA device
[    0.421036] pci 0000:00:02.0: vgaarb: bridge control possible
[    0.421036] pci 0000:00:02.0: vgaarb: VGA device added: decodes=io+mem,owns=io+mem,locks=none
[    0.421042] vgaarb: loaded
[    0.421398] hpet0: at MMIO 0xfed00000, IRQs 2, 8, 0
[    0.421840] hpet0: 3 comparators, 64-bit 100.000000 MHz counter
[    0.426077] clocksource: Switched to clocksource kvm-clock
[    0.427086] VFS: Disk quotas dquot_6.6.0
[    0.427468] VFS: Dquot-cache hash table entries: 512 (order 0, 4096 bytes)
[    0.428241] AppArmor: AppArmor Filesystem Enabled
[    0.428875] pnp: PnP ACPI init
[    0.429295] system 00:05: [mem 0xb0000000-0xbfffffff window] has been reserved
[    0.430272] pnp: PnP ACPI: found 6 devices
[    0.436250] clocksource: acpi_pm: mask: 0xffffff max_cycles: 0xffffff, max_idle_ns: 2085701024 ns
[    0.437593] NET: Registered PF_INET protocol family
[    0.438299] IP idents hash table entries: 16384 (order: 5, 131072 bytes, linear)
[    0.452681] tcp_listen_portaddr_hash hash table entries: 512 (order: 1, 8192 bytes, linear)
[    0.453522] Table-perturb hash table entries: 65536 (order: 6, 262144 bytes, linear)
[    0.454231] TCP established hash table entries: 8192 (order: 4, 65536 bytes, linear)
[    0.454948] TCP bind hash table entries: 8192 (order: 6, 262144 bytes, linear)
[    0.455618] TCP: Hash tables configured (established 8192 bind 8192)
[    0.456370] MPTCP token hash table entries: 1024 (order: 2, 24576 bytes, linear)
[    0.457131] UDP hash table entries: 512 (order: 2, 16384 bytes, linear)
[    0.457758] UDP-Lite hash table entries: 512 (order: 2, 16384 bytes, linear)
[    0.458448] NET: Registered PF_UNIX/PF_LOCAL protocol family
[    0.458974] NET: Registered PF_XDP protocol family
[    0.459408] pci_bus 0000:00: resource 4 [io  0x0000-0x0cf7 window]
[    0.459969] pci_bus 0000:00: resource 5 [io  0x0d00-0xffff window]
[    0.460522] pci_bus 0000:00: resource 6 [mem 0x000a0000-0x000bffff window]
[    0.461163] pci_bus 0000:00: resource 7 [mem 0x40000000-0xafffffff window]
[    0.461828] pci_bus 0000:00: resource 8 [mem 0xc0000000-0xfebfffff window]
[    0.462476] pci_bus 0000:00: resource 9 [mem 0x100000000-0x8ffffffff window]
[    0.463343] ACPI: \_SB_.GSIH: Enabled at IRQ 23
[    0.464337] PCI: CLS 0 bytes, default 64
[    0.464835] Trying to unpack rootfs image as initramfs...
[    0.466482] clocksource: tsc: mask: 0xffffffffffffffff max_cycles: 0x28680fa287f, max_idle_ns: 440795281151 ns
[    0.468696] Initialise system trusted keyrings
[    0.469126] Key type blacklist registered
[    0.470478] workingset: timestamp_bits=36 max_order=18 bucket_order=0
[    0.471098] zbud: loaded
[    0.472655] squashfs: version 4.0 (2009/01/31) Phillip Lougher
[    0.474471] fuse: init (API version 7.39)
[    0.474959] integrity: Platform Keyring initialized
[    0.475401] integrity: Machine keyring initialized
[    0.497494] Key type asymmetric registered
[    0.497978] Asymmetric key parser 'x509' registered
[    0.499450] Block layer SCSI generic (bsg) driver version 0.4 loaded (major 243)
[    0.500566] io scheduler mq-deadline registered
[    0.502539] shpchp: Standard Hot Plug PCI Controller Driver version: 0.4
[    0.503376] input: Power Button as /devices/LNXSYSTM:00/LNXPWRBN:00/input/input0
[    0.505592] ACPI: button: Power Button [PWRF]
[    0.506837] ACPI: \_SB_.GSIF: Enabled at IRQ 21
[    0.509144] ACPI: \_SB_.GSIG: Enabled at IRQ 22
[    0.513592] Serial: 8250/16550 driver, 32 ports, IRQ sharing enabled
[    0.560745] 00:03: ttyS0 at I/O 0x3f8 (irq = 4, base_baud = 115200) is a 16550A
[    0.565954] Linux agpgart interface v0.103
[    0.570619] loop: module loaded
[    0.571307] ACPI: bus type drm_connector registered
[    0.572759] tun: Universal TUN/TAP device driver, 1.6
[    0.576452] PPP generic driver version 2.4.2
[    0.576968] i8042: PNP: PS/2 Controller [PNP0303:KBD,PNP0f13:MOU] at 0x60,0x64 irq 1,12
[    0.579020] serio: i8042 KBD port at 0x60,0x64 irq 1
[    0.580533] serio: i8042 AUX port at 0x60,0x64 irq 12
[    0.581131] mousedev: PS/2 mouse device common for all mice
[    0.582913] input: AT Translated Set 2 keyboard as /devices/platform/i8042/serio0/input/input1
[    0.583875] rtc_cmos 00:04: RTC can wake from S4
[    0.585689] rtc_cmos 00:04: registered as rtc0
[    0.586282] rtc_cmos 00:04: setting system clock to 2026-03-07T22:36:52 UTC (1772923012)
[    0.588555] rtc_cmos 00:04: alarms up to one day, y3k, 242 bytes nvram, hpet irqs
[    0.591491] i2c_dev: i2c /dev entries driver
[    0.591923] device-mapper: core: CONFIG_IMA_DISABLE_HTABLE is disabled. Duplicate IMA measurements will not be recorded in the IMA log.
[    0.594647] device-mapper: uevent: version 1.0.3
[    0.595162] device-mapper: ioctl: 4.48.0-ioctl (2023-03-01) initialised: dm-devel@redhat.com
[    0.595954] intel_pstate: CPU model not supported
[    0.597470] ledtrig-cpu: registered to indicate activity on CPUs
[    0.598138] drop_monitor: Initializing network drop monitor service
[    0.599575] NET: Registered PF_INET6 protocol family
[    0.790463] Freeing initrd memory: 19124K
[    0.791055] Segment Routing with IPv6
[    0.791402] In-situ OAM (IOAM) with IPv6
[    0.791806] NET: Registered PF_PACKET protocol family
[    0.792285] Key type dns_resolver registered
[    0.792825] IPI shorthand broadcast: enabled
[    0.794799] sched_clock: Marking stable (711006223, 83421196)->(818479262, -24051843)
[    0.795703] registered taskstats version 1
[    0.796149] Loading compiled-in X.509 certificates
[    0.797246] Loaded X.509 cert 'Build time autogenerated kernel key: 7f71bdefc17a4d88631555bf9efbb1c93d6f5260'
[    0.798753] Loaded X.509 cert 'Canonical Ltd. Live Patch Signing 2025 Kmod: d541cef61dc7e793b7eb7e899970a2eef0b5dc8c'
[    0.800203] Loaded X.509 cert 'Canonical Ltd. Live Patch Signing: 14df34d1a87cf37625abec039ef2bf521249b969'
[    0.801585] Loaded X.509 cert 'Canonical Ltd. Kernel Module Signing: 88f752e560a1e0737e31163a466ad7b70a850c19'
[    0.802497] blacklist: Loading compiled-in revocation X.509 certificates
[    0.803364] Loaded X.509 cert 'Canonical Ltd. Secure Boot Signing: 61482aa2830d0ab2ad5af10b7250da9033ddcef0'
[    0.804317] Loaded X.509 cert 'Canonical Ltd. Secure Boot Signing (2017): 242ade75ac4a15e50d50c84b0d45ff3eae707a03'
[    0.805266] Loaded X.509 cert 'Canonical Ltd. Secure Boot Signing (ESM 2018): 365188c1d374d6b07c3c8f240f8ef722433d6a8b'
[    0.806242] Loaded X.509 cert 'Canonical Ltd. Secure Boot Signing (2019): c0746fd6c5da3ae827864651ad66ae47fe24b3e8'
[    0.807260] Loaded X.509 cert 'Canonical Ltd. Secure Boot Signing (2021 v1): a8d54bbb3825cfb94fa13c9f8a594a195c107b8d'
[    0.808294] Loaded X.509 cert 'Canonical Ltd. Secure Boot Signing (2021 v2): 4cf046892d6fd3c9a5b03f98d845f90851dc6a8c'
[    0.809263] Loaded X.509 cert 'Canonical Ltd. Secure Boot Signing (2021 v3): 100437bb6de6e469b581e61cd66bce3ef4ed53af'
[    0.810232] Loaded X.509 cert 'Canonical Ltd. Secure Boot Signing (Ubuntu Core 2019): c1d57b8f6b743f23ee41f4f7ee292f06eecadfb9'
[    0.814249] Key type .fscrypt registered
[    0.814660] Key type fscrypt-provisioning registered
[    0.815394] Key type encrypted registered
[    0.815791] AppArmor: AppArmor sha256 policy hashing enabled
[    0.816305] ima: No TPM chip found, activating TPM-bypass!
[    0.816818] Loading compiled-in module X.509 certificates
[    0.817838] Loaded X.509 cert 'Build time autogenerated kernel key: 7f71bdefc17a4d88631555bf9efbb1c93d6f5260'
[    0.818743] ima: Allocated hash algorithm: sha256
[    0.819175] ima: No architecture policies found
[    0.819615] evm: Initialising EVM extended attributes:
[    0.820105] evm: security.selinux
[    0.820407] evm: security.SMACK64
[    0.820723] evm: security.SMACK64EXEC
[    0.821053] evm: security.SMACK64TRANSMUTE
[    0.821429] evm: security.SMACK64MMAP
[    0.821769] evm: security.apparmor
[    0.822084] evm: security.ima
[    0.822356] evm: security.capability
[    0.822804] evm: HMAC attrs: 0x1
[    0.823319] PM:   Magic number: 2:423:653
[    0.823741] vc vcsu1: hash matches
[    0.826552] RAS: Correctable Errors collector initialized.
[    0.827136] clk: Disabling unused clocks
[    0.835878] Freeing unused decrypted memory: 2028K
[    0.836757] Freeing unused kernel image (initmem) memory: 4920K
[    0.837143] Write protecting the kernel read-only data: 38912k
[    0.838033] Freeing unused kernel image (rodata/data gap) memory: 1984K
[    0.849769] x86/mm: Checked W+X mappings: passed, no W+X pages found.
[    0.850218] Run /init as init process
[init-phase2] booted
[init-phase2] loading module=/lib/modules/6.8.0-101-generic/kernel/drivers/virtio/virtio_dma_buf.ko
[init-phase2] loading module=/lib/modules/6.8.0-101-generic/kernel/drivers/gpu/drm/virtio/virtio-gpu.ko
[    0.858744] [drm] pci: virtio-vga detected at 0000:00:02.0
[    0.859138] virtio-pci 0000:00:02.0: vgaarb: deactivate vga console
[    0.866312] Console: switching to colour dummy device 80x25
[    0.866861] [drm] features: -virgl +edid -resource_blob -host_visible
[    0.866863] [drm] features: -context_init
[    0.868010] [drm] number of scanouts: 1
[    0.868261] [drm] number of cap sets: 0
[    0.868713] [drm] Initialized virtio_gpu 0.1.0 0 for 0000:00:02.0 on minor 0
[    0.871449] fbcon: virtio_gpudrmfb (fb0) is primary device
[    0.874629] Console: switching to colour frame buffer device 160x50
[    0.876521] virtio-pci 0000:00:02.0: [drm] fb0: virtio_gpudrmfb frame buffer device
[init-phase2] loading module=/lib/modules/6.8.0-101-generic/kernel/drivers/hid/hid.ko
[    0.882486] hid: raw HID events driver (C) Jiri Kosina
[init-phase2] loading module=/lib/modules/6.8.0-101-generic/kernel/drivers/hid/hid-generic.ko
[init-phase2] loading module=/lib/modules/6.8.0-101-generic/kernel/drivers/hid/usbhid/usbhid.ko
[    0.886628] usbcore: registered new interface driver usbhid
[    0.887123] usbhid: USB HID core driver
[init-phase2] loading module=/lib/modules/6.8.0-101-generic/kernel/drivers/hid/usbhid/usbkbd.ko
[    0.888938] usbcore: registered new interface driver usbkbd
[init-phase2] loading module=/lib/modules/6.8.0-101-generic/kernel/drivers/hid/usbhid/usbmouse.ko
[    0.890827] usbcore: registered new interface driver usbmouse
[init-phase2] loading module=/lib/modules/6.8.0-101-generic/kernel/drivers/input/mouse/psmouse.ko
[    0.895737] input: VirtualPS/2 VMware VMMouse as /devices/platform/i8042/serio1/input/input4
[    0.896449] input: VirtualPS/2 VMware VMMouse as /devices/platform/i8042/serio1/input/input3
[init-phase2] loading module=/lib/modules/6.8.0-101-generic/kernel/drivers/usb/host/xhci-pci-renesas.ko
[init-phase2] loading module=/lib/modules/6.8.0-101-generic/kernel/drivers/usb/host/xhci-pci.ko
[    0.901002] xhci_hcd 0000:00:03.0: xHCI Host Controller
[    0.901340] xhci_hcd 0000:00:03.0: new USB bus registered, assigned bus number 1
[    0.902018] xhci_hcd 0000:00:03.0: hcc params 0x00087001 hci version 0x100 quirks 0x0000000000000010
[    0.903146] xhci_hcd 0000:00:03.0: xHCI Host Controller
[    0.903638] xhci_hcd 0000:00:03.0: new USB bus registered, assigned bus number 2
[    0.904105] xhci_hcd 0000:00:03.0: Host supports USB 3.0 SuperSpeed
[    0.904587] usb usb1: New USB device found, idVendor=1d6b, idProduct=0002, bcdDevice= 6.08
[    0.905107] usb usb1: New USB device strings: Mfr=3, Product=2, SerialNumber=1
[    0.905577] usb usb1: Product: xHCI Host Controller
[    0.905894] usb usb1: Manufacturer: Linux 6.8.0-101-generic xhci-hcd
[    0.906343] usb usb1: SerialNumber: 0000:00:03.0
[    0.906796] hub 1-0:1.0: USB hub found
[    0.907058] hub 1-0:1.0: 4 ports detected
[    0.907465] usb usb2: We don't know the algorithms for LPM for this host, disabling LPM.
[    0.908026] usb usb2: New USB device found, idVendor=1d6b, idProduct=0003, bcdDevice= 6.08
[    0.908539] usb usb2: New USB device strings: Mfr=3, Product=2, SerialNumber=1
[    0.908989] usb usb2: Product: xHCI Host Controller
[    0.909290] usb usb2: Manufacturer: Linux 6.8.0-101-generic xhci-hcd
[    0.909690] usb usb2: SerialNumber: 0000:00:03.0
[    0.910039] hub 2-0:1.0: USB hub found
[    0.910298] hub 2-0:1.0: 4 ports detected
Starting systemd-udevd version 255.4-1ubuntu8.8
total 0
drwxr-xr-x    2 root     root            80 Mar  7 22:36 by-path
crw-rw----    1 root     video     226,   0 Mar  7 22:36 card0
crw-rw----    1 root     root      226, 128 Mar  7 22:36 renderD128
total 0
drwxr-xr-x    2 root     root           100 Mar  7 22:36 by-path
crw-rw----    1 root     input      13,  64 Mar  7 22:36 event0
crw-rw----    1 root     input      13,  65 Mar  7 22:36 event1
crw-rw----    1 root     input      13,  66 Mar  7 22:36 event2
crw-rw----    1 root     input      13,  67 Mar  7 22:36 event3
crw-rw----    1 root     input      13,  63 Mar  7 22:36 mice
crw-rw----    1 root     input      13,  32 Mar  7 22:36 mouse0
crw-rw----    1 root     input      13,  33 Mar  7 22:36 mouse1
[init-phase2] evdev_probe pid=120
[init-phase2] seatd pid=122
[init-phase2] weston pid=123
@@EVDEV open path=/dev/input/event3 name=VirtualPS/2 VMware VMMouse
@@EVDEV open path=/dev/input/event2 name=VirtualPS/2 VMware VMMouse
@@EVDEV open path=/dev/input/event1 name=AT Translated Set 2 keyboard
@@EVDEV open path=/dev/input/event0 name=Power Button
[init-phase2] wayland ready
Date: 2026-03-07 UTC
[22:36:52.882] weston 13.0.0
               https://wayland.freedesktop.org
               Bug reports to: https://gitlab.freedesktop.org/wayland/weston/issues/
               Build: 13.0.0
[22:36:52.882] Command line: /usr/bin/weston --backend=drm --renderer=pixman --shell=kiosk-shell.so --socket=wayland-1 --continue-without-input --log=/var/log/weston.log
[22:36:52.882] OS: Linux, 6.8.0-101-generic, #101-Ubuntu SMP PREEMPT_DYNAMIC Mon Feb  9 10:15:05 UTC 2026, x86_64
[22:36:52.882] Flight recorder: enabled
[22:36:52.882] Using config file '/etc/xdg/weston/weston.ini'
[22:36:52.882] Output repaint window is 7 ms maximum.
[22:36:52.882] Loading module '/usr/lib/x86_64-linux-gnu/libweston-13/drm-backend.so'
[22:36:52.883] initializing drm backend
[22:36:52.883] Trying libseat launcher...
[22:36:52.883] [libseat/libseat.c:62] Seat opened with backend 'seatd'
[22:36:52.883] [libseat/backend/seatd.c:212] Enabling seat
[22:36:52.883] libseat: session control granted
[22:36:52.883] using /dev/dri/card0
[22:36:52.883] DRM: supports atomic modesetting
[22:36:52.883] DRM: does not support GBM modifiers
[22:36:52.883] DRM: does not support async page flipping
[22:36:52.883] DRM: supports picture aspect ratio
[22:36:52.883] Using Pixman renderer
[22:36:52.885] event0  - Power Button: is tagged by udev as: Keyboard
[22:36:52.886] event0  - Power Button: device is a keyboard
[22:36:52.886] event1  - AT Translated Set 2 keyboard: is tagged by udev as: Keyboard
[22:36:52.886] event1  - AT Translated Set 2 keyboard: device is a keyboard
[22:36:52.887] event3  - VirtualPS/2 VMware VMMouse: is tagged by udev as: Mouse
[22:36:52.887] event3  - VirtualPS/2 VMware VMMouse: device is a pointer
[22:36:52.888] event2  - VirtualPS/2 VMware VMMouse: is tagged by udev as: Mouse
[22:36:52.888] event2  - VirtualPS/2 VMware VMMouse: device is a pointer
[22:36:52.891] libinput: configuring device "Power Button".
[22:36:52.891] libinput: configuring device "AT Translated Set 2 keyboard".
[22:36:52.891] libinput: configuring device "VirtualPS/2 VMware VMMouse".
[22:36:52.891] libinput: configuring device "VirtualPS/2 VMware VMMouse".
[22:36:52.891] input device event2 has no enabled output associated (none named), skipping calibration for now.
[22:36:52.891] DRM: head 'Virtual-1' found, connector 36 is connected, EDID make 'RHT', model 'QEMU Monitor', serial ''
               Supported EOTF modes: SDR
[22:36:52.891] Registered plugin API 'weston_drm_output_api_v1' of size 40
[22:36:52.891] Registered plugin API 'weston_drm_virtual_output_api_v2' of size 48
[22:36:52.891] Color manager: no-op
[22:36:52.891] Output 'Virtual-1' attempts EOTF mode: SDR
[22:36:52.891] Output 'Virtual-1' using color profile: stock sRGB color profile
[22:36:52.894] DRM: output Virtual-1 uses shadow framebuffer.
[22:36:52.894] Output Virtual-1 (crtc 35) video modes:
               1280x800@75.0, preferred, current, 107.3 MHz
               5120x2160@50.0 64:27, 742.5 MHz
               4096x2160@50.0 256:135, 594.0 MHz
               3840x2160@60.0 16:9, 594.0 MHz
               3840x2160@59.9 16:9, 593.4 MHz
               3840x2160@50.0 16:9, 594.0 MHz
               1920x1440@60.0, 234.0 MHz
               2560x1080@50.0 64:27, 185.6 MHz
               1856x1392@60.0, 218.2 MHz
               1792x1344@60.0, 204.8 MHz
               2048x1152@60.0, 162.0 MHz
               1920x1200@59.9, 193.2 MHz
               1920x1080@60.0, 148.5 MHz
               1920x1080@50.0 16:9, 148.5 MHz
               1600x1200@60.0, 162.0 MHz
               1680x1050@60.0, 146.2 MHz
               1400x1050@60.0, 121.8 MHz
               1280x1024@60.0, 108.0 MHz
               1440x900@59.9, 106.5 MHz
               1280x960@60.0, 108.0 MHz
               1360x768@60.0, 85.5 MHz
               1280x768@59.9, 79.5 MHz
               1024x768@60.0, 65.0 MHz
               800x600@60.3, 40.0 MHz
               640x480@60.0 4:3, 25.2 MHz
               640x480@59.9, 25.2 MHz
[22:36:52.894] associating input device event0 with output Virtual-1 (none by udev)
[22:36:52.894] associating input device event1 with output Virtual-1 (none by udev)
[22:36:52.894] associating input device event3 with output Virtual-1 (none by udev)
[22:36:52.894] associating input device event2 with output Virtual-1 (none by udev)
[22:36:52.894] Output 'Virtual-1' enabled with head(s) Virtual-1
[22:36:52.894] Compositor capabilities:
               arbitrary surface rotation: yes
               screen capture uses y-flip: no
               cursor planes: yes
               arbitrary resolutions: no
               view mask clipping: yes
               explicit sync: no
               color operations: no
               presentation clock: CLOCK_MONOTONIC, id 1
               presentation clock resolution: 0.000000001 s
[22:36:52.894] Loading module '/usr/lib/x86_64-linux-gnu/weston/kiosk-shell.so'
[init-phase2] launching client=/bin/wl_sleepdemo
@@LOG kind=state global name=1 interface=wl_compositor version=5
@@LOG kind=state global name=2 interface=wl_subcompositor version=1
@@LOG kind=state global name=3 interface=wp_viewporter version=1
@@LOG kind=state global name=4 interface=zxdg_output_manager_v1 version=2
@@LOG kind=state global name=5 interface=wp_presentation version=1
@@LOG kind=state global name=6 interface=wp_single_pixel_buffer_manager_v1 version=1
@@LOG kind=state global name=7 interface=wp_tearing_control_manager_v1 version=1
@@LOG kind=state global name=8 interface=zwp_relative_pointer_manager_v1 version=1
@@LOG kind=state global name=9 interface=zwp_pointer_constraints_v1 version=1
@@LOG kind=state global name=10 interface=zwp_input_timestamps_manager_v1 version=1
@@LOG kind=state global name=11 interface=weston_capture_v1 version=1
@@LOG kind=state global name=12 interface=wl_data_device_manager version=3
@@LOG kind=state global name=13 interface=wl_shm version=1
@@LOG kind=state global name=14 interface=wl_seat version=7
@@LOG kind=state global name=15 interface=weston_content_protection version=1
@@LOG kind=state global name=16 interface=wl_output version=4
@@LOG kind=state global name=17 interface=xdg_wm_base version=5
@@LOG kind=state seat-listener-added
@@LOG kind=state keyboard-bound-fallback
@@LOG kind=state pointer-bound-fallback
@@LOG kind=state socket-hup
[    1.148496] usb 1-1: new high-speed USB device number 2 using xhci_hcd
[    1.274795] usb 1-1: New USB device found, idVendor=0627, idProduct=0001, bcdDevice= 0.00
[    1.275275] usb 1-1: New USB device strings: Mfr=1, Product=4, SerialNumber=11
[    1.275693] usb 1-1: Product: QEMU USB Keyboard
[    1.275952] usb 1-1: Manufacturer: QEMU
[    1.276173] usb 1-1: SerialNumber: 68284-0000:00:03.0-1
[    1.277697] input: QEMU QEMU USB Keyboard as /devices/pci0000:00/0000:00:03.0/usb1/1-1/1-1:1.0/0003:0627:0001.0001/input/input5
[    1.330706] hid-generic 0003:0627:0001.0001: input,hidraw0: USB HID v1.11 Keyboard [QEMU QEMU USB Keyboard] on usb-0000:00:03.0-1/input0
[    1.445467] usb 1-2: new high-speed USB device number 3 using xhci_hcd
[    1.571731] usb 1-2: New USB device found, idVendor=0627, idProduct=0001, bcdDevice= 0.00
[    1.572227] usb 1-2: New USB device strings: Mfr=1, Product=3, SerialNumber=10
[    1.572657] usb 1-2: Product: QEMU USB Tablet
[    1.572888] usb 1-2: Manufacturer: QEMU
[    1.573090] usb 1-2: SerialNumber: 28754-0000:00:03.0-2
[    1.574292] input: QEMU QEMU USB Tablet as /devices/pci0000:00/0000:00:03.0/usb1/1-2/1-2:1.0/0003:0627:0001.0002/input/input6
[    1.575001] hid-generic 0003:0627:0001.0002: input,hidraw1: USB HID v0.01 Mouse [QEMU QEMU USB Tablet] on usb-0000:00:03.0-2/input0
@@LOG kind=state socket-hup
@@LOG kind=state socket-hup
@@LOG kind=state socket-hup
@@LOG kind=state socket-hup
@@LOG kind=state socket-hup
@@LOG kind=state socket-hup
@@LOG kind=state socket-hup
@@LOG kind=state socket-hup
@@LOG kind=state socket-hup
@@LOG kind=state socket-hup
@@LOG kind=state socket-hup
@@LOG kind=state socket-hup
@@LOG kind=state socket-hup
@@LOG kind=state socket-hup
@@LOG kind=state socket-hup
@@LOG kind=state socket-hup
@@LOG kind=state socket-hup
@@LOG kind=state socket-hup
@@LOG kind=state socket-hup
@@LOG kind=state socket-hup
@@LOG kind=input KEY=30 STATE=1
@@LOG kind=state socket-hup
@@LOG kind=input KEY=30 STATE=0
@@LOG kind=input KEY=30 STATE=1
@@LOG kind=input KEY=30 STATE=0
@@LOG kind=state socket-hup
@@LOG kind=state socket-hup
@@LOG kind=state socket-hup
@@LOG kind=state socket-hup
@@LOG kind=state socket-hup
@@LOG kind=state socket-hup
@@LOG kind=state socket-hup
@@LOG kind=state socket-hup
@@LOG kind=state socket-hup
@@LOG kind=state socket-hup
@@LOG kind=state socket-hup
@@LOG kind=state socket-hup
@@LOG kind=state socket-hup
@@LOG kind=state socket-hup
@@LOG kind=state socket-hup
@@LOG kind=state socket-hup
@@LOG kind=state socket-hup
@@LOG kind=state socket-hup
@@LOG kind=state socket-hup
@@LOG kind=state socket-hup
@@LOG kind=state socket-hup
@@LOG kind=state socket-hup
@@LOG kind=state socket-hup
@@LOG kind=state socket-hup
@@LOG kind=state socket-hup
@@LOG kind=state socket-hup
@@LOG kind=state socket-hup
@@LOG kind=state socket-hup
@@LOG kind=state socket-hup
@@LOG kind=state socket-hup
@@LOG kind=state socket-hup
@@LOG kind=state socket-hup
@@LOG kind=state socket-hup
@@LOG kind=state socket-hup
@@LOG kind=state socket-hup
@@LOG kind=state socket-hup
@@LOG kind=state socket-hup
@@LOG kind=state socket-hup
@@LOG kind=state socket-hup
@@LOG kind=state socket-hup
@@LOG kind=state socket-hup
@@LOG kind=state socket-hup
@@LOG kind=state socket-hup
@@LOG kind=state socket-hup
@@LOG kind=state socket-hup
@@LOG kind=state socket-hup
@@LOG kind=state socket-hup
@@LOG kind=state socket-hup
@@LOG kind=state socket-hup
@@LOG kind=state socket-hup
@@LOG kind=state socket-hup
@@LOG kind=state socket-hup
@@LOG kind=state socket-hup
@@LOG kind=state socket-hup
@@LOG kind=state socket-hup
@@LOG kind=state socket-hup
@@LOG kind=state socket-hup
@@LOG kind=state socket-hup
@@LOG kind=state socket-hup
@@LOG kind=state socket-hup
@@LOG kind=state socket-hup
@@LOG kind=state socket-hup
@@LOG kind=state socket-hup
@@LOG kind=state socket-hup
@@LOG kind=state socket-hup
@@LOG kind=state socket-hup
@@LOG kind=state socket-hup
@@LOG kind=state socket-hup
@@LOG kind=state socket-hup
@@LOG kind=state socket-hup
@@LOG kind=state socket-hup
@@LOG kind=state socket-hup
@@LOG kind=state socket-hup
@@LOG kind=state socket-hup
@@LOG kind=state socket-hup
@@LOG kind=state socket-hup
@@LOG kind=state socket-hup
@@LOG kind=state socket-hup
@@LOG kind=state socket-hup
@@LOG kind=state socket-hup
@@LOG kind=state socket-hup
@@LOG kind=state socket-hup
@@LOG kind=state socket-hup
@@LOG kind=state socket-hup
@@LOG kind=state socket-hup
@@LOG kind=state socket-hup
@@LOG kind=state socket-hup
@@LOG kind=state socket-hup
@@LOG kind=state socket-hup
@@LOG kind=state socket-hup
@@LOG kind=state socket-hup
@@LOG kind=state socket-hup
@@LOG kind=state socket-hup
@@LOG kind=state socket-hup
@@LOG kind=state socket-hup
@@LOG kind=state socket-hup
@@LOG kind=state socket-hup
@@LOG kind=state socket-hup
@@LOG kind=state socket-hup
@@LOG kind=state socket-hup
@@LOG kind=state socket-hup
@@LOG kind=state socket-hup
@@LOG kind=state socket-hup
@@LOG kind=state socket-hup
@@LOG kind=state socket-hup
@@LOG kind=state socket-hup
@@LOG kind=state socket-hup
@@LOG kind=state socket-hup
@@LOG kind=state socket-hup
@@LOG kind=state socket-hup
@@LOG kind=state socket-hup
@@LOG kind=state socket-hup
@@LOG kind=state socket-hup
@@LOG kind=state socket-hup
@@LOG kind=state socket-hup
@@LOG kind=state socket-hup
@@LOG kind=state socket-hup
@@LOG kind=state socket-hup
@@LOG kind=state socket-hup
@@LOG kind=state socket-hup
@@LOG kind=state socket-hup
@@LOG kind=state socket-hup
@@LOG kind=state socket-hup
@@LOG kind=state socket-hup
@@LOG kind=state socket-hup
@@LOG kind=state socket-hup
@@LOG kind=state socket-hup
@@LOG kind=state socket-hup
@@LOG kind=state socket-hup
@@LOG kind=state socket-hup
@@LOG kind=state socket-hup
@@LOG kind=state socket-hup
@@LOG kind=state socket-hup
@@LOG kind=state socket-hup
@@LOG kind=state socket-hup
@@LOG kind=state socket-hup
@@LOG kind=state socket-hup
@@LOG kind=state socket-hup
@@LOG kind=state socket-hup
@@LOG kind=state socket-hup
@@LOG kind=state socket-hup
@@LOG kind=state socket-hup
@@LOG kind=state socket-hup
@@LOG kind=state socket-hup
@@LOG kind=state socket-hup
@@LOG kind=state socket-hup
@@LOG kind=state socket-hup
@@LOG kind=state socket-hup
@@LOG kind=state socket-hup
@@LOG kind=state socket-hup
@@LOG kind=state socket-hup
@@LOG kind=state socket-hup
@@LOG kind=state socket-hup
@@LOG kind=state socket-hup
@@LOG kind=state socket-hup
@@LOG kind=state socket-hup
@@LOG kind=state socket-hup
@@LOG kind=state socket-hup
@@LOG kind=state socket-hup
@@LOG kind=state socket-hup
@@LOG kind=state socket-hup
@@LOG kind=state socket-hup
@@LOG kind=state socket-hup
@@LOG kind=state socket-hup
@@LOG kind=state socket-hup
@@LOG kind=state socket-hup
@@LOG kind=state socket-hup
@@LOG kind=state socket-hup
@@LOG kind=state socket-hup
@@LOG kind=state socket-hup
@@LOG kind=state socket-hup
@@LOG kind=state socket-hup
@@LOG kind=state socket-hup
@@LOG kind=state socket-hup
@@LOG kind=state socket-hup
@@LOG kind=state socket-hup
@@LOG kind=state socket-hup
@@LOG kind=state socket-hup
@@LOG kind=state socket-hup
@@LOG kind=state socket-hup
@@LOG kind=state socket-hup
@@LOG kind=state socket-hup
@@LOG kind=state socket-hup
@@LOG kind=state socket-hup
@@LOG kind=state socket-hup
@@LOG kind=state socket-hup
@@LOG kind=state socket-hup
@@LOG kind=state socket-hup
@@LOG kind=state socket-hup
@@LOG kind=state socket-hup
@@LOG kind=state socket-hup
@@LOG kind=state socket-hup
@@LOG kind=state socket-hup
@@LOG kind=state socket-hup
@@LOG kind=state socket-hup
@@LOG kind=state socket-hup
@@LOG kind=state socket-hup
@@LOG kind=state socket-hup
@@LOG kind=state socket-hup
@@LOG kind=state socket-hup
@@LOG kind=state socket-hup
@@LOG kind=state socket-hup
@@LOG kind=state socket-hup
@@LOG kind=state socket-hup
@@LOG kind=state socket-hup
@@LOG kind=state socket-hup
@@LOG kind=state socket-hup
@@LOG kind=state socket-hup
@@LOG kind=state socket-hup
@@LOG kind=state socket-hup
@@LOG kind=state socket-hup
@@LOG kind=state socket-hup
@@LOG kind=state socket-hup
@@LOG kind=state socket-hup
@@LOG kind=state socket-hup
@@LOG kind=state socket-hup
@@LOG kind=state socket-hup
@@LOG kind=state socket-hup
@@LOG kind=state socket-hup
@@LOG kind=state socket-hup
@@LOG kind=state socket-hup
@@LOG kind=state socket-hup
@@LOG kind=state socket-hup
@@LOG kind=state socket-hup
@@LOG kind=state socket-hup
@@LOG kind=state socket-hup
@@LOG kind=state socket-hup
@@LOG kind=state socket-hup
@@LOG kind=state socket-hup
@@LOG kind=state socket-hup
@@LOG kind=state socket-hup
@@LOG kind=state socket-hup
@@LOG kind=state socket-hup
@@LOG kind=state socket-hup
@@LOG kind=state socket-hup
@@LOG kind=state socket-hup
@@LOG kind=state socket-hup
@@LOG kind=state socket-hup
@@LOG kind=state socket-hup
@@LOG kind=state socket-hup
@@LOG kind=state socket-hup
@@LOG kind=state socket-hup
@@LOG kind=state socket-hup
@@LOG kind=state socket-hup
@@LOG kind=state socket-hup
@@LOG kind=state socket-hup
@@LOG kind=state socket-hup
@@LOG kind=state socket-hup
@@LOG kind=state socket-hup
@@LOG kind=state socket-hup
@@LOG kind=state socket-hup
@@LOG kind=state socket-hup
@@LOG kind=state socket-hup
@@LOG kind=state socket-hup
@@LOG kind=state socket-hup
@@LOG kind=state socket-hup
@@LOG kind=state socket-hup
@@LOG kind=state socket-hup
@@LOG kind=state socket-hup
@@LOG kind=state socket-hup
@@LOG kind=state socket-hup
@@LOG kind=state socket-hup
@@LOG kind=state socket-hup
@@LOG kind=state socket-hup
@@LOG kind=state socket-hup
@@LOG kind=state socket-hup
@@LOG kind=state socket-hup
@@LOG kind=state socket-hup
@@LOG kind=state socket-hup
@@LOG kind=state socket-hup
@@LOG kind=state socket-hup
@@LOG kind=state socket-hup
@@LOG kind=state socket-hup
@@LOG kind=state socket-hup
@@LOG kind=state socket-hup
@@LOG kind=state socket-hup
@@LOG kind=state socket-hup
@@LOG kind=state socket-hup
@@LOG kind=state socket-hup
@@LOG kind=state socket-hup
@@LOG kind=state socket-hup
@@LOG kind=state socket-hup
@@LOG kind=state socket-hup
@@LOG kind=state socket-hup
@@LOG kind=state socket-hup
@@LOG kind=state socket-hup
@@LOG kind=state socket-hup
@@LOG kind=state socket-hup
@@LOG kind=state socket-hup
@@LOG kind=state socket-hup
@@LOG kind=state socket-hup
@@LOG kind=state socket-hup
@@LOG kind=state socket-hup
@@LOG kind=state socket-hup
@@LOG kind=state socket-hup
@@LOG kind=state socket-hup
@@LOG kind=state socket-hup
@@LOG kind=state socket-hup
@@LOG kind=state socket-hup
@@LOG kind=state socket-hup
@@LOG kind=state socket-hup
@@LOG kind=state socket-hup
@@LOG kind=state socket-hup
@@LOG kind=state socket-hup
@@LOG kind=state socket-hup
@@LOG kind=state socket-hup
@@LOG kind=state socket-hup
@@LOG kind=state socket-hup
@@LOG kind=state socket-hup
@@LOG kind=state socket-hup
@@LOG kind=state socket-hup
@@LOG kind=state socket-hup
@@LOG kind=state socket-hup
@@LOG kind=state socket-hup
@@LOG kind=state socket-hup
@@LOG kind=state socket-hup
@@LOG kind=state socket-hup
@@LOG kind=state socket-hup
@@LOG kind=state socket-hup
@@LOG kind=state socket-hup
@@LOG kind=state socket-hup
@@LOG kind=state socket-hup
@@LOG kind=state socket-hup
@@LOG kind=state socket-hup
@@LOG kind=state socket-hup
@@LOG kind=state socket-hup
@@LOG kind=state socket-hup
@@LOG kind=state socket-hup
@@LOG kind=state socket-hup
@@LOG kind=state socket-hup
@@LOG kind=state socket-hup
@@LOG kind=state socket-hup
@@LOG kind=state socket-hup
@@LOG kind=state socket-hup
@@LOG kind=state socket-hup
@@LOG kind=state socket-hup
@@LOG kind=state socket-hup
@@LOG kind=state socket-hup
@@LOG kind=state socket-hup
@@LOG kind=state socket-hup
@@LOG kind=state socket-hup
@@LOG kind=state socket-hup
@@LOG kind=state socket-hup
@@LOG kind=state socket-hup
@@LOG kind=state socket-hup
@@LOG kind=state socket-hup
@@LOG kind=state socket-hup
@@LOG kind=state socket-hup
@@LOG kind=state socket-hup
@@LOG kind=state socket-hup
@@LOG kind=state socket-hup
@@LOG kind=state socket-hup
@@LOG kind=state socket-hup
@@LOG kind=state socket-hup
@@LOG kind=state socket-hup
@@LOG kind=state socket-hup
@@LOG kind=state socket-hup
@@LOG kind=state socket-hup
@@LOG kind=state socket-hup
@@LOG kind=state socket-hup
@@LOG kind=state socket-hup
@@LOG kind=state socket-hup
@@LOG kind=state socket-hup
@@LOG kind=state socket-hup
@@LOG kind=state socket-hup
@@LOG kind=state socket-hup
@@LOG kind=state socket-hup
@@LOG kind=state socket-hup
@@LOG kind=state socket-hup
@@LOG kind=state socket-hup
@@LOG kind=state socket-hup
@@LOG kind=state socket-hup
@@LOG kind=state socket-hup
@@LOG kind=state socket-hup
@@LOG kind=state socket-hup
@@LOG kind=state socket-hup
@@LOG kind=state socket-hup
@@LOG kind=state socket-hup
@@LOG kind=state socket-hup
@@LOG kind=state socket-hup
@@LOG kind=state socket-hup
@@LOG kind=state socket-hup
@@LOG kind=state socket-hup
@@LOG kind=state socket-hup
@@LOG kind=state socket-hup
@@LOG kind=state socket-hup
@@LOG kind=state socket-hup
@@LOG kind=state socket-hup
@@LOG kind=state socket-hup
@@LOG kind=state socket-hup
@@LOG kind=state socket-hup
@@LOG kind=state socket-hup
@@LOG kind=state socket-hup
@@LOG kind=state socket-hup
@@LOG kind=state socket-hup
@@LOG kind=state socket-hup
@@LOG kind=state socket-hup
@@LOG kind=state socket-hup
@@LOG kind=state socket-hup
@@LOG kind=state socket-hup
@@LOG kind=state socket-hup
@@LOG kind=state socket-hup
@@LOG kind=state socket-hup
@@LOG kind=state socket-hup
@@LOG kind=state socket-hup
@@LOG kind=state socket-hup
@@LOG kind=state socket-hup
@@LOG kind=state socket-hup
@@LOG kind=state socket-hup
