[    0.000000] Linux version 6.8.0-101-generic (buildd@lcy02-amd64-051) (x86_64-linux-gnu-gcc-13 (Ubuntu 13.3.0-6ubuntu2~24.04) 13.3.0, GNU ld (GNU Binutils for Ubuntu) 2.42) #101-Ubuntu SMP PREEMPT_DYNAMIC Mon Feb  9 10:15:05 UTC 2026 (Ubuntu 6.8.0-101.101-generic 6.8.12)
[    0.000000] Command line: console=ttyS0 panic=-1 no_console_suspend rdinit=/init phase3_client=weston-simple-shm display_probe=1 phase3_runtime_seconds=35 phase3_suspend_delay_seconds=10 phase3_wake_seconds=5 phase3_pm_test=devices phase3_drm_state_capture=1 phase3_drm_state_capture_pre_delay_seconds=4 phase3_drm_state_capture_post_delay_seconds=11
[    0.000000] KERNEL supported cpus:
[    0.000000]   Intel GenuineIntel
[    0.000000]   AMD AuthenticAMD
[    0.000000]   Hygon HygonGenuine
[    0.000000]   Centaur CentaurHauls
[    0.000000]   zhaoxin   Shanghai  
[    0.000000] BIOS-provided physical RAM map:
[    0.000000] BIOS-e820: [mem 0x0000000000000000-0x000000000009fbff] usable
[    0.000000] BIOS-e820: [mem 0x000000000009fc00-0x000000000009ffff] reserved
[    0.000000] BIOS-e820: [mem 0x00000000000f0000-0x00000000000fffff] reserved
[    0.000000] BIOS-e820: [mem 0x0000000000100000-0x000000007ffddfff] usable
[    0.000000] BIOS-e820: [mem 0x000000007ffde000-0x000000007fffffff] reserved
[    0.000000] BIOS-e820: [mem 0x00000000b0000000-0x00000000bfffffff] reserved
[    0.000000] BIOS-e820: [mem 0x00000000fed1c000-0x00000000fed1ffff] reserved
[    0.000000] BIOS-e820: [mem 0x00000000feffc000-0x00000000feffffff] reserved
[    0.000000] BIOS-e820: [mem 0x00000000fffc0000-0x00000000ffffffff] reserved
[    0.000000] NX (Execute Disable) protection: active
[    0.000000] APIC: Static calls initialized
[    0.000000] SMBIOS 3.0.0 present.
[    0.000000] DMI: QEMU Standard PC (Q35 + ICH9, 2009), BIOS 1.16.3-debian-1.16.3-2 04/01/2014
[    0.000000] Hypervisor detected: KVM
[    0.000000] kvm-clock: Using msrs 4b564d01 and 4b564d00
[    0.000000] kvm-clock: using sched offset of 265950614 cycles
[    0.000002] clocksource: kvm-clock: mask: 0xffffffffffffffff max_cycles: 0x1cd42e4dffb, max_idle_ns: 881590591483 ns
[    0.000004] tsc: Detected 2803.200 MHz processor
[    0.000287] last_pfn = 0x7ffde max_arch_pfn = 0x400000000
[    0.000321] MTRR map: 4 entries (3 fixed + 1 variable; max 19), built from 8 variable MTRRs
[    0.000324] x86/PAT: Configuration [0-7]: WB  WC  UC- UC  WB  WP  UC- WT  
[    0.004653] found SMP MP-table at [mem 0x000f5470-0x000f547f]
[    0.004669] Using GB pages for direct mapping
[    0.004731] RAMDISK: [mem 0x75de6000-0x7ffcffff]
[    0.004740] ACPI: Early table checksum verification disabled
[    0.004744] ACPI: RSDP 0x00000000000F52B0 000014 (v00 BOCHS )
[    0.004748] ACPI: RSDT 0x000000007FFE2304 000038 (v01 BOCHS  BXPC     00000001 BXPC 00000001)
[    0.004754] ACPI: FACP 0x000000007FFE20FC 0000F4 (v03 BOCHS  BXPC     00000001 BXPC 00000001)
[    0.004758] ACPI: DSDT 0x000000007FFE0040 0020BC (v01 BOCHS  BXPC     00000001 BXPC 00000001)
[    0.004761] ACPI: FACS 0x000000007FFE0000 000040
[    0.004763] ACPI: APIC 0x000000007FFE21F0 000078 (v03 BOCHS  BXPC     00000001 BXPC 00000001)
[    0.004765] ACPI: HPET 0x000000007FFE2268 000038 (v01 BOCHS  BXPC     00000001 BXPC 00000001)
[    0.004768] ACPI: MCFG 0x000000007FFE22A0 00003C (v01 BOCHS  BXPC     00000001 BXPC 00000001)
[    0.004770] ACPI: WAET 0x000000007FFE22DC 000028 (v01 BOCHS  BXPC     00000001 BXPC 00000001)
[    0.004772] ACPI: Reserving FACP table memory at [mem 0x7ffe20fc-0x7ffe21ef]
[    0.004773] ACPI: Reserving DSDT table memory at [mem 0x7ffe0040-0x7ffe20fb]
[    0.004773] ACPI: Reserving FACS table memory at [mem 0x7ffe0000-0x7ffe003f]
[    0.004774] ACPI: Reserving APIC table memory at [mem 0x7ffe21f0-0x7ffe2267]
[    0.004775] ACPI: Reserving HPET table memory at [mem 0x7ffe2268-0x7ffe229f]
[    0.004775] ACPI: Reserving MCFG table memory at [mem 0x7ffe22a0-0x7ffe22db]
[    0.004776] ACPI: Reserving WAET table memory at [mem 0x7ffe22dc-0x7ffe2303]
[    0.005007] No NUMA configuration found
[    0.005008] Faking a node at [mem 0x0000000000000000-0x000000007ffddfff]
[    0.005013] NODE_DATA(0) allocated [mem 0x75dbb000-0x75de5fff]
[    0.005123] Zone ranges:
[    0.005124]   DMA      [mem 0x0000000000001000-0x0000000000ffffff]
[    0.005125]   DMA32    [mem 0x0000000001000000-0x000000007ffddfff]
[    0.005127]   Normal   empty
[    0.005128]   Device   empty
[    0.005128] Movable zone start for each node
[    0.005130] Early memory node ranges
[    0.005130]   node   0: [mem 0x0000000000001000-0x000000000009efff]
[    0.005131]   node   0: [mem 0x0000000000100000-0x000000007ffddfff]
[    0.005132] Initmem setup node 0 [mem 0x0000000000001000-0x000000007ffddfff]
[    0.005353] On node 0, zone DMA: 1 pages in unavailable ranges
[    0.005363] On node 0, zone DMA: 97 pages in unavailable ranges
[    0.009615] On node 0, zone DMA32: 34 pages in unavailable ranges
[    0.009853] ACPI: PM-Timer IO Port: 0x608
[    0.009864] ACPI: LAPIC_NMI (acpi_id[0xff] dfl dfl lint[0x1])
[    0.009895] IOAPIC[0]: apic_id 0, version 17, address 0xfec00000, GSI 0-23
[    0.009897] ACPI: INT_SRC_OVR (bus 0 bus_irq 0 global_irq 2 dfl dfl)
[    0.009898] ACPI: INT_SRC_OVR (bus 0 bus_irq 5 global_irq 5 high level)
[    0.009899] ACPI: INT_SRC_OVR (bus 0 bus_irq 9 global_irq 9 high level)
[    0.009900] ACPI: INT_SRC_OVR (bus 0 bus_irq 10 global_irq 10 high level)
[    0.009901] ACPI: INT_SRC_OVR (bus 0 bus_irq 11 global_irq 11 high level)
[    0.009904] ACPI: Using ACPI (MADT) for SMP configuration information
[    0.009905] ACPI: HPET id: 0x8086a201 base: 0xfed00000
[    0.009909] TSC deadline timer available
[    0.009909] smpboot: Allowing 1 CPUs, 0 hotplug CPUs
[    0.009926] kvm-guest: APIC: eoi() replaced with kvm_guest_apic_eoi_write()
[    0.009947] PM: hibernation: Registered nosave memory: [mem 0x00000000-0x00000fff]
[    0.009949] PM: hibernation: Registered nosave memory: [mem 0x0009f000-0x000fffff]
[    0.009950] [mem 0xc0000000-0xfed1bfff] available for PCI devices
[    0.009951] Booting paravirtualized kernel on KVM
[    0.009953] clocksource: refined-jiffies: mask: 0xffffffff max_cycles: 0xffffffff, max_idle_ns: 1910969940391419 ns
[    0.009960] setup_percpu: NR_CPUS:8192 nr_cpumask_bits:1 nr_cpu_ids:1 nr_node_ids:1
[    0.010258] percpu: Embedded 86 pages/cpu s229376 r8192 d114688 u2097152
[    0.010291] kvm-guest: PV spinlocks disabled, single CPU
[    0.010292] Kernel command line: console=ttyS0 panic=-1 no_console_suspend rdinit=/init phase3_client=weston-simple-shm display_probe=1 phase3_runtime_seconds=35 phase3_suspend_delay_seconds=10 phase3_wake_seconds=5 phase3_pm_test=devices phase3_drm_state_capture=1 phase3_drm_state_capture_pre_delay_seconds=4 phase3_drm_state_capture_post_delay_seconds=11
[    0.010420] Unknown kernel command line parameters "phase3_client=weston-simple-shm display_probe=1 phase3_runtime_seconds=35 phase3_suspend_delay_seconds=10 phase3_wake_seconds=5 phase3_pm_test=devices phase3_drm_state_capture=1 phase3_drm_state_capture_pre_delay_seconds=4 phase3_drm_state_capture_post_delay_seconds=11", will be passed to user space.
[    0.010463] random: crng init done
[    0.010724] Dentry cache hash table entries: 262144 (order: 9, 2097152 bytes, linear)
[    0.010792] Inode-cache hash table entries: 131072 (order: 8, 1048576 bytes, linear)
[    0.010824] Fallback order for Node 0: 0 
[    0.010827] Built 1 zonelists, mobility grouping on.  Total pages: 515806
[    0.010828] Policy zone: DMA32
[    0.010832] mem auto-init: stack:all(zero), heap alloc:on, heap free:off
[    0.014585] Memory: 1840196K/2096624K available (22528K kernel code, 4439K rwdata, 14400K rodata, 4920K init, 4788K bss, 256168K reserved, 0K cma-reserved)
[    0.015199] SLUB: HWalign=64, Order=0-3, MinObjects=0, CPUs=1, Nodes=1
[    0.015220] ftrace: allocating 58250 entries in 228 pages
[    0.022809] ftrace: allocated 228 pages with 4 groups
[    0.023591] Dynamic Preempt: voluntary
[    0.023849] rcu: Preemptible hierarchical RCU implementation.
[    0.023850] rcu: 	RCU restricting CPUs from NR_CPUS=8192 to nr_cpu_ids=1.
[    0.023852] 	Trampoline variant of Tasks RCU enabled.
[    0.023852] 	Rude variant of Tasks RCU enabled.
[    0.023852] 	Tracing variant of Tasks RCU enabled.
[    0.023853] rcu: RCU calculated value of scheduler-enlistment delay is 100 jiffies.
[    0.023853] rcu: Adjusting geometry for rcu_fanout_leaf=16, nr_cpu_ids=1
[    0.023860] RCU Tasks: Setting shift to 0 and lim to 1 rcu_task_cb_adjust=1 rcu_task_cpu_ids=1.
[    0.023861] RCU Tasks Rude: Setting shift to 0 and lim to 1 rcu_task_cb_adjust=1 rcu_task_cpu_ids=1.
[    0.023862] RCU Tasks Trace: Setting shift to 0 and lim to 1 rcu_task_cb_adjust=1 rcu_task_cpu_ids=1.
[    0.026411] NR_IRQS: 524544, nr_irqs: 256, preallocated irqs: 16
[    0.026604] rcu: srcu_init: Setting srcu_struct sizes based on contention.
[    0.026727] Console: colour *CGA 80x25
[    0.026755] printk: legacy console [ttyS0] enabled
[    0.078923] ACPI: Core revision 20230628
[    0.079297] clocksource: hpet: mask: 0xffffffff max_cycles: 0xffffffff, max_idle_ns: 19112604467 ns
[    0.079918] APIC: Switch to symmetric I/O mode setup
[    0.080418] x2apic enabled
[    0.080824] APIC: Switched APIC routing to: physical x2apic
[    0.082085] ..TIMER: vector=0x30 apic1=0 pin1=2 apic2=-1 pin2=-1
[    0.082538] clocksource: tsc-early: mask: 0xffffffffffffffff max_cycles: 0x28680fa287f, max_idle_ns: 440795281151 ns
[    0.083281] Calibrating delay loop (skipped) preset value.. 5606.40 BogoMIPS (lpj=2803200)
[    0.084318] x86/cpu: User Mode Instruction Prevention (UMIP) activated
[    0.084841] Last level iTLB entries: 4KB 0, 2MB 0, 4MB 0
[    0.085167] Last level dTLB entries: 4KB 0, 2MB 0, 4MB 0, 1GB 0
[    0.085284] Spectre V1 : Mitigation: usercopy/swapgs barriers and __user pointer sanitization
[    0.085831] Spectre V2 : Spectre BHI mitigation: SW BHB clearing on vm exit
[    0.086287] Spectre V2 : Spectre BHI mitigation: SW BHB clearing on syscall
[    0.086725] Spectre V2 : Mitigation: Enhanced / Automatic IBRS
[    0.087278] Spectre V2 : Spectre v2 / PBRSB-eIBRS: Retire a single CALL on VMEXIT
[    0.087756] Spectre V2 : mitigation: Enabling conditional Indirect Branch Prediction Barrier
[    0.088279] Speculative Store Bypass: Mitigation: Speculative Store Bypass disabled via prctl
[    0.088838] ITS: WARNING: ITS mitigation depends on retpoline and rethunk support
[    0.089279] ITS: Vulnerable
[    0.089487] x86/fpu: Supporting XSAVE feature 0x001: 'x87 floating point registers'
[    0.089989] x86/fpu: Supporting XSAVE feature 0x002: 'SSE registers'
[    0.090279] x86/fpu: Supporting XSAVE feature 0x004: 'AVX registers'
[    0.090693] x86/fpu: Supporting XSAVE feature 0x020: 'AVX-512 opmask'
[    0.091278] x86/fpu: Supporting XSAVE feature 0x040: 'AVX-512 Hi256'
[    0.091698] x86/fpu: Supporting XSAVE feature 0x080: 'AVX-512 ZMM_Hi256'
[    0.092082] x86/fpu: Supporting XSAVE feature 0x200: 'Protection Keys User registers'
[    0.092279] x86/fpu: xstate_offset[2]:  576, xstate_sizes[2]:  256
[    0.092633] x86/fpu: xstate_offset[5]:  832, xstate_sizes[5]:   64
[    0.093278] x86/fpu: xstate_offset[6]:  896, xstate_sizes[6]:  512
[    0.093675] x86/fpu: xstate_offset[7]: 1408, xstate_sizes[7]: 1024
[    0.094076] x86/fpu: xstate_offset[9]: 2432, xstate_sizes[9]:    8
[    0.094278] x86/fpu: Enabled xstate features 0x2e7, context size is 2440 bytes, using 'compacted' format.
[    0.118205] Freeing SMP alternatives memory: 48K
[    0.118281] pid_max: default: 32768 minimum: 301
[    0.118627] LSM: initializing lsm=lockdown,capability,landlock,yama,apparmor,integrity
[    0.119288] landlock: Up and running.
[    0.119535] Yama: becoming mindful.
[    0.119797] AppArmor: AppArmor initialized
[    0.120091] Mount-cache hash table entries: 4096 (order: 3, 32768 bytes, linear)
[    0.120281] Mountpoint-cache hash table entries: 4096 (order: 3, 32768 bytes, linear)
[    0.121474] smpboot: CPU0: 11th Gen Intel(R) Core(TM) i7-1165G7 @ 2.80GHz (family: 0x6, model: 0x8c, stepping: 0x1)
[    0.122289] Performance Events: Icelake events, full-width counters, Intel PMU driver.
[    0.122913] ... version:                2
[    0.123185] ... bit width:              48
[    0.123280] ... generic registers:      8
[    0.123568] ... value mask:             0000ffffffffffff
[    0.123946] ... max period:             00007fffffffffff
[    0.124281] ... fixed-purpose events:   3
[    0.124547] ... event mask:             00000007000000ff
[    0.124981] signal: max sigframe size: 3632
[    0.125307] rcu: Hierarchical SRCU implementation.
[    0.125625] rcu: 	Max phase no-delay instances is 400.
[    0.126194] smp: Bringing up secondary CPUs ...
[    0.126288] smp: Brought up 1 node, 1 CPU
[    0.126552] smpboot: Max logical packages: 1
[    0.126915] smpboot: Total of 1 processors activated (5606.40 BogoMIPS)
[    0.127452] devtmpfs: initialized
[    0.127714] x86/mm: Memory block size: 128MB
[    0.128321] clocksource: jiffies: mask: 0xffffffff max_cycles: 0xffffffff, max_idle_ns: 1911260446275000 ns
[    0.128975] futex hash table entries: 256 (order: 2, 16384 bytes, linear)
[    0.129330] pinctrl core: initialized pinctrl subsystem
[    0.129821] PM: RTC time: 05:39:07, date: 2026-03-08
[    0.130743] NET: Registered PF_NETLINK/PF_ROUTE protocol family
[    0.131260] DMA: preallocated 256 KiB GFP_KERNEL pool for atomic allocations
[    0.131301] DMA: preallocated 256 KiB GFP_KERNEL|GFP_DMA pool for atomic allocations
[    0.131817] DMA: preallocated 256 KiB GFP_KERNEL|GFP_DMA32 pool for atomic allocations
[    0.132288] audit: initializing netlink subsys (disabled)
[    0.132747] thermal_sys: Registered thermal governor 'fair_share'
[    0.132748] thermal_sys: Registered thermal governor 'bang_bang'
[    0.133159] thermal_sys: Registered thermal governor 'step_wise'
[    0.133280] thermal_sys: Registered thermal governor 'user_space'
[    0.133622] thermal_sys: Registered thermal governor 'power_allocator'
[    0.133992] audit: type=2000 audit(1772948347.838:1): state=initialized audit_enabled=0 res=1
[    0.134788] cpuidle: using governor ladder
[    0.135026] cpuidle: using governor menu
[    0.135333] acpiphp: ACPI Hot Plug PCI Controller Driver version: 0.5
[    0.135813] PCI: ECAM [mem 0xb0000000-0xbfffffff] (base 0xb0000000) for domain 0000 [bus 00-ff]
[    0.136282] PCI: ECAM [mem 0xb0000000-0xbfffffff] reserved as E820 entry
[    0.136716] PCI: Using configuration type 1 for base access
[    0.137194] kprobes: kprobe jump-optimization is enabled. All kprobes are optimized if possible.
[    0.163888] HugeTLB: registered 1.00 GiB page size, pre-allocated 0 pages
[    0.164280] HugeTLB: 16380 KiB vmemmap can be freed for a 1.00 GiB page
[    0.164736] HugeTLB: registered 2.00 MiB page size, pre-allocated 0 pages
[    0.165167] HugeTLB: 28 KiB vmemmap can be freed for a 2.00 MiB page
[    0.165767] ACPI: Added _OSI(Module Device)
[    0.166039] ACPI: Added _OSI(Processor Device)
[    0.166280] ACPI: Added _OSI(Processor Aggregator Device)
[    0.167377] ACPI: 1 ACPI AML tables successfully acquired and loaded
[    0.168314] ACPI: _OSC evaluation for CPUs failed, trying _PDC
[    0.168760] ACPI: Interpreter enabled
[    0.168985] ACPI: PM: (supports S0 S3 S4 S5)
[    0.169235] ACPI: Using IOAPIC for interrupt routing
[    0.169331] PCI: Using host bridge windows from ACPI; if necessary, use "pci=nocrs" and report a bug
[    0.169932] PCI: Using E820 reservations for host bridge windows
[    0.170363] ACPI: Enabled 2 GPEs in block 00 to 3F
[    0.171925] ACPI: PCI Root Bridge [PCI0] (domain 0000 [bus 00-ff])
[    0.172283] acpi PNP0A08:00: _OSC: OS supports [ExtendedConfig ASPM ClockPM Segments MSI EDR HPX-Type3]
[    0.172867] acpi PNP0A08:00: _OSC: platform does not support [PCIeHotplug LTR DPC]
[    0.173326] acpi PNP0A08:00: _OSC: OS now controls [SHPCHotplug PME AER PCIeCapability]
[    0.173942] PCI host bridge to bus 0000:00
[    0.174211] pci_bus 0000:00: root bus resource [io  0x0000-0x0cf7 window]
[    0.174279] pci_bus 0000:00: root bus resource [io  0x0d00-0xffff window]
[    0.174673] pci_bus 0000:00: root bus resource [mem 0x000a0000-0x000bffff window]
[    0.175122] pci_bus 0000:00: root bus resource [mem 0x80000000-0xafffffff window]
[    0.175279] pci_bus 0000:00: root bus resource [mem 0xc0000000-0xfebfffff window]
[    0.175740] pci_bus 0000:00: root bus resource [mem 0x100000000-0x8ffffffff window]
[    0.176172] pci_bus 0000:00: root bus resource [bus 00-ff]
[    0.176313] pci 0000:00:00.0: [8086:29c0] type 00 class 0x060000 conventional PCI endpoint
[    0.177136] pci 0000:00:01.0: [1af4:1000] type 00 class 0x020000 conventional PCI endpoint
[    0.177935] pci 0000:00:01.0: BAR 0 [io  0xc040-0xc05f]
[    0.178298] pci 0000:00:01.0: BAR 4 [mem 0xfebf8000-0xfebfbfff 64bit pref]
[    0.178705] pci 0000:00:01.0: ROM [mem 0xfeb00000-0xfeb7ffff pref]
[    0.179449] pci 0000:00:02.0: [1af4:1050] type 00 class 0x038000 conventional PCI endpoint
[    0.180549] pci 0000:00:02.0: BAR 1 [mem 0xfeb84000-0xfeb84fff]
[    0.180910] pci 0000:00:02.0: BAR 4 [mem 0xfebfc000-0xfebfffff 64bit pref]
[    0.181582] pci 0000:00:03.0: [1b36:000d] type 00 class 0x0c0330 PCIe Root Complex Integrated Endpoint
[    0.182452] pci 0000:00:03.0: BAR 0 [mem 0xfeb80000-0xfeb83fff 64bit]
[    0.189238] pci 0000:00:1f.0: [8086:2918] type 00 class 0x060100 conventional PCI endpoint
[    0.189509] pci 0000:00:1f.0: quirk: [io  0x0600-0x067f] claimed by ICH6 ACPI/GPIO/TCO
[    0.190187] pci 0000:00:1f.2: [8086:2922] type 00 class 0x010601 conventional PCI endpoint
[    0.190737] pci 0000:00:1f.2: BAR 4 [io  0xc060-0xc07f]
[    0.191076] pci 0000:00:1f.2: BAR 5 [mem 0xfeb85000-0xfeb85fff]
[    0.191456] pci 0000:00:1f.3: [8086:2930] type 00 class 0x0c0500 conventional PCI endpoint
[    0.192302] pci 0000:00:1f.3: BAR 4 [io  0x0700-0x073f]
[    0.192944] ACPI: PCI: Interrupt link LNKA configured for IRQ 10
[    0.193357] ACPI: PCI: Interrupt link LNKB configured for IRQ 10
[    0.193904] ACPI: PCI: Interrupt link LNKC configured for IRQ 11
[    0.194326] ACPI: PCI: Interrupt link LNKD configured for IRQ 11
[    0.194780] ACPI: PCI: Interrupt link LNKE configured for IRQ 10
[    0.195228] ACPI: PCI: Interrupt link LNKF configured for IRQ 10
[    0.195326] ACPI: PCI: Interrupt link LNKG configured for IRQ 11
[    0.195760] ACPI: PCI: Interrupt link LNKH configured for IRQ 11
[    0.196182] ACPI: PCI: Interrupt link GSIA configured for IRQ 16
[    0.196285] ACPI: PCI: Interrupt link GSIB configured for IRQ 17
[    0.196689] ACPI: PCI: Interrupt link GSIC configured for IRQ 18
[    0.197094] ACPI: PCI: Interrupt link GSID configured for IRQ 19
[    0.197285] ACPI: PCI: Interrupt link GSIE configured for IRQ 20
[    0.197687] ACPI: PCI: Interrupt link GSIF configured for IRQ 21
[    0.198084] ACPI: PCI: Interrupt link GSIG configured for IRQ 22
[    0.198286] ACPI: PCI: Interrupt link GSIH configured for IRQ 23
[    0.198901] iommu: Default domain type: Translated
[    0.199223] iommu: DMA domain TLB invalidation policy: lazy mode
[    0.199385] SCSI subsystem initialized
[    0.199673] ACPI: bus type USB registered
[    0.199960] usbcore: registered new interface driver usbfs
[    0.200283] usbcore: registered new interface driver hub
[    0.200661] usbcore: registered new device driver usb
[    0.201026] pps_core: LinuxPPS API ver. 1 registered
[    0.201279] pps_core: Software ver. 5.3.6 - Copyright 2005-2007 Rodolfo Giometti <giometti@linux.it>
[    0.201889] PTP clock support registered
[    0.202196] EDAC MC: Ver: 3.0.0
[    0.202591] NetLabel: Initializing
[    0.202891] NetLabel:  domain hash size = 128
[    0.203180] NetLabel:  protocols = UNLABELED CIPSOv4 CALIPSO
[    0.203294] NetLabel:  unlabeled traffic allowed by default
[    0.203729] mctp: management component transport protocol core
[    0.204115] NET: Registered PF_MCTP protocol family
[    0.204284] PCI: Using ACPI for IRQ routing
[    0.291518] vgaarb: loaded
[    0.291807] hpet0: at MMIO 0xfed00000, IRQs 2, 8, 0
[    0.292115] hpet0: 3 comparators, 64-bit 100.000000 MHz counter
[    0.296305] clocksource: Switched to clocksource kvm-clock
[    0.297178] VFS: Disk quotas dquot_6.6.0
[    0.297462] VFS: Dquot-cache hash table entries: 512 (order 0, 4096 bytes)
[    0.297990] AppArmor: AppArmor Filesystem Enabled
[    0.298288] pnp: PnP ACPI init
[    0.298573] system 00:05: [mem 0xb0000000-0xbfffffff window] has been reserved
[    0.299158] pnp: PnP ACPI: found 6 devices
[    0.304520] clocksource: acpi_pm: mask: 0xffffff max_cycles: 0xffffff, max_idle_ns: 2085701024 ns
[    0.305141] NET: Registered PF_INET protocol family
[    0.305633] IP idents hash table entries: 32768 (order: 6, 262144 bytes, linear)
[    0.315854] tcp_listen_portaddr_hash hash table entries: 1024 (order: 2, 16384 bytes, linear)
[    0.316458] Table-perturb hash table entries: 65536 (order: 6, 262144 bytes, linear)
[    0.317015] TCP established hash table entries: 16384 (order: 5, 131072 bytes, linear)
[    0.317712] TCP bind hash table entries: 16384 (order: 7, 524288 bytes, linear)
[    0.318239] TCP: Hash tables configured (established 16384 bind 16384)
[    0.318729] MPTCP token hash table entries: 2048 (order: 3, 49152 bytes, linear)
[    0.319228] UDP hash table entries: 1024 (order: 3, 32768 bytes, linear)
[    0.319676] UDP-Lite hash table entries: 1024 (order: 3, 32768 bytes, linear)
[    0.320179] NET: Registered PF_UNIX/PF_LOCAL protocol family
[    0.320552] NET: Registered PF_XDP protocol family
[    0.320885] pci_bus 0000:00: resource 4 [io  0x0000-0x0cf7 window]
[    0.321240] pci_bus 0000:00: resource 5 [io  0x0d00-0xffff window]
[    0.321594] pci_bus 0000:00: resource 6 [mem 0x000a0000-0x000bffff window]
[    0.322038] pci_bus 0000:00: resource 7 [mem 0x80000000-0xafffffff window]
[    0.322501] pci_bus 0000:00: resource 8 [mem 0xc0000000-0xfebfffff window]
[    0.322961] pci_bus 0000:00: resource 9 [mem 0x100000000-0x8ffffffff window]
[    0.323608] ACPI: \_SB_.GSIH: Enabled at IRQ 23
[    0.324353] PCI: CLS 0 bytes, default 64
[    0.324714] Trying to unpack rootfs image as initramfs...
[    0.325810] clocksource: tsc: mask: 0xffffffffffffffff max_cycles: 0x28680fa287f, max_idle_ns: 440795281151 ns
[    0.327839] Initialise system trusted keyrings
[    0.328113] Key type blacklist registered
[    0.328691] workingset: timestamp_bits=36 max_order=19 bucket_order=0
[    0.329138] zbud: loaded
[    0.330836] squashfs: version 4.0 (2009/01/31) Phillip Lougher
[    0.331308] fuse: init (API version 7.39)
[    0.332823] integrity: Platform Keyring initialized
[    0.333155] integrity: Machine keyring initialized
[    0.346808] Key type asymmetric registered
[    0.347108] Asymmetric key parser 'x509' registered
[    0.347446] Block layer SCSI generic (bsg) driver version 0.4 loaded (major 243)
[    0.348843] io scheduler mq-deadline registered
[    0.349756] shpchp: Standard Hot Plug PCI Controller Driver version: 0.4
[    0.350276] input: Power Button as /devices/LNXSYSTM:00/LNXPWRBN:00/input/input0
[    0.352788] ACPI: button: Power Button [PWRF]
[    0.353339] ACPI: \_SB_.GSIF: Enabled at IRQ 21
[    0.354375] ACPI: \_SB_.GSIG: Enabled at IRQ 22
[    0.357806] Serial: 8250/16550 driver, 32 ports, IRQ sharing enabled
[    0.403865] 00:03: ttyS0 at I/O 0x3f8 (irq = 4, base_baud = 115200) is a 16550A
[    0.406741] Linux agpgart interface v0.103
[    0.409980] loop: module loaded
[    0.410349] ACPI: bus type drm_connector registered
[    0.410823] tun: Universal TUN/TAP device driver, 1.6
[    0.412803] PPP generic driver version 2.4.2
[    0.413197] i8042: PNP: PS/2 Controller [PNP0303:KBD,PNP0f13:MOU] at 0x60,0x64 irq 1,12
[    0.415167] serio: i8042 KBD port at 0x60,0x64 irq 1
[    0.415515] serio: i8042 AUX port at 0x60,0x64 irq 12
[    0.417818] mousedev: PS/2 mouse device common for all mice
[    0.418366] input: AT Translated Set 2 keyboard as /devices/platform/i8042/serio0/input/input1
[    0.419116] rtc_cmos 00:04: RTC can wake from S4
[    0.420861] rtc_cmos 00:04: registered as rtc0
[    0.421227] rtc_cmos 00:04: setting system clock to 2026-03-08T05:39:07 UTC (1772948347)
[    0.422775] rtc_cmos 00:04: alarms up to one day, y3k, 242 bytes nvram, hpet irqs
[    0.423235] i2c_dev: i2c /dev entries driver
[    0.423513] device-mapper: core: CONFIG_IMA_DISABLE_HTABLE is disabled. Duplicate IMA measurements will not be recorded in the IMA log.
[    0.425766] device-mapper: uevent: version 1.0.3
[    0.426080] device-mapper: ioctl: 4.48.0-ioctl (2023-03-01) initialised: dm-devel@redhat.com
[    0.426581] intel_pstate: CPU model not supported
[    0.427802] ledtrig-cpu: registered to indicate activity on CPUs
[    0.428218] drop_monitor: Initializing network drop monitor service
[    0.429709] NET: Registered PF_INET6 protocol family
[    1.790596] Freeing initrd memory: 165800K
[    1.791061] Segment Routing with IPv6
[    1.791305] In-situ OAM (IOAM) with IPv6
[    1.791574] NET: Registered PF_PACKET protocol family
[    1.791930] Key type dns_resolver registered
[    1.792359] IPI shorthand broadcast: enabled
[    1.793493] sched_clock: Marking stable (1739002412, 53667712)->(1801136902, -8466778)
[    1.794101] registered taskstats version 1
[    1.794413] Loading compiled-in X.509 certificates
[    1.795245] Loaded X.509 cert 'Build time autogenerated kernel key: 7f71bdefc17a4d88631555bf9efbb1c93d6f5260'
[    1.796252] Loaded X.509 cert 'Canonical Ltd. Live Patch Signing 2025 Kmod: d541cef61dc7e793b7eb7e899970a2eef0b5dc8c'
[    1.797305] Loaded X.509 cert 'Canonical Ltd. Live Patch Signing: 14df34d1a87cf37625abec039ef2bf521249b969'
[    1.798275] Loaded X.509 cert 'Canonical Ltd. Kernel Module Signing: 88f752e560a1e0737e31163a466ad7b70a850c19'
[    1.798974] blacklist: Loading compiled-in revocation X.509 certificates
[    1.799461] Loaded X.509 cert 'Canonical Ltd. Secure Boot Signing: 61482aa2830d0ab2ad5af10b7250da9033ddcef0'
[    1.800183] Loaded X.509 cert 'Canonical Ltd. Secure Boot Signing (2017): 242ade75ac4a15e50d50c84b0d45ff3eae707a03'
[    1.800950] Loaded X.509 cert 'Canonical Ltd. Secure Boot Signing (ESM 2018): 365188c1d374d6b07c3c8f240f8ef722433d6a8b'
[    1.801681] Loaded X.509 cert 'Canonical Ltd. Secure Boot Signing (2019): c0746fd6c5da3ae827864651ad66ae47fe24b3e8'
[    1.802424] Loaded X.509 cert 'Canonical Ltd. Secure Boot Signing (2021 v1): a8d54bbb3825cfb94fa13c9f8a594a195c107b8d'
[    1.803185] Loaded X.509 cert 'Canonical Ltd. Secure Boot Signing (2021 v2): 4cf046892d6fd3c9a5b03f98d845f90851dc6a8c'
[    1.803952] Loaded X.509 cert 'Canonical Ltd. Secure Boot Signing (2021 v3): 100437bb6de6e469b581e61cd66bce3ef4ed53af'
[    1.804716] Loaded X.509 cert 'Canonical Ltd. Secure Boot Signing (Ubuntu Core 2019): c1d57b8f6b743f23ee41f4f7ee292f06eecadfb9'
[    1.808703] Key type .fscrypt registered
[    1.809016] Key type fscrypt-provisioning registered
[    1.809496] Key type encrypted registered
[    1.809780] AppArmor: AppArmor sha256 policy hashing enabled
[    1.810150] ima: No TPM chip found, activating TPM-bypass!
[    1.810490] Loading compiled-in module X.509 certificates
[    1.811244] Loaded X.509 cert 'Build time autogenerated kernel key: 7f71bdefc17a4d88631555bf9efbb1c93d6f5260'
[    1.812007] ima: Allocated hash algorithm: sha256
[    1.812310] ima: No architecture policies found
[    1.812600] evm: Initialising EVM extended attributes:
[    1.812959] evm: security.selinux
[    1.813196] evm: security.SMACK64
[    1.813431] evm: security.SMACK64EXEC
[    1.813718] evm: security.SMACK64TRANSMUTE
[    1.813995] evm: security.SMACK64MMAP
[    1.814255] evm: security.apparmor
[    1.814497] evm: security.ima
[    1.814716] evm: security.capability
[    1.814950] evm: HMAC attrs: 0x1
[    1.815308] PM:   Magic number: 2:243:668
[    1.817526] RAS: Correctable Errors collector initialized.
[    1.818031] clk: Disabling unused clocks
[    1.824456] Freeing unused decrypted memory: 2028K
[    1.825230] Freeing unused kernel image (initmem) memory: 4920K
[    1.825536] Write protecting the kernel read-only data: 38912k
[    1.826201] Freeing unused kernel image (rodata/data gap) memory: 1984K
[    1.834872] x86/mm: Checked W+X mappings: passed, no W+X pages found.
[    1.835168] Run /init as init process
[init-phase3] booted
[init-phase3] loading module=/lib/modules/6.8.0-101-generic/kernel/drivers/virtio/virtio_dma_buf.ko
[init-phase3] loading module=/lib/modules/6.8.0-101-generic/kernel/drivers/gpu/drm/virtio/virtio-gpu.ko
[    1.844753] [drm] pci: virtio-gpu-pci detected at 0000:00:02.0
[    1.845139] [drm] features: -virgl +edid -resource_blob -host_visible
[    1.845153] [drm] features: -context_init
[    1.845984] [drm] number of scanouts: 1
[    1.846171] [drm] number of cap sets: 0
[    1.846532] [drm] Initialized virtio_gpu 0.1.0 0 for 0000:00:02.0 on minor 0
[    1.866796] Console: switching to colour frame buffer device 160x50
[    1.868565] virtio-pci 0000:00:02.0: [drm] fb0: virtio_gpudrmfb frame buffer device
[init-phase3] loading module=/lib/modules/6.8.0-101-generic/kernel/drivers/hid/hid.ko
[    1.874263] hid: raw HID events driver (C) Jiri Kosina
[init-phase3] loading module=/lib/modules/6.8.0-101-generic/kernel/drivers/hid/hid-generic.ko
[init-phase3] loading module=/lib/modules/6.8.0-101-generic/kernel/drivers/hid/usbhid/usbhid.ko
[    1.877202] usbcore: registered new interface driver usbhid
[    1.877453] usbhid: USB HID core driver
[init-phase3] loading module=/lib/modules/6.8.0-101-generic/kernel/drivers/hid/usbhid/usbkbd.ko
[    1.878640] usbcore: registered new interface driver usbkbd
[init-phase3] loading module=/lib/modules/6.8.0-101-generic/kernel/drivers/hid/usbhid/usbmouse.ko
[    1.879896] usbcore: registered new interface driver usbmouse
[init-phase3] loading module=/lib/modules/6.8.0-101-generic/kernel/drivers/input/mouse/psmouse.ko
[    1.883679] input: VirtualPS/2 VMware VMMouse as /devices/platform/i8042/serio1/input/input4
[    1.884198] input: VirtualPS/2 VMware VMMouse as /devices/platform/i8042/serio1/input/input3
[init-phase3] loading module=/lib/modules/6.8.0-101-generic/kernel/drivers/usb/host/xhci-pci-renesas.ko
[init-phase3] loading module=/lib/modules/6.8.0-101-generic/kernel/drivers/usb/host/xhci-pci.ko
[    1.887162] xhci_hcd 0000:00:03.0: xHCI Host Controller
[    1.887388] xhci_hcd 0000:00:03.0: new USB bus registered, assigned bus number 1
[    1.887876] xhci_hcd 0000:00:03.0: hcc params 0x00087001 hci version 0x100 quirks 0x0000000000000010
[    1.888615] xhci_hcd 0000:00:03.0: xHCI Host Controller
[    1.888895] xhci_hcd 0000:00:03.0: new USB bus registered, assigned bus number 2
[    1.889243] xhci_hcd 0000:00:03.0: Host supports USB 3.0 SuperSpeed
[    1.889603] usb usb1: New USB device found, idVendor=1d6b, idProduct=0002, bcdDevice= 6.08
[    1.890016] usb usb1: New USB device strings: Mfr=3, Product=2, SerialNumber=1
[    1.890325] usb usb1: Product: xHCI Host Controller
[    1.890528] usb usb1: Manufacturer: Linux 6.8.0-101-generic xhci-hcd
[    1.890805] usb usb1: SerialNumber: 0000:00:03.0
[    1.891075] hub 1-0:1.0: USB hub found
[    1.891250] hub 1-0:1.0: 4 ports detected
[    1.891517] usb usb2: We don't know the algorithms for LPM for this host, disabling LPM.
[    1.891869] usb usb2: New USB device found, idVendor=1d6b, idProduct=0003, bcdDevice= 6.08
[    1.892205] usb usb2: New USB device strings: Mfr=3, Product=2, SerialNumber=1
[    1.892527] usb usb2: Product: xHCI Host Controller
[    1.892766] usb usb2: Manufacturer: Linux 6.8.0-101-generic xhci-hcd
[    1.893028] usb usb2: SerialNumber: 0000:00:03.0
[    1.893257] hub 2-0:1.0: USB hub found
[    1.893429] hub 2-0:1.0: 4 ports detected
Starting systemd-udevd version 255.4-1ubuntu8.8
total 0
drwxr-xr-x    2 root     root            80 Mar  8 05:39 by-path
crw-rw----    1 root     video     226,   0 Mar  8 05:39 card0
crw-rw----    1 root     root      226, 128 Mar  8 05:39 renderD128
total 0
drwxr-xr-x    2 root     root           100 Mar  8 05:39 by-path
crw-rw----    1 root     input      13,  64 Mar  8 05:39 event0
crw-rw----    1 root     input      13,  65 Mar  8 05:39 event1
crw-rw----    1 root     input      13,  66 Mar  8 05:39 event2
crw-rw----    1 root     input      13,  67 Mar  8 05:39 event3
crw-rw----    1 root     input      13,  63 Mar  8 05:39 mice
crw-rw----    1 root     input      13,  32 Mar  8 05:39 mouse0
crw-rw----    1 root     input      13,  33 Mar  8 05:39 mouse1
[init-phase3] seatd pid=123
[init-phase3] weston pid=124
[init-phase3] wayland ready
Date: 2026-03-08 UTC
[05:39:09.013] weston 13.0.0
               https://wayland.freedesktop.org
               Bug reports to: https://gitlab.freedesktop.org/wayland/weston/issues/
               Build: 13.0.0
[05:39:09.013] Command line: /usr/bin/weston --backend=drm --renderer=pixman --shell=kiosk-shell.so --socket=wayland-1 --continue-without-input --log=/var/log/weston.log
[05:39:09.013] OS: Linux, 6.8.0-101-generic, #101-Ubuntu SMP PREEMPT_DYNAMIC Mon Feb  9 10:15:05 UTC 2026, x86_64
[05:39:09.013] Flight recorder: enabled
[05:39:09.014] Using config file '/etc/xdg/weston/weston.ini'
[05:39:09.014] Output repaint window is 7 ms maximum.
[05:39:09.014] Loading module '/usr/lib/x86_64-linux-gnu/libweston-13/drm-backend.so'
[05:39:09.014] initializing drm backend
[05:39:09.014] Trying libseat launcher...
[05:39:09.014] [libseat/libseat.c:62] Seat opened with backend 'seatd'
[05:39:09.014] [libseat/backend/seatd.c:212] Enabling seat
[05:39:09.014] libseat: session control granted
[05:39:09.015] using /dev/dri/card0
[05:39:09.015] DRM: supports atomic modesetting
[05:39:09.015] DRM: does not support GBM modifiers
[05:39:09.015] DRM: does not support async page flipping
[05:39:09.015] DRM: supports picture aspect ratio
[05:39:09.015] Using Pixman renderer
[05:39:09.016] event0  - Power Button: is tagged by udev as: Keyboard
[05:39:09.016] event0  - Power Button: device is a keyboard
[05:39:09.017] event1  - AT Translated Set 2 keyboard: is tagged by udev as: Keyboard
[05:39:09.017] event1  - AT Translated Set 2 keyboard: device is a keyboard
[05:39:09.017] event3  - VirtualPS/2 VMware VMMouse: is tagged by udev as: Mouse
[05:39:09.017] event3  - VirtualPS/2 VMware VMMouse: device is a pointer
[05:39:09.018] event2  - VirtualPS/2 VMware VMMouse: is tagged by udev as: Mouse
[05:39:09.018] event2  - VirtualPS/2 VMware VMMouse: device is a pointer
[05:39:09.020] libinput: configuring device "Power Button".
[05:39:09.020] libinput: configuring device "AT Translated Set 2 keyboard".
[05:39:09.020] libinput: configuring device "VirtualPS/2 VMware VMMouse".
[05:39:09.020] libinput: configuring device "VirtualPS/2 VMware VMMouse".
[05:39:09.020] input device event2 has no enabled output associated (none named), skipping calibration for now.
[05:39:09.020] DRM: head 'Virtual-1' found, connector 36 is connected, EDID make 'RHT', model 'QEMU Monitor', serial ''
               Supported EOTF modes: SDR
[05:39:09.021] Registered plugin API 'weston_drm_output_api_v1' of size 40
[05:39:09.021] Registered plugin API 'weston_drm_virtual_output_api_v2' of size 48
[05:39:09.021] Color manager: no-op
[05:39:09.021] Output 'Virtual-1' attempts EOTF mode: SDR
[05:39:09.021] Output 'Virtual-1' using color profile: stock sRGB color profile
[05:39:09.031] DRM: output Virtual-1 uses shadow framebuffer.
[05:39:09.031] Output Virtual-1 (crtc 35) video modes:
               1280x800@75.0, preferred, current, 107.3 MHz
               5120x2160@50.0 64:27, 742.5 MHz
               4096x2160@50.0 256:135, 594.0 MHz
               3840x2160@60.0 16:9, 594.0 MHz
               3840x2160@59.9 16:9, 593.4 MHz
               3840x2160@50.0 16:9, 594.0 MHz
               1920x1440@60.0, 234.0 MHz
               2560x1080@50.0 64:27, 185.6 MHz
               1856x1392@60.0, 218.2 MHz
               1792x1344@60.0, 204.8 MHz
               2048x1152@60.0, 162.0 MHz
               1920x1200@59.9, 193.2 MHz
               1920x1080@60.0, 148.5 MHz
               1920x1080@50.0 16:9, 148.5 MHz
               1600x1200@60.0, 162.0 MHz
               1680x1050@60.0, 146.2 MHz
               1400x1050@60.0, 121.8 MHz
               1280x1024@60.0, 108.0 MHz
               1440x900@59.9, 106.5 MHz
               1280x960@60.0, 108.0 MHz
               1360x768@60.0, 85.5 MHz
               1280x768@59.9, 79.5 MHz
               1024x768@60.0, 65.0 MHz
               800x600@60.3, 40.0 MHz
               640x480@60.0 4:3, 25.2 MHz
               640x480@59.9, 25.2 MHz
[05:39:09.031] associating input device event0 with output Virtual-1 (none by udev)
[05:39:09.031] associating input device event1 with output Virtual-1 (none by udev)
[05:39:09.031] associating input device event3 with output Virtual-1 (none by udev)
[05:39:09.031] associating input device event2 with output Virtual-1 (none by udev)
[05:39:09.031] Output 'Virtual-1' enabled with head(s) Virtual-1
[05:39:09.031] Compositor capabilities:
               arbitrary surface rotation: yes
               screen capture uses y-flip: no
               cursor planes: yes
               arbitrary resolutions: no
               view mask clipping: yes
               explicit sync: no
               color operations: no
               presentation clock: CLOCK_MONOTONIC, id 1
               presentation clock resolution: 0.000000001 s
[05:39:09.031] Loading module '/usr/lib/x86_64-linux-gnu/weston/kiosk-shell.so'
[init-phase3] display_probe pid=126
[init-phase3] launching client=weston-simple-shm url=about:blank runtime=35 suspend_delay=10 wake=5 pm_test=devices no_suspend=
[init-phase3] app pid=129 client=weston-simple-shm
[    2.130686] usb 1-1: new high-speed USB device number 2 using xhci_hcd
[    2.259945] usb 1-1: New USB device found, idVendor=0627, idProduct=0001, bcdDevice= 0.00
[    2.260323] usb 1-1: New USB device strings: Mfr=1, Product=4, SerialNumber=11
[    2.260636] usb 1-1: Product: QEMU USB Keyboard
[    2.260867] usb 1-1: Manufacturer: QEMU
[    2.261051] usb 1-1: SerialNumber: 68284-0000:00:03.0-1
[    2.262955] input: QEMU QEMU USB Keyboard as /devices/pci0000:00/0000:00:03.0/usb1/1-1/1-1:1.0/0003:0627:0001.0001/input/input5
[    2.314877] hid-generic 0003:0627:0001.0001: input,hidraw0: USB HID v1.11 Keyboard [QEMU QEMU USB Keyboard] on usb-0000:00:03.0-1/input0
[    2.430758] usb 1-2: new high-speed USB device number 3 using xhci_hcd
[    2.557958] usb 1-2: New USB device found, idVendor=0627, idProduct=0001, bcdDevice= 0.00
[    2.558423] usb 1-2: New USB device strings: Mfr=1, Product=3, SerialNumber=10
[    2.558825] usb 1-2: Product: QEMU USB Tablet
[    2.559067] usb 1-2: Manufacturer: QEMU
[    2.559280] usb 1-2: SerialNumber: 28754-0000:00:03.0-2
[    2.560122] input: QEMU QEMU USB Tablet as /devices/pci0000:00/0000:00:03.0/usb1/1-2/1-2:1.0/0003:0627:0001.0002/input/input6
[    2.561032] hid-generic 0003:0627:0001.0002: input,hidraw1: USB HID v0.01 Mouse [QEMU QEMU USB Tablet] on usb-0000:00:03.0-2/input0
[init-phase3] drm-state-capture tag=pre delay=4
@@DRMSTATE tag=pre card=0 base=/sys/kernel/debug/dri/0 files=state,framebuffer,clients,gem_names,name text_size=2624 gzip_size=803 sha256_txt=cb01acff76ad2c5fdff1416ec7c6f3d65b0b93eff7e1c25176857f2015a4139e compression=gzip
@@DRMSTATE_BEGIN tag=pre
H4sIAAAAAAAAA9VUXWvbMBR9tn+F6FNLSZHtfDWgl7UdFMYeSjc2QjGyLbvebMmT5DTtr9+V7Pgj
SaF9GasSC91zpat7j6RDCDT0+fbLDVKaaoaMTdyqoJytA+9hhexwgl0nljompjNGGpGp5zoOLQoR
w7oERc+IoCemtOCAS5bGouaa+GCkQpZUkx93/hQVudYFmzCe5JSjU7wNpoE/82fLM5hYiiRPcyYJ
3sIejspfGPH8Jd4usbEL+sykWsHIutb4Yeh1qlzHjwaceb4FRJoqpg3SmNEvGNvlDqcla9A+1cCa
QIPUBGMP44AtG8jkMcWXc9xs5ORlJSQUTbiwdkUzpsJasbAv2nE2Ja0GYLN0Q5ME6ttrDbuTSqiu
onP4uY6SPXrRzDXOdnh+MHAdKeAcc8EJHA83xBeQfTJ5MVHMPqIQEuiPgWqekdv7b5M79On+Yo49
9PMqupK7KZLyjBELwaGVuTlji7UTwjIrdRg/GiiByO2V8bsr47VX5pTXRXFmr8ywTjjicYldff9j
dSbtdTCD4nYvgHEaFczkQWOdb+xIsSIN4T5Jph7DFoaplg/VRYOJcNHZIHobYojEgnMWayHVGD2S
WxM/LKn6bWJ3KzvE8sF62+y+Qie7m3ayQosZ8vAiwBgZEHlzM5oHS+Qt/CWCOfBN4YMx2Hg7NR11
u63WwRyo+Z5LXdOiO/kdVWNanqi0rJR0C+CfGiSDJWFUxV2BqqIxI9cspXWhXddKErr5en2oU6SX
r1TCk47qNGWydQ6Q9TQwD/8VteoUABJ/q1aNpWpPqXqhOqJT+zI1VqmBSPUaNZaogUItEuweEag9
fToqT8fU6RVxGhHpvYVI/6MR2Ur9PyQyuDxC5DqN4E09fOQr2TL3Tia9dzK5LwqHr38gDXGRM65V
60DDFouypDxBSGd5ghK2QSCSGoJQcNYA2VbSLI/HCxFSjGrj9/wAegzfM9p11mzbYbLjfAaJZqwM
DcV9qsZqdgM+EUh+UoB3R/5B5P0Ag9g2UoNuQKdzEWZVbSq25K7M37/AqOY5SPIIO9hlEOov0nj/
vEAKAAA=
@@DRMSTATE_END tag=pre
[init-phase3] drm-state-capture tag=post delay=11
@@DRMSTATE tag=post card=0 base=/sys/kernel/debug/dri/0 files=state,framebuffer,clients,gem_names,name text_size=2624 gzip_size=803 sha256_txt=cb01acff76ad2c5fdff1416ec7c6f3d65b0b93eff7e1c25176857f2015a4139e compression=gzip
@@DRMSTATE_BEGIN tag=post
H4sIAAAAAAAAA9VUXWvbMBR9tn+F6FNLSZHtfDWgl7UdFMYeSjc2QjGyLbvebMmT5DTtr9+V7Pgj
SaF9GasSC91zpat7j6RDCDT0+fbLDVKaaoaMTdyqoJytA+9hhexwgl0nljompjNGGpGp5zoOLQoR
w7oERc+IoCemtOCAS5bGouaa+GCkQpZUkx93/hQVudYFmzCe5JSjU7wNpoE/82fLM5hYiiRPcyYJ
3sIejspfGPH8Jd4usbEL+sykWsHIutb4Yeh1qlzHjwaceb4FRJoqpg3SmNEvGNvlDqcla9A+1cCa
QIPUBGMP44AtG8jkMcWXc9xs5ORlJSQUTbiwdkUzpsJasbAv2nE2Ja0GYLN0Q5ME6ttrDbuTSqiu
onP4uY6SPXrRzDXOdnh+MHAdKeAcc8EJHA83xBeQfTJ5MVHMPqIQEuiPgWqekdv7b5M79On+Yo49
9PMqupK7KZLyjBELwaGVuTlji7UTwjIrdRg/GiiByO2V8bsr47VX5pTXRXFmr8ywTjjicYldff9j
dSbtdTCD4nYvgHEaFczkQWOdb+xIsSIN4T5Jph7DFoaplg/VRYOJcNHZIHobYojEgnMWayHVGD2S
WxM/LKn6bWJ3KzvE8sF62+y+Qie7m3ayQosZ8vAiwBgZEHlzM5oHS+Qt/CWCOfBN4YMx2Hg7NR11
u63WwRyo+Z5LXdOiO/kdVWNanqi0rJR0C+CfGiSDJWFUxV2BqqIxI9cspXWhXddKErr5en2oU6SX
r1TCk47qNGWydQ6Q9TQwD/8VteoUABJ/q1aNpWpPqXqhOqJT+zI1VqmBSPUaNZaogUItEuweEag9
fToqT8fU6RVxGhHpvYVI/6MR2Ur9PyQyuDxC5DqN4E09fOQr2TL3Tia9dzK5LwqHr38gDXGRM65V
60DDFouypDxBSGd5ghK2QSCSGoJQcNYA2VbSLI/HCxFSjGrj9/wAegzfM9p11mzbYbLjfAaJZqwM
DcV9qsZqdgM+EUh+UoB3R/5B5P0Ag9g2UoNuQKdzEWZVbSq25K7M37/AqOY5SPIIO9hlEOov0nj/
vEAKAAA=
@@DRMSTATE_END tag=post
[init-phase3] scheduling suspend args=--delay-seconds 10 --wake-seconds 5 --pm-test devices
@@LOG kind=state wakealarm_seconds=5
@@LOG kind=state state=SUSPENDING cycle=1
[   27.112363] PM: suspend entry (s2idle)
[   27.112598] Filesystems sync: 0.000 seconds
[   27.118318] Freezing user space processes
[   27.119587] Freezing user space processes completed (elapsed 0.001 seconds)
[   27.119975] OOM killer disabled.
[   27.120151] Freezing remaining freezable tasks
[   27.121443] Freezing remaining freezable tasks completed (elapsed 0.001 seconds)
[   27.228996] PM: suspend debug: Waiting for 5 second(s).
[   32.232814] xhci_hcd 0000:00:03.0: xHC error in resume, USBSTS 0x401, Reinit
[   32.233238] usb usb1: root hub lost power or was reset
[   32.233520] usb usb2: root hub lost power or was reset
[   32.494776] usb 1-2: reset high-speed USB device number 3 using xhci_hcd
[   32.735922] usb 1-1: reset high-speed USB device number 2 using xhci_hcd
[   32.862322] OOM killer enabled.
[   32.862542] Restarting tasks ... done.
[   32.863694] random: crng reseeded on system resumption
[   32.865089] PM: suspend exit
@@LOG kind=state state=RESUMED cycle=1 sleep_ms=5753 resume_gap_ms=5753
@@METRIC name=sleep_duration value_ms=5753 cycle=1
@@METRIC name=suspend_resume_gap value_ms=5753 cycle=1
[init-phase3] runtime limit reached, terminating client=weston-simple-shm
Terminated
@@DISPLAY sample=1 uptime_s=2.00 fb0=virtio_gpudrmfb_ proc_fb=0_virtio_gpudrmfb_ vt=vtcon0nameS_CGA_bind0__vtcon1nameM_frame_buffer_device_bind1__ drm=card0-Virtual-1statusconnected_enabledenabled_dpmsOn__
@@DISPLAY sample=2 uptime_s=3.02 fb0=virtio_gpudrmfb_ proc_fb=0_virtio_gpudrmfb_ vt=vtcon0nameS_CGA_bind0__vtcon1nameM_frame_buffer_device_bind1__ drm=card0-Virtual-1statusconnected_enabledenabled_dpmsOn__
@@DISPLAY sample=3 uptime_s=4.04 fb0=virtio_gpudrmfb_ proc_fb=0_virtio_gpudrmfb_ vt=vtcon0nameS_CGA_bind0__vtcon1nameM_frame_buffer_device_bind1__ drm=card0-Virtual-1statusconnected_enabledenabled_dpmsOn__
@@DISPLAY sample=4 uptime_s=5.05 fb0=virtio_gpudrmfb_ proc_fb=0_virtio_gpudrmfb_ vt=vtcon0nameS_CGA_bind0__vtcon1nameM_frame_buffer_device_bind1__ drm=card0-Virtual-1statusconnected_enabledenabled_dpmsOn__
@@DISPLAY sample=5 uptime_s=6.07 fb0=virtio_gpudrmfb_ proc_fb=0_virtio_gpudrmfb_ vt=vtcon0nameS_CGA_bind0__vtcon1nameM_frame_buffer_device_bind1__ drm=card0-Virtual-1statusconnected_enabledenabled_dpmsOn__
@@DISPLAY sample=6 uptime_s=7.09 fb0=virtio_gpudrmfb_ proc_fb=0_virtio_gpudrmfb_ vt=vtcon0nameS_CGA_bind0__vtcon1nameM_frame_buffer_device_bind1__ drm=card0-Virtual-1statusconnected_enabledenabled_dpmsOn__
@@DISPLAY sample=7 uptime_s=8.11 fb0=virtio_gpudrmfb_ proc_fb=0_virtio_gpudrmfb_ vt=vtcon0nameS_CGA_bind0__vtcon1nameM_frame_buffer_device_bind1__ drm=card0-Virtual-1statusconnected_enabledenabled_dpmsOn__
@@DISPLAY sample=8 uptime_s=9.12 fb0=virtio_gpudrmfb_ proc_fb=0_virtio_gpudrmfb_ vt=vtcon0nameS_CGA_bind0__vtcon1nameM_frame_buffer_device_bind1__ drm=card0-Virtual-1statusconnected_enabledenabled_dpmsOn__
@@DISPLAY sample=9 uptime_s=10.14 fb0=virtio_gpudrmfb_ proc_fb=0_virtio_gpudrmfb_ vt=vtcon0nameS_CGA_bind0__vtcon1nameM_frame_buffer_device_bind1__ drm=card0-Virtual-1statusconnected_enabledenabled_dpmsOn__
@@DISPLAY sample=10 uptime_s=11.15 fb0=virtio_gpudrmfb_ proc_fb=0_virtio_gpudrmfb_ vt=vtcon0nameS_CGA_bind0__vtcon1nameM_frame_buffer_device_bind1__ drm=card0-Virtual-1statusconnected_enabledenabled_dpmsOn__
@@DISPLAY sample=11 uptime_s=12.17 fb0=virtio_gpudrmfb_ proc_fb=0_virtio_gpudrmfb_ vt=vtcon0nameS_CGA_bind0__vtcon1nameM_frame_buffer_device_bind1__ drm=card0-Virtual-1statusconnected_enabledenabled_dpmsOn__
@@DISPLAY sample=12 uptime_s=13.19 fb0=virtio_gpudrmfb_ proc_fb=0_virtio_gpudrmfb_ vt=vtcon0nameS_CGA_bind0__vtcon1nameM_frame_buffer_device_bind1__ drm=card0-Virtual-1statusconnected_enabledenabled_dpmsOn__
@@DISPLAY sample=13 uptime_s=14.20 fb0=virtio_gpudrmfb_ proc_fb=0_virtio_gpudrmfb_ vt=vtcon0nameS_CGA_bind0__vtcon1nameM_frame_buffer_device_bind1__ drm=card0-Virtual-1statusconnected_enabledenabled_dpmsOn__
@@DISPLAY sample=14 uptime_s=15.22 fb0=virtio_gpudrmfb_ proc_fb=0_virtio_gpudrmfb_ vt=vtcon0nameS_CGA_bind0__vtcon1nameM_frame_buffer_device_bind1__ drm=card0-Virtual-1statusconnected_enabledenabled_dpmsOn__
@@DISPLAY sample=15 uptime_s=16.24 fb0=virtio_gpudrmfb_ proc_fb=0_virtio_gpudrmfb_ vt=vtcon0nameS_CGA_bind0__vtcon1nameM_frame_buffer_device_bind1__ drm=card0-Virtual-1statusconnected_enabledenabled_dpmsOn__
@@DISPLAY sample=16 uptime_s=17.26 fb0=virtio_gpudrmfb_ proc_fb=0_virtio_gpudrmfb_ vt=vtcon0nameS_CGA_bind0__vtcon1nameM_frame_buffer_device_bind1__ drm=card0-Virtual-1statusconnected_enabledenabled_dpmsOn__
@@DISPLAY sample=17 uptime_s=18.27 fb0=virtio_gpudrmfb_ proc_fb=0_virtio_gpudrmfb_ vt=vtcon0nameS_CGA_bind0__vtcon1nameM_frame_buffer_device_bind1__ drm=card0-Virtual-1statusconnected_enabledenabled_dpmsOn__
@@DISPLAY sample=18 uptime_s=19.29 fb0=virtio_gpudrmfb_ proc_fb=0_virtio_gpudrmfb_ vt=vtcon0nameS_CGA_bind0__vtcon1nameM_frame_buffer_device_bind1__ drm=card0-Virtual-1statusconnected_enabledenabled_dpmsOn__
@@DISPLAY sample=19 uptime_s=20.31 fb0=virtio_gpudrmfb_ proc_fb=0_virtio_gpudrmfb_ vt=vtcon0nameS_CGA_bind0__vtcon1nameM_frame_buffer_device_bind1__ drm=card0-Virtual-1statusconnected_enabledenabled_dpmsOn__
@@DISPLAY sample=20 uptime_s=21.33 fb0=virtio_gpudrmfb_ proc_fb=0_virtio_gpudrmfb_ vt=vtcon0nameS_CGA_bind0__vtcon1nameM_frame_buffer_device_bind1__ drm=card0-Virtual-1statusconnected_enabledenabled_dpmsOn__
@@DISPLAY sample=21 uptime_s=22.34 fb0=virtio_gpudrmfb_ proc_fb=0_virtio_gpudrmfb_ vt=vtcon0nameS_CGA_bind0__vtcon1nameM_frame_buffer_device_bind1__ drm=card0-Virtual-1statusconnected_enabledenabled_dpmsOn__
@@DISPLAY sample=22 uptime_s=23.36 fb0=virtio_gpudrmfb_ proc_fb=0_virtio_gpudrmfb_ vt=vtcon0nameS_CGA_bind0__vtcon1nameM_frame_buffer_device_bind1__ drm=card0-Virtual-1statusconnected_enabledenabled_dpmsOn__
@@DISPLAY sample=23 uptime_s=24.38 fb0=virtio_gpudrmfb_ proc_fb=0_virtio_gpudrmfb_ vt=vtcon0nameS_CGA_bind0__vtcon1nameM_frame_buffer_device_bind1__ drm=card0-Virtual-1statusconnected_enabledenabled_dpmsOn__
@@DISPLAY sample=24 uptime_s=25.39 fb0=virtio_gpudrmfb_ proc_fb=0_virtio_gpudrmfb_ vt=vtcon0nameS_CGA_bind0__vtcon1nameM_frame_buffer_device_bind1__ drm=card0-Virtual-1statusconnected_enabledenabled_dpmsOn__
@@DISPLAY sample=25 uptime_s=26.41 fb0=virtio_gpudrmfb_ proc_fb=0_virtio_gpudrmfb_ vt=vtcon0nameS_CGA_bind0__vtcon1nameM_frame_buffer_device_bind1__ drm=card0-Virtual-1statusconnected_enabledenabled_dpmsOn__
@@DISPLAY sample=26 uptime_s=32.81 fb0=virtio_gpudrmfb_ proc_fb=0_virtio_gpudrmfb_ vt=vtcon0nameS_CGA_bind0__vtcon1nameM_frame_buffer_device_bind1__ drm=card0-Virtual-1statusconnected_enabledenabled_dpmsOn__
@@DISPLAY sample=27 uptime_s=33.82 fb0=virtio_gpudrmfb_ proc_fb=0_virtio_gpudrmfb_ vt=vtcon0nameS_CGA_bind0__vtcon1nameM_frame_buffer_device_bind1__ drm=card0-Virtual-1statusconnected_enabledenabled_dpmsOn__
@@DISPLAY sample=28 uptime_s=34.83 fb0=virtio_gpudrmfb_ proc_fb=0_virtio_gpudrmfb_ vt=vtcon0nameS_CGA_bind0__vtcon1nameM_frame_buffer_device_bind1__ drm=card0-Virtual-1statusconnected_enabledenabled_dpmsOn__
@@DISPLAY sample=29 uptime_s=35.85 fb0=virtio_gpudrmfb_ proc_fb=0_virtio_gpudrmfb_ vt=vtcon0nameS_CGA_bind0__vtcon1nameM_frame_buffer_device_bind1__ drm=card0-Virtual-1statusconnected_enabledenabled_dpmsOn__
@@DISPLAY sample=30 uptime_s=36.86 fb0=virtio_gpudrmfb_ proc_fb=0_virtio_gpudrmfb_ vt=vtcon0nameS_CGA_bind0__vtcon1nameM_frame_buffer_device_bind1__ drm=card0-Virtual-1statusconnected_enabledenabled_dpmsOn__
@@DISPLAY sample=31 uptime_s=37.87 fb0=virtio_gpudrmfb_ proc_fb=0_virtio_gpudrmfb_ vt=vtcon0nameS_CGA_bind0__vtcon1nameM_frame_buffer_device_bind1__ drm=card0-Virtual-1statusconnected_enabledenabled_dpmsOn__
@@DISPLAY sample=32 uptime_s=38.88 fb0=virtio_gpudrmfb_ proc_fb=0_virtio_gpudrmfb_ vt=vtcon0nameS_CGA_bind0__vtcon1nameM_frame_buffer_device_bind1__ drm=card0-Virtual-1statusconnected_enabledenabled_dpmsOn__
@@DISPLAY sample=33 uptime_s=39.90 fb0=virtio_gpudrmfb_ proc_fb=0_virtio_gpudrmfb_ vt=vtcon0nameS_CGA_bind0__vtcon1nameM_frame_buffer_device_bind1__ drm=card0-Virtual-1statusconnected_enabledenabled_dpmsOn__
@@DISPLAY sample=34 uptime_s=40.91 fb0=virtio_gpudrmfb_ proc_fb=0_virtio_gpudrmfb_ vt=vtcon0nameS_CGA_bind0__vtcon1nameM_frame_buffer_device_bind1__ drm=card0-Virtual-1statusconnected_enabledenabled_dpmsOn__
@@DISPLAY sample=35 uptime_s=41.92 fb0=virtio_gpudrmfb_ proc_fb=0_virtio_gpudrmfb_ vt=vtcon0nameS_CGA_bind0__vtcon1nameM_frame_buffer_device_bind1__ drm=card0-Virtual-1statusconnected_enabledenabled_dpmsOn__
@@DISPLAY sample=36 uptime_s=42.93 fb0=virtio_gpudrmfb_ proc_fb=0_virtio_gpudrmfb_ vt=vtcon0nameS_CGA_bind0__vtcon1nameM_frame_buffer_device_bind1__ drm=card0-Virtual-1statusconnected_enabledenabled_dpmsOn__
@@DISPLAY sample=37 uptime_s=43.94 fb0=virtio_gpudrmfb_ proc_fb=0_virtio_gpudrmfb_ vt=vtcon0nameS_CGA_bind0__vtcon1nameM_frame_buffer_device_bind1__ drm=card0-Virtual-1statusconnected_enabledenabled_dpmsOn__
@@DISPLAY sample=38 uptime_s=44.96 fb0=virtio_gpudrmfb_ proc_fb=0_virtio_gpudrmfb_ vt=vtcon0nameS_CGA_bind0__vtcon1nameM_frame_buffer_device_bind1__ drm=card0-Virtual-1statusconnected_enabledenabled_dpmsOn__
@@DISPLAY sample=39 uptime_s=45.97 fb0=virtio_gpudrmfb_ proc_fb=0_virtio_gpudrmfb_ vt=vtcon0nameS_CGA_bind0__vtcon1nameM_frame_buffer_device_bind1__ drm=card0-Virtual-1statusconnected_enabledenabled_dpmsOn__
@@DISPLAY sample=40 uptime_s=46.98 fb0=virtio_gpudrmfb_ proc_fb=0_virtio_gpudrmfb_ vt=vtcon0nameS_CGA_bind0__vtcon1nameM_frame_buffer_device_bind1__ drm=card0-Virtual-1statusconnected_enabledenabled_dpmsOn__
@@DISPLAY sample=41 uptime_s=47.99 fb0=virtio_gpudrmfb_ proc_fb=0_virtio_gpudrmfb_ vt=vtcon0nameS_CGA_bind0__vtcon1nameM_frame_buffer_device_bind1__ drm=card0-Virtual-1statusconnected_enabledenabled_dpmsOn__
@@DISPLAY sample=42 uptime_s=49.01 fb0=virtio_gpudrmfb_ proc_fb=0_virtio_gpudrmfb_ vt=vtcon0nameS_CGA_bind0__vtcon1nameM_frame_buffer_device_bind1__ drm=card0-Virtual-1statusconnected_enabledenabled_dpmsOn__
@@DISPLAY sample=43 uptime_s=50.02 fb0=virtio_gpudrmfb_ proc_fb=0_virtio_gpudrmfb_ vt=vtcon0nameS_CGA_bind0__vtcon1nameM_frame_buffer_device_bind1__ drm=card0-Virtual-1statusconnected_enabledenabled_dpmsOn__
@@DISPLAY sample=44 uptime_s=51.03 fb0=virtio_gpudrmfb_ proc_fb=0_virtio_gpudrmfb_ vt=vtcon0nameS_CGA_bind0__vtcon1nameM_frame_buffer_device_bind1__ drm=card0-Virtual-1statusconnected_enabledenabled_dpmsOn__
